============================= test session starts =============================
platform win32 -- Python 3.13.9, pytest-8.4.1, pluggy-1.6.0 -- C:\Users\Chris\AppData\Local\Programs\Python\Python313\python.exe
cachedir: .pytest_cache
hypothesis profile 'default'
rootdir: C:\Users\Chris\PycharmProjects\objutils
configfile: pyproject.toml
plugins: anyio-4.10.0, hypothesis-6.136.0, typeguard-4.4.4
collecting ... collected 29 items

objutils/tests/test_elf.py::TestElfParserBasics::test_parser_creation PASSED [  3%]
objutils/tests/test_elf.py::TestElfParserBasics::test_parser_has_endianness PASSED [  6%]
objutils/tests/test_elf.py::TestElfParserBasics::test_parser_has_section_api PASSED [ 10%]
objutils/tests/test_elf.py::TestElfParserBasics::test_parser_has_symbol_api PASSED [ 13%]
objutils/tests/test_elf.py::TestElfParserBasics::test_header_properties_exist PASSED [ 17%]
objutils/tests/test_elf.py::TestElfParserBasics::test_machine_type_is_avr PASSED [ 20%]
objutils/tests/test_elf.py::TestElfParserBasics::test_entry_point_is_int PASSED [ 24%]
objutils/tests/test_elf.py::TestElfSections::test_can_fetch_all_sections PASSED [ 27%]
objutils/tests/test_elf.py::TestElfSections::test_sections_are_iterable PASSED [ 31%]
objutils/tests/test_elf.py::TestElfSections::test_can_get_section_by_name PASSED [ 34%]
objutils/tests/test_elf.py::TestElfSections::test_sections_have_standard_attributes PASSED [ 37%]
objutils/tests/test_elf.py::TestElfSymbols::test_can_fetch_symbols PASSED [ 41%]
objutils/tests/test_elf.py::TestElfSymbols::test_symbol_api_has_methods PASSED [ 44%]
objutils/tests/test_elf.py::TestMultipleElfFiles::test_parse_sample_files[avr.elf] PASSED [ 48%]
objutils/tests/test_elf.py::TestMultipleElfFiles::test_parse_sample_files[Test.elf] PASSED [ 51%]
objutils/tests/test_elf.py::TestMultipleElfFiles::test_parse_sample_files[hello_xcp.ino.elf] PASSED [ 55%]
objutils/tests/test_elf.py::TestElfDefs::test_can_import_defs PASSED     [ 58%]
objutils/tests/test_elf.py::TestElfDefs::test_defs_has_elf_types PASSED  [ 62%]
objutils/tests/test_elf.py::TestElfDefs::test_defs_has_machine_types PASSED [ 65%]
objutils/tests/test_elf.py::TestElfDefs::test_defs_has_section_types PASSED [ 68%]
objutils/tests/test_elf.py::TestElfModel::test_can_import_model PASSED   [ 72%]
objutils/tests/test_elf.py::TestElfModel::test_model_has_header_class PASSED [ 75%]
objutils/tests/test_elf.py::TestElfModel::test_model_has_section_class PASSED [ 79%]
objutils/tests/test_elf.py::TestElfModel::test_model_has_symbol_class PASSED [ 82%]
objutils/tests/test_elf.py::TestElfDatabase::test_parser_creates_database_file FAILED [ 86%]
objutils/tests/test_elf.py::TestElfDatabase::test_parser_has_session PASSED [ 89%]
objutils/tests/test_elf.py::TestElfImageCreation::test_can_create_image PASSED [ 93%]
objutils/tests/test_elf.py::TestElfDebugSections::test_debug_sections_method_exists PASSED [ 96%]
objutils/tests/test_elf.py::TestElfDebugSections::test_can_call_debug_sections FAILED [100%]

================================== FAILURES ===================================
______________ TestElfDatabase.test_parser_creates_database_file ______________
objutils\tests\test_elf.py:241: in test_parser_creates_database_file
    assert db_path.exists()
E   AssertionError: assert False
E    +  where False = exists()
E    +    where exists = WindowsPath('C:/Users/Chris/AppData/Local/Temp/tmp78p4qddv/test.elf.prgdb').exists

During handling of the above exception, another exception occurred:
..\..\AppData\Local\Programs\Python\Python313\Lib\shutil.py:625: in _rmtree_unsafe
    os.unlink(fullname)
E   PermissionError: [WinError 32] Der Prozess kann nicht auf die Datei zugreifen, da sie von einem anderen Prozess verwendet wird: 'C:\\Users\\Chris\\AppData\\Local\\Temp\\tmp78p4qddv\\test.elf'

During handling of the above exception, another exception occurred:
objutils\tests\test_elf.py:228: in test_parser_creates_database_file
    with tempfile.TemporaryDirectory() as tmpdir:
         ^^^^^^^^^^^^^^^^^^^^^^^^^^^^^
..\..\AppData\Local\Programs\Python\Python313\Lib\tempfile.py:951: in __exit__
    self.cleanup()
..\..\AppData\Local\Programs\Python\Python313\Lib\tempfile.py:955: in cleanup
    self._rmtree(self.name, ignore_errors=self._ignore_cleanup_errors)
..\..\AppData\Local\Programs\Python\Python313\Lib\tempfile.py:935: in _rmtree
    _shutil.rmtree(name, onexc=onexc)
..\..\AppData\Local\Programs\Python\Python313\Lib\shutil.py:790: in rmtree
    return _rmtree_unsafe(path, onexc)
           ^^^^^^^^^^^^^^^^^^^^^^^^^^^
..\..\AppData\Local\Programs\Python\Python313\Lib\shutil.py:629: in _rmtree_unsafe
    onexc(os.unlink, fullname, err)
..\..\AppData\Local\Programs\Python\Python313\Lib\tempfile.py:910: in onexc
    _os.unlink(path)
E   PermissionError: [WinError 32] Der Prozess kann nicht auf die Datei zugreifen, da sie von einem anderen Prozess verwendet wird: 'C:\\Users\\Chris\\AppData\\Local\\Temp\\tmp78p4qddv\\test.elf'
______________ TestElfDebugSections.test_can_call_debug_sections ______________
objutils\tests\test_elf.py:282: in test_can_call_debug_sections
    assert isinstance(debug_secs, (list, type(None)))
E   assert False
E    +  where False = isinstance(OrderedDict({'.debug_aranges': DebugInfo(section=Elf_Section(index = 7, sh_name = 92, sh_type = 1, sh_flags = 0, sh_addr = 0, sh_offset = 14736, sh_size = 304, sh_link = 0, sh_info = 0, sh_addralign = 8, sh_entsize = 0, section_name = '.debug_aranges', section_image = b',\x00\x00\x00\x02\x00\xf4\t\x00\x00\x04\x00\x00\x00\x00\x00\x10\x02\x00\x00\xe6\x1f\x00\x00\x8c#\x00\x00\x02\n\x00\x00\x8e-\x00\x00 \x00\x00\x00\x00\x00\x00\x00\x00\x00\x00\x00\x1c\x00\x00\x00\x02\x00\x96\x9b\x00\x00\x04\x00\x00\x00\x00\x00H5\x00\x00\x04\x00\x00\x00\x00\x00\x00\x00\x00\x00\x00\x00\x1c\x00\x00\x00\x02\x00Q\x9c\x00\x00\x04\x00\x00\x00\x00\x00\x822\x00\x00(\x00\x00\x00\x00\x00\x00\x00\x00\x00\x00\x00\x1c\x00\x00\x00\x02\x00\x0c\x9d\x00\x00\x04\x00\x00\x00\x00\x00\xaa2\x00\x00(\x00\x00\x00\x00\x00\x00\x00\x00\x00\x00\x00\x1c\x00\x00\x00\x02\x00\xc7\x9d\x00\x00\x04\x00\x00\x00\x00\x00\xd22\x00\x00\x0c\x00\x00\x00\x00\x00\x00\x00\x00\x00\x00\x00\x1c\x00\x00\x00\x02\x00\x82\x9e\x00\x00\x04\x00\x00\x00\x00\x00\xc8\x01\x00\x00\x16\x00\x00\x00\x00\x00\x00\x00\x00\x00\x00\x00\x1c\x00\x00\x00\x02\x00=\x9f\x00\x00\x04\x00\x00\x00\x00\x00\xde\x01\x00\x00\x10\x00\x00\x00\x00\x00\x00\x00\x00\x00\x00\x00\x1c\x00\x00\x00\x02\x00\xf8\x9f\x00\x00\x04\x00\x00\x00\x00\x00\xee\x01\x00\x00\x16\x00\x00\x00\x00\x00\x00\x00\x00\x00\x00\x00\x1c\x00\x00\x00\x02\x00\xb3\xa0\x00\x00\x04\x00\x00\x00\x00\x0025\x00\x00\x16\x00\x00\x00\x00\x00\x00\x00\x00\x00\x00\x00', rid = 8), image=b',\x00\x00\x00\x02\x00\xf4\t\x00\x00\x04\x00\x00\x00\x00\x00\x10\x02\x00\x00\xe6\x1f\x00\x00\x8c#\x00\x00\x02\n\x00\x00\x8e-\x00\x00 \x00\x00\x00\x00\x00\x00\x00\x00\x00\x00\x00\x1c\x00\x00\x00\x02\x00\x96\x9b\x00\x00\x04\x00\x00\x00\x00\x00H5\x00\x00\x04\x00\x00\x00\x00\x00\x00\x00\x00\x00\x00\x00\x1c\x00\x00\x00\x02\x00Q\x9c\x00\x00\x04\x00\x00\x00\x00\x00\x822\x00\x00(\x00\x00\x00\x00\x00\x00\x00\x00\x00\x00\x00\x1c\x00\x00\x00\x02\x00\x0c\x9d\x00\x00\x04\x00\x00\x00\x00\x00\xaa2\x00\x00(\x00\x00\x00\x00\x00\x00\x00\x00\x00\x00\x00\x1c\x00\x00\x00\x02\x00\xc7\x9d\x00\x00\x04\x00\x00\x00\x00\x00\xd22\x00\x00\x0c\x00\x00\x00\x00\x00\x00\x00\x00\x00\x00\x00\x1c\x00\x00\x00\x02\x00\x82\x9e\x00\x00\x04\x00\x00\x00\x00\x00\xc8\x01\x00\x00\x16\x00\x00\x00\x00\x00\x00\x00\x00\x00\x00\x00\x1c\x00\x00\x00\x02\x00=\x9f\x00\x00\x04\x00\x00\x00\x00\x00\xde\x01\x00\x00\x10\x00\x00\x00\x00\x00\x00\x00\x00\x00\x00\x00\x1c\x00\x00\x00\x02\x00\xf8\x9f\x00\x00\x04\x00\x00\x00\x00\x00\xee\x01\x00\x00\x16\x00\x00\x00\x00\x00\x00\x00\x00\x00\x00\x00\x1c\x00\x00\x00\x02\x00\xb3\xa0\x00\x00\x04\x00\x00\x00\x00\x0025\x00\x00\x16\x00\x00\x00\x00\x00\x00\x00\x00\x00\x00\x00'), '.debug_info': DebugInfo(section=Elf_Section(index = 8, sh_name = 107, sh_type = 1, sh_flags = 0, sh_addr = 0, sh_offset = 15040, sh_size = 41326, sh_link = 0, sh_info = 0, sh_addralign = 1, sh_entsize = 0, section_name = '.debug_info', section_image = b'\xf0\t\x00\x00\x02\x00\x00\x00\x00\x00\x04\x01\x00\x00\x00\x00\x00\x00\x00\x00\x02\x0f\x00\x00\x00\x01\x08\x03\x17\x00\x00\x00\x02\x07\x04\x14\x00\x00\x00\x05\x1b\x00\x00\x00\xff\x03\x00\x06 \x00\x00\x00\x00\x00"\x00\x00\x00\x01\x05\x03\x00\x00\x81\x00\x07)\x00\x00\x00\x00\x00\x14\x00\x00\x00\x01\x05\x03`\x00\x80\x00\x080\x00\x00\x00\x00\x00\x14\x00\x00\x00\x01\x05\x03+\x00\x80\x00\t6\x00\x00\x00\x00\x00\x14\x00\x00\x00\x01\x05\x03*\x00\x80\x00\n;\x00\x00\x00\x00\x00\x14\x00\x00\x00\x01\x05\x03)\x00\x80\x00\x0b@\x00\x00\x00\x00\x00\x14\x00\x00\x00\x01\x05\x03L\x00\x80\x00\x0cE\x00\x00\x00\x00\x00\x14\x00\x00\x00\x01\x05\x03M\x00\x80\x00\rJ\x00\x00\x00\x00\x00\x14\x00\x00\x00\x01\x05\x03N\x00\x80\x00\x0eO\x00\x00\x00\x00\x00\x14\x00\x00\x00\x01\x05\x03\xce\x00\x80\x00\x0fT\x00\x00\x00\x00\x00\x14\x00\x00\x00\x01\x05\x03\xc8\x00\x80\x00\x10[\x00\x00\x00\x00\x00\x14\x00\x00\x00\x01\x05\x03\xc9\x00\x80\x00\x11b\x00\x00\x00\x00\x00\x14\x00\x00\x00\x01\x05\x03\xca\x00\x80\x00\x12i\x00\x00\x00\x00\x00\x1b\x00\x00\x00\x01\x05\x03\xcc\x00\x80\x00\x13o\x00\x00\x00\x00\x00\x14\x00\x00\x00\x01\x05\x03W\x00\x80\x00\x14v\x00\x00\x00\x00\x00\x1b\x00\x00\x00\x01\x05\x03A\x00\x80\x00\x15{\x00\x00\x00\x00\x00\x14\x00\x00\x00\x01\x05\x03@\x00\x80\x00\x16\x80\x00\x00\x00\x00\x00\x14\x00\x00\x00\x01\x05\x03?\x00\x80\x00\x17\x85\x00\x00\x00\x00\x00\x14\x00\x00\x00\x01\x05\x03H\x00\x80\x00\x18\x8b\x00\x00\x00\x00\x00\x14\x00\x00\x00\x01\x05\x03G\x00\x80\x00\x19\x91\x00\x00\x00\x00\x00\x14\x00\x00\x00\x01\x05\x03F\x00\x80\x00\x1a\x97\x00\x00\x00\x00\x00\x14\x00\x00\x00\x01\x05\x03E\x00\x80\x00\x1b\x9e\x00\x00\x00\x00\x00\x14\x00\x00\x00\x01\x05\x03D\x00\x80\x00\x1c\xa5\x00\x00\x00\x00\x00\x14\x00\x00\x00\x01\x05\x03n\x00\x80\x00\x1d\xac\x00\x00\x00\x00\x00\x14\x00\x00\x00\x01\x05\x035\x00\x80\x00\x1e\xb2\x00\x00\x00\x00\x00\x14\x00\x00\x00\x01\x05\x03C\x00\x80\x00\x1f\xb8\x00\x00\x00\x00\x00\x14\x00\x00\x00\x01\x05\x03\x90\x00\x80\x00 \xbf\x00\x00\x00\x00\x00\x14\x00\x00\x00\x01\x05\x03\x91\x00\x80\x00!\xc6\x00\x00\x00\x00\x00\x14\x00\x00\x00\x01\x05\x03\x92\x00\x80\x00"\xcd\x00\x00\x00\x00\x00\x1b\x00\x00\x00\x01\x05\x03\x94\x00\x80\x00#\xd3\x00\x00\x00\x00\x00\x1b\x00\x00\x00\x01\x05\x03\x98\x00\x80\x00$\xd9\x00\x00\x00\x00\x00\x1b\x00\x00\x00\x01\x05\x03\x9a\x00\x80\x00%\xdf\x00\x00\x00\x00\x00\x1b\x00\x00\x00\x01\x05\x03\x9c\x00\x80\x00&\xe5\x00\x00\x00\x00\x00\x1b\x00\x00\x00\x01\x05\x03\x96\x00\x80\x00\'\xea\x00\x00\x00\x00\x00\x14\x00\x00\x00\x01\x05\x03q\x00\x80\x00(\xf1\x00\x00\x00\x00\x00\x14\x00\x00\x00\x01\x05\x038\x00\x80\x00)\xf7\x00\x00\x00\x00\x00\x14\x00\x00\x00\x01\x05\x03\x80\x00\x80\x00*\xfe\x00\x00\x00\x00\x00\x14\x00\x00\x00\x01\x05\x03\x81\x00\x80\x00+\x05\x01\x00\x00\x00\x00\x14\x00\x00\x00\x01\x05\x03\x82\x00\x80\x00,\x0c\x01\x00\x00\x00\x00\x1b\x00\x00\x00\x01\x05\x03\x84\x00\x80\x00-\x12\x01\x00\x00\x00\x00\x1b\x00\x00\x00\x01\x05\x03\x88\x00\x80\x00.\x18\x01\x00\x00\x00\x00\x1b\x00\x00\x00\x01\x05\x03\x8a\x00\x80\x00/\x1e\x01\x00\x00\x00\x00\x1b\x00\x00\x00\x01\x05\x03\x8c\x00\x80\x000$\x01\x00\x00\x00\x00\x1b\x00\x00\x00\x01\x05\x03\x86\x00\x80\x001)\x01\x00\x00\x00\x00\x14\x00\x00\x00\x01\x05\x03o\x00\x80\x0020\x01\x00\x00\x00\x00\x14\x00\x00\x00\x01\x05\x036\x00\x80\x0036\x01\x00\x00\x00\x00\x14\x00\x00\x00\x01\x05\x03Q\x00\x80\x004;\x01\x00\x00\x00\x00\x14\x00\x00\x00\x01\x05\x03U\x00\x80\x005A\x01\x00\x00\x00\x00\x14\x00\x00\x00\x01\x05\x03T\x00\x80\x006G\x01\x00\x00\x00\x00\x14\x00\x00\x00\x01\x05\x03i\x00\x80\x007M\x01\x00\x00\x00\x00\x14\x00\x00\x00\x01\x05\x03j\x00\x80\x008S\x01\x00\x00\x00\x00\x14\x00\x00\x00\x01\x05\x03=\x00\x80\x009Y\x01\x00\x00\x00\x00\x14\x00\x00\x00\x01\x05\x03<\x00\x80\x00:^\x01\x00\x00\x00\x00\x14\x00\x00\x00\x01\x05\x03k\x00\x80\x00;e\x01\x00\x00\x00\x00\x14\x00\x00\x00\x01\x05\x03;\x00\x80\x00<k\x01\x00\x00\x00\x00\x14\x00\x00\x00\x01\x05\x03h\x00\x80\x00=q\x01\x00\x00\x00\x00\x14\x00\x00\x00\x01\x05\x03\xc0\x00\x80\x00>x\x01\x00\x00\x00\x00\x14\x00\x00\x00\x01\x05\x03\xc1\x00\x80\x00?\x7f\x01\x00\x00\x00\x00\x14\x00\x00\x00\x01\x05\x03\xc2\x00\x80\x00@\x86\x01\x00\x00\x00\x00\x14\x00\x00\x00\x01\x05\x03\xc3\x00\x80\x00A\x8d\x01\x00\x00\x00\x00\x14\x00\x00\x00\x01\x05\x03\xc4\x00\x80\x00B\x94\x01\x00\x00\x00\x00\x14\x00\x00\x00\x01\x05\x03\xbe\x00\x80\x00C\x9a\x01\x00\x00\x00\x00\x14\x00\x00\x00\x01\x05\x03\xbf\x00\x80\x00D\x9f\x01\x00\x00\x00\x00\x14\x00\x00\x00\x01\x05\x03\xcf\x00\x80\x00E\xa5\x01\x00\x00\x00\x00\x14\x00\x00\x00\x01\x05\x03\xd0\x00\x80\x00F\xab\x01\x00\x00\x00\x00\x14\x00\x00\x00\x01\x05\x03\xd1\x00\x80\x00G\xb1\x01\x00\x00\x00\x00\x14\x00\x00\x00\x01\x05\x03\xd2\x00\x80\x00H\xb7\x01\x00\x00\x00\x00\x14\x00\x00\x00\x01\x05\x03r\x00\x80\x00I\xbe\x01\x00\x00\x00\x00\x14\x00\x00\x00\x01\x05\x039\x00\x80\x00J\xc4\x01\x00\x00\x00\x00\x14\x00\x00\x00\x01\x05\x03\xd4\x00\x80\x00K\xc8\x01\x00\x00\x00\x00\x14\x00\x00\x00\x01\x05\x03%\x00\x80\x00L\xce\x01\x00\x00\x00\x00\x14\x00\x00\x00\x01\x05\x03$\x00\x80\x00M\xd3\x01\x00\x00\x00\x00\x14\x00\x00\x00\x01\x05\x03#\x00\x80\x00N\xd8\x01\x00\x00\x00\x00\x14\x00\x00\x00\x01\x05\x03(\x00\x80\x00O\xde\x01\x00\x00\x00\x00\x14\x00\x00\x00\x01\x05\x03\'\x00\x80\x00P\xe3\x01\x00\x00\x00\x00\x14\x00\x00\x00\x01\x05\x03&\x00\x80\x00Q\xe8\x01\x00\x00\x00\x00\x14\x00\x00\x00\x01\x05\x03.\x00\x80\x00R\xee\x01\x00\x00\x00\x00\x14\x00\x00\x00\x01\x05\x03-\x00\x80\x00S\xf3\x01\x00\x00\x00\x00\x14\x00\x00\x00\x01\x05\x03,\x00\x80\x00T\xf8\x01\x00\x00\x00\x00\x14\x00\x00\x00\x01\x05\x031\x00\x80\x00U\xfe\x01\x00\x00\x00\x00\x14\x00\x00\x00\x01\x05\x030\x00\x80\x00V\x03\x02\x00\x00\x00\x00\x14\x00\x00\x00\x01\x05\x03/\x00\x80\x00W\x08\x02\x00\x00\x00\x00\x14\x00\x00\x00\x01\x05\x03\xbd\x00\x80\x00X\x0e\x02\x00\x00\x00\x00\x14\x00\x00\x00\x01\x05\x03\xb8\x00\x80\x00Y\x13\x02\x00\x00\x00\x00\x14\x00\x00\x00\x01\x05\x03\xbc\x00\x80\x00Z\x18\x02\x00\x00\x00\x00\x14\x00\x00\x00\x01\x05\x03\xb9\x00\x80\x00[\x1d\x02\x00\x00\x00\x00\x14\x00\x00\x00\x01\x05\x03\xbb\x00\x80\x00\\"\x02\x00\x00\x00\x00\x14\x00\x00\x00\x01\x05\x03\xba\x00\x80\x00]\'\x02\x00\x00\x00\x00\x14\x00\x00\x00\x01\x05\x03|\x00\x80\x00^-\x02\x00\x00\x00\x00\x14\x00\x00\x00\x01\x05\x03z\x00\x80\x00_4\x02\x00\x00\x00\x00\x1b\x00\x00\x00\x01\x05\x03x\x00\x80\x00`8\x02\x00\x00\x00\x00\x14\x00\x00\x00\x01\x05\x03{\x00\x80\x00a?\x02\x00\x00\x00\x00\x14\x00\x00\x00\x01\x05\x03~\x00\x80\x00bE\x02\x00\x00\x00\x00\x14\x00\x00\x00\x01\x05\x03}\x00\x80\x00cK\x02\x00\x00\x00\x00\x14\x00\x00\x00\x01\x05\x03{\x00\x80\x00dR\x02\x00\x00\x00\x00\x14\x00\x00\x00\x01\x05\x03P\x00\x80\x00eW\x02\x00\x00\x00\x00\x14\x00\x00\x00\x01\x05\x03\x7f\x00\x80\x00f]\x02\x00\x00\x00\x00\x14\x00\x00\x00\x01\x05\x03_\x00\x80\x00gb\x02\x00\x00\x00\x00\x1b\x00\x00\x00\x01\x05\x03]\x00\x80\x00he\x02\x00\x00\x00\x00\x14\x00\x00\x00\x01\x05\x03U\x00\x80\x00ik\x02\x00\x00\x00\x00\x14\x00\x00\x00\x01\x05\x03T\x00\x80\x00jq\x02\x00\x00\x00\x00\x14\x00\x00\x00\x01\x05\x03f\x00\x80\x00kx\x02\x00\x00\x00\x00\x14\x00\x00\x00\x01\x05\x03g\x00\x80\x00l\x7f\x02\x00\x00\x00\x00\x14\x00\x00\x00\x01\x05\x03a\x00\x80\x00m\x85\x02\x00\x00\x00\x00\x14\x00\x00\x00\x01\x05\x03S\x00\x80\x00n\x8a\x02\x00\x00\x00\x00\x14\x00\x00\x00\x01\x05\x03\\\x00\x80\x00o\x8f\x02\x00\x00\x00\x00\x14\x00\x00\x00\x01\x05\x03K\x00\x80\x00p\x96\x02\x00\x00\x00\x00\x14\x00\x00\x00\x01\x05\x03J\x00\x80\x00q\x9d\x02\x00\x00\x00\x00\x14\x00\x00\x00\x01\x05\x03>\x00\x80\x00r\xa4\x02\x00\x00\x00\x00\x14\x00\x00\x00\x01\x05\x03e\x00\x80\x00s\xa9\x02\x00\x00\x00\x00\x14\x00\x00\x00\x01\x05\x03d\x00\x80\x00t\xae\x02\x00\x00\x00\x00\x14\x00\x00\x00\x01\x05\x03\xc7\x00\x80\x00u\xb5\x02\x00\x00\x00\x00\x14\x00\x00\x00\x01\x05\x03\xc6\x00\x80\x00v\xbd\x02\x00\x00\x00\x00\x14\x00\x00\x00\x01\x05\x03\xc5\x00\x80\x00w\xc5\x02\x00\x00\x00\x00\x14\x00\x00\x00\x01\x05\x03I\x00\x80\x00x\xcc\x02\x00\x00\x00\x00\x14\x00\x00\x00\x01\x05\x03R\x00\x80\x00y\xd3\x02\x00\x00\x00\x00\x14\x00\x00\x00\x01\x05\x03\xf4\x00\x80\x00z\xd9\x02\x00\x00\x00\x00\x14\x00\x00\x00\x01\x05\x03\xf3\x00\x80\x00{\xe0\x02\x00\x00\x00\x00\x14\x00\x00\x00\x01\x05\x03\xf2\x00\x80\x00|\xe7\x02\x00\x00\x00\x00\x14\x00\x00\x00\x01\x05\x03\xf1\x00\x80\x00}\xee\x02\x00\x00\x00\x00\x14\x00\x00\x00\x01\x05\x03\xf0\x00\x80\x00~\xf5\x02\x00\x00\x00\x00\x14\x00\x00\x00\x01\x05\x03\xef\x00\x80\x00\x7f\xfd\x02\x00\x00\x00\x00\x14\x00\x00\x00\x01\x05\x03\xee\x00\x80\x00\x80\x01\x05\x03\x00\x00\x00\x00\x14\x00\x00\x00\x01\x05\x03\xed\x00\x80\x00\x81\x01\r\x03\x00\x00\x00\x00\x14\x00\x00\x00\x01\x05\x03\xec\x00\x80\x00\x82\x01\x15\x03\x00\x00\x00\x00\x14\x00\x00\x00\x01\x05\x03\xeb\x00\x80\x00\x83\x01\x1c\x03\x00\x00\x00\x00\x14\x00\x00\x00\x01\x05\x03\xea\x00\x80\x00\x84\x01"\x03\x00\x00\x00\x00\x14\x00\x00\x00\x01\x05\x03\xe9\x00\x80\x00\x85\x01(\x03\x00\x00\x00\x00\x14\x00\x00\x00\x01\x05\x03\xe8\x00\x80\x00\x86\x01/\x03\x00\x00\x00\x00\x14\x00\x00\x00\x01\x05\x03\xe6\x00\x80\x00\x87\x015\x03\x00\x00\x00\x00\x1b\x00\x00\x00\x01\x05\x03\xe4\x00\x80\x00\x88\x01<\x03\x00\x00\x00\x00\x14\x00\x00\x00\x01\x05\x03\xe3\x00\x80\x00\x89\x01C\x03\x00\x00\x00\x00\x14\x00\x00\x00\x01\x05\x03\xe2\x00\x80\x00\x8a\x01I\x03\x00\x00\x00\x00\x14\x00\x00\x00\x01\x05\x03\xe1\x00\x80\x00\x8b\x01O\x03\x00\x00\x00\x00\x14\x00\x00\x00\x01\x05\x03\xe0\x00\x80\x00\x8c\x01U\x03\x00\x00\x00\x00\x14\x00\x00\x00\x01\x05\x03\xd8\x00\x80\x00\x8d\x01\\\x03\x00\x00\x00\x00\x14\x00\x00\x00\x01\x05\x03\xda\x00\x80\x00\x8e\x01c\x03\x00\x00\x00\x00\x14\x00\x00\x00\x01\x05\x03\xd9\x00\x80\x00\x8f\x01j\x03\x00\x00\x00\x00\x14\x00\x00\x00\x01\x05\x03\xd7\x00\x80\x00\x00\x9e\x91\x00\x00\x02\x00j\t\x00\x00\x04\x84\x01\xf3\x19\x00\x00\x048\x10\x00\x00\xd2\x18\x00\x00@\x07\x00\x00\x00\x00\x00\x00\x00\x00\x00\x00\x1a\x00\x00\x004\x89\x1e\x00\x00\x0c\x80?\x00\x00\x00\x17*\x00\x00\x00J*\x00\x00\x00@\x02\x07B\x1e\x00\x00K\xc6\t\x00\x00\x07\x02?\x00\x00\x00\x05\x1c\x16k\x00\x00\x00\x11\xf8\x1a\x00\x00\x00\x11\xae\x0c\x00\x00\x01\x11\xc3\x0c\x00\x00\x02\x00\x1a\xc9\t\x00\x00\x05 \x16F\x00\x00\x004\x9c\n\x00\x00\x0c~\x8c\x00\x00\x00Jw\x00\x00\x00\x17w\x00\x00\x00@\x01\x08\xb5\x0b\x00\x000\x92\t\x00\x00P\x05"\x16\xfb\x00\x00\x00\x0f \r\x00\x00\x05#\x16\xfb\x00\x00\x00\x02#\x00\x0f\x9d%\x00\x00\x05$\x16k\x00\x00\x00\x02#F\x0fw\x1e\x00\x00\x05%\x16*\x00\x00\x00\x02#H\x0ff\n\x00\x00\x05&\x16*\x00\x00\x00\x02#JADlc\x00\x05\'\x16*\x00\x00\x00\x02#LACtr\x00\x05(\x16*\x00\x00\x00\x02#N\x002w\x00\x00\x00\x0b\x01\x00\x001?\x00\x00\x00E\x00\x1a\x95\t\x00\x00\x05)\x16\x93\x00\x00\x00ku8\x00\x10\x1d\x8c\x00\x00\x00\x17\x17\x01\x00\x00J\x17\x01\x00\x004C\'\x00\x00\r\xd8?\x00\x00\x00[l\x1e\x00\x00\x06\x05O\xd7\x01\x00\x00rarr\x00\x05v\'\x03\x00\x00\x02#\x00\x03!"\x0f\x00\x00\x05w+\x01\x00\x00\x02#\x02\x03!\x7f\x1c\x00\x00\x05x+\x01\x00\x00\x02#\x04\x039\xac\x0e\x00\x00\x05^\x01\x7f\x01\x00\x00\x8b\x01\x00\x00\x10\xa4 \x00\x00\x01\x1c\xaf \x00\x00\x009n\x0f\x00\x00\x05R\x01\x9b\x01\x00\x00\xa7\x01\x00\x00\x10\xa4 \x00\x00\x01\x1c+\x01\x00\x00\x009\xd9\x1d\x00\x00\x05n\x01\xb7\x01\x00\x00\xc3\x01\x00\x00\x10\xa4 \x00\x00\x01\x1c\xf6/\x00\x00\x00sQ\x0b\x00\x00\x05Z\x01\xcf\x01\x00\x00\x10\xa4 \x00\x00\x01\x00\x00OQ#\x00\x00\x0e\x08)\xd7\x01\x00\x00\x01\x03\x00\x00tK#\x00\x00\x16\x03\x00\x00\x02#\x00\x01!\x87\x1c\x00\x00\x08L*\x00\x00\x00\x02#\x02\x02! \x08\x00\x00\x08M*\x00\x00\x00\x02#\x04\x02!?\x14\x00\x00\x08N*\x00\x00\x00\x02#\x06\x02!\xa7\x15\x00\x00\x08O6\x01\x00\x00\x02#\x08\x029n\x0f\x00\x00\x08,\x01@\x02\x00\x00Q\x02\x00\x00\x10-\x03\x00\x00\x01\x1c*\x00\x00\x00\x1c*\x00\x00\x00\x009\x11!\x00\x00\x08>\x01a\x02\x00\x00h\x02\x00\x00\x10-\x03\x00\x00\x01\x00W{\x0c\x00\x00\x08G\x01\x02\x10\x03\xd7\x01\x00\x00\x01\x80\x02\x00\x00\x8c\x02\x00\x00\x10-\x03\x00\x00\x01\x1c*\x00\x00\x00\x00W\xa9\x0c\x00\x00\x084\x01\x02\x10\x02\xd7\x01\x00\x00\x01\xa4\x02\x00\x00\xab\x02\x00\x00\x10-\x03\x00\x00\x01\x00\x85\x01\x01\x82\x16\x00\x00\x08:\x85 \x00\x00\x01\xc1\x02\x00\x00\xcd\x02\x00\x00\x10-\x03\x00\x00\x01\x1c-\x03\x00\x00\x009Q\x0b\x00\x00\x08/\x01\xdd\x02\x00\x00\xe4\x02\x00\x00\x10-\x03\x00\x00\x01\x00\x86\x01\x1d\x1b\x00\x00\x08/\x01\x02\x10\x01\xd7\x01\x00\x00\x01\xf9\x02\x00\x00\x10-\x03\x00\x00\x01\x00\x00\x87\x01\x0e\x03\x00\x00\x0e\x03\x00\x00\x88\x01\x00\x89\x01\x02\x05int\x00\x1b\x02\x1c\x03\x00\x00\x8a\x01\x02\xe1\x04\x00\x00\x01\x03\x00\x00\x1b\x02-\x03\x00\x00\x1b\x02\xd7\x01\x00\x00\x17-\x03\x00\x00O\xde\x1a\x00\x00\x0f\x08R\xd7\x01\x00\x00\xd0\x03\x00\x00X\xd7\x01\x00\x00\x02#\x00\x01\x08\x0e\x17\x00\x00\x08i\xd0\x03\x00\x00\x02#\x0e9n\x0f\x00\x00\x08U\x01o\x03\x00\x00\x80\x03\x00\x00\x10|!\x00\x00\x01\x1c*\x00\x00\x00\x1c*\x00\x00\x00\x00W\xa9\x0c\x00\x00\x08X\x01\x02\x10\x028\x03\x00\x00\x01\x98\x03\x00\x00\x9f\x03\x00\x00\x10|!\x00\x00\x01\x00lQ\x0b\x00\x00\x01\x01\xae\x03\x00\x00\xb5\x03\x00\x00\x10|!\x00\x00\x01\x00u\x1d\x1b\x00\x00\x01\x02\x10\x018\x03\x00\x00\x01\x01\xc8\x03\x00\x00\x10|!\x00\x00\x01\x00\x00@\x01\x02\xad\x1b\x00\x00OE\x10\x00\x00\x1d\x08\x92\xd7\x01\x00\x00\xdd\x04\x00\x00X\xd7\x01\x00\x00\x02#\x00\x01!J\'\x00\x00\x08\xa5*\x00\x00\x00\x02#\x0e\x03!r\x19\x00\x00\x08\xa6\xe2\x04\x00\x00\x02#\x10\x03!\xee\x0c\x00\x00\x08\xa7\xd0\x03\x00\x00\x02#\x14\x03!:\x12\x00\x00\x08\xa8\xe2\x04\x00\x00\x02#\x15\x03!v\x04\x00\x00\x08\xa9\xe2\x04\x00\x00\x02#\x19\x039n\x0f\x00\x00\x08\x95\x01K\x04\x00\x00f\x04\x00\x00\x10\xd9 \x00\x00\x01\x1c-\x03\x00\x00\x1c*\x00\x00\x00\x1c\xe2\x04\x00\x00\x1c\xd0\x03\x00\x00\x00lQ\x0b\x00\x00\x01\x01u\x04\x00\x00|\x04\x00\x00\x10\xd9 \x00\x00\x01\x00\x8b\x01\x1d\x1b\x00\x00\x01\x02\x10\x01\xd7\x03\x00\x00\x01\x01\x94\x04\x00\x00\x9b\x04\x00\x00\x10\xd9 \x00\x00\x01\x00W{\x0c\x00\x00\x08\x9e\x01\x02\x10\x03\xd7\x03\x00\x00\x01\xb3\x04\x00\x00\xbf\x04\x00\x00\x10\xd9 \x00\x00\x01\x1c*\x00\x00\x00\x00\x8c\x01\x01\xf4\x17\x00\x00\x08\x9a@\x1c\x00\x00\xe2\x04\x00\x00\x01\xd5\x04\x00\x00\x10}\x81\x00\x00\x01\x00\x00\x17\xd7\x03\x00\x00@\x04\x043\x17\x00\x00O\xab"\x00\x00\x0c\x0e1!\x05\x00\x00!\x05\x00\x00X!\x05\x00\x00\x02#\x00\x01!X\x12\x00\x00\x0e4(\x05\x00\x00\x02#\x04\x02!\xa4&\x00\x00\x0e5(\x05\x00\x00\x02#\x08\x02\x00\x8d\x01\x83&\x00\x00\x01@\x04\x07=\x1e\x00\x00O\xab"\x00\x00\x0c\x0f1g\x05\x00\x00g\x05\x00\x00Xg\x05\x00\x00\x02#\x00\x01!X\x12\x00\x00\x0f4(\x05\x00\x00\x02#\x04\x02!\xa4&\x00\x00\x0f5(\x05\x00\x00\x02#\x08\x02\x00\x8e\x01\x83&\x00\x00\x01\x92\x05\x00\x00\x8f\x01\x01\x9a(\x00\x00\x07,p(\x00\x00\x02\x01\x85\x05\x00\x00\x10\x07,\x00\x00\x01\x1c\x0e\x03\x00\x00\x00\x00O\x1f\x19\x00\x00P\x10Zg\x05\x00\x00X\x07\x00\x00X/\x05\x00\x00\x02#\x00\x01!j$\x00\x00\x10]\x0e\x03\x00\x00\x02#\x0c\x03\x08p\x05\x00\x00\x10n\x82\x00\x00\x00\x02#\x0e\x08,\x19\x00\x00\x10o\x82\x00\x00\x00\x02#\x0f\x08[\x15\x00\x00\x10pX\x07\x00\x00\x02#\x109V\x1d\x00\x00\x06\xae\x01\xf4\x05\x00\x00\x00\x06\x00\x00\x10\xee\x1c\x00\x00\x01\x1c(\x05\x00\x00\x009n\x0f\x00\x00\x10_\x01\x10\x06\x00\x00\x17\x06\x00\x00\x10\xee\x1c\x00\x00\x01\x00\x90\x01`\x1f\x00\x00+\x01\x00\x00\x01\x02\x10\x01\x92\x05\x00\x00\x01\x013\x06\x00\x00D\x06\x00\x00\x10\xee\x1c\x00\x00\x01\x1c\xf6\n\x00\x00\x1c+\x01\x00\x00\x00\\\xfa\x04\x00\x00\x06\xe4+\x01\x00\x00\x01\x02\x10\x01\x92\x05\x00\x00\x01`\x06\x00\x00q\x06\x00\x00\x10\xee\x1c\x00\x00\x01\x1c\xf6\n\x00\x00\x1c+\x01\x00\x00\x00\\\xfa\x04\x00\x00\x06\xdf+\x01\x00\x00\x01\x02\x10\x00\x92\x05\x00\x00\x01\x8d\x06\x00\x00\x99\x06\x00\x00\x10\xee\x1c\x00\x00\x01\x1cw\x00\x00\x00\x00W\xda\x1f\x00\x00\x06\xda\x01\x02\x10\x03\x92\x05\x00\x00\x01\xb1\x06\x00\x00\xb8\x06\x00\x00\x10\xee\x1c\x00\x00\x01\x00\\\xe1\x13\x00\x00\x06\xd5\x0e\x03\x00\x00\x01\x02\x10\x02\x92\x05\x00\x00\x01\xd4\x06\x00\x00\xdb\x06\x00\x00\x10\xee\x1c\x00\x00\x01\x00v\xcc\x15\x00\x00\x0e\x03\x00\x00\x01\x01\\\xa3\x17\x00\x00\x06\xcb\x0e\x03\x00\x00\x01\x02\x10\x05\x92\x05\x00\x00\x01\x02\x07\x00\x00\t\x07\x00\x00\x10\xee\x1c\x00\x00\x01\x00\\{\x0f\x00\x00\x06\xc4\x0e\x03\x00\x00\x01\x02\x10\x06\x92\x05\x00\x00\x01%\x07\x00\x00,\x07\x00\x00\x10\xee\x1c\x00\x00\x01\x00v\xa4\n\x00\x00\x0e\x03\x00\x00\x01\x01\x91\x01\xb4\x12\x00\x00\x06\xbc\x0e\x03\x00\x00\x01\x02\x10\x04\x92\x05\x00\x00\x01P\x07\x00\x00\x10\xee\x1c\x00\x00\x01\x00\x002\x8c\x00\x00\x00h\x07\x00\x001?\x00\x00\x00?\x000\xcc\x14\x00\x00\x04\x05\x8f\x05\x94\x07\x00\x00Alen\x00\x05\x90\x05*\x00\x00\x00\x02#\x00\x0f\xf0\t\x00\x00\x05\x91\x05\x94\x07\x00\x00\x02#\x02\x00\x1b\x02w\x00\x00\x00\x1a\xcf\x08\x00\x00\x05\x92\x05h\x07\x00\x00\x17\x9a\x07\x00\x00[~\x19\x00\x00\x01\x10:\xcd\x07\x00\x00\x92\x01z\x18\x00\x00\x019\x03\x01\xc5\x07\x00\x00\x10\xd6\x1b\x00\x00\x01\x00\x00ku32\x00\x10\x1f(\x05\x00\x004/\x1e\x00\x00\x06\'\xe8\x07\x00\x00J\xd8\x07\x00\x00B/\x1e\x00\x00\x08\x06!.\x1e\x00\x00?\x08\x00\x00\x083*\x00\x00\x06"\xcd\x07\x00\x00\x02#\x00\x08\n\'\x00\x00\x06#\x17\x01\x00\x00\x02#\x04\x08\x06$\x00\x00\x06$\x17\x01\x00\x00\x02#\x05\x08\x1d\x10\x00\x00\x06%\x17\x01\x00\x00\x02#\x06\x08\x80\x0f\x00\x00\x06&\x17\x01\x00\x00\x02#\x07\x004\xb8&\x00\x00\x0c\x82(\x05\x00\x00\x17?\x08\x00\x00[i%\x00\x00\n\x05\x0b/\t\x00\x00rarr\x00\x05G/\t\x00\x00\x02#\x00\x03!"\x0f\x00\x00\x05H+\x01\x00\x00\x02#\x02\x03!\x90\x14\x00\x00\x05I\x0e\x03\x00\x00\x02#\x04\x03!\xd5 \x00\x00\x05J\x0e\x03\x00\x00\x02#\x06\x03!\x7f\x1c\x00\x00\x05K+\x01\x00\x00\x02#\x08\x039\x98\x04\x00\x00\x05(\x01\xb6\x08\x00\x00\xc2\x08\x00\x00\x10;a\x00\x00\x01\x1c\xf6/\x00\x00\x00\x93\x01\x01\x06\x1f\x00\x00\x05A\x07\x10\x00\x00\xd0\x03\x00\x00\x01\xdc\x08\x00\x00\xe3\x08\x00\x00\x10;a\x00\x00\x01\x009n\x0f\x00\x00\x05\x0e\x01\xf3\x08\x00\x00\xff\x08\x00\x00\x10;a\x00\x00\x01\x1c+\x01\x00\x00\x00\x94\x01pop\x00\x05\x1c?\x00\x00\x00\x01\x14\t\x00\x00\x1b\t\x00\x00\x10;a\x00\x00\x01\x00sQ\x0b\x00\x00\x05\x18\x01\'\t\x00\x00\x10;a\x00\x00\x01\x00\x00\x1b\x02?\x00\x00\x00O\x0b\x06\x00\x00\x1d\x08l\xd7\x01\x00\x00-\n\x00\x00X\xd7\x01\x00\x00\x02#\x00\x01!{&\x00\x00\x08\x8c*\x00\x00\x00\x02#\x0e\x03!\x89\x19\x00\x00\x08\x8d*\x00\x00\x00\x02#\x10\x03!\x94\x17\x00\x00\x08\x8e\xd0\x03\x00\x00\x02#\x12\x03!\x99\x19\x00\x00\x08\x8fO\x08\x00\x00\x02#\x13\x03\x95\x01\xd2\x12\x00\x00\x08\x86\x03\x01\x9c\t\x00\x00\xad\t\x00\x00\x10\xc3\x1f\x00\x00\x01\x1c*\x00\x00\x00\x1c*\x00\x00\x00\x009n\x0f\x00\x00\x08o\x01\xbd\t\x00\x00\xd8\t\x00\x00\x10\xc3\x1f\x00\x00\x01\x1c-\x03\x00\x00\x1c*\x00\x00\x00\x1c*\x00\x00\x00\x1c\xd0\x03\x00\x00\x00W{\x0c\x00\x00\x08w\x01\x02\x10\x035\t\x00\x00\x01\xf0\t\x00\x00\xfc\t\x00\x00\x10\xc3\x1f\x00\x00\x01\x1c*\x00\x00\x00\x00lQ\x0b\x00\x00\x01\x01\x0b\n\x00\x00\x12\n\x00\x00\x10\xc3\x1f\x00\x00\x01\x00u\x1d\x1b\x00\x00\x01\x02\x10\x015\t\x00\x00\x01\x01%\n\x00\x00\x10\xc3\x1f\x00\x00\x01\x00\x00[\xb1&\x00\x00\x01\x01\xcf~\n\x00\x00!\xf5\x0e\x00\x00\x01\xd1\x17\x01\x00\x00\x02#\x00\x039n\x0f\x00\x00\x01\xd3\x01X\n\x00\x00d\n\x00\x00\x10\xd8!\x00\x00\x01\x1c\x17\x01\x00\x00\x00\x96\x01\x01Q\x0b\x00\x00\x01\xd8_\x0f\x00\x00\x01v\n\x00\x00\x10\xd8!\x00\x00\x01\x00\x00O\xa5\x14\x00\x00\n\x11\x1c~\n\x00\x00\xf6\n\x00\x00t\x9f\x14\x00\x00\x16\x03\x00\x00\x02#\x00\x01!O\x16\x00\x00\x11(w\x00\x00\x00\x02#\x02\x02!\xd9\x19\x00\x00\x11)w\x00\x00\x00\x02#\x03\x02!\x8f\n\x00\x00\x11+\x87\x00\x00\x00\x02#\x04\x02!\xa6\x12\x00\x00\x11,\x87\x00\x00\x00\x02#\x05\x02!"(\x00\x00\x11-\xf6\n\x00\x00\x02#\x06\x02!\x87)\x00\x00\x11/\x01\x0b\x00\x00\x02#\x08\x02\x00\x1b\x02\x87\x00\x00\x00\x17\xf6\n\x00\x00\x1b\x02~\n\x00\x00[\x12\x08\x00\x00\x04\x114\xd1\x0b\x00\x00!\xbc\x04\x00\x00\x11>w\x00\x00\x00\x02#\x00\x03!\x90\'\x00\x00\x11?w\x00\x00\x00\x02#\x01\x03!q\x03\x00\x00\x11@\x01\x0b\x00\x00\x02#\x02\x039n\x0f\x00\x00\x03j\x01P\x0b\x00\x00W\x0b\x00\x00\x10\x17%\x00\x00\x01\x00w\xbf\x19\x00\x00\x03\x1c\x0e\x03\x00\x00\x01k\x0b\x00\x00w\x0b\x00\x00\x10\x17%\x00\x00\x01\x1c\x94\x07\x00\x00\x00w\xfe\x13\x00\x00\x03)\x0e\x03\x00\x00\x01\x8b\x0b\x00\x00\x97\x0b\x00\x00\x10\x17%\x00\x00\x01\x1cm\x83\x00\x00\x009<\x05\x00\x00\x035\x01\xa7\x0b\x00\x00\xb3\x0b\x00\x00\x10\x17%\x00\x00\x01\x1c\xaf\x83\x00\x00\x00\x97\x01\xc5\x0f\x00\x00\x03>\xd0\x03\x00\x00\x01\xc4\x0b\x00\x00\x10\x17%\x00\x00\x01\x1cm\x83\x00\x00\x00\x00\x1a\x16\x16\x00\x00\x05\x8c\x04w\x00\x00\x00\x17\xd1\x0b\x00\x00\x1az\'\x00\x00\x05\x8d\x04w\x00\x00\x000\xde\n\x00\x00\x03\x05\xb8\x05\x1a\x0c\x00\x00\x0f\xec\x17\x00\x00\x05\xb9\x05\xe2\x0b\x00\x00\x02#\x00\x0f**\x00\x00\x05\xba\x05*\x00\x00\x00\x02#\x01\x00\x1a\xe1\n\x00\x00\x05\xbb\x05\xee\x0b\x00\x00\x17\x1a\x0c\x00\x00\x1a\xe3&\x00\x00\x05\x8e\x04w\x00\x00\x000q!\x00\x00\x03\x05\xa2\x05c\x0c\x00\x00\x0f\x9f\x11\x00\x00\x05\xa3\x05+\x0c\x00\x00\x02#\x00\x0fW\x14\x00\x00\x05\xa4\x05*\x00\x00\x00\x02#\x01\x00\x1at!\x00\x00\x05\xa5\x057\x0c\x00\x00\x17c\x0c\x00\x00\x1a\n\x11\x00\x00\x05\x8e\x01?\x08\x00\x000\x94\x12\x00\x00\x04\x05*\x05\x9d\x0c\x00\x00\x0f\xe3\x11\x00\x00\x05.\x05t\x0c\x00\x00\x02#\x00\x00\x1a\x97\x12\x00\x00\x05/\x05\x80\x0c\x00\x000=*\x00\x00\x08\x05\x9a\x05\xd5\x0c\x00\x00Amta\x00\x05\x9b\x05\x9d\x0c\x00\x00\x02#\x00\x0fu#\x00\x00\x05\x9f\x05?\x08\x00\x00\x02#\x04\x00\x1a@*\x00\x00\x05\xa0\x05\xa9\x0c\x00\x00\x1a-\x0f\x00\x00\x05*\x07*\x00\x00\x004\x93\x1d\x00\x00\x10\xaa\xf8\x0c\x00\x00B\x93\x1d\x00\x00\x08\x10\xa3\x92\x1d\x00\x00]\r\x00\x00\x08\xc3\x0b\x00\x00\x10\xa4w\x00\x00\x00\x02#\x00\x08\xa1\x19\x00\x00\x10\xa5w\x00\x00\x00\x02#\x01\x083\x07\x00\x00\x10\xa6w\x00\x00\x00\x02#\x02\x08+\x07\x00\x00\x10\xa7w\x00\x00\x00\x02#\x03\x08v\x1e\x00\x00\x10\xa8*\x00\x00\x00\x02#\x04\x08\xeb\x0f\x00\x00\x10\xa9*\x00\x00\x00\x02#\x06\x004\x93\x1d\x00\x00\x10\xaah\r\x00\x00B\x93\x1d\x00\x00\x08\x10\xa3\x92\x1d\x00\x00\xcd\r\x00\x00\x08\xc3\x0b\x00\x00\x10\xa4w\x00\x00\x00\x02#\x00\x08\xa1\x19\x00\x00\x10\xa5w\x00\x00\x00\x02#\x01\x083\x07\x00\x00\x10\xa6w\x00\x00\x00\x02#\x02\x08+\x07\x00\x00\x10\xa7w\x00\x00\x00\x02#\x03\x08v\x1e\x00\x00\x10\xa8*\x00\x00\x00\x02#\x04\x08\xeb\x0f\x00\x00\x10\xa9*\x00\x00\x00\x02#\x06\x00K\x9b\x0f\x00\x00\x07\x02?\x00\x00\x00\x05\x8c\x12\xec\r\x00\x00\x11p\n\x00\x00\x00\x11\x07\x13\x00\x00\x01\x00\x1a\x9e\x0f\x00\x00\x05\x8f\x12\xcd\r\x00\x00K \n\x00\x00\x07\x02?\x00\x00\x00\x05\xfc\x04\x83\x0e\x00\x00\x11<\x19\x00\x00\x00\x11n\x10\x00\x00\x10\x11\x87\x11\x00\x00\x11\x11_\x10\x00\x00\x12\x11&\x08\x00\x00 \x11\xf2\x12\x00\x00!\x11\x8a\x0f\x00\x00"\x11\xc6\r\x00\x00#\x11f\x15\x00\x00$\x11\xb3\x15\x00\x00%\x11\t\x15\x00\x00&\x11\x81#\x00\x00\'\x11\x84\x1b\x00\x00(\x11\x16\'\x00\x00)\x11\xe0\x1f\x00\x00*\x11\x13"\x00\x000\x11\x02\x0c\x00\x001\x11\xe9#\x00\x002\x119"\x00\x003\x11}\x1e\x00\x00\xff\x00\x1a#\n\x00\x00\x05\x1b\x05\xf8\r\x00\x00Ka\x1c\x00\x00\x07\x02?\x00\x00\x00\x05\x85\x12\xba\x0e\x00\x00\x11\x92&\x00\x00\x00\x11\x81\x12\x00\x00\x01\x11\xbf!\x00\x00\x02\x11f\x07\x00\x00\x03\x00\x1a\xb6$\x00\x00\x05\x8a\x12\x8f\x0e\x00\x000\xfb\x0c\x00\x00\x05\x05$\x05\xf2\x0e\x00\x00Aext\x00\x05%\x05w\x00\x00\x00\x02#\x00\x0f\xe3\x11\x00\x00\x05&\x05t\x0c\x00\x00\x02#\x01\x00\x1a\xfe\x0c\x00\x00\x05\'\x05\xc6\x0e\x00\x000=\x0b\x00\x00\x03\x05\x92\x129\x0f\x00\x00\x0f{\x05\x00\x00\x05\x93\x12w\x00\x00\x00\x02#\x00\x0f7\x19\x00\x00\x05\x94\x12w\x00\x00\x00\x02#\x01\x0f\x89&\x00\x00\x05\x95\x12\xd0\x03\x00\x00\x02#\x02\x00\x1a@\x0b\x00\x00\x05\x96\x12\xfe\x0e\x00\x00K\xb9\x18\x00\x00\x07\x02?\x00\x00\x00\x05}\x12v\x0f\x00\x00\x11\xd5\x1e\x00\x00\x00\x11m\r\x00\x00\x01\x11\x02\x04\x00\x00\x02\x11\xbc\x0e\x00\x00\x03\x11O)\x00\x00\x04\x00\x1a\xbc\x18\x00\x00\x05\x83\x12E\x0f\x00\x000\xa3%\x00\x00\x01\x05\xbd\x05\x9f\x0f\x00\x00\x0f|#\x00\x00\x05\xbe\x05w\x00\x00\x00\x02#\x00\x00\x1a\xa6%\x00\x00\x05\xc3\x05\x82\x0f\x00\x00\x1a\xd3\x13\x00\x00\x05\xce\x15\xb7\x0f\x00\x00\x1b\x02\xbd\x0f\x00\x00\x98\x01K\xe9\x1c\x00\x00\x07\x02?\x00\x00\x00\x05\xe6\x10\xea\x0f\x00\x00\x11\x93"\x00\x00\x00\x11\x05\x1d\x00\x00\x01\x11\xe2\'\x00\x00\x02\x119\n\x00\x00\x03\x00\x1a\xec\x1c\x00\x00\x05\xeb\x10\xbf\x0f\x00\x000^ \x00\x00\r\x05\xed\x10@\x10\x00\x00\x0f\x8b(\x00\x00\x05\xee\x10\xea\x0f\x00\x00\x02#\x00Amta\x00\x05\xef\x10\xf2\x0e\x00\x00\x02#\x02\x0f\x19\x1e\x00\x00\x05\xf0\x10?\x08\x00\x00\x02#\x07\x0f\x00\x12\x00\x00\x05\xf1\x10\xe1\x0c\x00\x00\x02#\x0b\x00\x1aa \x00\x00\x05\xf2\x10\xf6\x0f\x00\x00K\x80\x05\x00\x00\x07\x02?\x00\x00\x00\x05\x84\x05k\x10\x00\x00\x11\x12$\x00\x00\x00\x11\x92\x18\x00\x00\x01\x00\x1a\x83\x05\x00\x00\x05\x87\x05L\x10\x00\x000\x13\x0f\x00\x00\x04\x05\xcc\x16\x94\x10\x00\x00\x0f\x07(\x00\x00\x05\xcd\x16?\x08\x00\x00\x02#\x00\x00\x1a\x16\x0f\x00\x00\x05\xce\x16w\x10\x00\x000\x99\x08\x00\x00\x02\x05Q\x05\xcc\x10\x00\x00\x0f{\x10\x00\x00\x05R\x05\xd0\x03\x00\x00\x02#\x00\x0fD\r\x00\x00\x05S\x05w\x00\x00\x00\x02#\x01\x00\x1a\x9c\x08\x00\x00\x05T\x05\xa0\x10\x00\x00K\x89\x13\x00\x00\x07\x02?\x00\x00\x00\x05E\x05\xfd\x10\x00\x00\x11\xc1&\x00\x00\x00\x117\x04\x00\x00\x01\x11v\x0e\x00\x00\x02\x00\x1a\x8c\x13\x00\x00\x05I\x05\xd8\x10\x00\x000\x05\x1b\x00\x00\x02\x05K\x05&\x11\x00\x00\x0f\x8b(\x00\x00\x05L\x05\xfd\x10\x00\x00\x02#\x00\x00\x1a\x08\x1b\x00\x00\x05M\x05\t\x11\x00\x000B\x12\x00\x00\x03\x05=\x05m\x11\x00\x00\x0f \x0e\x00\x00\x05>\x05\xd1\x0b\x00\x00\x02#\x00Aodt\x00\x05?\x05\xe2\x0b\x00\x00\x02#\x01\x0f[\x17\x00\x00\x05@\x05+\x0c\x00\x00\x02#\x02\x00\x1aE\x12\x00\x00\x05A\x052\x11\x00\x00KO\x04\x00\x00\x07\x02?\x00\x00\x00\x051\x05\xaa\x11\x00\x00\x11\x02&\x00\x00\x00\x11$%\x00\x00\x01\x11\x04 \x00\x00\x02\x11v$\x00\x00\x03\x11\x16\x04\x00\x00\x04\x00\x1aR\x04\x00\x00\x057\x05y\x11\x00\x0008\x0c\x00\x00\x02\x059\x05\xd3\x11\x00\x00\x0f\x8b(\x00\x00\x05:\x05\xaa\x11\x00\x00\x02#\x00\x00\x1a;\x0c\x00\x00\x05;\x05\xb6\x11\x00\x000\x1d\t\x00\x00\x0c\x05X\x05\x1a\x12\x00\x00\x0f\xba\x17\x00\x00\x05Y\x05?\x08\x00\x00\x02#\x00\x0f\x91(\x00\x00\x05Z\x05?\x08\x00\x00\x02#\x04\x0f\xda!\x00\x00\x05[\x05?\x08\x00\x00\x02#\x08\x00\x1a \t\x00\x00\x05\\\x05\xdf\x11\x00\x000\xe6"\x00\x00 \x05_\x05\xd9\x12\x00\x00\x0f\x91)\x00\x00\x05a\x05\xd0\x03\x00\x00\x02#\x00\x0f\x8c)\x00\x00\x05b\x05\xd0\x03\x00\x00\x02#\x01\x0f\xa5$\x00\x00\x05c\x05\xd0\x03\x00\x00\x02#\x02\x0f\n\r\x00\x00\x05e\x05\xd3\x11\x00\x00\x02#\x03\x0f\x13\x0b\x00\x00\x05f\x05m\x11\x00\x00\x02#\x05\x0f\xd4\x04\x00\x00\x05i\x05&\x11\x00\x00\x02#\x08\x0f\x01\x15\x00\x00\x05l\x05*\x00\x00\x00\x02#\n\x0f|#\x00\x00\x05n\x05w\x00\x00\x00\x02#\x0cAmta\x00\x05s\x05\xf2\x0e\x00\x00\x02#\r\x0f\xa4\x05\x00\x00\x05u\x05\xcc\x10\x00\x00\x02#\x12\x0f\x19%\x00\x00\x05{\x05\x1a\x12\x00\x00\x02#\x14\x00\x1a\xe9"\x00\x00\x05}\x05&\x12\x00\x00\x17\xd9\x12\x00\x000\x86\x15\x00\x00\x04\x05\xae\x05%\x13\x00\x00\x0f\xec\x17\x00\x00\x05\xaf\x05\xe2\x0b\x00\x00\x02#\x00\x0f**\x00\x00\x05\xb0\x05*\x00\x00\x00\x02#\x01\x0f|#\x00\x00\x05\xb1\x05w\x00\x00\x00\x02#\x03\x00\x1a\x90\x15\x00\x00\x05\xb6\x05\xea\x12\x00\x00\x17%\x13\x00\x000\x97\x0e\x00\x00\t\x05\xcc\x05\x92\x13\x00\x00\x0f\xb4\'\x00\x00\x05\xcd\x05w\x00\x00\x00\x02#\x00\x99\x01\x08\x05\xce\x05\x82\x13\x00\x00x[\x17\x00\x00\x05\xcf\x05\xd5\x0c\x00\x00\x9a\x01odt\x00\x05\xd0\x05c\x0c\x00\x00x \x0e\x00\x00\x05\xd1\x05%\x13\x00\x00\x00\x0f\xc1"\x00\x00\x05\xd2\x05R\x13\x00\x00\x02#\x01\x00\x1a\x9a\x0e\x00\x00\x05\xd3\x056\x13\x00\x00\x1aQ\x1f\x00\x00\x05v\x12\xaa\x13\x00\x00\x9b\x01Q\x1f\x00\x00A\x05s\x12O\x1f\x00\x00\xdb\x13\x00\x00Alen\x00\x05t\x12w\x00\x00\x00\x02#\x00\x0f\xf0\t\x00\x00\x05u\x12\xdb\x13\x00\x00\x02#\x01\x002w\x00\x00\x00\xeb\x13\x00\x001?\x00\x00\x00?\x00\x1aA\x11\x00\x00\x05\xf2\x05\xfc\x13\x00\x00\x17\xeb\x13\x00\x00\x1b\x02\x02\x14\x00\x00\x9c\x01\x0e\x14\x00\x00\x1c\x0e\x14\x00\x00\x00\x1b\x02\xa6\x07\x00\x00\x17\x0e\x14\x00\x004\xb9&\x00\x00\x0c\x81)\x14\x00\x00J\x19\x14\x00\x00@\x04\x05p\x08\x00\x00ku16\x00\x10\x1e@\x14\x00\x00\x170\x14\x00\x00@\x02\x07_\t\x00\x004T\'\x00\x00\x12\x98W\x14\x00\x00\x17G\x14\x00\x00BT\'\x00\x00\x12\x12\x89R\'\x00\x00,\x15\x00\x00Clen\x00\x12\x8a\x17\x01\x00\x00\x02#\x00\x08\xb2"\x00\x00\x12\x8b\x17\x01\x00\x00\x02#\x01\x08,\x04\x00\x00\x12\x8c0\x14\x00\x00\x02#\x02\x08\\&\x00\x00\x12\x8d\x17\x01\x00\x00\x02#\x04\x08\xd5\x0c\x00\x00\x12\x8e\x17\x01\x00\x00\x02#\x05\x08\xe0\x1d\x00\x00\x12\x8f\x17\x01\x00\x00\x02#\x06\x08\x0e\x0c\x00\x00\x12\x90\x17\x01\x00\x00\x02#\x07\x08\x90\x19\x00\x00\x12\x910\x14\x00\x00\x02#\x08\x08\xef\x1f\x00\x00\x12\x920\x14\x00\x00\x02#\n\x08\x0f\t\x00\x00\x12\x930\x14\x00\x00\x02#\x0c\x08\xd0\x16\x00\x00\x12\x94\x17\x01\x00\x00\x02#\x0e\x08\x17&\x00\x00\x12\x95\x17\x01\x00\x00\x02#\x0f\x08\xad\x11\x00\x00\x12\x96\x17\x01\x00\x00\x02#\x10\x08y\x1d\x00\x00\x12\x97\x17\x01\x00\x00\x02#\x11\x004\xe0(\x00\x00\x12\xbf7\x15\x00\x00B\xe0(\x00\x00\x07\x12\xb8\xde(\x00\x00\x9c\x15\x00\x00Clen\x00\x12\xb9\x17\x01\x00\x00\x02#\x00\x08\xb2"\x00\x00\x12\xba\x17\x01\x00\x00\x02#\x01\x08\x06\x06\x00\x00\x12\xbb\x17\x01\x00\x00\x02#\x02\x08\xda\r\x00\x00\x12\xbc\x17\x01\x00\x00\x02#\x03\x08\xec\x08\x00\x00\x12\xbd0\x14\x00\x00\x02#\x04\x08\xda\x07\x00\x00\x12\xbe\x17\x01\x00\x00\x02#\x06\x004\\\x05\x00\x00\x12\xb4\xa7\x15\x00\x00B\\\x05\x00\x00\t\x12\xaaZ\x05\x00\x006\x16\x00\x00Clen\x00\x12\xab\x17\x01\x00\x00\x02#\x00\x08\xb2"\x00\x00\x12\xac\x17\x01\x00\x00\x02#\x01\x08\'"\x00\x00\x12\xad\x17\x01\x00\x00\x02#\x02\x08J\x1b\x00\x00\x12\xae\x17\x01\x00\x00\x02#\x03\x08\x8f\n\x00\x00\x12\xaf\x17\x01\x00\x00\x02#\x04\x08W\x07\x00\x00\x12\xb0\x17\x01\x00\x00\x02#\x05\x08\x85\x0e\x00\x00\x12\xb1\x17\x01\x00\x00\x02#\x06\x08\xb8\x14\x00\x00\x12\xb2\x17\x01\x00\x00\x02#\x07\x08[!\x00\x00\x12\xb3\x17\x01\x00\x00\x02#\x08\x004\xbb\'\x00\x00\x12\xd7A\x16\x00\x00B\xbb\'\x00\x00\x05\x12\xd1\xb9\'\x00\x00\x96\x16\x00\x00Clen\x00\x12\xd2\x17\x01\x00\x00\x02#\x00\x08\xb2"\x00\x00\x12\xd3\x17\x01\x00\x00\x02#\x01\x08\xdf\r\x00\x00\x12\xd4\x17\x01\x00\x00\x02#\x02Cd0\x00\x12\xd5\x17\x01\x00\x00\x02#\x03Cd1\x00\x12\xd6\x17\x01\x00\x00\x02#\x04\x004\xb4\x1b\x00\x00\x12\xf0\xa1\x16\x00\x00B\xb4\x1b\x00\x00\x04\x12\xeb\xb2\x1b\x00\x00\xea\x16\x00\x00Clen\x00\x12\xec\x17\x01\x00\x00\x02#\x00\x08\xb2"\x00\x00\x12\xed\x17\x01\x00\x00\x02#\x01\x08\xdf\r\x00\x00\x12\xee\x17\x01\x00\x00\x02#\x02\x08\xf9$\x00\x00\x12\xef\x17\x01\x00\x00\x02#\x03\x004\x9e\x06\x00\x00\x12\xe8\xf5\x16\x00\x00B\x9e\x06\x00\x00\x05\x12\xe2\x9c\x06\x00\x00L\x17\x00\x00Clen\x00\x12\xe3\x17\x01\x00\x00\x02#\x00\x08\xb2"\x00\x00\x12\xe4\x17\x01\x00\x00\x02#\x01\x08\xdf\r\x00\x00\x12\xe5\x17\x01\x00\x00\x02#\x02\x08\xf9$\x00\x00\x12\xe6\x17\x01\x00\x00\x02#\x03\x08P\x0c\x00\x00\x12\xe7\x17\x01\x00\x00\x02#\x04\x004\xde\x10\x00\x00\x12\xcdW\x17\x00\x00B\xde\x10\x00\x00\x08\x12\xc4\xdc\x10\x00\x00\xd8\x17\x00\x00Clen\x00\x12\xc5\x17\x01\x00\x00\x02#\x00\x08\xb2"\x00\x00\x12\xc6\x17\x01\x00\x00\x02#\x01\x08\x8c\x1f\x00\x00\x12\xc7\x17\x01\x00\x00\x02#\x02\x08\xf2\x14\x00\x00\x12\xc8\x17\x01\x00\x00\x02#\x03\x08-\x16\x00\x00\x12\xc9\x17\x01\x00\x00\x02#\x04\x08\xec\x10\x00\x00\x12\xca\x17\x01\x00\x00\x02#\x05\x08N\x10\x00\x00\x12\xcb\x17\x01\x00\x00\x02#\x06\x08[!\x00\x00\x12\xcc\x17\x01\x00\x00\x02#\x07\x00\x1a\xeb$\x00\x00\x12\x03\x01\xe9\x17\x00\x00\x17\xd8\x17\x00\x00B\xeb$\x00\x00B\x12\xf3\xe9$\x00\x00\x88\x18\x00\x00Ciad\x00\x12\xf5L\x17\x00\x00\x02#\x00Ccif\x00\x12\xf8\x9c\x15\x00\x00\x02#\x08\x08\xa2\x0c\x00\x00\x12\xf96\x16\x00\x00\x02#\x11\x08\x1a\x0c\x00\x00\x12\xfa\xea\x16\x00\x00\x02#\x16\x08\x8b*\x00\x00\x12\xfb\x96\x16\x00\x00\x02#\x1b\x08#\'\x00\x00\x12\xfc6\x16\x00\x00\x02#\x1f\x08O\x0e\x00\x00\x12\xfd,\x15\x00\x00\x02#$Adif\x00\x12\x00\x01\x9c\x15\x00\x00\x02#+Ain\x00\x12\x01\x01,\x15\x00\x00\x02#4Aout\x00\x12\x02\x01,\x15\x00\x00\x02#;\x000\x0c\n\x00\x00\x06\x05\xd5\x05\xe1\x18\x00\x00\x0f\xe1"\x00\x00\x05\xd6\x05\xfc\n\x00\x00\x02#\x00\x0f\xd2!\x00\x00\x05\xd7\x05w\x00\x00\x00\x02#\x02\x0f."\x00\x00\x05\xd8\x05w\x00\x00\x00\x02#\x03\x0f\x96\x11\x00\x00\x05\xd9\x05w\x00\x00\x00\x02#\x04\x0f\xaf\x0b\x00\x00\x05\xda\x05w\x00\x00\x00\x02#\x05\x00\x1a\x0f\n\x00\x00\x05\xdc\x05\x88\x18\x00\x00\x17\xe1\x18\x00\x004\n\x0b\x00\x00\x0c\x85\xfd\x18\x00\x00@\x08\x078\x1e\x00\x004N\x06\x00\x00\x12\xa4\x0f\x19\x00\x00BN\x06\x00\x00\t\x12\x9bL\x06\x00\x00\x90\x19\x00\x00Clen\x00\x12\x9c\x17\x01\x00\x00\x02#\x00\x08\xb2"\x00\x00\x12\x9d\x17\x01\x00\x00\x02#\x01\x08\x8a\n\x00\x00\x12\x9e0\x14\x00\x00\x02#\x02\x08\xa6\x12\x00\x00\x12\x9f\x17\x01\x00\x00\x02#\x04\x08*\x0c\x00\x00\x12\xa0\x17\x01\x00\x00\x02#\x05\x08)\x0c\x00\x00\x12\xa1\x17\x01\x00\x00\x02#\x06\x084#\x00\x00\x12\xa2\x17\x01\x00\x00\x02#\x07\x08 &\x00\x00\x12\xa3\x17\x01\x00\x00\x02#\x08\x00\'\xca\x1e\x00\x00\x05P\n\x01\xaa\x19\x00\x00\x0cmta\x00\x05P\n\xf2\x0e\x00\x00\x00\'\xcb\x0f\x00\x00\x05\xa8\n\x01(\x1a\x00\x00\x0clen\x00\x05\xa8\nw\x00\x00\x00\x0cb0\x00\x05\xa8\nw\x00\x00\x00\x0cb1\x00\x05\xa8\nw\x00\x00\x00\x0cb2\x00\x05\xa8\nw\x00\x00\x00\x0cb3\x00\x05\xa8\nw\x00\x00\x00\x0cb4\x00\x05\xa8\nw\x00\x00\x00\x0cb5\x00\x05\xa8\nw\x00\x00\x00\x0cb6\x00\x05\xa8\nw\x00\x00\x00\x0cb7\x00\x05\xa8\nw\x00\x00\x00\x05\x8c\r\x00\x00\x05\xa9\n\x94\x07\x00\x00\x00\'\xd1\x05\x00\x00\x05a\x15\x01d\x1a\x00\x00\x12\xba!\x00\x00\x05a\x15d\x1a\x00\x00\x12\xb0\x17\x00\x00\x05a\x15w\x00\x00\x00\x0clen\x00\x05a\x15?\x08\x00\x00\np\x00\x05b\x15\x94\x07\x00\x00\x00\x9d\x01\x02I\xfc\x10\x00\x00\x01\xdf\x17\x01\x00\x00\x01\x8d\x1a\x00\x005ep\x00\x01\xdf\x17\x01\x00\x00\x19\xc5 \x00\x00\x01\xe1-\n\x00\x00\x00I*\x17\x00\x00\x01\xfa\x0e\x03\x00\x00\x01\xb1\x1a\x00\x005ep\x00\x01\xfa\x17\x01\x00\x006c\x00\x01\xfc\x17\x01\x00\x00\x003\x9b\x05\x00\x00\x01\x0c\x01\x0e\x03\x00\x00\x01F\x1b\x00\x00\x0cep\x00\x01\x0c\x01\x17\x01\x00\x00\x0cd\x00\x01\x0c\x01F\x1b\x00\x00\x0clen\x00\x01\x0c\x01\x0e\x03\x00\x00\nr\x00\x01\x16\x01\x0e\x03\x00\x00\x05\xf0\t\x00\x00\x01\x17\x01S\x1b\x00\x00\x05Y\x12\x00\x00\x01\x18\x01\x17\x01\x00\x00\x05\xed\r\x00\x00\x01\x19\x01\xd0\x03\x00\x00\x1d\nn\x00\x01\x1d\x01\x17\x01\x00\x00\x1d\x05\xc5 \x00\x00\x01+\x01-\n\x00\x00\x1d\x05\xb3\x04\x00\x00\x019\x01*\x00\x00\x00\x05\x15#\x00\x00\x019\x01w\x00\x00\x00\x00\x00\x00\x00\x1b\x02Q\x1b\x00\x00\x17F\x1b\x00\x00\x9e\x01\x1b\x02!\x01\x00\x00I\xdb\x17\x00\x00\x06H\x0e\x03\x00\x00\x01u\x1b\x00\x00"\x8b\x04\x00\x00\x06Hu\x1b\x00\x00\x00\x1b\x02\x17\x01\x00\x003\xca%\x00\x00\x01\xca\x01\x0e\x03\x00\x00\x01\xbd\x1b\x00\x00\x0cd\x00\x01\xca\x01d\x1a\x00\x00\x0clen\x00\x01\xca\x01\x0e\x03\x00\x00\x05u#\x00\x00\x01\xcc\x01\x0e\x03\x00\x00\x1d\x05?\x1b\x00\x00\x01\xd1\x01\x0e\x03\x00\x00\x00\x00\'B\x06\x00\x00\x01\x97\x02\x01\xd6\x1b\x00\x00\x0cep\x00\x01\x97\x02\x17\x01\x00\x00\x00\x1b\x02\xab\x07\x00\x00\x17\xd6\x1b\x00\x00,\xb7\x07\x00\x00\x01\xef\x1b\x00\x00\xfa\x1b\x00\x00+b\x08\x00\x00\xdc\x1b\x00\x00\x01\x00S\xdb\x14\x00\x00\x02\x1d\x01\xe8\x1c\x00\x005pin\x00\x02\x1dw\x00\x00\x00"|#\x00\x00\x02\x1dw\x00\x00\x006bit\x00\x02\x1fw\x00\x00\x00\x19\xc8\x1a\x00\x00\x02 w\x00\x00\x006reg\x00\x02!\xe8\x1c\x00\x006out\x00\x02!\xe8\x1c\x00\x00DY\x1c\x00\x00\x19\r\x0e\x00\x00\x026w\x00\x00\x00\x00Dj\x1c\x00\x00\x19\r\x0e\x00\x00\x020w\x00\x00\x00\x00D{\x1c\x00\x00\x19\r\x0e\x00\x00\x02*w\x00\x00\x00\x00D\x97\x1c\x00\x00\x19\xb3\x04\x00\x00\x02\'*\x00\x00\x00\x19\x15#\x00\x00\x02\'*\x00\x00\x00\x00D\xb3\x1c\x00\x00\x19\xb3\x04\x00\x00\x02&*\x00\x00\x00\x19\x15#\x00\x00\x02&*\x00\x00\x00\x00D\xcf\x1c\x00\x00\x19\xb3\x04\x00\x00\x02 *\x00\x00\x00\x19\x15#\x00\x00\x02 w\x00\x00\x00\x00\x1d\x19\xb3\x04\x00\x00\x02\x1f*\x00\x00\x00\x19\x15#\x00\x00\x02\x1fw\x00\x00\x00\x00\x00\x1b\x02\x82\x00\x00\x00\x1b\x02\x92\x05\x00\x00\x17\xee\x1c\x00\x00,\xe4\x05\x00\x00\x01\x07\x1d\x00\x00\x17\x1d\x00\x00+b\x08\x00\x00\xf4\x1c\x00\x00\x01\x1c(\x05\x00\x00\x00\'\xcc\n\x00\x00\x05\xd4\x15\x01=\x1d\x00\x00\x12\x1c\x15\x00\x00\x05\xd4\x15*\x00\x00\x00\x123\r\x00\x00\x05\xd4\x15\xb7\x0f\x00\x00\x00\'w*\x00\x00\x051\x0b\x01c\x1d\x00\x00\x0cpdu\x00\x051\x0b\x14\x14\x00\x00\ncmd\x00\x052\x0b\x87\x00\x00\x00\x008!\x12\x00\x00\x01\x01y\x1d\x00\x005us\x00\x04x?\x00\x00\x00\x00S\xf4#\x00\x00\x04x\x01\x90\x1d\x00\x005us\x00\x04x?\x00\x00\x00\x00\'\xca(\x00\x00\x05&\x14\x01F\x1e\x00\x00\x12h&\x00\x00\x05&\x14w\x00\x00\x00\x05\x8b(\x00\x00\x05\'\x14F\x1e\x00\x00\x05 \x13\x00\x00\x05(\x14\xd1\x0b\x00\x00\x05\x98\x14\x00\x00\x05)\x14\xe2\x0b\x00\x00\npid\x00\x05*\x14\xe2\x0b\x00\x00\x05\xc4\x16\x00\x00\x05+\x14+\x0c\x00\x00\nodt\x00\x05,\x14L\x1e\x00\x00\x05\x8c\x1d\x00\x00\x05-\x14R\x1e\x00\x00\x05\xa3\x07\x00\x00\x05.\x14X\x1e\x00\x00\x05\xb8\x19\x00\x00\x05/\x14*\x00\x00\x00\x05\xf0\t\x00\x00\x050\x14\xdb\x13\x00\x00\x05\xa6\x13\x00\x00\x052\x14^\x1e\x00\x00\x05\xcd#\x00\x00\x053\x14?\x08\x00\x00\x05\xc6#\x00\x00\x054\x14\xd0\x03\x00\x00\x00\x1b\x02\xe5\x12\x00\x00\x1b\x02o\x0c\x00\x00\x1b\x02\xd5\x0c\x00\x00\x1b\x02&\x0c\x00\x00\x1b\x02\x9f\x0f\x00\x00I*\x17\x00\x00\x01\xe7\x0e\x03\x00\x00\x01\xb2\x1e\x00\x005ep\x00\x01\xe7\x17\x01\x00\x005d\x00\x01\xe7d\x1a\x00\x005len\x00\x01\xe7\x0e\x03\x00\x00\x19\xc5 \x00\x00\x01\xec-\n\x00\x006n\x00\x01\xed\x17\x01\x00\x006dst\x00\x01\xf0u\x1b\x00\x00\x00S\xae)\x00\x00\x02\x8a\x01x\x1f\x00\x005pin\x00\x02\x8aw\x00\x00\x005val\x00\x02\x8aw\x00\x00\x00\x19\x94\x16\x00\x00\x02\x8cw\x00\x00\x006bit\x00\x02\x8dw\x00\x00\x00\x19\xc8\x1a\x00\x00\x02\x8ew\x00\x00\x006out\x00\x02\x8f\xe8\x1c\x00\x00\x19\r\x0e\x00\x00\x02\x99w\x00\x00\x00D\'\x1f\x00\x00\x19\xb3\x04\x00\x00\x02\x97*\x00\x00\x00\x19\x15#\x00\x00\x02\x97*\x00\x00\x00\x00DC\x1f\x00\x00\x19\xb3\x04\x00\x00\x02\x8e*\x00\x00\x00\x19\x15#\x00\x00\x02\x8ew\x00\x00\x00\x00D_\x1f\x00\x00\x19\xb3\x04\x00\x00\x02\x8d*\x00\x00\x00\x19\x15#\x00\x00\x02\x8dw\x00\x00\x00\x00\x1d\x19\xb3\x04\x00\x00\x02\x8c*\x00\x00\x00\x19\x15#\x00\x00\x02\x8cw\x00\x00\x00\x00\x003\xb2\x07\x00\x00\x01\x03\x01\x17\x01\x00\x00\x01\xa1\x1f\x00\x00\x0cep\x00\x01\x03\x01\x17\x01\x00\x00\x05\xc5 \x00\x00\x01\x05\x01-\n\x00\x00\x00Sj\x13\x00\x00\x04j\x01\xc3\x1f\x00\x005ms\x00\x04j(\x05\x00\x00\x19\xf7\x03\x00\x00\x04l?\x08\x00\x00\x00\x1b\x025\t\x00\x00\x17\xc3\x1f\x00\x00,\x8a\t\x00\x00\x03\xdc\x1f\x00\x00\x08 \x00\x00+b\x08\x00\x00\xc9\x1f\x00\x00\x01"\x19\x1e\x00\x00\x08\x86*\x00\x00\x00"x\x04\x00\x00\x08\x86*\x00\x00\x00\x1d6i\x00\x08\x87\x0e\x03\x00\x00\x00\x00,\xad\t\x00\x00\x03\x16 \x00\x00M \x00\x00+b\x08\x00\x00\xc9\x1f\x00\x00\x01"\xc7\n\x00\x00\x08o-\x03\x00\x00"}&\x00\x00\x08o*\x00\x00\x00"\x8b\x19\x00\x00\x08o*\x00\x00\x00"\x96\x17\x00\x00\x08o\xd0\x03\x00\x00\x003`\r\x00\x00\x05\xf4\x0f?\x08\x00\x00\x01\x8b \x00\x00\x0cpdu\x00\x05\xf4\x0f\x14\x14\x00\x00\x12\xfd\x03\x00\x00\x05\xf4\x0fw\x00\x00\x00\nh\x00\x05\xf5\x0f*\x00\x00\x00\nl\x00\x05\xf6\x0f*\x00\x00\x00\x00,\x00\x06\x00\x00\x03\x99 \x00\x00\xa4 \x00\x00+b\x08\x00\x00\xf4\x1c\x00\x00\x01\x00\x1b\x026\x01\x00\x00\x17\xa4 \x00\x00]\x023\x03\x00\x00,o\x01\x00\x00\x03\xc3 \x00\x00\xd9 \x00\x00+b\x08\x00\x00\xaa \x00\x00\x01"M$\x00\x00\x05^\xaf \x00\x00\x00\x1b\x02\xd7\x03\x00\x00\x17\xd9 \x00\x00,;\x04\x00\x00\x03\xf2 \x00\x00)!\x00\x00+b\x08\x00\x00\xdf \x00\x00\x01"\xc7\n\x00\x00\x08\x95-\x03\x00\x00"L\'\x00\x00\x08\x95*\x00\x00\x00"t\x19\x00\x00\x08\x95\xe2\x04\x00\x00"\xf0\x0c\x00\x00\x08\x95\xd0\x03\x00\x00\x00,\x8b\x01\x00\x00\x037!\x00\x00M!\x00\x00+b\x08\x00\x00\xaa \x00\x00\x01"\x19\x1e\x00\x00\x05R+\x01\x00\x00\x00,0\x02\x00\x00\x03[!\x00\x00|!\x00\x00+b\x08\x00\x003\x03\x00\x00\x015min\x00\x08,*\x00\x00\x005max\x00\x08,*\x00\x00\x00\x00\x1b\x028\x03\x00\x00\x17|!\x00\x00,_\x03\x00\x00\x03\x95!\x00\x00\xb6!\x00\x00+b\x08\x00\x00\x82!\x00\x00\x015min\x00\x08U*\x00\x00\x005max\x00\x08U*\x00\x00\x00\x008\xef\x1d\x00\x00\x01\x01\xd8!\x00\x00"q\x14\x00\x00\x08\xc5\x0e\x03\x00\x00"r\x11\x00\x00\x08\xc5\x0e\x03\x00\x00\x00\x1b\x02-\n\x00\x00\x17\xd8!\x00\x00,H\n\x00\x00\x03\xf1!\x00\x00\x06"\x00\x00+b\x08\x00\x00\xde!\x00\x00\x015ep\x00\x01\xd3\x17\x01\x00\x00\x00>x\x1f\x00\x00\x10\x02\x00\x002\x02\x00\x00\x03\x92 \x02\x01\x9e"\x00\x00\x04\x94\x1f\x00\x00\x00\x00\x00\x00\x0b\x89\x1f\x00\x00\x03\x02\xe3!\x00\x00\x10\x02\x00\x00\x1a\x02\x00\x00\x01\x05\x01g"\x00\x00\x01\xfb!\x00\x00\x15\x00\x00\x00\x01\xf1!\x00\x00)\x00\x00\x00)\x9e"\x00\x00\x14\x02\x00\x00\x1a\x02\x00\x00\x01\xd6\x0eA\x00\x00\x00\x00\x00\x16\xa6"\x00\x00\x1a\x02\x00\x00\x1e\x02\x00\x00\x01\x06\x01\x16\xb2"\x00\x00&\x02\x00\x00*\x02\x00\x00\x01\x08\x01\x15\xbe"\x00\x00.\x02\x00\x000\x02\x00\x00\x01\x05\x01\x0eU\x00\x00\x00\x00\x00;W\x11\x00\x00\x01\x8f\x03^I\x05\x00\x00\x01\xa8\x17\x01\x00\x00\x03^\x04)\x00\x00\x01\x94\x17\x01\x00\x00\x03Yd\n\x00\x00\x03S\x13\x1c\x00\x00\x02K\x01\xdc"\x00\x00"\x94\x16\x00\x00\x02Kw\x00\x00\x00\x00>\xb2\x1e\x00\x002\x02\x00\x00\n\x03\x00\x00\x03\x92 \x02\x01\xd6#\x00\x00_\xc9\x1e\x00\x00\x01h\x04\xd4\x1e\x00\x00m\x00\x00\x00\x04\xdf\x1e\x00\x00\x0f\x01\x00\x00\x04\xea\x1e\x00\x00;\x01\x00\x00\x04\xf5\x1e\x00\x00Y\x01\x00\x00\x04\x00\x1f\x00\x00\x81\x01\x00\x00\x0b\xbe\x1e\x00\x00\rL_\x1f\x00\x002\x02\x00\x008\x02\x00\x00P#\x00\x00\x04`\x1f\x00\x00\x9f\x01\x00\x00\x04k\x1f\x00\x00m\x00\x00\x00\x00LC\x1f\x00\x008\x02\x00\x00>\x02\x00\x00t#\x00\x00\x04H\x1f\x00\x00\xb7\x01\x00\x00\x04S\x1f\x00\x00\x0f\x01\x00\x00\x00L\'\x1f\x00\x00>\x02\x00\x00D\x02\x00\x00\x98#\x00\x00\x04,\x1f\x00\x00\xcf\x01\x00\x00\x047\x1f\x00\x00;\x01\x00\x00\x00E\xc4"\x00\x00N\x02\x00\x00\x00\x00\x00\x00\x02\x95\xb5#\x00\x00\x01\xd0"\x00\x00\xe7\x01\x00\x00\x00=\x0b\x1f\x00\x00\x88\x02\x00\x00\x98\x02\x00\x00\x04\x10\x1f\x00\x00\x89\x02\x00\x00\x04\x1b\x1f\x00\x00Y\x01\x00\x00\x00\x00^X \x00\x00\x01\x82\x17\x01\x00\x00\x03>d\x1e\x00\x00\n\x03\x00\x00^\x03\x00\x00\x03\x92 \x02\x01\xb8$\x00\x00\x01~\x1e\x00\x00\xa1\x02\x00\x00\x04\x92\x1e\x00\x00\xc9\x02\x00\x00\x04\x9d\x1e\x00\x00\xde\x02\x00\x00\x04\xa6\x1e\x00\x00\xf3\x02\x00\x00\x01\x87\x1e\x00\x00\x18\x03\x00\x00\x0bt\x1e\x00\x00\x02<\xe3!\x00\x00\x14\x03\x00\x00\x1e\x03\x00\x00\x01\xecf$\x00\x00\x01\xfb!\x00\x00H\x03\x00\x00\x01\xf1!\x00\x00\\\x03\x00\x00)\x9e"\x00\x00\x18\x03\x00\x00\x1e\x03\x00\x00\x01\xd6\x0et\x03\x00\x00\x00\x00T\xb2"\x00\x00\x1e\x03\x00\x00"\x03\x00\x00\x01\xedT\xd6#\x00\x004\x03\x00\x00@\x03\x00\x00\x01\xf2T\xb2"\x00\x00F\x03\x00\x00J\x03\x00\x00\x01\xf3T\xb8$\x00\x00N\x03\x00\x00T\x03\x00\x00\x01\xf4)\xbe"\x00\x00T\x03\x00\x00X\x03\x00\x00\x01\xec\x0e\x88\x03\x00\x00\x00\x00;\x12)\x00\x00\x01\xb7\x03ex\x06\x00\x00\x01\x01I\xcc\x19\x00\x00\x03d\xe9$\x00\x00\x01\xe9$\x00\x00fobj\x00\x03f\x07\x0b\x00\x00\x05\x03\x84\x07\x80\x00\x00]\x02\x07\x0b\x00\x00>\xc7$\x00\x00^\x03\x00\x00\x86\x03\x00\x00\x03\x92 \x02\x01\x17%\x00\x00)"%\x00\x00f\x03\x00\x00z\x03\x00\x00\x03f$\x00\x00\x1b\x02\x07\x0b\x00\x00\x17\x17%\x00\x00Y@\x0b\x00\x00\x01y2\n\x00\x00\x04O(\x05\x00\x00\x86\x03\x00\x00\xd0\x03\x00\x00\x03\x92 \x02\x01m%\x00\x00mm\x00\x04P(\x05\x00\x00\xa0\x03\x00\x00\x9f\x01\r\x0e\x00\x00\x04Qw\x00\x00\x00\xbe\x03\x00\x00ft\x00\x04Qw\x00\x00\x00\x01b\x00;\x10\x12\x00\x00\x13\x1c\x01Z\xa1\x1f\x00\x00\xd0\x03\x00\x00\x00\x04\x00\x00\xdd\x03\x00\x00\x01\xad%\x00\x00\x04\xb7\x1f\x00\x00&\x04\x00\x00\x0b\xad\x1f\x00\x00\x01\x18\xdc\x03\x00\x00(%\x00\x00\x18\xe4\x03\x00\x00(%\x00\x00\x00y\xd5\x10\x00\x00\x04A(\x05\x00\x00\x00\x04\x00\x00\x18\x04\x00\x00\x03\x92 \x02\x01\xed%\x00\x00fm\x00\x04C(\x05\x00\x00\x0cf\x93\x01g\x93\x01h\x93\x01i\x93\x01#\r\x0e\x00\x00\x04Dw\x00\x00\x00\x01b\x00\xa0\x01\xaa\x19\x00\x00\x05O\x16\x18\x04\x00\x00B\x04\x00\x00\x03\x92 \x02\x01^;\x16\x00\x00\x01m\x17\x01\x00\x00\x03n\x00\n\x00\x00\x01\x9b\x01\xd0\x03\x00\x00B\x04\x00\x00\x9e\x04\x00\x00\x03\x92 \x02\x01~&\x00\x00%d\x00\x01\x9b\x01\x17\x01\x00\x00D\x04\x00\x00\x16\x03&\x00\x00X\x04\x00\x00d\x04\x00\x00\x01\x9f\x01\x02~&\x00\x00h\x04\x00\x00l\x04\x00\x00\x01\xa1\x01m&\x00\x00\rd\x00\x01\x9b\x01\x17\x01\x00\x00\x8a\x04\x00\x00\x00\x16\x86&\x00\x00~\x04\x00\x00\x84\x04\x00\x00\x01\xa3\x01\x00;\xcf\x0f\x00\x00\x01\x8a\x03;2\x1d\x00\x00\x01b\x03o\xa0\x18\x00\x00\x01\xbb\x01\xd0\x03\x00\x00\x9e\x04\x00\x00\x04\x05\x00\x00\x9d\x04\x00\x00\x01\x7f\'\x00\x00U>\x08\x00\x00\x01\xbb\x01S\x1b\x00\x00\x00\x05\x00\x00U\x91\x06\x00\x00\x01\xbb\x01\x17\x01\x00\x00&\x05\x00\x00U\xe7\r\x00\x00\x01\xbb\x01w\x00\x00\x00R\x05\x00\x00\rpgm\x00\x01\xbe\x01\xd0\x03\x00\x00\x89\x05\x00\x00z\x18\x00\x00\x00Y\'\x00\x00\ri\x00\x01\xbf\x01\x17\x01\x00\x00\xc5\x05\x00\x00\x1e0\x00\x00\x00\rr\x00\x01\xc0\x01\xd0\x03\x00\x00\r\x06\x00\x00p\xd6\x04\x00\x00\xda\x04\x00\x00?\'\x00\x00\x07\xb3\x04\x00\x00\x01\xc0\x01*\x00\x00\x00+\x06\x00\x00\x05\x15#\x00\x00\x01\xc0\x01w\x00\x00\x00\x00\x18\xde\x04\x00\x00\x0f&\x00\x00*\xe6\x04\x00\x00\x0f&\x00\x00\x03\x01h\x010\x00\x00\x00.\xbc\x04\x00\x00\x0f&\x00\x00o\'\x00\x00\x03\x01h\x04~\x011$\x00*\xc2\x04\x00\x00\x0f&\x00\x00\x03\x01h\x013\x00\x00o\xfc\t\x00\x00\x01\xaa\x01\x0e\x03\x00\x00\x04\x05\x00\x00P\x05\x00\x00C\x06\x00\x00\x01B(\x00\x00U\xe7\r\x00\x00\x01\xaa\x01\x17\x01\x00\x00\xb3\x06\x00\x00%d\x00\x01\xaa\x01F\x1b\x00\x00\xea\x06\x00\x00%len\x00\x01\xaa\x01\x0e\x03\x00\x00\x10\x07\x00\x00\x07\xc1\x14\x00\x00\x01\xac\x01\x0e\x03\x00\x00f\x07\x00\x00\x07\xf0\t\x00\x00\x01\xad\x01S\x1b\x00\x00\xac\x07\x00\x00\rpgm\x00\x01\xae\x01\xd0\x03\x00\x00\xfe\x07\x00\x00\x1eH\x00\x00\x00\rc\x00\x01\xb1\x01\x17\x01\x00\x00K\x08\x00\x00p(\x05\x00\x00,\x05\x00\x007(\x00\x00\x07\xb3\x04\x00\x00\x01\xb1\x01*\x00\x00\x00^\x08\x00\x00\x05\x15#\x00\x00\x01\xb1\x01w\x00\x00\x00\x00\x180\x05\x00\x00\x0f&\x00\x00\x00\x00,W\x0b\x00\x00\x01P(\x00\x00\x89(\x00\x00+b\x08\x00\x00\x1d%\x00\x00\x01"\xf2\x14\x00\x00\x03\x1c\x94\x07\x00\x00\x19\xc1\x14\x00\x00\x03\x1e\x0e\x03\x00\x00\x19U\x0e\x00\x00\x03\x1f\x01\x0b\x00\x00\x1d6res\x00\x03!\x0e\x03\x00\x00\x00\x00o\xe1\t\x00\x00\x01\xdf\x01\x17\x01\x00\x00P\x05\x00\x00\xb2\x05\x00\x00v\x08\x00\x00\x01x)\x00\x00\x1f;\x07\x00\x00\x01\xe1\x01\x17\x01\x00\x00\x02\x8c\x01\x02Y\x1b\x00\x00^\x05\x00\x00p\x05\x00\x00\x01\xe4\x01\xfc(\x00\x00\x01i\x1b\x00\x00\xd8\x08\x00\x00*p\x05\x00\x00\x7f\'\x00\x00\x03\x01h\x02\t\x80\x03\x06f\x93\x01g\x93\x01\x05\x03\xca\x00\x00\x00\x03\x06d\x93\x01e\x93\x01\x02\x08B\x00\x00\x02B(\x00\x00t\x05\x00\x00\xa4\x05\x00\x00\x01\xe8\x01n)\x00\x00\x13Z(\x00\x00\x01P(\x00\x00\xed\x08\x00\x00\tt\x05\x00\x00\xa4\x05\x00\x00\x04e(\x00\x00\x05\t\x00\x00\x04p(\x00\x00\x19\t\x00\x00={(\x00\x00\x82\x05\x00\x00\x9c\x05\x00\x00\x04|(\x00\x001\t\x00\x00?\x98\x05\x00\x00\x03\x06h\x93\x01i\x93\x01\x02\x80\x00\x03\x06f\x93\x01g\x93\x01\x02\x8c\x01\x00\x00\x00\x00\x18t\x05\x00\x00\xc7$\x00\x00\x00\xa1\x01.\x17\x00\x00\x01y\xb2\x05\x00\x00\xcc\x05\x00\x00\x03\x92 \x02\x01\xb0)\x00\x00`\xf0\t\x00\x00\x01y\xb0)\x00\x00I\t\x00\x00`\x81\x1c\x00\x00\x01y\x17\x01\x00\x00\xaa\t\x00\x00\x00\x1b\x02&\x01\x00\x00\xa2\x01\x17\x06\x00\x00\x06\xe4\x01\xc7)\x00\x00\xf3)\x00\x00+b\x08\x00\x00\xf4\x1c\x00\x00\x01"o$\x00\x00\x06\xe4\xf6\n\x00\x00"\x19\x1e\x00\x00\x06\xe4+\x01\x00\x00\x1d6r\x00\x06\xf0\x0e\x03\x00\x00\x00\x00,D\x06\x00\x00\x01\x01*\x00\x00:*\x00\x00+b\x08\x00\x00\xf4\x1c\x00\x00\x01"o$\x00\x00\x06\xe4\xf6\n\x00\x00"\x19\x1e\x00\x00\x06\xe4+\x01\x00\x00\x1d\x13\xdc)\x00\x00\x13\xd1)\x00\x00\x13\xc7)\x00\x00\x1d\x06\xe8)\x00\x00\x00\x00\x00q\xf3)\x00\x00\xcc\x05\x00\x00\xce\x06\x00\x00\xd6\t\x00\x00T*\x00\x00\x01\xff+\x00\x00\x01\x01*\x00\x00\x87\n\x00\x00\x01\x0b*\x00\x00\xbd\n\x00\x00\x01\x16*\x00\x00\xe3\n\x00\x00F\xb6)\x00\x00`\x00\x00\x00\x01\xdc)\x00\x00\x19\x0b\x00\x00\x01\xd1)\x00\x00A\x0b\x00\x00\x01\xc7)\x00\x00g\x0b\x00\x00F\xe7)\x00\x00`\x00\x00\x00\x06\xe8)\x00\x00E\xb1\x1a\x00\x00\xf4\x05\x00\x00x\x00\x00\x00\x06\xf0\xe2+\x00\x00\x01\xc2\x1a\x00\x00\x7f\x0b\x00\x00\x01\xd7\x1a\x00\x00\x93\x0b\x00\x00\x01\xcd\x1a\x00\x00\xbb\x0b\x00\x00\x1ex\x00\x00\x00\x06\xe3\x1a\x00\x00\x04\xed\x1a\x00\x00\xe1\x0b\x00\x00\x04\xf9\x1a\x00\x006\x0c\x00\x00\x04\x05\x1b\x00\x00I\x0c\x00\x00F\x11\x1b\x00\x00\x90\x00\x00\x00\x04\x12\x1b\x00\x00r\x0c\x00\x00g\x1c\x1b\x00\x00\xa8\x00\x00\x00\xcd+\x00\x00\x04\x1d\x1b\x00\x00\xa6\x0c\x00\x00&\xe3!\x00\x00\x18\x06\x00\x00\xc0\x00\x00\x00\x01+\x01X+\x00\x00\x01\xfb!\x00\x00\xc8\x0c\x00\x00\x01\xf1!\x00\x00\xdc\x0c\x00\x00h\x9e"\x00\x00\x18\x06\x00\x00\xd8\x00\x00\x00\x01\xd6\x0e\xf4\x0c\x00\x00\x00\x00{\xff+\x00\x00\x1c\x06\x00\x00\xf0\x00\x00\x00\x01E\x01\x16\xa6"\x00\x00N\x06\x00\x00R\x06\x00\x00\x01-\x01\x02\xbe"\x00\x00V\x06\x00\x00Z\x06\x00\x00\x01+\x01\x92+\x00\x00\x0e\x08\r\x00\x00\x00\x02~&\x00\x00j\x06\x00\x00t\x06\x00\x00\x01>\x01\xac+\x00\x00\x0e \r\x00\x00\x00\x16\xff+\x00\x00x\x06\x00\x00|\x06\x00\x00\x01B\x01\x16\xa6"\x00\x00\x80\x06\x00\x00\x84\x06\x00\x00\x01D\x01\x00\x18,\x06\x00\x00\x06"\x00\x00\x18:\x06\x00\x00u%\x00\x00\x00\x00\x00)\r,\x00\x00\xa4\x06\x00\x00\xae\x06\x00\x00\x06\xf4\x0e3\r\x00\x00\x0eK\r\x00\x00\x00\x00\x00\x00;l\x04\x00\x00\x01\xbc\x03\x1b\x02g\x05\x00\x00Yr\x05\x00\x00\x03aq\x06\x00\x00\xce\x06\x00\x00\xfa\x06\x00\x00_\r\x00\x00-,\x00\x00\x01q,\x00\x00:b\x08\x00\x00\xf4\x1c\x00\x00\x01\xa7\r\x00\x00\xa3\x01c\x00\x06\xdfw\x00\x00\x00\xcd\r\x00\x00?\xf2\x06\x00\x00\x03\x06h\x93\x01i\x93\x01\x03\xf3\x01h\x03\x06f\x93\x01g\x93\x01\x02\x8c\x01\x03\x06d\x93\x01e\x93\x01\x011\x00\x00b\x99\x06\x00\x00\xfa\x06\x00\x00\x10\x07\x00\x00\x03\x92 \x02\x8b,\x00\x00\x01\xed,\x00\x00:b\x08\x00\x00\xf4\x1c\x00\x00\x01\xec\r\x00\x00)\xbd\x1b\x00\x00\xfa\x06\x00\x00\x0e\x07\x00\x00\x06\xdc\x01\xca\x1b\x00\x00\x12\x0e\x00\x00\x02\x9e"\x00\x00\xfa\x06\x00\x00\x00\x07\x00\x00\x01\x99\x02\xcb,\x00\x00\x0e&\x0e\x00\x00\x00\x16\xb2"\x00\x00\x00\x07\x00\x00\x04\x07\x00\x00\x01\x9a\x02\x16\xff+\x00\x00\x08\x07\x00\x00\x0e\x07\x00\x00\x01\x9b\x02\x00\x00b\xb8\x06\x00\x00\x10\x07\x00\x00\x18\x07\x00\x00\x03\x92 \x02\x07-\x00\x00\x01\x1f-\x00\x00:b\x08\x00\x00\xf4\x1c\x00\x00\x01:\x0e\x00\x00\x18\x14\x07\x00\x00\x06"\x00\x00\x00|\xdb\x06\x00\x00\x06\xcb\x016-\x00\x00}b\x08\x00\x00\xf4\x1c\x00\x00\x01\x00,\xe6\x06\x00\x00\x01D-\x00\x00e-\x00\x00+b\x08\x00\x00\xf4\x1c\x00\x00\x01DY-\x00\x00\x06+-\x00\x00\x00\x1d6c\x00\x06\xce\x0e\x03\x00\x00\x00\x00q6-\x00\x00\x18\x07\x00\x00T\x07\x00\x00`\x0e\x00\x00\x7f-\x00\x00\x01\xef-\x00\x00\x01D-\x00\x00\xa8\x0e\x00\x00p,\x07\x00\x004\x07\x00\x00\x9f-\x00\x00\x04Z-\x00\x00\xfc\x0e\x00\x00\x00\t<\x07\x00\x00N\x07\x00\x00\x06+-\x00\x00)\x8d\x1a\x00\x00<\x07\x00\x00N\x07\x00\x00\x06\xd2\x01\x9d\x1a\x00\x00\x14\x0f\x00\x00\t<\x07\x00\x00N\x07\x00\x00P\xa7\x1a\x00\x00\x02\x8c\x01*D\x07\x00\x00\xe2#\x00\x00\x03\x06h\x93\x01i\x93\x01\x02\x8c\x01\x00\x00\x00\x00\x00a\t\x07\x00\x00T\x07\x00\x00\x9c\x07\x00\x00(\x0f\x00\x00\t.\x00\x00\x01X.\x00\x00:b\x08\x00\x00\xf4\x1c\x00\x00\x01\x8a\x0f\x00\x00)\x8d\x1a\x00\x00n\x07\x00\x00~\x07\x00\x00\x06\xc7\x01\x9d\x1a\x00\x00\xd2\x0f\x00\x00\tn\x07\x00\x00~\x07\x00\x00P\xa7\x1a\x00\x00\x02\x8c\x01*v\x07\x00\x00\xe2#\x00\x00\x03\x06h\x93\x01i\x93\x01\x02\x8c\x01\x00\x00\x00\x00|,\x07\x00\x00\x06\xbc\x01o.\x00\x00}b\x08\x00\x00\xf4\x1c\x00\x00\x01\x00,7\x07\x00\x00\x01}.\x00\x00\x8f.\x00\x00+b\x08\x00\x00\xf4\x1c\x00\x00\x01\x1d\x06d.\x00\x00\x00\x00\xa4\x01o.\x00\x00\x9c\x07\x00\x00\xd0\x07\x00\x00\x03\x92 \x02\xaa.\x00\x00\x01\xdd/\x00\x00\x01}.\x00\x00\xf2\x0f\x00\x00<g\x1a\x00\x00\xa6\x07\x00\x00\xb6\x07\x00\x00\x06\xbfB/\x00\x00\x01w\x1a\x00\x00\x1a\x10\x00\x00\t\xa6\x07\x00\x00\xb6\x07\x00\x00\x04\x81\x1a\x00\x00.\x10\x00\x00<\xe3!\x00\x00\xa6\x07\x00\x00\xb0\x07\x00\x00\x01\xe1\x1c/\x00\x00\x01\xfb!\x00\x00C\x10\x00\x00\x01\xf1!\x00\x00W\x10\x00\x00)\x9e"\x00\x00\xaa\x07\x00\x00\xb0\x07\x00\x00\x01\xd6\x0eo\x10\x00\x00\x00\x00T\xb2"\x00\x00\xb0\x07\x00\x00\xb4\x07\x00\x00\x01\xe2)\xbe"\x00\x00\xb4\x07\x00\x00\xb6\x07\x00\x00\x01\xe1\x0e\x83\x10\x00\x00\x00\x00\x00\t\xbc\x07\x00\x00\xce\x07\x00\x00\x06d.\x00\x00)g\x1a\x00\x00\xbc\x07\x00\x00\xcc\x07\x00\x00\x06\xc1\x01w\x1a\x00\x00\x9b\x10\x00\x00\t\xbc\x07\x00\x00\xcc\x07\x00\x00\x04\x81\x1a\x00\x00\xaf\x10\x00\x00<\xe3!\x00\x00\xbc\x07\x00\x00\xc6\x07\x00\x00\x01\xe1\xb5/\x00\x00\x01\xfb!\x00\x00\xc4\x10\x00\x00\x01\xf1!\x00\x00\xd8\x10\x00\x00)\x9e"\x00\x00\xc0\x07\x00\x00\xc6\x07\x00\x00\x01\xd6\x0e\xf0\x10\x00\x00\x00\x00T\xb2"\x00\x00\xc6\x07\x00\x00\xca\x07\x00\x00\x01\xe2)\xbe"\x00\x00\xca\x07\x00\x00\xcc\x07\x00\x00\x01\xe1\x0e\x04\x11\x00\x00\x00\x00\x00\x00\x00,Q\x02\x00\x00\x03\xeb/\x00\x00\xf6/\x00\x00+b\x08\x00\x003\x03\x00\x00\x01\x00]\x02\x030\x00\x00@\x02\x07B\x1e\x00\x00\x17\xfc/\x00\x00,\xa7\x01\x00\x00\x03\x160\x00\x0070\x00\x00+b\x08\x00\x00\xaa \x00\x00\x01"x\x04\x00\x00\x05n\xf6/\x00\x00\x1d6i\x00\x05o+\x01\x00\x00\x00\x00~\x80\x03\x00\x00\xd0\x07\x00\x00R\x08\x00\x00\x1c\x11\x00\x00Q0\x00\x00\x01\xa60\x00\x00:b\x08\x00\x00\x82!\x00\x00\x01e\x11\x00\x00)\xdd/\x00\x00\xfe\x07\x00\x002\x08\x00\x00\x08f\x13\xeb/\x00\x00)\x080\x00\x00\xfe\x07\x00\x002\x08\x00\x00\x08?\x13 0\x00\x00\x13\x160\x00\x00=+0\x00\x00\xfe\x07\x00\x002\x08\x00\x00\x04,0\x00\x00\x9b\x11\x00\x00\x00\x00\x00\x00bh\x02\x00\x00R\x08\x00\x00T\x08\x00\x00\x03\x92 \x02\xc00\x00\x00\x01\xe50\x00\x00\x7fb\x08\x00\x003\x03\x00\x00\x01\x06h\x93\x01i\x93\x01\xa5\x01x\x04\x00\x00\x08G*\x00\x00\x00\x06f\x93\x01g\x93\x01\x00b\x8c\x02\x00\x00T\x08\x00\x00V\x08\x00\x00\x03\x92 \x02\xff0\x00\x00\x01\x111\x00\x00\x7fb\x08\x00\x003\x03\x00\x00\x01\x06h\x93\x01i\x93\x01\x003_\x0c\x00\x00\x05\x8b\x13X\x1e\x00\x00\x01:1\x00\x00\x12 \x13\x00\x00\x05\x8b\x13\xd1\x0b\x00\x00\ndl\x00\x05\x93\x13:1\x00\x00\x00\x1b\x021\x13\x00\x00n\x9c\x1d\x00\x00\x05\xd3\x14\xd0\x03\x00\x00V\x08\x00\x00\xa6\x08\x00\x00\x03\x92 \x02\x01\xeb1\x00\x00U \x13\x00\x00\x05\xd3\x14\xd1\x0b\x00\x00\xc3\x11\x00\x00\x80\x01\xd1"\x00\x00\x05\xd3\x14\xeb1\x00\x00\x06f\x93\x01g\x93\x01\x07\x17\x19\x00\x00\x05\xd4\x14\xd1\x0b\x00\x00\xfd\x11\x00\x00\x07 \x0e\x00\x00\x05\xd5\x14X\x1e\x00\x00(\x12\x00\x00\x07\x17#\x00\x00\x05\xd6\x14\xd0\x03\x00\x00H\x12\x00\x00\rtmp\x00\x05\xd7\x14\xe2\x0b\x00\x00s\x12\x00\x00M\x111\x00\x00~\x08\x00\x00\x08\x01\x00\x00\x05\xdd\x14\x01"1\x00\x00\x9e\x12\x00\x00\x1e\x08\x01\x00\x00\x04.1\x00\x00\xb1\x12\x00\x00\x00\x00\x00\x1b\x02\xe2\x0b\x00\x00\'\x1c)\x00\x00\x05\xb9\x14\x01#2\x00\x00\x12\xcd\x03\x00\x00\x05\xb9\x14\xec\r\x00\x00\nidx\x00\x05\xba\x14\xd1\x0b\x00\x00\x05\x8c\x1d\x00\x00\x05\xbb\x14^\x1e\x00\x00\x00/T\x1b\x00\x00\x05\x93\x14\xa6\x08\x00\x00\xc2\x08\x00\x00\x03\x92 \x02\x01\x902\x00\x00M\xf11\x00\x00\xa6\x08\x00\x00 \x01\x00\x00\x05\x94\x14\x01\xfe1\x00\x00\xe9\x12\x00\x00\x1e \x01\x00\x00\x04\n2\x00\x00\xfd\x12\x00\x00\x04\x162\x00\x00\x1c\x13\x00\x00\x15\x902\x00\x00\xa6\x08\x00\x00\xae\x08\x00\x00\x05\xbd\x14\x16\x9d2\x00\x00\xa6\x08\x00\x00\xae\x08\x00\x00\x05\xd8\x13\x00\x00\x00\x00G\x9a\x16\x00\x00\x05\xd5\x13\xd1\x0b\x00\x00\x01GA%\x00\x00\x05R\x13\xd1\x0b\x00\x00\x013\x1e\x0b\x00\x00\x05I\x13\xd0\x03\x00\x00\x01\xc82\x00\x00\x12\xcd\x03\x00\x00\x05I\x13\xba\x0e\x00\x00\x00Q\x9c\r\x00\x00\x83\x0e\x00\x00\x01\x01\xe42\x00\x00\x05\x17#\x00\x00\x05\xe4\x12\x83\x0e\x00\x00\x003\x9b\x1f\x00\x00\x05\xe3\x12\x83\x0e\x00\x00\x01\t3\x00\x00\x05\x17#\x00\x00\x05\xe4\x12\x83\x0e\x00\x00\x1d\x06\xd72\x00\x00\x00\x00>\xe42\x00\x00\xc2\x08\x00\x00\x1e\t\x00\x00\x03\x92 \x02\x01\xcb3\x00\x00\x04\xf52\x00\x000\x13\x00\x00\x02(\x1a\x00\x00\xce\x08\x00\x00\xda\x08\x00\x00\x05\xeb\x12}3\x00\x00\rlen\x00\x05\xe3\x12?\x08\x00\x00R\x13\x00\x00\x07\xb0\x17\x00\x00\x05\xe3\x12w\x00\x00\x00~\x13\x00\x00\x05\xba!\x00\x00\x05\xe3\x12d\x1a\x00\x00\t\xce\x08\x00\x00\xda\x08\x00\x00\np\x00\x05b\x15\x94\x07\x00\x00\x00\x00\x02\xaa2\x00\x00\xda\x08\x00\x00\xfc\x08\x00\x00\x05\xee\x12\x983\x00\x00\x0b\xbb2\x00\x00\x00\x00\t\xfc\x08\x00\x00\x18\t\x00\x00\x06\xd72\x00\x00\x15(\x1a\x00\x00\xfc\x08\x00\x00\x06\t\x00\x00\x05\xef\x12$$$\t\xfc\x08\x00\x00\x06\t\x00\x00\x0e\x92\x13\x00\x00\x00\x00\x00\x00n\xa7\x1f\x00\x00\x05\xec\x0f*\x00\x00\x00\x1e\t\x00\x000\t\x00\x00\x03\x92 \x02\x01\x084\x00\x00%pdu\x00\x05\xec\x0f\x14\x14\x00\x00\xc7\x13\x00\x00\x80\x01\xfd\x03\x00\x00\x05\xec\x0fw\x00\x00\x00\x01f\x00ZM \x00\x000\t\x00\x00d\t\x00\x00\xef\x13\x00\x00\x01x4\x00\x00\x01^ \x00\x008\x14\x00\x00\x04v \x00\x00n\x14\x00\x00\x04\x80 \x00\x00\x92\x14\x00\x00\x0bj \x00\x00\x04.@\t\x00\x00\xcb3\x00\x00]4\x00\x00\x03\x06h\x93\x01i\x93\x01\x02\x80\x00\x03\x01f\x014\x00*J\t\x00\x00\xcb3\x00\x00\x03\x06h\x93\x01i\x93\x01\x02\x80\x00\x03\x01f\x016\x00\x00\'#\x1f\x00\x00\x05}\x16\x01\x9e4\x00\x00\x0cbuf\x00\x05}\x16\xf6\n\x00\x00\x0clen\x00\x05}\x16*\x00\x00\x00\x00H\'\r\x00\x00\x05\\\nd\t\x00\x00\xc4\t\x00\x00\xc6\x14\x00\x00\x01\x045\x00\x00\rlen\x00\x05^\n5\x00\x00\x00\xf5\x14\x00\x00Mx4\x00\x00\xb6\t\x00\x008\x01\x00\x00\x05u\n\x01\x914\x00\x00\x1c\x15\x00\x00\x01\x854\x00\x00A\x15\x00\x00-\xc4\t\x00\x00\x01\xf3)\x00\x00\x03\x06h\x93\x01i\x93\x01\x05\x03\x92\x07\x80\x00\x00\x00\x00/^#\x00\x00\x05G\x10\xc4\t\x00\x00\xe2\t\x00\x00\x03\x92 \x02\x01\x046\x00\x00U\x98\x0c\x00\x00\x05G\x10w\x00\x00\x00Y\x15\x00\x00\x15\xaa\x19\x00\x00\xc4\t\x00\x00\xe2\t\x00\x00\x05H\x10 b7\x00\x05G\x10w\x00\x00\x00\x00 b6\x00\x05G\x10w\x00\x00\x00\x00 b5\x00\x05G\x10w\x00\x00\x00\x00 b4\x00\x05G\x10w\x00\x00\x00\x00 b3\x00\x05G\x10w\x00\x00\x00\x00 b2\x00\x05G\x10w\x00\x00\x00\x00\rb1\x00\x05G\x10w\x00\x00\x00\x86\x15\x00\x00cb0\x00\x05G\x10w\x00\x00\x00~ len\x00\x05G\x10w\x00\x00\x00\x02\t\xc4\t\x00\x00\xe2\t\x00\x00\x05\x8c\r\x00\x00\x05\xa9\n\x94\x07\x00\x00\x16\x046\x00\x00\xc4\t\x00\x00\xd0\t\x00\x00\x05\xa9\n\x02\x116\x00\x00\xd0\t\x00\x00\xd8\t\x00\x00\x05\xaf\n\xf75\x00\x00\rlen\x00\x05\xa8\n*\x00\x00\x00\xb3\x15\x00\x00\x00\x14\xe2\t\x00\x00\x01\x9e4\x00\x00\x00\x00\x00G\x1e\x11\x00\x00\x05\xa0\n\x94\x07\x00\x00\x01(\xc3\x04\x00\x00\x05\xa4\n\x01H\xe4\x1e\x00\x00\x05`\x0e\xe2\t\x00\x002\n\x00\x00\xc7\x15\x00\x00\x01\x0e7\x00\x00%pdu\x00\x05`\x0e\x14\x14\x00\x00\xe9\x15\x00\x00\x07 \x13\x00\x00\x05a\x0e\xdd\x0b\x00\x00\x0f\x16\x00\x00\x07\xa3\x07\x00\x00\x05b\x0eX\x1e\x00\x00C\x16\x00\x00\x07."\x00\x00\x05d\x0ew\x00\x00\x00c\x16\x00\x00\x02\x0e7\x00\x00\xfa\t\x00\x00\xfc\t\x00\x00\x05g\x0e\x986\x00\x00\x07\x17#\x00\x00\x05`\x0e\x83\x0e\x00\x00\x8f\x16\x00\x00\x00\x02\x111\x00\x00\x10\n\x00\x00.\n\x00\x00\x05n\x0e\xd46\x00\x00\x01"1\x00\x00\xa3\x16\x00\x00\t\x10\n\x00\x00.\n\x00\x00P.1\x00\x00\x0e\x8c\x00\x08\xff\x1a9\x1e\x03\xa0\x06\x80\x00"\x9f\x00\x00.\xea\t\x00\x00\xcb3\x00\x00\xf36\x00\x00\x03\x06h\x93\x01i\x93\x01\x03\xf3\x01h\x03\x01f\x012\x00\x14\x02\n\x00\x00\x01\x045\x00\x00*\x10\n\x00\x00\x045\x00\x00\x03\x01h\x02\x08"\x00\x00(\xbb%\x00\x00\x05\xb8\x0f\x01/T\x08\x00\x00\x05\xad\x0b2\n\x00\x008\n\x00\x00\x03\x92 \x02\x01Q7\x00\x00%pdu\x00\x05\xad\x0b\x14\x14\x00\x00\xb6\x16\x00\x00-8\n\x00\x00\x01\x045\x00\x00\x03\x01h\x010\x00\x00/\xf5\x1b\x00\x00\x05c\x0b8\n\x00\x00>\n\x00\x00\x03\x92 \x02\x01\x8c7\x00\x00%pdu\x00\x05c\x0b\x14\x14\x00\x00\xdc\x16\x00\x00->\n\x00\x00\x01\x045\x00\x00\x03\x01h\x02\x08 \x00\x00/\xd4\x1c\x00\x00\x05C\x10>\n\x00\x00X\n\x00\x00\x03\x92 \x02\x01y8\x00\x00\x15\xaa\x19\x00\x00>\n\x00\x00X\n\x00\x00\x05D\x10 b7\x00\x05C\x10w\x00\x00\x00\x00 b6\x00\x05C\x10w\x00\x00\x00\x00 b5\x00\x05C\x10w\x00\x00\x00\x00 b4\x00\x05C\x10w\x00\x00\x00\x00 b3\x00\x05C\x10w\x00\x00\x00\x00 b2\x00\x05C\x10w\x00\x00\x00\x00 b1\x00\x05C\x10w\x00\x00\x00\x00cb0\x00\x05C\x10w\x00\x00\x00\x7f len\x00\x05C\x10w\x00\x00\x00\x01\t>\n\x00\x00X\n\x00\x00\x05\x8c\r\x00\x00\x05\xa9\n\x94\x07\x00\x00\x16\x046\x00\x00>\n\x00\x00F\n\x00\x00\x05\xa9\n\x02\x116\x00\x00F\n\x00\x00N\n\x00\x00\x05\xaf\nl8\x00\x00\rlen\x00\x05\xa8\n*\x00\x00\x00\x02\x17\x00\x00\x00\x14X\n\x00\x00\x01\x9e4\x00\x00\x00\x00\x00>\x0e7\x00\x00X\n\x00\x00f\n\x00\x00\x03\x92 \x02\x01\xaa8\x00\x00\xa6\x01\x16\x17\x00\x00\x14b\n\x00\x00\x01\x8c7\x00\x00\x14f\n\x00\x00\x01\x045\x00\x00\x008\x9f\x1c\x00\x00\x01\x01\xe68\x00\x00\x0cpdu\x00\x05\xad\x0e\x14\x14\x00\x00\x05 \x13\x00\x00\x05\xae\x0e\xd1\x0b\x00\x00\x05\xd8\x03\x00\x00\x05\xaf\x0e\xe2\x0b\x00\x00\x05\xd0$\x00\x00\x05\xb0\x0e+\x0c\x00\x00\x003\xce\x11\x00\x00\x05,\x13\x83\x0e\x00\x00\x01@9\x00\x00\x12 \x13\x00\x00\x05-\x13\xd1\x0b\x00\x00\x12\xd8\x03\x00\x00\x05-\x13\xe2\x0b\x00\x00\x12\xd0$\x00\x00\x05-\x13+\x0c\x00\x00\nidx\x00\x05/\x13w\x00\x00\x00\nodt\x00\x050\x13\xe2\x0b\x00\x00\x05\x17#\x00\x00\x051\x13\x83\x0e\x00\x00\x00QT*\x00\x00\x83\x0e\x00\x00\x01\x01\x989\x00\x00\x12 \x13\x00\x00\x05-\x13\xd1\x0b\x00\x00\x12\xd8\x03\x00\x00\x05-\x13\xe2\x0b\x00\x00\x12\xd0$\x00\x00\x05-\x13+\x0c\x00\x00\nidx\x00\x05/\x13w\x00\x00\x00\nodt\x00\x050\x13\xe2\x0b\x00\x00\x05\x17#\x00\x00\x051\x13\x83\x0e\x00\x00\x00\'\r\x1f\x00\x00\x05\xad\x0e\x01\xee9\x00\x00\x0cpdu\x00\x05\xad\x0e\x14\x14\x00\x00\x05 \x13\x00\x00\x05\xae\x0e\xd1\x0b\x00\x00\x05\xd8\x03\x00\x00\x05\xaf\x0e\xe2\x0b\x00\x00\x05\xd0$\x00\x00\x05\xb0\x0e+\x0c\x00\x00\x1d\x13\xb58\x00\x00\x1d\x06\xc18\x00\x00\x06\xcd8\x00\x00\x06\xd98\x00\x00\x00\x00\x00Z\x989\x00\x00f\n\x00\x006\x0b\x00\x00Z\x17\x00\x00\x01|;\x00\x00\x01\xa59\x00\x00\x96\x17\x00\x007\xb19\x00\x00\x007\xbd9\x00\x00\x007\xc99\x00\x00\x00&\x0e7\x00\x00z\n\x00\x00P\x01\x00\x00\x05\xb2\x0eT:\x00\x00\x07\x17#\x00\x00\x05\xad\x0e\x83\x0e\x00\x00\x08\x18\x00\x00-\x86\n\x00\x00\x01\x045\x00\x00\x03\x01h\x01B\x00\x00F\xaa8\x00\x00h\x01\x00\x00\x01\xb58\x00\x00\x1c\x18\x00\x00\x1eh\x01\x00\x00\x04\xc18\x00\x00`\x18\x00\x00\x06\xcd8\x00\x00\x06\xd98\x00\x00&\xe68\x00\x00\x8e\n\x00\x00\x88\x01\x00\x00\x05\xb8\x0e#;\x00\x00\x01\x0f9\x00\x00\x89\x18\x00\x00\x01\x039\x00\x00\xdc\x18\x00\x00\x01\xf78\x00\x00`\x18\x00\x00\x1e\x88\x01\x00\x00\x06\x1b9\x00\x00\x06\'9\x00\x00\x0439\x00\x00/\x19\x00\x00\x02\xaa2\x00\x00\x8e\n\x00\x00\xa8\n\x00\x00\x053\x13\xe3:\x00\x00\x01\xbb2\x00\x00Q\x19\x00\x00\x00F@9\x00\x00\x90\x01\x00\x00\x01g9\x00\x00q\x19\x00\x00\x01[9\x00\x00\xb4\x19\x00\x00\x01O9\x00\x00\xf7\x19\x00\x00\x1e\x90\x01\x00\x00\x04s9\x00\x00\x15\x1a\x00\x00\x06\x7f9\x00\x00\x06\x8b9\x00\x00\x00\x00\x00\x00&|;\x00\x00\xa8\n\x00\x00\xb0\x01\x00\x00\x05\xb5\x0e:;\x00\x00$$\x00\x02|;\x00\x00\xac\n\x00\x00\xae\n\x00\x00\x05\xb6\x0eQ;\x00\x00$$\x00.\x8e\n\x00\x00\xcb3\x00\x00o;\x00\x00\x03\x06h\x93\x01i\x93\x01\x02\x8c\x00\x03\x01f\x012\x00\x14*\x0b\x00\x00\x01\x0e7\x00\x00\x00\x00\x00GZ\n\x00\x00\x05\xe8\x0fw\x00\x00\x00\x018d\x17\x00\x00\x01\x01\xb9;\x00\x00\x0cpdu\x00\x05\x9d\x0e\x14\x14\x00\x00\x05 \x13\x00\x00\x05\x9e\x0e\xd1\x0b\x00\x00\x05\x18\x12\x00\x00\x05\x9f\x0e\xe2\x0b\x00\x00\x003\x89\x08\x00\x00\x05\x12\x13\x83\x0e\x00\x00\x01\xfb;\x00\x00\x12 \x13\x00\x00\x05\x12\x13\xd1\x0b\x00\x00\x12\x18\x12\x00\x00\x05\x12\x13\xe2\x0b\x00\x00\nidx\x00\x05\x13\x13w\x00\x00\x00\x05\x17#\x00\x00\x05\x14\x13\x83\x0e\x00\x00\x00Q2)\x00\x00\x83\x0e\x00\x00\x01\x01;<\x00\x00\x12 \x13\x00\x00\x05\x12\x13\xd1\x0b\x00\x00\x12\x18\x12\x00\x00\x05\x12\x13\xe2\x0b\x00\x00\nidx\x00\x05\x13\x13w\x00\x00\x00\x05\x17#\x00\x00\x05\x14\x13\x83\x0e\x00\x00\x00\' \x06\x00\x00\x05\x9d\x0e\x01\x80<\x00\x00\x0cpdu\x00\x05\x9d\x0e\x14\x14\x00\x00\x05 \x13\x00\x00\x05\x9e\x0e\xd1\x0b\x00\x00\x05\x18\x12\x00\x00\x05\x9f\x0e\xe2\x0b\x00\x00\x1d\x13\x94;\x00\x00\x1d\x06\xa0;\x00\x00\x06\xac;\x00\x00\x00\x00\x00Z;<\x00\x006\x0b\x00\x00\xfc\x0b\x00\x00T\x1a\x00\x00\x01\xd0=\x00\x00\x01H<\x00\x00\x83\x1a\x00\x007T<\x00\x00\x007`<\x00\x00\x00&\x0e7\x00\x00H\x0b\x00\x00\xc8\x01\x00\x00\x05\xa1\x0e\xe0<\x00\x00\x07\x17#\x00\x00\x05\x9d\x0e\x83\x0e\x00\x00\xe7\x1a\x00\x00-R\x0b\x00\x00\x01\x045\x00\x00\x03\x01h\x01B\x00\x00F\x89;\x00\x00\xe0\x01\x00\x00\x01\x94;\x00\x00\xfb\x1a\x00\x00\x1e\xe0\x01\x00\x00\x04\xa0;\x00\x001\x1b\x00\x00\x06\xac;\x00\x00&\xb9;\x00\x00Z\x0b\x00\x00\x00\x02\x00\x00\x05\xa6\x0e\x8e=\x00\x00\x01\xd6;\x00\x00Z\x1b\x00\x00\x01\xca;\x00\x001\x1b\x00\x00\x1e\x00\x02\x00\x00\x06\xe2;\x00\x00\x04\xee;\x00\x00\x8e\x1b\x00\x00\x02\xaa2\x00\x00Z\x0b\x00\x00t\x0b\x00\x00\x05\x16\x13\\=\x00\x00\x01\xbb2\x00\x00\xb0\x1b\x00\x00\x00F\xfb;\x00\x00\x08\x02\x00\x00\x01\x16<\x00\x00\xd0\x1b\x00\x00\x01\n<\x00\x00\xf4\x1b\x00\x00\x1e\x08\x02\x00\x00\x04"<\x00\x00\x12\x1c\x00\x00\x06.<\x00\x00\x00\x00\x00\x00\x02|;\x00\x00t\x0b\x00\x00z\x0b\x00\x00\x05\xa4\x0e\xa5=\x00\x00$$\x00.Z\x0b\x00\x00\xcb3\x00\x00\xc3=\x00\x00\x03\x06h\x93\x01i\x93\x01\x02\x8c\x00\x03\x01f\x012\x00\x14\xf0\x0b\x00\x00\x01\x0e7\x00\x00\x00\x00\x008\xe3!\x00\x00\x01\x01\xf4=\x00\x00\x0cpdu\x00\x05\x8f\x0e\x14\x14\x00\x00\x05\xc8"\x00\x00\x05\x90\x0e\xd1\x0b\x00\x00\x003\xea\x03\x00\x00\x05\xf9\x12\x83\x0e\x00\x00\x01*>\x00\x00\x12\xc8"\x00\x00\x05\xf9\x12\xd1\x0b\x00\x00\nidx\x00\x05\xfa\x12w\x00\x00\x00\x05\x17#\x00\x00\x05\xfb\x12\x83\x0e\x00\x00\x00Q_\x06\x00\x00\x83\x0e\x00\x00\x01\x01^>\x00\x00\x12\xc8"\x00\x00\x05\xf9\x12\xd1\x0b\x00\x00\nidx\x00\x05\xfa\x12w\x00\x00\x00\x05\x17#\x00\x00\x05\xfb\x12\x83\x0e\x00\x00\x00\'\x81\x18\x00\x00\x05\x8f\x0e\x01\x92>\x00\x00\x0cpdu\x00\x05\x8f\x0e\x14\x14\x00\x00\x05\xc8"\x00\x00\x05\x90\x0e\xd1\x0b\x00\x00\x1d\x13\xdb=\x00\x00\x1d\x06\xe7=\x00\x00\x00\x00\x00>^>\x00\x00\xfc\x0b\x00\x00\x9a\x0c\x00\x00\x03\x92 \x02\x01\xaf?\x00\x00\x01k>\x00\x00;\x1c\x00\x007w>\x00\x00\x00\x02\x0e7\x00\x00\n\x0c\x00\x00\x10\x0c\x00\x00\x05\x92\x0e\xec>\x00\x00\x07\x17#\x00\x00\x05\x8f\x0e\x83\x0e\x00\x00\x7f\x1c\x00\x00-\x10\x0c\x00\x00\x01\x045\x00\x00\x03\x01h\x01B\x00\x00F\xd0=\x00\x00 \x02\x00\x00\x01\xdb=\x00\x00\x93\x1c\x00\x00\x1e \x02\x00\x00\x04\xe7=\x00\x00\xb9\x1c\x00\x00&\xf4=\x00\x00\x16\x0c\x00\x00@\x02\x00\x00\x05\x96\x0e\x83?\x00\x00\x01\x05>\x00\x00\xb9\x1c\x00\x00\x1e@\x02\x00\x00\x06\x11>\x00\x00\x04\x1d>\x00\x00\xe2\x1c\x00\x00\x02\xaa2\x00\x00\x16\x0c\x00\x000\x0c\x00\x00\x05\xfd\x12Z?\x00\x00\x01\xbb2\x00\x00\x04\x1d\x00\x00\x00F*>\x00\x00X\x02\x00\x00\x019>\x00\x00$\x1d\x00\x00\x1eX\x02\x00\x00\x04E>\x00\x00B\x1d\x00\x00\x06Q>\x00\x00\x00\x00\x00\x00.\x16\x0c\x00\x00\xcb3\x00\x00\xa2?\x00\x00\x03\x06h\x93\x01i\x93\x01\x03\xf3\x01h\x03\x01f\x012\x00\x14\x8e\x0c\x00\x00\x01\x0e7\x00\x00\x00\x00\x008\xe3\x07\x00\x00\x01\x01\xc7?\x00\x00\npdu\x00\x05\x84\x0e\x14\x14\x00\x00\x00\'\xb5\x06\x00\x00\x05\x84\x0e\x01\xe8?\x00\x00\x0cpdu\x00\x05\x84\x0e\x14\x14\x00\x00\x1d\x06\xba?\x00\x00\x00\x00>\xc7?\x00\x00\x9a\x0c\x00\x00\xb4\x0c\x00\x00\x03\x92 \x02\x01_@\x00\x00\x01\xd4?\x00\x00k\x1d\x00\x00\x02\x0e7\x00\x00\xa6\x0c\x00\x00\xac\x0c\x00\x00\x05\x87\x0e<@\x00\x00\x07\x17#\x00\x00\x05\x84\x0e\x83\x0e\x00\x00\x91\x1d\x00\x00-\xac\x0c\x00\x00\x01\x045\x00\x00\x03\x01h\x01B\x00\x00\t\xac\x0c\x00\x00\xb4\x0c\x00\x00\x06\xba?\x00\x00\x18\xb0\x0c\x00\x00\xe42\x00\x00\x14\xb4\x0c\x00\x00\x01\x0e7\x00\x00\x00\x00//(\x00\x00\x05{\x0f\xb4\x0c\x00\x00\xca\x0c\x00\x00\x03\x92 \x02\x01\xd5@\x00\x00%pdu\x00\x05{\x0f\x14\x14\x00\x00\xa5\x1d\x00\x00\x05\xf7\x11\x00\x00\x05|\x0f*\x00\x00\x00\x02\x0e7\x00\x00\xc0\x0c\x00\x00\xc6\x0c\x00\x00\x05\x7f\x0f\xca@\x00\x00\x07\x17#\x00\x00\x05{\x0f\x83\x0e\x00\x00\xcb\x1d\x00\x00-\xc6\x0c\x00\x00\x01\x045\x00\x00\x03\x01h\x02\x08)\x00\x00\x14\xca\x0c\x00\x00\x01\x8c7\x00\x00\x00/e\'\x00\x00\x05?\x0f\xce\x0c\x00\x00\xf0\x0c\x00\x00\x03\x92 \x02\x01zA\x00\x00%pdu\x00\x05?\x0f\x14\x14\x00\x00\xe0\x1d\x00\x00\x02\x0e7\x00\x00\xda\x0c\x00\x00\xe0\x0c\x00\x00\x05A\x0f4A\x00\x00\x07\x17#\x00\x00\x05?\x0f\x83\x0e\x00\x00\x06\x1e\x00\x00-\xe0\x0c\x00\x00\x01\x045\x00\x00\x03\x01h\x02\x08)\x00\x00\x02zA\x00\x00\xe0\x0c\x00\x00\xec\x0c\x00\x00\x05C\x0foA\x00\x00\x07\x8b(\x00\x00\x05?\x0f\xfd\x10\x00\x00\x1b\x1e\x00\x00\t\xe0\x0c\x00\x00\xec\x0c\x00\x00\x05\xf7"\x00\x00\x05\x99\x10\x83A\x00\x00\x00\x00\x14\xf0\x0c\x00\x00\x01\x8c7\x00\x00\x00(\x8c$\x00\x00\x05\x98\x10\x01\x1b\x02\xd9\x12\x00\x00/r\t\x00\x00\x05.\x0f\xf0\x0c\x00\x00:\r\x00\x00\x03\x92 \x02\x01<B\x00\x00%pdu\x00\x05.\x0f\x14\x14\x00\x00/\x1e\x00\x00\nlen\x00\x05/\x0fw\x00\x00\x00\rsrc\x00\x050\x0f\xf2\x0e\x00\x00\x83\x1e\x00\x00\x02\x0e7\x00\x00\xfe\x0c\x00\x00\x04\r\x00\x00\x054\x0f\x04B\x00\x00\x07\x17#\x00\x00\x05.\x0f\x83\x0e\x00\x00\xe3\x1e\x00\x00-\x04\r\x00\x00\x01\x045\x00\x00\x03\x01h\x02\x08)\x00\x00\x02|;\x00\x00\x04\r\x00\x00\x0c\r\x00\x00\x05/\x0f1B\x00\x00\x05\xfd\x03\x00\x00\x05.\x0fw\x00\x00\x00\npdu\x00\x05.\x0f\x14\x14\x00\x00\x00\x14:\r\x00\x00\x01\x8c7\x00\x00\x00/m\x1b\x00\x00\x05;\x0e:\r\x00\x00P\r\x00\x00\x03\x92 \x02\x01\xa5B\x00\x00%pdu\x00\x05;\x0e\x14\x14\x00\x00\xf8\x1e\x00\x00\x02\x0e7\x00\x00F\r\x00\x00L\r\x00\x00\x05=\x0e\x9aB\x00\x00\x07\x17#\x00\x00\x05;\x0e\x83\x0e\x00\x00\x1e\x1f\x00\x00-L\r\x00\x00\x01\x045\x00\x00\x03\x01h\x01B\x00\x00\x14P\r\x00\x00\x01\x8c7\x00\x00\x00(\xde\x16\x00\x00\x05\x8f\x14\x01/\xde\x1b\x00\x00\x05%\x0eT\r\x00\x00\xc0\r\x00\x00\x03\x92 \x02\x012D\x00\x00%pdu\x00\x05%\x0e\x14\x14\x00\x002\x1f\x00\x00\x05|#\x00\x00\x05&\x0e\x87\x00\x00\x00\x02|;\x00\x00T\r\x00\x00^\r\x00\x00\x05&\x0e\x18C\x00\x00\x07\xfd\x03\x00\x00\x05%\x0ew\x00\x00\x00\xd2\x1f\x00\x00\rpdu\x00\x05%\x0e\x14\x14\x00\x00\xe6\x1f\x00\x00\x00\x02\x0e7\x00\x00l\r\x00\x00n\r\x00\x00\x05)\x0e=C\x00\x00\x07\x17#\x00\x00\x05%\x0e\x83\x0e\x00\x00\xfe\x1f\x00\x00\x00&\xa5B\x00\x00v\r\x00\x00p\x02\x00\x00\x05-\x0e\x9dC\x00\x00M\xf11\x00\x00v\r\x00\x00p\x02\x00\x00\x05\x90\x14\x13\xfe1\x00\x00\x1ep\x02\x00\x00\x04\n2\x00\x00\x12 \x00\x00\x06\x162\x00\x00\x15\x902\x00\x00v\r\x00\x00~\r\x00\x00\x05\xbd\x14\x16\x9d2\x00\x00v\r\x00\x00~\r\x00\x00\x05\xd8\x13\x00\x00\x00\x00\x022D\x00\x00\x94\r\x00\x00\x98\r\x00\x00\x05.\x0e\xd8C\x00\x00\x07\x8b(\x00\x00\x05%\x0e\xaa\x11\x00\x00% \x00\x00\t\x94\r\x00\x00\x98\r\x00\x00\x05a\x13\x00\x00\x05\x87\x14\x83A\x00\x00\x00\x00&2D\x00\x00\x98\r\x00\x00\x88\x02\x00\x00\x051\x0e\x0fD\x00\x00\x07\x8b(\x00\x00\x05%\x0e\xaa\x11\x00\x009 \x00\x00\x1e\x88\x02\x00\x00\x05a\x13\x00\x00\x05\x87\x14\x83A\x00\x00\x00\x00\x14r\r\x00\x00\x01\x045\x00\x00\x14\xa4\r\x00\x00\x01\x8c7\x00\x00V\xac\r\x00\x00\x18\xba\r\x00\x00#2\x00\x00\x00(\xb8\x05\x00\x00\x05\x86\x14\x01H6$\x00\x00\x05\xc3\r\xc0\r\x00\x00f\x0e\x00\x00M \x00\x00\x01\xf2F\x00\x00%pdu\x00\x05\xc3\r\x14\x14\x00\x00\x89 \x00\x00\x07\x8c\x1d\x00\x00\x05\xc4\r^\x1e\x00\x00\xed \x00\x00\x05|#\x00\x00\x05\xc5\r\x87\x00\x00\x00\x07 \x13\x00\x00\x05\xc6\r\xdd\x0b\x00\x00\x01!\x00\x00\x07h&\x00\x00\x05\xc7\r5\x00\x00\x006!\x00\x00\x05}\x11\x00\x00\x05\xc8\r\x87\x00\x00\x00\x05t\x11\x00\x00\x05\xc9\r\x87\x00\x00\x00\x02\x0e7\x00\x00\xe6\r\x00\x00\xe8\r\x00\x00\x05\xd0\r\xddD\x00\x00\x07\x17#\x00\x00\x05\xc3\r\x83\x0e\x00\x00\x94!\x00\x00\x00&\x0e7\x00\x00\xee\r\x00\x00\xa0\x02\x00\x00\x05\xd1\r\x0cE\x00\x00\x07\x17#\x00\x00\x05\xc3\r\x83\x0e\x00\x00\xa8!\x00\x00\x14\xf2\r\x00\x00\x01\x045\x00\x00\x00\x02|;\x00\x00\x02\x0e\x00\x00\x0c\x0e\x00\x00\x05\xc5\r9E\x00\x00\x05\xfd\x03\x00\x00\x05\xc3\rw\x00\x00\x00\npdu\x00\x05\xc3\r\x14\x14\x00\x00\x00\x02\xf2F\x00\x00$\x0e\x00\x00(\x0e\x00\x00\x05\xf8\rnE\x00\x00\x07h&\x00\x00\x05\xc3\r*\x00\x00\x00\xbc!\x00\x00\x07 \x13\x00\x00\x05\xc3\r\xd1\x0b\x00\x00\xe7!\x00\x00\x00&\xfbF\x00\x00.\x0e\x00\x00\xb8\x02\x00\x00\x05\xfa\r\xafE\x00\x00\x07\'\x19\x00\x00\x05\xc3\rw\x00\x00\x00\xfa!\x00\x00\x05x\x04\x00\x00\x05\xc3\rw\x00\x00\x00\x07\x17#\x00\x00\x05\xc3\rw\x00\x00\x00\x1a"\x00\x00\x00&\xfbF\x00\x004\x0e\x00\x00\xd0\x02\x00\x00\x05\xfd\r\xf0E\x00\x00\x07\'\x19\x00\x00\x05\xc3\rw\x00\x00\x008"\x00\x00\x05x\x04\x00\x00\x05\xc3\rw\x00\x00\x00\x07\x17#\x00\x00\x05\xc3\rw\x00\x00\x00Z"\x00\x00\x00\x02\xfbF\x00\x008\x0e\x00\x00:\x0e\x00\x00\x05\xfc\r)F\x00\x00\x05\'\x19\x00\x00\x05\xc3\rw\x00\x00\x00\x05x\x04\x00\x00\x05\xc3\rw\x00\x00\x00\x05\x17#\x00\x00\x05\xc3\rw\x00\x00\x00\x00&\xfbF\x00\x00<\x0e\x00\x00\xf0\x02\x00\x00\x05\xfe\rjF\x00\x00\x07\'\x19\x00\x00\x05\xc3\rw\x00\x00\x00\x98"\x00\x00\x05x\x04\x00\x00\x05\xc3\rw\x00\x00\x00\x07\x17#\x00\x00\x05\xc3\rw\x00\x00\x00\xba"\x00\x00\x00&\xfbF\x00\x00B\x0e\x00\x00\x08\x03\x00\x00\x05\xff\r\xabF\x00\x00\x07\'\x19\x00\x00\x05\xc3\rw\x00\x00\x00\xd8"\x00\x00\x05x\x04\x00\x00\x05\xc3\rw\x00\x00\x00\x07\x17#\x00\x00\x05\xc3\rw\x00\x00\x00\xfa"\x00\x00\x00.\xce\r\x00\x00\xcb3\x00\x00\xc9F\x00\x00\x03\x06h\x93\x01i\x93\x01\x02\x8c\x00\x03\x01f\x012\x00.\xd8\r\x00\x00\xcb3\x00\x00\xe7F\x00\x00\x03\x06h\x93\x01i\x93\x01\x02\x8c\x00\x03\x01f\x014\x00\x14V\x0e\x00\x00\x01\x8c7\x00\x00\x00(c\x18\x00\x00\x05\x1c\x14\x01G`\x16\x00\x00\x05\x1a\x10w\x00\x00\x00\x018\xdf\x05\x00\x00\x01\x01PG\x00\x00\x12\xa4\'\x00\x00\x05\xa5\x10w\x00\x00\x00\x12\xe3\x11\x00\x00\x05\xa5\x10?\x08\x00\x00\x05\xb8"\x00\x00\x05\xa5\x10w\x00\x00\x00\x05\x16\x06\x00\x00\x05\xa5\x10w\x00\x00\x00\x05\x8c\x1d\x00\x00\x05\xa6\x10R\x1e\x00\x00\x003\xd0\x0e\x00\x00\x05u\x13R\x1e\x00\x00\x01\x9eG\x00\x00\x12 \x13\x00\x00\x05v\x13\xd1\x0b\x00\x00\x12\xd8\x03\x00\x00\x05v\x13\xe2\x0b\x00\x00\x12\xa6\x03\x00\x00\x05v\x13+\x0c\x00\x00\nodt\x00\x05x\x13L\x1e\x00\x00\nidx\x00\x05y\x13\xe2\x0b\x00\x00\x003\xd4\'\x00\x00\x05\xa8\x14L\x1e\x00\x00\x01\xdfG\x00\x00\x12 \x13\x00\x00\x05\xa8\x14\xd1\x0b\x00\x00\x12\xd8\x03\x00\x00\x05\xa8\x14\xe2\x0b\x00\x00\ndl\x00\x05\xa9\x14X\x1e\x00\x00\nidx\x00\x05\xaa\x14\xe2\x0b\x00\x00\x00H\xdb\x08\x00\x00\x05\x87\rf\x0e\x00\x00"\x0f\x00\x00\x18#\x00\x00\x01\xd5I\x00\x00%pdu\x00\x05\x87\r\x14\x14\x00\x00a#\x00\x00\x05\x16\x06\x00\x00\x05\x88\r\x87\x00\x00\x00\x05\xa4\'\x00\x00\x05\x89\r\x87\x00\x00\x00\x05\xb8"\x00\x00\x05\x8a\r\x87\x00\x00\x00\x07\xe3\x11\x00\x00\x05\x8b\rJ\x08\x00\x00\xb5#\x00\x00\x02\x0e7\x00\x00\x82\x0e\x00\x00\x84\x0e\x00\x00\x05\x8f\raH\x00\x00\x07\x17#\x00\x00\x05\x87\r\x83\x0e\x00\x00\xe9#\x00\x00\x00&\x0e7\x00\x00\x8c\x0e\x00\x00 \x03\x00\x00\x05\x90\r\x90H\x00\x00\x07\x17#\x00\x00\x05\x87\r\x83\x0e\x00\x00\xfd#\x00\x00\x14\x90\x0e\x00\x00\x01\x045\x00\x00\x00\x02|;\x00\x00\xa2\x0e\x00\x00\xa8\x0e\x00\x00\x05\x89\r\xbdH\x00\x00\x05\xfd\x03\x00\x00\x05\x87\rw\x00\x00\x00\npdu\x00\x05\x87\r\x14\x14\x00\x00\x00\x02\x08G\x00\x00\xa8\x0e\x00\x00\x16\x0f\x00\x00\x05\x99\r\xb1I\x00\x00\x01\x1fG\x00\x00\x11$\x00\x00\x13\x13G\x00\x00\t\xa8\x0e\x00\x00\x16\x0f\x00\x00\x06+G\x00\x00\x067G\x00\x00\x04CG\x00\x00/$\x00\x00\x15PG\x00\x00\xb0\x0e\x00\x00\xec\x0e\x00\x00\x05\xaa\x10\x01yG\x00\x00C$\x00\x00\x01mG\x00\x00V$\x00\x00\x01aG\x00\x00x$\x00\x00\t\xb0\x0e\x00\x00\xec\x0e\x00\x00\x04\x85G\x00\x00\x8f$\x00\x00\x04\x91G\x00\x00\xa3$\x00\x00\x15\x9eG\x00\x00\xb0\x0e\x00\x00\xde\x0e\x00\x00\x05~\x13\x01\xbbG\x00\x00\xfc$\x00\x00\x01\xafG\x00\x00\x0f%\x00\x00\t\xb0\x0e\x00\x00\xde\x0e\x00\x00\x04\xc7G\x00\x00\x8f$\x00\x00\x04\xd2G\x00\x00\x8f$\x00\x00\x15\x111\x00\x00\xb0\x0e\x00\x00\xdc\x0e\x00\x00\x05\xac\x14\x01"1\x00\x00\x0f%\x00\x00\t\xb0\x0e\x00\x00\xdc\x0e\x00\x00\x04.1\x00\x00&%\x00\x00\x00\x00\x00\x00\x00\x00\x00\x00.t\x0e\x00\x00\x084\x00\x00\xcaI\x00\x00\x03\x06h\x93\x01i\x93\x01\x02\x8c\x00\x00\x14"\x0f\x00\x00\x01\x8c7\x00\x00\x0082\x18\x00\x00\x01\x01\x11J\x00\x00\x0cpdu\x00\x05h\r\x14\x14\x00\x00\x05 \x0e\x00\x00\x05i\r\xd1\x0b\x00\x00\nodt\x00\x05j\r\xe2\x0b\x00\x00\x05[\x17\x00\x00\x05k\r+\x0c\x00\x00\x003\xd1\x0b\x00\x00\x05\xfe\x13\xd0\x03\x00\x00\x01kJ\x00\x00\x12 \x13\x00\x00\x05\xff\x13\xd1\x0b\x00\x00\x12\xd8\x03\x00\x00\x05\xff\x13\xe2\x0b\x00\x00\x12[\x17\x00\x00\x05\xff\x13+\x0c\x00\x00\x05 \x0e\x00\x00\x05\x01\x14X\x1e\x00\x00\nodt\x00\x05\x02\x14L\x1e\x00\x00\x05\x17#\x00\x00\x05\x03\x14\xd0\x03\x00\x00\x00Q\x1f \x00\x00\xd0\x03\x00\x00\x01\x01\xc3J\x00\x00\x12 \x13\x00\x00\x05\xff\x13\xd1\x0b\x00\x00\x12\xd8\x03\x00\x00\x05\xff\x13\xe2\x0b\x00\x00\x12[\x17\x00\x00\x05\xff\x13+\x0c\x00\x00\x05 \x0e\x00\x00\x05\x01\x14X\x1e\x00\x00\nodt\x00\x05\x02\x14L\x1e\x00\x00\x05\x17#\x00\x00\x05\x03\x14\xd0\x03\x00\x00\x00\'\xe3\x0e\x00\x00\x05h\r\x01\x19K\x00\x00\x0cpdu\x00\x05h\r\x14\x14\x00\x00\x05 \x0e\x00\x00\x05i\r\xd1\x0b\x00\x00\nodt\x00\x05j\r\xe2\x0b\x00\x00\x05[\x17\x00\x00\x05k\r+\x0c\x00\x00\x1d\x13\xe0I\x00\x00\x1d\x06\xecI\x00\x00\x06\xf8I\x00\x00\x06\x04J\x00\x00\x00\x00\x00Z\xc3J\x00\x00"\x0f\x00\x00\xce\x0f\x00\x00K%\x00\x00\x010M\x00\x00\x01\xd0J\x00\x00z%\x00\x007\xdcJ\x00\x00\x007\xe8J\x00\x00\x007\xf4J\x00\x00\x00\x02\x0e7\x00\x004\x0f\x00\x006\x0f\x00\x00\x05m\roK\x00\x00\x07\x17#\x00\x00\x05h\r\x83\x0e\x00\x00\xfc%\x00\x00\x00g\xd5I\x00\x008\x03\x00\x00\x0eM\x00\x00\x01\xe0I\x00\x00\x10&\x00\x00\x1e8\x03\x00\x00\x04\xecI\x00\x00F&\x00\x00\x06\xf8I\x00\x00\x06\x04J\x00\x00&\x11J\x00\x00^\x0f\x00\x00X\x03\x00\x00\x05v\r\x85L\x00\x00\x01:J\x00\x00d&\x00\x00\x01.J\x00\x00|&\x00\x00\x01"J\x00\x00\x94&\x00\x00\x1eX\x03\x00\x00\x04FJ\x00\x00\xb2&\x00\x007RJ\x00\x00\x00\x04^J\x00\x00\xc6&\x00\x00\x02\x111\x00\x00t\x0f\x00\x00\xa0\x0f\x00\x00\x05\x08\x14\x1aL\x00\x00\x01"1\x00\x00\xe6&\x00\x00\tt\x0f\x00\x00\xa0\x0f\x00\x00\x04.1\x00\x00\xf9&\x00\x00\x00\x00=kJ\x00\x00\xa4\x0f\x00\x00\xb6\x0f\x00\x00\x13\x92J\x00\x00\x13\x86J\x00\x00\x01zJ\x00\x00\x16\'\x00\x00\t\xa4\x0f\x00\x00\xb6\x0f\x00\x00\x06\x9eJ\x00\x00\x06\xaaJ\x00\x00\x06\xb6J\x00\x00\x15\x9eG\x00\x00\xa4\x0f\x00\x00\xa6\x0f\x00\x00\x05\x0c\x14\x13\xbbG\x00\x00\x13\xafG\x00\x00\t\xa4\x0f\x00\x00\xa6\x0f\x00\x00\x06\xc7G\x00\x00\x06\xd2G\x00\x00\x00\x00\x00\x00\x00\x00\x02|;\x00\x00l\x0f\x00\x00r\x0f\x00\x00\x05q\r\x9cL\x00\x00$$\x00\x02|;\x00\x00r\x0f\x00\x00t\x0f\x00\x00\x05r\r\xb3L\x00\x00$$\x00\x020M\x00\x00\xba\x0f\x00\x00\xc2\x0f\x00\x00\x05}\r\xdaL\x00\x00$$\x0e)\'\x00\x00\t\xba\x0f\x00\x00\xc2\x0f\x00\x00$\x00\x00\x14>\x0f\x00\x00\x01\x045\x00\x00.X\x0f\x00\x00\xcb3\x00\x00\x02M\x00\x00\x03\x06h\x93\x01i\x93\x01\x02\x8c\x00\x03\x01f\x012\x00\x14\xca\x0f\x00\x00\x01\x8c7\x00\x00\x00\x00\x15\x0e7\x00\x00L\x0f\x00\x00R\x0f\x00\x00\x05n\r\x07\x17#\x00\x00\x05h\r\x83\x0e\x00\x00<\'\x00\x00\x00\x00(E\x14\x00\x00\x05\xbd\x13\x01H\xc1\x1d\x00\x00\x05?\r\xce\x0f\x00\x00V\x10\x00\x00P\'\x00\x00\x01\x11N\x00\x00%pdu\x00\x05?\r\x14\x14\x00\x00\x99\'\x00\x00\x05f!\x00\x00\x05@\rw\x00\x00\x00\x07\xf3\x0f\x00\x00\x05A\r*\x00\x00\x00\xcf\'\x00\x00\x07\x94\r\x00\x00\x05B\r*\x00\x00\x00\xf7\'\x00\x00\rvp\x00\x05C\r\x11N\x00\x00\x0f(\x00\x00\x02|;\x00\x00\xf0\x0f\x00\x00\xf8\x0f\x00\x00\x05@\r\xcaM\x00\x00\x05\xfd\x03\x00\x00\x05?\rw\x00\x00\x00\npdu\x00\x05?\r\x14\x14\x00\x00\x00.\xde\x0f\x00\x00\xcb3\x00\x00\xe8M\x00\x00\x03\x06h\x93\x01i\x93\x01\x02\x80\x00\x03\x01f\x012\x00.\xe8\x0f\x00\x00\xcb3\x00\x00\x06N\x00\x00\x03\x06h\x93\x01i\x93\x01\x02\x80\x00\x03\x01f\x014\x00\x14V\x10\x00\x00\x01\x8c7\x00\x00\x00\x1b\x02?\x08\x00\x00Ha(\x00\x00\x05\x82\x0cV\x10\x00\x00~\x10\x00\x003(\x00\x00\x01\x9aN\x00\x00%pdu\x00\x05\x82\x0c\x14\x14\x00\x00b(\x00\x00\x02|;\x00\x00Z\x10\x00\x00d\x10\x00\x00\x05\x83\x0cuN\x00\x00\x07\xfd\x03\x00\x00\x05\x82\x0cw\x00\x00\x00\x88(\x00\x00\rpdu\x00\x05\x82\x0c\x14\x14\x00\x00\x9c(\x00\x00\x00.n\x10\x00\x00\x084\x00\x00\x8fN\x00\x00\x03\x06h\x93\x01i\x93\x01\x03\xf3\x01h\x00\x14~\x10\x00\x00\x01\x8c7\x00\x00\x00Hp\x13\x00\x00\x05\x07\x0e~\x10\x00\x00\x1c\x11\x00\x00\xb4(\x00\x00\x01XP\x00\x00%pdu\x00\x05\x07\x0e\x14\x14\x00\x00\x16)\x00\x00\x07\x8c\x1d\x00\x00\x05\x08\x0e^\x1e\x00\x00<)\x00\x00\x05|#\x00\x00\x05\t\x0e\x87\x00\x00\x00\x1f\xe0$\x00\x00\x05\n\x0e\xe2\x0b\x00\x00\x02\x8c\x01\x07 \x13\x00\x00\x05\x0b\x0e\xdd\x0b\x00\x00\\)\x00\x00\x02|;\x00\x00\x8c\x10\x00\x00\x96\x10\x00\x00\x05\t\x0e3O\x00\x00\x07\xfd\x03\x00\x00\x05\x07\x0ew\x00\x00\x00z)\x00\x00\rpdu\x00\x05\x07\x0e\x14\x14\x00\x00\x8e)\x00\x00\x00\x02\x0e7\x00\x00\xac\x10\x00\x00\xae\x10\x00\x00\x05\x0e\x0eXO\x00\x00\x07\x17#\x00\x00\x05\x07\x0e\x83\x0e\x00\x00\xa6)\x00\x00\x00\x02\xaa\x19\x00\x00\xec\x10\x00\x00\x18\x11\x00\x00\x05"\x0e\x00P\x00\x00\x01\xb7\x19\x00\x00\xba)\x00\x00\x01\xc3\x19\x00\x00\xce)\x00\x00\x01\x10\x1a\x00\x00\xe3)\x00\x00\x01\x05\x1a\x00\x00\xe3)\x00\x00\x01\xfa\x19\x00\x00\xe3)\x00\x00\x01\xef\x19\x00\x00\xe3)\x00\x00\x01\xe4\x19\x00\x00\xe3)\x00\x00\x01\xd9\x19\x00\x00\xe3)\x00\x00\x01\xce\x19\x00\x00\xf7)\x00\x00\t\xec\x10\x00\x00\x18\x11\x00\x00\x06\x1b\x1a\x00\x00\x16\x046\x00\x00\xec\x10\x00\x00\xf4\x10\x00\x00\x05\xa9\n\x02\x116\x00\x00\xf4\x10\x00\x00\x00\x11\x00\x00\x05\xaf\n\xf5O\x00\x00\x0e\x16*\x00\x00\x00\x18\x16\x11\x00\x00\x9e4\x00\x00\x00\x00.\x9e\x10\x00\x00\xcb3\x00\x00\x1fP\x00\x00\x03\x06h\x93\x01i\x93\x01\x03\xf3\x01h\x03\x01f\x012\x00\x18\xb2\x10\x00\x00\x045\x00\x00.\xcc\x10\x00\x00\x045\x00\x00<P\x00\x00\x03\x01h\x02\x08"\x00*\xea\x10\x00\x00@1\x00\x00\x03\x01h\x02\x81\x00\x03\x06f\x93\x01g\x93\x01\x02\x8c\x01\x00\x00/\xae\x16\x00\x00\x05X\x0f\x1c\x11\x00\x00j\x11\x00\x00\x03\x92 \x02\x01\xe4Q\x00\x00%pdu\x00\x05X\x0f\x14\x14\x00\x00**\x00\x00\x05|#\x00\x00\x05Y\x0fw\x00\x00\x00\x05\xeb\x1a\x00\x00\x05Z\x0fw\x00\x00\x00\x02|;\x00\x00\x1c\x11\x00\x00$\x11\x00\x00\x05Y\x0f\xceP\x00\x00\x07\xfd\x03\x00\x00\x05X\x0fw\x00\x00\x00~*\x00\x00\rpdu\x00\x05X\x0f\x14\x14\x00\x00\x92*\x00\x00\x00\x02|;\x00\x00$\x11\x00\x00&\x11\x00\x00\x05Z\x0f\x03Q\x00\x00\x07\xfd\x03\x00\x00\x05X\x0fw\x00\x00\x00\xaa*\x00\x00\rpdu\x00\x05X\x0f\x14\x14\x00\x00\xbe*\x00\x00\x00\x02\x0e7\x00\x00*\x11\x00\x00,\x11\x00\x00\x05a\x0f(Q\x00\x00\x07\x17#\x00\x00\x05X\x0f\x83\x0e\x00\x00\xd6*\x00\x00\x00&\x0e7\x00\x00,\x11\x00\x00p\x03\x00\x00\x05j\x0fWQ\x00\x00\x07\x17#\x00\x00\x05X\x0f\x83\x0e\x00\x00\xeb*\x00\x00\x140\x11\x00\x00\x01\x045\x00\x00\x00M\xaa\x19\x00\x00<\x11\x00\x00\x88\x03\x00\x00\x05n\x0f\x0b\xb7\x19\x00\x00\x08N\xc3\x19\x00\x00\x7f\x0b\x10\x1a\x00\x00\x00\x0b\x05\x1a\x00\x00\x00\x0b\xfa\x19\x00\x00\x00\x0b\xef\x19\x00\x00\x00\x0b\xe4\x19\x00\x00\x00\x01\xd9\x19\x00\x00\x00+\x00\x00\x01\xce\x19\x00\x00 +\x00\x00\x1e\x88\x03\x00\x00\x06\x1b\x1a\x00\x00\x16\x046\x00\x00<\x11\x00\x00D\x11\x00\x00\x05\xa9\n\x02\x116\x00\x00D\x11\x00\x00P\x11\x00\x00\x05\xaf\n\xd7Q\x00\x00\x0e?+\x00\x00\x00\x14j\x11\x00\x00\x01\x9e4\x00\x00\x00\x00\x00/\xb3\x1f\x00\x00\x05I\x0fj\x11\x00\x00\x8e\x11\x00\x00\x03\x92 \x02\x01\xe1R\x00\x00%pdu\x00\x05I\x0f\x14\x14\x00\x00S+\x00\x00\x15\xaa\x19\x00\x00j\x11\x00\x00\x8e\x11\x00\x00\x05M\x0f b7\x00\x05I\x0fw\x00\x00\x00\x00 b6\x00\x05I\x0fw\x00\x00\x00\x00 b5\x00\x05I\x0fw\x00\x00\x00\x00 b4\x00\x05I\x0fw\x00\x00\x00\x00 b3\x00\x05I\x0fw\x00\x00\x00\x00 b2\x00\x05I\x0fw\x00\x00\x00  b1\x00\x05I\x0fw\x00\x00\x00\x01cb0\x00\x05I\x0fw\x00\x00\x00\x7f len\x00\x05I\x0fw\x00\x00\x00\x03\tj\x11\x00\x00\x8e\x11\x00\x00\x05\x8c\r\x00\x00\x05\xa9\n\x94\x07\x00\x00\x16\x046\x00\x00j\x11\x00\x00v\x11\x00\x00\x05\xa9\n\x02\x116\x00\x00v\x11\x00\x00~\x11\x00\x00\x05\xaf\n\xd4R\x00\x00\rlen\x00\x05\xa8\n*\x00\x00\x00y+\x00\x00\x00\x14\x8e\x11\x00\x00\x01\x9e4\x00\x00\x00\x00\x008_"\x00\x00\x01\x01\xf9R\x00\x00\npdu\x00\x05\x13\x0f\x14\x14\x00\x00\x00\']\x11\x00\x00\x05\x13\x0f\x01\x1aS\x00\x00\x0cpdu\x00\x05\x13\x0f\x14\x14\x00\x00\x1d\x06\xecR\x00\x00\x00\x00>\xf9R\x00\x00\x8e\x11\x00\x00\xd6\x11\x00\x00\x03\x92 \x02\x01\x06T\x00\x00\x01\x06S\x00\x00\x8d+\x00\x00\x02\x0e7\x00\x00\x9a\x11\x00\x00\xa0\x11\x00\x00\x05\x16\x0fnS\x00\x00\x07\x17#\x00\x00\x05\x13\x0f\x83\x0e\x00\x00\xb3+\x00\x00-\xa0\x11\x00\x00\x01\x045\x00\x00\x03\x01h\x01A\x00\x00\t\xa0\x11\x00\x00\xd6\x11\x00\x00\x06\xecR\x00\x00\x02zA\x00\x00\xa0\x11\x00\x00\xac\x11\x00\x00\x05\x17\x0f\xa1S\x00\x00\x0e\xc7+\x00\x00\t\xa0\x11\x00\x00\xac\x11\x00\x00$\x00\x00\x15\xaa\x19\x00\x00\xac\x11\x00\x00\xd6\x11\x00\x00\x05\x19\x0fR\x00R\x00R\x00R\x00R@R\x00R\x00\xa7\x01\x7fR\x07\t\xac\x11\x00\x00\xd6\x11\x00\x00$\x16\x046\x00\x00\xac\x11\x00\x00\xb4\x11\x00\x00\x05\xa9\n\x02\x116\x00\x00\xb4\x11\x00\x00\xc0\x11\x00\x00\x05\xaf\n\xf8S\x00\x00\x0e\xdb+\x00\x00\x00\x14\xd6\x11\x00\x00\x01\x9e4\x00\x00\x00\x00\x00\x00/\x97\x0b\x00\x00\x05\xe7\x0e\xd6\x11\x00\x00f\x12\x00\x00\x03\x92 \x02\x01\xe9U\x00\x00%pdu\x00\x05\xe7\x0e\x14\x14\x00\x00\xef+\x00\x00\x07\x97\'\x00\x00\x05\xe8\x0e*\x00\x00\x00\x15,\x00\x00\x07\xd2!\x00\x00\x05\xe9\x0ew\x00\x00\x00=,\x00\x00\x07U\x17\x00\x00\x05\xea\x0e\xe9U\x00\x00h,\x00\x00\x02\x0e7\x00\x00\xe2\x11\x00\x00\xe8\x11\x00\x00\x05\xf0\x0e\x95T\x00\x00\x07\x17#\x00\x00\x05\xe7\x0e\x83\x0e\x00\x00|,\x00\x00-\xe8\x11\x00\x00\x01\x045\x00\x00\x03\x01h\x02\x08"\x00\x00\x02\x90\x19\x00\x00\n\x12\x00\x00\x0e\x12\x00\x00\x05\xf8\x0e\xb3T\x00\x00\x01\x9d\x19\x00\x00\x91,\x00\x00\x00\x02\xefU\x00\x00\x0e\x12\x00\x00&\x12\x00\x00\x05\xf8\x0e\xeaT\x00\x00\nptr\x00\x05\xe7\x0eL\x1b\x00\x00\t\x0e\x12\x00\x00&\x12\x00\x00\nmta\x00\x05U\n\xf2\x0e\x00\x00\x00\x00\x02\xaa\x19\x00\x00<\x12\x00\x00f\x12\x00\x00\x05\xfb\x0e\xcdU\x00\x00 b7\x00\x05\xe7\x0ew\x00\x00\x00\x00 b6\x00\x05\xe7\x0ew\x00\x00\x00\x00\rb5\x00\x05\xe7\x0ew\x00\x00\x00\xca,\x00\x00\rb4\x00\x05\xe7\x0ew\x00\x00\x00\xdd,\x00\x00\rb3\x00\x05\xe7\x0ew\x00\x00\x00\xf0,\x00\x00 b2\x00\x05\xe7\x0ew\x00\x00\x00\x01\rb1\x00\x05\xe7\x0ew\x00\x00\x00\x0f-\x00\x00cb0\x00\x05\xe7\x0ew\x00\x00\x00\x7f len\x00\x05\xe7\x0ew\x00\x00\x00\x07\t<\x12\x00\x00f\x12\x00\x00\x05\x8c\r\x00\x00\x05\xa9\n\x94\x07\x00\x00\x16\x046\x00\x00<\x12\x00\x00D\x12\x00\x00\x05\xa9\n\x02\x116\x00\x00D\x12\x00\x00P\x12\x00\x00\x05\xaf\n\xc1U\x00\x00\rlen\x00\x05\xa8\n*\x00\x00\x00.-\x00\x00\x00\x14f\x12\x00\x00\x01\x9e4\x00\x00\x00\x00*\xdc\x11\x00\x00\xcb3\x00\x00\x03\x06h\x93\x01i\x93\x01\x03\xf3\x01h\x03\x01f\x012\x00\x00\x1b\x02\xed\x18\x00\x00G^\x0b\x00\x00\x05T\n\xf2\x0e\x00\x00\x018\x00\x05\x00\x00\x01\x01\x14V\x00\x00\npdu\x00\x05\xd3\x0e\x14\x14\x00\x00\x00\'\x83!\x00\x00\x05\xd3\x0e\x015V\x00\x00\x0cpdu\x00\x05\xd3\x0e\x14\x14\x00\x00\x1d\x06\x07V\x00\x00\x00\x00>\x14V\x00\x00f\x12\x00\x00\xa8\x12\x00\x00\x03\x92 \x02\x01#W\x00\x00\x01!V\x00\x00B-\x00\x00\x02\x0e7\x00\x00r\x12\x00\x00x\x12\x00\x00\x05\xd5\x0e\x89V\x00\x00\x07\x17#\x00\x00\x05\xd3\x0e\x83\x0e\x00\x00h-\x00\x00-x\x12\x00\x00\x01\x045\x00\x00\x03\x01h\x01B\x00\x00\tx\x12\x00\x00\xa8\x12\x00\x00\x06\x07V\x00\x00\x15\xaa\x19\x00\x00x\x12\x00\x00\xa8\x12\x00\x00\x05\xd8\x0e\x0b\xb7\x19\x00\x00\x08N\xc3\x19\x00\x00\x7f\x0b\x10\x1a\x00\x00\x00\x0b\x05\x1a\x00\x00\x01\x0b\xfa\x19\x00\x004\x0b\xef\x19\x00\x00>\x0b\xe4\x19\x00\x00\x01\x0b\xd9\x19\x00\x00>\x0b\xce\x19\x00\x00\x01\tx\x12\x00\x00\xa8\x12\x00\x00\x06\x1b\x1a\x00\x00\x16\x046\x00\x00x\x12\x00\x00\x80\x12\x00\x00\x05\xa9\n\x02\x116\x00\x00\x80\x12\x00\x00\x8c\x12\x00\x00\x05\xaf\n\x15W\x00\x00\x0e|-\x00\x00\x00\x14\xa8\x12\x00\x00\x01\x9e4\x00\x00\x00\x00\x00\x008.\x13\x00\x00\x01\x01GW\x00\x00\x05\xcd#\x00\x00\x05\xc0\x0e?\x08\x00\x00\npdu\x00\x05\xbf\x0e\x14\x14\x00\x00\x00\';\x1f\x00\x00\x05\xbf\x0e\x01yW\x00\x00\x0cpdu\x00\x05\xbf\x0e\x14\x14\x00\x00\x05\xcd#\x00\x00\x05\xc0\x0e?\x08\x00\x00\x1d\x06.W\x00\x00\x06:W\x00\x00\x00\x00ZGW\x00\x00\xa8\x12\x00\x00\xfa\x12\x00\x00\x90-\x00\x00\x01\x94X\x00\x00\x01TW\x00\x00\xbf-\x00\x007`W\x00\x00\x00&\x0e7\x00\x00\xb8\x12\x00\x00\xa0\x03\x00\x00\x05\xc2\x0e\xd3W\x00\x00\x07\x17#\x00\x00\x05\xbf\x0e\x83\x0e\x00\x00\xe5-\x00\x00-\xc2\x12\x00\x00\x01\x045\x00\x00\x03\x01h\x01B\x00\x00\x1e\xb8\x03\x00\x00\x06.W\x00\x00\x06:W\x00\x00\x02\x94X\x00\x00\xc2\x12\x00\x00\xc6\x12\x00\x00\x05\xc7\x0e\x00X\x00\x00\x18\xc6\x12\x00\x00(%\x00\x00\x00M\xaa\x19\x00\x00\xcc\x12\x00\x00\xd0\x03\x00\x00\x05\xc9\x0e\x0b\xb7\x19\x00\x00\x08N\xc3\x19\x00\x00\x7f\x01\x10\x1a\x00\x00\xf9-\x00\x00\x01\x05\x1a\x00\x00\x0c.\x00\x00\x01\xfa\x19\x00\x00*.\x00\x00\x01\xef\x19\x00\x00=.\x00\x00\x0b\xe4\x19\x00\x00\x00\x0b\xd9\x19\x00\x00\x00\x0b\xce\x19\x00\x00\x00\x1e\xd0\x03\x00\x00\x06\x1b\x1a\x00\x00\x16\x046\x00\x00\xcc\x12\x00\x00\xd4\x12\x00\x00\x05\xa9\n\x02\x116\x00\x00\xd4\x12\x00\x00\xe0\x12\x00\x00\x05\xaf\n\x86X\x00\x00\x0eP.\x00\x00\x00\x14\xfa\x12\x00\x00\x01\x9e4\x00\x00\x00\x00\x00\x00G\x1e#\x00\x00\x05\xda\x16?\x08\x00\x00\x018\xef)\x00\x00\x01\x01\xd1X\x00\x00\x05."\x00\x00\x05F\x0ew\x00\x00\x00\x05\xe4\x0c\x00\x00\x05G\x0e\xd1\x0b\x00\x00\npdu\x00\x05E\x0e\x14\x14\x00\x00\x00\'\xaa#\x00\x00\x05E\x0e\x01\x14Y\x00\x00\x0cpdu\x00\x05E\x0e\x14\x14\x00\x00\x05."\x00\x00\x05F\x0ew\x00\x00\x00\x05\xe4\x0c\x00\x00\x05G\x0e\xd1\x0b\x00\x00\x1d\x06\xacX\x00\x00\x06\xb8X\x00\x00\x06\xc4X\x00\x00\x00\x00>\xd1X\x00\x00\xfa\x12\x00\x00>\x13\x00\x00\x03\x92 \x02\x01AZ\x00\x00\x01\xdeX\x00\x00d.\x00\x007\xeaX\x00\x00\x007\xf6X\x00\x00\x00\x02\x0e7\x00\x00\x06\x13\x00\x00\x0c\x13\x00\x00\x05J\x0etY\x00\x00\x07\x17#\x00\x00\x05E\x0e\x83\x0e\x00\x00\x8a.\x00\x00-\x0c\x13\x00\x00\x01\x045\x00\x00\x03\x01h\x01B\x00\x00\t\x0c\x13\x00\x00>\x13\x00\x007\xacX\x00\x00\x13\x06\xb8X\x00\x00\x06\xc4X\x00\x00\x02\x902\x00\x00\x0c\x13\x00\x00\x10\x13\x00\x00\x05N\x0e\xb2Y\x00\x00\x16\x9d2\x00\x00\x0c\x13\x00\x00\x10\x13\x00\x00\x05\xd8\x13\x00\x15\xaa\x19\x00\x00\x10\x13\x00\x00>\x13\x00\x00\x05P\x0e\x0b\xb7\x19\x00\x00\x08N\xc3\x19\x00\x00\x7f\x0b\x10\x1a\x00\x00\x00\x0b\x05\x1a\x00\x00\x00\x0b\xfa\x19\x00\x00\x00\x0b\xef\x19\x00\x00\x03\x0b\xe4\x19\x00\x00\x00\x01\xd9\x19\x00\x00\x9e.\x00\x00\x0b\xce\x19\x00\x00\x13\t\x10\x13\x00\x00>\x13\x00\x00\x06\x1b\x1a\x00\x00\x16\x046\x00\x00\x10\x13\x00\x00\x18\x13\x00\x00\x05\xa9\n\x02\x116\x00\x00\x18\x13\x00\x00$\x13\x00\x00\x05\xaf\n3Z\x00\x00\x0e\xc0.\x00\x00\x00\x14>\x13\x00\x00\x01\x9e4\x00\x00\x00\x00\x00\x00/\x04\x18\x00\x00\x05\x8f\x0c>\x13\x00\x00j\x13\x00\x00\x03\x92 \x02\x01\xf7Z\x00\x00Up\x1d\x00\x00\x05\x8f\x0c\xe1\x0c\x00\x00\xd4.\x00\x00M\xaa\x19\x00\x00>\x13\x00\x00\xf0\x03\x00\x00\x05\x90\x0c\x0b\xb7\x19\x00\x00\x08N\xc3\x19\x00\x00\x7f\x0b\x10\x1a\x00\x00\x00\x0b\x05\x1a\x00\x00\x00\x01\xfa\x19\x00\x00\xfa.\x00\x00\x01\xef\x19\x00\x00\r/\x00\x00\x0b\xe4\x19\x00\x00\x00\x0b\xd9\x19\x00\x00\x00\x0b\xce\x19\x00\x00\x08\x1e\xf0\x03\x00\x00\x06\x1b\x1a\x00\x00\x16\x046\x00\x00>\x13\x00\x00J\x13\x00\x00\x05\xa9\n\x02\x116\x00\x00J\x13\x00\x00R\x13\x00\x00\x05\xaf\n\xeaZ\x00\x00\x0e,/\x00\x00\x00\x14j\x13\x00\x00\x01\x9e4\x00\x00\x00\x00\x003\xf8\x16\x00\x00\x05\xca\x11\xe1\x0c\x00\x00\x01][\x00\x00\x0cptr\x00\x05\xca\x11\xf6\n\x00\x00\x12u#\x00\x00\x05\xca\x11?\x08\x00\x00\x12g\x19\x00\x00\x05\xca\x11\xe1\x0c\x00\x00\x12?#\x00\x00\x05\xca\x11\xd0\x03\x00\x00\x05\x17#\x00\x00\x05\xcb\x11\xe1\x0c\x00\x00\nidx\x00\x05\xcc\x11?\x08\x00\x00\x05\xf0\t\x00\x00\x05\xcf\x11w\x00\x00\x00\x00\'O\x1e\x00\x00\x05\x0e\x12\x01\x83[\x00\x00\x0cptr\x00\x05\x0e\x12\xf6\n\x00\x00\x12\x19\x1e\x00\x00\x05\x0e\x12?\x08\x00\x00\x008"!\x00\x00\x01\x01\xa7[\x00\x00\x0cptr\x00\x05\x0e\x12\xf6\n\x00\x00\x12\x19\x1e\x00\x00\x05\x0e\x12?\x08\x00\x00\x00H\x83%\x00\x00\x05\x9f\x0cj\x13\x00\x006\x14\x00\x00@/\x00\x00\x01\n]\x00\x00%pdu\x00\x05\x9f\x0c\x14\x14\x00\x00o/\x00\x00\x07(\x1d\x00\x00\x05\xa0\x0c?\x08\x00\x00\x95/\x00\x00\x07p\x1d\x00\x00\x05\xa1\x0c\xe1\x0c\x00\x00\xdf/\x00\x00\rptr\x00\x05\xa2\x0c\xf6\n\x00\x00\xff/\x00\x00&\x0e7\x00\x00\x80\x13\x00\x00\x08\x04\x00\x00\x05\xa6\x0c5\\\x00\x00\x07\x17#\x00\x00\x05\x9f\x0c\x83\x0e\x00\x00Q0\x00\x00-\x8a\x13\x00\x00\x01\x045\x00\x00\x03\x01h\x01B\x00\x00\x02\xf7Z\x00\x00\xac\x13\x00\x00\xda\x13\x00\x00\x05\xb8\x0c\x7f\\\x00\x00\x13,[\x00\x00\x13 [\x00\x00\x13\x14[\x00\x00\x13\x08[\x00\x00\t\xac\x13\x00\x00\xda\x13\x00\x00\x048[\x00\x00e0\x00\x00\x06D[\x00\x00\x04P[\x00\x00\x8d0\x00\x00\x00\x00\x02][\x00\x00\xe2\x13\x00\x000\x14\x00\x00\x05\xbb\x0c\xe5\\\x00\x00_v[\x00\x00\x0cf\x93\x01g\x93\x01h\x93\x01i\x93\x01\x01j[\x00\x00\xaa0\x00\x00=\x83[\x00\x00\xf6\x13\x00\x000\x14\x00\x00\x01\x9a[\x00\x00\xd10\x00\x00\x01\x8e[\x00\x00\xef0\x00\x00\x15\n]\x00\x00\xf6\x13\x00\x00\xfc\x13\x00\x00\x05\x14\x12\x0e\x161\x00\x00\x00\x00\x00.r\x13\x00\x00\x084\x00\x00\xff\\\x00\x00\x03\x06h\x93\x01i\x93\x01\x03\xf3\x01h\x00\x14\xe2\x13\x00\x00\x01AZ\x00\x00\x00(\x80\r\x00\x00\x05/\x10\x01/x\x15\x00\x00\x05\xcc\x0b6\x14\x00\x00\xb8\x14\x00\x00\x03\x92 \x02\x01\xa8^\x00\x00%pdu\x00\x05\xcc\x0b\x14\x14\x00\x00*1\x00\x00\x05\xac\x04\x00\x00\x05\xcd\x0bw\x00\x00\x00\x1fo%\x00\x00\x05\xce\x0b\xf6\n\x00\x00\x05\x03"\x05\x80\x00\x07\xb8\x0f\x00\x00\x05\xcf\x0b?\x08\x00\x00p1\x00\x00\x81\x01\\%\x00\x00\x05\xd0\x0b\xd0\x03\x00\x00\x01\x02|;\x00\x006\x14\x00\x00@\x14\x00\x00\x05\xcd\x0b\xad]\x00\x00\x07\xfd\x03\x00\x00\x05\xcc\x0bw\x00\x00\x00\xb51\x00\x00\rpdu\x00\x05\xcc\x0b\x14\x14\x00\x00\xc91\x00\x00\x00\x02\xefU\x00\x00R\x14\x00\x00b\x14\x00\x00\x05\xe9\x0b\xe8]\x00\x00\rptr\x00\x05\xcc\x0bL\x1b\x00\x00\xe11\x00\x00\tR\x14\x00\x00b\x14\x00\x00\nmta\x00\x05U\n\xf2\x0e\x00\x00\x00\x00\x02\x90\x19\x00\x00b\x14\x00\x00v\x14\x00\x00\x05\xe9\x0b\x06^\x00\x00\x01\x9d\x19\x00\x00\xf81\x00\x00\x00M\xaa\x19\x00\x00v\x14\x00\x00 \x04\x00\x00\x05\xeb\x0b\x01\xb7\x19\x00\x00\x1a2\x00\x00\x01\xc3\x19\x00\x00.2\x00\x00\x01\x10\x1a\x00\x00C2\x00\x00\x01\x05\x1a\x00\x00C2\x00\x00\x01\xfa\x19\x00\x00C2\x00\x00\x01\xef\x19\x00\x00W2\x00\x00\x01\xe4\x19\x00\x00C2\x00\x00\x01\xd9\x19\x00\x00C2\x00\x00\x01\xce\x19\x00\x00C2\x00\x00\x1e \x04\x00\x00\x06\x1b\x1a\x00\x00\x16\x046\x00\x00v\x14\x00\x00~\x14\x00\x00\x05\xa9\n\x02\x116\x00\x00~\x14\x00\x00\x8a\x14\x00\x00\x05\xaf\n\x9b^\x00\x00\x0ev2\x00\x00\x00\x14\xa0\x14\x00\x00\x01\x9e4\x00\x00\x00\x00\x00/\xb5\x03\x00\x00\x05\xb4\x0b\xb8\x14\x00\x00\xe4\x14\x00\x00\x03\x92 \x02\x01j_\x00\x00%pdu\x00\x05\xb4\x0b\x14\x14\x00\x00\x8a2\x00\x00\x81\x01F\x07\x00\x00\x05\xb5\x0bw\x00\x00\x00\x00\x15\xaa\x19\x00\x00\xb8\x14\x00\x00\xe4\x14\x00\x00\x05\xc1\x0b\x0b\xb7\x19\x00\x00\x08N\xc3\x19\x00\x00\x7f\x0b\x10\x1a\x00\x00\n\x0b\x05\x1a\x00\x00\x00\x0b\xfa\x19\x00\x00\x00N\xef\x19\x00\x00\x7f\x0b\xe4\x19\x00\x00\x00\x0b\xd9\x19\x00\x00\x00\x0b\xce\x19\x00\x00\x00\t\xb8\x14\x00\x00\xe4\x14\x00\x00\x06\x1b\x1a\x00\x00\x16\x046\x00\x00\xb8\x14\x00\x00\xc4\x14\x00\x00\x05\xa9\n\x02\x116\x00\x00\xc4\x14\x00\x00\xcc\x14\x00\x00\x05\xaf\n]_\x00\x00\x0e\xb02\x00\x00\x00\x14\xe4\x14\x00\x00\x01\x9e4\x00\x00\x00\x00\x00/N\r\x00\x00\x05\x9c\x0b\xe4\x14\x00\x00\n\x15\x00\x00\x03\x92 \x02\x01g`\x00\x00%pdu\x00\x05\x9c\x0b\x14\x14\x00\x00\xc42\x00\x00\x15\xaa\x19\x00\x00\xe4\x14\x00\x00\n\x15\x00\x00\x05\x9f\x0b b7\x00\x05\x9c\x0bw\x00\x00\x00\x00 b6\x00\x05\x9c\x0bw\x00\x00\x00\x00 b5\x00\x05\x9c\x0bw\x00\x00\x00\x00 b4\x00\x05\x9c\x0bw\x00\x00\x00\x00 b3\x00\x05\x9c\x0bw\x00\x00\x00\x00 b2\x00\x05\x9c\x0bw\x00\x00\x00\x00 b1\x00\x05\x9c\x0bw\x00\x00\x00\x00cb0\x00\x05\x9c\x0bw\x00\x00\x00\x7f len\x00\x05\x9c\x0bw\x00\x00\x00\x06\t\xe4\x14\x00\x00\n\x15\x00\x00\x05\x8c\r\x00\x00\x05\xa9\n\x94\x07\x00\x00\x16\x046\x00\x00\xe4\x14\x00\x00\xf0\x14\x00\x00\x05\xa9\n\x02\x116\x00\x00\xf0\x14\x00\x00\xf8\x14\x00\x00\x05\xaf\nZ`\x00\x00\rlen\x00\x05\xa8\n*\x00\x00\x00\xea2\x00\x00\x00\x14\n\x15\x00\x00\x01\x9e4\x00\x00\x00\x00\x00/\x00#\x00\x00\x05h\x0b\n\x15\x00\x00J\x15\x00\x00\x03\x92 \x02\x01;a\x00\x00%pdu\x00\x05h\x0b\x14\x14\x00\x00\xfe2\x00\x00\x07\xb3\x0e\x00\x00\x05i\x0bw\x00\x00\x00$3\x00\x00\x07J\x19\x00\x00\x05j\x0bw\x00\x00\x00D3\x00\x00\x15\xaa\x19\x00\x00\x18\x15\x00\x00J\x15\x00\x00\x05\x8b\x0b\x0b\xb7\x19\x00\x00\x08N\xc3\x19\x00\x00\x7f\x0b\x10\x1a\x00\x00\x01\x0b\x05\x1a\x00\x00\x01\x0b\xfa\x19\x00\x00\x00\x0b\xef\x19\x00\x00@\x0b\xe4\x19\x00\x00@N\xd9\x19\x00\x00@\x0b\xce\x19\x00\x00\x15\t\x18\x15\x00\x00J\x15\x00\x00\x06\x1b\x1a\x00\x00\x16\x046\x00\x00\x18\x15\x00\x00 \x15\x00\x00\x05\xa9\n\x02\x116\x00\x00 \x15\x00\x00,\x15\x00\x00\x05\xaf\n.a\x00\x00\x0ee3\x00\x00\x00\x14J\x15\x00\x00\x01\x9e4\x00\x00\x00\x00\x00\x1b\x02O\x08\x00\x00\x17;a\x00\x00a\xa6\x08\x00\x00J\x15\x00\x00\x9c\x15\x00\x00y3\x00\x00`a\x00\x00\x01\xb1a\x00\x00:b\x08\x00\x00Aa\x00\x00\x01\xa83\x00\x00`M$\x00\x00\x05(\xf6/\x00\x00\xee3\x00\x00<\xb1a\x00\x00R\x15\x00\x00V\x15\x00\x00\x05)\xa0a\x00\x00\xa8\x01b\x08\x00\x00Aa\x00\x00\x01$4\x00\x00\x00?h\x15\x00\x00\x03\x06h\x93\x01i\x93\x01\x011\x00\x00Y\xc2\x08\x00\x00\x03,\xe3\x08\x00\x00\x03\xc5a\x00\x00\xdba\x00\x00+b\x08\x00\x00Aa\x00\x00\x01"\x19\x1e\x00\x00\x05\x0e+\x01\x00\x00\x00I\x1e\x1e\x00\x00\t7d\x1a\x00\x00\x01\xf7a\x00\x00"\x19\x1e\x00\x00\t7\x03b\x00\x00\x00\xa9\x01std\x00\x16\x00\x0fb\x00\x004C\'\x00\x00\x14\'+\x01\x00\x00\x00I%\x18\x00\x00\t/d\x1a\x00\x00\x016b\x00\x00"\x19\x1e\x00\x00\t/\x03b\x00\x006res\x00\t0d\x1a\x00\x00\x00I\xfb\x1e\x00\x00\t\'d\x1a\x00\x00\x01Rb\x00\x00"\x19\x1e\x00\x00\t\'\x03b\x00\x00\x00q\x08 \x00\x00\x9c\x15\x00\x00\xa8\x16\x00\x00<4\x00\x00lb\x00\x00\x01\x80d\x00\x00\x01\x16 \x00\x00\xd24\x00\x00\x016 \x00\x00\x155\x00\x00\x01A \x00\x00K5\x00\x00\x0b+ \x00\x00@_  \x00\x00\x06\x039\x08\x80\x00\x9f<M!\x00\x00\xb8\x15\x00\x00\xe4\x15\x00\x00\x08pUc\x00\x00\x01e!\x00\x00w5\x00\x00\x01p!\x00\x00\x8b5\x00\x00\x01[!\x00\x00\xa05\x00\x00))!\x00\x00\xca\x15\x00\x00\xe4\x15\x00\x00\x08,\x01A!\x00\x00\xc85\x00\x00\x017!\x00\x00\xdd5\x00\x00)\xdba\x00\x00\xca\x15\x00\x00\xd2\x15\x00\x00\x05S\x01\xeba\x00\x00\xf25\x00\x00)\x0fb\x00\x00\xca\x15\x00\x00\xd2\x15\x00\x00\t8\x01\x1fb\x00\x00\xf25\x00\x00\t\xca\x15\x00\x00\xd2\x15\x00\x00\x06*b\x00\x00)6b\x00\x00\xca\x15\x00\x00\xd2\x15\x00\x00\t0\x01Fb\x00\x00\xf25\x00\x00?\xd2\x15\x00\x00\x03\x06h\x93\x01i\x93\x01\x02\x08@\x00\x00\x00\x00\x00\x00\x00E\xb7a\x00\x00\xfa\x15\x00\x008\x04\x00\x00\x08p\xd6c\x00\x00\x01\xcfa\x00\x00\x076\x00\x00\x01\xc5a\x00\x00\x1f6\x00\x00h\xdba\x00\x00\x00\x16\x00\x00P\x04\x00\x00\x05\x0f\x01\xeba\x00\x0046\x00\x00h\x0fb\x00\x00\x00\x16\x00\x00P\x04\x00\x00\t8\x01\x1fb\x00\x0046\x00\x00\x1eP\x04\x00\x00\x06*b\x00\x00h6b\x00\x00\x00\x16\x00\x00P\x04\x00\x00\t0\x01Fb\x00\x00[6\x00\x00V\x0c\x16\x00\x00\x00\x00\x00\x00\x00<\x80d\x00\x00.\x16\x00\x00h\x16\x00\x00\x08q\x1ed\x00\x00\x0es6\x00\x00$)\xb5 \x00\x00.\x16\x00\x00h\x16\x00\x00\x08;\x13\xc3 \x00\x00\x01\xcd \x00\x00\x9b6\x00\x00?D\x16\x00\x00\x03\x06h\x93\x01i\x93\x01\x011\x00\x00\x00)\xce\x1f\x00\x00z\x16\x00\x00\x92\x16\x00\x00\x08s_\xf1\x1f\x00\x00\x02\x8c\x01\x01\xe6\x1f\x00\x00\xb36\x00\x00\x01\xdc\x1f\x00\x00\xcb6\x00\x00=\xfc\x1f\x00\x00z\x16\x00\x00\x92\x16\x00\x00\x04\xfd\x1f\x00\x00\xf06\x00\x00*\x86\x16\x00\x00Fa\x00\x00\x03\x06h\x93\x01i\x93\x01\x02\x80\x00\x03\x06f\x93\x01g\x93\x01\x02\x8c\x01\x00\x00\x00\x00Y\xab\x02\x00\x00\x03,\xff\x08\x00\x00\x03\x94d\x00\x00\xa8d\x00\x00+b\x08\x00\x00Aa\x00\x00\x016x\x00\x05 ?\x00\x00\x00\x00a\xd8\t\x00\x00\xa8\x16\x00\x00\x8c\x17\x00\x00\x147\x00\x00\xc2d\x00\x00\x01Ue\x00\x00:b\x08\x00\x00\xc9\x1f\x00\x00\x01\x907\x00\x00`x\x04\x00\x00\x08w*\x00\x00\x00\xd87\x00\x00\t\xce\x16\x00\x00>\x17\x00\x00\x19\xbb)\x00\x00\x08y?\x00\x00\x00<\x86d\x00\x00\xda\x16\x00\x00*\x17\x00\x00\x08y3e\x00\x00\x01\x94d\x00\x00\x0c8\x00\x00\t\xda\x16\x00\x00*\x17\x00\x00\x04\x9ed\x00\x00A8\x00\x00?\xe8\x16\x00\x00\x03\x06h\x93\x01i\x93\x01\x011\x00\x00\x00*6\x17\x00\x00Fa\x00\x00\x03\x06h\x93\x01i\x93\x01\x02\x80\x13\x03\x06f\x93\x01g\x93\x01\x02\x8c\x01\x00\x00\x008\x82\x0c\x00\x00\x01\x01\x9be\x00\x00\x0cdst\x00\x05T\x15d\x1a\x00\x00\x0csrc\x00\x05T\x15F\x1b\x00\x00\x0clen\x00\x05T\x15?\x08\x00\x00\npd\x00\x05U\x15\x94\x07\x00\x00\nps\x00\x05V\x15\xf6\n\x00\x00\x00\'\xb3\x08\x00\x00\x05T\x15\x01\x00f\x00\x00\x0cdst\x00\x05T\x15d\x1a\x00\x00\x0csrc\x00\x05T\x15F\x1b\x00\x00\x0clen\x00\x05T\x15?\x08\x00\x00\npd\x00\x05U\x15\x94\x07\x00\x00\nps\x00\x05V\x15\xf6\n\x00\x00\x1d\x13xe\x00\x00\x13le\x00\x00\x13`e\x00\x00\x1d\x06\x84e\x00\x00\x06\x8fe\x00\x00\x00\x00\x00>\x9be\x00\x00\x8c\x17\x00\x00\xb4\x17\x00\x00\x03\x92 \x02\x01\x93f\x00\x00\x01\xa8e\x00\x00Y8\x00\x00\x01\xb4e\x00\x00\x9d8\x00\x00\x01\xc0e\x00\x00\xd38\x00\x00\x04\xcce\x00\x00#9\x00\x00\x04\xd7e\x00\x00g9\x00\x00LUe\x00\x00\xa2\x17\x00\x00\xb2\x17\x00\x00\x8df\x00\x00_xe\x00\x00\x0cb\x93\x01c\x93\x01d\x93\x01e\x93\x01\x13le\x00\x00\x13`e\x00\x00\t\xa2\x17\x00\x00\xb2\x17\x00\x00\x04\x84e\x00\x00\x9d9\x00\x00\x04\x8fe\x00\x00\xe39\x00\x00\x00\x00V\x94\x17\x00\x00\x00\xaa\x01\x0c\x14\x00\x00\x01\xb4\x17\x00\x00\x96\x18\x00\x00\x18:\x00\x00\x01/h\x00\x00\x05\x8c\r\x00\x00\x05\xe8\n\x94\x07\x00\x00\x07u#\x00\x00\x05\xe9\nw\x00\x00\x00n:\x00\x00\rdst\x00\x05\xea\n\xf2\x0e\x00\x00\x81:\x00\x00\x16\x046\x00\x00\xbe\x17\x00\x00\xc6\x17\x00\x00\x05\xef\n\x02\x116\x00\x00\xe6\x17\x00\x00\xee\x17\x00\x00\x05\xfa\n\x0cg\x00\x00\rlen\x00\x05\xe7\n*\x00\x00\x00\xd7:\x00\x00\x00\x02/h\x00\x00\xf6\x17\x00\x00\xfe\x17\x00\x00\x05\xfe\nZg\x00\x00\rlen\x00\x05\xe7\n?\x08\x00\x00\xf1:\x00\x00\rsrc\x00\x05\xe7\n\xf2\x0e\x00\x00\x0f;\x00\x00\rdst\x00\x05\xe7\n\xf2\x0e\x00\x00*;\x00\x00\x18\xfe\x17\x00\x00\x9be\x00\x00\x00\x028h\x00\x00<\x18\x00\x00D\x18\x00\x00\x05\x0b\x0b\xa0g\x00\x00\x07\xae \x00\x00\x05\xe7\n\xd0\x03\x00\x00G;\x00\x00\x15\n]\x00\x00<\x18\x00\x00@\x18\x00\x00\x05\xe1\n\x07<\'\x00\x00\x05\xdf\n\xd0\x03\x00\x00[;\x00\x00\x00\x00\x02\x116\x00\x00P\x18\x00\x00\\\x18\x00\x00\x05\x02\x0b\xc5g\x00\x00\rlen\x00\x05\xe7\n*\x00\x00\x00o;\x00\x00\x00\x02/h\x00\x00\\\x18\x00\x00h\x18\x00\x00\x05\x04\x0b%h\x00\x00\rlen\x00\x05\xe7\n?\x08\x00\x00\x84;\x00\x00\rsrc\x00\x05\xe7\n\xf2\x0e\x00\x00\x99;\x00\x00\rdst\x00\x05\xe7\n\xf2\x0e\x00\x00\xb4;\x00\x00*h\x18\x00\x00\x9be\x00\x00\x03\x0cb\x93\x01c\x93\x01d\x93\x01e\x93\x01\x02\x08?\x00\x00\x184\x18\x00\x00\x9e4\x00\x00\x00(\xe3\x14\x00\x00\x05\xc9\x0f\x01(\xcf)\x00\x00\x05\xdf\n\x01\'\xca \x00\x00\x05\x12\x0b\x01gh\x00\x00\x0clen\x00\x05\x12\x0bw\x00\x00\x00\x05\x8c\r\x00\x00\x05\x13\x0b\x94\x07\x00\x00\x00\'\xb4 \x00\x00\x05\xe7\n\x01\x99h\x00\x00\x05\x8c\r\x00\x00\x05\xe8\n\x94\x07\x00\x00\x05u#\x00\x00\x05\xe9\nw\x00\x00\x00\ndst\x00\x05\xea\n\xf2\x0e\x00\x00\x00H\xc7\x17\x00\x00\x05m\x0c\x96\x18\x00\x00\xee\x18\x00\x00\xd1;\x00\x00\x01\rj\x00\x00%pdu\x00\x05m\x0c\x14\x14\x00\x00\xf3;\x00\x00\nlen\x00\x05n\x0cw\x00\x00\x00\x02|;\x00\x00\x98\x18\x00\x00\xa2\x18\x00\x00\x05n\x0c\x03i\x00\x00\x07\xfd\x03\x00\x00\x05m\x0cw\x00\x00\x00g<\x00\x00\rpdu\x00\x05m\x0c\x14\x14\x00\x00{<\x00\x00\x00\x02\x0e7\x00\x00\xb0\x18\x00\x00\xb2\x18\x00\x00\x05r\x0c(i\x00\x00\x07\x17#\x00\x00\x05m\x0c\x83\x0e\x00\x00\x93<\x00\x00\x00\x02|;\x00\x00\xc0\x18\x00\x00\xc2\x18\x00\x00\x05y\x0c]i\x00\x00\x07\xfd\x03\x00\x00\x05m\x0cw\x00\x00\x00\xa7<\x00\x00\rpdu\x00\x05m\x0c\x14\x14\x00\x00\xbb<\x00\x00\x00&Ah\x00\x00\xda\x18\x00\x00h\x04\x00\x00\x05{\x0c\xeci\x00\x00\x01Nh\x00\x00\xd3<\x00\x00\x1eh\x04\x00\x00\x06Zh\x00\x00\x028h\x00\x00\xde\x18\x00\x00\xe8\x18\x00\x00\x05&\x0b\xb4i\x00\x00\x0e\xf5<\x00\x00\x15\n]\x00\x00\xde\x18\x00\x00\xe4\x18\x00\x00\x05\xe1\n\x0e\t=\x00\x00\x00\x00\x15gh\x00\x00\xea\x18\x00\x00\xee\x18\x00\x00\x05\'\x0b\t\xea\x18\x00\x00\xee\x18\x00\x007th\x00\x00\x007\x80h\x00\x00\x00\x06\x8ch\x00\x00\x14\xee\x18\x00\x00\x01\x93f\x00\x00\x00\x00\x00\x00\x14\xb8\x18\x00\x00\x01\x045\x00\x00*\xca\x18\x00\x00\x084\x00\x00\x03\x06h\x93\x01i\x93\x01\x03\xf3\x01h\x00\x00/\xa6\x10\x00\x00\x05V\x0c\xee\x18\x00\x00\x1e\x19\x00\x00\x03\x92 \x02\x014k\x00\x00%pdu\x00\x05V\x0c\x14\x14\x00\x00\x1d=\x00\x00\nlen\x00\x05W\x0cw\x00\x00\x00\x02\x0e7\x00\x00\xfc\x18\x00\x00\x02\x19\x00\x00\x05[\x0cwj\x00\x00\x07\x17#\x00\x00\x05V\x0c\x83\x0e\x00\x00q=\x00\x00-\x02\x19\x00\x00\x01\x045\x00\x00\x03\x01h\x01B\x00\x00\x02|;\x00\x00\x02\x19\x00\x00\x0c\x19\x00\x00\x05W\x0c\xa4j\x00\x00\x05\xfd\x03\x00\x00\x05V\x0cw\x00\x00\x00\npdu\x00\x05V\x0c\x14\x14\x00\x00\x00\x15Ah\x00\x00\x0c\x19\x00\x00\x1e\x19\x00\x00\x05f\x0c\x01Nh\x00\x00\x85=\x00\x00\t\x0c\x19\x00\x00\x1e\x19\x00\x00\x06Zh\x00\x00\x028h\x00\x00\x10\x19\x00\x00\x1a\x19\x00\x00\x05&\x0b\xfbj\x00\x00\x0e\x9d=\x00\x00\x15\n]\x00\x00\x10\x19\x00\x00\x16\x19\x00\x00\x05\xe1\n\x0e\xb1=\x00\x00\x00\x00\x15gh\x00\x00\x1a\x19\x00\x00\x1e\x19\x00\x00\x05\'\x0b\t\x1a\x19\x00\x00\x1e\x19\x00\x007th\x00\x00\x007\x80h\x00\x00\x00\x06\x8ch\x00\x00\x14\x1e\x19\x00\x00\x01\x93f\x00\x00\x00\x00\x00\x00\x00H\xd8\x06\x00\x00\x05 \r\x1e\x19\x00\x00\xb6\x19\x00\x00\xc5=\x00\x00\x01\x89l\x00\x00%pdu\x00\x05 \r\x14\x14\x00\x005>\x00\x00\nlen\x00\x05!\rw\x00\x00\x00\x056\x08\x00\x00\x05"\rw\x00\x00\x00\x1f\xe3\x11\x00\x00\x05#\r?\x08\x00\x00\x0ch\x93\x01i\x93\x01j\x93\x01k\x93\x01\rsrc\x00\x05$\r\xf2\x0e\x00\x00[>\x00\x00\ndst\x00\x05%\r\xf2\x0e\x00\x00\x02|;\x00\x00,\x19\x00\x006\x19\x00\x00\x05!\r\xdfk\x00\x00\x07\xfd\x03\x00\x00\x05 \rw\x00\x00\x00\x9e>\x00\x00\rpdu\x00\x05 \r\x14\x14\x00\x00\xb2>\x00\x00\x00\x02\x0e7\x00\x00J\x19\x00\x00L\x19\x00\x00\x05+\r\x04l\x00\x00\x07\x17#\x00\x00\x05 \r\x83\x0e\x00\x00\xca>\x00\x00\x00\x02/h\x00\x00n\x19\x00\x00|\x19\x00\x00\x054\rZl\x00\x00\rlen\x00\x05 \r?\x08\x00\x00\xde>\x00\x00\rsrc\x00\x05 \r\xf2\x0e\x00\x00\xfc>\x00\x00\ndst\x00\x05 \r\xf2\x0e\x00\x00*|\x19\x00\x00\x9be\x00\x00\x03\x06f\x93\x01g\x93\x01\x02\x80\x08\x00\x00.:\x19\x00\x00\x084\x00\x00tl\x00\x00\x03\x06h\x93\x01i\x93\x01\x03\xf3\x01h\x00\x14^\x19\x00\x00\x01\x045\x00\x00\x14\xb6\x19\x00\x00\x01\x8c7\x00\x00\x008>\x0f\x00\x00\x01\x01\xc5l\x00\x00\x12\xe3\x11\x00\x00\x05\x8d\x10?\x08\x00\x00\x0clen\x00\x05\x8d\x10?\x08\x00\x00\next\x00\x05\x8d\x10w\x00\x00\x00\nsrc\x00\x05\x8e\x10\xf2\x0e\x00\x00\x00H\x95\x10\x00\x00\x05\xd6\x0c\xb6\x19\x00\x00>\x1a\x00\x00-?\x00\x00\x01\xd8m\x00\x00%pdu\x00\x05\xd6\x0c\x14\x14\x00\x00v?\x00\x00\nlen\x00\x05\xd7\x0cw\x00\x00\x00\xab\x01\xc6\x14\x00\x00\x05\xd8\x0c5\x00\x00\x00\xc2=\x02|;\x00\x00\xbe\x19\x00\x00\xc8\x19\x00\x00\x05\xd7\x0c>m\x00\x00\x07\xfd\x03\x00\x00\x05\xd6\x0cw\x00\x00\x00\xca?\x00\x00\rpdu\x00\x05\xd6\x0c\x14\x14\x00\x00\xde?\x00\x00\x00\x02\x0e7\x00\x00\xd6\x19\x00\x00\xd8\x19\x00\x00\x05\xdb\x0ccm\x00\x00\x07\x17#\x00\x00\x05\xd6\x0c\x83\x0e\x00\x00\xf6?\x00\x00\x00\x02\x89l\x00\x00\xfa\x19\x00\x002\x1a\x00\x00\x05\xf2\x0c\xc3m\x00\x00\x01\xa0l\x00\x00\n@\x00\x00\x01\x94l\x00\x00(@\x00\x00\t\xfa\x19\x00\x002\x1a\x00\x00\x06\xacl\x00\x00\x06\xb8l\x00\x00\x15/h\x00\x00\xfa\x19\x00\x00\n\x1a\x00\x00\x05\x92\x10\x0eR@\x00\x00$\x0ep@\x00\x00\x18\n\x1a\x00\x00\x9be\x00\x00\x00\x00\x00\x14\xe4\x19\x00\x00\x01\x045\x00\x00\x14>\x1a\x00\x00\x01\x8c7\x00\x00\x008)&\x00\x00\x01\x01\xfcm\x00\x00\x0cpdu\x00\x05\x12\r\x14\x14\x00\x00\nsrc\x00\x05\x13\r\xf2\x0e\x00\x00\x00\'\xbe\x12\x00\x00\x05\x12\r\x010n\x00\x00\x0cpdu\x00\x05\x12\r\x14\x14\x00\x00\nsrc\x00\x05\x13\r\xf2\x0e\x00\x00\x1d\x13\xe3m\x00\x00\x1d\x06\xefm\x00\x00\x00\x00\x00>\xfcm\x00\x00>\x1a\x00\x00\x9a\x1a\x00\x00\x03\x92 \x02\x01,o\x00\x00\x01\tn\x00\x00\x8b@\x00\x00\x06\x15n\x00\x00\x02\x0e7\x00\x00L\x1a\x00\x00T\x1a\x00\x00\x05\x17\r\x89n\x00\x00\x07\x17#\x00\x00\x05\x12\r\x83\x0e\x00\x00\xdf@\x00\x00-R\x1a\x00\x00\x01\x045\x00\x00\x03\x01h\x01B\x00\x00=\xd8m\x00\x00T\x1a\x00\x00\x9a\x1a\x00\x00\x01\xe3m\x00\x00\xf3@\x00\x00\tT\x1a\x00\x00\x9a\x1a\x00\x00\x06\xefm\x00\x00\x02\x89l\x00\x00\\\x1a\x00\x00\x96\x1a\x00\x00\x05\x18\r\x1fo\x00\x00\x01\xa0l\x00\x00\x19A\x00\x00\x01\x94l\x00\x00.A\x00\x00\t\\\x1a\x00\x00\x96\x1a\x00\x00\x06\xacl\x00\x00\x06\xb8l\x00\x00\x15/h\x00\x00\\\x1a\x00\x00p\x1a\x00\x00\x05\x92\x10\x0e\\A\x00\x00$\x0eqA\x00\x00*p\x1a\x00\x00\x9be\x00\x00\x03\x0cb\x93\x01c\x93\x01d\x93\x01e\x93\x01\x02\x08?\x00\x00\x00\x00\x14\x9a\x1a\x00\x00\x01\x8c7\x00\x00\x00\x00\x00/.\x1b\x00\x00\x05\x05\x15\x9a\x1a\x00\x00\xe2\x1a\x00\x00\x03\x92 \x02\x01\x8do\x00\x00\ridx\x00\x05\x06\x15w\x00\x00\x00\x8cA\x00\x00\x15(\x1a\x00\x00\xa4\x1a\x00\x00\xe0\x1a\x00\x00\x05\x0b\x15\x01A\x1a\x00\x00\xd0A\x00\x00\x01M\x1a\x00\x00\xe4A\x00\x00\x135\x1a\x00\x00\t\xa4\x1a\x00\x00\xe0\x1a\x00\x00\x06Y\x1a\x00\x00\x00\x00\x00(e\x14\x00\x00\x05[\x13\x01/\x82\x03\x00\x00\x05\x94\x0b\xe2\x1a\x00\x00\x08\x1b\x00\x00\x03\x92 \x02\x017p\x00\x00%pdu\x00\x05\x94\x0b\x14\x14\x00\x00\xacB\x00\x00\x02\x0e7\x00\x00\xee\x1a\x00\x00\xf4\x1a\x00\x00\x05\x97\x0b\xf4o\x00\x00\x07\x17#\x00\x00\x05\x94\x0b\x83\x0e\x00\x00\xd2B\x00\x00-\xf4\x1a\x00\x00\x01\x045\x00\x00\x03\x01h\x01B\x00\x00\x027p\x00\x00\xf8\x1a\x00\x00\x08\x1b\x00\x00\x05\x99\x0b-p\x00\x00\x15\x8do\x00\x00\xf8\x1a\x00\x00\x08\x1b\x00\x00\x05>\n\x18\x04\x1b\x00\x00\xe42\x00\x00\x14\x08\x1b\x00\x00\x01,o\x00\x00\x00\x00\x18\xf8\x1a\x00\x00\x8c7\x00\x00\x00(i)\x00\x00\x05:\n\x01,\xc3\x01\x00\x00\x03Np\x00\x00Yp\x00\x00+b\x08\x00\x00\xaa \x00\x00\x01\x00S\xe6\x15\x00\x00\tZ\x01qp\x00\x005ptr\x00\tZd\x1a\x00\x00\x00Su \x00\x00\tW\x01\x89p\x00\x005ptr\x00\tWd\x1a\x00\x00\x00b\xcd\x02\x00\x00\x08\x1b\x00\x00 \x1b\x00\x00\x03\x92 \x02\xa3p\x00\x00\x01\x00q\x00\x00:b\x08\x00\x003\x03\x00\x00\x01\xe6B\x00\x00)@p\x00\x00\x12\x1b\x00\x00\x1e\x1b\x00\x00\x08/\x13Np\x00\x00)Yp\x00\x00\x1a\x1b\x00\x00\x1e\x1b\x00\x00\x05[\x01ep\x00\x00,C\x00\x00)qp\x00\x00\x1a\x1b\x00\x00\x1e\x1b\x00\x00\t[\x01}p\x00\x00,C\x00\x00\xac\x01\x1e\x1b\x00\x00\x01\x00\x00\x00\x00a\xe4\x02\x00\x00 \x1b\x00\x004\x1b\x00\x00DC\x00\x00\x1aq\x00\x00\x01jq\x00\x00:b\x08\x00\x003\x03\x00\x00\x01sC\x00\x00Eqp\x00\x00*\x1b\x00\x00\x80\x04\x00\x00\x080Xq\x00\x00\x01}p\x00\x00\xb9C\x00\x00d4\x1b\x00\x00\x01\x03\x06h\x93\x01i\x93\x01\x03\xf3\x01h\x00\x00?*\x1b\x00\x00\x03\x06h\x93\x01i\x93\x01\x02\x8c\x00\x00\x00\x82\x01\x9f\x03\x00\x00\x08R4\x1b\x00\x00B\x1b\x00\x00\x03\x92 \x02\x87q\x00\x00\x01\xadq\x00\x00:b\x08\x00\x00\x82!\x00\x00\x01\xefC\x00\x00-B\x1b\x00\x00\x01\x89p\x00\x00\x03\x06h\x93\x01i\x93\x01\x03\xf3\x01h\x00\x00i\xb5\x03\x00\x00\x08RB\x1b\x00\x00V\x1b\x00\x00\x15D\x00\x00\xc9q\x00\x00\x01\x19r\x00\x00:b\x08\x00\x00\x82!\x00\x00\x01DD\x00\x00Eqp\x00\x00L\x1b\x00\x00\x98\x04\x00\x00\x08R\x07r\x00\x00\x01}p\x00\x00\x8aD\x00\x00dV\x1b\x00\x00\x01\x03\x06h\x93\x01i\x93\x01\x03\xf3\x01h\x00\x00?L\x1b\x00\x00\x03\x06h\x93\x01i\x93\x01\x02\x8c\x00\x00\x00,\x1b\t\x00\x00\x03\'r\x00\x002r\x00\x00+b\x08\x00\x00Aa\x00\x00\x01\x00i\xfc\t\x00\x00\x08lV\x1b\x00\x00z\x1b\x00\x00\xc0D\x00\x00Nr\x00\x00\x01\xc8r\x00\x00:b\x08\x00\x00\xc9\x1f\x00\x00\x01\xefD\x00\x00<\x19r\x00\x00d\x1b\x00\x00p\x1b\x00\x00\x08l\xb0r\x00\x00\x01\'r\x00\x005E\x00\x00)Yp\x00\x00l\x1b\x00\x00p\x1b\x00\x00\x05\x19\x01ep\x00\x00JE\x00\x00)qp\x00\x00l\x1b\x00\x00p\x1b\x00\x00\t[\x01}p\x00\x00JE\x00\x00Vp\x1b\x00\x00\x00\x00\x00-z\x1b\x00\x00\x01\x89p\x00\x00\x03\x06h\x93\x01i\x93\x01\x03\xf3\x01h\x00\x00i\x12\n\x00\x00\x08lz\x1b\x00\x00\x8e\x1b\x00\x00bE\x00\x00\xe4r\x00\x00\x014s\x00\x00:b\x08\x00\x00\xc9\x1f\x00\x00\x01\x91E\x00\x00Eqp\x00\x00\x84\x1b\x00\x00\xb0\x04\x00\x00\x08l"s\x00\x00\x01}p\x00\x00\xd7E\x00\x00d\x8e\x1b\x00\x00\x01\x03\x06h\x93\x01i\x93\x01\x03\xf3\x01h\x00\x00?\x84\x1b\x00\x00\x03\x06h\x93\x01i\x93\x01\x02\x8c\x00\x00\x00\x82\x01f\x04\x00\x00\x08\x92\x8e\x1b\x00\x00\x9c\x1b\x00\x00\x03\x92 \x02Qs\x00\x00\x01ws\x00\x00:b\x08\x00\x00\xdf \x00\x00\x01\rF\x00\x00-\x9c\x1b\x00\x00\x01\x89p\x00\x00\x03\x06h\x93\x01i\x93\x01\x03\xf3\x01h\x00\x00i|\x04\x00\x00\x08\x92\x9c\x1b\x00\x00\xb0\x1b\x00\x003F\x00\x00\x93s\x00\x00\x01\xe3s\x00\x00:b\x08\x00\x00\xdf \x00\x00\x01bF\x00\x00Eqp\x00\x00\xa6\x1b\x00\x00\xc8\x04\x00\x00\x08\x92\xd1s\x00\x00\x01}p\x00\x00\xa8F\x00\x00d\xb0\x1b\x00\x00\x01\x03\x06h\x93\x01i\x93\x01\x03\xf3\x01h\x00\x00?\xa6\x1b\x00\x00\x03\x06h\x93\x01i\x93\x01\x02\x8c\x00\x00\x00~\x9b\x04\x00\x00\xb0\x1b\x00\x00 \x1c\x00\x00\xdeF\x00\x00\xfds\x00\x00\x01 t\x00\x00:b\x08\x00\x00\xdf \x00\x00\x01AG\x00\x00`x\x04\x00\x00\x08\x9e*\x00\x00\x00wG\x00\x00V\xce\x1b\x00\x00\x00e\xdc \x00\x00\x01\x01e\xf9\x15\x00\x00\x01\x01\xad\x01\x01\xfb\x0f\x00\x00\x04- \x1c\x00\x00\xb4\x1c\x00\x00\x9dG\x00\x00\x01ct\x00\x00mm\x00\x042(\x05\x00\x00\x1aH\x00\x00mf\x00\x043\x8c\x00\x00\x00\x8dH\x00\x00\x00;\xc5\x0f\x00\x00\x08\xac\x01;\xfe\n\x00\x00\n\x1c\x01;J\x16\x00\x00\x04\xf1\x01(E\x17\x00\x00\x01\xa8\x02\x03(\xda%\x00\x00\x05\xfe\t\x01(\xf3\x13\x00\x00\x05\xd2\x16\x01(\x95\x03\x00\x00\x05\x06\x12\x01(\x15\x0e\x00\x00\x051\x16\x01;\xd4\x1d\x00\x00\x08\xb7\x01((\x0e\x00\x00\x05B\n\x01\'E \x00\x00\x05:\x16\x01\xd3t\x00\x00\x05\xd4\x07\x00\x00\x05;\x16w\x00\x00\x00\x00\'\x9a\x1b\x00\x00\x05Z\x16\x01\xedt\x00\x00\x12\xd4\x07\x00\x00\x05Z\x16w\x00\x00\x00\x00(u\x0b\x00\x00\x05\xda\x15\x01(\xbb\x11\x00\x00\x05\xee\x15\x01(\x19\x17\x00\x00\x05M\x10\x01(L\t\x00\x00\x05\xe3\x15\x01(3\t\x00\x00\x05 \x12\x01e~\x04\x00\x00\x01\x013\\\x1d\x00\x00\x05\x17\x15\xd0\x03\x00\x00\x01Ku\x00\x00\x0clen\x00\x05\x17\x15*\x00\x00\x00\x12\xf0\t\x00\x00\x05\x17\x15\xf6\n\x00\x00\x00G\xcd\x1a\x00\x00\x05\x0f\x15\xd0\x03\x00\x00\x01Q\xb0\x13\x00\x00\xd0\x03\x00\x00\x01\x01\x80u\x00\x00\x0clen\x00\x05\x17\x15*\x00\x00\x00\x12\xf0\t\x00\x00\x05\x17\x15\xf6\n\x00\x00\x00\'\xa8(\x00\x00\x05\x9b\x14\x01\xa6u\x00\x00\nlen\x00\x05\x9c\x14*\x00\x00\x00\x05\x8c\r\x00\x00\x05\x9d\x14\x94\x07\x00\x00\x00G\xcc\x1b\x00\x00\x05\x13\x15\xd0\x03\x00\x00\x01\'9\x17\x00\x00\x05z\n\x01\xcdu\x00\x00\nlen\x00\x05|\n5\x00\x00\x00\x003\xc0\x07\x00\x00\x05%\x15\xd0\x03\x00\x00\x01\x03v\x00\x00\x0clen\x00\x05%\x15\x03v\x00\x00\x12\xf0\t\x00\x00\x05%\x15\x94\x07\x00\x00\x05\xe2\x03\x00\x00\x05&\x15*\x00\x00\x00\x00\x1b\x02*\x00\x00\x00Q\x7f\x07\x00\x00\xd0\x03\x00\x00\x01\x01=v\x00\x00\x0clen\x00\x05%\x15\x03v\x00\x00\x12\xf0\t\x00\x00\x05%\x15\x94\x07\x00\x00\x05\xe2\x03\x00\x00\x05&\x15*\x00\x00\x00\x00\xae\x01\x01x%\x00\x00\n!\x0e\x03\x00\x00\x01\x8c#\x00\x00\x8e-\x00\x00\xddH\x00\x00\x01^\x81\x00\x00Tst\x00\x00\xa2#\x00\x00j$\x00\x00\n#<\xe1\x1b\x00\x00j$\x00\x00\xc6$\x00\x00\n(\x9ev\x00\x00\x13\xef\x1b\x00\x00\x15{t\x00\x00v$\x00\x00\xb2$\x00\x00\x01>\x03\x18\x9c$\x00\x00u%\x00\x00\x00\x00<ct\x00\x00\xc6$\x00\x00\x06&\x00\x00\n+\xccx\x00\x00<\x84t\x00\x00\xc6$\x00\x00\xf2%\x00\x00\x08\xad\xc2x\x00\x00\x02\x8dt\x00\x00\xc6$\x00\x00\x08%\x00\x00\x05\x01\n\xd0w\x00\x00\x02\xfa\x1b\x00\x00\xca$\x00\x00\x08%\x00\x00\x05\xd4\x16\xc6w\x00\x00\x0b\x06\x1c\x00\x00\r\x0b\x11\x1c\x00\x00\x01\t\xca$\x00\x00\x08%\x00\x00\x04\x1c\x1c\x00\x00%I\x00\x00\x04\'\x1c\x00\x008I\x00\x00\x042\x1c\x00\x00KI\x00\x00\x06=\x1c\x00\x00L\xcf\x1c\x00\x00\xca$\x00\x00\xd0$\x00\x00Ew\x00\x00\x04\xd0\x1c\x00\x00cI\x00\x00\x04\xdb\x1c\x00\x00%I\x00\x00\x00L\xb3\x1c\x00\x00\xd0$\x00\x00\xd6$\x00\x00iw\x00\x00\x04\xb8\x1c\x00\x00{I\x00\x00\x04\xc3\x1c\x00\x008I\x00\x00\x00L\x97\x1c\x00\x00\xda$\x00\x00\xea$\x00\x00\x8dw\x00\x00\x04\x9c\x1c\x00\x00\x93I\x00\x00\x04\xa7\x1c\x00\x00KI\x00\x00\x00L{\x1c\x00\x00\xea$\x00\x00\xf4$\x00\x00\xadw\x00\x00\x04\x80\x1c\x00\x00\xabI\x00\x00\x06\x8b\x1c\x00\x00\x00=H\x1c\x00\x00\xf4$\x00\x00\x08%\x00\x00\x04M\x1c\x00\x00\xc3I\x00\x00\x00\x00\x00\x18\xca$\x00\x00\xad%\x00\x00\x00\x02(\x1a\x00\x00\x08%\x00\x00\x12%\x00\x00\x05\x02\n\xf7w\x00\x00$$$\t\x08%\x00\x00\x12%\x00\x00\x0e\xd6I\x00\x00\x00\x00\x02\x8do\x00\x00\x1e%\x00\x00.%\x00\x00\x05\x10\n\x1ex\x00\x00\x18*%\x00\x00\xe42\x00\x00\x18.%\x00\x00,o\x00\x00\x00\x020M\x00\x00:%\x00\x00F%\x00\x00\x05\x12\nMx\x00\x00\x0e\x0bJ\x00\x00\x0e\x0bJ\x00\x00\x0e\x0bJ\x00\x00\t:%\x00\x00F%\x00\x00$\x00\x00\x02\x9ft\x00\x00\x86%\x00\x00\xbe%\x00\x00\x05 \n\xb1x\x00\x00\x02\xf9\x1c\x00\x00\x86%\x00\x00\x92%\x00\x00\x052\x16\x84x\x00\x00\x13\x07\x1d\x00\x00\x01\x11\x1d\x00\x00\x1fJ\x00\x00\x00\x02\x17\x1d\x00\x00\x96%\x00\x00\xbe%\x00\x00\x054\x16\xa7x\x00\x00\x01$\x1d\x00\x007J\x00\x00\x130\x1d\x00\x00\x00\x18\x96%\x00\x00\xed%\x00\x00\x00\x16\x96t\x00\x00\xbe%\x00\x00\xf2%\x00\x00\x05#\n\x00\x18\xf6%\x00\x00\xad%\x00\x00\x00E\xa8t\x00\x00\x06&\x00\x00\xe0\x04\x00\x00\n.X\x81\x00\x00E\x90\x1d\x00\x00\x06&\x00\x00\x08\x05\x00\x00\x08\xc2;}\x00\x00\x01\x9d\x1d\x00\x00LJ\x00\x00\x1e\x08\x05\x00\x00\x04\xa9\x1d\x00\x00lJ\x00\x00\x04\xb5\x1d\x00\x00\x80J\x00\x00\x04\xc1\x1d\x00\x00\x9fJ\x00\x00P\xcd\x1d\x00\x00\x03\x8c\xc5\x00\x04\xd9\x1d\x00\x00\xc9J\x00\x00\x04\xe5\x1d\x00\x00\xf3J\x00\x00\x04\xf1\x1d\x00\x00\xf3J\x00\x00\x04\xfd\x1d\x00\x00\x07K\x00\x00\x04\t\x1e\x00\x00\x1bK\x00\x00P\x15\x1e\x00\x00\x02\x8c\x01\x04!\x1e\x00\x00\x7fK\x00\x00P-\x1e\x00\x00\x03\x8c\xc1\x00\x049\x1e\x00\x00\x93K\x00\x00&!u\x00\x00\x0c&\x00\x008\x05\x00\x00\x05e\x14\xd8y\x00\x00\x13>u\x00\x00\x012u\x00\x00\xc9K\x00\x00{Ku\x00\x00\x0c&\x00\x00X\x05\x00\x00\x05\x18\x15=Xu\x00\x00n,\x00\x00\xa6,\x00\x00\x13su\x00\x00\x01gu\x00\x00\xf1K\x00\x00*\xa0,\x00\x00\x9be\x00\x00\x03\x06f\x93\x01g\x93\x01\x02\x80\x00\x00\x00\x00\x02\x94X\x00\x000(\x00\x004(\x00\x00\x056\x14\xf6y\x00\x00\x184(\x00\x00(%\x00\x00\x00\x02\x111\x00\x00d(\x00\x00\x8a(\x00\x00\x05G\x14\'z\x00\x00\x01"1\x00\x00\tL\x00\x00\td(\x00\x00\x8a(\x00\x00\x04.1\x00\x00\x1cL\x00\x00\x00\x00&\x9eG\x00\x00\x8c(\x00\x00p\x05\x00\x00\x05P\x14\x83z\x00\x00\x01\xbbG\x00\x00<L\x00\x00\x13\xafG\x00\x00\x1ep\x05\x00\x00\x04\xc7G\x00\x00OL\x00\x00\x04\xd2G\x00\x00cL\x00\x00M\x111\x00\x00\x8c(\x00\x00\x88\x05\x00\x00\x05\xac\x14\x13"1\x00\x00\x1e\x88\x05\x00\x00\x06.1\x00\x00\x00\x00\x00\x00\x02^\x81\x00\x00\xd6(\x00\x00\xec(\x00\x00\x05V\x14\xd0z\x00\x00\x0e\x92L\x00\x00$$*\xec(\x00\x00\x9be\x00\x00\x03\x06h\x93\x01i\x93\x01\x02\x80\x01\x03\x06f\x93\x01g\x93\x01\x03\x80\xc0\x00\x03\x0cb\x93\x01c\x93\x01d\x93\x01e\x93\x01\x014\x00\x00\x02PG\x00\x00\x1c)\x00\x00D)\x00\x00\x05[\x14x{\x00\x00\x01yG\x00\x00\xa6L\x00\x00\x01mG\x00\x00\xb9L\x00\x00\x13aG\x00\x00\t\x1c)\x00\x00D)\x00\x00\x04\x85G\x00\x00\xccL\x00\x00\x04\x91G\x00\x00\xe0L\x00\x00\x15\x9eG\x00\x00\x1c)\x00\x006)\x00\x00\x05~\x13\x01\xbbG\x00\x009M\x00\x00\x13\xafG\x00\x00\t\x1c)\x00\x006)\x00\x00\x04\xc7G\x00\x00\xccL\x00\x00\x04\xd2G\x00\x00\xccL\x00\x00\x15\x111\x00\x00\x1c)\x00\x004)\x00\x00\x05\xac\x14\x13"1\x00\x00\t\x1c)\x00\x004)\x00\x00\x06.1\x00\x00\x00\x00\x00\x00\x00\x00\x02^\x81\x00\x00\x1c,\x00\x00*,\x00\x00\x05a\x14\xac{\x00\x00\x0eLM\x00\x00$$**,\x00\x00\x9be\x00\x00\x03\x06h\x93\x01i\x93\x01\x05\x80\x00z\x00"\x00\x00\x02\x80u\x00\x00\xa6,\x00\x00~-\x00\x00\x05h\x14\x14}\x00\x00\t\xa6,\x00\x00~-\x00\x00\x04\x8du\x00\x00jM\x00\x00\x06\x99u\x00\x00\x16g\x81\x00\x00\xa6,\x00\x00\xb6,\x00\x00\x05\x9d\x14&\xcdu\x00\x00\xb6,\x00\x00\xa0\x05\x00\x00\x05\x9f\x14s|\x00\x00\x01\xeau\x00\x00\x82M\x00\x00\x01\xdeu\x00\x00\x9aM\x00\x00\x1e\xa0\x05\x00\x00\x06\xf6u\x00\x00F\tv\x00\x00\xa0\x05\x00\x00\x01$v\x00\x00\x82M\x00\x00\x01\x18v\x00\x00\x9aM\x00\x00\x1e\xa0\x05\x00\x00\x040v\x00\x00\xb2M\x00\x00*\x02-\x00\x00\x9be\x00\x00\x03\x06h\x93\x01i\x93\x01\x02v\x00\x03\x06f\x93\x01g\x93\x01\x11x\x00\x08\xff\x1at\x00\x08\xff\x1a\x1e\x03\x96\x05\x80\x00"\x00\x00\x00\x00\x00\x16\xa6u\x00\x00\xba,\x00\x00\xbe,\x00\x00\x05\x9e\x14\x02t\x81\x00\x00\x10-\x00\x00\x18-\x00\x00\x05\xa0\x14\x9d|\x00\x00\x0e\xcaM\x00\x00\x00\x15\xb3u\x00\x00\x18-\x00\x00~-\x00\x00\x05\xa1\x14\t\x18-\x00\x00~-\x00\x00\x04\xc0u\x00\x00\xe2M\x00\x00\x15x4\x00\x00r-\x00\x00~-\x00\x00\x05\x93\n\x01\x914\x00\x00\xfaM\x00\x00\x01\x854\x00\x00,N\x00\x00*|-\x00\x00\xf3)\x00\x00\x03\x06h\x93\x01i\x93\x01\x05\x03\x92\x07\x80\x00\x03\x06f\x93\x01g\x93\x01\x02|\x00\x03\x06d\x93\x01e\x93\x01\x02z\x04\x00\x00\x00\x00\x00\x00.^(\x00\x00@1\x00\x004}\x00\x00\x03\x01h\x02|\x00\x03\x06f\x93\x01g\x93\x01\x03\x80\xc4\x00\x00Vv)\x00\x00\x00\x00<\x83\x81\x00\x00\xf4\'\x00\x00\x04(\x00\x00\x08\xc1P}\x00\x00$\x00E\xb9t\x00\x00\x12&\x00\x00\xb8\x05\x00\x00\x08\xb8A\x7f\x00\x00\x1e\xb8\x05\x00\x00\x04\xc6t\x00\x00TN\x00\x00&\xd3t\x00\x00,&\x00\x00\xd0\x05\x00\x00\x05@\x16\xb6~\x00\x00\x01\xe0t\x00\x00\x97N\x00\x00\x02\xedt\x00\x00V&\x00\x00p&\x00\x00\x05a\x16\xbd}\x00\x00\x15\x89\x81\x00\x00V&\x00\x00Z&\x00\x00\x05\xdb\x15\x18Z&\x00\x00\xad%\x00\x00\x00\x00\x02\xf6t\x00\x00\xaa)\x00\x00\xc0)\x00\x00\x05g\x16\xec}\x00\x00\x15\x89\x81\x00\x00\xaa)\x00\x00\xae)\x00\x00\x05\xef\x15\x18\xae)\x00\x00\xad%\x00\x00\x00\x00\x02\xf6t\x00\x00\xdc)\x00\x00\xf0)\x00\x00\x05m\x16\x1b~\x00\x00\x15\x89\x81\x00\x00\xdc)\x00\x00\xe0)\x00\x00\x05\xef\x15\x18\xe0)\x00\x00\xad%\x00\x00\x00\x00\x16\x96\x81\x00\x00\x0c*\x00\x00\x10*\x00\x00\x05q\x16\x02=\x1d\x00\x00,*\x00\x00\xe8*\x00\x00\x05t\x16\xac~\x00\x00\x13J\x1d\x00\x00\t,*\x00\x00\xe8*\x00\x00\x04V\x1d\x00\x00\xceN\x00\x00\x02\xfft\x00\x00@*\x00\x00n*\x00\x00\x059\x0bz~\x00\x00*l*\x00\x00\x045\x00\x00\x03\x01h\x01@\x00\x00j\xb0*\x00\x00\x92~\x00\x00\x03\x06h\x93\x01i\x93\x01\x05\x03\x12\x01\x80\x00\x00*\xe6*\x00\x00g`\x00\x00\x03\x06h\x93\x01i\x93\x01\x05\x03\x12\x01\x80\x00\x00\x00\x00\x18\x0c*\x00\x00\xed%\x00\x00\x00\x02\x08u\x00\x00\x94&\x00\x00\xd0&\x00\x00\x05D\x16\xe5~\x00\x00\x15\x89\x81\x00\x00\x9c&\x00\x00\xa0&\x00\x00\x05\xe7\x15\x18\xa0&\x00\x00\xad%\x00\x00\x00\x00.\x1a&\x00\x00o.\x00\x00\x01\x7f\x00\x00\x03\x06h\x93\x01i\x93\x01\x05\x03\x92\x07\x80\x00\x00.$&\x00\x00\xdc"\x00\x00\x14\x7f\x00\x00\x03\x01h\x011\x00.,&\x00\x006-\x00\x000\x7f\x00\x00\x03\x06h\x93\x01i\x93\x01\x05\x03\x92\x07\x80\x00\x00*\x94&\x00\x00\xdc"\x00\x00\x03\x01h\x010\x00\x00\x00E\xb0t\x00\x00\xd0&\x00\x00\xf0\x05\x00\x00\x08\xb9-\x81\x00\x00\x02gh\x00\x00\xd0&\x00\x00\xda&\x00\x00\x05E\n\x93\x7f\x00\x00\t\xd0&\x00\x00\xda&\x00\x00\x04th\x00\x00\xf7N\x00\x00\x04\x80h\x00\x00\xf7N\x00\x00\x06\x8ch\x00\x00\x18\xda&\x00\x00\x93f\x00\x00\x00\x00&\x11u\x00\x00\xda&\x00\x00\x08\x06\x00\x00\x05J\n\xe5\x80\x00\x00\x02\xf7Z\x00\x00\x08\'\x00\x004\'\x00\x00\x05$\x12\x05\x80\x00\x00\x01,[\x00\x00\x17O\x00\x00\x01 [\x00\x00+O\x00\x00\x01\x14[\x00\x00?O\x00\x00\x01\x08[\x00\x00TO\x00\x00\t\x08\'\x00\x004\'\x00\x00\x048[\x00\x00lO\x00\x00\x04D[\x00\x00\xa1O\x00\x00\x04P[\x00\x00\xb5O\x00\x00\x00\x00\x02\xf7Z\x00\x00\x0c+\x00\x008+\x00\x00\x05+\x12c\x80\x00\x00\x01,[\x00\x00\xdeO\x00\x00\x01 [\x00\x00\xf2O\x00\x00\x01\x14[\x00\x00\x19P\x00\x00\x01\x08[\x00\x00.P\x00\x00\t\x0c+\x00\x008+\x00\x00\x048[\x00\x00FP\x00\x00\x04D[\x00\x00nP\x00\x00\x04P[\x00\x00\x82P\x00\x00\x00\x00\x02\xf7Z\x00\x00\xc6+\x00\x00\xfa+\x00\x00\x058\x12\xc1\x80\x00\x00\x01,[\x00\x00\xabP\x00\x00\x01 [\x00\x00\xbfP\x00\x00\x01\x14[\x00\x00\xe6P\x00\x00\x01\x08[\x00\x00\x04Q\x00\x00\t\xc6+\x00\x00\xfa+\x00\x00\x048[\x00\x00\x1cQ\x00\x00\x04D[\x00\x00DQ\x00\x00\x04P[\x00\x00nQ\x00\x00\x00\x00\x02\n]\x00\x00\x02,\x00\x00\x06,\x00\x00\x05<\x12\xdb\x80\x00\x00\x0e\x97Q\x00\x00\x00\x18\n,\x00\x00AZ\x00\x00\x00\x15\x9f\x81\x00\x00\x88\'\x00\x00\x90\'\x00\x00\x05M\n\x0e\xabQ\x00\x00\x15y\x1d\x00\x00\x88\'\x00\x00\x90\'\x00\x00\x05\xfd\x16\x01\x85\x1d\x00\x00\xc7Q\x00\x00=c\x1d\x00\x00\x88\'\x00\x00\x90\'\x00\x00\x01n\x1d\x00\x00\xddQ\x00\x00\x00\x00\x00\x00\x18\x94\'\x00\x00\xad%\x00\x00\x18\xbc\'\x00\x00\xad%\x00\x00*\xd4\'\x00\x0070\x00\x00\x03\x06h\x93\x01i\x93\x01\x05\x039\x08\x80\x00\x00\x00V\x8c-\x00\x00\x00(/\x11\x00\x00\x05q\x14\x01G\xb5\r\x00\x00\x05\x96\n\x94\x07\x00\x00\x01(\x08%\x00\x00\x05\x9a\n\x01\x1b\x02\xdd\x04\x00\x00Y\xbf\x04\x00\x00\x03G\xf7\x08\x00\x00\x05\xe4\x16?\x08\x00\x00\x01(\xaf\x1d\x00\x00\x05\xdf\x15\x01(\x05!\x00\x00\x05\xfc\x16\x01\x83\x01\x01\xfb\x0e\x00\x00\x01\xf5\x02\xb4\x1c\x00\x00\x92\x1d\x00\x00\xf3Q\x00\x00\x01m\x82\x00\x00\x07\xac\x07\x00\x00\x01\xf7\x02\x17\x01\x00\x00<R\x00\x00\x02m\x82\x00\x00\xd4\x1c\x00\x00\xe8\x1c\x00\x00\x01\xfd\x02\x18\x82\x00\x00\x07\x19\x1e\x00\x00\x01\xf5\x02\x17\x01\x00\x00ZR\x00\x00\x07\xec\x04\x00\x00\x01\xf5\x02\x17\x01\x00\x00oR\x00\x00\x07\x8f\x10\x00\x00\x01\xf5\x02\x17\x01\x00\x00oR\x00\x00\x00\x15\xbd\x1b\x00\x00\xf6\x1c\x00\x00\n\x1d\x00\x00\x01\x05\x03\x01\xca\x1b\x00\x00\x83R\x00\x00\x02\x9e"\x00\x00\xf6\x1c\x00\x00\xfc\x1c\x00\x00\x01\x99\x02K\x82\x00\x00\x0e\x97R\x00\x00\x00\x16\xb2"\x00\x00\xfc\x1c\x00\x00\x00\x1d\x00\x00\x01\x9a\x02\x16\xff+\x00\x00\x04\x1d\x00\x00\n\x1d\x00\x00\x01\x9b\x02\x00\x00(\xf5\t\x00\x00\x01d\x01\x01;\xda"\x00\x00\x01\\\x033\x9d\x04\x00\x00\x01\x01\x02\xd0\x03\x00\x00\x01\xf6\x82\x00\x00\x12\xc5\x0f\x00\x00\x01\x01\x02\xf6\x82\x00\x00\nt\x00\x01\x03\x02\x17\x01\x00\x00\nret\x00\x01\t\x02\x0e\x03\x00\x00\x05\x01\x06\x00\x00\x01\x0f\x02S\x1b\x00\x00\x05p#\x00\x00\x01,\x02\x17\x01\x00\x00D\xe7\x82\x00\x00\x05\xb3\x04\x00\x00\x01,\x02*\x00\x00\x00\x05\x15#\x00\x00\x01,\x02w\x00\x00\x00\x00\x1d\x05\xe1"\x00\x00\x01!\x02\xfc\x82\x00\x00\x00\x00]\x02\xed\x0c\x00\x002\x0c\x83\x00\x00\x0c\x83\x00\x001?\x00\x00\x00\x13\x00@\x01\x06\xbe\x0b\x00\x00\x17\x0c\x83\x00\x00J\x13\x83\x00\x003\xd7#\x00\x00\x01\xf2\x01\xd0\x03\x00\x00\x01S\x83\x00\x00\x12T\x15\x00\x00\x01\xf2\x01\x0e\x03\x00\x00\x05;\x07\x00\x00\x01\xf6\x01\x17\x01\x00\x00\x05*\x0c\x00\x00\x01\xf7\x01\x04\x19\x00\x00\x00\'\xfe&\x00\x00\x01\x93\x01\x01m\x83\x00\x00\x0cend\x00\x01\x93\x01\x0e\x03\x00\x00\x00]\x02]\r\x00\x00,w\x0b\x00\x00\x01\x81\x83\x00\x00\xaf\x83\x00\x00+b\x08\x00\x00\x1d%\x00\x00\x01"\xc5\x0f\x00\x00\x03)m\x83\x00\x00\x19U\x0e\x00\x00\x03+\x01\x0b\x00\x00\x1d6ret\x00\x03-\x0e\x03\x00\x00\x00\x00\x1b\x02\x0c\x83\x00\x00,\x97\x0b\x00\x00\x01\xc3\x83\x00\x00\xe4\x83\x00\x00+b\x08\x00\x00\x1d%\x00\x00\x01"D\x04\x00\x00\x035\xaf\x83\x00\x00\x19U\x0e\x00\x00\x037\x01\x0b\x00\x00\x00\'\x1e\x1c\x00\x00\x01m\x01\x01\xfe\x83\x00\x00\x1d\ni\x00\x01o\x01\x17\x01\x00\x00\x00\x003\xd5\x0f\x00\x00\x01\x82\x01\xd0\x03\x00\x00\x01&\x84\x00\x00\x12\xc5\x0f\x00\x00\x01\x82\x01\xf6\x82\x00\x00\ni\x00\x01\x85\x01\x17\x01\x00\x00\x00I\xe9\x19\x00\x00\x06N\xd0\x03\x00\x00\x01V\x84\x00\x00"\xc5\x0f\x00\x00\x06Nm\x83\x00\x006r\x00\x06P\x17\x01\x00\x00\x19\xeb\x11\x00\x00\x06Q\x17\x01\x00\x00\x00;\xa8\x17\x00\x00\x01g\x03Q\xa8\t\x00\x00\xd0\x03\x00\x00\x01\x01\x9a\x84\x00\x00"\xc5\x0f\x00\x00\x06Nm\x83\x00\x006r\x00\x06P\x17\x01\x00\x00\x19\xeb\x11\x00\x00\x06Q\x17\x01\x00\x00\x1d\x19\xbc(\x00\x00\x06q*\x00\x00\x00\x00\x00Iq\x16\x00\x00\x06C\xd0\x03\x00\x00\x01\xc3\x84\x00\x00\x1d\x19\xb3\x04\x00\x00\x06E*\x00\x00\x00\x19\x15#\x00\x00\x06E*\x00\x00\x00\x00\x00,\xb3\x0b\x00\x00\x01\xd1\x84\x00\x00\xf2\x84\x00\x00+b\x08\x00\x00\x1d%\x00\x00\x01"\xc5\x0f\x00\x00\x03>m\x83\x00\x00\x19U\x0e\x00\x00\x03@\x01\x0b\x00\x00\x00\x83\x01\x01\x07\x0f\x00\x00\x013\x02\x92\x1d\x00\x00\xf6!\x00\x00\xabR\x00\x00\x01\x06\x8b\x00\x00\x1f\xc5\x0f\x00\x00\x019\x02\xed\x0c\x00\x00\x02\x8c\x15\x07\xeb\x11\x00\x00\x01=\x02\x17\x01\x00\x00\xf6S\x00\x00\rok\x00\x01C\x02\xd0\x03\x00\x00aT\x00\x00\x02\x9e"\x00\x00\xce\x1d\x00\x00\xd2\x1d\x00\x00\x015\x02_\x85\x00\x00\rep\x00\x013\x02\x17\x01\x00\x00\x98T\x00\x00\x00\x16\x06\x8b\x00\x00\xd2\x1d\x00\x00\xd6\x1d\x00\x00\x016\x02\x16\x12\x8b\x00\x00\xe4\x1d\x00\x00\xea\x1d\x00\x00\x01;\x02\x16v\x82\x00\x00\xf0\x1d\x00\x00\xf8\x1d\x00\x00\x01?\x02z \x06\x00\x00\xc0\x88\x00\x00\rr\x00\x01G\x02\x17\x01\x00\x00\xacT\x00\x00\x071\x0c\x00\x00\x01H\x020\x14\x00\x00\xe0T\x00\x00\x02~&\x00\x00\x16\x1e\x00\x00\x1a\x1e\x00\x00\x01M\x02\xd9\x85\x00\x00\rd\x00\x013\x02\x17\x01\x00\x00(U\x00\x00\x00\x02~&\x00\x00\x1a\x1e\x00\x00\x1e\x1e\x00\x00\x01U\x02\xfc\x85\x00\x00\rd\x00\x013\x02\x17\x01\x00\x00;U\x00\x00\x00\x02~&\x00\x00j\x1e\x00\x00p\x1e\x00\x00\x01T\x02\x1f\x86\x00\x00\rd\x00\x013\x02\x17\x01\x00\x00OU\x00\x00\x00\x16v\x82\x00\x00\xa4\x1e\x00\x00\xac\x1e\x00\x00\x01j\x02&~\x82\x00\x00\xbe\x1e\x00\x00`\x06\x00\x00\x01o\x02t\x88\x00\x00\x01\x8f\x82\x00\x00cU\x00\x00\x1e`\x06\x00\x00\x04\x9b\x82\x00\x00\x92U\x00\x00\x06\xa5\x82\x00\x00\x04\xb1\x82\x00\x00\xbbU\x00\x00\x04\xbd\x82\x00\x00\xf7U\x00\x00&\x1d\x83\x00\x00\xc0\x1e\x00\x00\x88\x06\x00\x00\x01\x05\x02D\x87\x00\x00\x01.\x83\x00\x00\nV\x00\x00\x1e\x88\x06\x00\x00\x04:\x83\x00\x00\x1eV\x00\x00PF\x83\x00\x00\x02\x8c\x01&S\x83\x00\x00\xc0\x1e\x00\x00\xa0\x06\x00\x00\x01\xf5\x01\xd8\x86\x00\x00\x01`\x83\x00\x001V\x00\x00\x15\x9e"\x00\x00\xc0\x1e\x00\x00\xc4\x1e\x00\x00\x01\x95\x01\x0eEV\x00\x00\x00\x00\x02S\x83\x00\x00\x02\x1f\x00\x00\x16\x1f\x00\x00\x01\xfa\x01\x08\x87\x00\x00\x13`\x83\x00\x00\x15\x9e"\x00\x00\x02\x1f\x00\x00\x06\x1f\x00\x00\x01\x95\x01\x0eYV\x00\x00\x00\x00\x18\xdc\x1e\x00\x00\x89(\x00\x00.&\x1f\x00\x00\x7f\'\x00\x009\x87\x00\x00\x03\x01h\x010\x03\x06f\x93\x01g\x93\x01\x02\x91O\x03\x06d\x93\x01e\x93\x01\x019\x00\x18*\x1f\x00\x00\x89(\x00\x00\x00\x00\x02S\x83\x00\x00,\x1f\x00\x004\x1f\x00\x00\x01\x07\x02^\x87\x00\x00\x13`\x83\x00\x00\x00\x02s\x83\x00\x008\x1f\x00\x00l\x1f\x00\x00\x01\t\x02\xc7\x87\x00\x00\x13\x8b\x83\x00\x00\x01\x81\x83\x00\x00mV\x00\x00\t8\x1f\x00\x00l\x1f\x00\x00\x04\x96\x83\x00\x00\x85V\x00\x00=\xa1\x83\x00\x00H\x1f\x00\x00d\x1f\x00\x00\x04\xa2\x83\x00\x00\x9dV\x00\x00?^\x1f\x00\x00\x03\x06h\x93\x01i\x93\x01\x02\x80\x00\x03\x06f\x93\x01g\x93\x01\x02\x91c\x00\x00\x00\x00g\xe7\x82\x00\x00\xb8\x06\x00\x00E\x88\x00\x00P\xe8\x82\x00\x00\x02\x8c\x01\x02\xb5\x83\x00\x00\xac\x1f\x00\x00\xe4\x1f\x00\x00\x01"\x022\x88\x00\x00\x01\xcd\x83\x00\x00\xb5V\x00\x00\x01\xc3\x83\x00\x00\xdaV\x00\x00\t\xac\x1f\x00\x00\xe4\x1f\x00\x00\x04\xd8\x83\x00\x00\xf2V\x00\x00?\xd4\x1f\x00\x00\x03\x06h\x93\x01i\x93\x01\x02~\x00\x03\x06f\x93\x01g\x93\x01\x02\x80\x00\x00\x00\x00\x18\x8a\x1f\x00\x00\x8e&\x00\x00\x18\xac\x1f\x00\x00\xc7$\x00\x00\x00L\xc9\x82\x00\x00\xfe\x1f\x00\x00\x02 \x00\x00i\x88\x00\x00\x04\xce\x82\x00\x00\nW\x00\x00\x04\xda\x82\x00\x00\xf7U\x00\x00\x00\x188\x1f\x00\x00\xc7$\x00\x00\x00\x00\x02~&\x00\x00\x16 \x00\x00\x1e \x00\x00\x01w\x02\x97\x88\x00\x00\rd\x00\x013\x02\x17\x01\x00\x00"W\x00\x00\x00\x15\xe4\x83\x00\x000 \x00\x00` \x00\x00\x01}\x02=\xf1\x83\x00\x000 \x00\x00V \x00\x00\x04\xf2\x83\x00\x006W\x00\x00\x00\x00\x00&\xfe\x83\x00\x00\x06 \x00\x00\xd0\x06\x00\x00\x01\x8c\x02\x87\x8a\x00\x00\x01\x0f\x84\x00\x00IW\x00\x00\x1e\xd0\x06\x00\x00\x04\x1b\x84\x00\x00^W\x00\x00&&\x84\x00\x00\x06 \x00\x00\xf8\x06\x00\x00\x01\x88\x01*\x8a\x00\x00\x016\x84\x00\x00\xa1W\x00\x00\x1e\xf8\x06\x00\x00\x04A\x84\x00\x00\xb6W\x00\x00\x04J\x84\x00\x002X\x00\x00<{\x1b\x00\x00\xc8 \x00\x00\xe2 \x00\x00\x06e\xa0\x89\x00\x00\x13\x8c\x1b\x00\x00\x13\x96\x1b\x00\x00\t\xc8 \x00\x00\xe2 \x00\x00\x04\xa2\x1b\x00\x00[X\x00\x00=\xae\x1b\x00\x00\xc8 \x00\x00\xe2 \x00\x00\x06\xaf\x1b\x00\x00\x16V\x84\x00\x00\xc8 \x00\x00\xd0 \x00\x00\x01\xd7\x01\x16\x1a\x8b\x00\x00\xda \x00\x00\xe2 \x00\x00\x01\xd9\x01*\xda \x00\x00x)\x00\x00\x03\x06h\x93\x01i\x93\x01\x05\x03\n\x01\x80\x00\x03\x01f\x017\x00\x00\x00\x00g^\x84\x00\x00 \x07\x00\x00\x1f\x8a\x00\x00\x01m\x84\x00\x00oX\x00\x00\x1e \x07\x00\x00\x06x\x84\x00\x00\x06\x81\x84\x00\x00F\x8c\x84\x00\x00 \x07\x00\x00\x04\x8d\x84\x00\x00\x84X\x00\x00<\x9a\x84\x00\x00\xee \x00\x00\xf6 \x00\x00\x06y\x07\x8a\x00\x00=\xaa\x84\x00\x00\xee \x00\x00\xf6 \x00\x00\x04\xab\x84\x00\x00\xc8X\x00\x00\x06\xb6\x84\x00\x00\x00\x00)"\x8b\x00\x00:!\x00\x00P!\x00\x00\x06\x8d\x0e\xdeX\x00\x00\x00\x00\x00\x00\x18\n \x00\x00\x7f\'\x00\x00\x00\x00\x02\xc3\x84\x00\x00\xae!\x00\x00\xe0!\x00\x00\x01\x8c\x01|\x8a\x00\x00\x13\xdb\x84\x00\x00\x01\xd1\x84\x00\x00\xf2X\x00\x00\t\xae!\x00\x00\xe0!\x00\x00\x04\xe6\x84\x00\x00\nY\x00\x00?\xd4!\x00\x00\x03\x06h\x93\x01i\x93\x01\x02\x80\x00\x03\x06f\x93\x01g\x93\x01\x02\x91c\x00\x00\x00\x18\xae!\x00\x00\xc7$\x00\x00\x00\x00\x02S\x83\x00\x00l \x00\x00\x80 \x00\x00\x01\x8b\x02\xbb\x8a\x00\x00\x01`\x83\x00\x00"Y\x00\x00\x15\x9e"\x00\x00l \x00\x00p \x00\x00\x01\x95\x01\x0e:Y\x00\x00\x00\x00\x16\x86&\x00\x00\x1e\x1e\x00\x00$\x1e\x00\x00\x01\x90\x02\x16\x86&\x00\x00b\x1e\x00\x00j\x1e\x00\x00\x01A\x02\x16+\x8b\x00\x00\x8e\x1f\x00\x00\x96\x1f\x00\x00\x01\x93\x02*\xe4\x1d\x00\x00x)\x00\x00\x03\x06h\x93\x01i\x93\x01\x02\x91c\x03\x01f\x018\x00\x00^\xf3(\x00\x00\x01\x99\x17\x01\x00\x00\x03;~\x1f\x00\x00\x01\x9e\x03;\xf1\x04\x00\x00\x01t\x03(8\'\x00\x00\x0b\xc4\x01\x03;\x01\x13\x00\x00\x01\xa3\x038\x92\x1e\x00\x00\x01\x01U\x8b\x00\x00\x19r\x11\x00\x00\x08\xc5\x0e\x03\x00\x00\x19q\x14\x00\x00\x08\xc5\x0e\x03\x00\x00\x00\xaf\x01\x12\x07\x00\x00\x01\x8e-\x00\x00\xae-\x00\x00\x03\x92 \x02\x01\t\x8c\x00\x00)\xb6!\x00\x00\x8e-\x00\x00\xae-\x00\x00\x08\xc5\xb0\x01r\x11\x00\x00\x08\xc5\x0e\x03\x00\x00\x7f\xb1\x01q\x14\x00\x00\x08\xc5\x0e\x03\x00\x00\x00\t\x8e-\x00\x00\xae-\x00\x00\x06>\x8b\x00\x00\x06I\x8b\x00\x00j\x96-\x00\x00\xc1\x8b\x00\x00\x03\x06h\x93\x01i\x93\x01\x05\x03\xe2\x07\x80\x00\x00j\x9e-\x00\x00\xd9\x8b\x00\x00\x03\x06h\x93\x01i\x93\x01\x05\x03\xff\x07\x80\x00\x00j\xa6-\x00\x00\xf1\x8b\x00\x00\x03\x06h\x93\x01i\x93\x01\x05\x03\x1c\x08\x80\x00\x00d\xae-\x00\x00\x01\x03\x06h\x93\x01i\x93\x01\x05\x039\x08\x80\x00\x00\x00\x00\x002\x18\x83\x00\x00\x19\x8c\x00\x001?\x00\x00\x00\x19\x00\x17\t\x8c\x00\x00J\x19\x8c\x00\x00fepk\x00\x08\x0c\x1e\x8c\x00\x00\x05\x03\x00\x00\x00\x00#\xd6&\x00\x00\x08#:\x00\x00\x00\x05\x03T\x04\x80\x00#G\x08\x00\x00\x08$:\x00\x00\x00\x05\x03\x00\x01\x80\x002w\x00\x00\x00f\x8c\x00\x001?\x00\x00\x00C\x00\x1f\x8e\x1c\x00\x00\x05\xb2\x07V\x8c\x00\x00\x05\x03V\x04\x80\x00\x1f\x17\r\x00\x00\x05\xb3\x07V\x8c\x00\x00\x05\x03\x9a\x04\x80\x00\x1f\xa0!\x00\x00\x05\xbc\x07V\x8c\x00\x00\x05\x03\xde\x04\x80\x002\xed\x18\x00\x00\xac\x8c\x00\x001?\x00\x00\x00\x02\x00\x17\x9c\x8c\x00\x00#\x14(\x00\x00\x08\x0f\xac\x8c\x00\x00\x05\x03 \x01\x80\x002\x87\x00\x00\x00\xd8\x8c\x00\x001?\x00\x00\x00\x041?\x00\x00\x00\x03\x00\x17\xc2\x8c\x00\x00\x1fZ\x0e\x00\x00\x05\xb1\x12\xd8\x8c\x00\x00\x05\x032\x01\x80\x00\x1f\xf5 \x00\x00\x05\xcb\x12w\x00\x00\x00\x05\x03$\x05\x80\x00\x1f\x9b)\x00\x00\x05\xc9\x12w\x00\x00\x00\x05\x03%\x05\x80\x00\x1fF(\x00\x00\x05\xca\x12w\x00\x00\x00\x05\x03&\x05\x80\x00\x1f\x94#\x00\x00\x05\xb9\x07\x9a\x07\x00\x00\x05\x03\x02\x01\x80\x00#\x08\x16\x00\x00\x061\xe4\x17\x00\x00\x05\x03\xca\x00\x00\x002;\x14\x00\x00X\x8d\x00\x001?\x00\x00\x00\x01\x00\x17H\x8d\x00\x00#y\x08\x00\x00\x01\'X\x8d\x00\x00\x05\x03\x0c\x01\x00\x00#\xf5\r\x00\x00\x01JR\x14\x00\x00\x05\x03\x10\x01\x00\x002!\x01\x00\x00\x8f\x8d\x00\x001?\x00\x00\x00\x0b\x00\x17\x7f\x8d\x00\x00#*\x15\x00\x00\x01B\x8f\x8d\x00\x00\x05\x03"\x01\x00\x002!\x01\x00\x00\xb5\x8d\x00\x001?\x00\x00\x00\x10\x00\x17\xa5\x8d\x00\x00#\x88\x0b\x00\x00\x011\xb5\x8d\x00\x00\x05\x03.\x01\x00\x002\x17\x01\x00\x00\xdb\x8d\x00\x001?\x00\x00\x00\x06\x00\x17\xcb\x8d\x00\x00\x1fx)\x00\x00\x01R\x01\xdb\x8d\x00\x00\x05\x03F\x01\x80\x00\x1f}%\x00\x00\x01\x92\x01\x0e\x03\x00\x00\x05\x03\'\x05\x80\x00\x1f\xad\'\x00\x00\x01\x91\x01\x0e\x03\x00\x00\x05\x03)\x05\x80\x00#O!\x00\x00\x06,\x17\x01\x00\x00\x05\x03+\x05\x80\x00#\xcf\x1f\x00\x00\x06*$\x14\x00\x00\x05\x03\x06\x01\x80\x00#.\x1f\x00\x00\x06)\xe3\x07\x00\x00\x05\x03\n\x01\x80\x00#\x9f#\x00\x00\x01\x1c&\x01\x00\x00\x05\x03,\x05\x80\x00#\'\x10\x00\x00\x01Z&\x01\x00\x00\x05\x03-\x05\x80\x00#\xe0\x12\x00\x00\x01Y&\x01\x00\x00\x05\x03.\x05\x80\x0025\x00\x00\x00\x8c\x8e\x00\x001?\x00\x00\x00\x06\x00\x17|\x8e\x00\x00#1\x06\x00\x00\x15\xcf\x8c\x8e\x00\x00\x05\x03?\x01\x00\x00\x1f\x00\x07\x00\x00\x05\xc6\x12v\x0f\x00\x00\x05\x03/\x05\x80\x002\xf7\x13\x00\x00\xc4\x8e\x00\x001?\x00\x00\x008\x00\x17\xb4\x8e\x00\x00\x1f\xc5\x06\x00\x00\x05\xfd\x08\xc4\x8e\x00\x00\x05\x03M\x01\x80\x00\x1f!\x07\x00\x00\x05\xb8\x07\x9a\x07\x00\x00\x05\x03\x12\x01\x80\x00\x1fX\x19\x00\x00\x05+\x16\x0b\x01\x00\x00\x05\x031\x05\x80\x00\x1f9\x0e\x00\x00\x05\xd1\x15\xab\x0f\x00\x00\x05\x03\x81\x05\x80\x00\x1f\x04\x19\x00\x00\x05\xd0\x15?\x08\x00\x00\x05\x03\x83\x05\x80\x00\x1fa\x12\x00\x00\x05\xd2\x15\xd0\x03\x00\x00\x05\x03\x87\x05\x80\x0025\x00\x00\x00E\x8f\x00\x001?\x00\x00\x00\xff\x00\x175\x8f\x00\x00\x1fz\x03\x00\x00\x05<\x11E\x8f\x00\x00\x05\x03\xbf\x01\x80\x00\x1f/\x14\x00\x00\x05\x04\x12@\x10\x00\x00\x05\x03\x88\x05\x80\x00\x1fv\x12\x00\x00\x05\xbd\x07\x9a\x07\x00\x00\x05\x03\x16\x01\x80\x002\x9e\x13\x00\x00\x90\x8f\x00\x001?\x00\x00\x00\x03\x00\x1f\x9d*\x00\x00\x05\xd0\x12\x80\x8f\x00\x00\x05\x03\x95\x05\x80\x00\x1fb%\x00\x00\x05\xcf\x129\x0f\x00\x00\x05\x03\x99\x06\x80\x00\x1f\xe9\x0b\x00\x00\x05\xc8\x12\x1a\x0c\x00\x00\x05\x03\x9c\x06\x80\x002\x92\x13\x00\x00\xd6\x8f\x00\x001?\x00\x00\x00\x13\x00\x1f\x80\x14\x00\x00\x05\xc3\x12\xc6\x8f\x00\x00\x05\x03\x9f\x06\x80\x00\x1f\xe3%\x00\x00\x05\xc7\x12\x9f\x0f\x00\x00\x05\x03S\x07\x80\x002w\x00\x00\x00\n\x90\x00\x001?\x00\x00\x00\x02\x00\x1f,\x1c\x00\x00\x05\xd4\x12\xfa\x8f\x00\x00\x05\x03T\x07\x80\x00\x1f\x99%\x00\x00\x05\xb0\x07\xd9\x12\x00\x00\x05\x03W\x07\x80\x00#W(\x00\x00\x08 F\x90\x00\x00\x05\x03T\x04\x80\x00@\x04\x043\x17\x00\x00J?\x90\x00\x00#g\x08\x00\x00\x08\x1f\x82\x00\x00\x00\x05\x03X\x04\x80\x00#\xc3\n\x00\x00\x08\x1e\x82\x00\x00\x00\x05\x03Y\x04\x80\x00#\xf4%\x00\x00\x08\x1d:\x00\x00\x00\x05\x03Z\x04\x80\x00#\xc5)\x00\x00\x08&(\x05\x00\x00\x05\x03w\x07\x80\x00#\xc2\x08\x00\x00\x04(\x8c\x00\x00\x00\x05\x03{\x07\x80\x00#\xce\x10\x00\x00\x04\'\xb8\x90\x00\x00\x05\x03|\x07\x80\x00@\x04\x07=\x1e\x00\x00J\xb1\x90\x00\x00#>\x15\x00\x00\x04&\xb8\x90\x00\x00\x05\x03\x80\x07\x80\x00#\xf9\x1f\x00\x00\x01\x1d&\x01\x00\x00\x05\x03\x90\x07\x80\x00#\xee\x06\x00\x00\x01X&\x01\x00\x00\x05\x03\x91\x07\x80\x00##$\x00\x00\x15\xd9\x8c\x8e\x00\x00\x05\x03M\x01\x00\x002\x87\x00\x00\x00\x11\x91\x00\x001?\x00\x00\x00\x1e\x00\x17\x01\x91\x00\x00#R$\x00\x00\x15\xed\x11\x91\x00\x00\x05\x03[\x01\x00\x00\x1f:\x1d\x00\x00\x15\x13\x01\x11\x91\x00\x00\x05\x03z\x01\x00\x00\x1f\xb5\x10\x00\x00\x159\x01\x11\x91\x00\x00\x05\x03\x99\x01\x00\x00\x1f\xc5\x15\x00\x00\x063\x01\x92\x05\x00\x00\x05\x03\x92\x07\x80\x00#\x10#\x00\x00\x08\xb5\xd7\x03\x00\x00\x05\x03\xe2\x07\x80\x00#\x8a\t\x00\x00\x08\xb45\t\x00\x00\x05\x03\xff\x07\x80\x00#\x82\t\x00\x00\x08\xb35\t\x00\x00\x05\x03\x1c\x08\x80\x00#\xb1!\x00\x00\x08\xb28\x03\x00\x00\x05\x039\x08\x80\x00\x00\xb7\x00\x00\x00\x02\x00\x86\x13\x00\x00\x04\x01\x14%\x00\x00H5\x00\x00L5\x00\x00../../../../gcc/libgcc/config/avr/lib1funcs.S\x00/home/jenkins-mingw32/workspace/avr-gcc-staging/label/Ubuntu14.04x64-mingw32/gcc-build/avr/avr5/libgcc\x00GNU AS 2.26\x00\x01\x80\xb7\x00\x00\x00\x02\x00\x9a\x13\x00\x00\x04\x01v%\x00\x00\x822\x00\x00\xaa2\x00\x00../../../../gcc/libgcc/config/avr/lib1funcs.S\x00/home/jenkins-mingw32/workspace/avr-gcc-staging/label/Ubuntu14.04x64-mingw32/gcc-build/avr/avr5/libgcc\x00GNU AS 2.26\x00\x01\x80\xb7\x00\x00\x00\x02\x00\xae\x13\x00\x00\x04\x01D&\x00\x00\xaa2\x00\x00\xd22\x00\x00../../../../gcc/libgcc/config/avr/lib1funcs.S\x00/home/jenkins-mingw32/workspace/avr-gcc-staging/label/Ubuntu14.04x64-mingw32/gcc-build/avr/avr5/libgcc\x00GNU AS 2.26\x00\x01\x80\xb7\x00\x00\x00\x02\x00\xc2\x13\x00\x00\x04\x01\x0c\'\x00\x00\xd22\x00\x00\xde2\x00\x00../../../../gcc/libgcc/config/avr/lib1funcs.S\x00/home/jenkins-mingw32/workspace/avr-gcc-staging/label/Ubuntu14.04x64-mingw32/gcc-build/avr/avr5/libgcc\x00GNU AS 2.26\x00\x01\x80\xb7\x00\x00\x00\x02\x00\xd6\x13\x00\x00\x04\x01\x86\'\x00\x00\xc8\x01\x00\x00\xde\x01\x00\x00../../../../gcc/libgcc/config/avr/lib1funcs.S\x00/home/jenkins-mingw32/workspace/avr-gcc-staging/label/Ubuntu14.04x64-mingw32/gcc-build/avr/avr5/libgcc\x00GNU AS 2.26\x00\x01\x80\xb7\x00\x00\x00\x02\x00\xea\x13\x00\x00\x04\x01\x1e(\x00\x00\xde\x01\x00\x00\xee\x01\x00\x00../../../../gcc/libgcc/config/avr/lib1funcs.S\x00/home/jenkins-mingw32/workspace/avr-gcc-staging/label/Ubuntu14.04x64-mingw32/gcc-build/avr/avr5/libgcc\x00GNU AS 2.26\x00\x01\x80\xb7\x00\x00\x00\x02\x00\xfe\x13\x00\x00\x04\x01\xa4(\x00\x00\xee\x01\x00\x00\x04\x02\x00\x00../../../../gcc/libgcc/config/avr/lib1funcs.S\x00/home/jenkins-mingw32/workspace/avr-gcc-staging/label/Ubuntu14.04x64-mingw32/gcc-build/avr/avr5/libgcc\x00GNU AS 2.26\x00\x01\x80\xb7\x00\x00\x00\x02\x00\x12\x14\x00\x00\x04\x016)\x00\x0025\x00\x00H5\x00\x00../../../../gcc/libgcc/config/avr/lib1funcs.S\x00/home/jenkins-mingw32/workspace/avr-gcc-staging/label/Ubuntu14.04x64-mingw32/gcc-build/avr/avr5/libgcc\x00GNU AS 2.26\x00\x01\x80', rid = 9), image=b'\xf0\t\x00\x00\x02\x00\x00\x00\x00\x00\x04\x01\x00\x00\x00\x00\x00\x00\x00\x00\x02\x0f\x00\x00\x00\x01\x08\x03\x17\x00\x00\x00\x02\x07\x04\x14\x00\x00\x00\x05\x1b\x00\x00\x00\xff\x03\x00\x06 \x00\x00\x00\x00\x00"\x00\x00\x00\x01\x05\x03\x00\x00\x81\x00\x07)\x00\x00\x00\x00\x00\x14\x00\x00\x00\x01\x05\x03`\x00\x80\x00\x080\x00\x00\x00\x00\x00\x14\x00\x00\x00\x01\x05\x03+\x00\x80\x00\t6\x00\x00\x00\x00\x00\x14\x00\x00\x00\x01\x05\x03*\x00\x80\x00\n;\x00\x00\x00\x00\x00\x14\x00\x00\x00\x01\x05\x03)\x00\x80\x00\x0b@\x00\x00\x00\x00\x00\x14\x00\x00\x00\x01\x05\x03L\x00\x80\x00\x0cE\x00\x00\x00\x00\x00\x14\x00\x00\x00\x01\x05\x03M\x00\x80\x00\rJ\x00\x00\x00\x00\x00\x14\x00\x00\x00\x01\x05\x03N\x00\x80\x00\x0eO\x00\x00\x00\x00\x00\x14\x00\x00\x00\x01\x05\x03\xce\x00\x80\x00\x0fT\x00\x00\x00\x00\x00\x14\x00\x00\x00\x01\x05\x03\xc8\x00\x80\x00\x10[\x00\x00\x00\x00\x00\x14\x00\x00\x00\x01\x05\x03\xc9\x00\x80\x00\x11b\x00\x00\x00\x00\x00\x14\x00\x00\x00\x01\x05\x03\xca\x00\x80\x00\x12i\x00\x00\x00\x00\x00\x1b\x00\x00\x00\x01\x05\x03\xcc\x00\x80\x00\x13o\x00\x00\x00\x00\x00\x14\x00\x00\x00\x01\x05\x03W\x00\x80\x00\x14v\x00\x00\x00\x00\x00\x1b\x00\x00\x00\x01\x05\x03A\x00\x80\x00\x15{\x00\x00\x00\x00\x00\x14\x00\x00\x00\x01\x05\x03@\x00\x80\x00\x16\x80\x00\x00\x00\x00\x00\x14\x00\x00\x00\x01\x05\x03?\x00\x80\x00\x17\x85\x00\x00\x00\x00\x00\x14\x00\x00\x00\x01\x05\x03H\x00\x80\x00\x18\x8b\x00\x00\x00\x00\x00\x14\x00\x00\x00\x01\x05\x03G\x00\x80\x00\x19\x91\x00\x00\x00\x00\x00\x14\x00\x00\x00\x01\x05\x03F\x00\x80\x00\x1a\x97\x00\x00\x00\x00\x00\x14\x00\x00\x00\x01\x05\x03E\x00\x80\x00\x1b\x9e\x00\x00\x00\x00\x00\x14\x00\x00\x00\x01\x05\x03D\x00\x80\x00\x1c\xa5\x00\x00\x00\x00\x00\x14\x00\x00\x00\x01\x05\x03n\x00\x80\x00\x1d\xac\x00\x00\x00\x00\x00\x14\x00\x00\x00\x01\x05\x035\x00\x80\x00\x1e\xb2\x00\x00\x00\x00\x00\x14\x00\x00\x00\x01\x05\x03C\x00\x80\x00\x1f\xb8\x00\x00\x00\x00\x00\x14\x00\x00\x00\x01\x05\x03\x90\x00\x80\x00 \xbf\x00\x00\x00\x00\x00\x14\x00\x00\x00\x01\x05\x03\x91\x00\x80\x00!\xc6\x00\x00\x00\x00\x00\x14\x00\x00\x00\x01\x05\x03\x92\x00\x80\x00"\xcd\x00\x00\x00\x00\x00\x1b\x00\x00\x00\x01\x05\x03\x94\x00\x80\x00#\xd3\x00\x00\x00\x00\x00\x1b\x00\x00\x00\x01\x05\x03\x98\x00\x80\x00$\xd9\x00\x00\x00\x00\x00\x1b\x00\x00\x00\x01\x05\x03\x9a\x00\x80\x00%\xdf\x00\x00\x00\x00\x00\x1b\x00\x00\x00\x01\x05\x03\x9c\x00\x80\x00&\xe5\x00\x00\x00\x00\x00\x1b\x00\x00\x00\x01\x05\x03\x96\x00\x80\x00\'\xea\x00\x00\x00\x00\x00\x14\x00\x00\x00\x01\x05\x03q\x00\x80\x00(\xf1\x00\x00\x00\x00\x00\x14\x00\x00\x00\x01\x05\x038\x00\x80\x00)\xf7\x00\x00\x00\x00\x00\x14\x00\x00\x00\x01\x05\x03\x80\x00\x80\x00*\xfe\x00\x00\x00\x00\x00\x14\x00\x00\x00\x01\x05\x03\x81\x00\x80\x00+\x05\x01\x00\x00\x00\x00\x14\x00\x00\x00\x01\x05\x03\x82\x00\x80\x00,\x0c\x01\x00\x00\x00\x00\x1b\x00\x00\x00\x01\x05\x03\x84\x00\x80\x00-\x12\x01\x00\x00\x00\x00\x1b\x00\x00\x00\x01\x05\x03\x88\x00\x80\x00.\x18\x01\x00\x00\x00\x00\x1b\x00\x00\x00\x01\x05\x03\x8a\x00\x80\x00/\x1e\x01\x00\x00\x00\x00\x1b\x00\x00\x00\x01\x05\x03\x8c\x00\x80\x000$\x01\x00\x00\x00\x00\x1b\x00\x00\x00\x01\x05\x03\x86\x00\x80\x001)\x01\x00\x00\x00\x00\x14\x00\x00\x00\x01\x05\x03o\x00\x80\x0020\x01\x00\x00\x00\x00\x14\x00\x00\x00\x01\x05\x036\x00\x80\x0036\x01\x00\x00\x00\x00\x14\x00\x00\x00\x01\x05\x03Q\x00\x80\x004;\x01\x00\x00\x00\x00\x14\x00\x00\x00\x01\x05\x03U\x00\x80\x005A\x01\x00\x00\x00\x00\x14\x00\x00\x00\x01\x05\x03T\x00\x80\x006G\x01\x00\x00\x00\x00\x14\x00\x00\x00\x01\x05\x03i\x00\x80\x007M\x01\x00\x00\x00\x00\x14\x00\x00\x00\x01\x05\x03j\x00\x80\x008S\x01\x00\x00\x00\x00\x14\x00\x00\x00\x01\x05\x03=\x00\x80\x009Y\x01\x00\x00\x00\x00\x14\x00\x00\x00\x01\x05\x03<\x00\x80\x00:^\x01\x00\x00\x00\x00\x14\x00\x00\x00\x01\x05\x03k\x00\x80\x00;e\x01\x00\x00\x00\x00\x14\x00\x00\x00\x01\x05\x03;\x00\x80\x00<k\x01\x00\x00\x00\x00\x14\x00\x00\x00\x01\x05\x03h\x00\x80\x00=q\x01\x00\x00\x00\x00\x14\x00\x00\x00\x01\x05\x03\xc0\x00\x80\x00>x\x01\x00\x00\x00\x00\x14\x00\x00\x00\x01\x05\x03\xc1\x00\x80\x00?\x7f\x01\x00\x00\x00\x00\x14\x00\x00\x00\x01\x05\x03\xc2\x00\x80\x00@\x86\x01\x00\x00\x00\x00\x14\x00\x00\x00\x01\x05\x03\xc3\x00\x80\x00A\x8d\x01\x00\x00\x00\x00\x14\x00\x00\x00\x01\x05\x03\xc4\x00\x80\x00B\x94\x01\x00\x00\x00\x00\x14\x00\x00\x00\x01\x05\x03\xbe\x00\x80\x00C\x9a\x01\x00\x00\x00\x00\x14\x00\x00\x00\x01\x05\x03\xbf\x00\x80\x00D\x9f\x01\x00\x00\x00\x00\x14\x00\x00\x00\x01\x05\x03\xcf\x00\x80\x00E\xa5\x01\x00\x00\x00\x00\x14\x00\x00\x00\x01\x05\x03\xd0\x00\x80\x00F\xab\x01\x00\x00\x00\x00\x14\x00\x00\x00\x01\x05\x03\xd1\x00\x80\x00G\xb1\x01\x00\x00\x00\x00\x14\x00\x00\x00\x01\x05\x03\xd2\x00\x80\x00H\xb7\x01\x00\x00\x00\x00\x14\x00\x00\x00\x01\x05\x03r\x00\x80\x00I\xbe\x01\x00\x00\x00\x00\x14\x00\x00\x00\x01\x05\x039\x00\x80\x00J\xc4\x01\x00\x00\x00\x00\x14\x00\x00\x00\x01\x05\x03\xd4\x00\x80\x00K\xc8\x01\x00\x00\x00\x00\x14\x00\x00\x00\x01\x05\x03%\x00\x80\x00L\xce\x01\x00\x00\x00\x00\x14\x00\x00\x00\x01\x05\x03$\x00\x80\x00M\xd3\x01\x00\x00\x00\x00\x14\x00\x00\x00\x01\x05\x03#\x00\x80\x00N\xd8\x01\x00\x00\x00\x00\x14\x00\x00\x00\x01\x05\x03(\x00\x80\x00O\xde\x01\x00\x00\x00\x00\x14\x00\x00\x00\x01\x05\x03\'\x00\x80\x00P\xe3\x01\x00\x00\x00\x00\x14\x00\x00\x00\x01\x05\x03&\x00\x80\x00Q\xe8\x01\x00\x00\x00\x00\x14\x00\x00\x00\x01\x05\x03.\x00\x80\x00R\xee\x01\x00\x00\x00\x00\x14\x00\x00\x00\x01\x05\x03-\x00\x80\x00S\xf3\x01\x00\x00\x00\x00\x14\x00\x00\x00\x01\x05\x03,\x00\x80\x00T\xf8\x01\x00\x00\x00\x00\x14\x00\x00\x00\x01\x05\x031\x00\x80\x00U\xfe\x01\x00\x00\x00\x00\x14\x00\x00\x00\x01\x05\x030\x00\x80\x00V\x03\x02\x00\x00\x00\x00\x14\x00\x00\x00\x01\x05\x03/\x00\x80\x00W\x08\x02\x00\x00\x00\x00\x14\x00\x00\x00\x01\x05\x03\xbd\x00\x80\x00X\x0e\x02\x00\x00\x00\x00\x14\x00\x00\x00\x01\x05\x03\xb8\x00\x80\x00Y\x13\x02\x00\x00\x00\x00\x14\x00\x00\x00\x01\x05\x03\xbc\x00\x80\x00Z\x18\x02\x00\x00\x00\x00\x14\x00\x00\x00\x01\x05\x03\xb9\x00\x80\x00[\x1d\x02\x00\x00\x00\x00\x14\x00\x00\x00\x01\x05\x03\xbb\x00\x80\x00\\"\x02\x00\x00\x00\x00\x14\x00\x00\x00\x01\x05\x03\xba\x00\x80\x00]\'\x02\x00\x00\x00\x00\x14\x00\x00\x00\x01\x05\x03|\x00\x80\x00^-\x02\x00\x00\x00\x00\x14\x00\x00\x00\x01\x05\x03z\x00\x80\x00_4\x02\x00\x00\x00\x00\x1b\x00\x00\x00\x01\x05\x03x\x00\x80\x00`8\x02\x00\x00\x00\x00\x14\x00\x00\x00\x01\x05\x03{\x00\x80\x00a?\x02\x00\x00\x00\x00\x14\x00\x00\x00\x01\x05\x03~\x00\x80\x00bE\x02\x00\x00\x00\x00\x14\x00\x00\x00\x01\x05\x03}\x00\x80\x00cK\x02\x00\x00\x00\x00\x14\x00\x00\x00\x01\x05\x03{\x00\x80\x00dR\x02\x00\x00\x00\x00\x14\x00\x00\x00\x01\x05\x03P\x00\x80\x00eW\x02\x00\x00\x00\x00\x14\x00\x00\x00\x01\x05\x03\x7f\x00\x80\x00f]\x02\x00\x00\x00\x00\x14\x00\x00\x00\x01\x05\x03_\x00\x80\x00gb\x02\x00\x00\x00\x00\x1b\x00\x00\x00\x01\x05\x03]\x00\x80\x00he\x02\x00\x00\x00\x00\x14\x00\x00\x00\x01\x05\x03U\x00\x80\x00ik\x02\x00\x00\x00\x00\x14\x00\x00\x00\x01\x05\x03T\x00\x80\x00jq\x02\x00\x00\x00\x00\x14\x00\x00\x00\x01\x05\x03f\x00\x80\x00kx\x02\x00\x00\x00\x00\x14\x00\x00\x00\x01\x05\x03g\x00\x80\x00l\x7f\x02\x00\x00\x00\x00\x14\x00\x00\x00\x01\x05\x03a\x00\x80\x00m\x85\x02\x00\x00\x00\x00\x14\x00\x00\x00\x01\x05\x03S\x00\x80\x00n\x8a\x02\x00\x00\x00\x00\x14\x00\x00\x00\x01\x05\x03\\\x00\x80\x00o\x8f\x02\x00\x00\x00\x00\x14\x00\x00\x00\x01\x05\x03K\x00\x80\x00p\x96\x02\x00\x00\x00\x00\x14\x00\x00\x00\x01\x05\x03J\x00\x80\x00q\x9d\x02\x00\x00\x00\x00\x14\x00\x00\x00\x01\x05\x03>\x00\x80\x00r\xa4\x02\x00\x00\x00\x00\x14\x00\x00\x00\x01\x05\x03e\x00\x80\x00s\xa9\x02\x00\x00\x00\x00\x14\x00\x00\x00\x01\x05\x03d\x00\x80\x00t\xae\x02\x00\x00\x00\x00\x14\x00\x00\x00\x01\x05\x03\xc7\x00\x80\x00u\xb5\x02\x00\x00\x00\x00\x14\x00\x00\x00\x01\x05\x03\xc6\x00\x80\x00v\xbd\x02\x00\x00\x00\x00\x14\x00\x00\x00\x01\x05\x03\xc5\x00\x80\x00w\xc5\x02\x00\x00\x00\x00\x14\x00\x00\x00\x01\x05\x03I\x00\x80\x00x\xcc\x02\x00\x00\x00\x00\x14\x00\x00\x00\x01\x05\x03R\x00\x80\x00y\xd3\x02\x00\x00\x00\x00\x14\x00\x00\x00\x01\x05\x03\xf4\x00\x80\x00z\xd9\x02\x00\x00\x00\x00\x14\x00\x00\x00\x01\x05\x03\xf3\x00\x80\x00{\xe0\x02\x00\x00\x00\x00\x14\x00\x00\x00\x01\x05\x03\xf2\x00\x80\x00|\xe7\x02\x00\x00\x00\x00\x14\x00\x00\x00\x01\x05\x03\xf1\x00\x80\x00}\xee\x02\x00\x00\x00\x00\x14\x00\x00\x00\x01\x05\x03\xf0\x00\x80\x00~\xf5\x02\x00\x00\x00\x00\x14\x00\x00\x00\x01\x05\x03\xef\x00\x80\x00\x7f\xfd\x02\x00\x00\x00\x00\x14\x00\x00\x00\x01\x05\x03\xee\x00\x80\x00\x80\x01\x05\x03\x00\x00\x00\x00\x14\x00\x00\x00\x01\x05\x03\xed\x00\x80\x00\x81\x01\r\x03\x00\x00\x00\x00\x14\x00\x00\x00\x01\x05\x03\xec\x00\x80\x00\x82\x01\x15\x03\x00\x00\x00\x00\x14\x00\x00\x00\x01\x05\x03\xeb\x00\x80\x00\x83\x01\x1c\x03\x00\x00\x00\x00\x14\x00\x00\x00\x01\x05\x03\xea\x00\x80\x00\x84\x01"\x03\x00\x00\x00\x00\x14\x00\x00\x00\x01\x05\x03\xe9\x00\x80\x00\x85\x01(\x03\x00\x00\x00\x00\x14\x00\x00\x00\x01\x05\x03\xe8\x00\x80\x00\x86\x01/\x03\x00\x00\x00\x00\x14\x00\x00\x00\x01\x05\x03\xe6\x00\x80\x00\x87\x015\x03\x00\x00\x00\x00\x1b\x00\x00\x00\x01\x05\x03\xe4\x00\x80\x00\x88\x01<\x03\x00\x00\x00\x00\x14\x00\x00\x00\x01\x05\x03\xe3\x00\x80\x00\x89\x01C\x03\x00\x00\x00\x00\x14\x00\x00\x00\x01\x05\x03\xe2\x00\x80\x00\x8a\x01I\x03\x00\x00\x00\x00\x14\x00\x00\x00\x01\x05\x03\xe1\x00\x80\x00\x8b\x01O\x03\x00\x00\x00\x00\x14\x00\x00\x00\x01\x05\x03\xe0\x00\x80\x00\x8c\x01U\x03\x00\x00\x00\x00\x14\x00\x00\x00\x01\x05\x03\xd8\x00\x80\x00\x8d\x01\\\x03\x00\x00\x00\x00\x14\x00\x00\x00\x01\x05\x03\xda\x00\x80\x00\x8e\x01c\x03\x00\x00\x00\x00\x14\x00\x00\x00\x01\x05\x03\xd9\x00\x80\x00\x8f\x01j\x03\x00\x00\x00\x00\x14\x00\x00\x00\x01\x05\x03\xd7\x00\x80\x00\x00\x9e\x91\x00\x00\x02\x00j\t\x00\x00\x04\x84\x01\xf3\x19\x00\x00\x048\x10\x00\x00\xd2\x18\x00\x00@\x07\x00\x00\x00\x00\x00\x00\x00\x00\x00\x00\x1a\x00\x00\x004\x89\x1e\x00\x00\x0c\x80?\x00\x00\x00\x17*\x00\x00\x00J*\x00\x00\x00@\x02\x07B\x1e\x00\x00K\xc6\t\x00\x00\x07\x02?\x00\x00\x00\x05\x1c\x16k\x00\x00\x00\x11\xf8\x1a\x00\x00\x00\x11\xae\x0c\x00\x00\x01\x11\xc3\x0c\x00\x00\x02\x00\x1a\xc9\t\x00\x00\x05 \x16F\x00\x00\x004\x9c\n\x00\x00\x0c~\x8c\x00\x00\x00Jw\x00\x00\x00\x17w\x00\x00\x00@\x01\x08\xb5\x0b\x00\x000\x92\t\x00\x00P\x05"\x16\xfb\x00\x00\x00\x0f \r\x00\x00\x05#\x16\xfb\x00\x00\x00\x02#\x00\x0f\x9d%\x00\x00\x05$\x16k\x00\x00\x00\x02#F\x0fw\x1e\x00\x00\x05%\x16*\x00\x00\x00\x02#H\x0ff\n\x00\x00\x05&\x16*\x00\x00\x00\x02#JADlc\x00\x05\'\x16*\x00\x00\x00\x02#LACtr\x00\x05(\x16*\x00\x00\x00\x02#N\x002w\x00\x00\x00\x0b\x01\x00\x001?\x00\x00\x00E\x00\x1a\x95\t\x00\x00\x05)\x16\x93\x00\x00\x00ku8\x00\x10\x1d\x8c\x00\x00\x00\x17\x17\x01\x00\x00J\x17\x01\x00\x004C\'\x00\x00\r\xd8?\x00\x00\x00[l\x1e\x00\x00\x06\x05O\xd7\x01\x00\x00rarr\x00\x05v\'\x03\x00\x00\x02#\x00\x03!"\x0f\x00\x00\x05w+\x01\x00\x00\x02#\x02\x03!\x7f\x1c\x00\x00\x05x+\x01\x00\x00\x02#\x04\x039\xac\x0e\x00\x00\x05^\x01\x7f\x01\x00\x00\x8b\x01\x00\x00\x10\xa4 \x00\x00\x01\x1c\xaf \x00\x00\x009n\x0f\x00\x00\x05R\x01\x9b\x01\x00\x00\xa7\x01\x00\x00\x10\xa4 \x00\x00\x01\x1c+\x01\x00\x00\x009\xd9\x1d\x00\x00\x05n\x01\xb7\x01\x00\x00\xc3\x01\x00\x00\x10\xa4 \x00\x00\x01\x1c\xf6/\x00\x00\x00sQ\x0b\x00\x00\x05Z\x01\xcf\x01\x00\x00\x10\xa4 \x00\x00\x01\x00\x00OQ#\x00\x00\x0e\x08)\xd7\x01\x00\x00\x01\x03\x00\x00tK#\x00\x00\x16\x03\x00\x00\x02#\x00\x01!\x87\x1c\x00\x00\x08L*\x00\x00\x00\x02#\x02\x02! \x08\x00\x00\x08M*\x00\x00\x00\x02#\x04\x02!?\x14\x00\x00\x08N*\x00\x00\x00\x02#\x06\x02!\xa7\x15\x00\x00\x08O6\x01\x00\x00\x02#\x08\x029n\x0f\x00\x00\x08,\x01@\x02\x00\x00Q\x02\x00\x00\x10-\x03\x00\x00\x01\x1c*\x00\x00\x00\x1c*\x00\x00\x00\x009\x11!\x00\x00\x08>\x01a\x02\x00\x00h\x02\x00\x00\x10-\x03\x00\x00\x01\x00W{\x0c\x00\x00\x08G\x01\x02\x10\x03\xd7\x01\x00\x00\x01\x80\x02\x00\x00\x8c\x02\x00\x00\x10-\x03\x00\x00\x01\x1c*\x00\x00\x00\x00W\xa9\x0c\x00\x00\x084\x01\x02\x10\x02\xd7\x01\x00\x00\x01\xa4\x02\x00\x00\xab\x02\x00\x00\x10-\x03\x00\x00\x01\x00\x85\x01\x01\x82\x16\x00\x00\x08:\x85 \x00\x00\x01\xc1\x02\x00\x00\xcd\x02\x00\x00\x10-\x03\x00\x00\x01\x1c-\x03\x00\x00\x009Q\x0b\x00\x00\x08/\x01\xdd\x02\x00\x00\xe4\x02\x00\x00\x10-\x03\x00\x00\x01\x00\x86\x01\x1d\x1b\x00\x00\x08/\x01\x02\x10\x01\xd7\x01\x00\x00\x01\xf9\x02\x00\x00\x10-\x03\x00\x00\x01\x00\x00\x87\x01\x0e\x03\x00\x00\x0e\x03\x00\x00\x88\x01\x00\x89\x01\x02\x05int\x00\x1b\x02\x1c\x03\x00\x00\x8a\x01\x02\xe1\x04\x00\x00\x01\x03\x00\x00\x1b\x02-\x03\x00\x00\x1b\x02\xd7\x01\x00\x00\x17-\x03\x00\x00O\xde\x1a\x00\x00\x0f\x08R\xd7\x01\x00\x00\xd0\x03\x00\x00X\xd7\x01\x00\x00\x02#\x00\x01\x08\x0e\x17\x00\x00\x08i\xd0\x03\x00\x00\x02#\x0e9n\x0f\x00\x00\x08U\x01o\x03\x00\x00\x80\x03\x00\x00\x10|!\x00\x00\x01\x1c*\x00\x00\x00\x1c*\x00\x00\x00\x00W\xa9\x0c\x00\x00\x08X\x01\x02\x10\x028\x03\x00\x00\x01\x98\x03\x00\x00\x9f\x03\x00\x00\x10|!\x00\x00\x01\x00lQ\x0b\x00\x00\x01\x01\xae\x03\x00\x00\xb5\x03\x00\x00\x10|!\x00\x00\x01\x00u\x1d\x1b\x00\x00\x01\x02\x10\x018\x03\x00\x00\x01\x01\xc8\x03\x00\x00\x10|!\x00\x00\x01\x00\x00@\x01\x02\xad\x1b\x00\x00OE\x10\x00\x00\x1d\x08\x92\xd7\x01\x00\x00\xdd\x04\x00\x00X\xd7\x01\x00\x00\x02#\x00\x01!J\'\x00\x00\x08\xa5*\x00\x00\x00\x02#\x0e\x03!r\x19\x00\x00\x08\xa6\xe2\x04\x00\x00\x02#\x10\x03!\xee\x0c\x00\x00\x08\xa7\xd0\x03\x00\x00\x02#\x14\x03!:\x12\x00\x00\x08\xa8\xe2\x04\x00\x00\x02#\x15\x03!v\x04\x00\x00\x08\xa9\xe2\x04\x00\x00\x02#\x19\x039n\x0f\x00\x00\x08\x95\x01K\x04\x00\x00f\x04\x00\x00\x10\xd9 \x00\x00\x01\x1c-\x03\x00\x00\x1c*\x00\x00\x00\x1c\xe2\x04\x00\x00\x1c\xd0\x03\x00\x00\x00lQ\x0b\x00\x00\x01\x01u\x04\x00\x00|\x04\x00\x00\x10\xd9 \x00\x00\x01\x00\x8b\x01\x1d\x1b\x00\x00\x01\x02\x10\x01\xd7\x03\x00\x00\x01\x01\x94\x04\x00\x00\x9b\x04\x00\x00\x10\xd9 \x00\x00\x01\x00W{\x0c\x00\x00\x08\x9e\x01\x02\x10\x03\xd7\x03\x00\x00\x01\xb3\x04\x00\x00\xbf\x04\x00\x00\x10\xd9 \x00\x00\x01\x1c*\x00\x00\x00\x00\x8c\x01\x01\xf4\x17\x00\x00\x08\x9a@\x1c\x00\x00\xe2\x04\x00\x00\x01\xd5\x04\x00\x00\x10}\x81\x00\x00\x01\x00\x00\x17\xd7\x03\x00\x00@\x04\x043\x17\x00\x00O\xab"\x00\x00\x0c\x0e1!\x05\x00\x00!\x05\x00\x00X!\x05\x00\x00\x02#\x00\x01!X\x12\x00\x00\x0e4(\x05\x00\x00\x02#\x04\x02!\xa4&\x00\x00\x0e5(\x05\x00\x00\x02#\x08\x02\x00\x8d\x01\x83&\x00\x00\x01@\x04\x07=\x1e\x00\x00O\xab"\x00\x00\x0c\x0f1g\x05\x00\x00g\x05\x00\x00Xg\x05\x00\x00\x02#\x00\x01!X\x12\x00\x00\x0f4(\x05\x00\x00\x02#\x04\x02!\xa4&\x00\x00\x0f5(\x05\x00\x00\x02#\x08\x02\x00\x8e\x01\x83&\x00\x00\x01\x92\x05\x00\x00\x8f\x01\x01\x9a(\x00\x00\x07,p(\x00\x00\x02\x01\x85\x05\x00\x00\x10\x07,\x00\x00\x01\x1c\x0e\x03\x00\x00\x00\x00O\x1f\x19\x00\x00P\x10Zg\x05\x00\x00X\x07\x00\x00X/\x05\x00\x00\x02#\x00\x01!j$\x00\x00\x10]\x0e\x03\x00\x00\x02#\x0c\x03\x08p\x05\x00\x00\x10n\x82\x00\x00\x00\x02#\x0e\x08,\x19\x00\x00\x10o\x82\x00\x00\x00\x02#\x0f\x08[\x15\x00\x00\x10pX\x07\x00\x00\x02#\x109V\x1d\x00\x00\x06\xae\x01\xf4\x05\x00\x00\x00\x06\x00\x00\x10\xee\x1c\x00\x00\x01\x1c(\x05\x00\x00\x009n\x0f\x00\x00\x10_\x01\x10\x06\x00\x00\x17\x06\x00\x00\x10\xee\x1c\x00\x00\x01\x00\x90\x01`\x1f\x00\x00+\x01\x00\x00\x01\x02\x10\x01\x92\x05\x00\x00\x01\x013\x06\x00\x00D\x06\x00\x00\x10\xee\x1c\x00\x00\x01\x1c\xf6\n\x00\x00\x1c+\x01\x00\x00\x00\\\xfa\x04\x00\x00\x06\xe4+\x01\x00\x00\x01\x02\x10\x01\x92\x05\x00\x00\x01`\x06\x00\x00q\x06\x00\x00\x10\xee\x1c\x00\x00\x01\x1c\xf6\n\x00\x00\x1c+\x01\x00\x00\x00\\\xfa\x04\x00\x00\x06\xdf+\x01\x00\x00\x01\x02\x10\x00\x92\x05\x00\x00\x01\x8d\x06\x00\x00\x99\x06\x00\x00\x10\xee\x1c\x00\x00\x01\x1cw\x00\x00\x00\x00W\xda\x1f\x00\x00\x06\xda\x01\x02\x10\x03\x92\x05\x00\x00\x01\xb1\x06\x00\x00\xb8\x06\x00\x00\x10\xee\x1c\x00\x00\x01\x00\\\xe1\x13\x00\x00\x06\xd5\x0e\x03\x00\x00\x01\x02\x10\x02\x92\x05\x00\x00\x01\xd4\x06\x00\x00\xdb\x06\x00\x00\x10\xee\x1c\x00\x00\x01\x00v\xcc\x15\x00\x00\x0e\x03\x00\x00\x01\x01\\\xa3\x17\x00\x00\x06\xcb\x0e\x03\x00\x00\x01\x02\x10\x05\x92\x05\x00\x00\x01\x02\x07\x00\x00\t\x07\x00\x00\x10\xee\x1c\x00\x00\x01\x00\\{\x0f\x00\x00\x06\xc4\x0e\x03\x00\x00\x01\x02\x10\x06\x92\x05\x00\x00\x01%\x07\x00\x00,\x07\x00\x00\x10\xee\x1c\x00\x00\x01\x00v\xa4\n\x00\x00\x0e\x03\x00\x00\x01\x01\x91\x01\xb4\x12\x00\x00\x06\xbc\x0e\x03\x00\x00\x01\x02\x10\x04\x92\x05\x00\x00\x01P\x07\x00\x00\x10\xee\x1c\x00\x00\x01\x00\x002\x8c\x00\x00\x00h\x07\x00\x001?\x00\x00\x00?\x000\xcc\x14\x00\x00\x04\x05\x8f\x05\x94\x07\x00\x00Alen\x00\x05\x90\x05*\x00\x00\x00\x02#\x00\x0f\xf0\t\x00\x00\x05\x91\x05\x94\x07\x00\x00\x02#\x02\x00\x1b\x02w\x00\x00\x00\x1a\xcf\x08\x00\x00\x05\x92\x05h\x07\x00\x00\x17\x9a\x07\x00\x00[~\x19\x00\x00\x01\x10:\xcd\x07\x00\x00\x92\x01z\x18\x00\x00\x019\x03\x01\xc5\x07\x00\x00\x10\xd6\x1b\x00\x00\x01\x00\x00ku32\x00\x10\x1f(\x05\x00\x004/\x1e\x00\x00\x06\'\xe8\x07\x00\x00J\xd8\x07\x00\x00B/\x1e\x00\x00\x08\x06!.\x1e\x00\x00?\x08\x00\x00\x083*\x00\x00\x06"\xcd\x07\x00\x00\x02#\x00\x08\n\'\x00\x00\x06#\x17\x01\x00\x00\x02#\x04\x08\x06$\x00\x00\x06$\x17\x01\x00\x00\x02#\x05\x08\x1d\x10\x00\x00\x06%\x17\x01\x00\x00\x02#\x06\x08\x80\x0f\x00\x00\x06&\x17\x01\x00\x00\x02#\x07\x004\xb8&\x00\x00\x0c\x82(\x05\x00\x00\x17?\x08\x00\x00[i%\x00\x00\n\x05\x0b/\t\x00\x00rarr\x00\x05G/\t\x00\x00\x02#\x00\x03!"\x0f\x00\x00\x05H+\x01\x00\x00\x02#\x02\x03!\x90\x14\x00\x00\x05I\x0e\x03\x00\x00\x02#\x04\x03!\xd5 \x00\x00\x05J\x0e\x03\x00\x00\x02#\x06\x03!\x7f\x1c\x00\x00\x05K+\x01\x00\x00\x02#\x08\x039\x98\x04\x00\x00\x05(\x01\xb6\x08\x00\x00\xc2\x08\x00\x00\x10;a\x00\x00\x01\x1c\xf6/\x00\x00\x00\x93\x01\x01\x06\x1f\x00\x00\x05A\x07\x10\x00\x00\xd0\x03\x00\x00\x01\xdc\x08\x00\x00\xe3\x08\x00\x00\x10;a\x00\x00\x01\x009n\x0f\x00\x00\x05\x0e\x01\xf3\x08\x00\x00\xff\x08\x00\x00\x10;a\x00\x00\x01\x1c+\x01\x00\x00\x00\x94\x01pop\x00\x05\x1c?\x00\x00\x00\x01\x14\t\x00\x00\x1b\t\x00\x00\x10;a\x00\x00\x01\x00sQ\x0b\x00\x00\x05\x18\x01\'\t\x00\x00\x10;a\x00\x00\x01\x00\x00\x1b\x02?\x00\x00\x00O\x0b\x06\x00\x00\x1d\x08l\xd7\x01\x00\x00-\n\x00\x00X\xd7\x01\x00\x00\x02#\x00\x01!{&\x00\x00\x08\x8c*\x00\x00\x00\x02#\x0e\x03!\x89\x19\x00\x00\x08\x8d*\x00\x00\x00\x02#\x10\x03!\x94\x17\x00\x00\x08\x8e\xd0\x03\x00\x00\x02#\x12\x03!\x99\x19\x00\x00\x08\x8fO\x08\x00\x00\x02#\x13\x03\x95\x01\xd2\x12\x00\x00\x08\x86\x03\x01\x9c\t\x00\x00\xad\t\x00\x00\x10\xc3\x1f\x00\x00\x01\x1c*\x00\x00\x00\x1c*\x00\x00\x00\x009n\x0f\x00\x00\x08o\x01\xbd\t\x00\x00\xd8\t\x00\x00\x10\xc3\x1f\x00\x00\x01\x1c-\x03\x00\x00\x1c*\x00\x00\x00\x1c*\x00\x00\x00\x1c\xd0\x03\x00\x00\x00W{\x0c\x00\x00\x08w\x01\x02\x10\x035\t\x00\x00\x01\xf0\t\x00\x00\xfc\t\x00\x00\x10\xc3\x1f\x00\x00\x01\x1c*\x00\x00\x00\x00lQ\x0b\x00\x00\x01\x01\x0b\n\x00\x00\x12\n\x00\x00\x10\xc3\x1f\x00\x00\x01\x00u\x1d\x1b\x00\x00\x01\x02\x10\x015\t\x00\x00\x01\x01%\n\x00\x00\x10\xc3\x1f\x00\x00\x01\x00\x00[\xb1&\x00\x00\x01\x01\xcf~\n\x00\x00!\xf5\x0e\x00\x00\x01\xd1\x17\x01\x00\x00\x02#\x00\x039n\x0f\x00\x00\x01\xd3\x01X\n\x00\x00d\n\x00\x00\x10\xd8!\x00\x00\x01\x1c\x17\x01\x00\x00\x00\x96\x01\x01Q\x0b\x00\x00\x01\xd8_\x0f\x00\x00\x01v\n\x00\x00\x10\xd8!\x00\x00\x01\x00\x00O\xa5\x14\x00\x00\n\x11\x1c~\n\x00\x00\xf6\n\x00\x00t\x9f\x14\x00\x00\x16\x03\x00\x00\x02#\x00\x01!O\x16\x00\x00\x11(w\x00\x00\x00\x02#\x02\x02!\xd9\x19\x00\x00\x11)w\x00\x00\x00\x02#\x03\x02!\x8f\n\x00\x00\x11+\x87\x00\x00\x00\x02#\x04\x02!\xa6\x12\x00\x00\x11,\x87\x00\x00\x00\x02#\x05\x02!"(\x00\x00\x11-\xf6\n\x00\x00\x02#\x06\x02!\x87)\x00\x00\x11/\x01\x0b\x00\x00\x02#\x08\x02\x00\x1b\x02\x87\x00\x00\x00\x17\xf6\n\x00\x00\x1b\x02~\n\x00\x00[\x12\x08\x00\x00\x04\x114\xd1\x0b\x00\x00!\xbc\x04\x00\x00\x11>w\x00\x00\x00\x02#\x00\x03!\x90\'\x00\x00\x11?w\x00\x00\x00\x02#\x01\x03!q\x03\x00\x00\x11@\x01\x0b\x00\x00\x02#\x02\x039n\x0f\x00\x00\x03j\x01P\x0b\x00\x00W\x0b\x00\x00\x10\x17%\x00\x00\x01\x00w\xbf\x19\x00\x00\x03\x1c\x0e\x03\x00\x00\x01k\x0b\x00\x00w\x0b\x00\x00\x10\x17%\x00\x00\x01\x1c\x94\x07\x00\x00\x00w\xfe\x13\x00\x00\x03)\x0e\x03\x00\x00\x01\x8b\x0b\x00\x00\x97\x0b\x00\x00\x10\x17%\x00\x00\x01\x1cm\x83\x00\x00\x009<\x05\x00\x00\x035\x01\xa7\x0b\x00\x00\xb3\x0b\x00\x00\x10\x17%\x00\x00\x01\x1c\xaf\x83\x00\x00\x00\x97\x01\xc5\x0f\x00\x00\x03>\xd0\x03\x00\x00\x01\xc4\x0b\x00\x00\x10\x17%\x00\x00\x01\x1cm\x83\x00\x00\x00\x00\x1a\x16\x16\x00\x00\x05\x8c\x04w\x00\x00\x00\x17\xd1\x0b\x00\x00\x1az\'\x00\x00\x05\x8d\x04w\x00\x00\x000\xde\n\x00\x00\x03\x05\xb8\x05\x1a\x0c\x00\x00\x0f\xec\x17\x00\x00\x05\xb9\x05\xe2\x0b\x00\x00\x02#\x00\x0f**\x00\x00\x05\xba\x05*\x00\x00\x00\x02#\x01\x00\x1a\xe1\n\x00\x00\x05\xbb\x05\xee\x0b\x00\x00\x17\x1a\x0c\x00\x00\x1a\xe3&\x00\x00\x05\x8e\x04w\x00\x00\x000q!\x00\x00\x03\x05\xa2\x05c\x0c\x00\x00\x0f\x9f\x11\x00\x00\x05\xa3\x05+\x0c\x00\x00\x02#\x00\x0fW\x14\x00\x00\x05\xa4\x05*\x00\x00\x00\x02#\x01\x00\x1at!\x00\x00\x05\xa5\x057\x0c\x00\x00\x17c\x0c\x00\x00\x1a\n\x11\x00\x00\x05\x8e\x01?\x08\x00\x000\x94\x12\x00\x00\x04\x05*\x05\x9d\x0c\x00\x00\x0f\xe3\x11\x00\x00\x05.\x05t\x0c\x00\x00\x02#\x00\x00\x1a\x97\x12\x00\x00\x05/\x05\x80\x0c\x00\x000=*\x00\x00\x08\x05\x9a\x05\xd5\x0c\x00\x00Amta\x00\x05\x9b\x05\x9d\x0c\x00\x00\x02#\x00\x0fu#\x00\x00\x05\x9f\x05?\x08\x00\x00\x02#\x04\x00\x1a@*\x00\x00\x05\xa0\x05\xa9\x0c\x00\x00\x1a-\x0f\x00\x00\x05*\x07*\x00\x00\x004\x93\x1d\x00\x00\x10\xaa\xf8\x0c\x00\x00B\x93\x1d\x00\x00\x08\x10\xa3\x92\x1d\x00\x00]\r\x00\x00\x08\xc3\x0b\x00\x00\x10\xa4w\x00\x00\x00\x02#\x00\x08\xa1\x19\x00\x00\x10\xa5w\x00\x00\x00\x02#\x01\x083\x07\x00\x00\x10\xa6w\x00\x00\x00\x02#\x02\x08+\x07\x00\x00\x10\xa7w\x00\x00\x00\x02#\x03\x08v\x1e\x00\x00\x10\xa8*\x00\x00\x00\x02#\x04\x08\xeb\x0f\x00\x00\x10\xa9*\x00\x00\x00\x02#\x06\x004\x93\x1d\x00\x00\x10\xaah\r\x00\x00B\x93\x1d\x00\x00\x08\x10\xa3\x92\x1d\x00\x00\xcd\r\x00\x00\x08\xc3\x0b\x00\x00\x10\xa4w\x00\x00\x00\x02#\x00\x08\xa1\x19\x00\x00\x10\xa5w\x00\x00\x00\x02#\x01\x083\x07\x00\x00\x10\xa6w\x00\x00\x00\x02#\x02\x08+\x07\x00\x00\x10\xa7w\x00\x00\x00\x02#\x03\x08v\x1e\x00\x00\x10\xa8*\x00\x00\x00\x02#\x04\x08\xeb\x0f\x00\x00\x10\xa9*\x00\x00\x00\x02#\x06\x00K\x9b\x0f\x00\x00\x07\x02?\x00\x00\x00\x05\x8c\x12\xec\r\x00\x00\x11p\n\x00\x00\x00\x11\x07\x13\x00\x00\x01\x00\x1a\x9e\x0f\x00\x00\x05\x8f\x12\xcd\r\x00\x00K \n\x00\x00\x07\x02?\x00\x00\x00\x05\xfc\x04\x83\x0e\x00\x00\x11<\x19\x00\x00\x00\x11n\x10\x00\x00\x10\x11\x87\x11\x00\x00\x11\x11_\x10\x00\x00\x12\x11&\x08\x00\x00 \x11\xf2\x12\x00\x00!\x11\x8a\x0f\x00\x00"\x11\xc6\r\x00\x00#\x11f\x15\x00\x00$\x11\xb3\x15\x00\x00%\x11\t\x15\x00\x00&\x11\x81#\x00\x00\'\x11\x84\x1b\x00\x00(\x11\x16\'\x00\x00)\x11\xe0\x1f\x00\x00*\x11\x13"\x00\x000\x11\x02\x0c\x00\x001\x11\xe9#\x00\x002\x119"\x00\x003\x11}\x1e\x00\x00\xff\x00\x1a#\n\x00\x00\x05\x1b\x05\xf8\r\x00\x00Ka\x1c\x00\x00\x07\x02?\x00\x00\x00\x05\x85\x12\xba\x0e\x00\x00\x11\x92&\x00\x00\x00\x11\x81\x12\x00\x00\x01\x11\xbf!\x00\x00\x02\x11f\x07\x00\x00\x03\x00\x1a\xb6$\x00\x00\x05\x8a\x12\x8f\x0e\x00\x000\xfb\x0c\x00\x00\x05\x05$\x05\xf2\x0e\x00\x00Aext\x00\x05%\x05w\x00\x00\x00\x02#\x00\x0f\xe3\x11\x00\x00\x05&\x05t\x0c\x00\x00\x02#\x01\x00\x1a\xfe\x0c\x00\x00\x05\'\x05\xc6\x0e\x00\x000=\x0b\x00\x00\x03\x05\x92\x129\x0f\x00\x00\x0f{\x05\x00\x00\x05\x93\x12w\x00\x00\x00\x02#\x00\x0f7\x19\x00\x00\x05\x94\x12w\x00\x00\x00\x02#\x01\x0f\x89&\x00\x00\x05\x95\x12\xd0\x03\x00\x00\x02#\x02\x00\x1a@\x0b\x00\x00\x05\x96\x12\xfe\x0e\x00\x00K\xb9\x18\x00\x00\x07\x02?\x00\x00\x00\x05}\x12v\x0f\x00\x00\x11\xd5\x1e\x00\x00\x00\x11m\r\x00\x00\x01\x11\x02\x04\x00\x00\x02\x11\xbc\x0e\x00\x00\x03\x11O)\x00\x00\x04\x00\x1a\xbc\x18\x00\x00\x05\x83\x12E\x0f\x00\x000\xa3%\x00\x00\x01\x05\xbd\x05\x9f\x0f\x00\x00\x0f|#\x00\x00\x05\xbe\x05w\x00\x00\x00\x02#\x00\x00\x1a\xa6%\x00\x00\x05\xc3\x05\x82\x0f\x00\x00\x1a\xd3\x13\x00\x00\x05\xce\x15\xb7\x0f\x00\x00\x1b\x02\xbd\x0f\x00\x00\x98\x01K\xe9\x1c\x00\x00\x07\x02?\x00\x00\x00\x05\xe6\x10\xea\x0f\x00\x00\x11\x93"\x00\x00\x00\x11\x05\x1d\x00\x00\x01\x11\xe2\'\x00\x00\x02\x119\n\x00\x00\x03\x00\x1a\xec\x1c\x00\x00\x05\xeb\x10\xbf\x0f\x00\x000^ \x00\x00\r\x05\xed\x10@\x10\x00\x00\x0f\x8b(\x00\x00\x05\xee\x10\xea\x0f\x00\x00\x02#\x00Amta\x00\x05\xef\x10\xf2\x0e\x00\x00\x02#\x02\x0f\x19\x1e\x00\x00\x05\xf0\x10?\x08\x00\x00\x02#\x07\x0f\x00\x12\x00\x00\x05\xf1\x10\xe1\x0c\x00\x00\x02#\x0b\x00\x1aa \x00\x00\x05\xf2\x10\xf6\x0f\x00\x00K\x80\x05\x00\x00\x07\x02?\x00\x00\x00\x05\x84\x05k\x10\x00\x00\x11\x12$\x00\x00\x00\x11\x92\x18\x00\x00\x01\x00\x1a\x83\x05\x00\x00\x05\x87\x05L\x10\x00\x000\x13\x0f\x00\x00\x04\x05\xcc\x16\x94\x10\x00\x00\x0f\x07(\x00\x00\x05\xcd\x16?\x08\x00\x00\x02#\x00\x00\x1a\x16\x0f\x00\x00\x05\xce\x16w\x10\x00\x000\x99\x08\x00\x00\x02\x05Q\x05\xcc\x10\x00\x00\x0f{\x10\x00\x00\x05R\x05\xd0\x03\x00\x00\x02#\x00\x0fD\r\x00\x00\x05S\x05w\x00\x00\x00\x02#\x01\x00\x1a\x9c\x08\x00\x00\x05T\x05\xa0\x10\x00\x00K\x89\x13\x00\x00\x07\x02?\x00\x00\x00\x05E\x05\xfd\x10\x00\x00\x11\xc1&\x00\x00\x00\x117\x04\x00\x00\x01\x11v\x0e\x00\x00\x02\x00\x1a\x8c\x13\x00\x00\x05I\x05\xd8\x10\x00\x000\x05\x1b\x00\x00\x02\x05K\x05&\x11\x00\x00\x0f\x8b(\x00\x00\x05L\x05\xfd\x10\x00\x00\x02#\x00\x00\x1a\x08\x1b\x00\x00\x05M\x05\t\x11\x00\x000B\x12\x00\x00\x03\x05=\x05m\x11\x00\x00\x0f \x0e\x00\x00\x05>\x05\xd1\x0b\x00\x00\x02#\x00Aodt\x00\x05?\x05\xe2\x0b\x00\x00\x02#\x01\x0f[\x17\x00\x00\x05@\x05+\x0c\x00\x00\x02#\x02\x00\x1aE\x12\x00\x00\x05A\x052\x11\x00\x00KO\x04\x00\x00\x07\x02?\x00\x00\x00\x051\x05\xaa\x11\x00\x00\x11\x02&\x00\x00\x00\x11$%\x00\x00\x01\x11\x04 \x00\x00\x02\x11v$\x00\x00\x03\x11\x16\x04\x00\x00\x04\x00\x1aR\x04\x00\x00\x057\x05y\x11\x00\x0008\x0c\x00\x00\x02\x059\x05\xd3\x11\x00\x00\x0f\x8b(\x00\x00\x05:\x05\xaa\x11\x00\x00\x02#\x00\x00\x1a;\x0c\x00\x00\x05;\x05\xb6\x11\x00\x000\x1d\t\x00\x00\x0c\x05X\x05\x1a\x12\x00\x00\x0f\xba\x17\x00\x00\x05Y\x05?\x08\x00\x00\x02#\x00\x0f\x91(\x00\x00\x05Z\x05?\x08\x00\x00\x02#\x04\x0f\xda!\x00\x00\x05[\x05?\x08\x00\x00\x02#\x08\x00\x1a \t\x00\x00\x05\\\x05\xdf\x11\x00\x000\xe6"\x00\x00 \x05_\x05\xd9\x12\x00\x00\x0f\x91)\x00\x00\x05a\x05\xd0\x03\x00\x00\x02#\x00\x0f\x8c)\x00\x00\x05b\x05\xd0\x03\x00\x00\x02#\x01\x0f\xa5$\x00\x00\x05c\x05\xd0\x03\x00\x00\x02#\x02\x0f\n\r\x00\x00\x05e\x05\xd3\x11\x00\x00\x02#\x03\x0f\x13\x0b\x00\x00\x05f\x05m\x11\x00\x00\x02#\x05\x0f\xd4\x04\x00\x00\x05i\x05&\x11\x00\x00\x02#\x08\x0f\x01\x15\x00\x00\x05l\x05*\x00\x00\x00\x02#\n\x0f|#\x00\x00\x05n\x05w\x00\x00\x00\x02#\x0cAmta\x00\x05s\x05\xf2\x0e\x00\x00\x02#\r\x0f\xa4\x05\x00\x00\x05u\x05\xcc\x10\x00\x00\x02#\x12\x0f\x19%\x00\x00\x05{\x05\x1a\x12\x00\x00\x02#\x14\x00\x1a\xe9"\x00\x00\x05}\x05&\x12\x00\x00\x17\xd9\x12\x00\x000\x86\x15\x00\x00\x04\x05\xae\x05%\x13\x00\x00\x0f\xec\x17\x00\x00\x05\xaf\x05\xe2\x0b\x00\x00\x02#\x00\x0f**\x00\x00\x05\xb0\x05*\x00\x00\x00\x02#\x01\x0f|#\x00\x00\x05\xb1\x05w\x00\x00\x00\x02#\x03\x00\x1a\x90\x15\x00\x00\x05\xb6\x05\xea\x12\x00\x00\x17%\x13\x00\x000\x97\x0e\x00\x00\t\x05\xcc\x05\x92\x13\x00\x00\x0f\xb4\'\x00\x00\x05\xcd\x05w\x00\x00\x00\x02#\x00\x99\x01\x08\x05\xce\x05\x82\x13\x00\x00x[\x17\x00\x00\x05\xcf\x05\xd5\x0c\x00\x00\x9a\x01odt\x00\x05\xd0\x05c\x0c\x00\x00x \x0e\x00\x00\x05\xd1\x05%\x13\x00\x00\x00\x0f\xc1"\x00\x00\x05\xd2\x05R\x13\x00\x00\x02#\x01\x00\x1a\x9a\x0e\x00\x00\x05\xd3\x056\x13\x00\x00\x1aQ\x1f\x00\x00\x05v\x12\xaa\x13\x00\x00\x9b\x01Q\x1f\x00\x00A\x05s\x12O\x1f\x00\x00\xdb\x13\x00\x00Alen\x00\x05t\x12w\x00\x00\x00\x02#\x00\x0f\xf0\t\x00\x00\x05u\x12\xdb\x13\x00\x00\x02#\x01\x002w\x00\x00\x00\xeb\x13\x00\x001?\x00\x00\x00?\x00\x1aA\x11\x00\x00\x05\xf2\x05\xfc\x13\x00\x00\x17\xeb\x13\x00\x00\x1b\x02\x02\x14\x00\x00\x9c\x01\x0e\x14\x00\x00\x1c\x0e\x14\x00\x00\x00\x1b\x02\xa6\x07\x00\x00\x17\x0e\x14\x00\x004\xb9&\x00\x00\x0c\x81)\x14\x00\x00J\x19\x14\x00\x00@\x04\x05p\x08\x00\x00ku16\x00\x10\x1e@\x14\x00\x00\x170\x14\x00\x00@\x02\x07_\t\x00\x004T\'\x00\x00\x12\x98W\x14\x00\x00\x17G\x14\x00\x00BT\'\x00\x00\x12\x12\x89R\'\x00\x00,\x15\x00\x00Clen\x00\x12\x8a\x17\x01\x00\x00\x02#\x00\x08\xb2"\x00\x00\x12\x8b\x17\x01\x00\x00\x02#\x01\x08,\x04\x00\x00\x12\x8c0\x14\x00\x00\x02#\x02\x08\\&\x00\x00\x12\x8d\x17\x01\x00\x00\x02#\x04\x08\xd5\x0c\x00\x00\x12\x8e\x17\x01\x00\x00\x02#\x05\x08\xe0\x1d\x00\x00\x12\x8f\x17\x01\x00\x00\x02#\x06\x08\x0e\x0c\x00\x00\x12\x90\x17\x01\x00\x00\x02#\x07\x08\x90\x19\x00\x00\x12\x910\x14\x00\x00\x02#\x08\x08\xef\x1f\x00\x00\x12\x920\x14\x00\x00\x02#\n\x08\x0f\t\x00\x00\x12\x930\x14\x00\x00\x02#\x0c\x08\xd0\x16\x00\x00\x12\x94\x17\x01\x00\x00\x02#\x0e\x08\x17&\x00\x00\x12\x95\x17\x01\x00\x00\x02#\x0f\x08\xad\x11\x00\x00\x12\x96\x17\x01\x00\x00\x02#\x10\x08y\x1d\x00\x00\x12\x97\x17\x01\x00\x00\x02#\x11\x004\xe0(\x00\x00\x12\xbf7\x15\x00\x00B\xe0(\x00\x00\x07\x12\xb8\xde(\x00\x00\x9c\x15\x00\x00Clen\x00\x12\xb9\x17\x01\x00\x00\x02#\x00\x08\xb2"\x00\x00\x12\xba\x17\x01\x00\x00\x02#\x01\x08\x06\x06\x00\x00\x12\xbb\x17\x01\x00\x00\x02#\x02\x08\xda\r\x00\x00\x12\xbc\x17\x01\x00\x00\x02#\x03\x08\xec\x08\x00\x00\x12\xbd0\x14\x00\x00\x02#\x04\x08\xda\x07\x00\x00\x12\xbe\x17\x01\x00\x00\x02#\x06\x004\\\x05\x00\x00\x12\xb4\xa7\x15\x00\x00B\\\x05\x00\x00\t\x12\xaaZ\x05\x00\x006\x16\x00\x00Clen\x00\x12\xab\x17\x01\x00\x00\x02#\x00\x08\xb2"\x00\x00\x12\xac\x17\x01\x00\x00\x02#\x01\x08\'"\x00\x00\x12\xad\x17\x01\x00\x00\x02#\x02\x08J\x1b\x00\x00\x12\xae\x17\x01\x00\x00\x02#\x03\x08\x8f\n\x00\x00\x12\xaf\x17\x01\x00\x00\x02#\x04\x08W\x07\x00\x00\x12\xb0\x17\x01\x00\x00\x02#\x05\x08\x85\x0e\x00\x00\x12\xb1\x17\x01\x00\x00\x02#\x06\x08\xb8\x14\x00\x00\x12\xb2\x17\x01\x00\x00\x02#\x07\x08[!\x00\x00\x12\xb3\x17\x01\x00\x00\x02#\x08\x004\xbb\'\x00\x00\x12\xd7A\x16\x00\x00B\xbb\'\x00\x00\x05\x12\xd1\xb9\'\x00\x00\x96\x16\x00\x00Clen\x00\x12\xd2\x17\x01\x00\x00\x02#\x00\x08\xb2"\x00\x00\x12\xd3\x17\x01\x00\x00\x02#\x01\x08\xdf\r\x00\x00\x12\xd4\x17\x01\x00\x00\x02#\x02Cd0\x00\x12\xd5\x17\x01\x00\x00\x02#\x03Cd1\x00\x12\xd6\x17\x01\x00\x00\x02#\x04\x004\xb4\x1b\x00\x00\x12\xf0\xa1\x16\x00\x00B\xb4\x1b\x00\x00\x04\x12\xeb\xb2\x1b\x00\x00\xea\x16\x00\x00Clen\x00\x12\xec\x17\x01\x00\x00\x02#\x00\x08\xb2"\x00\x00\x12\xed\x17\x01\x00\x00\x02#\x01\x08\xdf\r\x00\x00\x12\xee\x17\x01\x00\x00\x02#\x02\x08\xf9$\x00\x00\x12\xef\x17\x01\x00\x00\x02#\x03\x004\x9e\x06\x00\x00\x12\xe8\xf5\x16\x00\x00B\x9e\x06\x00\x00\x05\x12\xe2\x9c\x06\x00\x00L\x17\x00\x00Clen\x00\x12\xe3\x17\x01\x00\x00\x02#\x00\x08\xb2"\x00\x00\x12\xe4\x17\x01\x00\x00\x02#\x01\x08\xdf\r\x00\x00\x12\xe5\x17\x01\x00\x00\x02#\x02\x08\xf9$\x00\x00\x12\xe6\x17\x01\x00\x00\x02#\x03\x08P\x0c\x00\x00\x12\xe7\x17\x01\x00\x00\x02#\x04\x004\xde\x10\x00\x00\x12\xcdW\x17\x00\x00B\xde\x10\x00\x00\x08\x12\xc4\xdc\x10\x00\x00\xd8\x17\x00\x00Clen\x00\x12\xc5\x17\x01\x00\x00\x02#\x00\x08\xb2"\x00\x00\x12\xc6\x17\x01\x00\x00\x02#\x01\x08\x8c\x1f\x00\x00\x12\xc7\x17\x01\x00\x00\x02#\x02\x08\xf2\x14\x00\x00\x12\xc8\x17\x01\x00\x00\x02#\x03\x08-\x16\x00\x00\x12\xc9\x17\x01\x00\x00\x02#\x04\x08\xec\x10\x00\x00\x12\xca\x17\x01\x00\x00\x02#\x05\x08N\x10\x00\x00\x12\xcb\x17\x01\x00\x00\x02#\x06\x08[!\x00\x00\x12\xcc\x17\x01\x00\x00\x02#\x07\x00\x1a\xeb$\x00\x00\x12\x03\x01\xe9\x17\x00\x00\x17\xd8\x17\x00\x00B\xeb$\x00\x00B\x12\xf3\xe9$\x00\x00\x88\x18\x00\x00Ciad\x00\x12\xf5L\x17\x00\x00\x02#\x00Ccif\x00\x12\xf8\x9c\x15\x00\x00\x02#\x08\x08\xa2\x0c\x00\x00\x12\xf96\x16\x00\x00\x02#\x11\x08\x1a\x0c\x00\x00\x12\xfa\xea\x16\x00\x00\x02#\x16\x08\x8b*\x00\x00\x12\xfb\x96\x16\x00\x00\x02#\x1b\x08#\'\x00\x00\x12\xfc6\x16\x00\x00\x02#\x1f\x08O\x0e\x00\x00\x12\xfd,\x15\x00\x00\x02#$Adif\x00\x12\x00\x01\x9c\x15\x00\x00\x02#+Ain\x00\x12\x01\x01,\x15\x00\x00\x02#4Aout\x00\x12\x02\x01,\x15\x00\x00\x02#;\x000\x0c\n\x00\x00\x06\x05\xd5\x05\xe1\x18\x00\x00\x0f\xe1"\x00\x00\x05\xd6\x05\xfc\n\x00\x00\x02#\x00\x0f\xd2!\x00\x00\x05\xd7\x05w\x00\x00\x00\x02#\x02\x0f."\x00\x00\x05\xd8\x05w\x00\x00\x00\x02#\x03\x0f\x96\x11\x00\x00\x05\xd9\x05w\x00\x00\x00\x02#\x04\x0f\xaf\x0b\x00\x00\x05\xda\x05w\x00\x00\x00\x02#\x05\x00\x1a\x0f\n\x00\x00\x05\xdc\x05\x88\x18\x00\x00\x17\xe1\x18\x00\x004\n\x0b\x00\x00\x0c\x85\xfd\x18\x00\x00@\x08\x078\x1e\x00\x004N\x06\x00\x00\x12\xa4\x0f\x19\x00\x00BN\x06\x00\x00\t\x12\x9bL\x06\x00\x00\x90\x19\x00\x00Clen\x00\x12\x9c\x17\x01\x00\x00\x02#\x00\x08\xb2"\x00\x00\x12\x9d\x17\x01\x00\x00\x02#\x01\x08\x8a\n\x00\x00\x12\x9e0\x14\x00\x00\x02#\x02\x08\xa6\x12\x00\x00\x12\x9f\x17\x01\x00\x00\x02#\x04\x08*\x0c\x00\x00\x12\xa0\x17\x01\x00\x00\x02#\x05\x08)\x0c\x00\x00\x12\xa1\x17\x01\x00\x00\x02#\x06\x084#\x00\x00\x12\xa2\x17\x01\x00\x00\x02#\x07\x08 &\x00\x00\x12\xa3\x17\x01\x00\x00\x02#\x08\x00\'\xca\x1e\x00\x00\x05P\n\x01\xaa\x19\x00\x00\x0cmta\x00\x05P\n\xf2\x0e\x00\x00\x00\'\xcb\x0f\x00\x00\x05\xa8\n\x01(\x1a\x00\x00\x0clen\x00\x05\xa8\nw\x00\x00\x00\x0cb0\x00\x05\xa8\nw\x00\x00\x00\x0cb1\x00\x05\xa8\nw\x00\x00\x00\x0cb2\x00\x05\xa8\nw\x00\x00\x00\x0cb3\x00\x05\xa8\nw\x00\x00\x00\x0cb4\x00\x05\xa8\nw\x00\x00\x00\x0cb5\x00\x05\xa8\nw\x00\x00\x00\x0cb6\x00\x05\xa8\nw\x00\x00\x00\x0cb7\x00\x05\xa8\nw\x00\x00\x00\x05\x8c\r\x00\x00\x05\xa9\n\x94\x07\x00\x00\x00\'\xd1\x05\x00\x00\x05a\x15\x01d\x1a\x00\x00\x12\xba!\x00\x00\x05a\x15d\x1a\x00\x00\x12\xb0\x17\x00\x00\x05a\x15w\x00\x00\x00\x0clen\x00\x05a\x15?\x08\x00\x00\np\x00\x05b\x15\x94\x07\x00\x00\x00\x9d\x01\x02I\xfc\x10\x00\x00\x01\xdf\x17\x01\x00\x00\x01\x8d\x1a\x00\x005ep\x00\x01\xdf\x17\x01\x00\x00\x19\xc5 \x00\x00\x01\xe1-\n\x00\x00\x00I*\x17\x00\x00\x01\xfa\x0e\x03\x00\x00\x01\xb1\x1a\x00\x005ep\x00\x01\xfa\x17\x01\x00\x006c\x00\x01\xfc\x17\x01\x00\x00\x003\x9b\x05\x00\x00\x01\x0c\x01\x0e\x03\x00\x00\x01F\x1b\x00\x00\x0cep\x00\x01\x0c\x01\x17\x01\x00\x00\x0cd\x00\x01\x0c\x01F\x1b\x00\x00\x0clen\x00\x01\x0c\x01\x0e\x03\x00\x00\nr\x00\x01\x16\x01\x0e\x03\x00\x00\x05\xf0\t\x00\x00\x01\x17\x01S\x1b\x00\x00\x05Y\x12\x00\x00\x01\x18\x01\x17\x01\x00\x00\x05\xed\r\x00\x00\x01\x19\x01\xd0\x03\x00\x00\x1d\nn\x00\x01\x1d\x01\x17\x01\x00\x00\x1d\x05\xc5 \x00\x00\x01+\x01-\n\x00\x00\x1d\x05\xb3\x04\x00\x00\x019\x01*\x00\x00\x00\x05\x15#\x00\x00\x019\x01w\x00\x00\x00\x00\x00\x00\x00\x1b\x02Q\x1b\x00\x00\x17F\x1b\x00\x00\x9e\x01\x1b\x02!\x01\x00\x00I\xdb\x17\x00\x00\x06H\x0e\x03\x00\x00\x01u\x1b\x00\x00"\x8b\x04\x00\x00\x06Hu\x1b\x00\x00\x00\x1b\x02\x17\x01\x00\x003\xca%\x00\x00\x01\xca\x01\x0e\x03\x00\x00\x01\xbd\x1b\x00\x00\x0cd\x00\x01\xca\x01d\x1a\x00\x00\x0clen\x00\x01\xca\x01\x0e\x03\x00\x00\x05u#\x00\x00\x01\xcc\x01\x0e\x03\x00\x00\x1d\x05?\x1b\x00\x00\x01\xd1\x01\x0e\x03\x00\x00\x00\x00\'B\x06\x00\x00\x01\x97\x02\x01\xd6\x1b\x00\x00\x0cep\x00\x01\x97\x02\x17\x01\x00\x00\x00\x1b\x02\xab\x07\x00\x00\x17\xd6\x1b\x00\x00,\xb7\x07\x00\x00\x01\xef\x1b\x00\x00\xfa\x1b\x00\x00+b\x08\x00\x00\xdc\x1b\x00\x00\x01\x00S\xdb\x14\x00\x00\x02\x1d\x01\xe8\x1c\x00\x005pin\x00\x02\x1dw\x00\x00\x00"|#\x00\x00\x02\x1dw\x00\x00\x006bit\x00\x02\x1fw\x00\x00\x00\x19\xc8\x1a\x00\x00\x02 w\x00\x00\x006reg\x00\x02!\xe8\x1c\x00\x006out\x00\x02!\xe8\x1c\x00\x00DY\x1c\x00\x00\x19\r\x0e\x00\x00\x026w\x00\x00\x00\x00Dj\x1c\x00\x00\x19\r\x0e\x00\x00\x020w\x00\x00\x00\x00D{\x1c\x00\x00\x19\r\x0e\x00\x00\x02*w\x00\x00\x00\x00D\x97\x1c\x00\x00\x19\xb3\x04\x00\x00\x02\'*\x00\x00\x00\x19\x15#\x00\x00\x02\'*\x00\x00\x00\x00D\xb3\x1c\x00\x00\x19\xb3\x04\x00\x00\x02&*\x00\x00\x00\x19\x15#\x00\x00\x02&*\x00\x00\x00\x00D\xcf\x1c\x00\x00\x19\xb3\x04\x00\x00\x02 *\x00\x00\x00\x19\x15#\x00\x00\x02 w\x00\x00\x00\x00\x1d\x19\xb3\x04\x00\x00\x02\x1f*\x00\x00\x00\x19\x15#\x00\x00\x02\x1fw\x00\x00\x00\x00\x00\x1b\x02\x82\x00\x00\x00\x1b\x02\x92\x05\x00\x00\x17\xee\x1c\x00\x00,\xe4\x05\x00\x00\x01\x07\x1d\x00\x00\x17\x1d\x00\x00+b\x08\x00\x00\xf4\x1c\x00\x00\x01\x1c(\x05\x00\x00\x00\'\xcc\n\x00\x00\x05\xd4\x15\x01=\x1d\x00\x00\x12\x1c\x15\x00\x00\x05\xd4\x15*\x00\x00\x00\x123\r\x00\x00\x05\xd4\x15\xb7\x0f\x00\x00\x00\'w*\x00\x00\x051\x0b\x01c\x1d\x00\x00\x0cpdu\x00\x051\x0b\x14\x14\x00\x00\ncmd\x00\x052\x0b\x87\x00\x00\x00\x008!\x12\x00\x00\x01\x01y\x1d\x00\x005us\x00\x04x?\x00\x00\x00\x00S\xf4#\x00\x00\x04x\x01\x90\x1d\x00\x005us\x00\x04x?\x00\x00\x00\x00\'\xca(\x00\x00\x05&\x14\x01F\x1e\x00\x00\x12h&\x00\x00\x05&\x14w\x00\x00\x00\x05\x8b(\x00\x00\x05\'\x14F\x1e\x00\x00\x05 \x13\x00\x00\x05(\x14\xd1\x0b\x00\x00\x05\x98\x14\x00\x00\x05)\x14\xe2\x0b\x00\x00\npid\x00\x05*\x14\xe2\x0b\x00\x00\x05\xc4\x16\x00\x00\x05+\x14+\x0c\x00\x00\nodt\x00\x05,\x14L\x1e\x00\x00\x05\x8c\x1d\x00\x00\x05-\x14R\x1e\x00\x00\x05\xa3\x07\x00\x00\x05.\x14X\x1e\x00\x00\x05\xb8\x19\x00\x00\x05/\x14*\x00\x00\x00\x05\xf0\t\x00\x00\x050\x14\xdb\x13\x00\x00\x05\xa6\x13\x00\x00\x052\x14^\x1e\x00\x00\x05\xcd#\x00\x00\x053\x14?\x08\x00\x00\x05\xc6#\x00\x00\x054\x14\xd0\x03\x00\x00\x00\x1b\x02\xe5\x12\x00\x00\x1b\x02o\x0c\x00\x00\x1b\x02\xd5\x0c\x00\x00\x1b\x02&\x0c\x00\x00\x1b\x02\x9f\x0f\x00\x00I*\x17\x00\x00\x01\xe7\x0e\x03\x00\x00\x01\xb2\x1e\x00\x005ep\x00\x01\xe7\x17\x01\x00\x005d\x00\x01\xe7d\x1a\x00\x005len\x00\x01\xe7\x0e\x03\x00\x00\x19\xc5 \x00\x00\x01\xec-\n\x00\x006n\x00\x01\xed\x17\x01\x00\x006dst\x00\x01\xf0u\x1b\x00\x00\x00S\xae)\x00\x00\x02\x8a\x01x\x1f\x00\x005pin\x00\x02\x8aw\x00\x00\x005val\x00\x02\x8aw\x00\x00\x00\x19\x94\x16\x00\x00\x02\x8cw\x00\x00\x006bit\x00\x02\x8dw\x00\x00\x00\x19\xc8\x1a\x00\x00\x02\x8ew\x00\x00\x006out\x00\x02\x8f\xe8\x1c\x00\x00\x19\r\x0e\x00\x00\x02\x99w\x00\x00\x00D\'\x1f\x00\x00\x19\xb3\x04\x00\x00\x02\x97*\x00\x00\x00\x19\x15#\x00\x00\x02\x97*\x00\x00\x00\x00DC\x1f\x00\x00\x19\xb3\x04\x00\x00\x02\x8e*\x00\x00\x00\x19\x15#\x00\x00\x02\x8ew\x00\x00\x00\x00D_\x1f\x00\x00\x19\xb3\x04\x00\x00\x02\x8d*\x00\x00\x00\x19\x15#\x00\x00\x02\x8dw\x00\x00\x00\x00\x1d\x19\xb3\x04\x00\x00\x02\x8c*\x00\x00\x00\x19\x15#\x00\x00\x02\x8cw\x00\x00\x00\x00\x003\xb2\x07\x00\x00\x01\x03\x01\x17\x01\x00\x00\x01\xa1\x1f\x00\x00\x0cep\x00\x01\x03\x01\x17\x01\x00\x00\x05\xc5 \x00\x00\x01\x05\x01-\n\x00\x00\x00Sj\x13\x00\x00\x04j\x01\xc3\x1f\x00\x005ms\x00\x04j(\x05\x00\x00\x19\xf7\x03\x00\x00\x04l?\x08\x00\x00\x00\x1b\x025\t\x00\x00\x17\xc3\x1f\x00\x00,\x8a\t\x00\x00\x03\xdc\x1f\x00\x00\x08 \x00\x00+b\x08\x00\x00\xc9\x1f\x00\x00\x01"\x19\x1e\x00\x00\x08\x86*\x00\x00\x00"x\x04\x00\x00\x08\x86*\x00\x00\x00\x1d6i\x00\x08\x87\x0e\x03\x00\x00\x00\x00,\xad\t\x00\x00\x03\x16 \x00\x00M \x00\x00+b\x08\x00\x00\xc9\x1f\x00\x00\x01"\xc7\n\x00\x00\x08o-\x03\x00\x00"}&\x00\x00\x08o*\x00\x00\x00"\x8b\x19\x00\x00\x08o*\x00\x00\x00"\x96\x17\x00\x00\x08o\xd0\x03\x00\x00\x003`\r\x00\x00\x05\xf4\x0f?\x08\x00\x00\x01\x8b \x00\x00\x0cpdu\x00\x05\xf4\x0f\x14\x14\x00\x00\x12\xfd\x03\x00\x00\x05\xf4\x0fw\x00\x00\x00\nh\x00\x05\xf5\x0f*\x00\x00\x00\nl\x00\x05\xf6\x0f*\x00\x00\x00\x00,\x00\x06\x00\x00\x03\x99 \x00\x00\xa4 \x00\x00+b\x08\x00\x00\xf4\x1c\x00\x00\x01\x00\x1b\x026\x01\x00\x00\x17\xa4 \x00\x00]\x023\x03\x00\x00,o\x01\x00\x00\x03\xc3 \x00\x00\xd9 \x00\x00+b\x08\x00\x00\xaa \x00\x00\x01"M$\x00\x00\x05^\xaf \x00\x00\x00\x1b\x02\xd7\x03\x00\x00\x17\xd9 \x00\x00,;\x04\x00\x00\x03\xf2 \x00\x00)!\x00\x00+b\x08\x00\x00\xdf \x00\x00\x01"\xc7\n\x00\x00\x08\x95-\x03\x00\x00"L\'\x00\x00\x08\x95*\x00\x00\x00"t\x19\x00\x00\x08\x95\xe2\x04\x00\x00"\xf0\x0c\x00\x00\x08\x95\xd0\x03\x00\x00\x00,\x8b\x01\x00\x00\x037!\x00\x00M!\x00\x00+b\x08\x00\x00\xaa \x00\x00\x01"\x19\x1e\x00\x00\x05R+\x01\x00\x00\x00,0\x02\x00\x00\x03[!\x00\x00|!\x00\x00+b\x08\x00\x003\x03\x00\x00\x015min\x00\x08,*\x00\x00\x005max\x00\x08,*\x00\x00\x00\x00\x1b\x028\x03\x00\x00\x17|!\x00\x00,_\x03\x00\x00\x03\x95!\x00\x00\xb6!\x00\x00+b\x08\x00\x00\x82!\x00\x00\x015min\x00\x08U*\x00\x00\x005max\x00\x08U*\x00\x00\x00\x008\xef\x1d\x00\x00\x01\x01\xd8!\x00\x00"q\x14\x00\x00\x08\xc5\x0e\x03\x00\x00"r\x11\x00\x00\x08\xc5\x0e\x03\x00\x00\x00\x1b\x02-\n\x00\x00\x17\xd8!\x00\x00,H\n\x00\x00\x03\xf1!\x00\x00\x06"\x00\x00+b\x08\x00\x00\xde!\x00\x00\x015ep\x00\x01\xd3\x17\x01\x00\x00\x00>x\x1f\x00\x00\x10\x02\x00\x002\x02\x00\x00\x03\x92 \x02\x01\x9e"\x00\x00\x04\x94\x1f\x00\x00\x00\x00\x00\x00\x0b\x89\x1f\x00\x00\x03\x02\xe3!\x00\x00\x10\x02\x00\x00\x1a\x02\x00\x00\x01\x05\x01g"\x00\x00\x01\xfb!\x00\x00\x15\x00\x00\x00\x01\xf1!\x00\x00)\x00\x00\x00)\x9e"\x00\x00\x14\x02\x00\x00\x1a\x02\x00\x00\x01\xd6\x0eA\x00\x00\x00\x00\x00\x16\xa6"\x00\x00\x1a\x02\x00\x00\x1e\x02\x00\x00\x01\x06\x01\x16\xb2"\x00\x00&\x02\x00\x00*\x02\x00\x00\x01\x08\x01\x15\xbe"\x00\x00.\x02\x00\x000\x02\x00\x00\x01\x05\x01\x0eU\x00\x00\x00\x00\x00;W\x11\x00\x00\x01\x8f\x03^I\x05\x00\x00\x01\xa8\x17\x01\x00\x00\x03^\x04)\x00\x00\x01\x94\x17\x01\x00\x00\x03Yd\n\x00\x00\x03S\x13\x1c\x00\x00\x02K\x01\xdc"\x00\x00"\x94\x16\x00\x00\x02Kw\x00\x00\x00\x00>\xb2\x1e\x00\x002\x02\x00\x00\n\x03\x00\x00\x03\x92 \x02\x01\xd6#\x00\x00_\xc9\x1e\x00\x00\x01h\x04\xd4\x1e\x00\x00m\x00\x00\x00\x04\xdf\x1e\x00\x00\x0f\x01\x00\x00\x04\xea\x1e\x00\x00;\x01\x00\x00\x04\xf5\x1e\x00\x00Y\x01\x00\x00\x04\x00\x1f\x00\x00\x81\x01\x00\x00\x0b\xbe\x1e\x00\x00\rL_\x1f\x00\x002\x02\x00\x008\x02\x00\x00P#\x00\x00\x04`\x1f\x00\x00\x9f\x01\x00\x00\x04k\x1f\x00\x00m\x00\x00\x00\x00LC\x1f\x00\x008\x02\x00\x00>\x02\x00\x00t#\x00\x00\x04H\x1f\x00\x00\xb7\x01\x00\x00\x04S\x1f\x00\x00\x0f\x01\x00\x00\x00L\'\x1f\x00\x00>\x02\x00\x00D\x02\x00\x00\x98#\x00\x00\x04,\x1f\x00\x00\xcf\x01\x00\x00\x047\x1f\x00\x00;\x01\x00\x00\x00E\xc4"\x00\x00N\x02\x00\x00\x00\x00\x00\x00\x02\x95\xb5#\x00\x00\x01\xd0"\x00\x00\xe7\x01\x00\x00\x00=\x0b\x1f\x00\x00\x88\x02\x00\x00\x98\x02\x00\x00\x04\x10\x1f\x00\x00\x89\x02\x00\x00\x04\x1b\x1f\x00\x00Y\x01\x00\x00\x00\x00^X \x00\x00\x01\x82\x17\x01\x00\x00\x03>d\x1e\x00\x00\n\x03\x00\x00^\x03\x00\x00\x03\x92 \x02\x01\xb8$\x00\x00\x01~\x1e\x00\x00\xa1\x02\x00\x00\x04\x92\x1e\x00\x00\xc9\x02\x00\x00\x04\x9d\x1e\x00\x00\xde\x02\x00\x00\x04\xa6\x1e\x00\x00\xf3\x02\x00\x00\x01\x87\x1e\x00\x00\x18\x03\x00\x00\x0bt\x1e\x00\x00\x02<\xe3!\x00\x00\x14\x03\x00\x00\x1e\x03\x00\x00\x01\xecf$\x00\x00\x01\xfb!\x00\x00H\x03\x00\x00\x01\xf1!\x00\x00\\\x03\x00\x00)\x9e"\x00\x00\x18\x03\x00\x00\x1e\x03\x00\x00\x01\xd6\x0et\x03\x00\x00\x00\x00T\xb2"\x00\x00\x1e\x03\x00\x00"\x03\x00\x00\x01\xedT\xd6#\x00\x004\x03\x00\x00@\x03\x00\x00\x01\xf2T\xb2"\x00\x00F\x03\x00\x00J\x03\x00\x00\x01\xf3T\xb8$\x00\x00N\x03\x00\x00T\x03\x00\x00\x01\xf4)\xbe"\x00\x00T\x03\x00\x00X\x03\x00\x00\x01\xec\x0e\x88\x03\x00\x00\x00\x00;\x12)\x00\x00\x01\xb7\x03ex\x06\x00\x00\x01\x01I\xcc\x19\x00\x00\x03d\xe9$\x00\x00\x01\xe9$\x00\x00fobj\x00\x03f\x07\x0b\x00\x00\x05\x03\x84\x07\x80\x00\x00]\x02\x07\x0b\x00\x00>\xc7$\x00\x00^\x03\x00\x00\x86\x03\x00\x00\x03\x92 \x02\x01\x17%\x00\x00)"%\x00\x00f\x03\x00\x00z\x03\x00\x00\x03f$\x00\x00\x1b\x02\x07\x0b\x00\x00\x17\x17%\x00\x00Y@\x0b\x00\x00\x01y2\n\x00\x00\x04O(\x05\x00\x00\x86\x03\x00\x00\xd0\x03\x00\x00\x03\x92 \x02\x01m%\x00\x00mm\x00\x04P(\x05\x00\x00\xa0\x03\x00\x00\x9f\x01\r\x0e\x00\x00\x04Qw\x00\x00\x00\xbe\x03\x00\x00ft\x00\x04Qw\x00\x00\x00\x01b\x00;\x10\x12\x00\x00\x13\x1c\x01Z\xa1\x1f\x00\x00\xd0\x03\x00\x00\x00\x04\x00\x00\xdd\x03\x00\x00\x01\xad%\x00\x00\x04\xb7\x1f\x00\x00&\x04\x00\x00\x0b\xad\x1f\x00\x00\x01\x18\xdc\x03\x00\x00(%\x00\x00\x18\xe4\x03\x00\x00(%\x00\x00\x00y\xd5\x10\x00\x00\x04A(\x05\x00\x00\x00\x04\x00\x00\x18\x04\x00\x00\x03\x92 \x02\x01\xed%\x00\x00fm\x00\x04C(\x05\x00\x00\x0cf\x93\x01g\x93\x01h\x93\x01i\x93\x01#\r\x0e\x00\x00\x04Dw\x00\x00\x00\x01b\x00\xa0\x01\xaa\x19\x00\x00\x05O\x16\x18\x04\x00\x00B\x04\x00\x00\x03\x92 \x02\x01^;\x16\x00\x00\x01m\x17\x01\x00\x00\x03n\x00\n\x00\x00\x01\x9b\x01\xd0\x03\x00\x00B\x04\x00\x00\x9e\x04\x00\x00\x03\x92 \x02\x01~&\x00\x00%d\x00\x01\x9b\x01\x17\x01\x00\x00D\x04\x00\x00\x16\x03&\x00\x00X\x04\x00\x00d\x04\x00\x00\x01\x9f\x01\x02~&\x00\x00h\x04\x00\x00l\x04\x00\x00\x01\xa1\x01m&\x00\x00\rd\x00\x01\x9b\x01\x17\x01\x00\x00\x8a\x04\x00\x00\x00\x16\x86&\x00\x00~\x04\x00\x00\x84\x04\x00\x00\x01\xa3\x01\x00;\xcf\x0f\x00\x00\x01\x8a\x03;2\x1d\x00\x00\x01b\x03o\xa0\x18\x00\x00\x01\xbb\x01\xd0\x03\x00\x00\x9e\x04\x00\x00\x04\x05\x00\x00\x9d\x04\x00\x00\x01\x7f\'\x00\x00U>\x08\x00\x00\x01\xbb\x01S\x1b\x00\x00\x00\x05\x00\x00U\x91\x06\x00\x00\x01\xbb\x01\x17\x01\x00\x00&\x05\x00\x00U\xe7\r\x00\x00\x01\xbb\x01w\x00\x00\x00R\x05\x00\x00\rpgm\x00\x01\xbe\x01\xd0\x03\x00\x00\x89\x05\x00\x00z\x18\x00\x00\x00Y\'\x00\x00\ri\x00\x01\xbf\x01\x17\x01\x00\x00\xc5\x05\x00\x00\x1e0\x00\x00\x00\rr\x00\x01\xc0\x01\xd0\x03\x00\x00\r\x06\x00\x00p\xd6\x04\x00\x00\xda\x04\x00\x00?\'\x00\x00\x07\xb3\x04\x00\x00\x01\xc0\x01*\x00\x00\x00+\x06\x00\x00\x05\x15#\x00\x00\x01\xc0\x01w\x00\x00\x00\x00\x18\xde\x04\x00\x00\x0f&\x00\x00*\xe6\x04\x00\x00\x0f&\x00\x00\x03\x01h\x010\x00\x00\x00.\xbc\x04\x00\x00\x0f&\x00\x00o\'\x00\x00\x03\x01h\x04~\x011$\x00*\xc2\x04\x00\x00\x0f&\x00\x00\x03\x01h\x013\x00\x00o\xfc\t\x00\x00\x01\xaa\x01\x0e\x03\x00\x00\x04\x05\x00\x00P\x05\x00\x00C\x06\x00\x00\x01B(\x00\x00U\xe7\r\x00\x00\x01\xaa\x01\x17\x01\x00\x00\xb3\x06\x00\x00%d\x00\x01\xaa\x01F\x1b\x00\x00\xea\x06\x00\x00%len\x00\x01\xaa\x01\x0e\x03\x00\x00\x10\x07\x00\x00\x07\xc1\x14\x00\x00\x01\xac\x01\x0e\x03\x00\x00f\x07\x00\x00\x07\xf0\t\x00\x00\x01\xad\x01S\x1b\x00\x00\xac\x07\x00\x00\rpgm\x00\x01\xae\x01\xd0\x03\x00\x00\xfe\x07\x00\x00\x1eH\x00\x00\x00\rc\x00\x01\xb1\x01\x17\x01\x00\x00K\x08\x00\x00p(\x05\x00\x00,\x05\x00\x007(\x00\x00\x07\xb3\x04\x00\x00\x01\xb1\x01*\x00\x00\x00^\x08\x00\x00\x05\x15#\x00\x00\x01\xb1\x01w\x00\x00\x00\x00\x180\x05\x00\x00\x0f&\x00\x00\x00\x00,W\x0b\x00\x00\x01P(\x00\x00\x89(\x00\x00+b\x08\x00\x00\x1d%\x00\x00\x01"\xf2\x14\x00\x00\x03\x1c\x94\x07\x00\x00\x19\xc1\x14\x00\x00\x03\x1e\x0e\x03\x00\x00\x19U\x0e\x00\x00\x03\x1f\x01\x0b\x00\x00\x1d6res\x00\x03!\x0e\x03\x00\x00\x00\x00o\xe1\t\x00\x00\x01\xdf\x01\x17\x01\x00\x00P\x05\x00\x00\xb2\x05\x00\x00v\x08\x00\x00\x01x)\x00\x00\x1f;\x07\x00\x00\x01\xe1\x01\x17\x01\x00\x00\x02\x8c\x01\x02Y\x1b\x00\x00^\x05\x00\x00p\x05\x00\x00\x01\xe4\x01\xfc(\x00\x00\x01i\x1b\x00\x00\xd8\x08\x00\x00*p\x05\x00\x00\x7f\'\x00\x00\x03\x01h\x02\t\x80\x03\x06f\x93\x01g\x93\x01\x05\x03\xca\x00\x00\x00\x03\x06d\x93\x01e\x93\x01\x02\x08B\x00\x00\x02B(\x00\x00t\x05\x00\x00\xa4\x05\x00\x00\x01\xe8\x01n)\x00\x00\x13Z(\x00\x00\x01P(\x00\x00\xed\x08\x00\x00\tt\x05\x00\x00\xa4\x05\x00\x00\x04e(\x00\x00\x05\t\x00\x00\x04p(\x00\x00\x19\t\x00\x00={(\x00\x00\x82\x05\x00\x00\x9c\x05\x00\x00\x04|(\x00\x001\t\x00\x00?\x98\x05\x00\x00\x03\x06h\x93\x01i\x93\x01\x02\x80\x00\x03\x06f\x93\x01g\x93\x01\x02\x8c\x01\x00\x00\x00\x00\x18t\x05\x00\x00\xc7$\x00\x00\x00\xa1\x01.\x17\x00\x00\x01y\xb2\x05\x00\x00\xcc\x05\x00\x00\x03\x92 \x02\x01\xb0)\x00\x00`\xf0\t\x00\x00\x01y\xb0)\x00\x00I\t\x00\x00`\x81\x1c\x00\x00\x01y\x17\x01\x00\x00\xaa\t\x00\x00\x00\x1b\x02&\x01\x00\x00\xa2\x01\x17\x06\x00\x00\x06\xe4\x01\xc7)\x00\x00\xf3)\x00\x00+b\x08\x00\x00\xf4\x1c\x00\x00\x01"o$\x00\x00\x06\xe4\xf6\n\x00\x00"\x19\x1e\x00\x00\x06\xe4+\x01\x00\x00\x1d6r\x00\x06\xf0\x0e\x03\x00\x00\x00\x00,D\x06\x00\x00\x01\x01*\x00\x00:*\x00\x00+b\x08\x00\x00\xf4\x1c\x00\x00\x01"o$\x00\x00\x06\xe4\xf6\n\x00\x00"\x19\x1e\x00\x00\x06\xe4+\x01\x00\x00\x1d\x13\xdc)\x00\x00\x13\xd1)\x00\x00\x13\xc7)\x00\x00\x1d\x06\xe8)\x00\x00\x00\x00\x00q\xf3)\x00\x00\xcc\x05\x00\x00\xce\x06\x00\x00\xd6\t\x00\x00T*\x00\x00\x01\xff+\x00\x00\x01\x01*\x00\x00\x87\n\x00\x00\x01\x0b*\x00\x00\xbd\n\x00\x00\x01\x16*\x00\x00\xe3\n\x00\x00F\xb6)\x00\x00`\x00\x00\x00\x01\xdc)\x00\x00\x19\x0b\x00\x00\x01\xd1)\x00\x00A\x0b\x00\x00\x01\xc7)\x00\x00g\x0b\x00\x00F\xe7)\x00\x00`\x00\x00\x00\x06\xe8)\x00\x00E\xb1\x1a\x00\x00\xf4\x05\x00\x00x\x00\x00\x00\x06\xf0\xe2+\x00\x00\x01\xc2\x1a\x00\x00\x7f\x0b\x00\x00\x01\xd7\x1a\x00\x00\x93\x0b\x00\x00\x01\xcd\x1a\x00\x00\xbb\x0b\x00\x00\x1ex\x00\x00\x00\x06\xe3\x1a\x00\x00\x04\xed\x1a\x00\x00\xe1\x0b\x00\x00\x04\xf9\x1a\x00\x006\x0c\x00\x00\x04\x05\x1b\x00\x00I\x0c\x00\x00F\x11\x1b\x00\x00\x90\x00\x00\x00\x04\x12\x1b\x00\x00r\x0c\x00\x00g\x1c\x1b\x00\x00\xa8\x00\x00\x00\xcd+\x00\x00\x04\x1d\x1b\x00\x00\xa6\x0c\x00\x00&\xe3!\x00\x00\x18\x06\x00\x00\xc0\x00\x00\x00\x01+\x01X+\x00\x00\x01\xfb!\x00\x00\xc8\x0c\x00\x00\x01\xf1!\x00\x00\xdc\x0c\x00\x00h\x9e"\x00\x00\x18\x06\x00\x00\xd8\x00\x00\x00\x01\xd6\x0e\xf4\x0c\x00\x00\x00\x00{\xff+\x00\x00\x1c\x06\x00\x00\xf0\x00\x00\x00\x01E\x01\x16\xa6"\x00\x00N\x06\x00\x00R\x06\x00\x00\x01-\x01\x02\xbe"\x00\x00V\x06\x00\x00Z\x06\x00\x00\x01+\x01\x92+\x00\x00\x0e\x08\r\x00\x00\x00\x02~&\x00\x00j\x06\x00\x00t\x06\x00\x00\x01>\x01\xac+\x00\x00\x0e \r\x00\x00\x00\x16\xff+\x00\x00x\x06\x00\x00|\x06\x00\x00\x01B\x01\x16\xa6"\x00\x00\x80\x06\x00\x00\x84\x06\x00\x00\x01D\x01\x00\x18,\x06\x00\x00\x06"\x00\x00\x18:\x06\x00\x00u%\x00\x00\x00\x00\x00)\r,\x00\x00\xa4\x06\x00\x00\xae\x06\x00\x00\x06\xf4\x0e3\r\x00\x00\x0eK\r\x00\x00\x00\x00\x00\x00;l\x04\x00\x00\x01\xbc\x03\x1b\x02g\x05\x00\x00Yr\x05\x00\x00\x03aq\x06\x00\x00\xce\x06\x00\x00\xfa\x06\x00\x00_\r\x00\x00-,\x00\x00\x01q,\x00\x00:b\x08\x00\x00\xf4\x1c\x00\x00\x01\xa7\r\x00\x00\xa3\x01c\x00\x06\xdfw\x00\x00\x00\xcd\r\x00\x00?\xf2\x06\x00\x00\x03\x06h\x93\x01i\x93\x01\x03\xf3\x01h\x03\x06f\x93\x01g\x93\x01\x02\x8c\x01\x03\x06d\x93\x01e\x93\x01\x011\x00\x00b\x99\x06\x00\x00\xfa\x06\x00\x00\x10\x07\x00\x00\x03\x92 \x02\x8b,\x00\x00\x01\xed,\x00\x00:b\x08\x00\x00\xf4\x1c\x00\x00\x01\xec\r\x00\x00)\xbd\x1b\x00\x00\xfa\x06\x00\x00\x0e\x07\x00\x00\x06\xdc\x01\xca\x1b\x00\x00\x12\x0e\x00\x00\x02\x9e"\x00\x00\xfa\x06\x00\x00\x00\x07\x00\x00\x01\x99\x02\xcb,\x00\x00\x0e&\x0e\x00\x00\x00\x16\xb2"\x00\x00\x00\x07\x00\x00\x04\x07\x00\x00\x01\x9a\x02\x16\xff+\x00\x00\x08\x07\x00\x00\x0e\x07\x00\x00\x01\x9b\x02\x00\x00b\xb8\x06\x00\x00\x10\x07\x00\x00\x18\x07\x00\x00\x03\x92 \x02\x07-\x00\x00\x01\x1f-\x00\x00:b\x08\x00\x00\xf4\x1c\x00\x00\x01:\x0e\x00\x00\x18\x14\x07\x00\x00\x06"\x00\x00\x00|\xdb\x06\x00\x00\x06\xcb\x016-\x00\x00}b\x08\x00\x00\xf4\x1c\x00\x00\x01\x00,\xe6\x06\x00\x00\x01D-\x00\x00e-\x00\x00+b\x08\x00\x00\xf4\x1c\x00\x00\x01DY-\x00\x00\x06+-\x00\x00\x00\x1d6c\x00\x06\xce\x0e\x03\x00\x00\x00\x00q6-\x00\x00\x18\x07\x00\x00T\x07\x00\x00`\x0e\x00\x00\x7f-\x00\x00\x01\xef-\x00\x00\x01D-\x00\x00\xa8\x0e\x00\x00p,\x07\x00\x004\x07\x00\x00\x9f-\x00\x00\x04Z-\x00\x00\xfc\x0e\x00\x00\x00\t<\x07\x00\x00N\x07\x00\x00\x06+-\x00\x00)\x8d\x1a\x00\x00<\x07\x00\x00N\x07\x00\x00\x06\xd2\x01\x9d\x1a\x00\x00\x14\x0f\x00\x00\t<\x07\x00\x00N\x07\x00\x00P\xa7\x1a\x00\x00\x02\x8c\x01*D\x07\x00\x00\xe2#\x00\x00\x03\x06h\x93\x01i\x93\x01\x02\x8c\x01\x00\x00\x00\x00\x00a\t\x07\x00\x00T\x07\x00\x00\x9c\x07\x00\x00(\x0f\x00\x00\t.\x00\x00\x01X.\x00\x00:b\x08\x00\x00\xf4\x1c\x00\x00\x01\x8a\x0f\x00\x00)\x8d\x1a\x00\x00n\x07\x00\x00~\x07\x00\x00\x06\xc7\x01\x9d\x1a\x00\x00\xd2\x0f\x00\x00\tn\x07\x00\x00~\x07\x00\x00P\xa7\x1a\x00\x00\x02\x8c\x01*v\x07\x00\x00\xe2#\x00\x00\x03\x06h\x93\x01i\x93\x01\x02\x8c\x01\x00\x00\x00\x00|,\x07\x00\x00\x06\xbc\x01o.\x00\x00}b\x08\x00\x00\xf4\x1c\x00\x00\x01\x00,7\x07\x00\x00\x01}.\x00\x00\x8f.\x00\x00+b\x08\x00\x00\xf4\x1c\x00\x00\x01\x1d\x06d.\x00\x00\x00\x00\xa4\x01o.\x00\x00\x9c\x07\x00\x00\xd0\x07\x00\x00\x03\x92 \x02\xaa.\x00\x00\x01\xdd/\x00\x00\x01}.\x00\x00\xf2\x0f\x00\x00<g\x1a\x00\x00\xa6\x07\x00\x00\xb6\x07\x00\x00\x06\xbfB/\x00\x00\x01w\x1a\x00\x00\x1a\x10\x00\x00\t\xa6\x07\x00\x00\xb6\x07\x00\x00\x04\x81\x1a\x00\x00.\x10\x00\x00<\xe3!\x00\x00\xa6\x07\x00\x00\xb0\x07\x00\x00\x01\xe1\x1c/\x00\x00\x01\xfb!\x00\x00C\x10\x00\x00\x01\xf1!\x00\x00W\x10\x00\x00)\x9e"\x00\x00\xaa\x07\x00\x00\xb0\x07\x00\x00\x01\xd6\x0eo\x10\x00\x00\x00\x00T\xb2"\x00\x00\xb0\x07\x00\x00\xb4\x07\x00\x00\x01\xe2)\xbe"\x00\x00\xb4\x07\x00\x00\xb6\x07\x00\x00\x01\xe1\x0e\x83\x10\x00\x00\x00\x00\x00\t\xbc\x07\x00\x00\xce\x07\x00\x00\x06d.\x00\x00)g\x1a\x00\x00\xbc\x07\x00\x00\xcc\x07\x00\x00\x06\xc1\x01w\x1a\x00\x00\x9b\x10\x00\x00\t\xbc\x07\x00\x00\xcc\x07\x00\x00\x04\x81\x1a\x00\x00\xaf\x10\x00\x00<\xe3!\x00\x00\xbc\x07\x00\x00\xc6\x07\x00\x00\x01\xe1\xb5/\x00\x00\x01\xfb!\x00\x00\xc4\x10\x00\x00\x01\xf1!\x00\x00\xd8\x10\x00\x00)\x9e"\x00\x00\xc0\x07\x00\x00\xc6\x07\x00\x00\x01\xd6\x0e\xf0\x10\x00\x00\x00\x00T\xb2"\x00\x00\xc6\x07\x00\x00\xca\x07\x00\x00\x01\xe2)\xbe"\x00\x00\xca\x07\x00\x00\xcc\x07\x00\x00\x01\xe1\x0e\x04\x11\x00\x00\x00\x00\x00\x00\x00,Q\x02\x00\x00\x03\xeb/\x00\x00\xf6/\x00\x00+b\x08\x00\x003\x03\x00\x00\x01\x00]\x02\x030\x00\x00@\x02\x07B\x1e\x00\x00\x17\xfc/\x00\x00,\xa7\x01\x00\x00\x03\x160\x00\x0070\x00\x00+b\x08\x00\x00\xaa \x00\x00\x01"x\x04\x00\x00\x05n\xf6/\x00\x00\x1d6i\x00\x05o+\x01\x00\x00\x00\x00~\x80\x03\x00\x00\xd0\x07\x00\x00R\x08\x00\x00\x1c\x11\x00\x00Q0\x00\x00\x01\xa60\x00\x00:b\x08\x00\x00\x82!\x00\x00\x01e\x11\x00\x00)\xdd/\x00\x00\xfe\x07\x00\x002\x08\x00\x00\x08f\x13\xeb/\x00\x00)\x080\x00\x00\xfe\x07\x00\x002\x08\x00\x00\x08?\x13 0\x00\x00\x13\x160\x00\x00=+0\x00\x00\xfe\x07\x00\x002\x08\x00\x00\x04,0\x00\x00\x9b\x11\x00\x00\x00\x00\x00\x00bh\x02\x00\x00R\x08\x00\x00T\x08\x00\x00\x03\x92 \x02\xc00\x00\x00\x01\xe50\x00\x00\x7fb\x08\x00\x003\x03\x00\x00\x01\x06h\x93\x01i\x93\x01\xa5\x01x\x04\x00\x00\x08G*\x00\x00\x00\x06f\x93\x01g\x93\x01\x00b\x8c\x02\x00\x00T\x08\x00\x00V\x08\x00\x00\x03\x92 \x02\xff0\x00\x00\x01\x111\x00\x00\x7fb\x08\x00\x003\x03\x00\x00\x01\x06h\x93\x01i\x93\x01\x003_\x0c\x00\x00\x05\x8b\x13X\x1e\x00\x00\x01:1\x00\x00\x12 \x13\x00\x00\x05\x8b\x13\xd1\x0b\x00\x00\ndl\x00\x05\x93\x13:1\x00\x00\x00\x1b\x021\x13\x00\x00n\x9c\x1d\x00\x00\x05\xd3\x14\xd0\x03\x00\x00V\x08\x00\x00\xa6\x08\x00\x00\x03\x92 \x02\x01\xeb1\x00\x00U \x13\x00\x00\x05\xd3\x14\xd1\x0b\x00\x00\xc3\x11\x00\x00\x80\x01\xd1"\x00\x00\x05\xd3\x14\xeb1\x00\x00\x06f\x93\x01g\x93\x01\x07\x17\x19\x00\x00\x05\xd4\x14\xd1\x0b\x00\x00\xfd\x11\x00\x00\x07 \x0e\x00\x00\x05\xd5\x14X\x1e\x00\x00(\x12\x00\x00\x07\x17#\x00\x00\x05\xd6\x14\xd0\x03\x00\x00H\x12\x00\x00\rtmp\x00\x05\xd7\x14\xe2\x0b\x00\x00s\x12\x00\x00M\x111\x00\x00~\x08\x00\x00\x08\x01\x00\x00\x05\xdd\x14\x01"1\x00\x00\x9e\x12\x00\x00\x1e\x08\x01\x00\x00\x04.1\x00\x00\xb1\x12\x00\x00\x00\x00\x00\x1b\x02\xe2\x0b\x00\x00\'\x1c)\x00\x00\x05\xb9\x14\x01#2\x00\x00\x12\xcd\x03\x00\x00\x05\xb9\x14\xec\r\x00\x00\nidx\x00\x05\xba\x14\xd1\x0b\x00\x00\x05\x8c\x1d\x00\x00\x05\xbb\x14^\x1e\x00\x00\x00/T\x1b\x00\x00\x05\x93\x14\xa6\x08\x00\x00\xc2\x08\x00\x00\x03\x92 \x02\x01\x902\x00\x00M\xf11\x00\x00\xa6\x08\x00\x00 \x01\x00\x00\x05\x94\x14\x01\xfe1\x00\x00\xe9\x12\x00\x00\x1e \x01\x00\x00\x04\n2\x00\x00\xfd\x12\x00\x00\x04\x162\x00\x00\x1c\x13\x00\x00\x15\x902\x00\x00\xa6\x08\x00\x00\xae\x08\x00\x00\x05\xbd\x14\x16\x9d2\x00\x00\xa6\x08\x00\x00\xae\x08\x00\x00\x05\xd8\x13\x00\x00\x00\x00G\x9a\x16\x00\x00\x05\xd5\x13\xd1\x0b\x00\x00\x01GA%\x00\x00\x05R\x13\xd1\x0b\x00\x00\x013\x1e\x0b\x00\x00\x05I\x13\xd0\x03\x00\x00\x01\xc82\x00\x00\x12\xcd\x03\x00\x00\x05I\x13\xba\x0e\x00\x00\x00Q\x9c\r\x00\x00\x83\x0e\x00\x00\x01\x01\xe42\x00\x00\x05\x17#\x00\x00\x05\xe4\x12\x83\x0e\x00\x00\x003\x9b\x1f\x00\x00\x05\xe3\x12\x83\x0e\x00\x00\x01\t3\x00\x00\x05\x17#\x00\x00\x05\xe4\x12\x83\x0e\x00\x00\x1d\x06\xd72\x00\x00\x00\x00>\xe42\x00\x00\xc2\x08\x00\x00\x1e\t\x00\x00\x03\x92 \x02\x01\xcb3\x00\x00\x04\xf52\x00\x000\x13\x00\x00\x02(\x1a\x00\x00\xce\x08\x00\x00\xda\x08\x00\x00\x05\xeb\x12}3\x00\x00\rlen\x00\x05\xe3\x12?\x08\x00\x00R\x13\x00\x00\x07\xb0\x17\x00\x00\x05\xe3\x12w\x00\x00\x00~\x13\x00\x00\x05\xba!\x00\x00\x05\xe3\x12d\x1a\x00\x00\t\xce\x08\x00\x00\xda\x08\x00\x00\np\x00\x05b\x15\x94\x07\x00\x00\x00\x00\x02\xaa2\x00\x00\xda\x08\x00\x00\xfc\x08\x00\x00\x05\xee\x12\x983\x00\x00\x0b\xbb2\x00\x00\x00\x00\t\xfc\x08\x00\x00\x18\t\x00\x00\x06\xd72\x00\x00\x15(\x1a\x00\x00\xfc\x08\x00\x00\x06\t\x00\x00\x05\xef\x12$$$\t\xfc\x08\x00\x00\x06\t\x00\x00\x0e\x92\x13\x00\x00\x00\x00\x00\x00n\xa7\x1f\x00\x00\x05\xec\x0f*\x00\x00\x00\x1e\t\x00\x000\t\x00\x00\x03\x92 \x02\x01\x084\x00\x00%pdu\x00\x05\xec\x0f\x14\x14\x00\x00\xc7\x13\x00\x00\x80\x01\xfd\x03\x00\x00\x05\xec\x0fw\x00\x00\x00\x01f\x00ZM \x00\x000\t\x00\x00d\t\x00\x00\xef\x13\x00\x00\x01x4\x00\x00\x01^ \x00\x008\x14\x00\x00\x04v \x00\x00n\x14\x00\x00\x04\x80 \x00\x00\x92\x14\x00\x00\x0bj \x00\x00\x04.@\t\x00\x00\xcb3\x00\x00]4\x00\x00\x03\x06h\x93\x01i\x93\x01\x02\x80\x00\x03\x01f\x014\x00*J\t\x00\x00\xcb3\x00\x00\x03\x06h\x93\x01i\x93\x01\x02\x80\x00\x03\x01f\x016\x00\x00\'#\x1f\x00\x00\x05}\x16\x01\x9e4\x00\x00\x0cbuf\x00\x05}\x16\xf6\n\x00\x00\x0clen\x00\x05}\x16*\x00\x00\x00\x00H\'\r\x00\x00\x05\\\nd\t\x00\x00\xc4\t\x00\x00\xc6\x14\x00\x00\x01\x045\x00\x00\rlen\x00\x05^\n5\x00\x00\x00\xf5\x14\x00\x00Mx4\x00\x00\xb6\t\x00\x008\x01\x00\x00\x05u\n\x01\x914\x00\x00\x1c\x15\x00\x00\x01\x854\x00\x00A\x15\x00\x00-\xc4\t\x00\x00\x01\xf3)\x00\x00\x03\x06h\x93\x01i\x93\x01\x05\x03\x92\x07\x80\x00\x00\x00\x00/^#\x00\x00\x05G\x10\xc4\t\x00\x00\xe2\t\x00\x00\x03\x92 \x02\x01\x046\x00\x00U\x98\x0c\x00\x00\x05G\x10w\x00\x00\x00Y\x15\x00\x00\x15\xaa\x19\x00\x00\xc4\t\x00\x00\xe2\t\x00\x00\x05H\x10 b7\x00\x05G\x10w\x00\x00\x00\x00 b6\x00\x05G\x10w\x00\x00\x00\x00 b5\x00\x05G\x10w\x00\x00\x00\x00 b4\x00\x05G\x10w\x00\x00\x00\x00 b3\x00\x05G\x10w\x00\x00\x00\x00 b2\x00\x05G\x10w\x00\x00\x00\x00\rb1\x00\x05G\x10w\x00\x00\x00\x86\x15\x00\x00cb0\x00\x05G\x10w\x00\x00\x00~ len\x00\x05G\x10w\x00\x00\x00\x02\t\xc4\t\x00\x00\xe2\t\x00\x00\x05\x8c\r\x00\x00\x05\xa9\n\x94\x07\x00\x00\x16\x046\x00\x00\xc4\t\x00\x00\xd0\t\x00\x00\x05\xa9\n\x02\x116\x00\x00\xd0\t\x00\x00\xd8\t\x00\x00\x05\xaf\n\xf75\x00\x00\rlen\x00\x05\xa8\n*\x00\x00\x00\xb3\x15\x00\x00\x00\x14\xe2\t\x00\x00\x01\x9e4\x00\x00\x00\x00\x00G\x1e\x11\x00\x00\x05\xa0\n\x94\x07\x00\x00\x01(\xc3\x04\x00\x00\x05\xa4\n\x01H\xe4\x1e\x00\x00\x05`\x0e\xe2\t\x00\x002\n\x00\x00\xc7\x15\x00\x00\x01\x0e7\x00\x00%pdu\x00\x05`\x0e\x14\x14\x00\x00\xe9\x15\x00\x00\x07 \x13\x00\x00\x05a\x0e\xdd\x0b\x00\x00\x0f\x16\x00\x00\x07\xa3\x07\x00\x00\x05b\x0eX\x1e\x00\x00C\x16\x00\x00\x07."\x00\x00\x05d\x0ew\x00\x00\x00c\x16\x00\x00\x02\x0e7\x00\x00\xfa\t\x00\x00\xfc\t\x00\x00\x05g\x0e\x986\x00\x00\x07\x17#\x00\x00\x05`\x0e\x83\x0e\x00\x00\x8f\x16\x00\x00\x00\x02\x111\x00\x00\x10\n\x00\x00.\n\x00\x00\x05n\x0e\xd46\x00\x00\x01"1\x00\x00\xa3\x16\x00\x00\t\x10\n\x00\x00.\n\x00\x00P.1\x00\x00\x0e\x8c\x00\x08\xff\x1a9\x1e\x03\xa0\x06\x80\x00"\x9f\x00\x00.\xea\t\x00\x00\xcb3\x00\x00\xf36\x00\x00\x03\x06h\x93\x01i\x93\x01\x03\xf3\x01h\x03\x01f\x012\x00\x14\x02\n\x00\x00\x01\x045\x00\x00*\x10\n\x00\x00\x045\x00\x00\x03\x01h\x02\x08"\x00\x00(\xbb%\x00\x00\x05\xb8\x0f\x01/T\x08\x00\x00\x05\xad\x0b2\n\x00\x008\n\x00\x00\x03\x92 \x02\x01Q7\x00\x00%pdu\x00\x05\xad\x0b\x14\x14\x00\x00\xb6\x16\x00\x00-8\n\x00\x00\x01\x045\x00\x00\x03\x01h\x010\x00\x00/\xf5\x1b\x00\x00\x05c\x0b8\n\x00\x00>\n\x00\x00\x03\x92 \x02\x01\x8c7\x00\x00%pdu\x00\x05c\x0b\x14\x14\x00\x00\xdc\x16\x00\x00->\n\x00\x00\x01\x045\x00\x00\x03\x01h\x02\x08 \x00\x00/\xd4\x1c\x00\x00\x05C\x10>\n\x00\x00X\n\x00\x00\x03\x92 \x02\x01y8\x00\x00\x15\xaa\x19\x00\x00>\n\x00\x00X\n\x00\x00\x05D\x10 b7\x00\x05C\x10w\x00\x00\x00\x00 b6\x00\x05C\x10w\x00\x00\x00\x00 b5\x00\x05C\x10w\x00\x00\x00\x00 b4\x00\x05C\x10w\x00\x00\x00\x00 b3\x00\x05C\x10w\x00\x00\x00\x00 b2\x00\x05C\x10w\x00\x00\x00\x00 b1\x00\x05C\x10w\x00\x00\x00\x00cb0\x00\x05C\x10w\x00\x00\x00\x7f len\x00\x05C\x10w\x00\x00\x00\x01\t>\n\x00\x00X\n\x00\x00\x05\x8c\r\x00\x00\x05\xa9\n\x94\x07\x00\x00\x16\x046\x00\x00>\n\x00\x00F\n\x00\x00\x05\xa9\n\x02\x116\x00\x00F\n\x00\x00N\n\x00\x00\x05\xaf\nl8\x00\x00\rlen\x00\x05\xa8\n*\x00\x00\x00\x02\x17\x00\x00\x00\x14X\n\x00\x00\x01\x9e4\x00\x00\x00\x00\x00>\x0e7\x00\x00X\n\x00\x00f\n\x00\x00\x03\x92 \x02\x01\xaa8\x00\x00\xa6\x01\x16\x17\x00\x00\x14b\n\x00\x00\x01\x8c7\x00\x00\x14f\n\x00\x00\x01\x045\x00\x00\x008\x9f\x1c\x00\x00\x01\x01\xe68\x00\x00\x0cpdu\x00\x05\xad\x0e\x14\x14\x00\x00\x05 \x13\x00\x00\x05\xae\x0e\xd1\x0b\x00\x00\x05\xd8\x03\x00\x00\x05\xaf\x0e\xe2\x0b\x00\x00\x05\xd0$\x00\x00\x05\xb0\x0e+\x0c\x00\x00\x003\xce\x11\x00\x00\x05,\x13\x83\x0e\x00\x00\x01@9\x00\x00\x12 \x13\x00\x00\x05-\x13\xd1\x0b\x00\x00\x12\xd8\x03\x00\x00\x05-\x13\xe2\x0b\x00\x00\x12\xd0$\x00\x00\x05-\x13+\x0c\x00\x00\nidx\x00\x05/\x13w\x00\x00\x00\nodt\x00\x050\x13\xe2\x0b\x00\x00\x05\x17#\x00\x00\x051\x13\x83\x0e\x00\x00\x00QT*\x00\x00\x83\x0e\x00\x00\x01\x01\x989\x00\x00\x12 \x13\x00\x00\x05-\x13\xd1\x0b\x00\x00\x12\xd8\x03\x00\x00\x05-\x13\xe2\x0b\x00\x00\x12\xd0$\x00\x00\x05-\x13+\x0c\x00\x00\nidx\x00\x05/\x13w\x00\x00\x00\nodt\x00\x050\x13\xe2\x0b\x00\x00\x05\x17#\x00\x00\x051\x13\x83\x0e\x00\x00\x00\'\r\x1f\x00\x00\x05\xad\x0e\x01\xee9\x00\x00\x0cpdu\x00\x05\xad\x0e\x14\x14\x00\x00\x05 \x13\x00\x00\x05\xae\x0e\xd1\x0b\x00\x00\x05\xd8\x03\x00\x00\x05\xaf\x0e\xe2\x0b\x00\x00\x05\xd0$\x00\x00\x05\xb0\x0e+\x0c\x00\x00\x1d\x13\xb58\x00\x00\x1d\x06\xc18\x00\x00\x06\xcd8\x00\x00\x06\xd98\x00\x00\x00\x00\x00Z\x989\x00\x00f\n\x00\x006\x0b\x00\x00Z\x17\x00\x00\x01|;\x00\x00\x01\xa59\x00\x00\x96\x17\x00\x007\xb19\x00\x00\x007\xbd9\x00\x00\x007\xc99\x00\x00\x00&\x0e7\x00\x00z\n\x00\x00P\x01\x00\x00\x05\xb2\x0eT:\x00\x00\x07\x17#\x00\x00\x05\xad\x0e\x83\x0e\x00\x00\x08\x18\x00\x00-\x86\n\x00\x00\x01\x045\x00\x00\x03\x01h\x01B\x00\x00F\xaa8\x00\x00h\x01\x00\x00\x01\xb58\x00\x00\x1c\x18\x00\x00\x1eh\x01\x00\x00\x04\xc18\x00\x00`\x18\x00\x00\x06\xcd8\x00\x00\x06\xd98\x00\x00&\xe68\x00\x00\x8e\n\x00\x00\x88\x01\x00\x00\x05\xb8\x0e#;\x00\x00\x01\x0f9\x00\x00\x89\x18\x00\x00\x01\x039\x00\x00\xdc\x18\x00\x00\x01\xf78\x00\x00`\x18\x00\x00\x1e\x88\x01\x00\x00\x06\x1b9\x00\x00\x06\'9\x00\x00\x0439\x00\x00/\x19\x00\x00\x02\xaa2\x00\x00\x8e\n\x00\x00\xa8\n\x00\x00\x053\x13\xe3:\x00\x00\x01\xbb2\x00\x00Q\x19\x00\x00\x00F@9\x00\x00\x90\x01\x00\x00\x01g9\x00\x00q\x19\x00\x00\x01[9\x00\x00\xb4\x19\x00\x00\x01O9\x00\x00\xf7\x19\x00\x00\x1e\x90\x01\x00\x00\x04s9\x00\x00\x15\x1a\x00\x00\x06\x7f9\x00\x00\x06\x8b9\x00\x00\x00\x00\x00\x00&|;\x00\x00\xa8\n\x00\x00\xb0\x01\x00\x00\x05\xb5\x0e:;\x00\x00$$\x00\x02|;\x00\x00\xac\n\x00\x00\xae\n\x00\x00\x05\xb6\x0eQ;\x00\x00$$\x00.\x8e\n\x00\x00\xcb3\x00\x00o;\x00\x00\x03\x06h\x93\x01i\x93\x01\x02\x8c\x00\x03\x01f\x012\x00\x14*\x0b\x00\x00\x01\x0e7\x00\x00\x00\x00\x00GZ\n\x00\x00\x05\xe8\x0fw\x00\x00\x00\x018d\x17\x00\x00\x01\x01\xb9;\x00\x00\x0cpdu\x00\x05\x9d\x0e\x14\x14\x00\x00\x05 \x13\x00\x00\x05\x9e\x0e\xd1\x0b\x00\x00\x05\x18\x12\x00\x00\x05\x9f\x0e\xe2\x0b\x00\x00\x003\x89\x08\x00\x00\x05\x12\x13\x83\x0e\x00\x00\x01\xfb;\x00\x00\x12 \x13\x00\x00\x05\x12\x13\xd1\x0b\x00\x00\x12\x18\x12\x00\x00\x05\x12\x13\xe2\x0b\x00\x00\nidx\x00\x05\x13\x13w\x00\x00\x00\x05\x17#\x00\x00\x05\x14\x13\x83\x0e\x00\x00\x00Q2)\x00\x00\x83\x0e\x00\x00\x01\x01;<\x00\x00\x12 \x13\x00\x00\x05\x12\x13\xd1\x0b\x00\x00\x12\x18\x12\x00\x00\x05\x12\x13\xe2\x0b\x00\x00\nidx\x00\x05\x13\x13w\x00\x00\x00\x05\x17#\x00\x00\x05\x14\x13\x83\x0e\x00\x00\x00\' \x06\x00\x00\x05\x9d\x0e\x01\x80<\x00\x00\x0cpdu\x00\x05\x9d\x0e\x14\x14\x00\x00\x05 \x13\x00\x00\x05\x9e\x0e\xd1\x0b\x00\x00\x05\x18\x12\x00\x00\x05\x9f\x0e\xe2\x0b\x00\x00\x1d\x13\x94;\x00\x00\x1d\x06\xa0;\x00\x00\x06\xac;\x00\x00\x00\x00\x00Z;<\x00\x006\x0b\x00\x00\xfc\x0b\x00\x00T\x1a\x00\x00\x01\xd0=\x00\x00\x01H<\x00\x00\x83\x1a\x00\x007T<\x00\x00\x007`<\x00\x00\x00&\x0e7\x00\x00H\x0b\x00\x00\xc8\x01\x00\x00\x05\xa1\x0e\xe0<\x00\x00\x07\x17#\x00\x00\x05\x9d\x0e\x83\x0e\x00\x00\xe7\x1a\x00\x00-R\x0b\x00\x00\x01\x045\x00\x00\x03\x01h\x01B\x00\x00F\x89;\x00\x00\xe0\x01\x00\x00\x01\x94;\x00\x00\xfb\x1a\x00\x00\x1e\xe0\x01\x00\x00\x04\xa0;\x00\x001\x1b\x00\x00\x06\xac;\x00\x00&\xb9;\x00\x00Z\x0b\x00\x00\x00\x02\x00\x00\x05\xa6\x0e\x8e=\x00\x00\x01\xd6;\x00\x00Z\x1b\x00\x00\x01\xca;\x00\x001\x1b\x00\x00\x1e\x00\x02\x00\x00\x06\xe2;\x00\x00\x04\xee;\x00\x00\x8e\x1b\x00\x00\x02\xaa2\x00\x00Z\x0b\x00\x00t\x0b\x00\x00\x05\x16\x13\\=\x00\x00\x01\xbb2\x00\x00\xb0\x1b\x00\x00\x00F\xfb;\x00\x00\x08\x02\x00\x00\x01\x16<\x00\x00\xd0\x1b\x00\x00\x01\n<\x00\x00\xf4\x1b\x00\x00\x1e\x08\x02\x00\x00\x04"<\x00\x00\x12\x1c\x00\x00\x06.<\x00\x00\x00\x00\x00\x00\x02|;\x00\x00t\x0b\x00\x00z\x0b\x00\x00\x05\xa4\x0e\xa5=\x00\x00$$\x00.Z\x0b\x00\x00\xcb3\x00\x00\xc3=\x00\x00\x03\x06h\x93\x01i\x93\x01\x02\x8c\x00\x03\x01f\x012\x00\x14\xf0\x0b\x00\x00\x01\x0e7\x00\x00\x00\x00\x008\xe3!\x00\x00\x01\x01\xf4=\x00\x00\x0cpdu\x00\x05\x8f\x0e\x14\x14\x00\x00\x05\xc8"\x00\x00\x05\x90\x0e\xd1\x0b\x00\x00\x003\xea\x03\x00\x00\x05\xf9\x12\x83\x0e\x00\x00\x01*>\x00\x00\x12\xc8"\x00\x00\x05\xf9\x12\xd1\x0b\x00\x00\nidx\x00\x05\xfa\x12w\x00\x00\x00\x05\x17#\x00\x00\x05\xfb\x12\x83\x0e\x00\x00\x00Q_\x06\x00\x00\x83\x0e\x00\x00\x01\x01^>\x00\x00\x12\xc8"\x00\x00\x05\xf9\x12\xd1\x0b\x00\x00\nidx\x00\x05\xfa\x12w\x00\x00\x00\x05\x17#\x00\x00\x05\xfb\x12\x83\x0e\x00\x00\x00\'\x81\x18\x00\x00\x05\x8f\x0e\x01\x92>\x00\x00\x0cpdu\x00\x05\x8f\x0e\x14\x14\x00\x00\x05\xc8"\x00\x00\x05\x90\x0e\xd1\x0b\x00\x00\x1d\x13\xdb=\x00\x00\x1d\x06\xe7=\x00\x00\x00\x00\x00>^>\x00\x00\xfc\x0b\x00\x00\x9a\x0c\x00\x00\x03\x92 \x02\x01\xaf?\x00\x00\x01k>\x00\x00;\x1c\x00\x007w>\x00\x00\x00\x02\x0e7\x00\x00\n\x0c\x00\x00\x10\x0c\x00\x00\x05\x92\x0e\xec>\x00\x00\x07\x17#\x00\x00\x05\x8f\x0e\x83\x0e\x00\x00\x7f\x1c\x00\x00-\x10\x0c\x00\x00\x01\x045\x00\x00\x03\x01h\x01B\x00\x00F\xd0=\x00\x00 \x02\x00\x00\x01\xdb=\x00\x00\x93\x1c\x00\x00\x1e \x02\x00\x00\x04\xe7=\x00\x00\xb9\x1c\x00\x00&\xf4=\x00\x00\x16\x0c\x00\x00@\x02\x00\x00\x05\x96\x0e\x83?\x00\x00\x01\x05>\x00\x00\xb9\x1c\x00\x00\x1e@\x02\x00\x00\x06\x11>\x00\x00\x04\x1d>\x00\x00\xe2\x1c\x00\x00\x02\xaa2\x00\x00\x16\x0c\x00\x000\x0c\x00\x00\x05\xfd\x12Z?\x00\x00\x01\xbb2\x00\x00\x04\x1d\x00\x00\x00F*>\x00\x00X\x02\x00\x00\x019>\x00\x00$\x1d\x00\x00\x1eX\x02\x00\x00\x04E>\x00\x00B\x1d\x00\x00\x06Q>\x00\x00\x00\x00\x00\x00.\x16\x0c\x00\x00\xcb3\x00\x00\xa2?\x00\x00\x03\x06h\x93\x01i\x93\x01\x03\xf3\x01h\x03\x01f\x012\x00\x14\x8e\x0c\x00\x00\x01\x0e7\x00\x00\x00\x00\x008\xe3\x07\x00\x00\x01\x01\xc7?\x00\x00\npdu\x00\x05\x84\x0e\x14\x14\x00\x00\x00\'\xb5\x06\x00\x00\x05\x84\x0e\x01\xe8?\x00\x00\x0cpdu\x00\x05\x84\x0e\x14\x14\x00\x00\x1d\x06\xba?\x00\x00\x00\x00>\xc7?\x00\x00\x9a\x0c\x00\x00\xb4\x0c\x00\x00\x03\x92 \x02\x01_@\x00\x00\x01\xd4?\x00\x00k\x1d\x00\x00\x02\x0e7\x00\x00\xa6\x0c\x00\x00\xac\x0c\x00\x00\x05\x87\x0e<@\x00\x00\x07\x17#\x00\x00\x05\x84\x0e\x83\x0e\x00\x00\x91\x1d\x00\x00-\xac\x0c\x00\x00\x01\x045\x00\x00\x03\x01h\x01B\x00\x00\t\xac\x0c\x00\x00\xb4\x0c\x00\x00\x06\xba?\x00\x00\x18\xb0\x0c\x00\x00\xe42\x00\x00\x14\xb4\x0c\x00\x00\x01\x0e7\x00\x00\x00\x00//(\x00\x00\x05{\x0f\xb4\x0c\x00\x00\xca\x0c\x00\x00\x03\x92 \x02\x01\xd5@\x00\x00%pdu\x00\x05{\x0f\x14\x14\x00\x00\xa5\x1d\x00\x00\x05\xf7\x11\x00\x00\x05|\x0f*\x00\x00\x00\x02\x0e7\x00\x00\xc0\x0c\x00\x00\xc6\x0c\x00\x00\x05\x7f\x0f\xca@\x00\x00\x07\x17#\x00\x00\x05{\x0f\x83\x0e\x00\x00\xcb\x1d\x00\x00-\xc6\x0c\x00\x00\x01\x045\x00\x00\x03\x01h\x02\x08)\x00\x00\x14\xca\x0c\x00\x00\x01\x8c7\x00\x00\x00/e\'\x00\x00\x05?\x0f\xce\x0c\x00\x00\xf0\x0c\x00\x00\x03\x92 \x02\x01zA\x00\x00%pdu\x00\x05?\x0f\x14\x14\x00\x00\xe0\x1d\x00\x00\x02\x0e7\x00\x00\xda\x0c\x00\x00\xe0\x0c\x00\x00\x05A\x0f4A\x00\x00\x07\x17#\x00\x00\x05?\x0f\x83\x0e\x00\x00\x06\x1e\x00\x00-\xe0\x0c\x00\x00\x01\x045\x00\x00\x03\x01h\x02\x08)\x00\x00\x02zA\x00\x00\xe0\x0c\x00\x00\xec\x0c\x00\x00\x05C\x0foA\x00\x00\x07\x8b(\x00\x00\x05?\x0f\xfd\x10\x00\x00\x1b\x1e\x00\x00\t\xe0\x0c\x00\x00\xec\x0c\x00\x00\x05\xf7"\x00\x00\x05\x99\x10\x83A\x00\x00\x00\x00\x14\xf0\x0c\x00\x00\x01\x8c7\x00\x00\x00(\x8c$\x00\x00\x05\x98\x10\x01\x1b\x02\xd9\x12\x00\x00/r\t\x00\x00\x05.\x0f\xf0\x0c\x00\x00:\r\x00\x00\x03\x92 \x02\x01<B\x00\x00%pdu\x00\x05.\x0f\x14\x14\x00\x00/\x1e\x00\x00\nlen\x00\x05/\x0fw\x00\x00\x00\rsrc\x00\x050\x0f\xf2\x0e\x00\x00\x83\x1e\x00\x00\x02\x0e7\x00\x00\xfe\x0c\x00\x00\x04\r\x00\x00\x054\x0f\x04B\x00\x00\x07\x17#\x00\x00\x05.\x0f\x83\x0e\x00\x00\xe3\x1e\x00\x00-\x04\r\x00\x00\x01\x045\x00\x00\x03\x01h\x02\x08)\x00\x00\x02|;\x00\x00\x04\r\x00\x00\x0c\r\x00\x00\x05/\x0f1B\x00\x00\x05\xfd\x03\x00\x00\x05.\x0fw\x00\x00\x00\npdu\x00\x05.\x0f\x14\x14\x00\x00\x00\x14:\r\x00\x00\x01\x8c7\x00\x00\x00/m\x1b\x00\x00\x05;\x0e:\r\x00\x00P\r\x00\x00\x03\x92 \x02\x01\xa5B\x00\x00%pdu\x00\x05;\x0e\x14\x14\x00\x00\xf8\x1e\x00\x00\x02\x0e7\x00\x00F\r\x00\x00L\r\x00\x00\x05=\x0e\x9aB\x00\x00\x07\x17#\x00\x00\x05;\x0e\x83\x0e\x00\x00\x1e\x1f\x00\x00-L\r\x00\x00\x01\x045\x00\x00\x03\x01h\x01B\x00\x00\x14P\r\x00\x00\x01\x8c7\x00\x00\x00(\xde\x16\x00\x00\x05\x8f\x14\x01/\xde\x1b\x00\x00\x05%\x0eT\r\x00\x00\xc0\r\x00\x00\x03\x92 \x02\x012D\x00\x00%pdu\x00\x05%\x0e\x14\x14\x00\x002\x1f\x00\x00\x05|#\x00\x00\x05&\x0e\x87\x00\x00\x00\x02|;\x00\x00T\r\x00\x00^\r\x00\x00\x05&\x0e\x18C\x00\x00\x07\xfd\x03\x00\x00\x05%\x0ew\x00\x00\x00\xd2\x1f\x00\x00\rpdu\x00\x05%\x0e\x14\x14\x00\x00\xe6\x1f\x00\x00\x00\x02\x0e7\x00\x00l\r\x00\x00n\r\x00\x00\x05)\x0e=C\x00\x00\x07\x17#\x00\x00\x05%\x0e\x83\x0e\x00\x00\xfe\x1f\x00\x00\x00&\xa5B\x00\x00v\r\x00\x00p\x02\x00\x00\x05-\x0e\x9dC\x00\x00M\xf11\x00\x00v\r\x00\x00p\x02\x00\x00\x05\x90\x14\x13\xfe1\x00\x00\x1ep\x02\x00\x00\x04\n2\x00\x00\x12 \x00\x00\x06\x162\x00\x00\x15\x902\x00\x00v\r\x00\x00~\r\x00\x00\x05\xbd\x14\x16\x9d2\x00\x00v\r\x00\x00~\r\x00\x00\x05\xd8\x13\x00\x00\x00\x00\x022D\x00\x00\x94\r\x00\x00\x98\r\x00\x00\x05.\x0e\xd8C\x00\x00\x07\x8b(\x00\x00\x05%\x0e\xaa\x11\x00\x00% \x00\x00\t\x94\r\x00\x00\x98\r\x00\x00\x05a\x13\x00\x00\x05\x87\x14\x83A\x00\x00\x00\x00&2D\x00\x00\x98\r\x00\x00\x88\x02\x00\x00\x051\x0e\x0fD\x00\x00\x07\x8b(\x00\x00\x05%\x0e\xaa\x11\x00\x009 \x00\x00\x1e\x88\x02\x00\x00\x05a\x13\x00\x00\x05\x87\x14\x83A\x00\x00\x00\x00\x14r\r\x00\x00\x01\x045\x00\x00\x14\xa4\r\x00\x00\x01\x8c7\x00\x00V\xac\r\x00\x00\x18\xba\r\x00\x00#2\x00\x00\x00(\xb8\x05\x00\x00\x05\x86\x14\x01H6$\x00\x00\x05\xc3\r\xc0\r\x00\x00f\x0e\x00\x00M \x00\x00\x01\xf2F\x00\x00%pdu\x00\x05\xc3\r\x14\x14\x00\x00\x89 \x00\x00\x07\x8c\x1d\x00\x00\x05\xc4\r^\x1e\x00\x00\xed \x00\x00\x05|#\x00\x00\x05\xc5\r\x87\x00\x00\x00\x07 \x13\x00\x00\x05\xc6\r\xdd\x0b\x00\x00\x01!\x00\x00\x07h&\x00\x00\x05\xc7\r5\x00\x00\x006!\x00\x00\x05}\x11\x00\x00\x05\xc8\r\x87\x00\x00\x00\x05t\x11\x00\x00\x05\xc9\r\x87\x00\x00\x00\x02\x0e7\x00\x00\xe6\r\x00\x00\xe8\r\x00\x00\x05\xd0\r\xddD\x00\x00\x07\x17#\x00\x00\x05\xc3\r\x83\x0e\x00\x00\x94!\x00\x00\x00&\x0e7\x00\x00\xee\r\x00\x00\xa0\x02\x00\x00\x05\xd1\r\x0cE\x00\x00\x07\x17#\x00\x00\x05\xc3\r\x83\x0e\x00\x00\xa8!\x00\x00\x14\xf2\r\x00\x00\x01\x045\x00\x00\x00\x02|;\x00\x00\x02\x0e\x00\x00\x0c\x0e\x00\x00\x05\xc5\r9E\x00\x00\x05\xfd\x03\x00\x00\x05\xc3\rw\x00\x00\x00\npdu\x00\x05\xc3\r\x14\x14\x00\x00\x00\x02\xf2F\x00\x00$\x0e\x00\x00(\x0e\x00\x00\x05\xf8\rnE\x00\x00\x07h&\x00\x00\x05\xc3\r*\x00\x00\x00\xbc!\x00\x00\x07 \x13\x00\x00\x05\xc3\r\xd1\x0b\x00\x00\xe7!\x00\x00\x00&\xfbF\x00\x00.\x0e\x00\x00\xb8\x02\x00\x00\x05\xfa\r\xafE\x00\x00\x07\'\x19\x00\x00\x05\xc3\rw\x00\x00\x00\xfa!\x00\x00\x05x\x04\x00\x00\x05\xc3\rw\x00\x00\x00\x07\x17#\x00\x00\x05\xc3\rw\x00\x00\x00\x1a"\x00\x00\x00&\xfbF\x00\x004\x0e\x00\x00\xd0\x02\x00\x00\x05\xfd\r\xf0E\x00\x00\x07\'\x19\x00\x00\x05\xc3\rw\x00\x00\x008"\x00\x00\x05x\x04\x00\x00\x05\xc3\rw\x00\x00\x00\x07\x17#\x00\x00\x05\xc3\rw\x00\x00\x00Z"\x00\x00\x00\x02\xfbF\x00\x008\x0e\x00\x00:\x0e\x00\x00\x05\xfc\r)F\x00\x00\x05\'\x19\x00\x00\x05\xc3\rw\x00\x00\x00\x05x\x04\x00\x00\x05\xc3\rw\x00\x00\x00\x05\x17#\x00\x00\x05\xc3\rw\x00\x00\x00\x00&\xfbF\x00\x00<\x0e\x00\x00\xf0\x02\x00\x00\x05\xfe\rjF\x00\x00\x07\'\x19\x00\x00\x05\xc3\rw\x00\x00\x00\x98"\x00\x00\x05x\x04\x00\x00\x05\xc3\rw\x00\x00\x00\x07\x17#\x00\x00\x05\xc3\rw\x00\x00\x00\xba"\x00\x00\x00&\xfbF\x00\x00B\x0e\x00\x00\x08\x03\x00\x00\x05\xff\r\xabF\x00\x00\x07\'\x19\x00\x00\x05\xc3\rw\x00\x00\x00\xd8"\x00\x00\x05x\x04\x00\x00\x05\xc3\rw\x00\x00\x00\x07\x17#\x00\x00\x05\xc3\rw\x00\x00\x00\xfa"\x00\x00\x00.\xce\r\x00\x00\xcb3\x00\x00\xc9F\x00\x00\x03\x06h\x93\x01i\x93\x01\x02\x8c\x00\x03\x01f\x012\x00.\xd8\r\x00\x00\xcb3\x00\x00\xe7F\x00\x00\x03\x06h\x93\x01i\x93\x01\x02\x8c\x00\x03\x01f\x014\x00\x14V\x0e\x00\x00\x01\x8c7\x00\x00\x00(c\x18\x00\x00\x05\x1c\x14\x01G`\x16\x00\x00\x05\x1a\x10w\x00\x00\x00\x018\xdf\x05\x00\x00\x01\x01PG\x00\x00\x12\xa4\'\x00\x00\x05\xa5\x10w\x00\x00\x00\x12\xe3\x11\x00\x00\x05\xa5\x10?\x08\x00\x00\x05\xb8"\x00\x00\x05\xa5\x10w\x00\x00\x00\x05\x16\x06\x00\x00\x05\xa5\x10w\x00\x00\x00\x05\x8c\x1d\x00\x00\x05\xa6\x10R\x1e\x00\x00\x003\xd0\x0e\x00\x00\x05u\x13R\x1e\x00\x00\x01\x9eG\x00\x00\x12 \x13\x00\x00\x05v\x13\xd1\x0b\x00\x00\x12\xd8\x03\x00\x00\x05v\x13\xe2\x0b\x00\x00\x12\xa6\x03\x00\x00\x05v\x13+\x0c\x00\x00\nodt\x00\x05x\x13L\x1e\x00\x00\nidx\x00\x05y\x13\xe2\x0b\x00\x00\x003\xd4\'\x00\x00\x05\xa8\x14L\x1e\x00\x00\x01\xdfG\x00\x00\x12 \x13\x00\x00\x05\xa8\x14\xd1\x0b\x00\x00\x12\xd8\x03\x00\x00\x05\xa8\x14\xe2\x0b\x00\x00\ndl\x00\x05\xa9\x14X\x1e\x00\x00\nidx\x00\x05\xaa\x14\xe2\x0b\x00\x00\x00H\xdb\x08\x00\x00\x05\x87\rf\x0e\x00\x00"\x0f\x00\x00\x18#\x00\x00\x01\xd5I\x00\x00%pdu\x00\x05\x87\r\x14\x14\x00\x00a#\x00\x00\x05\x16\x06\x00\x00\x05\x88\r\x87\x00\x00\x00\x05\xa4\'\x00\x00\x05\x89\r\x87\x00\x00\x00\x05\xb8"\x00\x00\x05\x8a\r\x87\x00\x00\x00\x07\xe3\x11\x00\x00\x05\x8b\rJ\x08\x00\x00\xb5#\x00\x00\x02\x0e7\x00\x00\x82\x0e\x00\x00\x84\x0e\x00\x00\x05\x8f\raH\x00\x00\x07\x17#\x00\x00\x05\x87\r\x83\x0e\x00\x00\xe9#\x00\x00\x00&\x0e7\x00\x00\x8c\x0e\x00\x00 \x03\x00\x00\x05\x90\r\x90H\x00\x00\x07\x17#\x00\x00\x05\x87\r\x83\x0e\x00\x00\xfd#\x00\x00\x14\x90\x0e\x00\x00\x01\x045\x00\x00\x00\x02|;\x00\x00\xa2\x0e\x00\x00\xa8\x0e\x00\x00\x05\x89\r\xbdH\x00\x00\x05\xfd\x03\x00\x00\x05\x87\rw\x00\x00\x00\npdu\x00\x05\x87\r\x14\x14\x00\x00\x00\x02\x08G\x00\x00\xa8\x0e\x00\x00\x16\x0f\x00\x00\x05\x99\r\xb1I\x00\x00\x01\x1fG\x00\x00\x11$\x00\x00\x13\x13G\x00\x00\t\xa8\x0e\x00\x00\x16\x0f\x00\x00\x06+G\x00\x00\x067G\x00\x00\x04CG\x00\x00/$\x00\x00\x15PG\x00\x00\xb0\x0e\x00\x00\xec\x0e\x00\x00\x05\xaa\x10\x01yG\x00\x00C$\x00\x00\x01mG\x00\x00V$\x00\x00\x01aG\x00\x00x$\x00\x00\t\xb0\x0e\x00\x00\xec\x0e\x00\x00\x04\x85G\x00\x00\x8f$\x00\x00\x04\x91G\x00\x00\xa3$\x00\x00\x15\x9eG\x00\x00\xb0\x0e\x00\x00\xde\x0e\x00\x00\x05~\x13\x01\xbbG\x00\x00\xfc$\x00\x00\x01\xafG\x00\x00\x0f%\x00\x00\t\xb0\x0e\x00\x00\xde\x0e\x00\x00\x04\xc7G\x00\x00\x8f$\x00\x00\x04\xd2G\x00\x00\x8f$\x00\x00\x15\x111\x00\x00\xb0\x0e\x00\x00\xdc\x0e\x00\x00\x05\xac\x14\x01"1\x00\x00\x0f%\x00\x00\t\xb0\x0e\x00\x00\xdc\x0e\x00\x00\x04.1\x00\x00&%\x00\x00\x00\x00\x00\x00\x00\x00\x00\x00.t\x0e\x00\x00\x084\x00\x00\xcaI\x00\x00\x03\x06h\x93\x01i\x93\x01\x02\x8c\x00\x00\x14"\x0f\x00\x00\x01\x8c7\x00\x00\x0082\x18\x00\x00\x01\x01\x11J\x00\x00\x0cpdu\x00\x05h\r\x14\x14\x00\x00\x05 \x0e\x00\x00\x05i\r\xd1\x0b\x00\x00\nodt\x00\x05j\r\xe2\x0b\x00\x00\x05[\x17\x00\x00\x05k\r+\x0c\x00\x00\x003\xd1\x0b\x00\x00\x05\xfe\x13\xd0\x03\x00\x00\x01kJ\x00\x00\x12 \x13\x00\x00\x05\xff\x13\xd1\x0b\x00\x00\x12\xd8\x03\x00\x00\x05\xff\x13\xe2\x0b\x00\x00\x12[\x17\x00\x00\x05\xff\x13+\x0c\x00\x00\x05 \x0e\x00\x00\x05\x01\x14X\x1e\x00\x00\nodt\x00\x05\x02\x14L\x1e\x00\x00\x05\x17#\x00\x00\x05\x03\x14\xd0\x03\x00\x00\x00Q\x1f \x00\x00\xd0\x03\x00\x00\x01\x01\xc3J\x00\x00\x12 \x13\x00\x00\x05\xff\x13\xd1\x0b\x00\x00\x12\xd8\x03\x00\x00\x05\xff\x13\xe2\x0b\x00\x00\x12[\x17\x00\x00\x05\xff\x13+\x0c\x00\x00\x05 \x0e\x00\x00\x05\x01\x14X\x1e\x00\x00\nodt\x00\x05\x02\x14L\x1e\x00\x00\x05\x17#\x00\x00\x05\x03\x14\xd0\x03\x00\x00\x00\'\xe3\x0e\x00\x00\x05h\r\x01\x19K\x00\x00\x0cpdu\x00\x05h\r\x14\x14\x00\x00\x05 \x0e\x00\x00\x05i\r\xd1\x0b\x00\x00\nodt\x00\x05j\r\xe2\x0b\x00\x00\x05[\x17\x00\x00\x05k\r+\x0c\x00\x00\x1d\x13\xe0I\x00\x00\x1d\x06\xecI\x00\x00\x06\xf8I\x00\x00\x06\x04J\x00\x00\x00\x00\x00Z\xc3J\x00\x00"\x0f\x00\x00\xce\x0f\x00\x00K%\x00\x00\x010M\x00\x00\x01\xd0J\x00\x00z%\x00\x007\xdcJ\x00\x00\x007\xe8J\x00\x00\x007\xf4J\x00\x00\x00\x02\x0e7\x00\x004\x0f\x00\x006\x0f\x00\x00\x05m\roK\x00\x00\x07\x17#\x00\x00\x05h\r\x83\x0e\x00\x00\xfc%\x00\x00\x00g\xd5I\x00\x008\x03\x00\x00\x0eM\x00\x00\x01\xe0I\x00\x00\x10&\x00\x00\x1e8\x03\x00\x00\x04\xecI\x00\x00F&\x00\x00\x06\xf8I\x00\x00\x06\x04J\x00\x00&\x11J\x00\x00^\x0f\x00\x00X\x03\x00\x00\x05v\r\x85L\x00\x00\x01:J\x00\x00d&\x00\x00\x01.J\x00\x00|&\x00\x00\x01"J\x00\x00\x94&\x00\x00\x1eX\x03\x00\x00\x04FJ\x00\x00\xb2&\x00\x007RJ\x00\x00\x00\x04^J\x00\x00\xc6&\x00\x00\x02\x111\x00\x00t\x0f\x00\x00\xa0\x0f\x00\x00\x05\x08\x14\x1aL\x00\x00\x01"1\x00\x00\xe6&\x00\x00\tt\x0f\x00\x00\xa0\x0f\x00\x00\x04.1\x00\x00\xf9&\x00\x00\x00\x00=kJ\x00\x00\xa4\x0f\x00\x00\xb6\x0f\x00\x00\x13\x92J\x00\x00\x13\x86J\x00\x00\x01zJ\x00\x00\x16\'\x00\x00\t\xa4\x0f\x00\x00\xb6\x0f\x00\x00\x06\x9eJ\x00\x00\x06\xaaJ\x00\x00\x06\xb6J\x00\x00\x15\x9eG\x00\x00\xa4\x0f\x00\x00\xa6\x0f\x00\x00\x05\x0c\x14\x13\xbbG\x00\x00\x13\xafG\x00\x00\t\xa4\x0f\x00\x00\xa6\x0f\x00\x00\x06\xc7G\x00\x00\x06\xd2G\x00\x00\x00\x00\x00\x00\x00\x00\x02|;\x00\x00l\x0f\x00\x00r\x0f\x00\x00\x05q\r\x9cL\x00\x00$$\x00\x02|;\x00\x00r\x0f\x00\x00t\x0f\x00\x00\x05r\r\xb3L\x00\x00$$\x00\x020M\x00\x00\xba\x0f\x00\x00\xc2\x0f\x00\x00\x05}\r\xdaL\x00\x00$$\x0e)\'\x00\x00\t\xba\x0f\x00\x00\xc2\x0f\x00\x00$\x00\x00\x14>\x0f\x00\x00\x01\x045\x00\x00.X\x0f\x00\x00\xcb3\x00\x00\x02M\x00\x00\x03\x06h\x93\x01i\x93\x01\x02\x8c\x00\x03\x01f\x012\x00\x14\xca\x0f\x00\x00\x01\x8c7\x00\x00\x00\x00\x15\x0e7\x00\x00L\x0f\x00\x00R\x0f\x00\x00\x05n\r\x07\x17#\x00\x00\x05h\r\x83\x0e\x00\x00<\'\x00\x00\x00\x00(E\x14\x00\x00\x05\xbd\x13\x01H\xc1\x1d\x00\x00\x05?\r\xce\x0f\x00\x00V\x10\x00\x00P\'\x00\x00\x01\x11N\x00\x00%pdu\x00\x05?\r\x14\x14\x00\x00\x99\'\x00\x00\x05f!\x00\x00\x05@\rw\x00\x00\x00\x07\xf3\x0f\x00\x00\x05A\r*\x00\x00\x00\xcf\'\x00\x00\x07\x94\r\x00\x00\x05B\r*\x00\x00\x00\xf7\'\x00\x00\rvp\x00\x05C\r\x11N\x00\x00\x0f(\x00\x00\x02|;\x00\x00\xf0\x0f\x00\x00\xf8\x0f\x00\x00\x05@\r\xcaM\x00\x00\x05\xfd\x03\x00\x00\x05?\rw\x00\x00\x00\npdu\x00\x05?\r\x14\x14\x00\x00\x00.\xde\x0f\x00\x00\xcb3\x00\x00\xe8M\x00\x00\x03\x06h\x93\x01i\x93\x01\x02\x80\x00\x03\x01f\x012\x00.\xe8\x0f\x00\x00\xcb3\x00\x00\x06N\x00\x00\x03\x06h\x93\x01i\x93\x01\x02\x80\x00\x03\x01f\x014\x00\x14V\x10\x00\x00\x01\x8c7\x00\x00\x00\x1b\x02?\x08\x00\x00Ha(\x00\x00\x05\x82\x0cV\x10\x00\x00~\x10\x00\x003(\x00\x00\x01\x9aN\x00\x00%pdu\x00\x05\x82\x0c\x14\x14\x00\x00b(\x00\x00\x02|;\x00\x00Z\x10\x00\x00d\x10\x00\x00\x05\x83\x0cuN\x00\x00\x07\xfd\x03\x00\x00\x05\x82\x0cw\x00\x00\x00\x88(\x00\x00\rpdu\x00\x05\x82\x0c\x14\x14\x00\x00\x9c(\x00\x00\x00.n\x10\x00\x00\x084\x00\x00\x8fN\x00\x00\x03\x06h\x93\x01i\x93\x01\x03\xf3\x01h\x00\x14~\x10\x00\x00\x01\x8c7\x00\x00\x00Hp\x13\x00\x00\x05\x07\x0e~\x10\x00\x00\x1c\x11\x00\x00\xb4(\x00\x00\x01XP\x00\x00%pdu\x00\x05\x07\x0e\x14\x14\x00\x00\x16)\x00\x00\x07\x8c\x1d\x00\x00\x05\x08\x0e^\x1e\x00\x00<)\x00\x00\x05|#\x00\x00\x05\t\x0e\x87\x00\x00\x00\x1f\xe0$\x00\x00\x05\n\x0e\xe2\x0b\x00\x00\x02\x8c\x01\x07 \x13\x00\x00\x05\x0b\x0e\xdd\x0b\x00\x00\\)\x00\x00\x02|;\x00\x00\x8c\x10\x00\x00\x96\x10\x00\x00\x05\t\x0e3O\x00\x00\x07\xfd\x03\x00\x00\x05\x07\x0ew\x00\x00\x00z)\x00\x00\rpdu\x00\x05\x07\x0e\x14\x14\x00\x00\x8e)\x00\x00\x00\x02\x0e7\x00\x00\xac\x10\x00\x00\xae\x10\x00\x00\x05\x0e\x0eXO\x00\x00\x07\x17#\x00\x00\x05\x07\x0e\x83\x0e\x00\x00\xa6)\x00\x00\x00\x02\xaa\x19\x00\x00\xec\x10\x00\x00\x18\x11\x00\x00\x05"\x0e\x00P\x00\x00\x01\xb7\x19\x00\x00\xba)\x00\x00\x01\xc3\x19\x00\x00\xce)\x00\x00\x01\x10\x1a\x00\x00\xe3)\x00\x00\x01\x05\x1a\x00\x00\xe3)\x00\x00\x01\xfa\x19\x00\x00\xe3)\x00\x00\x01\xef\x19\x00\x00\xe3)\x00\x00\x01\xe4\x19\x00\x00\xe3)\x00\x00\x01\xd9\x19\x00\x00\xe3)\x00\x00\x01\xce\x19\x00\x00\xf7)\x00\x00\t\xec\x10\x00\x00\x18\x11\x00\x00\x06\x1b\x1a\x00\x00\x16\x046\x00\x00\xec\x10\x00\x00\xf4\x10\x00\x00\x05\xa9\n\x02\x116\x00\x00\xf4\x10\x00\x00\x00\x11\x00\x00\x05\xaf\n\xf5O\x00\x00\x0e\x16*\x00\x00\x00\x18\x16\x11\x00\x00\x9e4\x00\x00\x00\x00.\x9e\x10\x00\x00\xcb3\x00\x00\x1fP\x00\x00\x03\x06h\x93\x01i\x93\x01\x03\xf3\x01h\x03\x01f\x012\x00\x18\xb2\x10\x00\x00\x045\x00\x00.\xcc\x10\x00\x00\x045\x00\x00<P\x00\x00\x03\x01h\x02\x08"\x00*\xea\x10\x00\x00@1\x00\x00\x03\x01h\x02\x81\x00\x03\x06f\x93\x01g\x93\x01\x02\x8c\x01\x00\x00/\xae\x16\x00\x00\x05X\x0f\x1c\x11\x00\x00j\x11\x00\x00\x03\x92 \x02\x01\xe4Q\x00\x00%pdu\x00\x05X\x0f\x14\x14\x00\x00**\x00\x00\x05|#\x00\x00\x05Y\x0fw\x00\x00\x00\x05\xeb\x1a\x00\x00\x05Z\x0fw\x00\x00\x00\x02|;\x00\x00\x1c\x11\x00\x00$\x11\x00\x00\x05Y\x0f\xceP\x00\x00\x07\xfd\x03\x00\x00\x05X\x0fw\x00\x00\x00~*\x00\x00\rpdu\x00\x05X\x0f\x14\x14\x00\x00\x92*\x00\x00\x00\x02|;\x00\x00$\x11\x00\x00&\x11\x00\x00\x05Z\x0f\x03Q\x00\x00\x07\xfd\x03\x00\x00\x05X\x0fw\x00\x00\x00\xaa*\x00\x00\rpdu\x00\x05X\x0f\x14\x14\x00\x00\xbe*\x00\x00\x00\x02\x0e7\x00\x00*\x11\x00\x00,\x11\x00\x00\x05a\x0f(Q\x00\x00\x07\x17#\x00\x00\x05X\x0f\x83\x0e\x00\x00\xd6*\x00\x00\x00&\x0e7\x00\x00,\x11\x00\x00p\x03\x00\x00\x05j\x0fWQ\x00\x00\x07\x17#\x00\x00\x05X\x0f\x83\x0e\x00\x00\xeb*\x00\x00\x140\x11\x00\x00\x01\x045\x00\x00\x00M\xaa\x19\x00\x00<\x11\x00\x00\x88\x03\x00\x00\x05n\x0f\x0b\xb7\x19\x00\x00\x08N\xc3\x19\x00\x00\x7f\x0b\x10\x1a\x00\x00\x00\x0b\x05\x1a\x00\x00\x00\x0b\xfa\x19\x00\x00\x00\x0b\xef\x19\x00\x00\x00\x0b\xe4\x19\x00\x00\x00\x01\xd9\x19\x00\x00\x00+\x00\x00\x01\xce\x19\x00\x00 +\x00\x00\x1e\x88\x03\x00\x00\x06\x1b\x1a\x00\x00\x16\x046\x00\x00<\x11\x00\x00D\x11\x00\x00\x05\xa9\n\x02\x116\x00\x00D\x11\x00\x00P\x11\x00\x00\x05\xaf\n\xd7Q\x00\x00\x0e?+\x00\x00\x00\x14j\x11\x00\x00\x01\x9e4\x00\x00\x00\x00\x00/\xb3\x1f\x00\x00\x05I\x0fj\x11\x00\x00\x8e\x11\x00\x00\x03\x92 \x02\x01\xe1R\x00\x00%pdu\x00\x05I\x0f\x14\x14\x00\x00S+\x00\x00\x15\xaa\x19\x00\x00j\x11\x00\x00\x8e\x11\x00\x00\x05M\x0f b7\x00\x05I\x0fw\x00\x00\x00\x00 b6\x00\x05I\x0fw\x00\x00\x00\x00 b5\x00\x05I\x0fw\x00\x00\x00\x00 b4\x00\x05I\x0fw\x00\x00\x00\x00 b3\x00\x05I\x0fw\x00\x00\x00\x00 b2\x00\x05I\x0fw\x00\x00\x00  b1\x00\x05I\x0fw\x00\x00\x00\x01cb0\x00\x05I\x0fw\x00\x00\x00\x7f len\x00\x05I\x0fw\x00\x00\x00\x03\tj\x11\x00\x00\x8e\x11\x00\x00\x05\x8c\r\x00\x00\x05\xa9\n\x94\x07\x00\x00\x16\x046\x00\x00j\x11\x00\x00v\x11\x00\x00\x05\xa9\n\x02\x116\x00\x00v\x11\x00\x00~\x11\x00\x00\x05\xaf\n\xd4R\x00\x00\rlen\x00\x05\xa8\n*\x00\x00\x00y+\x00\x00\x00\x14\x8e\x11\x00\x00\x01\x9e4\x00\x00\x00\x00\x008_"\x00\x00\x01\x01\xf9R\x00\x00\npdu\x00\x05\x13\x0f\x14\x14\x00\x00\x00\']\x11\x00\x00\x05\x13\x0f\x01\x1aS\x00\x00\x0cpdu\x00\x05\x13\x0f\x14\x14\x00\x00\x1d\x06\xecR\x00\x00\x00\x00>\xf9R\x00\x00\x8e\x11\x00\x00\xd6\x11\x00\x00\x03\x92 \x02\x01\x06T\x00\x00\x01\x06S\x00\x00\x8d+\x00\x00\x02\x0e7\x00\x00\x9a\x11\x00\x00\xa0\x11\x00\x00\x05\x16\x0fnS\x00\x00\x07\x17#\x00\x00\x05\x13\x0f\x83\x0e\x00\x00\xb3+\x00\x00-\xa0\x11\x00\x00\x01\x045\x00\x00\x03\x01h\x01A\x00\x00\t\xa0\x11\x00\x00\xd6\x11\x00\x00\x06\xecR\x00\x00\x02zA\x00\x00\xa0\x11\x00\x00\xac\x11\x00\x00\x05\x17\x0f\xa1S\x00\x00\x0e\xc7+\x00\x00\t\xa0\x11\x00\x00\xac\x11\x00\x00$\x00\x00\x15\xaa\x19\x00\x00\xac\x11\x00\x00\xd6\x11\x00\x00\x05\x19\x0fR\x00R\x00R\x00R\x00R@R\x00R\x00\xa7\x01\x7fR\x07\t\xac\x11\x00\x00\xd6\x11\x00\x00$\x16\x046\x00\x00\xac\x11\x00\x00\xb4\x11\x00\x00\x05\xa9\n\x02\x116\x00\x00\xb4\x11\x00\x00\xc0\x11\x00\x00\x05\xaf\n\xf8S\x00\x00\x0e\xdb+\x00\x00\x00\x14\xd6\x11\x00\x00\x01\x9e4\x00\x00\x00\x00\x00\x00/\x97\x0b\x00\x00\x05\xe7\x0e\xd6\x11\x00\x00f\x12\x00\x00\x03\x92 \x02\x01\xe9U\x00\x00%pdu\x00\x05\xe7\x0e\x14\x14\x00\x00\xef+\x00\x00\x07\x97\'\x00\x00\x05\xe8\x0e*\x00\x00\x00\x15,\x00\x00\x07\xd2!\x00\x00\x05\xe9\x0ew\x00\x00\x00=,\x00\x00\x07U\x17\x00\x00\x05\xea\x0e\xe9U\x00\x00h,\x00\x00\x02\x0e7\x00\x00\xe2\x11\x00\x00\xe8\x11\x00\x00\x05\xf0\x0e\x95T\x00\x00\x07\x17#\x00\x00\x05\xe7\x0e\x83\x0e\x00\x00|,\x00\x00-\xe8\x11\x00\x00\x01\x045\x00\x00\x03\x01h\x02\x08"\x00\x00\x02\x90\x19\x00\x00\n\x12\x00\x00\x0e\x12\x00\x00\x05\xf8\x0e\xb3T\x00\x00\x01\x9d\x19\x00\x00\x91,\x00\x00\x00\x02\xefU\x00\x00\x0e\x12\x00\x00&\x12\x00\x00\x05\xf8\x0e\xeaT\x00\x00\nptr\x00\x05\xe7\x0eL\x1b\x00\x00\t\x0e\x12\x00\x00&\x12\x00\x00\nmta\x00\x05U\n\xf2\x0e\x00\x00\x00\x00\x02\xaa\x19\x00\x00<\x12\x00\x00f\x12\x00\x00\x05\xfb\x0e\xcdU\x00\x00 b7\x00\x05\xe7\x0ew\x00\x00\x00\x00 b6\x00\x05\xe7\x0ew\x00\x00\x00\x00\rb5\x00\x05\xe7\x0ew\x00\x00\x00\xca,\x00\x00\rb4\x00\x05\xe7\x0ew\x00\x00\x00\xdd,\x00\x00\rb3\x00\x05\xe7\x0ew\x00\x00\x00\xf0,\x00\x00 b2\x00\x05\xe7\x0ew\x00\x00\x00\x01\rb1\x00\x05\xe7\x0ew\x00\x00\x00\x0f-\x00\x00cb0\x00\x05\xe7\x0ew\x00\x00\x00\x7f len\x00\x05\xe7\x0ew\x00\x00\x00\x07\t<\x12\x00\x00f\x12\x00\x00\x05\x8c\r\x00\x00\x05\xa9\n\x94\x07\x00\x00\x16\x046\x00\x00<\x12\x00\x00D\x12\x00\x00\x05\xa9\n\x02\x116\x00\x00D\x12\x00\x00P\x12\x00\x00\x05\xaf\n\xc1U\x00\x00\rlen\x00\x05\xa8\n*\x00\x00\x00.-\x00\x00\x00\x14f\x12\x00\x00\x01\x9e4\x00\x00\x00\x00*\xdc\x11\x00\x00\xcb3\x00\x00\x03\x06h\x93\x01i\x93\x01\x03\xf3\x01h\x03\x01f\x012\x00\x00\x1b\x02\xed\x18\x00\x00G^\x0b\x00\x00\x05T\n\xf2\x0e\x00\x00\x018\x00\x05\x00\x00\x01\x01\x14V\x00\x00\npdu\x00\x05\xd3\x0e\x14\x14\x00\x00\x00\'\x83!\x00\x00\x05\xd3\x0e\x015V\x00\x00\x0cpdu\x00\x05\xd3\x0e\x14\x14\x00\x00\x1d\x06\x07V\x00\x00\x00\x00>\x14V\x00\x00f\x12\x00\x00\xa8\x12\x00\x00\x03\x92 \x02\x01#W\x00\x00\x01!V\x00\x00B-\x00\x00\x02\x0e7\x00\x00r\x12\x00\x00x\x12\x00\x00\x05\xd5\x0e\x89V\x00\x00\x07\x17#\x00\x00\x05\xd3\x0e\x83\x0e\x00\x00h-\x00\x00-x\x12\x00\x00\x01\x045\x00\x00\x03\x01h\x01B\x00\x00\tx\x12\x00\x00\xa8\x12\x00\x00\x06\x07V\x00\x00\x15\xaa\x19\x00\x00x\x12\x00\x00\xa8\x12\x00\x00\x05\xd8\x0e\x0b\xb7\x19\x00\x00\x08N\xc3\x19\x00\x00\x7f\x0b\x10\x1a\x00\x00\x00\x0b\x05\x1a\x00\x00\x01\x0b\xfa\x19\x00\x004\x0b\xef\x19\x00\x00>\x0b\xe4\x19\x00\x00\x01\x0b\xd9\x19\x00\x00>\x0b\xce\x19\x00\x00\x01\tx\x12\x00\x00\xa8\x12\x00\x00\x06\x1b\x1a\x00\x00\x16\x046\x00\x00x\x12\x00\x00\x80\x12\x00\x00\x05\xa9\n\x02\x116\x00\x00\x80\x12\x00\x00\x8c\x12\x00\x00\x05\xaf\n\x15W\x00\x00\x0e|-\x00\x00\x00\x14\xa8\x12\x00\x00\x01\x9e4\x00\x00\x00\x00\x00\x008.\x13\x00\x00\x01\x01GW\x00\x00\x05\xcd#\x00\x00\x05\xc0\x0e?\x08\x00\x00\npdu\x00\x05\xbf\x0e\x14\x14\x00\x00\x00\';\x1f\x00\x00\x05\xbf\x0e\x01yW\x00\x00\x0cpdu\x00\x05\xbf\x0e\x14\x14\x00\x00\x05\xcd#\x00\x00\x05\xc0\x0e?\x08\x00\x00\x1d\x06.W\x00\x00\x06:W\x00\x00\x00\x00ZGW\x00\x00\xa8\x12\x00\x00\xfa\x12\x00\x00\x90-\x00\x00\x01\x94X\x00\x00\x01TW\x00\x00\xbf-\x00\x007`W\x00\x00\x00&\x0e7\x00\x00\xb8\x12\x00\x00\xa0\x03\x00\x00\x05\xc2\x0e\xd3W\x00\x00\x07\x17#\x00\x00\x05\xbf\x0e\x83\x0e\x00\x00\xe5-\x00\x00-\xc2\x12\x00\x00\x01\x045\x00\x00\x03\x01h\x01B\x00\x00\x1e\xb8\x03\x00\x00\x06.W\x00\x00\x06:W\x00\x00\x02\x94X\x00\x00\xc2\x12\x00\x00\xc6\x12\x00\x00\x05\xc7\x0e\x00X\x00\x00\x18\xc6\x12\x00\x00(%\x00\x00\x00M\xaa\x19\x00\x00\xcc\x12\x00\x00\xd0\x03\x00\x00\x05\xc9\x0e\x0b\xb7\x19\x00\x00\x08N\xc3\x19\x00\x00\x7f\x01\x10\x1a\x00\x00\xf9-\x00\x00\x01\x05\x1a\x00\x00\x0c.\x00\x00\x01\xfa\x19\x00\x00*.\x00\x00\x01\xef\x19\x00\x00=.\x00\x00\x0b\xe4\x19\x00\x00\x00\x0b\xd9\x19\x00\x00\x00\x0b\xce\x19\x00\x00\x00\x1e\xd0\x03\x00\x00\x06\x1b\x1a\x00\x00\x16\x046\x00\x00\xcc\x12\x00\x00\xd4\x12\x00\x00\x05\xa9\n\x02\x116\x00\x00\xd4\x12\x00\x00\xe0\x12\x00\x00\x05\xaf\n\x86X\x00\x00\x0eP.\x00\x00\x00\x14\xfa\x12\x00\x00\x01\x9e4\x00\x00\x00\x00\x00\x00G\x1e#\x00\x00\x05\xda\x16?\x08\x00\x00\x018\xef)\x00\x00\x01\x01\xd1X\x00\x00\x05."\x00\x00\x05F\x0ew\x00\x00\x00\x05\xe4\x0c\x00\x00\x05G\x0e\xd1\x0b\x00\x00\npdu\x00\x05E\x0e\x14\x14\x00\x00\x00\'\xaa#\x00\x00\x05E\x0e\x01\x14Y\x00\x00\x0cpdu\x00\x05E\x0e\x14\x14\x00\x00\x05."\x00\x00\x05F\x0ew\x00\x00\x00\x05\xe4\x0c\x00\x00\x05G\x0e\xd1\x0b\x00\x00\x1d\x06\xacX\x00\x00\x06\xb8X\x00\x00\x06\xc4X\x00\x00\x00\x00>\xd1X\x00\x00\xfa\x12\x00\x00>\x13\x00\x00\x03\x92 \x02\x01AZ\x00\x00\x01\xdeX\x00\x00d.\x00\x007\xeaX\x00\x00\x007\xf6X\x00\x00\x00\x02\x0e7\x00\x00\x06\x13\x00\x00\x0c\x13\x00\x00\x05J\x0etY\x00\x00\x07\x17#\x00\x00\x05E\x0e\x83\x0e\x00\x00\x8a.\x00\x00-\x0c\x13\x00\x00\x01\x045\x00\x00\x03\x01h\x01B\x00\x00\t\x0c\x13\x00\x00>\x13\x00\x007\xacX\x00\x00\x13\x06\xb8X\x00\x00\x06\xc4X\x00\x00\x02\x902\x00\x00\x0c\x13\x00\x00\x10\x13\x00\x00\x05N\x0e\xb2Y\x00\x00\x16\x9d2\x00\x00\x0c\x13\x00\x00\x10\x13\x00\x00\x05\xd8\x13\x00\x15\xaa\x19\x00\x00\x10\x13\x00\x00>\x13\x00\x00\x05P\x0e\x0b\xb7\x19\x00\x00\x08N\xc3\x19\x00\x00\x7f\x0b\x10\x1a\x00\x00\x00\x0b\x05\x1a\x00\x00\x00\x0b\xfa\x19\x00\x00\x00\x0b\xef\x19\x00\x00\x03\x0b\xe4\x19\x00\x00\x00\x01\xd9\x19\x00\x00\x9e.\x00\x00\x0b\xce\x19\x00\x00\x13\t\x10\x13\x00\x00>\x13\x00\x00\x06\x1b\x1a\x00\x00\x16\x046\x00\x00\x10\x13\x00\x00\x18\x13\x00\x00\x05\xa9\n\x02\x116\x00\x00\x18\x13\x00\x00$\x13\x00\x00\x05\xaf\n3Z\x00\x00\x0e\xc0.\x00\x00\x00\x14>\x13\x00\x00\x01\x9e4\x00\x00\x00\x00\x00\x00/\x04\x18\x00\x00\x05\x8f\x0c>\x13\x00\x00j\x13\x00\x00\x03\x92 \x02\x01\xf7Z\x00\x00Up\x1d\x00\x00\x05\x8f\x0c\xe1\x0c\x00\x00\xd4.\x00\x00M\xaa\x19\x00\x00>\x13\x00\x00\xf0\x03\x00\x00\x05\x90\x0c\x0b\xb7\x19\x00\x00\x08N\xc3\x19\x00\x00\x7f\x0b\x10\x1a\x00\x00\x00\x0b\x05\x1a\x00\x00\x00\x01\xfa\x19\x00\x00\xfa.\x00\x00\x01\xef\x19\x00\x00\r/\x00\x00\x0b\xe4\x19\x00\x00\x00\x0b\xd9\x19\x00\x00\x00\x0b\xce\x19\x00\x00\x08\x1e\xf0\x03\x00\x00\x06\x1b\x1a\x00\x00\x16\x046\x00\x00>\x13\x00\x00J\x13\x00\x00\x05\xa9\n\x02\x116\x00\x00J\x13\x00\x00R\x13\x00\x00\x05\xaf\n\xeaZ\x00\x00\x0e,/\x00\x00\x00\x14j\x13\x00\x00\x01\x9e4\x00\x00\x00\x00\x003\xf8\x16\x00\x00\x05\xca\x11\xe1\x0c\x00\x00\x01][\x00\x00\x0cptr\x00\x05\xca\x11\xf6\n\x00\x00\x12u#\x00\x00\x05\xca\x11?\x08\x00\x00\x12g\x19\x00\x00\x05\xca\x11\xe1\x0c\x00\x00\x12?#\x00\x00\x05\xca\x11\xd0\x03\x00\x00\x05\x17#\x00\x00\x05\xcb\x11\xe1\x0c\x00\x00\nidx\x00\x05\xcc\x11?\x08\x00\x00\x05\xf0\t\x00\x00\x05\xcf\x11w\x00\x00\x00\x00\'O\x1e\x00\x00\x05\x0e\x12\x01\x83[\x00\x00\x0cptr\x00\x05\x0e\x12\xf6\n\x00\x00\x12\x19\x1e\x00\x00\x05\x0e\x12?\x08\x00\x00\x008"!\x00\x00\x01\x01\xa7[\x00\x00\x0cptr\x00\x05\x0e\x12\xf6\n\x00\x00\x12\x19\x1e\x00\x00\x05\x0e\x12?\x08\x00\x00\x00H\x83%\x00\x00\x05\x9f\x0cj\x13\x00\x006\x14\x00\x00@/\x00\x00\x01\n]\x00\x00%pdu\x00\x05\x9f\x0c\x14\x14\x00\x00o/\x00\x00\x07(\x1d\x00\x00\x05\xa0\x0c?\x08\x00\x00\x95/\x00\x00\x07p\x1d\x00\x00\x05\xa1\x0c\xe1\x0c\x00\x00\xdf/\x00\x00\rptr\x00\x05\xa2\x0c\xf6\n\x00\x00\xff/\x00\x00&\x0e7\x00\x00\x80\x13\x00\x00\x08\x04\x00\x00\x05\xa6\x0c5\\\x00\x00\x07\x17#\x00\x00\x05\x9f\x0c\x83\x0e\x00\x00Q0\x00\x00-\x8a\x13\x00\x00\x01\x045\x00\x00\x03\x01h\x01B\x00\x00\x02\xf7Z\x00\x00\xac\x13\x00\x00\xda\x13\x00\x00\x05\xb8\x0c\x7f\\\x00\x00\x13,[\x00\x00\x13 [\x00\x00\x13\x14[\x00\x00\x13\x08[\x00\x00\t\xac\x13\x00\x00\xda\x13\x00\x00\x048[\x00\x00e0\x00\x00\x06D[\x00\x00\x04P[\x00\x00\x8d0\x00\x00\x00\x00\x02][\x00\x00\xe2\x13\x00\x000\x14\x00\x00\x05\xbb\x0c\xe5\\\x00\x00_v[\x00\x00\x0cf\x93\x01g\x93\x01h\x93\x01i\x93\x01\x01j[\x00\x00\xaa0\x00\x00=\x83[\x00\x00\xf6\x13\x00\x000\x14\x00\x00\x01\x9a[\x00\x00\xd10\x00\x00\x01\x8e[\x00\x00\xef0\x00\x00\x15\n]\x00\x00\xf6\x13\x00\x00\xfc\x13\x00\x00\x05\x14\x12\x0e\x161\x00\x00\x00\x00\x00.r\x13\x00\x00\x084\x00\x00\xff\\\x00\x00\x03\x06h\x93\x01i\x93\x01\x03\xf3\x01h\x00\x14\xe2\x13\x00\x00\x01AZ\x00\x00\x00(\x80\r\x00\x00\x05/\x10\x01/x\x15\x00\x00\x05\xcc\x0b6\x14\x00\x00\xb8\x14\x00\x00\x03\x92 \x02\x01\xa8^\x00\x00%pdu\x00\x05\xcc\x0b\x14\x14\x00\x00*1\x00\x00\x05\xac\x04\x00\x00\x05\xcd\x0bw\x00\x00\x00\x1fo%\x00\x00\x05\xce\x0b\xf6\n\x00\x00\x05\x03"\x05\x80\x00\x07\xb8\x0f\x00\x00\x05\xcf\x0b?\x08\x00\x00p1\x00\x00\x81\x01\\%\x00\x00\x05\xd0\x0b\xd0\x03\x00\x00\x01\x02|;\x00\x006\x14\x00\x00@\x14\x00\x00\x05\xcd\x0b\xad]\x00\x00\x07\xfd\x03\x00\x00\x05\xcc\x0bw\x00\x00\x00\xb51\x00\x00\rpdu\x00\x05\xcc\x0b\x14\x14\x00\x00\xc91\x00\x00\x00\x02\xefU\x00\x00R\x14\x00\x00b\x14\x00\x00\x05\xe9\x0b\xe8]\x00\x00\rptr\x00\x05\xcc\x0bL\x1b\x00\x00\xe11\x00\x00\tR\x14\x00\x00b\x14\x00\x00\nmta\x00\x05U\n\xf2\x0e\x00\x00\x00\x00\x02\x90\x19\x00\x00b\x14\x00\x00v\x14\x00\x00\x05\xe9\x0b\x06^\x00\x00\x01\x9d\x19\x00\x00\xf81\x00\x00\x00M\xaa\x19\x00\x00v\x14\x00\x00 \x04\x00\x00\x05\xeb\x0b\x01\xb7\x19\x00\x00\x1a2\x00\x00\x01\xc3\x19\x00\x00.2\x00\x00\x01\x10\x1a\x00\x00C2\x00\x00\x01\x05\x1a\x00\x00C2\x00\x00\x01\xfa\x19\x00\x00C2\x00\x00\x01\xef\x19\x00\x00W2\x00\x00\x01\xe4\x19\x00\x00C2\x00\x00\x01\xd9\x19\x00\x00C2\x00\x00\x01\xce\x19\x00\x00C2\x00\x00\x1e \x04\x00\x00\x06\x1b\x1a\x00\x00\x16\x046\x00\x00v\x14\x00\x00~\x14\x00\x00\x05\xa9\n\x02\x116\x00\x00~\x14\x00\x00\x8a\x14\x00\x00\x05\xaf\n\x9b^\x00\x00\x0ev2\x00\x00\x00\x14\xa0\x14\x00\x00\x01\x9e4\x00\x00\x00\x00\x00/\xb5\x03\x00\x00\x05\xb4\x0b\xb8\x14\x00\x00\xe4\x14\x00\x00\x03\x92 \x02\x01j_\x00\x00%pdu\x00\x05\xb4\x0b\x14\x14\x00\x00\x8a2\x00\x00\x81\x01F\x07\x00\x00\x05\xb5\x0bw\x00\x00\x00\x00\x15\xaa\x19\x00\x00\xb8\x14\x00\x00\xe4\x14\x00\x00\x05\xc1\x0b\x0b\xb7\x19\x00\x00\x08N\xc3\x19\x00\x00\x7f\x0b\x10\x1a\x00\x00\n\x0b\x05\x1a\x00\x00\x00\x0b\xfa\x19\x00\x00\x00N\xef\x19\x00\x00\x7f\x0b\xe4\x19\x00\x00\x00\x0b\xd9\x19\x00\x00\x00\x0b\xce\x19\x00\x00\x00\t\xb8\x14\x00\x00\xe4\x14\x00\x00\x06\x1b\x1a\x00\x00\x16\x046\x00\x00\xb8\x14\x00\x00\xc4\x14\x00\x00\x05\xa9\n\x02\x116\x00\x00\xc4\x14\x00\x00\xcc\x14\x00\x00\x05\xaf\n]_\x00\x00\x0e\xb02\x00\x00\x00\x14\xe4\x14\x00\x00\x01\x9e4\x00\x00\x00\x00\x00/N\r\x00\x00\x05\x9c\x0b\xe4\x14\x00\x00\n\x15\x00\x00\x03\x92 \x02\x01g`\x00\x00%pdu\x00\x05\x9c\x0b\x14\x14\x00\x00\xc42\x00\x00\x15\xaa\x19\x00\x00\xe4\x14\x00\x00\n\x15\x00\x00\x05\x9f\x0b b7\x00\x05\x9c\x0bw\x00\x00\x00\x00 b6\x00\x05\x9c\x0bw\x00\x00\x00\x00 b5\x00\x05\x9c\x0bw\x00\x00\x00\x00 b4\x00\x05\x9c\x0bw\x00\x00\x00\x00 b3\x00\x05\x9c\x0bw\x00\x00\x00\x00 b2\x00\x05\x9c\x0bw\x00\x00\x00\x00 b1\x00\x05\x9c\x0bw\x00\x00\x00\x00cb0\x00\x05\x9c\x0bw\x00\x00\x00\x7f len\x00\x05\x9c\x0bw\x00\x00\x00\x06\t\xe4\x14\x00\x00\n\x15\x00\x00\x05\x8c\r\x00\x00\x05\xa9\n\x94\x07\x00\x00\x16\x046\x00\x00\xe4\x14\x00\x00\xf0\x14\x00\x00\x05\xa9\n\x02\x116\x00\x00\xf0\x14\x00\x00\xf8\x14\x00\x00\x05\xaf\nZ`\x00\x00\rlen\x00\x05\xa8\n*\x00\x00\x00\xea2\x00\x00\x00\x14\n\x15\x00\x00\x01\x9e4\x00\x00\x00\x00\x00/\x00#\x00\x00\x05h\x0b\n\x15\x00\x00J\x15\x00\x00\x03\x92 \x02\x01;a\x00\x00%pdu\x00\x05h\x0b\x14\x14\x00\x00\xfe2\x00\x00\x07\xb3\x0e\x00\x00\x05i\x0bw\x00\x00\x00$3\x00\x00\x07J\x19\x00\x00\x05j\x0bw\x00\x00\x00D3\x00\x00\x15\xaa\x19\x00\x00\x18\x15\x00\x00J\x15\x00\x00\x05\x8b\x0b\x0b\xb7\x19\x00\x00\x08N\xc3\x19\x00\x00\x7f\x0b\x10\x1a\x00\x00\x01\x0b\x05\x1a\x00\x00\x01\x0b\xfa\x19\x00\x00\x00\x0b\xef\x19\x00\x00@\x0b\xe4\x19\x00\x00@N\xd9\x19\x00\x00@\x0b\xce\x19\x00\x00\x15\t\x18\x15\x00\x00J\x15\x00\x00\x06\x1b\x1a\x00\x00\x16\x046\x00\x00\x18\x15\x00\x00 \x15\x00\x00\x05\xa9\n\x02\x116\x00\x00 \x15\x00\x00,\x15\x00\x00\x05\xaf\n.a\x00\x00\x0ee3\x00\x00\x00\x14J\x15\x00\x00\x01\x9e4\x00\x00\x00\x00\x00\x1b\x02O\x08\x00\x00\x17;a\x00\x00a\xa6\x08\x00\x00J\x15\x00\x00\x9c\x15\x00\x00y3\x00\x00`a\x00\x00\x01\xb1a\x00\x00:b\x08\x00\x00Aa\x00\x00\x01\xa83\x00\x00`M$\x00\x00\x05(\xf6/\x00\x00\xee3\x00\x00<\xb1a\x00\x00R\x15\x00\x00V\x15\x00\x00\x05)\xa0a\x00\x00\xa8\x01b\x08\x00\x00Aa\x00\x00\x01$4\x00\x00\x00?h\x15\x00\x00\x03\x06h\x93\x01i\x93\x01\x011\x00\x00Y\xc2\x08\x00\x00\x03,\xe3\x08\x00\x00\x03\xc5a\x00\x00\xdba\x00\x00+b\x08\x00\x00Aa\x00\x00\x01"\x19\x1e\x00\x00\x05\x0e+\x01\x00\x00\x00I\x1e\x1e\x00\x00\t7d\x1a\x00\x00\x01\xf7a\x00\x00"\x19\x1e\x00\x00\t7\x03b\x00\x00\x00\xa9\x01std\x00\x16\x00\x0fb\x00\x004C\'\x00\x00\x14\'+\x01\x00\x00\x00I%\x18\x00\x00\t/d\x1a\x00\x00\x016b\x00\x00"\x19\x1e\x00\x00\t/\x03b\x00\x006res\x00\t0d\x1a\x00\x00\x00I\xfb\x1e\x00\x00\t\'d\x1a\x00\x00\x01Rb\x00\x00"\x19\x1e\x00\x00\t\'\x03b\x00\x00\x00q\x08 \x00\x00\x9c\x15\x00\x00\xa8\x16\x00\x00<4\x00\x00lb\x00\x00\x01\x80d\x00\x00\x01\x16 \x00\x00\xd24\x00\x00\x016 \x00\x00\x155\x00\x00\x01A \x00\x00K5\x00\x00\x0b+ \x00\x00@_  \x00\x00\x06\x039\x08\x80\x00\x9f<M!\x00\x00\xb8\x15\x00\x00\xe4\x15\x00\x00\x08pUc\x00\x00\x01e!\x00\x00w5\x00\x00\x01p!\x00\x00\x8b5\x00\x00\x01[!\x00\x00\xa05\x00\x00))!\x00\x00\xca\x15\x00\x00\xe4\x15\x00\x00\x08,\x01A!\x00\x00\xc85\x00\x00\x017!\x00\x00\xdd5\x00\x00)\xdba\x00\x00\xca\x15\x00\x00\xd2\x15\x00\x00\x05S\x01\xeba\x00\x00\xf25\x00\x00)\x0fb\x00\x00\xca\x15\x00\x00\xd2\x15\x00\x00\t8\x01\x1fb\x00\x00\xf25\x00\x00\t\xca\x15\x00\x00\xd2\x15\x00\x00\x06*b\x00\x00)6b\x00\x00\xca\x15\x00\x00\xd2\x15\x00\x00\t0\x01Fb\x00\x00\xf25\x00\x00?\xd2\x15\x00\x00\x03\x06h\x93\x01i\x93\x01\x02\x08@\x00\x00\x00\x00\x00\x00\x00E\xb7a\x00\x00\xfa\x15\x00\x008\x04\x00\x00\x08p\xd6c\x00\x00\x01\xcfa\x00\x00\x076\x00\x00\x01\xc5a\x00\x00\x1f6\x00\x00h\xdba\x00\x00\x00\x16\x00\x00P\x04\x00\x00\x05\x0f\x01\xeba\x00\x0046\x00\x00h\x0fb\x00\x00\x00\x16\x00\x00P\x04\x00\x00\t8\x01\x1fb\x00\x0046\x00\x00\x1eP\x04\x00\x00\x06*b\x00\x00h6b\x00\x00\x00\x16\x00\x00P\x04\x00\x00\t0\x01Fb\x00\x00[6\x00\x00V\x0c\x16\x00\x00\x00\x00\x00\x00\x00<\x80d\x00\x00.\x16\x00\x00h\x16\x00\x00\x08q\x1ed\x00\x00\x0es6\x00\x00$)\xb5 \x00\x00.\x16\x00\x00h\x16\x00\x00\x08;\x13\xc3 \x00\x00\x01\xcd \x00\x00\x9b6\x00\x00?D\x16\x00\x00\x03\x06h\x93\x01i\x93\x01\x011\x00\x00\x00)\xce\x1f\x00\x00z\x16\x00\x00\x92\x16\x00\x00\x08s_\xf1\x1f\x00\x00\x02\x8c\x01\x01\xe6\x1f\x00\x00\xb36\x00\x00\x01\xdc\x1f\x00\x00\xcb6\x00\x00=\xfc\x1f\x00\x00z\x16\x00\x00\x92\x16\x00\x00\x04\xfd\x1f\x00\x00\xf06\x00\x00*\x86\x16\x00\x00Fa\x00\x00\x03\x06h\x93\x01i\x93\x01\x02\x80\x00\x03\x06f\x93\x01g\x93\x01\x02\x8c\x01\x00\x00\x00\x00Y\xab\x02\x00\x00\x03,\xff\x08\x00\x00\x03\x94d\x00\x00\xa8d\x00\x00+b\x08\x00\x00Aa\x00\x00\x016x\x00\x05 ?\x00\x00\x00\x00a\xd8\t\x00\x00\xa8\x16\x00\x00\x8c\x17\x00\x00\x147\x00\x00\xc2d\x00\x00\x01Ue\x00\x00:b\x08\x00\x00\xc9\x1f\x00\x00\x01\x907\x00\x00`x\x04\x00\x00\x08w*\x00\x00\x00\xd87\x00\x00\t\xce\x16\x00\x00>\x17\x00\x00\x19\xbb)\x00\x00\x08y?\x00\x00\x00<\x86d\x00\x00\xda\x16\x00\x00*\x17\x00\x00\x08y3e\x00\x00\x01\x94d\x00\x00\x0c8\x00\x00\t\xda\x16\x00\x00*\x17\x00\x00\x04\x9ed\x00\x00A8\x00\x00?\xe8\x16\x00\x00\x03\x06h\x93\x01i\x93\x01\x011\x00\x00\x00*6\x17\x00\x00Fa\x00\x00\x03\x06h\x93\x01i\x93\x01\x02\x80\x13\x03\x06f\x93\x01g\x93\x01\x02\x8c\x01\x00\x00\x008\x82\x0c\x00\x00\x01\x01\x9be\x00\x00\x0cdst\x00\x05T\x15d\x1a\x00\x00\x0csrc\x00\x05T\x15F\x1b\x00\x00\x0clen\x00\x05T\x15?\x08\x00\x00\npd\x00\x05U\x15\x94\x07\x00\x00\nps\x00\x05V\x15\xf6\n\x00\x00\x00\'\xb3\x08\x00\x00\x05T\x15\x01\x00f\x00\x00\x0cdst\x00\x05T\x15d\x1a\x00\x00\x0csrc\x00\x05T\x15F\x1b\x00\x00\x0clen\x00\x05T\x15?\x08\x00\x00\npd\x00\x05U\x15\x94\x07\x00\x00\nps\x00\x05V\x15\xf6\n\x00\x00\x1d\x13xe\x00\x00\x13le\x00\x00\x13`e\x00\x00\x1d\x06\x84e\x00\x00\x06\x8fe\x00\x00\x00\x00\x00>\x9be\x00\x00\x8c\x17\x00\x00\xb4\x17\x00\x00\x03\x92 \x02\x01\x93f\x00\x00\x01\xa8e\x00\x00Y8\x00\x00\x01\xb4e\x00\x00\x9d8\x00\x00\x01\xc0e\x00\x00\xd38\x00\x00\x04\xcce\x00\x00#9\x00\x00\x04\xd7e\x00\x00g9\x00\x00LUe\x00\x00\xa2\x17\x00\x00\xb2\x17\x00\x00\x8df\x00\x00_xe\x00\x00\x0cb\x93\x01c\x93\x01d\x93\x01e\x93\x01\x13le\x00\x00\x13`e\x00\x00\t\xa2\x17\x00\x00\xb2\x17\x00\x00\x04\x84e\x00\x00\x9d9\x00\x00\x04\x8fe\x00\x00\xe39\x00\x00\x00\x00V\x94\x17\x00\x00\x00\xaa\x01\x0c\x14\x00\x00\x01\xb4\x17\x00\x00\x96\x18\x00\x00\x18:\x00\x00\x01/h\x00\x00\x05\x8c\r\x00\x00\x05\xe8\n\x94\x07\x00\x00\x07u#\x00\x00\x05\xe9\nw\x00\x00\x00n:\x00\x00\rdst\x00\x05\xea\n\xf2\x0e\x00\x00\x81:\x00\x00\x16\x046\x00\x00\xbe\x17\x00\x00\xc6\x17\x00\x00\x05\xef\n\x02\x116\x00\x00\xe6\x17\x00\x00\xee\x17\x00\x00\x05\xfa\n\x0cg\x00\x00\rlen\x00\x05\xe7\n*\x00\x00\x00\xd7:\x00\x00\x00\x02/h\x00\x00\xf6\x17\x00\x00\xfe\x17\x00\x00\x05\xfe\nZg\x00\x00\rlen\x00\x05\xe7\n?\x08\x00\x00\xf1:\x00\x00\rsrc\x00\x05\xe7\n\xf2\x0e\x00\x00\x0f;\x00\x00\rdst\x00\x05\xe7\n\xf2\x0e\x00\x00*;\x00\x00\x18\xfe\x17\x00\x00\x9be\x00\x00\x00\x028h\x00\x00<\x18\x00\x00D\x18\x00\x00\x05\x0b\x0b\xa0g\x00\x00\x07\xae \x00\x00\x05\xe7\n\xd0\x03\x00\x00G;\x00\x00\x15\n]\x00\x00<\x18\x00\x00@\x18\x00\x00\x05\xe1\n\x07<\'\x00\x00\x05\xdf\n\xd0\x03\x00\x00[;\x00\x00\x00\x00\x02\x116\x00\x00P\x18\x00\x00\\\x18\x00\x00\x05\x02\x0b\xc5g\x00\x00\rlen\x00\x05\xe7\n*\x00\x00\x00o;\x00\x00\x00\x02/h\x00\x00\\\x18\x00\x00h\x18\x00\x00\x05\x04\x0b%h\x00\x00\rlen\x00\x05\xe7\n?\x08\x00\x00\x84;\x00\x00\rsrc\x00\x05\xe7\n\xf2\x0e\x00\x00\x99;\x00\x00\rdst\x00\x05\xe7\n\xf2\x0e\x00\x00\xb4;\x00\x00*h\x18\x00\x00\x9be\x00\x00\x03\x0cb\x93\x01c\x93\x01d\x93\x01e\x93\x01\x02\x08?\x00\x00\x184\x18\x00\x00\x9e4\x00\x00\x00(\xe3\x14\x00\x00\x05\xc9\x0f\x01(\xcf)\x00\x00\x05\xdf\n\x01\'\xca \x00\x00\x05\x12\x0b\x01gh\x00\x00\x0clen\x00\x05\x12\x0bw\x00\x00\x00\x05\x8c\r\x00\x00\x05\x13\x0b\x94\x07\x00\x00\x00\'\xb4 \x00\x00\x05\xe7\n\x01\x99h\x00\x00\x05\x8c\r\x00\x00\x05\xe8\n\x94\x07\x00\x00\x05u#\x00\x00\x05\xe9\nw\x00\x00\x00\ndst\x00\x05\xea\n\xf2\x0e\x00\x00\x00H\xc7\x17\x00\x00\x05m\x0c\x96\x18\x00\x00\xee\x18\x00\x00\xd1;\x00\x00\x01\rj\x00\x00%pdu\x00\x05m\x0c\x14\x14\x00\x00\xf3;\x00\x00\nlen\x00\x05n\x0cw\x00\x00\x00\x02|;\x00\x00\x98\x18\x00\x00\xa2\x18\x00\x00\x05n\x0c\x03i\x00\x00\x07\xfd\x03\x00\x00\x05m\x0cw\x00\x00\x00g<\x00\x00\rpdu\x00\x05m\x0c\x14\x14\x00\x00{<\x00\x00\x00\x02\x0e7\x00\x00\xb0\x18\x00\x00\xb2\x18\x00\x00\x05r\x0c(i\x00\x00\x07\x17#\x00\x00\x05m\x0c\x83\x0e\x00\x00\x93<\x00\x00\x00\x02|;\x00\x00\xc0\x18\x00\x00\xc2\x18\x00\x00\x05y\x0c]i\x00\x00\x07\xfd\x03\x00\x00\x05m\x0cw\x00\x00\x00\xa7<\x00\x00\rpdu\x00\x05m\x0c\x14\x14\x00\x00\xbb<\x00\x00\x00&Ah\x00\x00\xda\x18\x00\x00h\x04\x00\x00\x05{\x0c\xeci\x00\x00\x01Nh\x00\x00\xd3<\x00\x00\x1eh\x04\x00\x00\x06Zh\x00\x00\x028h\x00\x00\xde\x18\x00\x00\xe8\x18\x00\x00\x05&\x0b\xb4i\x00\x00\x0e\xf5<\x00\x00\x15\n]\x00\x00\xde\x18\x00\x00\xe4\x18\x00\x00\x05\xe1\n\x0e\t=\x00\x00\x00\x00\x15gh\x00\x00\xea\x18\x00\x00\xee\x18\x00\x00\x05\'\x0b\t\xea\x18\x00\x00\xee\x18\x00\x007th\x00\x00\x007\x80h\x00\x00\x00\x06\x8ch\x00\x00\x14\xee\x18\x00\x00\x01\x93f\x00\x00\x00\x00\x00\x00\x14\xb8\x18\x00\x00\x01\x045\x00\x00*\xca\x18\x00\x00\x084\x00\x00\x03\x06h\x93\x01i\x93\x01\x03\xf3\x01h\x00\x00/\xa6\x10\x00\x00\x05V\x0c\xee\x18\x00\x00\x1e\x19\x00\x00\x03\x92 \x02\x014k\x00\x00%pdu\x00\x05V\x0c\x14\x14\x00\x00\x1d=\x00\x00\nlen\x00\x05W\x0cw\x00\x00\x00\x02\x0e7\x00\x00\xfc\x18\x00\x00\x02\x19\x00\x00\x05[\x0cwj\x00\x00\x07\x17#\x00\x00\x05V\x0c\x83\x0e\x00\x00q=\x00\x00-\x02\x19\x00\x00\x01\x045\x00\x00\x03\x01h\x01B\x00\x00\x02|;\x00\x00\x02\x19\x00\x00\x0c\x19\x00\x00\x05W\x0c\xa4j\x00\x00\x05\xfd\x03\x00\x00\x05V\x0cw\x00\x00\x00\npdu\x00\x05V\x0c\x14\x14\x00\x00\x00\x15Ah\x00\x00\x0c\x19\x00\x00\x1e\x19\x00\x00\x05f\x0c\x01Nh\x00\x00\x85=\x00\x00\t\x0c\x19\x00\x00\x1e\x19\x00\x00\x06Zh\x00\x00\x028h\x00\x00\x10\x19\x00\x00\x1a\x19\x00\x00\x05&\x0b\xfbj\x00\x00\x0e\x9d=\x00\x00\x15\n]\x00\x00\x10\x19\x00\x00\x16\x19\x00\x00\x05\xe1\n\x0e\xb1=\x00\x00\x00\x00\x15gh\x00\x00\x1a\x19\x00\x00\x1e\x19\x00\x00\x05\'\x0b\t\x1a\x19\x00\x00\x1e\x19\x00\x007th\x00\x00\x007\x80h\x00\x00\x00\x06\x8ch\x00\x00\x14\x1e\x19\x00\x00\x01\x93f\x00\x00\x00\x00\x00\x00\x00H\xd8\x06\x00\x00\x05 \r\x1e\x19\x00\x00\xb6\x19\x00\x00\xc5=\x00\x00\x01\x89l\x00\x00%pdu\x00\x05 \r\x14\x14\x00\x005>\x00\x00\nlen\x00\x05!\rw\x00\x00\x00\x056\x08\x00\x00\x05"\rw\x00\x00\x00\x1f\xe3\x11\x00\x00\x05#\r?\x08\x00\x00\x0ch\x93\x01i\x93\x01j\x93\x01k\x93\x01\rsrc\x00\x05$\r\xf2\x0e\x00\x00[>\x00\x00\ndst\x00\x05%\r\xf2\x0e\x00\x00\x02|;\x00\x00,\x19\x00\x006\x19\x00\x00\x05!\r\xdfk\x00\x00\x07\xfd\x03\x00\x00\x05 \rw\x00\x00\x00\x9e>\x00\x00\rpdu\x00\x05 \r\x14\x14\x00\x00\xb2>\x00\x00\x00\x02\x0e7\x00\x00J\x19\x00\x00L\x19\x00\x00\x05+\r\x04l\x00\x00\x07\x17#\x00\x00\x05 \r\x83\x0e\x00\x00\xca>\x00\x00\x00\x02/h\x00\x00n\x19\x00\x00|\x19\x00\x00\x054\rZl\x00\x00\rlen\x00\x05 \r?\x08\x00\x00\xde>\x00\x00\rsrc\x00\x05 \r\xf2\x0e\x00\x00\xfc>\x00\x00\ndst\x00\x05 \r\xf2\x0e\x00\x00*|\x19\x00\x00\x9be\x00\x00\x03\x06f\x93\x01g\x93\x01\x02\x80\x08\x00\x00.:\x19\x00\x00\x084\x00\x00tl\x00\x00\x03\x06h\x93\x01i\x93\x01\x03\xf3\x01h\x00\x14^\x19\x00\x00\x01\x045\x00\x00\x14\xb6\x19\x00\x00\x01\x8c7\x00\x00\x008>\x0f\x00\x00\x01\x01\xc5l\x00\x00\x12\xe3\x11\x00\x00\x05\x8d\x10?\x08\x00\x00\x0clen\x00\x05\x8d\x10?\x08\x00\x00\next\x00\x05\x8d\x10w\x00\x00\x00\nsrc\x00\x05\x8e\x10\xf2\x0e\x00\x00\x00H\x95\x10\x00\x00\x05\xd6\x0c\xb6\x19\x00\x00>\x1a\x00\x00-?\x00\x00\x01\xd8m\x00\x00%pdu\x00\x05\xd6\x0c\x14\x14\x00\x00v?\x00\x00\nlen\x00\x05\xd7\x0cw\x00\x00\x00\xab\x01\xc6\x14\x00\x00\x05\xd8\x0c5\x00\x00\x00\xc2=\x02|;\x00\x00\xbe\x19\x00\x00\xc8\x19\x00\x00\x05\xd7\x0c>m\x00\x00\x07\xfd\x03\x00\x00\x05\xd6\x0cw\x00\x00\x00\xca?\x00\x00\rpdu\x00\x05\xd6\x0c\x14\x14\x00\x00\xde?\x00\x00\x00\x02\x0e7\x00\x00\xd6\x19\x00\x00\xd8\x19\x00\x00\x05\xdb\x0ccm\x00\x00\x07\x17#\x00\x00\x05\xd6\x0c\x83\x0e\x00\x00\xf6?\x00\x00\x00\x02\x89l\x00\x00\xfa\x19\x00\x002\x1a\x00\x00\x05\xf2\x0c\xc3m\x00\x00\x01\xa0l\x00\x00\n@\x00\x00\x01\x94l\x00\x00(@\x00\x00\t\xfa\x19\x00\x002\x1a\x00\x00\x06\xacl\x00\x00\x06\xb8l\x00\x00\x15/h\x00\x00\xfa\x19\x00\x00\n\x1a\x00\x00\x05\x92\x10\x0eR@\x00\x00$\x0ep@\x00\x00\x18\n\x1a\x00\x00\x9be\x00\x00\x00\x00\x00\x14\xe4\x19\x00\x00\x01\x045\x00\x00\x14>\x1a\x00\x00\x01\x8c7\x00\x00\x008)&\x00\x00\x01\x01\xfcm\x00\x00\x0cpdu\x00\x05\x12\r\x14\x14\x00\x00\nsrc\x00\x05\x13\r\xf2\x0e\x00\x00\x00\'\xbe\x12\x00\x00\x05\x12\r\x010n\x00\x00\x0cpdu\x00\x05\x12\r\x14\x14\x00\x00\nsrc\x00\x05\x13\r\xf2\x0e\x00\x00\x1d\x13\xe3m\x00\x00\x1d\x06\xefm\x00\x00\x00\x00\x00>\xfcm\x00\x00>\x1a\x00\x00\x9a\x1a\x00\x00\x03\x92 \x02\x01,o\x00\x00\x01\tn\x00\x00\x8b@\x00\x00\x06\x15n\x00\x00\x02\x0e7\x00\x00L\x1a\x00\x00T\x1a\x00\x00\x05\x17\r\x89n\x00\x00\x07\x17#\x00\x00\x05\x12\r\x83\x0e\x00\x00\xdf@\x00\x00-R\x1a\x00\x00\x01\x045\x00\x00\x03\x01h\x01B\x00\x00=\xd8m\x00\x00T\x1a\x00\x00\x9a\x1a\x00\x00\x01\xe3m\x00\x00\xf3@\x00\x00\tT\x1a\x00\x00\x9a\x1a\x00\x00\x06\xefm\x00\x00\x02\x89l\x00\x00\\\x1a\x00\x00\x96\x1a\x00\x00\x05\x18\r\x1fo\x00\x00\x01\xa0l\x00\x00\x19A\x00\x00\x01\x94l\x00\x00.A\x00\x00\t\\\x1a\x00\x00\x96\x1a\x00\x00\x06\xacl\x00\x00\x06\xb8l\x00\x00\x15/h\x00\x00\\\x1a\x00\x00p\x1a\x00\x00\x05\x92\x10\x0e\\A\x00\x00$\x0eqA\x00\x00*p\x1a\x00\x00\x9be\x00\x00\x03\x0cb\x93\x01c\x93\x01d\x93\x01e\x93\x01\x02\x08?\x00\x00\x00\x00\x14\x9a\x1a\x00\x00\x01\x8c7\x00\x00\x00\x00\x00/.\x1b\x00\x00\x05\x05\x15\x9a\x1a\x00\x00\xe2\x1a\x00\x00\x03\x92 \x02\x01\x8do\x00\x00\ridx\x00\x05\x06\x15w\x00\x00\x00\x8cA\x00\x00\x15(\x1a\x00\x00\xa4\x1a\x00\x00\xe0\x1a\x00\x00\x05\x0b\x15\x01A\x1a\x00\x00\xd0A\x00\x00\x01M\x1a\x00\x00\xe4A\x00\x00\x135\x1a\x00\x00\t\xa4\x1a\x00\x00\xe0\x1a\x00\x00\x06Y\x1a\x00\x00\x00\x00\x00(e\x14\x00\x00\x05[\x13\x01/\x82\x03\x00\x00\x05\x94\x0b\xe2\x1a\x00\x00\x08\x1b\x00\x00\x03\x92 \x02\x017p\x00\x00%pdu\x00\x05\x94\x0b\x14\x14\x00\x00\xacB\x00\x00\x02\x0e7\x00\x00\xee\x1a\x00\x00\xf4\x1a\x00\x00\x05\x97\x0b\xf4o\x00\x00\x07\x17#\x00\x00\x05\x94\x0b\x83\x0e\x00\x00\xd2B\x00\x00-\xf4\x1a\x00\x00\x01\x045\x00\x00\x03\x01h\x01B\x00\x00\x027p\x00\x00\xf8\x1a\x00\x00\x08\x1b\x00\x00\x05\x99\x0b-p\x00\x00\x15\x8do\x00\x00\xf8\x1a\x00\x00\x08\x1b\x00\x00\x05>\n\x18\x04\x1b\x00\x00\xe42\x00\x00\x14\x08\x1b\x00\x00\x01,o\x00\x00\x00\x00\x18\xf8\x1a\x00\x00\x8c7\x00\x00\x00(i)\x00\x00\x05:\n\x01,\xc3\x01\x00\x00\x03Np\x00\x00Yp\x00\x00+b\x08\x00\x00\xaa \x00\x00\x01\x00S\xe6\x15\x00\x00\tZ\x01qp\x00\x005ptr\x00\tZd\x1a\x00\x00\x00Su \x00\x00\tW\x01\x89p\x00\x005ptr\x00\tWd\x1a\x00\x00\x00b\xcd\x02\x00\x00\x08\x1b\x00\x00 \x1b\x00\x00\x03\x92 \x02\xa3p\x00\x00\x01\x00q\x00\x00:b\x08\x00\x003\x03\x00\x00\x01\xe6B\x00\x00)@p\x00\x00\x12\x1b\x00\x00\x1e\x1b\x00\x00\x08/\x13Np\x00\x00)Yp\x00\x00\x1a\x1b\x00\x00\x1e\x1b\x00\x00\x05[\x01ep\x00\x00,C\x00\x00)qp\x00\x00\x1a\x1b\x00\x00\x1e\x1b\x00\x00\t[\x01}p\x00\x00,C\x00\x00\xac\x01\x1e\x1b\x00\x00\x01\x00\x00\x00\x00a\xe4\x02\x00\x00 \x1b\x00\x004\x1b\x00\x00DC\x00\x00\x1aq\x00\x00\x01jq\x00\x00:b\x08\x00\x003\x03\x00\x00\x01sC\x00\x00Eqp\x00\x00*\x1b\x00\x00\x80\x04\x00\x00\x080Xq\x00\x00\x01}p\x00\x00\xb9C\x00\x00d4\x1b\x00\x00\x01\x03\x06h\x93\x01i\x93\x01\x03\xf3\x01h\x00\x00?*\x1b\x00\x00\x03\x06h\x93\x01i\x93\x01\x02\x8c\x00\x00\x00\x82\x01\x9f\x03\x00\x00\x08R4\x1b\x00\x00B\x1b\x00\x00\x03\x92 \x02\x87q\x00\x00\x01\xadq\x00\x00:b\x08\x00\x00\x82!\x00\x00\x01\xefC\x00\x00-B\x1b\x00\x00\x01\x89p\x00\x00\x03\x06h\x93\x01i\x93\x01\x03\xf3\x01h\x00\x00i\xb5\x03\x00\x00\x08RB\x1b\x00\x00V\x1b\x00\x00\x15D\x00\x00\xc9q\x00\x00\x01\x19r\x00\x00:b\x08\x00\x00\x82!\x00\x00\x01DD\x00\x00Eqp\x00\x00L\x1b\x00\x00\x98\x04\x00\x00\x08R\x07r\x00\x00\x01}p\x00\x00\x8aD\x00\x00dV\x1b\x00\x00\x01\x03\x06h\x93\x01i\x93\x01\x03\xf3\x01h\x00\x00?L\x1b\x00\x00\x03\x06h\x93\x01i\x93\x01\x02\x8c\x00\x00\x00,\x1b\t\x00\x00\x03\'r\x00\x002r\x00\x00+b\x08\x00\x00Aa\x00\x00\x01\x00i\xfc\t\x00\x00\x08lV\x1b\x00\x00z\x1b\x00\x00\xc0D\x00\x00Nr\x00\x00\x01\xc8r\x00\x00:b\x08\x00\x00\xc9\x1f\x00\x00\x01\xefD\x00\x00<\x19r\x00\x00d\x1b\x00\x00p\x1b\x00\x00\x08l\xb0r\x00\x00\x01\'r\x00\x005E\x00\x00)Yp\x00\x00l\x1b\x00\x00p\x1b\x00\x00\x05\x19\x01ep\x00\x00JE\x00\x00)qp\x00\x00l\x1b\x00\x00p\x1b\x00\x00\t[\x01}p\x00\x00JE\x00\x00Vp\x1b\x00\x00\x00\x00\x00-z\x1b\x00\x00\x01\x89p\x00\x00\x03\x06h\x93\x01i\x93\x01\x03\xf3\x01h\x00\x00i\x12\n\x00\x00\x08lz\x1b\x00\x00\x8e\x1b\x00\x00bE\x00\x00\xe4r\x00\x00\x014s\x00\x00:b\x08\x00\x00\xc9\x1f\x00\x00\x01\x91E\x00\x00Eqp\x00\x00\x84\x1b\x00\x00\xb0\x04\x00\x00\x08l"s\x00\x00\x01}p\x00\x00\xd7E\x00\x00d\x8e\x1b\x00\x00\x01\x03\x06h\x93\x01i\x93\x01\x03\xf3\x01h\x00\x00?\x84\x1b\x00\x00\x03\x06h\x93\x01i\x93\x01\x02\x8c\x00\x00\x00\x82\x01f\x04\x00\x00\x08\x92\x8e\x1b\x00\x00\x9c\x1b\x00\x00\x03\x92 \x02Qs\x00\x00\x01ws\x00\x00:b\x08\x00\x00\xdf \x00\x00\x01\rF\x00\x00-\x9c\x1b\x00\x00\x01\x89p\x00\x00\x03\x06h\x93\x01i\x93\x01\x03\xf3\x01h\x00\x00i|\x04\x00\x00\x08\x92\x9c\x1b\x00\x00\xb0\x1b\x00\x003F\x00\x00\x93s\x00\x00\x01\xe3s\x00\x00:b\x08\x00\x00\xdf \x00\x00\x01bF\x00\x00Eqp\x00\x00\xa6\x1b\x00\x00\xc8\x04\x00\x00\x08\x92\xd1s\x00\x00\x01}p\x00\x00\xa8F\x00\x00d\xb0\x1b\x00\x00\x01\x03\x06h\x93\x01i\x93\x01\x03\xf3\x01h\x00\x00?\xa6\x1b\x00\x00\x03\x06h\x93\x01i\x93\x01\x02\x8c\x00\x00\x00~\x9b\x04\x00\x00\xb0\x1b\x00\x00 \x1c\x00\x00\xdeF\x00\x00\xfds\x00\x00\x01 t\x00\x00:b\x08\x00\x00\xdf \x00\x00\x01AG\x00\x00`x\x04\x00\x00\x08\x9e*\x00\x00\x00wG\x00\x00V\xce\x1b\x00\x00\x00e\xdc \x00\x00\x01\x01e\xf9\x15\x00\x00\x01\x01\xad\x01\x01\xfb\x0f\x00\x00\x04- \x1c\x00\x00\xb4\x1c\x00\x00\x9dG\x00\x00\x01ct\x00\x00mm\x00\x042(\x05\x00\x00\x1aH\x00\x00mf\x00\x043\x8c\x00\x00\x00\x8dH\x00\x00\x00;\xc5\x0f\x00\x00\x08\xac\x01;\xfe\n\x00\x00\n\x1c\x01;J\x16\x00\x00\x04\xf1\x01(E\x17\x00\x00\x01\xa8\x02\x03(\xda%\x00\x00\x05\xfe\t\x01(\xf3\x13\x00\x00\x05\xd2\x16\x01(\x95\x03\x00\x00\x05\x06\x12\x01(\x15\x0e\x00\x00\x051\x16\x01;\xd4\x1d\x00\x00\x08\xb7\x01((\x0e\x00\x00\x05B\n\x01\'E \x00\x00\x05:\x16\x01\xd3t\x00\x00\x05\xd4\x07\x00\x00\x05;\x16w\x00\x00\x00\x00\'\x9a\x1b\x00\x00\x05Z\x16\x01\xedt\x00\x00\x12\xd4\x07\x00\x00\x05Z\x16w\x00\x00\x00\x00(u\x0b\x00\x00\x05\xda\x15\x01(\xbb\x11\x00\x00\x05\xee\x15\x01(\x19\x17\x00\x00\x05M\x10\x01(L\t\x00\x00\x05\xe3\x15\x01(3\t\x00\x00\x05 \x12\x01e~\x04\x00\x00\x01\x013\\\x1d\x00\x00\x05\x17\x15\xd0\x03\x00\x00\x01Ku\x00\x00\x0clen\x00\x05\x17\x15*\x00\x00\x00\x12\xf0\t\x00\x00\x05\x17\x15\xf6\n\x00\x00\x00G\xcd\x1a\x00\x00\x05\x0f\x15\xd0\x03\x00\x00\x01Q\xb0\x13\x00\x00\xd0\x03\x00\x00\x01\x01\x80u\x00\x00\x0clen\x00\x05\x17\x15*\x00\x00\x00\x12\xf0\t\x00\x00\x05\x17\x15\xf6\n\x00\x00\x00\'\xa8(\x00\x00\x05\x9b\x14\x01\xa6u\x00\x00\nlen\x00\x05\x9c\x14*\x00\x00\x00\x05\x8c\r\x00\x00\x05\x9d\x14\x94\x07\x00\x00\x00G\xcc\x1b\x00\x00\x05\x13\x15\xd0\x03\x00\x00\x01\'9\x17\x00\x00\x05z\n\x01\xcdu\x00\x00\nlen\x00\x05|\n5\x00\x00\x00\x003\xc0\x07\x00\x00\x05%\x15\xd0\x03\x00\x00\x01\x03v\x00\x00\x0clen\x00\x05%\x15\x03v\x00\x00\x12\xf0\t\x00\x00\x05%\x15\x94\x07\x00\x00\x05\xe2\x03\x00\x00\x05&\x15*\x00\x00\x00\x00\x1b\x02*\x00\x00\x00Q\x7f\x07\x00\x00\xd0\x03\x00\x00\x01\x01=v\x00\x00\x0clen\x00\x05%\x15\x03v\x00\x00\x12\xf0\t\x00\x00\x05%\x15\x94\x07\x00\x00\x05\xe2\x03\x00\x00\x05&\x15*\x00\x00\x00\x00\xae\x01\x01x%\x00\x00\n!\x0e\x03\x00\x00\x01\x8c#\x00\x00\x8e-\x00\x00\xddH\x00\x00\x01^\x81\x00\x00Tst\x00\x00\xa2#\x00\x00j$\x00\x00\n#<\xe1\x1b\x00\x00j$\x00\x00\xc6$\x00\x00\n(\x9ev\x00\x00\x13\xef\x1b\x00\x00\x15{t\x00\x00v$\x00\x00\xb2$\x00\x00\x01>\x03\x18\x9c$\x00\x00u%\x00\x00\x00\x00<ct\x00\x00\xc6$\x00\x00\x06&\x00\x00\n+\xccx\x00\x00<\x84t\x00\x00\xc6$\x00\x00\xf2%\x00\x00\x08\xad\xc2x\x00\x00\x02\x8dt\x00\x00\xc6$\x00\x00\x08%\x00\x00\x05\x01\n\xd0w\x00\x00\x02\xfa\x1b\x00\x00\xca$\x00\x00\x08%\x00\x00\x05\xd4\x16\xc6w\x00\x00\x0b\x06\x1c\x00\x00\r\x0b\x11\x1c\x00\x00\x01\t\xca$\x00\x00\x08%\x00\x00\x04\x1c\x1c\x00\x00%I\x00\x00\x04\'\x1c\x00\x008I\x00\x00\x042\x1c\x00\x00KI\x00\x00\x06=\x1c\x00\x00L\xcf\x1c\x00\x00\xca$\x00\x00\xd0$\x00\x00Ew\x00\x00\x04\xd0\x1c\x00\x00cI\x00\x00\x04\xdb\x1c\x00\x00%I\x00\x00\x00L\xb3\x1c\x00\x00\xd0$\x00\x00\xd6$\x00\x00iw\x00\x00\x04\xb8\x1c\x00\x00{I\x00\x00\x04\xc3\x1c\x00\x008I\x00\x00\x00L\x97\x1c\x00\x00\xda$\x00\x00\xea$\x00\x00\x8dw\x00\x00\x04\x9c\x1c\x00\x00\x93I\x00\x00\x04\xa7\x1c\x00\x00KI\x00\x00\x00L{\x1c\x00\x00\xea$\x00\x00\xf4$\x00\x00\xadw\x00\x00\x04\x80\x1c\x00\x00\xabI\x00\x00\x06\x8b\x1c\x00\x00\x00=H\x1c\x00\x00\xf4$\x00\x00\x08%\x00\x00\x04M\x1c\x00\x00\xc3I\x00\x00\x00\x00\x00\x18\xca$\x00\x00\xad%\x00\x00\x00\x02(\x1a\x00\x00\x08%\x00\x00\x12%\x00\x00\x05\x02\n\xf7w\x00\x00$$$\t\x08%\x00\x00\x12%\x00\x00\x0e\xd6I\x00\x00\x00\x00\x02\x8do\x00\x00\x1e%\x00\x00.%\x00\x00\x05\x10\n\x1ex\x00\x00\x18*%\x00\x00\xe42\x00\x00\x18.%\x00\x00,o\x00\x00\x00\x020M\x00\x00:%\x00\x00F%\x00\x00\x05\x12\nMx\x00\x00\x0e\x0bJ\x00\x00\x0e\x0bJ\x00\x00\x0e\x0bJ\x00\x00\t:%\x00\x00F%\x00\x00$\x00\x00\x02\x9ft\x00\x00\x86%\x00\x00\xbe%\x00\x00\x05 \n\xb1x\x00\x00\x02\xf9\x1c\x00\x00\x86%\x00\x00\x92%\x00\x00\x052\x16\x84x\x00\x00\x13\x07\x1d\x00\x00\x01\x11\x1d\x00\x00\x1fJ\x00\x00\x00\x02\x17\x1d\x00\x00\x96%\x00\x00\xbe%\x00\x00\x054\x16\xa7x\x00\x00\x01$\x1d\x00\x007J\x00\x00\x130\x1d\x00\x00\x00\x18\x96%\x00\x00\xed%\x00\x00\x00\x16\x96t\x00\x00\xbe%\x00\x00\xf2%\x00\x00\x05#\n\x00\x18\xf6%\x00\x00\xad%\x00\x00\x00E\xa8t\x00\x00\x06&\x00\x00\xe0\x04\x00\x00\n.X\x81\x00\x00E\x90\x1d\x00\x00\x06&\x00\x00\x08\x05\x00\x00\x08\xc2;}\x00\x00\x01\x9d\x1d\x00\x00LJ\x00\x00\x1e\x08\x05\x00\x00\x04\xa9\x1d\x00\x00lJ\x00\x00\x04\xb5\x1d\x00\x00\x80J\x00\x00\x04\xc1\x1d\x00\x00\x9fJ\x00\x00P\xcd\x1d\x00\x00\x03\x8c\xc5\x00\x04\xd9\x1d\x00\x00\xc9J\x00\x00\x04\xe5\x1d\x00\x00\xf3J\x00\x00\x04\xf1\x1d\x00\x00\xf3J\x00\x00\x04\xfd\x1d\x00\x00\x07K\x00\x00\x04\t\x1e\x00\x00\x1bK\x00\x00P\x15\x1e\x00\x00\x02\x8c\x01\x04!\x1e\x00\x00\x7fK\x00\x00P-\x1e\x00\x00\x03\x8c\xc1\x00\x049\x1e\x00\x00\x93K\x00\x00&!u\x00\x00\x0c&\x00\x008\x05\x00\x00\x05e\x14\xd8y\x00\x00\x13>u\x00\x00\x012u\x00\x00\xc9K\x00\x00{Ku\x00\x00\x0c&\x00\x00X\x05\x00\x00\x05\x18\x15=Xu\x00\x00n,\x00\x00\xa6,\x00\x00\x13su\x00\x00\x01gu\x00\x00\xf1K\x00\x00*\xa0,\x00\x00\x9be\x00\x00\x03\x06f\x93\x01g\x93\x01\x02\x80\x00\x00\x00\x00\x02\x94X\x00\x000(\x00\x004(\x00\x00\x056\x14\xf6y\x00\x00\x184(\x00\x00(%\x00\x00\x00\x02\x111\x00\x00d(\x00\x00\x8a(\x00\x00\x05G\x14\'z\x00\x00\x01"1\x00\x00\tL\x00\x00\td(\x00\x00\x8a(\x00\x00\x04.1\x00\x00\x1cL\x00\x00\x00\x00&\x9eG\x00\x00\x8c(\x00\x00p\x05\x00\x00\x05P\x14\x83z\x00\x00\x01\xbbG\x00\x00<L\x00\x00\x13\xafG\x00\x00\x1ep\x05\x00\x00\x04\xc7G\x00\x00OL\x00\x00\x04\xd2G\x00\x00cL\x00\x00M\x111\x00\x00\x8c(\x00\x00\x88\x05\x00\x00\x05\xac\x14\x13"1\x00\x00\x1e\x88\x05\x00\x00\x06.1\x00\x00\x00\x00\x00\x00\x02^\x81\x00\x00\xd6(\x00\x00\xec(\x00\x00\x05V\x14\xd0z\x00\x00\x0e\x92L\x00\x00$$*\xec(\x00\x00\x9be\x00\x00\x03\x06h\x93\x01i\x93\x01\x02\x80\x01\x03\x06f\x93\x01g\x93\x01\x03\x80\xc0\x00\x03\x0cb\x93\x01c\x93\x01d\x93\x01e\x93\x01\x014\x00\x00\x02PG\x00\x00\x1c)\x00\x00D)\x00\x00\x05[\x14x{\x00\x00\x01yG\x00\x00\xa6L\x00\x00\x01mG\x00\x00\xb9L\x00\x00\x13aG\x00\x00\t\x1c)\x00\x00D)\x00\x00\x04\x85G\x00\x00\xccL\x00\x00\x04\x91G\x00\x00\xe0L\x00\x00\x15\x9eG\x00\x00\x1c)\x00\x006)\x00\x00\x05~\x13\x01\xbbG\x00\x009M\x00\x00\x13\xafG\x00\x00\t\x1c)\x00\x006)\x00\x00\x04\xc7G\x00\x00\xccL\x00\x00\x04\xd2G\x00\x00\xccL\x00\x00\x15\x111\x00\x00\x1c)\x00\x004)\x00\x00\x05\xac\x14\x13"1\x00\x00\t\x1c)\x00\x004)\x00\x00\x06.1\x00\x00\x00\x00\x00\x00\x00\x00\x02^\x81\x00\x00\x1c,\x00\x00*,\x00\x00\x05a\x14\xac{\x00\x00\x0eLM\x00\x00$$**,\x00\x00\x9be\x00\x00\x03\x06h\x93\x01i\x93\x01\x05\x80\x00z\x00"\x00\x00\x02\x80u\x00\x00\xa6,\x00\x00~-\x00\x00\x05h\x14\x14}\x00\x00\t\xa6,\x00\x00~-\x00\x00\x04\x8du\x00\x00jM\x00\x00\x06\x99u\x00\x00\x16g\x81\x00\x00\xa6,\x00\x00\xb6,\x00\x00\x05\x9d\x14&\xcdu\x00\x00\xb6,\x00\x00\xa0\x05\x00\x00\x05\x9f\x14s|\x00\x00\x01\xeau\x00\x00\x82M\x00\x00\x01\xdeu\x00\x00\x9aM\x00\x00\x1e\xa0\x05\x00\x00\x06\xf6u\x00\x00F\tv\x00\x00\xa0\x05\x00\x00\x01$v\x00\x00\x82M\x00\x00\x01\x18v\x00\x00\x9aM\x00\x00\x1e\xa0\x05\x00\x00\x040v\x00\x00\xb2M\x00\x00*\x02-\x00\x00\x9be\x00\x00\x03\x06h\x93\x01i\x93\x01\x02v\x00\x03\x06f\x93\x01g\x93\x01\x11x\x00\x08\xff\x1at\x00\x08\xff\x1a\x1e\x03\x96\x05\x80\x00"\x00\x00\x00\x00\x00\x16\xa6u\x00\x00\xba,\x00\x00\xbe,\x00\x00\x05\x9e\x14\x02t\x81\x00\x00\x10-\x00\x00\x18-\x00\x00\x05\xa0\x14\x9d|\x00\x00\x0e\xcaM\x00\x00\x00\x15\xb3u\x00\x00\x18-\x00\x00~-\x00\x00\x05\xa1\x14\t\x18-\x00\x00~-\x00\x00\x04\xc0u\x00\x00\xe2M\x00\x00\x15x4\x00\x00r-\x00\x00~-\x00\x00\x05\x93\n\x01\x914\x00\x00\xfaM\x00\x00\x01\x854\x00\x00,N\x00\x00*|-\x00\x00\xf3)\x00\x00\x03\x06h\x93\x01i\x93\x01\x05\x03\x92\x07\x80\x00\x03\x06f\x93\x01g\x93\x01\x02|\x00\x03\x06d\x93\x01e\x93\x01\x02z\x04\x00\x00\x00\x00\x00\x00.^(\x00\x00@1\x00\x004}\x00\x00\x03\x01h\x02|\x00\x03\x06f\x93\x01g\x93\x01\x03\x80\xc4\x00\x00Vv)\x00\x00\x00\x00<\x83\x81\x00\x00\xf4\'\x00\x00\x04(\x00\x00\x08\xc1P}\x00\x00$\x00E\xb9t\x00\x00\x12&\x00\x00\xb8\x05\x00\x00\x08\xb8A\x7f\x00\x00\x1e\xb8\x05\x00\x00\x04\xc6t\x00\x00TN\x00\x00&\xd3t\x00\x00,&\x00\x00\xd0\x05\x00\x00\x05@\x16\xb6~\x00\x00\x01\xe0t\x00\x00\x97N\x00\x00\x02\xedt\x00\x00V&\x00\x00p&\x00\x00\x05a\x16\xbd}\x00\x00\x15\x89\x81\x00\x00V&\x00\x00Z&\x00\x00\x05\xdb\x15\x18Z&\x00\x00\xad%\x00\x00\x00\x00\x02\xf6t\x00\x00\xaa)\x00\x00\xc0)\x00\x00\x05g\x16\xec}\x00\x00\x15\x89\x81\x00\x00\xaa)\x00\x00\xae)\x00\x00\x05\xef\x15\x18\xae)\x00\x00\xad%\x00\x00\x00\x00\x02\xf6t\x00\x00\xdc)\x00\x00\xf0)\x00\x00\x05m\x16\x1b~\x00\x00\x15\x89\x81\x00\x00\xdc)\x00\x00\xe0)\x00\x00\x05\xef\x15\x18\xe0)\x00\x00\xad%\x00\x00\x00\x00\x16\x96\x81\x00\x00\x0c*\x00\x00\x10*\x00\x00\x05q\x16\x02=\x1d\x00\x00,*\x00\x00\xe8*\x00\x00\x05t\x16\xac~\x00\x00\x13J\x1d\x00\x00\t,*\x00\x00\xe8*\x00\x00\x04V\x1d\x00\x00\xceN\x00\x00\x02\xfft\x00\x00@*\x00\x00n*\x00\x00\x059\x0bz~\x00\x00*l*\x00\x00\x045\x00\x00\x03\x01h\x01@\x00\x00j\xb0*\x00\x00\x92~\x00\x00\x03\x06h\x93\x01i\x93\x01\x05\x03\x12\x01\x80\x00\x00*\xe6*\x00\x00g`\x00\x00\x03\x06h\x93\x01i\x93\x01\x05\x03\x12\x01\x80\x00\x00\x00\x00\x18\x0c*\x00\x00\xed%\x00\x00\x00\x02\x08u\x00\x00\x94&\x00\x00\xd0&\x00\x00\x05D\x16\xe5~\x00\x00\x15\x89\x81\x00\x00\x9c&\x00\x00\xa0&\x00\x00\x05\xe7\x15\x18\xa0&\x00\x00\xad%\x00\x00\x00\x00.\x1a&\x00\x00o.\x00\x00\x01\x7f\x00\x00\x03\x06h\x93\x01i\x93\x01\x05\x03\x92\x07\x80\x00\x00.$&\x00\x00\xdc"\x00\x00\x14\x7f\x00\x00\x03\x01h\x011\x00.,&\x00\x006-\x00\x000\x7f\x00\x00\x03\x06h\x93\x01i\x93\x01\x05\x03\x92\x07\x80\x00\x00*\x94&\x00\x00\xdc"\x00\x00\x03\x01h\x010\x00\x00\x00E\xb0t\x00\x00\xd0&\x00\x00\xf0\x05\x00\x00\x08\xb9-\x81\x00\x00\x02gh\x00\x00\xd0&\x00\x00\xda&\x00\x00\x05E\n\x93\x7f\x00\x00\t\xd0&\x00\x00\xda&\x00\x00\x04th\x00\x00\xf7N\x00\x00\x04\x80h\x00\x00\xf7N\x00\x00\x06\x8ch\x00\x00\x18\xda&\x00\x00\x93f\x00\x00\x00\x00&\x11u\x00\x00\xda&\x00\x00\x08\x06\x00\x00\x05J\n\xe5\x80\x00\x00\x02\xf7Z\x00\x00\x08\'\x00\x004\'\x00\x00\x05$\x12\x05\x80\x00\x00\x01,[\x00\x00\x17O\x00\x00\x01 [\x00\x00+O\x00\x00\x01\x14[\x00\x00?O\x00\x00\x01\x08[\x00\x00TO\x00\x00\t\x08\'\x00\x004\'\x00\x00\x048[\x00\x00lO\x00\x00\x04D[\x00\x00\xa1O\x00\x00\x04P[\x00\x00\xb5O\x00\x00\x00\x00\x02\xf7Z\x00\x00\x0c+\x00\x008+\x00\x00\x05+\x12c\x80\x00\x00\x01,[\x00\x00\xdeO\x00\x00\x01 [\x00\x00\xf2O\x00\x00\x01\x14[\x00\x00\x19P\x00\x00\x01\x08[\x00\x00.P\x00\x00\t\x0c+\x00\x008+\x00\x00\x048[\x00\x00FP\x00\x00\x04D[\x00\x00nP\x00\x00\x04P[\x00\x00\x82P\x00\x00\x00\x00\x02\xf7Z\x00\x00\xc6+\x00\x00\xfa+\x00\x00\x058\x12\xc1\x80\x00\x00\x01,[\x00\x00\xabP\x00\x00\x01 [\x00\x00\xbfP\x00\x00\x01\x14[\x00\x00\xe6P\x00\x00\x01\x08[\x00\x00\x04Q\x00\x00\t\xc6+\x00\x00\xfa+\x00\x00\x048[\x00\x00\x1cQ\x00\x00\x04D[\x00\x00DQ\x00\x00\x04P[\x00\x00nQ\x00\x00\x00\x00\x02\n]\x00\x00\x02,\x00\x00\x06,\x00\x00\x05<\x12\xdb\x80\x00\x00\x0e\x97Q\x00\x00\x00\x18\n,\x00\x00AZ\x00\x00\x00\x15\x9f\x81\x00\x00\x88\'\x00\x00\x90\'\x00\x00\x05M\n\x0e\xabQ\x00\x00\x15y\x1d\x00\x00\x88\'\x00\x00\x90\'\x00\x00\x05\xfd\x16\x01\x85\x1d\x00\x00\xc7Q\x00\x00=c\x1d\x00\x00\x88\'\x00\x00\x90\'\x00\x00\x01n\x1d\x00\x00\xddQ\x00\x00\x00\x00\x00\x00\x18\x94\'\x00\x00\xad%\x00\x00\x18\xbc\'\x00\x00\xad%\x00\x00*\xd4\'\x00\x0070\x00\x00\x03\x06h\x93\x01i\x93\x01\x05\x039\x08\x80\x00\x00\x00V\x8c-\x00\x00\x00(/\x11\x00\x00\x05q\x14\x01G\xb5\r\x00\x00\x05\x96\n\x94\x07\x00\x00\x01(\x08%\x00\x00\x05\x9a\n\x01\x1b\x02\xdd\x04\x00\x00Y\xbf\x04\x00\x00\x03G\xf7\x08\x00\x00\x05\xe4\x16?\x08\x00\x00\x01(\xaf\x1d\x00\x00\x05\xdf\x15\x01(\x05!\x00\x00\x05\xfc\x16\x01\x83\x01\x01\xfb\x0e\x00\x00\x01\xf5\x02\xb4\x1c\x00\x00\x92\x1d\x00\x00\xf3Q\x00\x00\x01m\x82\x00\x00\x07\xac\x07\x00\x00\x01\xf7\x02\x17\x01\x00\x00<R\x00\x00\x02m\x82\x00\x00\xd4\x1c\x00\x00\xe8\x1c\x00\x00\x01\xfd\x02\x18\x82\x00\x00\x07\x19\x1e\x00\x00\x01\xf5\x02\x17\x01\x00\x00ZR\x00\x00\x07\xec\x04\x00\x00\x01\xf5\x02\x17\x01\x00\x00oR\x00\x00\x07\x8f\x10\x00\x00\x01\xf5\x02\x17\x01\x00\x00oR\x00\x00\x00\x15\xbd\x1b\x00\x00\xf6\x1c\x00\x00\n\x1d\x00\x00\x01\x05\x03\x01\xca\x1b\x00\x00\x83R\x00\x00\x02\x9e"\x00\x00\xf6\x1c\x00\x00\xfc\x1c\x00\x00\x01\x99\x02K\x82\x00\x00\x0e\x97R\x00\x00\x00\x16\xb2"\x00\x00\xfc\x1c\x00\x00\x00\x1d\x00\x00\x01\x9a\x02\x16\xff+\x00\x00\x04\x1d\x00\x00\n\x1d\x00\x00\x01\x9b\x02\x00\x00(\xf5\t\x00\x00\x01d\x01\x01;\xda"\x00\x00\x01\\\x033\x9d\x04\x00\x00\x01\x01\x02\xd0\x03\x00\x00\x01\xf6\x82\x00\x00\x12\xc5\x0f\x00\x00\x01\x01\x02\xf6\x82\x00\x00\nt\x00\x01\x03\x02\x17\x01\x00\x00\nret\x00\x01\t\x02\x0e\x03\x00\x00\x05\x01\x06\x00\x00\x01\x0f\x02S\x1b\x00\x00\x05p#\x00\x00\x01,\x02\x17\x01\x00\x00D\xe7\x82\x00\x00\x05\xb3\x04\x00\x00\x01,\x02*\x00\x00\x00\x05\x15#\x00\x00\x01,\x02w\x00\x00\x00\x00\x1d\x05\xe1"\x00\x00\x01!\x02\xfc\x82\x00\x00\x00\x00]\x02\xed\x0c\x00\x002\x0c\x83\x00\x00\x0c\x83\x00\x001?\x00\x00\x00\x13\x00@\x01\x06\xbe\x0b\x00\x00\x17\x0c\x83\x00\x00J\x13\x83\x00\x003\xd7#\x00\x00\x01\xf2\x01\xd0\x03\x00\x00\x01S\x83\x00\x00\x12T\x15\x00\x00\x01\xf2\x01\x0e\x03\x00\x00\x05;\x07\x00\x00\x01\xf6\x01\x17\x01\x00\x00\x05*\x0c\x00\x00\x01\xf7\x01\x04\x19\x00\x00\x00\'\xfe&\x00\x00\x01\x93\x01\x01m\x83\x00\x00\x0cend\x00\x01\x93\x01\x0e\x03\x00\x00\x00]\x02]\r\x00\x00,w\x0b\x00\x00\x01\x81\x83\x00\x00\xaf\x83\x00\x00+b\x08\x00\x00\x1d%\x00\x00\x01"\xc5\x0f\x00\x00\x03)m\x83\x00\x00\x19U\x0e\x00\x00\x03+\x01\x0b\x00\x00\x1d6ret\x00\x03-\x0e\x03\x00\x00\x00\x00\x1b\x02\x0c\x83\x00\x00,\x97\x0b\x00\x00\x01\xc3\x83\x00\x00\xe4\x83\x00\x00+b\x08\x00\x00\x1d%\x00\x00\x01"D\x04\x00\x00\x035\xaf\x83\x00\x00\x19U\x0e\x00\x00\x037\x01\x0b\x00\x00\x00\'\x1e\x1c\x00\x00\x01m\x01\x01\xfe\x83\x00\x00\x1d\ni\x00\x01o\x01\x17\x01\x00\x00\x00\x003\xd5\x0f\x00\x00\x01\x82\x01\xd0\x03\x00\x00\x01&\x84\x00\x00\x12\xc5\x0f\x00\x00\x01\x82\x01\xf6\x82\x00\x00\ni\x00\x01\x85\x01\x17\x01\x00\x00\x00I\xe9\x19\x00\x00\x06N\xd0\x03\x00\x00\x01V\x84\x00\x00"\xc5\x0f\x00\x00\x06Nm\x83\x00\x006r\x00\x06P\x17\x01\x00\x00\x19\xeb\x11\x00\x00\x06Q\x17\x01\x00\x00\x00;\xa8\x17\x00\x00\x01g\x03Q\xa8\t\x00\x00\xd0\x03\x00\x00\x01\x01\x9a\x84\x00\x00"\xc5\x0f\x00\x00\x06Nm\x83\x00\x006r\x00\x06P\x17\x01\x00\x00\x19\xeb\x11\x00\x00\x06Q\x17\x01\x00\x00\x1d\x19\xbc(\x00\x00\x06q*\x00\x00\x00\x00\x00Iq\x16\x00\x00\x06C\xd0\x03\x00\x00\x01\xc3\x84\x00\x00\x1d\x19\xb3\x04\x00\x00\x06E*\x00\x00\x00\x19\x15#\x00\x00\x06E*\x00\x00\x00\x00\x00,\xb3\x0b\x00\x00\x01\xd1\x84\x00\x00\xf2\x84\x00\x00+b\x08\x00\x00\x1d%\x00\x00\x01"\xc5\x0f\x00\x00\x03>m\x83\x00\x00\x19U\x0e\x00\x00\x03@\x01\x0b\x00\x00\x00\x83\x01\x01\x07\x0f\x00\x00\x013\x02\x92\x1d\x00\x00\xf6!\x00\x00\xabR\x00\x00\x01\x06\x8b\x00\x00\x1f\xc5\x0f\x00\x00\x019\x02\xed\x0c\x00\x00\x02\x8c\x15\x07\xeb\x11\x00\x00\x01=\x02\x17\x01\x00\x00\xf6S\x00\x00\rok\x00\x01C\x02\xd0\x03\x00\x00aT\x00\x00\x02\x9e"\x00\x00\xce\x1d\x00\x00\xd2\x1d\x00\x00\x015\x02_\x85\x00\x00\rep\x00\x013\x02\x17\x01\x00\x00\x98T\x00\x00\x00\x16\x06\x8b\x00\x00\xd2\x1d\x00\x00\xd6\x1d\x00\x00\x016\x02\x16\x12\x8b\x00\x00\xe4\x1d\x00\x00\xea\x1d\x00\x00\x01;\x02\x16v\x82\x00\x00\xf0\x1d\x00\x00\xf8\x1d\x00\x00\x01?\x02z \x06\x00\x00\xc0\x88\x00\x00\rr\x00\x01G\x02\x17\x01\x00\x00\xacT\x00\x00\x071\x0c\x00\x00\x01H\x020\x14\x00\x00\xe0T\x00\x00\x02~&\x00\x00\x16\x1e\x00\x00\x1a\x1e\x00\x00\x01M\x02\xd9\x85\x00\x00\rd\x00\x013\x02\x17\x01\x00\x00(U\x00\x00\x00\x02~&\x00\x00\x1a\x1e\x00\x00\x1e\x1e\x00\x00\x01U\x02\xfc\x85\x00\x00\rd\x00\x013\x02\x17\x01\x00\x00;U\x00\x00\x00\x02~&\x00\x00j\x1e\x00\x00p\x1e\x00\x00\x01T\x02\x1f\x86\x00\x00\rd\x00\x013\x02\x17\x01\x00\x00OU\x00\x00\x00\x16v\x82\x00\x00\xa4\x1e\x00\x00\xac\x1e\x00\x00\x01j\x02&~\x82\x00\x00\xbe\x1e\x00\x00`\x06\x00\x00\x01o\x02t\x88\x00\x00\x01\x8f\x82\x00\x00cU\x00\x00\x1e`\x06\x00\x00\x04\x9b\x82\x00\x00\x92U\x00\x00\x06\xa5\x82\x00\x00\x04\xb1\x82\x00\x00\xbbU\x00\x00\x04\xbd\x82\x00\x00\xf7U\x00\x00&\x1d\x83\x00\x00\xc0\x1e\x00\x00\x88\x06\x00\x00\x01\x05\x02D\x87\x00\x00\x01.\x83\x00\x00\nV\x00\x00\x1e\x88\x06\x00\x00\x04:\x83\x00\x00\x1eV\x00\x00PF\x83\x00\x00\x02\x8c\x01&S\x83\x00\x00\xc0\x1e\x00\x00\xa0\x06\x00\x00\x01\xf5\x01\xd8\x86\x00\x00\x01`\x83\x00\x001V\x00\x00\x15\x9e"\x00\x00\xc0\x1e\x00\x00\xc4\x1e\x00\x00\x01\x95\x01\x0eEV\x00\x00\x00\x00\x02S\x83\x00\x00\x02\x1f\x00\x00\x16\x1f\x00\x00\x01\xfa\x01\x08\x87\x00\x00\x13`\x83\x00\x00\x15\x9e"\x00\x00\x02\x1f\x00\x00\x06\x1f\x00\x00\x01\x95\x01\x0eYV\x00\x00\x00\x00\x18\xdc\x1e\x00\x00\x89(\x00\x00.&\x1f\x00\x00\x7f\'\x00\x009\x87\x00\x00\x03\x01h\x010\x03\x06f\x93\x01g\x93\x01\x02\x91O\x03\x06d\x93\x01e\x93\x01\x019\x00\x18*\x1f\x00\x00\x89(\x00\x00\x00\x00\x02S\x83\x00\x00,\x1f\x00\x004\x1f\x00\x00\x01\x07\x02^\x87\x00\x00\x13`\x83\x00\x00\x00\x02s\x83\x00\x008\x1f\x00\x00l\x1f\x00\x00\x01\t\x02\xc7\x87\x00\x00\x13\x8b\x83\x00\x00\x01\x81\x83\x00\x00mV\x00\x00\t8\x1f\x00\x00l\x1f\x00\x00\x04\x96\x83\x00\x00\x85V\x00\x00=\xa1\x83\x00\x00H\x1f\x00\x00d\x1f\x00\x00\x04\xa2\x83\x00\x00\x9dV\x00\x00?^\x1f\x00\x00\x03\x06h\x93\x01i\x93\x01\x02\x80\x00\x03\x06f\x93\x01g\x93\x01\x02\x91c\x00\x00\x00\x00g\xe7\x82\x00\x00\xb8\x06\x00\x00E\x88\x00\x00P\xe8\x82\x00\x00\x02\x8c\x01\x02\xb5\x83\x00\x00\xac\x1f\x00\x00\xe4\x1f\x00\x00\x01"\x022\x88\x00\x00\x01\xcd\x83\x00\x00\xb5V\x00\x00\x01\xc3\x83\x00\x00\xdaV\x00\x00\t\xac\x1f\x00\x00\xe4\x1f\x00\x00\x04\xd8\x83\x00\x00\xf2V\x00\x00?\xd4\x1f\x00\x00\x03\x06h\x93\x01i\x93\x01\x02~\x00\x03\x06f\x93\x01g\x93\x01\x02\x80\x00\x00\x00\x00\x18\x8a\x1f\x00\x00\x8e&\x00\x00\x18\xac\x1f\x00\x00\xc7$\x00\x00\x00L\xc9\x82\x00\x00\xfe\x1f\x00\x00\x02 \x00\x00i\x88\x00\x00\x04\xce\x82\x00\x00\nW\x00\x00\x04\xda\x82\x00\x00\xf7U\x00\x00\x00\x188\x1f\x00\x00\xc7$\x00\x00\x00\x00\x02~&\x00\x00\x16 \x00\x00\x1e \x00\x00\x01w\x02\x97\x88\x00\x00\rd\x00\x013\x02\x17\x01\x00\x00"W\x00\x00\x00\x15\xe4\x83\x00\x000 \x00\x00` \x00\x00\x01}\x02=\xf1\x83\x00\x000 \x00\x00V \x00\x00\x04\xf2\x83\x00\x006W\x00\x00\x00\x00\x00&\xfe\x83\x00\x00\x06 \x00\x00\xd0\x06\x00\x00\x01\x8c\x02\x87\x8a\x00\x00\x01\x0f\x84\x00\x00IW\x00\x00\x1e\xd0\x06\x00\x00\x04\x1b\x84\x00\x00^W\x00\x00&&\x84\x00\x00\x06 \x00\x00\xf8\x06\x00\x00\x01\x88\x01*\x8a\x00\x00\x016\x84\x00\x00\xa1W\x00\x00\x1e\xf8\x06\x00\x00\x04A\x84\x00\x00\xb6W\x00\x00\x04J\x84\x00\x002X\x00\x00<{\x1b\x00\x00\xc8 \x00\x00\xe2 \x00\x00\x06e\xa0\x89\x00\x00\x13\x8c\x1b\x00\x00\x13\x96\x1b\x00\x00\t\xc8 \x00\x00\xe2 \x00\x00\x04\xa2\x1b\x00\x00[X\x00\x00=\xae\x1b\x00\x00\xc8 \x00\x00\xe2 \x00\x00\x06\xaf\x1b\x00\x00\x16V\x84\x00\x00\xc8 \x00\x00\xd0 \x00\x00\x01\xd7\x01\x16\x1a\x8b\x00\x00\xda \x00\x00\xe2 \x00\x00\x01\xd9\x01*\xda \x00\x00x)\x00\x00\x03\x06h\x93\x01i\x93\x01\x05\x03\n\x01\x80\x00\x03\x01f\x017\x00\x00\x00\x00g^\x84\x00\x00 \x07\x00\x00\x1f\x8a\x00\x00\x01m\x84\x00\x00oX\x00\x00\x1e \x07\x00\x00\x06x\x84\x00\x00\x06\x81\x84\x00\x00F\x8c\x84\x00\x00 \x07\x00\x00\x04\x8d\x84\x00\x00\x84X\x00\x00<\x9a\x84\x00\x00\xee \x00\x00\xf6 \x00\x00\x06y\x07\x8a\x00\x00=\xaa\x84\x00\x00\xee \x00\x00\xf6 \x00\x00\x04\xab\x84\x00\x00\xc8X\x00\x00\x06\xb6\x84\x00\x00\x00\x00)"\x8b\x00\x00:!\x00\x00P!\x00\x00\x06\x8d\x0e\xdeX\x00\x00\x00\x00\x00\x00\x18\n \x00\x00\x7f\'\x00\x00\x00\x00\x02\xc3\x84\x00\x00\xae!\x00\x00\xe0!\x00\x00\x01\x8c\x01|\x8a\x00\x00\x13\xdb\x84\x00\x00\x01\xd1\x84\x00\x00\xf2X\x00\x00\t\xae!\x00\x00\xe0!\x00\x00\x04\xe6\x84\x00\x00\nY\x00\x00?\xd4!\x00\x00\x03\x06h\x93\x01i\x93\x01\x02\x80\x00\x03\x06f\x93\x01g\x93\x01\x02\x91c\x00\x00\x00\x18\xae!\x00\x00\xc7$\x00\x00\x00\x00\x02S\x83\x00\x00l \x00\x00\x80 \x00\x00\x01\x8b\x02\xbb\x8a\x00\x00\x01`\x83\x00\x00"Y\x00\x00\x15\x9e"\x00\x00l \x00\x00p \x00\x00\x01\x95\x01\x0e:Y\x00\x00\x00\x00\x16\x86&\x00\x00\x1e\x1e\x00\x00$\x1e\x00\x00\x01\x90\x02\x16\x86&\x00\x00b\x1e\x00\x00j\x1e\x00\x00\x01A\x02\x16+\x8b\x00\x00\x8e\x1f\x00\x00\x96\x1f\x00\x00\x01\x93\x02*\xe4\x1d\x00\x00x)\x00\x00\x03\x06h\x93\x01i\x93\x01\x02\x91c\x03\x01f\x018\x00\x00^\xf3(\x00\x00\x01\x99\x17\x01\x00\x00\x03;~\x1f\x00\x00\x01\x9e\x03;\xf1\x04\x00\x00\x01t\x03(8\'\x00\x00\x0b\xc4\x01\x03;\x01\x13\x00\x00\x01\xa3\x038\x92\x1e\x00\x00\x01\x01U\x8b\x00\x00\x19r\x11\x00\x00\x08\xc5\x0e\x03\x00\x00\x19q\x14\x00\x00\x08\xc5\x0e\x03\x00\x00\x00\xaf\x01\x12\x07\x00\x00\x01\x8e-\x00\x00\xae-\x00\x00\x03\x92 \x02\x01\t\x8c\x00\x00)\xb6!\x00\x00\x8e-\x00\x00\xae-\x00\x00\x08\xc5\xb0\x01r\x11\x00\x00\x08\xc5\x0e\x03\x00\x00\x7f\xb1\x01q\x14\x00\x00\x08\xc5\x0e\x03\x00\x00\x00\t\x8e-\x00\x00\xae-\x00\x00\x06>\x8b\x00\x00\x06I\x8b\x00\x00j\x96-\x00\x00\xc1\x8b\x00\x00\x03\x06h\x93\x01i\x93\x01\x05\x03\xe2\x07\x80\x00\x00j\x9e-\x00\x00\xd9\x8b\x00\x00\x03\x06h\x93\x01i\x93\x01\x05\x03\xff\x07\x80\x00\x00j\xa6-\x00\x00\xf1\x8b\x00\x00\x03\x06h\x93\x01i\x93\x01\x05\x03\x1c\x08\x80\x00\x00d\xae-\x00\x00\x01\x03\x06h\x93\x01i\x93\x01\x05\x039\x08\x80\x00\x00\x00\x00\x002\x18\x83\x00\x00\x19\x8c\x00\x001?\x00\x00\x00\x19\x00\x17\t\x8c\x00\x00J\x19\x8c\x00\x00fepk\x00\x08\x0c\x1e\x8c\x00\x00\x05\x03\x00\x00\x00\x00#\xd6&\x00\x00\x08#:\x00\x00\x00\x05\x03T\x04\x80\x00#G\x08\x00\x00\x08$:\x00\x00\x00\x05\x03\x00\x01\x80\x002w\x00\x00\x00f\x8c\x00\x001?\x00\x00\x00C\x00\x1f\x8e\x1c\x00\x00\x05\xb2\x07V\x8c\x00\x00\x05\x03V\x04\x80\x00\x1f\x17\r\x00\x00\x05\xb3\x07V\x8c\x00\x00\x05\x03\x9a\x04\x80\x00\x1f\xa0!\x00\x00\x05\xbc\x07V\x8c\x00\x00\x05\x03\xde\x04\x80\x002\xed\x18\x00\x00\xac\x8c\x00\x001?\x00\x00\x00\x02\x00\x17\x9c\x8c\x00\x00#\x14(\x00\x00\x08\x0f\xac\x8c\x00\x00\x05\x03 \x01\x80\x002\x87\x00\x00\x00\xd8\x8c\x00\x001?\x00\x00\x00\x041?\x00\x00\x00\x03\x00\x17\xc2\x8c\x00\x00\x1fZ\x0e\x00\x00\x05\xb1\x12\xd8\x8c\x00\x00\x05\x032\x01\x80\x00\x1f\xf5 \x00\x00\x05\xcb\x12w\x00\x00\x00\x05\x03$\x05\x80\x00\x1f\x9b)\x00\x00\x05\xc9\x12w\x00\x00\x00\x05\x03%\x05\x80\x00\x1fF(\x00\x00\x05\xca\x12w\x00\x00\x00\x05\x03&\x05\x80\x00\x1f\x94#\x00\x00\x05\xb9\x07\x9a\x07\x00\x00\x05\x03\x02\x01\x80\x00#\x08\x16\x00\x00\x061\xe4\x17\x00\x00\x05\x03\xca\x00\x00\x002;\x14\x00\x00X\x8d\x00\x001?\x00\x00\x00\x01\x00\x17H\x8d\x00\x00#y\x08\x00\x00\x01\'X\x8d\x00\x00\x05\x03\x0c\x01\x00\x00#\xf5\r\x00\x00\x01JR\x14\x00\x00\x05\x03\x10\x01\x00\x002!\x01\x00\x00\x8f\x8d\x00\x001?\x00\x00\x00\x0b\x00\x17\x7f\x8d\x00\x00#*\x15\x00\x00\x01B\x8f\x8d\x00\x00\x05\x03"\x01\x00\x002!\x01\x00\x00\xb5\x8d\x00\x001?\x00\x00\x00\x10\x00\x17\xa5\x8d\x00\x00#\x88\x0b\x00\x00\x011\xb5\x8d\x00\x00\x05\x03.\x01\x00\x002\x17\x01\x00\x00\xdb\x8d\x00\x001?\x00\x00\x00\x06\x00\x17\xcb\x8d\x00\x00\x1fx)\x00\x00\x01R\x01\xdb\x8d\x00\x00\x05\x03F\x01\x80\x00\x1f}%\x00\x00\x01\x92\x01\x0e\x03\x00\x00\x05\x03\'\x05\x80\x00\x1f\xad\'\x00\x00\x01\x91\x01\x0e\x03\x00\x00\x05\x03)\x05\x80\x00#O!\x00\x00\x06,\x17\x01\x00\x00\x05\x03+\x05\x80\x00#\xcf\x1f\x00\x00\x06*$\x14\x00\x00\x05\x03\x06\x01\x80\x00#.\x1f\x00\x00\x06)\xe3\x07\x00\x00\x05\x03\n\x01\x80\x00#\x9f#\x00\x00\x01\x1c&\x01\x00\x00\x05\x03,\x05\x80\x00#\'\x10\x00\x00\x01Z&\x01\x00\x00\x05\x03-\x05\x80\x00#\xe0\x12\x00\x00\x01Y&\x01\x00\x00\x05\x03.\x05\x80\x0025\x00\x00\x00\x8c\x8e\x00\x001?\x00\x00\x00\x06\x00\x17|\x8e\x00\x00#1\x06\x00\x00\x15\xcf\x8c\x8e\x00\x00\x05\x03?\x01\x00\x00\x1f\x00\x07\x00\x00\x05\xc6\x12v\x0f\x00\x00\x05\x03/\x05\x80\x002\xf7\x13\x00\x00\xc4\x8e\x00\x001?\x00\x00\x008\x00\x17\xb4\x8e\x00\x00\x1f\xc5\x06\x00\x00\x05\xfd\x08\xc4\x8e\x00\x00\x05\x03M\x01\x80\x00\x1f!\x07\x00\x00\x05\xb8\x07\x9a\x07\x00\x00\x05\x03\x12\x01\x80\x00\x1fX\x19\x00\x00\x05+\x16\x0b\x01\x00\x00\x05\x031\x05\x80\x00\x1f9\x0e\x00\x00\x05\xd1\x15\xab\x0f\x00\x00\x05\x03\x81\x05\x80\x00\x1f\x04\x19\x00\x00\x05\xd0\x15?\x08\x00\x00\x05\x03\x83\x05\x80\x00\x1fa\x12\x00\x00\x05\xd2\x15\xd0\x03\x00\x00\x05\x03\x87\x05\x80\x0025\x00\x00\x00E\x8f\x00\x001?\x00\x00\x00\xff\x00\x175\x8f\x00\x00\x1fz\x03\x00\x00\x05<\x11E\x8f\x00\x00\x05\x03\xbf\x01\x80\x00\x1f/\x14\x00\x00\x05\x04\x12@\x10\x00\x00\x05\x03\x88\x05\x80\x00\x1fv\x12\x00\x00\x05\xbd\x07\x9a\x07\x00\x00\x05\x03\x16\x01\x80\x002\x9e\x13\x00\x00\x90\x8f\x00\x001?\x00\x00\x00\x03\x00\x1f\x9d*\x00\x00\x05\xd0\x12\x80\x8f\x00\x00\x05\x03\x95\x05\x80\x00\x1fb%\x00\x00\x05\xcf\x129\x0f\x00\x00\x05\x03\x99\x06\x80\x00\x1f\xe9\x0b\x00\x00\x05\xc8\x12\x1a\x0c\x00\x00\x05\x03\x9c\x06\x80\x002\x92\x13\x00\x00\xd6\x8f\x00\x001?\x00\x00\x00\x13\x00\x1f\x80\x14\x00\x00\x05\xc3\x12\xc6\x8f\x00\x00\x05\x03\x9f\x06\x80\x00\x1f\xe3%\x00\x00\x05\xc7\x12\x9f\x0f\x00\x00\x05\x03S\x07\x80\x002w\x00\x00\x00\n\x90\x00\x001?\x00\x00\x00\x02\x00\x1f,\x1c\x00\x00\x05\xd4\x12\xfa\x8f\x00\x00\x05\x03T\x07\x80\x00\x1f\x99%\x00\x00\x05\xb0\x07\xd9\x12\x00\x00\x05\x03W\x07\x80\x00#W(\x00\x00\x08 F\x90\x00\x00\x05\x03T\x04\x80\x00@\x04\x043\x17\x00\x00J?\x90\x00\x00#g\x08\x00\x00\x08\x1f\x82\x00\x00\x00\x05\x03X\x04\x80\x00#\xc3\n\x00\x00\x08\x1e\x82\x00\x00\x00\x05\x03Y\x04\x80\x00#\xf4%\x00\x00\x08\x1d:\x00\x00\x00\x05\x03Z\x04\x80\x00#\xc5)\x00\x00\x08&(\x05\x00\x00\x05\x03w\x07\x80\x00#\xc2\x08\x00\x00\x04(\x8c\x00\x00\x00\x05\x03{\x07\x80\x00#\xce\x10\x00\x00\x04\'\xb8\x90\x00\x00\x05\x03|\x07\x80\x00@\x04\x07=\x1e\x00\x00J\xb1\x90\x00\x00#>\x15\x00\x00\x04&\xb8\x90\x00\x00\x05\x03\x80\x07\x80\x00#\xf9\x1f\x00\x00\x01\x1d&\x01\x00\x00\x05\x03\x90\x07\x80\x00#\xee\x06\x00\x00\x01X&\x01\x00\x00\x05\x03\x91\x07\x80\x00##$\x00\x00\x15\xd9\x8c\x8e\x00\x00\x05\x03M\x01\x00\x002\x87\x00\x00\x00\x11\x91\x00\x001?\x00\x00\x00\x1e\x00\x17\x01\x91\x00\x00#R$\x00\x00\x15\xed\x11\x91\x00\x00\x05\x03[\x01\x00\x00\x1f:\x1d\x00\x00\x15\x13\x01\x11\x91\x00\x00\x05\x03z\x01\x00\x00\x1f\xb5\x10\x00\x00\x159\x01\x11\x91\x00\x00\x05\x03\x99\x01\x00\x00\x1f\xc5\x15\x00\x00\x063\x01\x92\x05\x00\x00\x05\x03\x92\x07\x80\x00#\x10#\x00\x00\x08\xb5\xd7\x03\x00\x00\x05\x03\xe2\x07\x80\x00#\x8a\t\x00\x00\x08\xb45\t\x00\x00\x05\x03\xff\x07\x80\x00#\x82\t\x00\x00\x08\xb35\t\x00\x00\x05\x03\x1c\x08\x80\x00#\xb1!\x00\x00\x08\xb28\x03\x00\x00\x05\x039\x08\x80\x00\x00\xb7\x00\x00\x00\x02\x00\x86\x13\x00\x00\x04\x01\x14%\x00\x00H5\x00\x00L5\x00\x00../../../../gcc/libgcc/config/avr/lib1funcs.S\x00/home/jenkins-mingw32/workspace/avr-gcc-staging/label/Ubuntu14.04x64-mingw32/gcc-build/avr/avr5/libgcc\x00GNU AS 2.26\x00\x01\x80\xb7\x00\x00\x00\x02\x00\x9a\x13\x00\x00\x04\x01v%\x00\x00\x822\x00\x00\xaa2\x00\x00../../../../gcc/libgcc/config/avr/lib1funcs.S\x00/home/jenkins-mingw32/workspace/avr-gcc-staging/label/Ubuntu14.04x64-mingw32/gcc-build/avr/avr5/libgcc\x00GNU AS 2.26\x00\x01\x80\xb7\x00\x00\x00\x02\x00\xae\x13\x00\x00\x04\x01D&\x00\x00\xaa2\x00\x00\xd22\x00\x00../../../../gcc/libgcc/config/avr/lib1funcs.S\x00/home/jenkins-mingw32/workspace/avr-gcc-staging/label/Ubuntu14.04x64-mingw32/gcc-build/avr/avr5/libgcc\x00GNU AS 2.26\x00\x01\x80\xb7\x00\x00\x00\x02\x00\xc2\x13\x00\x00\x04\x01\x0c\'\x00\x00\xd22\x00\x00\xde2\x00\x00../../../../gcc/libgcc/config/avr/lib1funcs.S\x00/home/jenkins-mingw32/workspace/avr-gcc-staging/label/Ubuntu14.04x64-mingw32/gcc-build/avr/avr5/libgcc\x00GNU AS 2.26\x00\x01\x80\xb7\x00\x00\x00\x02\x00\xd6\x13\x00\x00\x04\x01\x86\'\x00\x00\xc8\x01\x00\x00\xde\x01\x00\x00../../../../gcc/libgcc/config/avr/lib1funcs.S\x00/home/jenkins-mingw32/workspace/avr-gcc-staging/label/Ubuntu14.04x64-mingw32/gcc-build/avr/avr5/libgcc\x00GNU AS 2.26\x00\x01\x80\xb7\x00\x00\x00\x02\x00\xea\x13\x00\x00\x04\x01\x1e(\x00\x00\xde\x01\x00\x00\xee\x01\x00\x00../../../../gcc/libgcc/config/avr/lib1funcs.S\x00/home/jenkins-mingw32/workspace/avr-gcc-staging/label/Ubuntu14.04x64-mingw32/gcc-build/avr/avr5/libgcc\x00GNU AS 2.26\x00\x01\x80\xb7\x00\x00\x00\x02\x00\xfe\x13\x00\x00\x04\x01\xa4(\x00\x00\xee\x01\x00\x00\x04\x02\x00\x00../../../../gcc/libgcc/config/avr/lib1funcs.S\x00/home/jenkins-mingw32/workspace/avr-gcc-staging/label/Ubuntu14.04x64-mingw32/gcc-build/avr/avr5/libgcc\x00GNU AS 2.26\x00\x01\x80\xb7\x00\x00\x00\x02\x00\x12\x14\x00\x00\x04\x016)\x00\x0025\x00\x00H5\x00\x00../../../../gcc/libgcc/config/avr/lib1funcs.S\x00/home/jenkins-mingw32/workspace/avr-gcc-staging/label/Ubuntu14.04x64-mingw32/gcc-build/avr/avr5/libgcc\x00GNU AS 2.26\x00\x01\x80'), '.debug_abbrev': DebugInfo(section=Elf_Section(index = 9, sh_name = 119, sh_type = 1, sh_flags = 0, sh_addr = 0, sh_offset = 56366, sh_size = 5158, sh_link = 0, sh_info = 0, sh_addralign = 1, sh_entsize = 0, section_name = '.debug_abbrev', section_image = b'\x01\x11\x01%\x0e\x10\x06\x00\x00\x02$\x00\x03\x0e\x0b\x0b>\x0b\x00\x00\x03$\x00\x03\x0e\x0b\x0b>\x0b\x00\x00\x04\x01\x01I\x13\x00\x00\x05!\x00I\x13/\x05\x00\x00\x064\x00\x03\x0e:\x0b;\x0bI\x13?\x0c\x02\n\x00\x00\x074\x00\x03\x0e:\x0b;\x0bI\x13?\x0c\x02\n\x00\x00\x084\x00\x03\x0e:\x0b;\x0bI\x13?\x0c\x02\n\x00\x00\t4\x00\x03\x0e:\x0b;\x0bI\x13?\x0c\x02\n\x00\x00\n4\x00\x03\x0e:\x0b;\x0bI\x13?\x0c\x02\n\x00\x00\x0b4\x00\x03\x0e:\x0b;\x0bI\x13?\x0c\x02\n\x00\x00\x0c4\x00\x03\x0e:\x0b;\x0bI\x13?\x0c\x02\n\x00\x00\r4\x00\x03\x0e:\x0b;\x0bI\x13?\x0c\x02\n\x00\x00\x0e4\x00\x03\x0e:\x0b;\x0bI\x13?\x0c\x02\n\x00\x00\x0f4\x00\x03\x0e:\x0b;\x0bI\x13?\x0c\x02\n\x00\x00\x104\x00\x03\x0e:\x0b;\x0bI\x13?\x0c\x02\n\x00\x00\x114\x00\x03\x0e:\x0b;\x0bI\x13?\x0c\x02\n\x00\x00\x124\x00\x03\x0e:\x0b;\x0bI\x13?\x0c\x02\n\x00\x00\x134\x00\x03\x0e:\x0b;\x0bI\x13?\x0c\x02\n\x00\x00\x144\x00\x03\x0e:\x0b;\x0bI\x13?\x0c\x02\n\x00\x00\x154\x00\x03\x0e:\x0b;\x0bI\x13?\x0c\x02\n\x00\x00\x164\x00\x03\x0e:\x0b;\x0bI\x13?\x0c\x02\n\x00\x00\x174\x00\x03\x0e:\x0b;\x0bI\x13?\x0c\x02\n\x00\x00\x184\x00\x03\x0e:\x0b;\x0bI\x13?\x0c\x02\n\x00\x00\x194\x00\x03\x0e:\x0b;\x0bI\x13?\x0c\x02\n\x00\x00\x1a4\x00\x03\x0e:\x0b;\x0bI\x13?\x0c\x02\n\x00\x00\x1b4\x00\x03\x0e:\x0b;\x0bI\x13?\x0c\x02\n\x00\x00\x1c4\x00\x03\x0e:\x0b;\x0bI\x13?\x0c\x02\n\x00\x00\x1d4\x00\x03\x0e:\x0b;\x0bI\x13?\x0c\x02\n\x00\x00\x1e4\x00\x03\x0e:\x0b;\x0bI\x13?\x0c\x02\n\x00\x00\x1f4\x00\x03\x0e:\x0b;\x0bI\x13?\x0c\x02\n\x00\x00 4\x00\x03\x0e:\x0b;\x0bI\x13?\x0c\x02\n\x00\x00!4\x00\x03\x0e:\x0b;\x0bI\x13?\x0c\x02\n\x00\x00"4\x00\x03\x0e:\x0b;\x0bI\x13?\x0c\x02\n\x00\x00#4\x00\x03\x0e:\x0b;\x0bI\x13?\x0c\x02\n\x00\x00$4\x00\x03\x0e:\x0b;\x0bI\x13?\x0c\x02\n\x00\x00%4\x00\x03\x0e:\x0b;\x0bI\x13?\x0c\x02\n\x00\x00&4\x00\x03\x0e:\x0b;\x0bI\x13?\x0c\x02\n\x00\x00\'4\x00\x03\x0e:\x0b;\x0bI\x13?\x0c\x02\n\x00\x00(4\x00\x03\x0e:\x0b;\x0bI\x13?\x0c\x02\n\x00\x00)4\x00\x03\x0e:\x0b;\x0bI\x13?\x0c\x02\n\x00\x00*4\x00\x03\x0e:\x0b;\x0bI\x13?\x0c\x02\n\x00\x00+4\x00\x03\x0e:\x0b;\x0bI\x13?\x0c\x02\n\x00\x00,4\x00\x03\x0e:\x0b;\x0bI\x13?\x0c\x02\n\x00\x00-4\x00\x03\x0e:\x0b;\x0bI\x13?\x0c\x02\n\x00\x00.4\x00\x03\x0e:\x0b;\x0bI\x13?\x0c\x02\n\x00\x00/4\x00\x03\x0e:\x0b;\x0bI\x13?\x0c\x02\n\x00\x0004\x00\x03\x0e:\x0b;\x0bI\x13?\x0c\x02\n\x00\x0014\x00\x03\x0e:\x0b;\x0bI\x13?\x0c\x02\n\x00\x0024\x00\x03\x0e:\x0b;\x0bI\x13?\x0c\x02\n\x00\x0034\x00\x03\x0e:\x0b;\x0bI\x13?\x0c\x02\n\x00\x0044\x00\x03\x0e:\x0b;\x0bI\x13?\x0c\x02\n\x00\x0054\x00\x03\x0e:\x0b;\x0bI\x13?\x0c\x02\n\x00\x0064\x00\x03\x0e:\x0b;\x0bI\x13?\x0c\x02\n\x00\x0074\x00\x03\x0e:\x0b;\x0bI\x13?\x0c\x02\n\x00\x0084\x00\x03\x0e:\x0b;\x0bI\x13?\x0c\x02\n\x00\x0094\x00\x03\x0e:\x0b;\x0bI\x13?\x0c\x02\n\x00\x00:4\x00\x03\x0e:\x0b;\x0bI\x13?\x0c\x02\n\x00\x00;4\x00\x03\x0e:\x0b;\x0bI\x13?\x0c\x02\n\x00\x00<4\x00\x03\x0e:\x0b;\x0bI\x13?\x0c\x02\n\x00\x00=4\x00\x03\x0e:\x0b;\x0bI\x13?\x0c\x02\n\x00\x00>4\x00\x03\x0e:\x0b;\x0bI\x13?\x0c\x02\n\x00\x00?4\x00\x03\x0e:\x0b;\x0bI\x13?\x0c\x02\n\x00\x00@4\x00\x03\x0e:\x0b;\x0bI\x13?\x0c\x02\n\x00\x00A4\x00\x03\x0e:\x0b;\x0bI\x13?\x0c\x02\n\x00\x00B4\x00\x03\x0e:\x0b;\x0bI\x13?\x0c\x02\n\x00\x00C4\x00\x03\x0e:\x0b;\x0bI\x13?\x0c\x02\n\x00\x00D4\x00\x03\x0e:\x0b;\x0bI\x13?\x0c\x02\n\x00\x00E4\x00\x03\x0e:\x0b;\x0bI\x13?\x0c\x02\n\x00\x00F4\x00\x03\x0e:\x0b;\x0bI\x13?\x0c\x02\n\x00\x00G4\x00\x03\x0e:\x0b;\x0bI\x13?\x0c\x02\n\x00\x00H4\x00\x03\x0e:\x0b;\x0bI\x13?\x0c\x02\n\x00\x00I4\x00\x03\x0e:\x0b;\x0bI\x13?\x0c\x02\n\x00\x00J4\x00\x03\x0e:\x0b;\x0bI\x13?\x0c\x02\n\x00\x00K4\x00\x03\x0e:\x0b;\x0bI\x13?\x0c\x02\n\x00\x00L4\x00\x03\x0e:\x0b;\x0bI\x13?\x0c\x02\n\x00\x00M4\x00\x03\x0e:\x0b;\x0bI\x13?\x0c\x02\n\x00\x00N4\x00\x03\x0e:\x0b;\x0bI\x13?\x0c\x02\n\x00\x00O4\x00\x03\x0e:\x0b;\x0bI\x13?\x0c\x02\n\x00\x00P4\x00\x03\x0e:\x0b;\x0bI\x13?\x0c\x02\n\x00\x00Q4\x00\x03\x0e:\x0b;\x0bI\x13?\x0c\x02\n\x00\x00R4\x00\x03\x0e:\x0b;\x0bI\x13?\x0c\x02\n\x00\x00S4\x00\x03\x0e:\x0b;\x0bI\x13?\x0c\x02\n\x00\x00T4\x00\x03\x0e:\x0b;\x0bI\x13?\x0c\x02\n\x00\x00U4\x00\x03\x0e:\x0b;\x0bI\x13?\x0c\x02\n\x00\x00V4\x00\x03\x0e:\x0b;\x0bI\x13?\x0c\x02\n\x00\x00W4\x00\x03\x0e:\x0b;\x0bI\x13?\x0c\x02\n\x00\x00X4\x00\x03\x0e:\x0b;\x0bI\x13?\x0c\x02\n\x00\x00Y4\x00\x03\x0e:\x0b;\x0bI\x13?\x0c\x02\n\x00\x00Z4\x00\x03\x0e:\x0b;\x0bI\x13?\x0c\x02\n\x00\x00[4\x00\x03\x0e:\x0b;\x0bI\x13?\x0c\x02\n\x00\x00\\4\x00\x03\x0e:\x0b;\x0bI\x13?\x0c\x02\n\x00\x00]4\x00\x03\x0e:\x0b;\x0bI\x13?\x0c\x02\n\x00\x00^4\x00\x03\x0e:\x0b;\x0bI\x13?\x0c\x02\n\x00\x00_4\x00\x03\x0e:\x0b;\x0bI\x13?\x0c\x02\n\x00\x00`4\x00\x03\x0e:\x0b;\x0bI\x13?\x0c\x02\n\x00\x00a4\x00\x03\x0e:\x0b;\x0bI\x13?\x0c\x02\n\x00\x00b4\x00\x03\x0e:\x0b;\x0bI\x13?\x0c\x02\n\x00\x00c4\x00\x03\x0e:\x0b;\x0bI\x13?\x0c\x02\n\x00\x00d4\x00\x03\x0e:\x0b;\x0bI\x13?\x0c\x02\n\x00\x00e4\x00\x03\x0e:\x0b;\x0bI\x13?\x0c\x02\n\x00\x00f4\x00\x03\x0e:\x0b;\x0bI\x13?\x0c\x02\n\x00\x00g4\x00\x03\x0e:\x0b;\x0bI\x13?\x0c\x02\n\x00\x00h4\x00\x03\x0e:\x0b;\x0bI\x13?\x0c\x02\n\x00\x00i4\x00\x03\x0e:\x0b;\x0bI\x13?\x0c\x02\n\x00\x00j4\x00\x03\x0e:\x0b;\x0bI\x13?\x0c\x02\n\x00\x00k4\x00\x03\x0e:\x0b;\x0bI\x13?\x0c\x02\n\x00\x00l4\x00\x03\x0e:\x0b;\x0bI\x13?\x0c\x02\n\x00\x00m4\x00\x03\x0e:\x0b;\x0bI\x13?\x0c\x02\n\x00\x00n4\x00\x03\x0e:\x0b;\x0bI\x13?\x0c\x02\n\x00\x00o4\x00\x03\x0e:\x0b;\x0bI\x13?\x0c\x02\n\x00\x00p4\x00\x03\x0e:\x0b;\x0bI\x13?\x0c\x02\n\x00\x00q4\x00\x03\x0e:\x0b;\x0bI\x13?\x0c\x02\n\x00\x00r4\x00\x03\x0e:\x0b;\x0bI\x13?\x0c\x02\n\x00\x00s4\x00\x03\x0e:\x0b;\x0bI\x13?\x0c\x02\n\x00\x00t4\x00\x03\x0e:\x0b;\x0bI\x13?\x0c\x02\n\x00\x00u4\x00\x03\x0e:\x0b;\x0bI\x13?\x0c\x02\n\x00\x00v4\x00\x03\x0e:\x0b;\x0bI\x13?\x0c\x02\n\x00\x00w4\x00\x03\x0e:\x0b;\x0bI\x13?\x0c\x02\n\x00\x00x4\x00\x03\x0e:\x0b;\x0bI\x13?\x0c\x02\n\x00\x00y4\x00\x03\x0e:\x0b;\x0bI\x13?\x0c\x02\n\x00\x00z4\x00\x03\x0e:\x0b;\x0bI\x13?\x0c\x02\n\x00\x00{4\x00\x03\x0e:\x0b;\x0bI\x13?\x0c\x02\n\x00\x00|4\x00\x03\x0e:\x0b;\x0bI\x13?\x0c\x02\n\x00\x00}4\x00\x03\x0e:\x0b;\x0bI\x13?\x0c\x02\n\x00\x00~4\x00\x03\x0e:\x0b;\x0bI\x13?\x0c\x02\n\x00\x00\x7f4\x00\x03\x0e:\x0b;\x0bI\x13?\x0c\x02\n\x00\x00\x80\x014\x00\x03\x0e:\x0b;\x0bI\x13?\x0c\x02\n\x00\x00\x81\x014\x00\x03\x0e:\x0b;\x0bI\x13?\x0c\x02\n\x00\x00\x82\x014\x00\x03\x0e:\x0b;\x0bI\x13?\x0c\x02\n\x00\x00\x83\x014\x00\x03\x0e:\x0b;\x0bI\x13?\x0c\x02\n\x00\x00\x84\x014\x00\x03\x0e:\x0b;\x0bI\x13?\x0c\x02\n\x00\x00\x85\x014\x00\x03\x0e:\x0b;\x0bI\x13?\x0c\x02\n\x00\x00\x86\x014\x00\x03\x0e:\x0b;\x0bI\x13?\x0c\x02\n\x00\x00\x87\x014\x00\x03\x0e:\x0b;\x0bI\x13?\x0c\x02\n\x00\x00\x88\x014\x00\x03\x0e:\x0b;\x0bI\x13?\x0c\x02\n\x00\x00\x89\x014\x00\x03\x0e:\x0b;\x0bI\x13?\x0c\x02\n\x00\x00\x8a\x014\x00\x03\x0e:\x0b;\x0bI\x13?\x0c\x02\n\x00\x00\x8b\x014\x00\x03\x0e:\x0b;\x0bI\x13?\x0c\x02\n\x00\x00\x8c\x014\x00\x03\x0e:\x0b;\x0bI\x13?\x0c\x02\n\x00\x00\x8d\x014\x00\x03\x0e:\x0b;\x0bI\x13?\x0c\x02\n\x00\x00\x8e\x014\x00\x03\x0e:\x0b;\x0bI\x13?\x0c\x02\n\x00\x00\x8f\x014\x00\x03\x0e:\x0b;\x0bI\x13?\x0c\x02\n\x00\x00\x00\x01\x05\x001\x13\x02\x06\x00\x00\x02\x1d\x011\x13\x11\x01\x12\x01X\x0bY\x05\x01\x13\x00\x00\x03\x8a\x82\x01\x00\x02\n\x91B\n\x00\x00\x044\x001\x13\x02\x06\x00\x00\x054\x00\x03\x0e:\x0b;\x05I\x13\x00\x00\x064\x001\x13\x00\x00\x074\x00\x03\x0e:\x0b;\x05I\x13\x02\x06\x00\x00\x08\r\x00\x03\x0e:\x0b;\x0bI\x138\n\x00\x00\t\x0b\x01\x11\x01\x12\x01\x00\x00\n4\x00\x03\x08:\x0b;\x05I\x13\x00\x00\x0b\x05\x001\x13\x1c\x0b\x00\x00\x0c\x05\x00\x03\x08:\x0b;\x05I\x13\x00\x00\r4\x00\x03\x08:\x0b;\x05I\x13\x02\x06\x00\x00\x0e4\x00\x02\x06\x00\x00\x0f\r\x00\x03\x0e:\x0b;\x05I\x138\n\x00\x00\x10\x05\x00I\x134\x0c\x00\x00\x11(\x00\x03\x0e\x1c\x0b\x00\x00\x12\x05\x00\x03\x0e:\x0b;\x05I\x13\x00\x00\x13\x05\x001\x13\x00\x00\x14\x89\x82\x01\x00\x11\x01\x95B\x0c1\x13\x00\x00\x15\x1d\x011\x13\x11\x01\x12\x01X\x0bY\x05\x00\x00\x16\x1d\x001\x13\x11\x01\x12\x01X\x0bY\x05\x00\x00\x17&\x00I\x13\x00\x00\x18\x89\x82\x01\x00\x11\x011\x13\x00\x00\x194\x00\x03\x0e:\x0b;\x0bI\x13\x00\x00\x1a\x16\x00\x03\x0e:\x0b;\x05I\x13\x00\x00\x1b\x0f\x00\x0b\x0bI\x13\x00\x00\x1c\x05\x00I\x13\x00\x00\x1d\x0b\x01\x00\x00\x1e\x0b\x01U\x06\x00\x00\x1f4\x00\x03\x0e:\x0b;\x05I\x13\x02\n\x00\x00 4\x00\x03\x08:\x0b;\x05I\x13\x1c\x0b\x00\x00!\r\x00\x03\x0e:\x0b;\x0bI\x138\n2\x0b\x00\x00"\x05\x00\x03\x0e:\x0b;\x0bI\x13\x00\x00#4\x00\x03\x0e:\x0b;\x0bI\x13\x02\n\x00\x00$4\x00\x00\x00%\x05\x00\x03\x08:\x0b;\x05I\x13\x02\x06\x00\x00&\x1d\x011\x13R\x01U\x06X\x0bY\x05\x01\x13\x00\x00\'.\x01\x03\x0e:\x0b;\x05 \x0b\x01\x13\x00\x00(.\x00\x03\x0e:\x0b;\x05 \x0b\x00\x00)\x1d\x011\x13\x11\x01\x12\x01X\x0bY\x0b\x00\x00*\x89\x82\x01\x01\x11\x011\x13\x00\x00+\x05\x00\x03\x0eI\x134\x0c\x00\x00,.\x01G\x13 \x0bd\x13\x01\x13\x00\x00-\x89\x82\x01\x01\x11\x01\x95B\x0c1\x13\x00\x00.\x89\x82\x01\x01\x11\x011\x13\x01\x13\x00\x00/.\x01\x03\x0e:\x0b;\x05\x11\x01\x12\x01@\n\x97B\x0c\x01\x13\x00\x000\x13\x01\x03\x0e\x0b\x0b:\x0b;\x05\x01\x13\x00\x001!\x00I\x13/\x0b\x00\x002\x01\x01I\x13\x01\x13\x00\x003.\x01\x03\x0e:\x0b;\x05I\x13 \x0b\x01\x13\x00\x004\x16\x00\x03\x0e:\x0b;\x0bI\x13\x00\x005\x05\x00\x03\x08:\x0b;\x0bI\x13\x00\x0064\x00\x03\x08:\x0b;\x0bI\x13\x00\x0074\x001\x13\x1c\x0b\x00\x008.\x01\x03\x0e4\x0c \x0b\x01\x13\x00\x009.\x01\x03\x0e:\x0b;\x0b<\x0cd\x13\x01\x13\x00\x00:\x05\x00\x03\x0eI\x134\x0c\x02\x06\x00\x00;.\x00\x03\x0e:\x0b;\x0b \x0b\x00\x00<\x1d\x011\x13\x11\x01\x12\x01X\x0bY\x0b\x01\x13\x00\x00=\x0b\x011\x13\x11\x01\x12\x01\x00\x00>.\x011\x13\x11\x01\x12\x01@\n\x97B\x0c\x01\x13\x00\x00?\x89\x82\x01\x01\x11\x01\x00\x00@$\x00\x0b\x0b>\x0b\x03\x0e\x00\x00A\r\x00\x03\x08:\x0b;\x05I\x138\n\x00\x00B\x13\x01\x03\x0e\x0b\x0b:\x0b;\x0b\x87@\x0e\x01\x13\x00\x00C\r\x00\x03\x08:\x0b;\x0bI\x138\n\x00\x00D\x0b\x01\x01\x13\x00\x00E\x1d\x011\x13R\x01U\x06X\x0bY\x0b\x01\x13\x00\x00F\x0b\x011\x13U\x06\x00\x00G.\x00\x03\x0e:\x0b;\x05I\x13 \x0b\x00\x00H.\x01\x03\x0e:\x0b;\x05\x11\x01\x12\x01@\x06\x97B\x0c\x01\x13\x00\x00I.\x01\x03\x0e:\x0b;\x0bI\x13 \x0b\x01\x13\x00\x00J5\x00I\x13\x00\x00K\x04\x01\x03\x0e>\x0b\x0b\x0bI\x13:\x0b;\x05\x01\x13\x00\x00L\x0b\x011\x13\x11\x01\x12\x01\x01\x13\x00\x00M\x1d\x011\x13R\x01U\x06X\x0bY\x05\x00\x00N\x05\x001\x13\x1c\r\x00\x00O\x13\x01\x03\x0e\x0b\x0b:\x0b;\x0b\x1d\x13\x01\x13\x00\x00P4\x001\x13\x02\n\x00\x00Q.\x01\x03\x0eI\x134\x0c \x0b\x01\x13\x00\x00R4\x00\x1c\x0b\x00\x00S.\x01\x03\x0e:\x0b;\x0b \x0b\x01\x13\x00\x00T\x1d\x001\x13\x11\x01\x12\x01X\x0bY\x0b\x00\x00U\x05\x00\x03\x0e:\x0b;\x05I\x13\x02\x06\x00\x00V\x89\x82\x01\x00\x11\x01\x00\x00W.\x01\x03\x0e:\x0b;\x0bL\x0bM\n\x1d\x13<\x0cd\x13\x01\x13\x00\x00X\x1c\x00I\x138\n2\x0b\x00\x00Y.\x00G\x13 \x0b\x00\x00Z.\x011\x13\x11\x01\x12\x01@\x06\x97B\x0c\x01\x13\x00\x00[\x13\x01\x03\x0e\x0b\x0b:\x0b;\x0b\x01\x13\x00\x00\\.\x01\x03\x0e:\x0b;\x0bI\x13L\x0bM\n\x1d\x13<\x0cd\x13\x01\x13\x00\x00]\x10\x00\x0b\x0bI\x13\x00\x00^.\x00\x03\x0e:\x0b;\x0bI\x13 \x0b\x00\x00_\x05\x001\x13\x02\n\x00\x00`\x05\x00\x03\x0e:\x0b;\x0bI\x13\x02\x06\x00\x00a.\x01G\x13\x11\x01\x12\x01@\x06d\x13\x97B\x0c\x01\x13\x00\x00b.\x01G\x13\x11\x01\x12\x01@\nd\x13\x97B\x0c\x01\x13\x00\x00c4\x00\x03\x08:\x0b;\x05I\x13\x1c\r\x00\x00d\x89\x82\x01\x01\x11\x01\x95B\x0c\x00\x00e.\x00\x03\x0e4\x0c \x0b\x00\x00f4\x00\x03\x08:\x0b;\x0bI\x13\x02\n\x00\x00g\x0b\x011\x13U\x06\x01\x13\x00\x00h\x1d\x011\x13R\x01U\x06X\x0bY\x0b\x00\x00i.\x01G\x13:\x0b;\x0b\x11\x01\x12\x01@\x06d\x13\x97B\x0c\x01\x13\x00\x00j\x89\x82\x01\x01\x11\x01\x01\x13\x00\x00k\x16\x00\x03\x08:\x0b;\x0bI\x13\x00\x00l.\x01\x03\x0e4\x0c<\x0cd\x13\x01\x13\x00\x00m4\x00\x03\x08:\x0b;\x0bI\x13\x02\x06\x00\x00n.\x01\x03\x0e:\x0b;\x05I\x13\x11\x01\x12\x01@\n\x97B\x0c\x01\x13\x00\x00o.\x01\x03\x0e:\x0b;\x05I\x13\x11\x01\x12\x01@\x06\x97B\x0c\x01\x13\x00\x00p\x0b\x01\x11\x01\x12\x01\x01\x13\x00\x00q.\x011\x13\x11\x01\x12\x01@\x06d\x13\x97B\x0c\x01\x13\x00\x00r\r\x00\x03\x08:\x0b;\x0bI\x138\n2\x0b\x00\x00s.\x01\x03\x0e:\x0b;\x0b<\x0cd\x13\x00\x00t\r\x00\x03\x0eI\x138\n4\x0c\x00\x00u.\x01\x03\x0eL\x0bM\n\x1d\x134\x0c<\x0cd\x13\x00\x00v.\x00\x03\x0eI\x134\x0c<\x0c\x00\x00w.\x01\x03\x0e:\x0b;\x0bI\x13<\x0cd\x13\x01\x13\x00\x00x\r\x00\x03\x0e:\x0b;\x05I\x13\x00\x00y.\x01\x03\x0e:\x0b;\x0bI\x13\x11\x01\x12\x01@\n\x97B\x0c\x01\x13\x00\x00z\x0b\x01U\x06\x01\x13\x00\x00{\x1d\x001\x13R\x01U\x06X\x0bY\x05\x00\x00|.\x01G\x13:\x0b;\x0b \x0b\x01\x13\x00\x00}4\x00\x03\x0eI\x134\x0c\x00\x00~.\x01G\x13\x11\x01\x12\x01@\x06d\x13\x96B\x0c\x01\x13\x00\x00\x7f\x05\x00\x03\x0eI\x134\x0c\x02\n\x00\x00\x80\x01\x05\x00\x03\x0e:\x0b;\x05I\x13\x02\n\x00\x00\x81\x014\x00\x03\x0e:\x0b;\x05I\x13\x1c\x0b\x00\x00\x82\x01.\x01G\x13:\x0b;\x0b\x11\x01\x12\x01@\nd\x13\x97B\x0c\x01\x13\x00\x00\x83\x01.\x01?\x0c\x03\x0e:\x0b;\x05\x11\x01\x12\x01@\x06\x97B\x0c\x01\x13\x00\x00\x84\x01\x11\x01%\x0e\x13\x0b\x03\x0e\x1b\x0eU\x06\x11\x01R\x01\x10\x06\x00\x00\x85\x01.\x01?\x0c\x03\x0e:\x0b;\x0b\x87@\x0e<\x0cd\x13\x01\x13\x00\x00\x86\x01.\x01\x03\x0e:\x0b;\x0bL\x0bM\n\x1d\x13<\x0cd\x13\x00\x00\x87\x01\x15\x01I\x13\x01\x13\x00\x00\x88\x01\x18\x00\x00\x00\x89\x01$\x00\x0b\x0b>\x0b\x03\x08\x00\x00\x8a\x01\x0f\x00\x0b\x0b\x03\x0eI\x13\x00\x00\x8b\x01.\x01\x03\x0eL\x0bM\n\x1d\x134\x0c<\x0cd\x13\x01\x13\x00\x00\x8c\x01.\x01?\x0c\x03\x0e:\x0b;\x0b\x87@\x0eI\x13<\x0cd\x13\x00\x00\x8d\x01\x13\x00\x03\x0e<\x0c\x00\x00\x8e\x01\x13\x01\x03\x0e<\x0c\x01\x13\x00\x00\x8f\x01.\x01?\x0c\x03\x0e:\x0b;\x0b\x87@\x0e2\x0b<\x0cd\x13\x00\x00\x90\x01.\x01\x03\x0eI\x13L\x0bM\n\x1d\x134\x0c<\x0cd\x13\x01\x13\x00\x00\x91\x01.\x01\x03\x0e:\x0b;\x0bI\x13L\x0bM\n\x1d\x13<\x0cd\x13\x00\x00\x92\x01.\x01\x03\x0e:\x0b;\x05<\x0cd\x13\x00\x00\x93\x01.\x01?\x0c\x03\x0e:\x0b;\x0b\x87@\x0eI\x13<\x0cd\x13\x01\x13\x00\x00\x94\x01.\x01\x03\x08:\x0b;\x0bI\x13<\x0cd\x13\x01\x13\x00\x00\x95\x01.\x01\x03\x0e:\x0b;\x0b2\x0b<\x0cd\x13\x01\x13\x00\x00\x96\x01.\x01?\x0c\x03\x0e:\x0b;\x0b\x87@\x0e<\x0cd\x13\x00\x00\x97\x01.\x01\x03\x0e:\x0b;\x0bI\x13<\x0cd\x13\x00\x00\x98\x01\x15\x00\x00\x00\x99\x01\x17\x01\x0b\x0b:\x0b;\x05\x01\x13\x00\x00\x9a\x01\r\x00\x03\x08:\x0b;\x05I\x13\x00\x00\x9b\x01\x13\x01\x03\x0e\x0b\x0b:\x0b;\x05\x87@\x0e\x01\x13\x00\x00\x9c\x01\x15\x01\x01\x13\x00\x00\x9d\x01\x0f\x00\x0b\x0b\x00\x00\x9e\x01&\x00\x00\x00\x9f\x014\x00\x03\x0e:\x0b;\x0bI\x13\x02\x06\x00\x00\xa0\x01.\x00\x03\x0e:\x0b;\x05\x11\x01\x12\x01@\n\x97B\x0c\x00\x00\xa1\x01.\x01\x03\x0e:\x0b;\x0b\x11\x01\x12\x01@\n\x97B\x0c\x01\x13\x00\x00\xa2\x01.\x01G\x13:\x0b;\x0b \x0bd\x13\x01\x13\x00\x00\xa3\x01\x05\x00\x03\x08:\x0b;\x0bI\x13\x02\x06\x00\x00\xa4\x01.\x011\x13\x11\x01\x12\x01@\nd\x13\x97B\x0c\x01\x13\x00\x00\xa5\x01\x05\x00\x03\x0e:\x0b;\x0bI\x13\x02\n\x00\x00\xa6\x01\x05\x00\x02\x06\x00\x00\xa7\x014\x00\x1c\r\x00\x00\xa8\x014\x00\x03\x0eI\x134\x0c\x02\x06\x00\x00\xa9\x019\x01\x03\x08:\x0b;\x0b\x01\x13\x00\x00\xaa\x01.\x01\x03\x0e4\x0c\x11\x01\x12\x01@\x06\x97B\x0c\x01\x13\x00\x00\xab\x014\x00\x03\x0e:\x0b;\x05I\x13\x1c\x05\x00\x00\xac\x01\x89\x82\x01\x00\x11\x01\x95B\x0c\x00\x00\xad\x01.\x01?\x0c\x03\x0e:\x0b;\x0b\x11\x01\x12\x01@\x06\x97B\x0c\x01\x13\x00\x00\xae\x01.\x01?\x0c\x03\x0e:\x0b;\x0bI\x13\x87\x01\x0c\x11\x01\x12\x01@\x06\x96B\x0c\x01\x13\x00\x00\xaf\x01.\x01\x03\x0e4\x0c\x11\x01\x12\x01@\n\x97B\x0c\x01\x13\x00\x00\xb0\x014\x00\x03\x0e:\x0b;\x0bI\x13\x1c\r\x00\x00\xb1\x014\x00\x03\x0e:\x0b;\x0bI\x13\x1c\x0b\x00\x00\x00\x01\x11\x00\x10\x06\x11\x01\x12\x01\x03\x08\x1b\x08%\x08\x13\x05\x00\x00\x00\x01\x11\x00\x10\x06\x11\x01\x12\x01\x03\x08\x1b\x08%\x08\x13\x05\x00\x00\x00\x01\x11\x00\x10\x06\x11\x01\x12\x01\x03\x08\x1b\x08%\x08\x13\x05\x00\x00\x00\x01\x11\x00\x10\x06\x11\x01\x12\x01\x03\x08\x1b\x08%\x08\x13\x05\x00\x00\x00\x01\x11\x00\x10\x06\x11\x01\x12\x01\x03\x08\x1b\x08%\x08\x13\x05\x00\x00\x00\x01\x11\x00\x10\x06\x11\x01\x12\x01\x03\x08\x1b\x08%\x08\x13\x05\x00\x00\x00\x01\x11\x00\x10\x06\x11\x01\x12\x01\x03\x08\x1b\x08%\x08\x13\x05\x00\x00\x00\x01\x11\x00\x10\x06\x11\x01\x12\x01\x03\x08\x1b\x08%\x08\x13\x05\x00\x00\x00', rid = 10), image=b'\x01\x11\x01%\x0e\x10\x06\x00\x00\x02$\x00\x03\x0e\x0b\x0b>\x0b\x00\x00\x03$\x00\x03\x0e\x0b\x0b>\x0b\x00\x00\x04\x01\x01I\x13\x00\x00\x05!\x00I\x13/\x05\x00\x00\x064\x00\x03\x0e:\x0b;\x0bI\x13?\x0c\x02\n\x00\x00\x074\x00\x03\x0e:\x0b;\x0bI\x13?\x0c\x02\n\x00\x00\x084\x00\x03\x0e:\x0b;\x0bI\x13?\x0c\x02\n\x00\x00\t4\x00\x03\x0e:\x0b;\x0bI\x13?\x0c\x02\n\x00\x00\n4\x00\x03\x0e:\x0b;\x0bI\x13?\x0c\x02\n\x00\x00\x0b4\x00\x03\x0e:\x0b;\x0bI\x13?\x0c\x02\n\x00\x00\x0c4\x00\x03\x0e:\x0b;\x0bI\x13?\x0c\x02\n\x00\x00\r4\x00\x03\x0e:\x0b;\x0bI\x13?\x0c\x02\n\x00\x00\x0e4\x00\x03\x0e:\x0b;\x0bI\x13?\x0c\x02\n\x00\x00\x0f4\x00\x03\x0e:\x0b;\x0bI\x13?\x0c\x02\n\x00\x00\x104\x00\x03\x0e:\x0b;\x0bI\x13?\x0c\x02\n\x00\x00\x114\x00\x03\x0e:\x0b;\x0bI\x13?\x0c\x02\n\x00\x00\x124\x00\x03\x0e:\x0b;\x0bI\x13?\x0c\x02\n\x00\x00\x134\x00\x03\x0e:\x0b;\x0bI\x13?\x0c\x02\n\x00\x00\x144\x00\x03\x0e:\x0b;\x0bI\x13?\x0c\x02\n\x00\x00\x154\x00\x03\x0e:\x0b;\x0bI\x13?\x0c\x02\n\x00\x00\x164\x00\x03\x0e:\x0b;\x0bI\x13?\x0c\x02\n\x00\x00\x174\x00\x03\x0e:\x0b;\x0bI\x13?\x0c\x02\n\x00\x00\x184\x00\x03\x0e:\x0b;\x0bI\x13?\x0c\x02\n\x00\x00\x194\x00\x03\x0e:\x0b;\x0bI\x13?\x0c\x02\n\x00\x00\x1a4\x00\x03\x0e:\x0b;\x0bI\x13?\x0c\x02\n\x00\x00\x1b4\x00\x03\x0e:\x0b;\x0bI\x13?\x0c\x02\n\x00\x00\x1c4\x00\x03\x0e:\x0b;\x0bI\x13?\x0c\x02\n\x00\x00\x1d4\x00\x03\x0e:\x0b;\x0bI\x13?\x0c\x02\n\x00\x00\x1e4\x00\x03\x0e:\x0b;\x0bI\x13?\x0c\x02\n\x00\x00\x1f4\x00\x03\x0e:\x0b;\x0bI\x13?\x0c\x02\n\x00\x00 4\x00\x03\x0e:\x0b;\x0bI\x13?\x0c\x02\n\x00\x00!4\x00\x03\x0e:\x0b;\x0bI\x13?\x0c\x02\n\x00\x00"4\x00\x03\x0e:\x0b;\x0bI\x13?\x0c\x02\n\x00\x00#4\x00\x03\x0e:\x0b;\x0bI\x13?\x0c\x02\n\x00\x00$4\x00\x03\x0e:\x0b;\x0bI\x13?\x0c\x02\n\x00\x00%4\x00\x03\x0e:\x0b;\x0bI\x13?\x0c\x02\n\x00\x00&4\x00\x03\x0e:\x0b;\x0bI\x13?\x0c\x02\n\x00\x00\'4\x00\x03\x0e:\x0b;\x0bI\x13?\x0c\x02\n\x00\x00(4\x00\x03\x0e:\x0b;\x0bI\x13?\x0c\x02\n\x00\x00)4\x00\x03\x0e:\x0b;\x0bI\x13?\x0c\x02\n\x00\x00*4\x00\x03\x0e:\x0b;\x0bI\x13?\x0c\x02\n\x00\x00+4\x00\x03\x0e:\x0b;\x0bI\x13?\x0c\x02\n\x00\x00,4\x00\x03\x0e:\x0b;\x0bI\x13?\x0c\x02\n\x00\x00-4\x00\x03\x0e:\x0b;\x0bI\x13?\x0c\x02\n\x00\x00.4\x00\x03\x0e:\x0b;\x0bI\x13?\x0c\x02\n\x00\x00/4\x00\x03\x0e:\x0b;\x0bI\x13?\x0c\x02\n\x00\x0004\x00\x03\x0e:\x0b;\x0bI\x13?\x0c\x02\n\x00\x0014\x00\x03\x0e:\x0b;\x0bI\x13?\x0c\x02\n\x00\x0024\x00\x03\x0e:\x0b;\x0bI\x13?\x0c\x02\n\x00\x0034\x00\x03\x0e:\x0b;\x0bI\x13?\x0c\x02\n\x00\x0044\x00\x03\x0e:\x0b;\x0bI\x13?\x0c\x02\n\x00\x0054\x00\x03\x0e:\x0b;\x0bI\x13?\x0c\x02\n\x00\x0064\x00\x03\x0e:\x0b;\x0bI\x13?\x0c\x02\n\x00\x0074\x00\x03\x0e:\x0b;\x0bI\x13?\x0c\x02\n\x00\x0084\x00\x03\x0e:\x0b;\x0bI\x13?\x0c\x02\n\x00\x0094\x00\x03\x0e:\x0b;\x0bI\x13?\x0c\x02\n\x00\x00:4\x00\x03\x0e:\x0b;\x0bI\x13?\x0c\x02\n\x00\x00;4\x00\x03\x0e:\x0b;\x0bI\x13?\x0c\x02\n\x00\x00<4\x00\x03\x0e:\x0b;\x0bI\x13?\x0c\x02\n\x00\x00=4\x00\x03\x0e:\x0b;\x0bI\x13?\x0c\x02\n\x00\x00>4\x00\x03\x0e:\x0b;\x0bI\x13?\x0c\x02\n\x00\x00?4\x00\x03\x0e:\x0b;\x0bI\x13?\x0c\x02\n\x00\x00@4\x00\x03\x0e:\x0b;\x0bI\x13?\x0c\x02\n\x00\x00A4\x00\x03\x0e:\x0b;\x0bI\x13?\x0c\x02\n\x00\x00B4\x00\x03\x0e:\x0b;\x0bI\x13?\x0c\x02\n\x00\x00C4\x00\x03\x0e:\x0b;\x0bI\x13?\x0c\x02\n\x00\x00D4\x00\x03\x0e:\x0b;\x0bI\x13?\x0c\x02\n\x00\x00E4\x00\x03\x0e:\x0b;\x0bI\x13?\x0c\x02\n\x00\x00F4\x00\x03\x0e:\x0b;\x0bI\x13?\x0c\x02\n\x00\x00G4\x00\x03\x0e:\x0b;\x0bI\x13?\x0c\x02\n\x00\x00H4\x00\x03\x0e:\x0b;\x0bI\x13?\x0c\x02\n\x00\x00I4\x00\x03\x0e:\x0b;\x0bI\x13?\x0c\x02\n\x00\x00J4\x00\x03\x0e:\x0b;\x0bI\x13?\x0c\x02\n\x00\x00K4\x00\x03\x0e:\x0b;\x0bI\x13?\x0c\x02\n\x00\x00L4\x00\x03\x0e:\x0b;\x0bI\x13?\x0c\x02\n\x00\x00M4\x00\x03\x0e:\x0b;\x0bI\x13?\x0c\x02\n\x00\x00N4\x00\x03\x0e:\x0b;\x0bI\x13?\x0c\x02\n\x00\x00O4\x00\x03\x0e:\x0b;\x0bI\x13?\x0c\x02\n\x00\x00P4\x00\x03\x0e:\x0b;\x0bI\x13?\x0c\x02\n\x00\x00Q4\x00\x03\x0e:\x0b;\x0bI\x13?\x0c\x02\n\x00\x00R4\x00\x03\x0e:\x0b;\x0bI\x13?\x0c\x02\n\x00\x00S4\x00\x03\x0e:\x0b;\x0bI\x13?\x0c\x02\n\x00\x00T4\x00\x03\x0e:\x0b;\x0bI\x13?\x0c\x02\n\x00\x00U4\x00\x03\x0e:\x0b;\x0bI\x13?\x0c\x02\n\x00\x00V4\x00\x03\x0e:\x0b;\x0bI\x13?\x0c\x02\n\x00\x00W4\x00\x03\x0e:\x0b;\x0bI\x13?\x0c\x02\n\x00\x00X4\x00\x03\x0e:\x0b;\x0bI\x13?\x0c\x02\n\x00\x00Y4\x00\x03\x0e:\x0b;\x0bI\x13?\x0c\x02\n\x00\x00Z4\x00\x03\x0e:\x0b;\x0bI\x13?\x0c\x02\n\x00\x00[4\x00\x03\x0e:\x0b;\x0bI\x13?\x0c\x02\n\x00\x00\\4\x00\x03\x0e:\x0b;\x0bI\x13?\x0c\x02\n\x00\x00]4\x00\x03\x0e:\x0b;\x0bI\x13?\x0c\x02\n\x00\x00^4\x00\x03\x0e:\x0b;\x0bI\x13?\x0c\x02\n\x00\x00_4\x00\x03\x0e:\x0b;\x0bI\x13?\x0c\x02\n\x00\x00`4\x00\x03\x0e:\x0b;\x0bI\x13?\x0c\x02\n\x00\x00a4\x00\x03\x0e:\x0b;\x0bI\x13?\x0c\x02\n\x00\x00b4\x00\x03\x0e:\x0b;\x0bI\x13?\x0c\x02\n\x00\x00c4\x00\x03\x0e:\x0b;\x0bI\x13?\x0c\x02\n\x00\x00d4\x00\x03\x0e:\x0b;\x0bI\x13?\x0c\x02\n\x00\x00e4\x00\x03\x0e:\x0b;\x0bI\x13?\x0c\x02\n\x00\x00f4\x00\x03\x0e:\x0b;\x0bI\x13?\x0c\x02\n\x00\x00g4\x00\x03\x0e:\x0b;\x0bI\x13?\x0c\x02\n\x00\x00h4\x00\x03\x0e:\x0b;\x0bI\x13?\x0c\x02\n\x00\x00i4\x00\x03\x0e:\x0b;\x0bI\x13?\x0c\x02\n\x00\x00j4\x00\x03\x0e:\x0b;\x0bI\x13?\x0c\x02\n\x00\x00k4\x00\x03\x0e:\x0b;\x0bI\x13?\x0c\x02\n\x00\x00l4\x00\x03\x0e:\x0b;\x0bI\x13?\x0c\x02\n\x00\x00m4\x00\x03\x0e:\x0b;\x0bI\x13?\x0c\x02\n\x00\x00n4\x00\x03\x0e:\x0b;\x0bI\x13?\x0c\x02\n\x00\x00o4\x00\x03\x0e:\x0b;\x0bI\x13?\x0c\x02\n\x00\x00p4\x00\x03\x0e:\x0b;\x0bI\x13?\x0c\x02\n\x00\x00q4\x00\x03\x0e:\x0b;\x0bI\x13?\x0c\x02\n\x00\x00r4\x00\x03\x0e:\x0b;\x0bI\x13?\x0c\x02\n\x00\x00s4\x00\x03\x0e:\x0b;\x0bI\x13?\x0c\x02\n\x00\x00t4\x00\x03\x0e:\x0b;\x0bI\x13?\x0c\x02\n\x00\x00u4\x00\x03\x0e:\x0b;\x0bI\x13?\x0c\x02\n\x00\x00v4\x00\x03\x0e:\x0b;\x0bI\x13?\x0c\x02\n\x00\x00w4\x00\x03\x0e:\x0b;\x0bI\x13?\x0c\x02\n\x00\x00x4\x00\x03\x0e:\x0b;\x0bI\x13?\x0c\x02\n\x00\x00y4\x00\x03\x0e:\x0b;\x0bI\x13?\x0c\x02\n\x00\x00z4\x00\x03\x0e:\x0b;\x0bI\x13?\x0c\x02\n\x00\x00{4\x00\x03\x0e:\x0b;\x0bI\x13?\x0c\x02\n\x00\x00|4\x00\x03\x0e:\x0b;\x0bI\x13?\x0c\x02\n\x00\x00}4\x00\x03\x0e:\x0b;\x0bI\x13?\x0c\x02\n\x00\x00~4\x00\x03\x0e:\x0b;\x0bI\x13?\x0c\x02\n\x00\x00\x7f4\x00\x03\x0e:\x0b;\x0bI\x13?\x0c\x02\n\x00\x00\x80\x014\x00\x03\x0e:\x0b;\x0bI\x13?\x0c\x02\n\x00\x00\x81\x014\x00\x03\x0e:\x0b;\x0bI\x13?\x0c\x02\n\x00\x00\x82\x014\x00\x03\x0e:\x0b;\x0bI\x13?\x0c\x02\n\x00\x00\x83\x014\x00\x03\x0e:\x0b;\x0bI\x13?\x0c\x02\n\x00\x00\x84\x014\x00\x03\x0e:\x0b;\x0bI\x13?\x0c\x02\n\x00\x00\x85\x014\x00\x03\x0e:\x0b;\x0bI\x13?\x0c\x02\n\x00\x00\x86\x014\x00\x03\x0e:\x0b;\x0bI\x13?\x0c\x02\n\x00\x00\x87\x014\x00\x03\x0e:\x0b;\x0bI\x13?\x0c\x02\n\x00\x00\x88\x014\x00\x03\x0e:\x0b;\x0bI\x13?\x0c\x02\n\x00\x00\x89\x014\x00\x03\x0e:\x0b;\x0bI\x13?\x0c\x02\n\x00\x00\x8a\x014\x00\x03\x0e:\x0b;\x0bI\x13?\x0c\x02\n\x00\x00\x8b\x014\x00\x03\x0e:\x0b;\x0bI\x13?\x0c\x02\n\x00\x00\x8c\x014\x00\x03\x0e:\x0b;\x0bI\x13?\x0c\x02\n\x00\x00\x8d\x014\x00\x03\x0e:\x0b;\x0bI\x13?\x0c\x02\n\x00\x00\x8e\x014\x00\x03\x0e:\x0b;\x0bI\x13?\x0c\x02\n\x00\x00\x8f\x014\x00\x03\x0e:\x0b;\x0bI\x13?\x0c\x02\n\x00\x00\x00\x01\x05\x001\x13\x02\x06\x00\x00\x02\x1d\x011\x13\x11\x01\x12\x01X\x0bY\x05\x01\x13\x00\x00\x03\x8a\x82\x01\x00\x02\n\x91B\n\x00\x00\x044\x001\x13\x02\x06\x00\x00\x054\x00\x03\x0e:\x0b;\x05I\x13\x00\x00\x064\x001\x13\x00\x00\x074\x00\x03\x0e:\x0b;\x05I\x13\x02\x06\x00\x00\x08\r\x00\x03\x0e:\x0b;\x0bI\x138\n\x00\x00\t\x0b\x01\x11\x01\x12\x01\x00\x00\n4\x00\x03\x08:\x0b;\x05I\x13\x00\x00\x0b\x05\x001\x13\x1c\x0b\x00\x00\x0c\x05\x00\x03\x08:\x0b;\x05I\x13\x00\x00\r4\x00\x03\x08:\x0b;\x05I\x13\x02\x06\x00\x00\x0e4\x00\x02\x06\x00\x00\x0f\r\x00\x03\x0e:\x0b;\x05I\x138\n\x00\x00\x10\x05\x00I\x134\x0c\x00\x00\x11(\x00\x03\x0e\x1c\x0b\x00\x00\x12\x05\x00\x03\x0e:\x0b;\x05I\x13\x00\x00\x13\x05\x001\x13\x00\x00\x14\x89\x82\x01\x00\x11\x01\x95B\x0c1\x13\x00\x00\x15\x1d\x011\x13\x11\x01\x12\x01X\x0bY\x05\x00\x00\x16\x1d\x001\x13\x11\x01\x12\x01X\x0bY\x05\x00\x00\x17&\x00I\x13\x00\x00\x18\x89\x82\x01\x00\x11\x011\x13\x00\x00\x194\x00\x03\x0e:\x0b;\x0bI\x13\x00\x00\x1a\x16\x00\x03\x0e:\x0b;\x05I\x13\x00\x00\x1b\x0f\x00\x0b\x0bI\x13\x00\x00\x1c\x05\x00I\x13\x00\x00\x1d\x0b\x01\x00\x00\x1e\x0b\x01U\x06\x00\x00\x1f4\x00\x03\x0e:\x0b;\x05I\x13\x02\n\x00\x00 4\x00\x03\x08:\x0b;\x05I\x13\x1c\x0b\x00\x00!\r\x00\x03\x0e:\x0b;\x0bI\x138\n2\x0b\x00\x00"\x05\x00\x03\x0e:\x0b;\x0bI\x13\x00\x00#4\x00\x03\x0e:\x0b;\x0bI\x13\x02\n\x00\x00$4\x00\x00\x00%\x05\x00\x03\x08:\x0b;\x05I\x13\x02\x06\x00\x00&\x1d\x011\x13R\x01U\x06X\x0bY\x05\x01\x13\x00\x00\'.\x01\x03\x0e:\x0b;\x05 \x0b\x01\x13\x00\x00(.\x00\x03\x0e:\x0b;\x05 \x0b\x00\x00)\x1d\x011\x13\x11\x01\x12\x01X\x0bY\x0b\x00\x00*\x89\x82\x01\x01\x11\x011\x13\x00\x00+\x05\x00\x03\x0eI\x134\x0c\x00\x00,.\x01G\x13 \x0bd\x13\x01\x13\x00\x00-\x89\x82\x01\x01\x11\x01\x95B\x0c1\x13\x00\x00.\x89\x82\x01\x01\x11\x011\x13\x01\x13\x00\x00/.\x01\x03\x0e:\x0b;\x05\x11\x01\x12\x01@\n\x97B\x0c\x01\x13\x00\x000\x13\x01\x03\x0e\x0b\x0b:\x0b;\x05\x01\x13\x00\x001!\x00I\x13/\x0b\x00\x002\x01\x01I\x13\x01\x13\x00\x003.\x01\x03\x0e:\x0b;\x05I\x13 \x0b\x01\x13\x00\x004\x16\x00\x03\x0e:\x0b;\x0bI\x13\x00\x005\x05\x00\x03\x08:\x0b;\x0bI\x13\x00\x0064\x00\x03\x08:\x0b;\x0bI\x13\x00\x0074\x001\x13\x1c\x0b\x00\x008.\x01\x03\x0e4\x0c \x0b\x01\x13\x00\x009.\x01\x03\x0e:\x0b;\x0b<\x0cd\x13\x01\x13\x00\x00:\x05\x00\x03\x0eI\x134\x0c\x02\x06\x00\x00;.\x00\x03\x0e:\x0b;\x0b \x0b\x00\x00<\x1d\x011\x13\x11\x01\x12\x01X\x0bY\x0b\x01\x13\x00\x00=\x0b\x011\x13\x11\x01\x12\x01\x00\x00>.\x011\x13\x11\x01\x12\x01@\n\x97B\x0c\x01\x13\x00\x00?\x89\x82\x01\x01\x11\x01\x00\x00@$\x00\x0b\x0b>\x0b\x03\x0e\x00\x00A\r\x00\x03\x08:\x0b;\x05I\x138\n\x00\x00B\x13\x01\x03\x0e\x0b\x0b:\x0b;\x0b\x87@\x0e\x01\x13\x00\x00C\r\x00\x03\x08:\x0b;\x0bI\x138\n\x00\x00D\x0b\x01\x01\x13\x00\x00E\x1d\x011\x13R\x01U\x06X\x0bY\x0b\x01\x13\x00\x00F\x0b\x011\x13U\x06\x00\x00G.\x00\x03\x0e:\x0b;\x05I\x13 \x0b\x00\x00H.\x01\x03\x0e:\x0b;\x05\x11\x01\x12\x01@\x06\x97B\x0c\x01\x13\x00\x00I.\x01\x03\x0e:\x0b;\x0bI\x13 \x0b\x01\x13\x00\x00J5\x00I\x13\x00\x00K\x04\x01\x03\x0e>\x0b\x0b\x0bI\x13:\x0b;\x05\x01\x13\x00\x00L\x0b\x011\x13\x11\x01\x12\x01\x01\x13\x00\x00M\x1d\x011\x13R\x01U\x06X\x0bY\x05\x00\x00N\x05\x001\x13\x1c\r\x00\x00O\x13\x01\x03\x0e\x0b\x0b:\x0b;\x0b\x1d\x13\x01\x13\x00\x00P4\x001\x13\x02\n\x00\x00Q.\x01\x03\x0eI\x134\x0c \x0b\x01\x13\x00\x00R4\x00\x1c\x0b\x00\x00S.\x01\x03\x0e:\x0b;\x0b \x0b\x01\x13\x00\x00T\x1d\x001\x13\x11\x01\x12\x01X\x0bY\x0b\x00\x00U\x05\x00\x03\x0e:\x0b;\x05I\x13\x02\x06\x00\x00V\x89\x82\x01\x00\x11\x01\x00\x00W.\x01\x03\x0e:\x0b;\x0bL\x0bM\n\x1d\x13<\x0cd\x13\x01\x13\x00\x00X\x1c\x00I\x138\n2\x0b\x00\x00Y.\x00G\x13 \x0b\x00\x00Z.\x011\x13\x11\x01\x12\x01@\x06\x97B\x0c\x01\x13\x00\x00[\x13\x01\x03\x0e\x0b\x0b:\x0b;\x0b\x01\x13\x00\x00\\.\x01\x03\x0e:\x0b;\x0bI\x13L\x0bM\n\x1d\x13<\x0cd\x13\x01\x13\x00\x00]\x10\x00\x0b\x0bI\x13\x00\x00^.\x00\x03\x0e:\x0b;\x0bI\x13 \x0b\x00\x00_\x05\x001\x13\x02\n\x00\x00`\x05\x00\x03\x0e:\x0b;\x0bI\x13\x02\x06\x00\x00a.\x01G\x13\x11\x01\x12\x01@\x06d\x13\x97B\x0c\x01\x13\x00\x00b.\x01G\x13\x11\x01\x12\x01@\nd\x13\x97B\x0c\x01\x13\x00\x00c4\x00\x03\x08:\x0b;\x05I\x13\x1c\r\x00\x00d\x89\x82\x01\x01\x11\x01\x95B\x0c\x00\x00e.\x00\x03\x0e4\x0c \x0b\x00\x00f4\x00\x03\x08:\x0b;\x0bI\x13\x02\n\x00\x00g\x0b\x011\x13U\x06\x01\x13\x00\x00h\x1d\x011\x13R\x01U\x06X\x0bY\x0b\x00\x00i.\x01G\x13:\x0b;\x0b\x11\x01\x12\x01@\x06d\x13\x97B\x0c\x01\x13\x00\x00j\x89\x82\x01\x01\x11\x01\x01\x13\x00\x00k\x16\x00\x03\x08:\x0b;\x0bI\x13\x00\x00l.\x01\x03\x0e4\x0c<\x0cd\x13\x01\x13\x00\x00m4\x00\x03\x08:\x0b;\x0bI\x13\x02\x06\x00\x00n.\x01\x03\x0e:\x0b;\x05I\x13\x11\x01\x12\x01@\n\x97B\x0c\x01\x13\x00\x00o.\x01\x03\x0e:\x0b;\x05I\x13\x11\x01\x12\x01@\x06\x97B\x0c\x01\x13\x00\x00p\x0b\x01\x11\x01\x12\x01\x01\x13\x00\x00q.\x011\x13\x11\x01\x12\x01@\x06d\x13\x97B\x0c\x01\x13\x00\x00r\r\x00\x03\x08:\x0b;\x0bI\x138\n2\x0b\x00\x00s.\x01\x03\x0e:\x0b;\x0b<\x0cd\x13\x00\x00t\r\x00\x03\x0eI\x138\n4\x0c\x00\x00u.\x01\x03\x0eL\x0bM\n\x1d\x134\x0c<\x0cd\x13\x00\x00v.\x00\x03\x0eI\x134\x0c<\x0c\x00\x00w.\x01\x03\x0e:\x0b;\x0bI\x13<\x0cd\x13\x01\x13\x00\x00x\r\x00\x03\x0e:\x0b;\x05I\x13\x00\x00y.\x01\x03\x0e:\x0b;\x0bI\x13\x11\x01\x12\x01@\n\x97B\x0c\x01\x13\x00\x00z\x0b\x01U\x06\x01\x13\x00\x00{\x1d\x001\x13R\x01U\x06X\x0bY\x05\x00\x00|.\x01G\x13:\x0b;\x0b \x0b\x01\x13\x00\x00}4\x00\x03\x0eI\x134\x0c\x00\x00~.\x01G\x13\x11\x01\x12\x01@\x06d\x13\x96B\x0c\x01\x13\x00\x00\x7f\x05\x00\x03\x0eI\x134\x0c\x02\n\x00\x00\x80\x01\x05\x00\x03\x0e:\x0b;\x05I\x13\x02\n\x00\x00\x81\x014\x00\x03\x0e:\x0b;\x05I\x13\x1c\x0b\x00\x00\x82\x01.\x01G\x13:\x0b;\x0b\x11\x01\x12\x01@\nd\x13\x97B\x0c\x01\x13\x00\x00\x83\x01.\x01?\x0c\x03\x0e:\x0b;\x05\x11\x01\x12\x01@\x06\x97B\x0c\x01\x13\x00\x00\x84\x01\x11\x01%\x0e\x13\x0b\x03\x0e\x1b\x0eU\x06\x11\x01R\x01\x10\x06\x00\x00\x85\x01.\x01?\x0c\x03\x0e:\x0b;\x0b\x87@\x0e<\x0cd\x13\x01\x13\x00\x00\x86\x01.\x01\x03\x0e:\x0b;\x0bL\x0bM\n\x1d\x13<\x0cd\x13\x00\x00\x87\x01\x15\x01I\x13\x01\x13\x00\x00\x88\x01\x18\x00\x00\x00\x89\x01$\x00\x0b\x0b>\x0b\x03\x08\x00\x00\x8a\x01\x0f\x00\x0b\x0b\x03\x0eI\x13\x00\x00\x8b\x01.\x01\x03\x0eL\x0bM\n\x1d\x134\x0c<\x0cd\x13\x01\x13\x00\x00\x8c\x01.\x01?\x0c\x03\x0e:\x0b;\x0b\x87@\x0eI\x13<\x0cd\x13\x00\x00\x8d\x01\x13\x00\x03\x0e<\x0c\x00\x00\x8e\x01\x13\x01\x03\x0e<\x0c\x01\x13\x00\x00\x8f\x01.\x01?\x0c\x03\x0e:\x0b;\x0b\x87@\x0e2\x0b<\x0cd\x13\x00\x00\x90\x01.\x01\x03\x0eI\x13L\x0bM\n\x1d\x134\x0c<\x0cd\x13\x01\x13\x00\x00\x91\x01.\x01\x03\x0e:\x0b;\x0bI\x13L\x0bM\n\x1d\x13<\x0cd\x13\x00\x00\x92\x01.\x01\x03\x0e:\x0b;\x05<\x0cd\x13\x00\x00\x93\x01.\x01?\x0c\x03\x0e:\x0b;\x0b\x87@\x0eI\x13<\x0cd\x13\x01\x13\x00\x00\x94\x01.\x01\x03\x08:\x0b;\x0bI\x13<\x0cd\x13\x01\x13\x00\x00\x95\x01.\x01\x03\x0e:\x0b;\x0b2\x0b<\x0cd\x13\x01\x13\x00\x00\x96\x01.\x01?\x0c\x03\x0e:\x0b;\x0b\x87@\x0e<\x0cd\x13\x00\x00\x97\x01.\x01\x03\x0e:\x0b;\x0bI\x13<\x0cd\x13\x00\x00\x98\x01\x15\x00\x00\x00\x99\x01\x17\x01\x0b\x0b:\x0b;\x05\x01\x13\x00\x00\x9a\x01\r\x00\x03\x08:\x0b;\x05I\x13\x00\x00\x9b\x01\x13\x01\x03\x0e\x0b\x0b:\x0b;\x05\x87@\x0e\x01\x13\x00\x00\x9c\x01\x15\x01\x01\x13\x00\x00\x9d\x01\x0f\x00\x0b\x0b\x00\x00\x9e\x01&\x00\x00\x00\x9f\x014\x00\x03\x0e:\x0b;\x0bI\x13\x02\x06\x00\x00\xa0\x01.\x00\x03\x0e:\x0b;\x05\x11\x01\x12\x01@\n\x97B\x0c\x00\x00\xa1\x01.\x01\x03\x0e:\x0b;\x0b\x11\x01\x12\x01@\n\x97B\x0c\x01\x13\x00\x00\xa2\x01.\x01G\x13:\x0b;\x0b \x0bd\x13\x01\x13\x00\x00\xa3\x01\x05\x00\x03\x08:\x0b;\x0bI\x13\x02\x06\x00\x00\xa4\x01.\x011\x13\x11\x01\x12\x01@\nd\x13\x97B\x0c\x01\x13\x00\x00\xa5\x01\x05\x00\x03\x0e:\x0b;\x0bI\x13\x02\n\x00\x00\xa6\x01\x05\x00\x02\x06\x00\x00\xa7\x014\x00\x1c\r\x00\x00\xa8\x014\x00\x03\x0eI\x134\x0c\x02\x06\x00\x00\xa9\x019\x01\x03\x08:\x0b;\x0b\x01\x13\x00\x00\xaa\x01.\x01\x03\x0e4\x0c\x11\x01\x12\x01@\x06\x97B\x0c\x01\x13\x00\x00\xab\x014\x00\x03\x0e:\x0b;\x05I\x13\x1c\x05\x00\x00\xac\x01\x89\x82\x01\x00\x11\x01\x95B\x0c\x00\x00\xad\x01.\x01?\x0c\x03\x0e:\x0b;\x0b\x11\x01\x12\x01@\x06\x97B\x0c\x01\x13\x00\x00\xae\x01.\x01?\x0c\x03\x0e:\x0b;\x0bI\x13\x87\x01\x0c\x11\x01\x12\x01@\x06\x96B\x0c\x01\x13\x00\x00\xaf\x01.\x01\x03\x0e4\x0c\x11\x01\x12\x01@\n\x97B\x0c\x01\x13\x00\x00\xb0\x014\x00\x03\x0e:\x0b;\x0bI\x13\x1c\r\x00\x00\xb1\x014\x00\x03\x0e:\x0b;\x0bI\x13\x1c\x0b\x00\x00\x00\x01\x11\x00\x10\x06\x11\x01\x12\x01\x03\x08\x1b\x08%\x08\x13\x05\x00\x00\x00\x01\x11\x00\x10\x06\x11\x01\x12\x01\x03\x08\x1b\x08%\x08\x13\x05\x00\x00\x00\x01\x11\x00\x10\x06\x11\x01\x12\x01\x03\x08\x1b\x08%\x08\x13\x05\x00\x00\x00\x01\x11\x00\x10\x06\x11\x01\x12\x01\x03\x08\x1b\x08%\x08\x13\x05\x00\x00\x00\x01\x11\x00\x10\x06\x11\x01\x12\x01\x03\x08\x1b\x08%\x08\x13\x05\x00\x00\x00\x01\x11\x00\x10\x06\x11\x01\x12\x01\x03\x08\x1b\x08%\x08\x13\x05\x00\x00\x00\x01\x11\x00\x10\x06\x11\x01\x12\x01\x03\x08\x1b\x08%\x08\x13\x05\x00\x00\x00\x01\x11\x00\x10\x06\x11\x01\x12\x01\x03\x08\x1b\x08%\x08\x13\x05\x00\x00\x00'), '.debug_line': DebugInfo(section=Elf_Section(index = 10, sh_name = 133, sh_type = 1, sh_flags = 0, sh_addr = 0, sh_offset = 61524, sh_size = 10696, sh_link = 0, sh_info = 0, sh_addralign = 1, sh_entsize = 0, section_name = '.debug_line', section_image = b'\x16\x00\x00\x00\x02\x00\x10\x00\x00\x00\x02\x01\xfb\x0e\n\x00\x01\x01\x01\x01\x00\x00\x00\x01\x00\x00\xf6$\x00\x00\x02\x00g\x03\x00\x00\x02\x01\xfb\x0e\n\x00\x01\x01\x01\x01\x00\x00\x00\x01C:\\Users\\Chris\\AppData\\Local\\Arduino15\\packages\\arduino\\hardware\\avr\\1.8.6\\cores\\arduino\x00C:\\csProjects\\cxcp\\tools\\arduino\\hello_xcp\x00c:\\users\\chris\\appdata\\local\\arduino15\\packages\\arduino\\tools\\avr-gcc\\7.3.0-atmel3.6.1-arduino7\\avr\\include\\avr\x00c:\\users\\chris\\appdata\\local\\arduino15\\packages\\arduino\\tools\\avr-gcc\\7.3.0-atmel3.6.1-arduino7\\avr\\include\x00c:\\users\\chris\\appdata\\local\\arduino15\\packages\\arduino\\tools\\avr-gcc\\7.3.0-atmel3.6.1-arduino7\\lib\\gcc\\avr\\7.3.0\\include\x00C:\\Users\\Chris\\AppData\\Local\\Arduino15\\packages\\arduino\\hardware\\avr\\1.8.6\\variants\\leonardo\x00\x00USBCore.cpp\x00\x01\x00\x00wiring_digital.c\x00\x01\x00\x00PluggableUSB.cpp\x00\x01\x00\x00wiring.c\x00\x01\x00\x00xcp.h\x00\x02\x00\x00CDC.cpp\x00\x01\x00\x00Print.h\x00\x01\x00\x00hello_xcp.ino\x00\x02\x00\x00new.cpp\x00\x01\x00\x00main.cpp\x00\x01\x00\x00wdt.h\x00\x03\x00\x00stdint.h\x00\x04\x00\x00stddef.h\x00\x05\x00\x00Stream.h\x00\x01\x00\x00Stream.h\x00\x01\x00\x00USBAPI.h\x00\x01\x00\x00PluggableUSB.h\x00\x01\x00\x00USBCore.h\x00\x01\x00\x00hooks.c\x00\x01\x00\x00new\x00\x01\x00\x00pins_arduino.h\x00\x06\x00\x00<built-in>\x00\x00\x00\x00\x00\x00\x05\x02\x10\x02\x00\x00\x03\x82\x02\x01\x03P\t\x00\x00\x01\x03\x02\t\x02\x00\x01\x03\xbc\x7f\t\x02\x00\x01\x03\x19\t\x06\x00\x01\x03\xdc\x00\t\x04\x00\x01\x03\x90\x7f\t\x08\x00\x01\x03\xf2\x00\t\x04\x00\x01\x03R\t\x04\x00\x01\x03/\t\x02\x00\x01\x04\x02\x03\x81\x7f\t\x02\x00\x01\x03\x02\t\x00\x00\x01\x03\x01\t\x06\x00\x01\x03\x01\t\x06\x00\x01\x03\x03\t\x06\x00\x01\x03\x04\t\x06\x00\x01\x03\xb8\x7f\t\x04\x00\x01\x03\x03\t0\x00\x01\x03\x06\t\x06\x00\x01\x03\xc1\x00\t\x04\x00\x01\x03\x02\t\x10\x00\x01\x03\x01\t\x02\x00\x01\x03\x03\t\x02\x00\x01\x03\x7f\t\x02\x00\x01\x03\x01\t\x04\x00\x01\x03\x02\t\x04\x00\x01\x03\x03\t\x02\x00\x01\x03\x01\t\x02\x00\x01\x03\xb0\x7f\t\x02\x00\x01\x03\x03\t\x08\x00\x01\x03\x08\t\x08\x00\x01\x03\x04\t\x04\x00\x01\x03\n\t\n\x00\x01\x03\x06\t\x06\x00\x01\x03}\t\x06\x00\x01\x03\x03\t\x08\x00\x01\x03\x04\t\x08\x00\x01\x03\x03\t\x06\x00\x01\x03\x06\t\x0e\x00\x01\x03 \t\x0c\x00\x01\x04\x01\x03\xc8\x00\t\x04\x00\x01\x03\x02\t\x02\x00\x01\x03j\t\x08\x00\x01\x03\x02\t\x02\x00\x01\x03\xbc\x7f\t\x02\x00\x01\x03\x05\t\x06\x00\x01\x03\xd8\x00\t\x04\x00\x01\x03\x03\t\x0e\x00\x01\x03\x93\x7f\t\x04\x00\x01\x03\x01\t\x02\x00\x01\x03\x02\t\x06\x00\x01\x03\xeb\x00\t\x04\x00\x01\x03\x01\t\x02\x00\x01\x03\xa3\x7f\t\x04\x00\x01\x03\xdd\x00\t\x04\x00\x01\x03F\t\x04\x00\x01\x03!\t\x06\x00\x01\x03\x10\t\x04\x00\x01\x03\r\t\x04\x00\x01\x04\x03\x03\xee~\t\x02\x00\x01\x03\x01\t\x00\x00\x01\x03\x06\t\x08\x00\x01\x03z\t\x14\x00\x01\x03\x02\t\x06\x00\x01\x04\x04\x03g\t\x06\x00\x01\x03\x02\t\x00\x00\x01\x03\x02\t\x02\x00\x01\x03\x01\t\x02\x00\x01\x03\x02\t\x10\x00\x01\x03\x08\t\x02\x00\x01\x03\x01\t\x08\x00\x01\x03\x06\t\x06\x00\x01\x03\x02\t\x02\x00\x01\x03\x01\t"\x00\x01\x03\x02\t\x02\x00\x01\x03\x02\t\x08\x00\x01\x03\x04\t\x08\x00\x01\x03\x05\t\x16\x00\x01\x03M\t\n\x00\x01\x03\x02\t\x00\x00\x01\x03\x04\t\x02\x00\x01\x03\x01\t\x02\x00\x01\x03\x01\t\x10\x00\x01\x03\x03\t\x02\x00\x01\x04\x05\x03\x82,\t\x02\x00\x01\x03\x01\t\x00\x00\x01\x03\x01\t\x08\x00\x01\x03\x01\t\x08\x00\x01\x03\x01\t\x08\x00\x01\x03\x01\t\x08\x00\x01\x03\x01\t\x08\x00\x01\x04\x01\x03\xc7V\t\x02\x00\x01\x03\x01\t\x00\x00\x01\x03\xd2}\t\x16\x00\x01\x03\x02\t\x08\x00\x01\x03\xae\x02\t\x04\x00\x01\x03\xed}\t\x04\x00\x01\x03\x96\x02\t\x04\x00\x01\x03\xc2}\t\x12\x00\x01\x03\xc1\x02\t\x06\x00\x01\x03\x01\t\x12\x00\x01\x03z\t\x04\x00\x01\x03\x07\t\x02\x00\x01\x03\x14\t\x02\x00\x01\x03\x01\t\x14\x00\x01\x03\x01\t\n\x00\x01\x03\x02\t\x10\x00\x01\x03\x01\t\x06\x00\x01\x03\x01\t\x0e\x00\x01\x03\x01\t\n\x00\x01\x03\x05\t\x04\x00\x01\x03y\t\x0e\x00\x01\x03\x06\t\x04\x00\x01\x03e\t\x04\x00\x01\x03\x04\t\x1a\x00\x01\x03\x02\t\x06\x00\x01\x03\x01\t\x08\x00\x01\x03\x01\t\n\x00\x01\x03\x03\t\x04\x00\x01\x03{\t\x12\x00\x01\x03/\t\x04\x00\x01\x04\x06\x03\xea|\t\x0e\x00\x01\x03\x01\t\x04\x00\x01\x04\x01\x03\x9d\x03\t\x0e\x00\x01\x04\x03\x03\xb8|\t\x04\x00\x01\x03\x01\t\x0e\x00\x01\x03\x01\t\x16\x00\x01\x03~\t\x04\x00\x01\x04\x01\x03\xcc\x03\t\x08\x00\x01\x03\x8e}\t\x0e\x00\x01\x03\x01\t\x00\x00\x01\x03\x01\t\x04\x00\x01\x03\x02\t\x0c\x00\x01\x03\x01\t\x02\x00\x01\x03\x01\t\x06\x00\x01\x04\x06\x03\xe5\x00\t\x02\x00\x01\x03\n\t\x1e\x00\x01\x04\x01\x03\x1f\t\n\x00\x01\x03\x03\t\n\x00\x01\x03\x02\t\x08\x00\x01\x04\x06\x03R\t\n\x00\x01\x04\x01\x03\xac\x7f\t\x08\x00\x01\x03-\t\x04\x00\x01\x03\xdd\x00\t\x04\x00\x01\x03\x02\t\x08\x00\x01\x03\x01\t\x04\x00\x01\x03\x02\t\x04\x00\x01\x03\x02\t\x06\x00\x01\x03\x04\t\x06\x00\x01\x03\x01\t\x08\x00\x01\x03\xac\x7f\t\x02\x00\x01\x03\x02\t\x02\x00\x01\x03\xbc\x7f\t\x02\x00\x01\x03\x19\t\x04\x00\x01\x03\x83\x01\t\x04\x00\x01\x03\xad\x7f\t\x04\x00\x01\x03\xd6\x00\t\x04\x00\x01\x03\r\t\n\x00\x01\x03\x01\t\x04\x00\x01\x03\xce~\t\x02\x00\x01\x03\xb5\x01\t\n\x00\x01\x03\xfd~\t\x04\x00\x01\x03\x88\x01\t\x04\x00\x01\x03\xe4~\t\x04\x00\x01\x03\x9a\x01\t\x04\x00\x01\x03\xfa~\t\x04\x00\x01\x03\x88\x01\t\x04\x00\x01\x03\x07\t\n\x00\x01\x03\x01\t\x02\x00\x01\x04\x06\x03\xa3\x7f\t\x06\x00\x01\x04\x07\x03\xbb~\t\x06\x00\x01\x04\x06\x03\xc9\x01\t\n\x00\x01\x03\x05\t\x04\x00\x01\x03f\t\x1c\x00\x01\x03\x01\t\x0c\x00\x01\x03\x01\t\x18\x00\x01\x03y\t\x08\x00\x01\x04\x01\x03\xb6\x7f\t\x00\x00\x01\x03\x05\t\x06\x00\x01\x03\x84\x04\t\x04\x00\x01\x03\xa4|\t\x04\x00\x01\x04\x06\x03\x1f\t\x06\x00\x01\x03y\t\x02\x00\x01\x03\x01\t\x00\x00\x01\x03\x01\t\x04\x00\x01\x03t\t\x04\x00\x01\x03\x01\t\x0c\x00\x01\x03\x02\t\x08\x00\x01\x03\x04\t\x08\x00\x01\x04\x01\x03*\t\x08\x00\x01\x03\x02\t\x0c\x00\x01\x03\x7f\t\x06\x00\x01\x04\x06\x03G\t\x06\x00\x01\x03\x01\t\x10\x00\x01\x04\x01\x037\t\n\x00\x01\x03\x02\t\x0c\x00\x01\x04\x06\x03H\t\x04\x00\x01\x03\x02\t\x06\x00\x01\x04\x01\x035\t\x12\x00\x01\x04\x06\x03\xbf\x7f\t\x06\x00\x01\x03\x01\t\x00\x00\x01\x04\x01\x03\x15\t\n\x00\x01\x03\x02\t\x02\x00\x01\x03\xbc\x7f\t\x02\x00\x01\x03\x05\t\x06\x00\x01\x03\xc4\x00\t\x04\x00\x01\x04\x06\x03e\t\x02\x00\x01\x04\x01\x03\x14\t\x06\x00\x01\x03\x02\t\x02\x00\x01\x03\xbc\x7f\t\x02\x00\x01\x03\x05\t\x06\x00\x01\x03\xc4\x00\t\x04\x00\x01\x04\x06\x03g\t\x02\x00\x01\x03\x01\t\x02\x00\x01\x04\x08\x03\x96\x7f\t\x02\x00\x01\x03\x01\t\x0e\x00\x01\x03\x01\t\x06\x00\x01\x03\x01\t\x06\x00\x01\x03\x01\t\n\x00\x01\x03\x07\t\x02\x00\x01\x03u\t\x04\x00\x01\x04\x05\x03\x17\t\x04\x00\x01\x03\x01\t\n\x00\x01\x03\x7f\t$\x00\x01\x04\x08\x03q\t\x06\x00\x01\x03\x01\t\x06\x00\x01\x03\x01\t\n\x00\x01\x03\x05\t\x06\x00\x01\x03`\t\n\x00\x01\x03\x01\t\x00\x00\x01\x03l\t\x02\x00\x01\x03\x00\t\x00\x00\x01\x04\x05\x03\x9f)\t\x02\x00\x01\x03\x06\t\x00\x00\x01\x03~\t \x00\x01\x03\x05\t\x02\x00\x01\x03\xba}\t\x06\x00\x01\x03\xc8\x02\t\x02\x00\x01\x03~\t\x02\x00\x01\x03\xb9}\t\x02\x00\x01\x03\xc1\x02\t\x14\x00\x01\x03\x0b\t\x02\x00\x01\x03\x02\t\x04\x00\x01\x03t\t\x02\x00\x01\x03\x03\t\x02\x00\x01\x03\xb9\x7f\t\x04\x00\x01\x03\xc0}\t\x00\x00\x01\x03\xea\x02\t\x08\x00\x01\x03\x02\t\x06\x00\x01\x03\x0f\t\x02\x00\x01\x03o\t\x02\x00\x01\x03X\t\x08\x00\x01\x03\xce|\t\x02\x00\x01\x03\x03\t\x00\x00\x01\x03\x01\t\x04\x00\x01\x03\x01\t\x04\x00\x01\x03\xff\x04\t\x04\x00\x01\x03\xe4{\t\x0c\x00\x01\x03\x9b\x04\t"\x00\x01\x03\x01\t\x06\x00\x01\x03\x8b{\t\x04\x00\x01\x03\x02\t\x12\x00\x01\x03\x03\t\x04\x00\x01\x03\xf5y\t\x02\x00\x01\x03\x02\t\x00\x00\x01\x03\x04\t\x10\x00\x01\x03\x02\t\x02\x00\x01\x03\x05\t\n\x00\x01\x03\x01\t\x08\x00\x01\x03\x05\t\x08\x00\x01\x03\x01\t\x10\x00\x01\x03\xdct\t\n\x00\x01\x03\x02\t\x04\x00\x01\x03\x06\t\x08\x00\x01\x03\x01\t\x06\x00\x01\x03\x07\t\x06\x00\x01\x03\x01\t\x0c\x00\x01\x03\x01\t\x08\x00\x01\x03\x04\t\n\x00\x01\x03\x03\t\x18\x00\x01\x03\x8b\x18\t\x04\x00\x01\x03\xf6g\t\x06\x00\x01\x03\x8a\x18\t\x04\x00\x01\x03\xc7s\t\x04\x00\x01\x03\xdat\t\x00\x00\x01\x03\x04\t\x0c\x00\x01\x03(\t\x08\x00\x01\x03\x04\t\x02\x00\x01\x03\x06\t\x04\x00\x01\x03\x89\x07\t\x04\x00\x01\x03\x01\t\x02\x00\x01\x03\x06\t\x08\x00\x01\x03\xd5\x02\t\x0e\x00\x01\x03\xc2}\t\x02\x00\x01\x03~\t\x02\x00\x01\x03n\t\x04\x00\x01\x03\x01\t\x08\x00\x01\x03\xaa\n\t\x06\x00\x01\x03\x01\t\x18\x00\x01\x03\xe6u\t\x06\x00\x01\x03\xb1z\t\x04\x00\x01\x03\x02\t\x00\x00\x01\x03\xb4\x7f\t\x06\x00\x01\x03\x02\t\x00\x00\x01\x03\xde\t\t\x06\x00\x01\x03\xdet\t\x00\x00\x01\x03\x04\t\x08\x00\x01\x03,\t\x08\x00\x01\x03\x06\t\x06\x00\x01\x03\xe1\t\t\x04\x00\x01\x03\x01\t\x00\x00\x01\x03\x01\t\x06\x00\x01\x03\x02\t\x04\x00\x01\x03\xf1}\t\x04\x00\x01\x03\x05\t\x06\x00\x01\x03\x8a\x02\t\x0e\x00\x01\x03\xfd}\t\x02\x00\x01\x03\x83\x02\t\x06\x00\x01\x03\xf8}\t\x06\x00\x01\x03\x97\t\t\x06\x00\x01\x03\x9ey\t\x1a\x00\x01\x03\xd0\x06\t\x06\x00\x01\x03\xb0y\t\x14\x00\x01\x03\xd1\x06\t\x02\x00\x01\x03\x01\t\x0c\x00\x01\x03\x01\t\x02\x00\x01\x03\x7f\t\x04\x00\x01\x03\x01\t\n\x00\x01\x03\x7f\t\x10\x00\x01\x03\x03\t\x04\x00\x01\x03\x01\t\x12\x00\x01\x03\x01\t\x0e\x00\x01\x03\x01\t\x02\x00\x01\x03p\t\x06\x00\x01\x03\x88w\t\x04\x00\x01\x03\x7f\t\x06\x00\x01\x03\xff\x08\t\x04\x00\x01\x03\x0c\t\x06\x00\x01\x03\xdav\t\x06\x00\x01\x03\x04\t\x04\x00\x01\x03\x9b\x02\t\x0e\x00\x01\x03\xeb}\t\x02\x00\x01\x03\x95\x02\t\x04\x00\x01\x03\xe7}\t\x06\x00\x01\x03\xa8\t\t\x06\x00\x01\x03\x9ey\t\x1a\x00\x01\x03\xb3\x06\t\x06\x00\x01\x03\x01\t\x14\x00\x01\x03\x01\t\x0c\x00\x01\x03\x01\t\x02\x00\x01\x03\x7f\t\x04\x00\x01\x03\x01\t\n\x00\x01\x03\x7f\t\x10\x00\x01\x03\x03\t\x04\x00\x01\x03\x01\t\x12\x00\x01\x03\x01\t\x04\x00\x01\x03\x01\t\n\x00\x01\x03p\t\x06\x00\x01\x03\x93w\t\x04\x00\x01\x03\x7f\t\x04\x00\x01\x03\xf4\x08\t\x04\x00\x01\x03\x0c\t\x06\x00\x01\x03\xe9v\t\x06\x00\x01\x03\x03\t\x00\x00\x01\x03\xaa\x02\t\x0e\x00\x01\x03\xd8}\t\x06\x00\x01\x03\xb7\t\t\x06\x00\x01\x03\xb8\x7f\t\x1a\x00\x01\x03\x01\t\x14\x00\x01\x03\x01\t\x0c\x00\x01\x03\x01\t\x02\x00\x01\x03\x7f\t\x04\x00\x01\x03\x01\t\n\x00\x01\x03\x01\t\x10\x00\x01\x03~\t\x02\x00\x01\x03\x04\t\x04\x00\x01\x03\x01\t\n\x00\x01\x03q\t\x06\x00\x01\x03\x9bw\t\x04\x00\x01\x03\xeb\x08\t\x04\x00\x01\x03\x0b\t\x06\x00\x01\x03\xf8v\t\x06\x00\x01\x03\x03\t\x00\x00\x01\x03\xb5\x02\t\x0c\x00\x01\x03\xcc}\t\x06\x00\x01\x03\xf3\x01\t\x08\x00\x01\x03\x04\t\x00\x00\x01\x03=\t\x0c\x00\x01\x03E\t\x06\x00\x01\x03\xbe\x7f\t\x08\x00\x01\x03\x02\t\x00\x00\x01\x03\xfb\x00\t\x0c\x00\x01\x03\xe1\x01\t\x06\x00\x01\x03\xa7}\t\x0c\x00\x01\x03j\t\x04\x00\x01\x03\x06\t\x00\x00\x01\x03\x88\x01\t\x0e\x00\x01\x03-\t\x06\x00\x01\x03\xd1~\t\x08\x00\x01\x03\x02\t*\x00\x01\x03\xff}\t\x04\x00\x01\x03\x02\t\x00\x00\x01\x03\xff\x02\t\x0c\x00\x01\x03\x84}\t\x06\x00\x01\x03e\t\x08\x00\x01\x03\xc4\x03\t\x00\x00\x01\x03\xc0|\t\n\x00\x01\x03\x93\x03\t\x0e\x00\x01\x03\xf9|\t\x02\x00\x01\x03w\t\x04\x00\x01\x03\xa7\n\t\x04\x00\x01\x03\xea\x02\t\x08\x00\x01\x03\x02\t\x06\x00\x01\x03\x0f\t\x04\x00\x01\x03o\t\x04\x00\x01\x03N\t\x08\x00\x01\x03\xads\t\x0c\x00\x01\x03w\t\x04\x00\x01\x03\x01\t\x04\x00\x01\x03\xdb\x0c\t\x04\x00\x01\x03\xa7s\t\x06\x00\x01\x03\x01\t\x04\x00\x01\x03\x02\t\x06\x00\x01\x03\x8e\x7f\t\x04\x00\x01\x03\x03\t\x08\x00\x01\x03\x01\t\x08\x00\x01\x03\t\t\n\x00\x01\x03\xec\x03\t\x0c\x00\x01\x03\xc9|\t\x02\x00\x01\x03\xb7\x03\t\x06\x00\x01\x03\x95|\t\x04\x00\x01\x03\xeb\x03\t\x0c\x00\x01\x03-\t\x04\x00\x01\x03\xec{\t\n\x00\x01\x03\x01\t\x04\x00\x01\x03\t\t\x04\x00\x01\x03\x12\t\x04\x00\x01\x03\x01\t\x08\x00\x01\x03\xac\x0c\t\x04\x00\x01\x03\xa8s\t\x04\x00\x01\x034\t\x02\x00\x01\x03\xa1\x04\t\x04\x00\x01\x03\x01\t\x04\x00\x01\x03\x7f\t\x02\x00\x01\x03\x03\t\x04\x00\x01\x03~\t\x02\x00\x01\x03\x7f\t\x02\x00\x01\x03\x01\t\x04\x00\x01\x03\x7f\t\x02\x00\x01\x03\x01\t\x04\x00\x01\x03\xe3{\t\x02\x00\x01\x03\x06\t\x04\x00\x01\x03\x7f\t\x06\x00\x01\x03\x9a\x04\t\x04\x00\x01\x03\xe9z\t\x10\x00\x01\x03\x04\t\n\x00\x01\x03\x04\t\x04\x00\x01\x03\xad\x04\t\x0e\x00\x01\x03\xdf{\t\x02\x00\x01\x03\xa1\x04\t\x08\x00\x01\x03\xd4{\t\x04\x00\x01\x03\xac\x04\t\x0e\x00\x01\x03-\t\x04\x00\x01\x03\xc1\x01\t\x06\x00\x01\x03\xe9\x05\t\x08\x00\x01\x03\x02\t\x04\x00\x01\x03\x01\t \x00\x01\x03\x97\x02\t\x08\x00\x01\x03\xd2}\t\x02\x00\x01\x03\xb0z\t\x0e\x00\x01\x03\x01\t\x1a\x00\x01\x03\t\t\x08\x00\x01\x03\xe2y\t\x08\x00\x01\x03\x7f\t\x08\x00\x01\x03N\t\x04\x00\x01\x03\x05\t\x04\x00\x01\x03\xcf\x04\t\x0e\x00\x01\x03\xc9{\t\x02\x00\x01\x03t\t\x04\x00\x01\x03u\t\x04\x00\x01\x03\xce\x04\t\x0e\x00\x01\x03\xb4{\t\x06\x00\x01\x03\x95\r\t\x0c\x00\x01\x03\xe4w\t\x0e\x00\x01\x03\xac\x07\t\x08\x00\x01\x03\x01\t$\x00\x01\x03\xf3\x00\t\x08\x00\x01\x03\xa4\x01\t\x04\x00\x01\x03\xe0~\t\x02\x00\x01\x03\xe3r\t\x10\x00\x01\x03\xd4\x0c\t\x04\x00\x01\x03\x01\t\x04\x00\x01\x03\xc0s\t\x04\x00\x01\x03\x7f\t\x04\x00\x01\x03u\t\x04\x00\x01\x03F\t\x04\x00\x01\x03\x02\t\n\x00\x01\x03\x01\t\x08\x00\x01\x03\t\t\x08\x00\x01\x03\x9e\x05\t\x08\x00\x01\x03\xe3z\t\x08\x00\x01\x03\x03\tR\x00\x01\x03\x7f\t\x08\x00\x01\x03\xb4~\t\x04\x00\x01\x03\xe7\x06\t\x04\x00\x01\x03\x9ay\t\n\x00\x01\x03\x01\t\x06\x00\x01\x03\x05\t\x0c\x00\x01\x03\x7f\t\x04\x00\x01\x03\xff\x02\t\x04\x00\x01\x03\xe2\x03\t\x0e\x00\x01\x03\xa1|\t\n\x00\x01\x03\x01\t\x02\x00\x01\x03\x03\t\x08\x00\x01\x03\xae\x03\t\x0c\x00\x01\x03\xe0|\t\x02\x00\x01\x03\x07\t\x04\x00\x01\x03n\t\x0c\x00\x01\x03\x01\t\x08\x00\x01\x03\x05\t\x06\x00\x01\x03\x02\t\x04\x00\x01\x03\x01\t\x04\x00\x01\x03\x06\t\n\x00\x01\x03\x02\t\x0c\x00\x01\x03\xffx\t\x02\x00\x01\x03\x04\t\x08\x00\x01\x03\x10\t\x0c\x00\x01\x03\x04\t\x02\x00\x01\x03\x04\t\x02\x00\x01\x03\x04\t\x02\x00\x01\x03\x04\t\x02\x00\x01\x03\x04\t\x02\x00\x01\x03\x04\t\x02\x00\x01\x03\x04\t\x02\x00\x01\x03\x06\t\x04\x00\x01\x03\xc5\x06\t\x06\x00\x01\x03\xbc\x02\t\x04\x00\x01\x03\x91\x01\t\x00\x00\x01\x03\xf7~\t\n\x00\x01\x03\xdc\x00\t\x04\x00\x01\x03\xa9\x7f\t\x06\x00\x01\x03\xd7\x00\t\x06\x00\x01\x03\xb2\x7f\t\x04\x00\x01\x03\xb3v\t\x02\x00\x01\x03\x04\t\x08\x00\x01\x03\x10\t\x0c\x00\x01\x03\x04\t\x02\x00\x01\x03\x04\t\x02\x00\x01\x03\x04\t\x02\x00\x01\x03\x04\t\x02\x00\x01\x03\xa9\t\t\x02\x00\x01\x03\xdbv\t\x04\x00\x01\x03\x04\t\x02\x00\x01\x03\x04\t\x02\x00\x01\x03\x06\t\x04\x00\x01\x03\xf2\x08\t\x04\x00\x01\x03\xd8v\t\x00\x00\x01\x03\x04\t\x0c\x00\x01\x03$\t\x08\x00\x01\x03\x04\t\x04\x00\x01\x03\x04\t\x04\x00\x01\x03\x06\t\x04\x00\x01\x03\xbc\x08\t\x04\x00\x01\x03\x03\t\x00\x00\x01\x03\xa6\x01\t\x0c\x00\x01\x03\xe1\x01\t\x06\x00\x01\x03\x84t\t\x0c\x00\x01\x03\x04\t\x08\x00\x01\x03\x14\t\x0c\x00\x01\x03\x04\t\x02\x00\x01\x03\x04\t\x02\x00\x01\x03\x04\t\x02\x00\x01\x03\x04\t\x04\x00\x01\x03\x04\t\x02\x00\x01\x03\x04\t\x02\x00\x01\x03\x06\t\x04\x00\x01\x03\x90\x08\t\x04\x00\x01\x03\x01\t\x00\x00\x01\x03\x07\t\x08\x00\x01\x03\xcd\x01\t\x04\x00\x01\x03\xb8~\t\x06\x00\x01\x03\x01\t\x14\x00\x01\x03\x7f\t\x02\x00\x01\x03\xddv\t\x0c\x00\x01\x03\x07\t\x04\x00\x01\x03\xa9\t\t\x18\x00\x01\x03\x7f\t\x12\x00\x01\x03|\t\x02\x00\x01\x03\xa5w\t\x02\x00\x01\x03\x04\t\x08\x00\x01\x03\x14\t\x0c\x00\x01\x03\x04\t\x02\x00\x01\x03\x04\t\x02\x00\x01\x03\x04\t\x02\x00\x01\x03\x04\t\x02\x00\x01\x03\x04\t\x04\x00\x01\x03\x04\t\x02\x00\x01\x03\x06\t\x04\x00\x01\x03\xfc\x07\t\x04\x00\x01\x03\x02\t\x00\x00\x01\x03\xe7\x01\t\x0c\x00\x01\x03\xe5u\t\x06\x00\x01\x03\x04\t\x08\x00\x01\x03\x10\t\x0c\x00\x01\x03\x04\t\x02\x00\x01\x03\x04\t\x04\x00\x01\x03\x04\t\x04\x00\x01\x03\x04\t\x04\x00\x01\x03\x04\t\x02\x00\x01\x03\x04\t\x02\x00\x01\x03\x04\t\x02\x00\x01\x03\x06\t\x04\x00\x01\x03\xe8\x07\t\x04\x00\x01\x03\x03\t\x04\x00\x01\x03\xfa\x01\t\x0c\x00\x01\x03\x91~\t\x02\x00\x01\x03\xef\x01\t\x04\x00\x01\x03\xa0\x0e\t\x04\x00\x01\x03\xefo\t\x04\x00\x01\x03\xd6w\t\x06\x00\x01\x03\x04\t\x08\x00\x01\x03\xa4\x08\t\x0c\x00\x01\x03\xfcw\t\x08\x00\x01\x03\x04\t\x02\x00\x01\x03\x04\t\x02\x00\x01\x03\x04\t\x02\x00\x01\x03\xfc\x07\t\x04\x00\x01\x03\x8ax\t\x04\x00\x01\x03\xee\x06\t\x04\x00\x01\x03\x05\t\x00\x00\x01\x03\xf2\x02\t\x0c\x00\x01\x03\x97\x07\t\x06\x00\x01\x03\xcen\t\x04\x00\x01\x03\x04\t\x08\x00\x01\x03\x10\t\x0c\x00\x01\x03\x04\t\x02\x00\x01\x03\x04\t\x02\x00\x01\x03\x04\t\x02\x00\x01\x03\x04\t\x04\x00\x01\x03\x04\t\x02\x00\x01\x03\x04\t\x02\x00\x01\x03\x04\t\x04\x00\x01\x03\x06\t\x04\x00\x01\x03\xb8\x03\t\x04\x00\x01\x03\x92|\t\x00\x00\x01\x03\x04\t\x0c\x00\x01\x03\x10\t\x08\x00\x01\x03\x04\t\x02\x00\x01\x03\xd7\x03\t\x02\x00\x01\x03\xb5|\t\x04\x00\x01\x03\x04\t\x02\x00\x01\x03\x04\t\x02\x00\x01\x03\x04\t\x04\x00\x01\x03\x06\t\x04\x00\x01\x03\xc8\x03\t\x04\x00\x01\x03\x01\t\x04\x00\x01\x03\x06\t\x04\x00\x01\x03\x96\x06\t\x0e\x00\x01\x03\x82z\t\x02\x00\x01\x03\xfe\x05\t\x04\x00\x01\x03\xf4y\t\x04\x00\x01\x03\x07\t\x10\x00\x01\x03\xa0\n\t\x12\x00\x01\x03\x01\t\x06\x00\x01\x03\x01\t\n\x00\x01\x03\xe5u\t\x1e\x00\x01\x03{\t\x04\x00\x01\x03\xd7\n\t\x04\x00\x01\x03\xa1|\t\x14\x00\x01\x03\xe4\x03\t\x06\x00\x01\x03\x02\t\x0c\x00\x01\x03\x01\t\x18\x00\x01\x03\xa6u\t\x10\x00\x01\x03\x8e~\t\x06\x00\x01\x03\x9d\x08\t\x00\x00\x01\x03\xebw\t\n\x00\x01\x03\x01\t\x04\x00\x01\x03\x01\t\x0c\x00\x01\x03\x82}\t\x02\x00\x01\x03y\t\x10\x00\x01\x03\xd0\x00\t\x14\x00\x01\x03\x04\t\x08\x00\x01\x03\x10\t\x0c\x00\x01\x03\x04\t\x02\x00\x01\x03\x04\t\x02\x00\x01\x03\xae\x02\t\x02\x00\x01\x03\xda}\t\x02\x00\x01\x03\x04\t\x02\x00\x01\x03\x04\t\x02\x00\x01\x03\x04\t\x02\x00\x01\x03\x06\t\x04\x00\x01\x03\x80\x02\t\x04\x00\x01\x03\x01\t\x04\x00\x01\x03\x01\t\x0c\x00\x01\x03\x0b\t\x04\x00\x01\x03P\t\x04\x00\x01\x03\xed}\t\x00\x00\x01\x03\x04\t\x0c\x00\x01\x03\x10\t\x08\x00\x01\x03\x04\t\x04\x00\x01\x03\x04\t\x02\x00\x01\x03\x04\t\x02\x00\x01\x03\x04\t\x04\x00\x01\x03\x04\t\x02\x00\x01\x03\x04\t\x02\x00\x01\x03\x04\t\x02\x00\x01\x03\x06\t\x02\x00\x01\x03\xc5\x01\t\x04\x00\x01\x03\x85~\t\x00\x00\x01\x03\x04\t\x0c\x00\x01\x03\x18\t\x08\x00\x01\x03\x04\t\x02\x00\x01\x03\x04\t\x02\x00\x01\x03\x04\t\x02\x00\x01\x03\x04\t\x02\x00\x01\x03\x04\t\x02\x00\x01\x03\x06\t\x04\x00\x01\x03\x91\x01\t\x04\x00\x01\x03\x06\t\x00\x00\x01\x03\x01\t\x08\x00\x01\x03\xb2~\t\x06\x00\x01\x03\x04\t\x08\x00\x01\x03\x10\t\x0c\x00\x01\x03\x04\t\x04\x00\x01\x03\x04\t\x02\x00\x01\x03\x04\t\x02\x00\x01\x03\x04\t\x04\x00\x01\x03\x04\t\x02\x00\x01\x03\x04\t\x04\x00\x01\x03\x04\t\x04\x00\x01\x03\x06\t\x04\x00\x01\x03\xd1j\t\x04\x00\x01\x03\x1a\t\x08\x00\x01\x03g\t\x04\x00\x01\x03\x01\t\n\x00\x01\x03\x03\t\x08\x00\x01\x03\x01\t\x0e\x00\x01\x03\x01\t\x16\x00\x01\x03\x01\t\n\x00\x01\x04\x08\x03?\t\x06\x00\x01\x03\xbd\x7f\t\x1c\x00\x01\x04\t\x03\x00\t\x12\x00\x01\x04\x05\x03\'\t\x08\x00\x01\x03\x01\t\x06\x00\x01\x03\x01\t\x08\x00\x01\x04\x08\x03\x1b\t\x04\x00\x01\x04\x05\x03\x9f\x7f\t\x16\x00\x01\x04\t\x03\x1b\t\x06\x00\x01\x03\x01\t\x04\x00\x01\x03\x01\t\x04\x00\x01\x04\x05\x03c\t\x04\x00\x01\x03\x01\t\x06\x00\x01\x03\x01\t\x04\x00\x01\x03\x01\t\x04\x00\x01\x03\x01\t\x08\x00\x01\x03\xcc\x00\t\x0c\x00\x01\x03\x01\t\x0e\x00\x01\x03\x02\t\x08\x00\x01\x04\x08\x03\x10\t$\x00\x01\x03\x15\t\n\x00\x01\x03i\t\x04\x00\x01\x03\x18\t\x04\x00\x01\x03\x7f\t\x0c\x00\x01\x03n\t\x0c\x00\x01\x03\x02\t\x16\x00\x01\x03\x01\t\x18\x00\x01\x03\x01\t\x0e\x00\x01\x04\x05\x03\xa4\x7f\t\x0c\x00\x01\x03\x01\t\x06\x00\x01\x03\x02\t\x08\x00\x01\x03\x02\t\x1e\x00\x01\x03\x01\t\x18\x00\x01\x04\x08\x03\xd7\x00\t\x0c\x00\x01\x03\x01\t\x0c\x00\x01\x03\x02\t\x08\x00\x01\x03\x01\t\x0e\x00\x01\x03\x04\t\x0e\x00\x01\x03|\t\x12\x00\x01\x03\x02\t\x06\x00\x01\x04\x05\x03\xd4)\t\x1a\x00\x01\x03\x04\t\x00\x00\x01\x03\x02\t\x08\x00\x01\x03\x02\t\x0e\x00\x01\x03\x01\t\n\x00\x01\x03\x02\t\x06\x00\x01\x03\x88k\t\x02\x00\x01\x03\xba\x7f\t\n\x00\x01\x03\xcf\x00\t\x08\x00\x01\x03\x01\t\x06\x00\x01\x03\x03\t\x02\x00\x01\x03\x06\t\x10\x00\x01\x03\xab\x7f\t\x08\x00\x01\x03\xd9\x00\t\x08\x00\x01\x03\xe4\t\t\x08\x00\x01\x03\x9dv\t\x08\x00\x01\x03\x01\t(\x00\x01\x03\x06\t\x06\x00\x01\x03\x03\t\x04\x00\x01\x03\x01\t\x04\x00\x01\x03\xa7\n\t\x08\x00\x01\x03\xb2u\t\x04\x00\x01\x03,\t\x04\x00\x01\x03\x96\x7f\t\x0c\x00\x01\x03\xbd\n\t\x0c\x00\x01\x03\xa3v\t\x0c\x00\x01\x03\x01\t&\x00\x01\x03\xe7\x02\t\x08\x00\x01\x03\xfc\x06\t\x02\x00\x01\x03\x89y\t\n\x00\x01\x03\xca\x06\t\x0e\x00\x01\x03\xc0y\t\x02\x00\x01\x03y\t\x02\x00\x01\x03\x7f\t\x04\x00\x01\x03\x01\t\x04\x00\x01\x03\xf4\x06\t\x04\x00\x01\x03\x90y\t\x02\x00\x01\x03\x01\t\x04\x00\x01\x03\xa9}\t\x14\x00\x01\x03\x8e\n\t\x04\x00\x01\x03\xb2u\t\x06\x00\x01\x03\x99\x03\t\x04\x00\x01\x03Z\t\x06\x00\x01\x03\x05\t\x00\x00\x01\x03\xe1\x06\t\x0e\x00\x01\x03-\t\x06\x00\x01\x03\xbav\t\n\x00\x01\x03\x8e\n\t\x04\x00\x01\x03\xb2u\t\x06\x00\x01\x03\xbd\x04\t\x08\x00\x01\x03\xc9\x05\t\x0e\x00\x01\x03\xbaz\t\n\x00\x01\x03\x08\t\x06\x00\x01\x03\x91\x05\t\x0e\x00\x01\x03\xfdz\t\x02\x00\x01\x03u\t\x0e\x00\x01\x03\x7f\t\x04\x00\x01\x03\x01\t\x04\x00\x01\x03\x06\t\x04\x00\x01\x03\xae\x05\t\x08\x00\x01\x03\xd4z\t\x0e\x00\x01\x03\x03\t(\x00\x01\x03\x7f\t\x0e\x00\x01\x03\x9e\x7f\t\x04\x00\x01\x03\x93\x06\t\x08\x00\x01\x03\xf2y\t\n\x00\x01\x03\xe1\x05\t\x0e\x00\x01\x03\xb8z\t\x02\x00\x01\x03z\t\x08\x00\x01\x03\x7f\t\x04\x00\x01\x03\x01\t\x04\x00\x01\x03\x04\t\x04\x00\x01\x03\xf0\x05\t\x0e\x00\x01\x03\xb1\x01\t\x10\x00\x01\x03\xe1x\t(\x00\x01\x03\x7f\t\x08\x00\x01\x03\x1f\t\x04\x00\x01\x03\x05\t\x00\x00\x01\x03\xa5\x05\t\x0e\x00\x01\x03\xdcz\t\x08\x00\x01\x03\xca\x05\t\x08\x00\x01\x03\xb1\x01\t\x14\x00\x01\x03\x86y\t&\x00\x01\x03\xec\x0f\t\x04\x00\x01\x03\x03\t\x00\x00\x01\x03\x01\t\x08\x00\x01\x03\xde\x00\t\x02\x00\x01\x03\xa6\x7f\t<\x00\x01\x03\x87m\t\x02\x00\x01\x03\x03\t\x00\x00\x01\x03\xa5\x08\t\x0c\x00\x01\x03\xdcw\t\x06\x00\x01\x03\xd4\x0f\t\x04\x00\x01\x03\x01\t\x08\x00\x01\x03\x04\t\x04\x00\x01\x04\x08\x03\xbeY\t\x04\x00\x01\x03\x00\t\x00\x00\x01\x04\x05\x03,\t\n\x00\x01\x04\t\x03}\t\x08\x00\x01\x04\x08\x03X\t\x04\x00\x01\x03\x7f\t\x02\x00\x01\x03\x01\t\x06\x00\x01\x04\t\x03(\t\x04\x00\x01\x04\x08\x03X\t\x02\x00\x01\x04\t\x03(\t\x04\x00\x01\x04\x08\x03z\t\x04\x00\x01\x03\x00\t\x00\x00\x01\x03\x00\t\x0e\x00\x01\x03\x00\t\x06\x00\x01\x04\t\x03\x06\t\x04\x00\x01\x04\x08\x03z\t\x02\x00\x01\x04\t\x03\x06\t\x04\x00\x01\x04\x08\x03\x14\t\x04\x00\x01\x03\x00\t\x06\x00\x01\x04\x05\x03\xad\x7f\t\x08\x00\x01\x04\t\x03?\t\x08\x00\x01\x04\x08\x03\x14\t\x04\x00\x01\x03\x00\t\n\x00\x01\x03\x00\t\x06\x00\x01\x04\t\x03l\t\x04\x00\x01\x04\x08\x03\x14\t\x02\x00\x01\x04\t\x03l\t\x04\x00\x01\x04\x08\x03:\t\x04\x00\x01\x03\x00\t\x00\x00\x01\x03\x00\t\x0e\x00\x01\x03\x00\t\x06\x00\x01\x04\t\x03F\t\x04\x00\x01\x04\x08\x03:\t\x02\x00\x01\x04\t\x03F\t\x04\x00\x01\x04\x08\x03\xc6\x00\t\x04\x00\x01\x03\x01\t\x0e\x00\x01\x03\x01\t(\x00\x01\x03\x01\t,\x00\x01\x04\x04\x03\x8e\x7f\t\x0e\x00\x01\x03\x00\t\x00\x00\x01\x03\x03\t\x16\x00\x01\x03\x01\t\x10\x00\x01\x03\x03\t\x04\x00\x01\x03\x01\t\x04\x00\x01\x03~\t\x04\x00\x01\x03\x07\t\x06\x00\x01\x03\x01\t\x04\x00\x01\x03\x01\t\x10\x00\x01\x03\x01\t&\x00\x01\x03y\t\x16\x00\x01\x03\x01\t\x04\x00\x01\x04\x01\x03\xbd\x05\t\x08\x00\x01\x03\x01\t\x0e\x00\x01\x03\x01\t\x04\x00\x01\x03\x03\t\n\x00\x01\x03\xeb|\t\x04\x00\x01\x03\x01\t\x04\x00\x01\x03\x01\t\x06\x00\x01\x03\x01\t\x04\x00\x01\x03\x95\x03\t\x06\x00\x01\x03\x01\t\x04\x00\x01\x03\x04\t\x06\x00\x01\x03\x8e{\t\x04\x00\x01\x03\x05\t\x06\x00\x01\x03\x84\x04\t\x04\x00\x01\x03\xa4|\t\x04\x00\x01\x03\xca\x04\t\x06\x00\x01\x03\x01\t\x16\x00\x01\x03\x01\t\x02\x00\x01\x03\x01\t\x16\x00\x01\x03\x06\t\x02\x00\x01\x03\x02\t\x04\x00\x01\x03\x05\t\x0c\x00\x01\x03\x01\t\n\x00\x01\x03\n\t\x08\x00\x01\x03\x02\t\x04\x00\x01\x03v\t\x0e\x00\x01\x03\x02\t\x04\x00\x01\x03\x05\t\x0c\x00\x01\x03\x01\t\n\x00\x01\x03\x91~\t\n\x00\x01\x03\xdd|\t<\x00\x01\x03\n\t\x04\x00\x01\x03\x9b\x03\t\x04\x00\x01\x03\x04\t\x04\x00\x01\x03\xe6|\t\n\x00\x01\x03\x9d\x03\t\x06\x00\x01\x03\x01\t\x02\x00\x01\x03\xa0|\t\x04\x00\x01\x03\xe6\x03\t\x08\x00\x01\x03\x03\t\x08\x00\x01\x03\x01\t\x06\x00\x01\x03\x01\t\x04\x00\x01\x03\x02\t\x04\x00\x01\x03\x02\t\x04\x00\x01\x03\xbf|\t\x04\x00\x01\x03X\t\x08\x00\x01\x03\xb1\x04\t\x06\x00\x01\x03\xcf{\t>\x00\x01\x03(\t\x08\x00\x01\x03\xcc\x03\t\x06\x00\x01\x03\x02\t\x04\x00\x01\x03\x01\t\x04\x00\x01\x03\x02\t\x06\x00\x01\x03\x08\t\x06\x00\x01\x03{\t\x06\x00\x01\x03\x02\t\x04\x00\x01\x03\x01\t\x04\x00\x01\x03\x02\t\x06\x00\x01\x03\x03\t\x08\x00\x01\x03\xf6{\t\x04\x00\x01\x03\x8d\x04\t\x08\x00\x01\x03\x02\t\x08\x00\x01\x03\x97\x7f\t\n\x00\x01\x03\x8d}\t\x02\x00\x01\x03\x85\x02\t\x04\x00\x01\x03\xee\x00\t\x08\x00\x01\x03\x93\x7f\t\x04\x00\x01\x03\xdf\x00\t\x08\x00\x01\x03\x01\t\x04\x00\x01\x03\x9a}\t&\x00\x01\x03\x85\x02\t\x04\x00\x01\x03\x01\t\x08\x00\x01\x03\xe4\x00\t\x08\x00\x01\x03\x01\t\x10\x00\x01\x03\x9b\x7f\t\x06\x00\x01\x03\xf2\x00\t\x08\x00\x01\x04\x03\x03\xa3|\t\x04\x00\x01\x03\x01\t\x10\x00\x01\x03\x02\t\x16\x00\x01\x03}\t\x06\x00\x01\x04\x01\x03\xe8\x03\t\x08\x00\x01\x03\x02\t\x06\x00\x01\x03\x03\t\x08\x00\x01\x03\x01\t\x04\x00\x01\x03\t\t\x08\x00\x01\x03\xec\x00\t\x04\x00\x01\x03\x96|\t\x04\x00\x01\x03\xf7\x02\t\x08\x00\x01\x03\x01\t\x04\x00\x01\x03\x02\t\n\x00\x01\x03\x03\t\x04\x00\x01\x04\x03\x03\x96|\t\x04\x00\x01\x03\x01\t\x16\x00\x01\x03\x7f\t\x16\x00\x01\x03\x03\t\x08\x00\x01\x04\x01\x03\xe8\x03\t\x04\x00\x01\x03t\t\x16\x00\x01\x03\x15\t\x04\x00\x01\x03\x02\t\x04\x00\x01\x04\x06\x03\xa9|\t\x04\x00\x01\x04\x01\x03\x9a\x04\t\x06\x00\x01\x03\x04\t\x06\x00\x01\x03\x97|\t\x04\x00\x01\x03\xed\x03\t\x08\x00\x01\x03\x02\t\x06\x00\x01\x03\xf4}\t\n\x00\x01\x03\x03\t\x02\x00\x01\x03\x05\t\x02\x00\x01\x03x\t\x02\x00\x01\x03\x02\t\x06\x00\x01\x03\x01\t\x04\x00\x01\x03\x01\t\x04\x00\x01\x03\x04\t\n\x00\x01\x03x\t\x04\x00\x01\x03\r\t\x06\x00\x01\x03\x01\t\x06\x00\x01\x03\x81\x02\t\x04\x00\x01\x03\r\t\x08\x00\x01\x03\x86|\t\x04\x00\x01\x03\x85\x02\t\x04\x00\x01\x03\x01\t\x08\x00\x01\x03p\t\x08\x00\x01\x04\x06\x03\xc9}\t\x06\x00\x01\x03\x01\t\x02\x00\x01\x03\x02\t\x02\x00\x01\x03\x02\t\x04\x00\x01\x03\x02\t\x06\x00\x01\x03\x05\t\x0c\x00\x01\x03\x02\t\x06\x00\x01\x03\x02\t\x04\x00\x01\x03\x03\t\x1a\x00\x01\x04\x01\x03\x06\t\x04\x00\x01\x03\xef\x02\t\x08\x00\x01\x03\x9e}\t\n\x00\x01\x04\x06\x03r\t\x08\x00\x01\x03\x02\t\x06\x00\x01\x03[\t\x06\x00\x01\x034\t\x08\x00\x01\x03x\t\x06\x00\x01\x03\x0f\t\x04\x00\x01\x03\x05\t"\x00\x01\x03\x05\t\x08\x00\x01\x03\x02\t\x08\x00\x01\x04\x0b\x03\xda\x02\t\x08\x00\x01\x04\x06\x03\x95}\t\x16\x00\x01\x03\x14\t\x06\x00\x01\x03\t\t\x0c\x00\x01\x03\x02\t\x02\x00\x01\x03\x01\t\n\x00\x01\x03\x03\t\x08\x00\x01\x03\x01\t\x08\x00\x01\x03f\t\x0e\x00\x01\x03\x01\t\n\x00\x01\x03\x1e\t\n\x00\x01\x04\x01\x03\xe8\x01\t\n\x00\x01\x04\x03\x03\xb5}\t\x04\x00\x01\x03\x01\t\x10\x00\x01\x03\x7f\t\x1a\x00\x01\x04\x01\x03\xca\x03\t\x08\x00\x01\x03\x05\t\n\x00\x01\x03\x02\t\x06\x00\x01\t\x06\x00\x00\x01\x01\x04\n\x00\x05\x02\x8c#\x00\x00\x03!\x01\x04\x04\x03\xd3\x01\t\x16\x00\x01\x03\x06\t\x02\x00\x01\x03\x01\t\x06\x00\x01\x03\r\t\x06\x00\x01\x03\x01\t\x06\x00\x01\x03\r\t\x06\x00\x01\x03\x0b\t\n\x00\x01\x03\x03\t\x04\x00\x01\x03\x02\t\n\x00\x01\x03\n\t\n\x00\x01\x03\x16\t\n\x00\x01\x03\x01\t\n\x00\x01\x03\x01\t\n\x00\x01\x03\x04\t\n\x00\x01\x03\x01\t\n\x00\x01\x03\x01\t\n\x00\x01\x03\x01\t\n\x00\x01\x03\x01\t\n\x00\x01\x03\x01\t\n\x00\x01\x03\x12\t\n\x00\x01\x03\x01\t\n\x00\x01\x03\x01\t\n\x00\x01\x03\x17\t\n\x00\x01\x04\x01\x03\xbe\x03\t\n\x00\x01\x03\x01\t\x04\x00\x01\x03\x01\t\x04\x00\x01\x03\xee~\t\x04\x00\x01\x03\x02\t\n\x00\x01\x03\x05\t\x06\x00\x01\x03\'\t\x06\x00\x01\x03\x01\t\x06\x00\x01\x03\x07\t\x06\x00\x01\x03\x02\t\x04\x00\x01\x03\x07\t\x0c\x00\x01\x03\xd6\x00\t\n\x00\x01\x03\x01\t\n\x00\x01\x03\x02\t\x06\x00\x01\x04\x05\x03\x90\'\t\x04\x00\x01\x04\x02\x03\xccR\t\x04\x00\x01\x03\x01\t\x06\x00\x01\x03\x03\t\x06\x00\x01\x03\x03\t\x04\x00\x01\x03\x01\t\x10\x00\x01\x03\x0f\t\n\x00\x01\x03\x01\t\x02\x00\x01\x03\x01\t\x02\x00\x01\x03\x01\t\x06\x00\x01\x04\x05\x03\xad*\t\n\x00\x01\x03\x01\t\x06\x00\x01\x03\x9ci\t\x04\x00\x01\x03\x05\t\x04\x00\x01\x03\x01\t\x04\x00\x01\x03\xe3\x12\t\x04\x00\x01\x03\x01\t\x08\x00\x01\x03\x04\t\x04\x00\x01\x03\xa0m\t\x04\x00\x01\x03\xb2\x13\t\x0c\x00\x01\x03\x01\t\x04\x00\x01\x03\x01\t\x04\x00\x01\x03\xd0l\t\x04\x00\x01\x03\x03\t\x08\x00\x01\x03\x04\t\x08\x00\x01\x03\x01\t\x10\x00\x01\x03\x01\t\x10\x00\x01\x04\x06\x03\x92m\t\x10\x00\x01\x04\x05\x03\x83+\t\x0c\x00\x01\x03\xa2\x7f\t\x04\x00\x01\x03\x01\t\x18\x00\x01\x03\x01\t\x04\x00\x01\x03\xb0x\t\x0c\x00\x01\x03\x01\t\x10\x00\x01\x03\x01\t\x04\x00\x01\x03\x01\t\x08\x00\x01\x03\x01\t\x10\x00\x01\x04\x08\x03\xa4]\t\x08\x00\x01\x04\x05\x03\x81\'\t\x14\x00\x01\x03\xe0\x01\t\x06\x00\x01\x03\xad\x02\t\x06\x00\x01\x03\x01\t\x0c\x00\x01\x03\x01\t\x06\x00\x01\x03\x1e\t\x08\x00\x01\x03b\t\x0e\x00\x01\x03 \t\x02\x00\x01\x03\x01\t\x0e\x00\x01\x03\x85\x01\t\x0c\x00\x01\x03\xf6}\t\x04\x00\x01\x03\x01\t\x10\x00\x01\x03\x9b\x01\t\x06\x00\x01\x03\x01\t\x0c\x00\x01\x03J\t\x12\x00\x01\x03\xa2\x7f\t\x06\x00\x01\x03\x81\x02\t\x08\x00\x01\x03\x82~\t\x04\x00\x01\x03\x01\t"\x00\x01\x03\x01\t\x0c\x00\x01\x03\x83j\t\x02\x00\x01\x03\xb5\x0e\t\n\x00\x01\x03\x02\t\x0e\x00\x01\x03\x02\t\x08\x00\x01\x03\xb3\x7f\t\x18\x00\x01\x03\x01\t\n\x00\x01\x03~\t\x1c\x00\x01\x03\xcd\x00\t\x06\x00\x01\x03\x03\t\x08\x00\x01\x03\x01\t(\x00\x01\x03\x01\t\x18\x00\x01\x03\n\t\x04\x00\x01\x04\x04\x03\xb7]\t\x08\x00\x01\x04\x08\x03Q\t\x08\x00\x01\x03\x01\t(\x00\x01\x03\x01\t\x14\x00\x01\x03\x01\t\x10\x00\x01\x03\x01\t\x08\x00\x01\x03\x01\t\x08\x00\x01\x03[\t\x08\x00\x01\x03&\t\x10\x00\x01\x04\x05\x03\xe9&\t\x10\x00\x01\x03\x06\t\x06\x00\x01\x03\x03\t\n\x00\x01\x03\xa9\x05\t\x0c\x00\x01\x03\xdaz\t\x04\x00\x01\x03\x03\t\x0c\x00\x01\x03\x08\t\x0e\x00\x01\x03\x03\t\x04\x00\x01\x03\xd1~\t\x12\x00\x01\x03\x01\t\x18\x00\x01\x03\xb8\x01\t\x0e\x00\x01\x03\xc7~\t\x02\x00\x01\x03\x01\t\x0c\x00\x01\x03\xb8\x01\t\x06\x00\x01\x03\xc7~\t\n\x00\x01\x03\x01\t\x10\x00\x01\x03\x97\x02\t\x08\x00\x01\x03\x03\t\x02\x00\x01\x03\xa2\x7f\t\x02\x00\x01\x03\x03\t\x08\x00\x01\x03\x1d\t\n\x00\x01\x03e\t\x16\x00\x01\x03|\t\x06\x00\x01\x03\x07\t\x02\x00\x01\x03\xbb~\t(\x00\x01\x03\x01\t\x10\x00\x01\x03\x97\x02\t\x08\x00\x01\x03\xd2}\t\x02\x00\x01\x03\xe1\x01\t\x0e\x00\x01\x03\x82\x04\t2\x00\x01\x03\x01\t\x06\x00\x01\x03\x01\t\x10\x00\x01\x03\x01\t\x08\x00\x01\x03\x01\t\x0c\x00\x01\x03\xff\x00\t\n\x00\x01\x03\x8a~\t\x04\x00\x01\x03\xfa\x00\t\x12\x00\x01\x03\x01\t\x06\x00\x01\x03\x01\t\x06\x00\x01\x03\xfa\x00\t\x10\x00\x01\x03\x8a~\t\x04\x00\x01\x03\xff\x00\t\x10\x00\x01\x03\x01\t\x12\x00\x01\x03\x01\t\x06\x00\x01\x03\xf0~\t\x04\x00\x01\x03\x92\x01\t\x04\x00\x01\x03\x01\t\x10\x00\x01\x03\xbfi\t\x0c\x00\x01\x03\x03\t\x04\x00\x01\x03\x03\t\x08\x00\x01\x03\x97\n\t\x08\x00\x01\x03\x02\t&\x00\x01\x03\xecu\t\x08\x00\x01\x03\x02\t&\x00\x01\x03\x04\t\x1e\x00\x01\x03\x02\t&\x00\x01\x03\x01\t\x06\x00\x01\x03\xe4\r\t\n\x00\x01\x03\x01\t\x08\x00\x01\x03\x01\t\x08\x00\x01\x03\xac\x7f\t\x14\x00\x01\x03\x01\t\n\x00\x01\x03~\t\x1c\x00\x01\x03\xd4\x00\t\x06\x00\x01\x03\x05\t\x08\x00\x01\x03\x01\t(\x00\x01\x03\x01\t\x18\x00\x01\x03\x01\t\x0c\x00\x01\x03\x02\t\x06\x00\x01\x03\x03\t\x06\x00\x01\x03\x01\t\x18\x00\x01\x03\x9e\x7f\t\x16\x00\x01\x03\x01\t\n\x00\x01\x03\x01\t\n\x00\x01\x03~\t\x16\x00\x01\x03\xe1\x00\t\n\x00\x01\x03\xf9{\t\x08\x00\x01\x03\x8c\x04\t\x04\x00\x01\x03\x01\t\x04\x00\x01\x03\x95\x04\t\n\x00\x01\x03\x1f\t\x08\x00\x01\x03p\t\x0e\x00\x01\x03x\t\n\x00\x01\x03\n\t\x04\x00\x01\x03\xac\x01\t\x0e\x00\x01\x03\x08\t\x18\x00\x01\x03\x01\t\x06\x00\x01\x03\xb5~\t\x06\x00\x01\x03\xcf\x01\t\x04\x00\x01\x03\x02\t\x12\x00\x01\x03\x01\t\n\x00\x01\x03\x01\t\x16\x00\x01\x03\xf6j\t\x06\x00\x01\x03\x94\x15\t\x10\x00\x01\x03i\t\x04\x00\x01\x03\x8a\x7f\t\x04\x00\x01\x03\x8d\x01\t\n\x00\x01\x03\x01\t\x18\x00\x01\x03\x02\t\n\x00\x01\x03\x01\t\x18\x00\x01\x03\xecj\t\x0e\x00\x01\x03g\t\x08\x00\x01\x03\x01\t\x04\x00\x01\x03\x07\t\x06\x00\x01\x03\x01\t\n\x00\x01\x03\x01\t\x08\x00\x01\x03\x04\t\x12\x00\x01\x03\x03\t&\x00\x01\x03\xed\x17\t\x06\x00\x01\x04\n\x03\xafS\t\x0c\x00\x01\t\x10\x00\x00\x01\x01\x04\x08\x00\x05\x02\x8e-\x00\x00\x03\xc4\x01\x01\x03p\t\x00\x00\x01\x03\x7f\t\x08\x00\x01\x03\x7f\t\x08\x00\x01\x03\x7f\t\x08\x00\x01\t\x08\x00\x00\x01\x01^\x00\x00\x00\x02\x00A\x00\x00\x00\x02\x01\xfb\x0e\n\x00\x01\x01\x01\x01\x00\x00\x00\x01../../../../gcc/libgcc/config/avr\x00\x00lib1funcs.S\x00\x01\x00\x00\x00\x00\x05\x02H5\x00\x00\x03\xe5\x11\x01\x03\x02\t\x02\x00\x01\t\x02\x00\x00\x01\x01\xca\x00\x00\x00\x02\x00A\x00\x00\x00\x02\x01\xfb\x0e\n\x00\x01\x01\x01\x01\x00\x00\x00\x01../../../../gcc/libgcc/config/avr\x00\x00lib1funcs.S\x00\x01\x00\x00\x00\x00\x05\x02\x822\x00\x00\x03\xff\n\x01\x03\x01\t\x02\x00\x01\x03\x01\t\x02\x00\x01\x03\x01\t\x02\x00\x01\x03\x02\t\x02\x00\x01\x03\x01\t\x02\x00\x01\x03\x01\t\x02\x00\x01\x03\x01\t\x02\x00\x01\x03\x01\t\x02\x00\x01\x03\x01\t\x02\x00\x01\x03\x01\t\x02\x00\x01\x03\x02\t\x02\x00\x01\x03\x01\t\x02\x00\x01\x03\x01\t\x02\x00\x01\x03\x01\t\x02\x00\x01\x03\x01\t\x02\x00\x01\x03\x01\t\x02\x00\x01\x03\x02\t\x02\x00\x01\x03\x02\t\x02\x00\x01\x03\x02\t\x02\x00\x01\t\x02\x00\x00\x01\x01\xc4\x00\x00\x00\x02\x00A\x00\x00\x00\x02\x01\xfb\x0e\n\x00\x01\x01\x01\x01\x00\x00\x00\x01../../../../gcc/libgcc/config/avr\x00\x00lib1funcs.S\x00\x01\x00\x00\x00\x00\x05\x02\xaa2\x00\x00\x03\x9f\x0b\x01\x03\x01\t\x02\x00\x01\x03\x01\t\x02\x00\x01\x03\x01\t\x02\x00\x01\x03\x01\t\x02\x00\x01\x03\x02\t\x02\x00\x01\x03\x01\t\x02\x00\x01\x03\x01\t\x02\x00\x01\x03\x01\t\x04\x00\x01\x03\x01\t\x02\x00\x01\x03\x01\t\x02\x00\x01\x03\x03\t\x02\x00\x01\x03\x01\t\x02\x00\x01\x03\x01\t\x02\x00\x01\x03\x01\t\x02\x00\x01\x03\x03\t\x02\x00\x01\x03\x01\t\x02\x00\x01\x03\x01\t\x02\x00\x01\x03\x02\t\x02\x00\x01\t\x02\x00\x00\x01\x01v\x00\x00\x00\x02\x00A\x00\x00\x00\x02\x01\xfb\x0e\n\x00\x01\x01\x01\x01\x00\x00\x00\x01../../../../gcc/libgcc/config/avr\x00\x00lib1funcs.S\x00\x01\x00\x00\x00\x00\x05\x02\xd22\x00\x00\x03\xf7\x11\x01\x03\x01\t\x02\x00\x01\x03\x1f\t\x02\x00\x01\x03\x01\t\x02\x00\x01\x03\x01\t\x02\x00\x01\x03\x01\t\x02\x00\x01\t\x02\x00\x00\x01\x01\x94\x00\x00\x00\x02\x00A\x00\x00\x00\x02\x01\xfb\x0e\n\x00\x01\x01\x01\x01\x00\x00\x00\x01../../../../gcc/libgcc/config/avr\x00\x00lib1funcs.S\x00\x01\x00\x00\x00\x00\x05\x02\xc8\x01\x00\x00\x03\xe8\x12\x01\x03\x01\t\x02\x00\x01\x03\x01\t\x02\x00\x01\x03\x01\t\x02\x00\x01\x03\x01\t\x02\x00\x01\x03\x01\t\x02\x00\x01\x03\x03\t\x02\x00\x01\x03\x05\t\x02\x00\x01\x03\x02\t\x02\x00\x01\x03\x01\t\x02\x00\x01\x03\x01\t\x02\x00\x01\t\x02\x00\x00\x01\x01\x82\x00\x00\x00\x02\x00A\x00\x00\x00\x02\x01\xfb\x0e\n\x00\x01\x01\x01\x01\x00\x00\x00\x01../../../../gcc/libgcc/config/avr\x00\x00lib1funcs.S\x00\x01\x00\x00\x00\x00\x05\x02\xde\x01\x00\x00\x03\x88\x13\x01\x03\x01\t\x02\x00\x01\x03\x01\t\x02\x00\x01\x03\x01\t\x02\x00\x01\x03\x02\t\x02\x00\x01\x03\x02\t\x02\x00\x01\x03\x01\t\x02\x00\x01\x03\x01\t\x02\x00\x01\t\x02\x00\x00\x01\x01\x8e\x00\x00\x00\x02\x00A\x00\x00\x00\x02\x01\xfb\x0e\n\x00\x01\x01\x01\x01\x00\x00\x00\x01../../../../gcc/libgcc/config/avr\x00\x00lib1funcs.S\x00\x01\x00\x00\x00\x00\x05\x02\xee\x01\x00\x00\x03\xa1\x13\x01\x03\x01\t\x02\x00\x01\x03\x01\t\x02\x00\x01\x03\x04\t\x02\x00\x01\x03\x02\t\x02\x00\x01\x03\x06\t\x02\x00\x01\x03\x01\t\x02\x00\x01\x03\x02\t\x04\x00\x01\x03\x01\t\x02\x00\x01\x03\x05\t\x02\x00\x01\t\x02\x00\x00\x01\x01\x8e\x00\x00\x00\x02\x00A\x00\x00\x00\x02\x01\xfb\x0e\n\x00\x01\x01\x01\x01\x00\x00\x00\x01../../../../gcc/libgcc/config/avr\x00\x00lib1funcs.S\x00\x01\x00\x00\x00\x00\x05\x0225\x00\x00\x03\xbf\x13\x01\x03\x01\t\x02\x00\x01\x03\x01\t\x02\x00\x01\x03\x04\t\x02\x00\x01\x03\x06\t\x02\x00\x01\x03\x01\t\x02\x00\x01\x03\x01\t\x04\x00\x01\x03\x05\t\x02\x00\x01\x03\x01\t\x02\x00\x01\x03\x05\t\x02\x00\x01\t\x02\x00\x00\x01\x01', rid = 11), image=b'\x16\x00\x00\x00\x02\x00\x10\x00\x00\x00\x02\x01\xfb\x0e\n\x00\x01\x01\x01\x01\x00\x00\x00\x01\x00\x00\xf6$\x00\x00\x02\x00g\x03\x00\x00\x02\x01\xfb\x0e\n\x00\x01\x01\x01\x01\x00\x00\x00\x01C:\\Users\\Chris\\AppData\\Local\\Arduino15\\packages\\arduino\\hardware\\avr\\1.8.6\\cores\\arduino\x00C:\\csProjects\\cxcp\\tools\\arduino\\hello_xcp\x00c:\\users\\chris\\appdata\\local\\arduino15\\packages\\arduino\\tools\\avr-gcc\\7.3.0-atmel3.6.1-arduino7\\avr\\include\\avr\x00c:\\users\\chris\\appdata\\local\\arduino15\\packages\\arduino\\tools\\avr-gcc\\7.3.0-atmel3.6.1-arduino7\\avr\\include\x00c:\\users\\chris\\appdata\\local\\arduino15\\packages\\arduino\\tools\\avr-gcc\\7.3.0-atmel3.6.1-arduino7\\lib\\gcc\\avr\\7.3.0\\include\x00C:\\Users\\Chris\\AppData\\Local\\Arduino15\\packages\\arduino\\hardware\\avr\\1.8.6\\variants\\leonardo\x00\x00USBCore.cpp\x00\x01\x00\x00wiring_digital.c\x00\x01\x00\x00PluggableUSB.cpp\x00\x01\x00\x00wiring.c\x00\x01\x00\x00xcp.h\x00\x02\x00\x00CDC.cpp\x00\x01\x00\x00Print.h\x00\x01\x00\x00hello_xcp.ino\x00\x02\x00\x00new.cpp\x00\x01\x00\x00main.cpp\x00\x01\x00\x00wdt.h\x00\x03\x00\x00stdint.h\x00\x04\x00\x00stddef.h\x00\x05\x00\x00Stream.h\x00\x01\x00\x00Stream.h\x00\x01\x00\x00USBAPI.h\x00\x01\x00\x00PluggableUSB.h\x00\x01\x00\x00USBCore.h\x00\x01\x00\x00hooks.c\x00\x01\x00\x00new\x00\x01\x00\x00pins_arduino.h\x00\x06\x00\x00<built-in>\x00\x00\x00\x00\x00\x00\x05\x02\x10\x02\x00\x00\x03\x82\x02\x01\x03P\t\x00\x00\x01\x03\x02\t\x02\x00\x01\x03\xbc\x7f\t\x02\x00\x01\x03\x19\t\x06\x00\x01\x03\xdc\x00\t\x04\x00\x01\x03\x90\x7f\t\x08\x00\x01\x03\xf2\x00\t\x04\x00\x01\x03R\t\x04\x00\x01\x03/\t\x02\x00\x01\x04\x02\x03\x81\x7f\t\x02\x00\x01\x03\x02\t\x00\x00\x01\x03\x01\t\x06\x00\x01\x03\x01\t\x06\x00\x01\x03\x03\t\x06\x00\x01\x03\x04\t\x06\x00\x01\x03\xb8\x7f\t\x04\x00\x01\x03\x03\t0\x00\x01\x03\x06\t\x06\x00\x01\x03\xc1\x00\t\x04\x00\x01\x03\x02\t\x10\x00\x01\x03\x01\t\x02\x00\x01\x03\x03\t\x02\x00\x01\x03\x7f\t\x02\x00\x01\x03\x01\t\x04\x00\x01\x03\x02\t\x04\x00\x01\x03\x03\t\x02\x00\x01\x03\x01\t\x02\x00\x01\x03\xb0\x7f\t\x02\x00\x01\x03\x03\t\x08\x00\x01\x03\x08\t\x08\x00\x01\x03\x04\t\x04\x00\x01\x03\n\t\n\x00\x01\x03\x06\t\x06\x00\x01\x03}\t\x06\x00\x01\x03\x03\t\x08\x00\x01\x03\x04\t\x08\x00\x01\x03\x03\t\x06\x00\x01\x03\x06\t\x0e\x00\x01\x03 \t\x0c\x00\x01\x04\x01\x03\xc8\x00\t\x04\x00\x01\x03\x02\t\x02\x00\x01\x03j\t\x08\x00\x01\x03\x02\t\x02\x00\x01\x03\xbc\x7f\t\x02\x00\x01\x03\x05\t\x06\x00\x01\x03\xd8\x00\t\x04\x00\x01\x03\x03\t\x0e\x00\x01\x03\x93\x7f\t\x04\x00\x01\x03\x01\t\x02\x00\x01\x03\x02\t\x06\x00\x01\x03\xeb\x00\t\x04\x00\x01\x03\x01\t\x02\x00\x01\x03\xa3\x7f\t\x04\x00\x01\x03\xdd\x00\t\x04\x00\x01\x03F\t\x04\x00\x01\x03!\t\x06\x00\x01\x03\x10\t\x04\x00\x01\x03\r\t\x04\x00\x01\x04\x03\x03\xee~\t\x02\x00\x01\x03\x01\t\x00\x00\x01\x03\x06\t\x08\x00\x01\x03z\t\x14\x00\x01\x03\x02\t\x06\x00\x01\x04\x04\x03g\t\x06\x00\x01\x03\x02\t\x00\x00\x01\x03\x02\t\x02\x00\x01\x03\x01\t\x02\x00\x01\x03\x02\t\x10\x00\x01\x03\x08\t\x02\x00\x01\x03\x01\t\x08\x00\x01\x03\x06\t\x06\x00\x01\x03\x02\t\x02\x00\x01\x03\x01\t"\x00\x01\x03\x02\t\x02\x00\x01\x03\x02\t\x08\x00\x01\x03\x04\t\x08\x00\x01\x03\x05\t\x16\x00\x01\x03M\t\n\x00\x01\x03\x02\t\x00\x00\x01\x03\x04\t\x02\x00\x01\x03\x01\t\x02\x00\x01\x03\x01\t\x10\x00\x01\x03\x03\t\x02\x00\x01\x04\x05\x03\x82,\t\x02\x00\x01\x03\x01\t\x00\x00\x01\x03\x01\t\x08\x00\x01\x03\x01\t\x08\x00\x01\x03\x01\t\x08\x00\x01\x03\x01\t\x08\x00\x01\x03\x01\t\x08\x00\x01\x04\x01\x03\xc7V\t\x02\x00\x01\x03\x01\t\x00\x00\x01\x03\xd2}\t\x16\x00\x01\x03\x02\t\x08\x00\x01\x03\xae\x02\t\x04\x00\x01\x03\xed}\t\x04\x00\x01\x03\x96\x02\t\x04\x00\x01\x03\xc2}\t\x12\x00\x01\x03\xc1\x02\t\x06\x00\x01\x03\x01\t\x12\x00\x01\x03z\t\x04\x00\x01\x03\x07\t\x02\x00\x01\x03\x14\t\x02\x00\x01\x03\x01\t\x14\x00\x01\x03\x01\t\n\x00\x01\x03\x02\t\x10\x00\x01\x03\x01\t\x06\x00\x01\x03\x01\t\x0e\x00\x01\x03\x01\t\n\x00\x01\x03\x05\t\x04\x00\x01\x03y\t\x0e\x00\x01\x03\x06\t\x04\x00\x01\x03e\t\x04\x00\x01\x03\x04\t\x1a\x00\x01\x03\x02\t\x06\x00\x01\x03\x01\t\x08\x00\x01\x03\x01\t\n\x00\x01\x03\x03\t\x04\x00\x01\x03{\t\x12\x00\x01\x03/\t\x04\x00\x01\x04\x06\x03\xea|\t\x0e\x00\x01\x03\x01\t\x04\x00\x01\x04\x01\x03\x9d\x03\t\x0e\x00\x01\x04\x03\x03\xb8|\t\x04\x00\x01\x03\x01\t\x0e\x00\x01\x03\x01\t\x16\x00\x01\x03~\t\x04\x00\x01\x04\x01\x03\xcc\x03\t\x08\x00\x01\x03\x8e}\t\x0e\x00\x01\x03\x01\t\x00\x00\x01\x03\x01\t\x04\x00\x01\x03\x02\t\x0c\x00\x01\x03\x01\t\x02\x00\x01\x03\x01\t\x06\x00\x01\x04\x06\x03\xe5\x00\t\x02\x00\x01\x03\n\t\x1e\x00\x01\x04\x01\x03\x1f\t\n\x00\x01\x03\x03\t\n\x00\x01\x03\x02\t\x08\x00\x01\x04\x06\x03R\t\n\x00\x01\x04\x01\x03\xac\x7f\t\x08\x00\x01\x03-\t\x04\x00\x01\x03\xdd\x00\t\x04\x00\x01\x03\x02\t\x08\x00\x01\x03\x01\t\x04\x00\x01\x03\x02\t\x04\x00\x01\x03\x02\t\x06\x00\x01\x03\x04\t\x06\x00\x01\x03\x01\t\x08\x00\x01\x03\xac\x7f\t\x02\x00\x01\x03\x02\t\x02\x00\x01\x03\xbc\x7f\t\x02\x00\x01\x03\x19\t\x04\x00\x01\x03\x83\x01\t\x04\x00\x01\x03\xad\x7f\t\x04\x00\x01\x03\xd6\x00\t\x04\x00\x01\x03\r\t\n\x00\x01\x03\x01\t\x04\x00\x01\x03\xce~\t\x02\x00\x01\x03\xb5\x01\t\n\x00\x01\x03\xfd~\t\x04\x00\x01\x03\x88\x01\t\x04\x00\x01\x03\xe4~\t\x04\x00\x01\x03\x9a\x01\t\x04\x00\x01\x03\xfa~\t\x04\x00\x01\x03\x88\x01\t\x04\x00\x01\x03\x07\t\n\x00\x01\x03\x01\t\x02\x00\x01\x04\x06\x03\xa3\x7f\t\x06\x00\x01\x04\x07\x03\xbb~\t\x06\x00\x01\x04\x06\x03\xc9\x01\t\n\x00\x01\x03\x05\t\x04\x00\x01\x03f\t\x1c\x00\x01\x03\x01\t\x0c\x00\x01\x03\x01\t\x18\x00\x01\x03y\t\x08\x00\x01\x04\x01\x03\xb6\x7f\t\x00\x00\x01\x03\x05\t\x06\x00\x01\x03\x84\x04\t\x04\x00\x01\x03\xa4|\t\x04\x00\x01\x04\x06\x03\x1f\t\x06\x00\x01\x03y\t\x02\x00\x01\x03\x01\t\x00\x00\x01\x03\x01\t\x04\x00\x01\x03t\t\x04\x00\x01\x03\x01\t\x0c\x00\x01\x03\x02\t\x08\x00\x01\x03\x04\t\x08\x00\x01\x04\x01\x03*\t\x08\x00\x01\x03\x02\t\x0c\x00\x01\x03\x7f\t\x06\x00\x01\x04\x06\x03G\t\x06\x00\x01\x03\x01\t\x10\x00\x01\x04\x01\x037\t\n\x00\x01\x03\x02\t\x0c\x00\x01\x04\x06\x03H\t\x04\x00\x01\x03\x02\t\x06\x00\x01\x04\x01\x035\t\x12\x00\x01\x04\x06\x03\xbf\x7f\t\x06\x00\x01\x03\x01\t\x00\x00\x01\x04\x01\x03\x15\t\n\x00\x01\x03\x02\t\x02\x00\x01\x03\xbc\x7f\t\x02\x00\x01\x03\x05\t\x06\x00\x01\x03\xc4\x00\t\x04\x00\x01\x04\x06\x03e\t\x02\x00\x01\x04\x01\x03\x14\t\x06\x00\x01\x03\x02\t\x02\x00\x01\x03\xbc\x7f\t\x02\x00\x01\x03\x05\t\x06\x00\x01\x03\xc4\x00\t\x04\x00\x01\x04\x06\x03g\t\x02\x00\x01\x03\x01\t\x02\x00\x01\x04\x08\x03\x96\x7f\t\x02\x00\x01\x03\x01\t\x0e\x00\x01\x03\x01\t\x06\x00\x01\x03\x01\t\x06\x00\x01\x03\x01\t\n\x00\x01\x03\x07\t\x02\x00\x01\x03u\t\x04\x00\x01\x04\x05\x03\x17\t\x04\x00\x01\x03\x01\t\n\x00\x01\x03\x7f\t$\x00\x01\x04\x08\x03q\t\x06\x00\x01\x03\x01\t\x06\x00\x01\x03\x01\t\n\x00\x01\x03\x05\t\x06\x00\x01\x03`\t\n\x00\x01\x03\x01\t\x00\x00\x01\x03l\t\x02\x00\x01\x03\x00\t\x00\x00\x01\x04\x05\x03\x9f)\t\x02\x00\x01\x03\x06\t\x00\x00\x01\x03~\t \x00\x01\x03\x05\t\x02\x00\x01\x03\xba}\t\x06\x00\x01\x03\xc8\x02\t\x02\x00\x01\x03~\t\x02\x00\x01\x03\xb9}\t\x02\x00\x01\x03\xc1\x02\t\x14\x00\x01\x03\x0b\t\x02\x00\x01\x03\x02\t\x04\x00\x01\x03t\t\x02\x00\x01\x03\x03\t\x02\x00\x01\x03\xb9\x7f\t\x04\x00\x01\x03\xc0}\t\x00\x00\x01\x03\xea\x02\t\x08\x00\x01\x03\x02\t\x06\x00\x01\x03\x0f\t\x02\x00\x01\x03o\t\x02\x00\x01\x03X\t\x08\x00\x01\x03\xce|\t\x02\x00\x01\x03\x03\t\x00\x00\x01\x03\x01\t\x04\x00\x01\x03\x01\t\x04\x00\x01\x03\xff\x04\t\x04\x00\x01\x03\xe4{\t\x0c\x00\x01\x03\x9b\x04\t"\x00\x01\x03\x01\t\x06\x00\x01\x03\x8b{\t\x04\x00\x01\x03\x02\t\x12\x00\x01\x03\x03\t\x04\x00\x01\x03\xf5y\t\x02\x00\x01\x03\x02\t\x00\x00\x01\x03\x04\t\x10\x00\x01\x03\x02\t\x02\x00\x01\x03\x05\t\n\x00\x01\x03\x01\t\x08\x00\x01\x03\x05\t\x08\x00\x01\x03\x01\t\x10\x00\x01\x03\xdct\t\n\x00\x01\x03\x02\t\x04\x00\x01\x03\x06\t\x08\x00\x01\x03\x01\t\x06\x00\x01\x03\x07\t\x06\x00\x01\x03\x01\t\x0c\x00\x01\x03\x01\t\x08\x00\x01\x03\x04\t\n\x00\x01\x03\x03\t\x18\x00\x01\x03\x8b\x18\t\x04\x00\x01\x03\xf6g\t\x06\x00\x01\x03\x8a\x18\t\x04\x00\x01\x03\xc7s\t\x04\x00\x01\x03\xdat\t\x00\x00\x01\x03\x04\t\x0c\x00\x01\x03(\t\x08\x00\x01\x03\x04\t\x02\x00\x01\x03\x06\t\x04\x00\x01\x03\x89\x07\t\x04\x00\x01\x03\x01\t\x02\x00\x01\x03\x06\t\x08\x00\x01\x03\xd5\x02\t\x0e\x00\x01\x03\xc2}\t\x02\x00\x01\x03~\t\x02\x00\x01\x03n\t\x04\x00\x01\x03\x01\t\x08\x00\x01\x03\xaa\n\t\x06\x00\x01\x03\x01\t\x18\x00\x01\x03\xe6u\t\x06\x00\x01\x03\xb1z\t\x04\x00\x01\x03\x02\t\x00\x00\x01\x03\xb4\x7f\t\x06\x00\x01\x03\x02\t\x00\x00\x01\x03\xde\t\t\x06\x00\x01\x03\xdet\t\x00\x00\x01\x03\x04\t\x08\x00\x01\x03,\t\x08\x00\x01\x03\x06\t\x06\x00\x01\x03\xe1\t\t\x04\x00\x01\x03\x01\t\x00\x00\x01\x03\x01\t\x06\x00\x01\x03\x02\t\x04\x00\x01\x03\xf1}\t\x04\x00\x01\x03\x05\t\x06\x00\x01\x03\x8a\x02\t\x0e\x00\x01\x03\xfd}\t\x02\x00\x01\x03\x83\x02\t\x06\x00\x01\x03\xf8}\t\x06\x00\x01\x03\x97\t\t\x06\x00\x01\x03\x9ey\t\x1a\x00\x01\x03\xd0\x06\t\x06\x00\x01\x03\xb0y\t\x14\x00\x01\x03\xd1\x06\t\x02\x00\x01\x03\x01\t\x0c\x00\x01\x03\x01\t\x02\x00\x01\x03\x7f\t\x04\x00\x01\x03\x01\t\n\x00\x01\x03\x7f\t\x10\x00\x01\x03\x03\t\x04\x00\x01\x03\x01\t\x12\x00\x01\x03\x01\t\x0e\x00\x01\x03\x01\t\x02\x00\x01\x03p\t\x06\x00\x01\x03\x88w\t\x04\x00\x01\x03\x7f\t\x06\x00\x01\x03\xff\x08\t\x04\x00\x01\x03\x0c\t\x06\x00\x01\x03\xdav\t\x06\x00\x01\x03\x04\t\x04\x00\x01\x03\x9b\x02\t\x0e\x00\x01\x03\xeb}\t\x02\x00\x01\x03\x95\x02\t\x04\x00\x01\x03\xe7}\t\x06\x00\x01\x03\xa8\t\t\x06\x00\x01\x03\x9ey\t\x1a\x00\x01\x03\xb3\x06\t\x06\x00\x01\x03\x01\t\x14\x00\x01\x03\x01\t\x0c\x00\x01\x03\x01\t\x02\x00\x01\x03\x7f\t\x04\x00\x01\x03\x01\t\n\x00\x01\x03\x7f\t\x10\x00\x01\x03\x03\t\x04\x00\x01\x03\x01\t\x12\x00\x01\x03\x01\t\x04\x00\x01\x03\x01\t\n\x00\x01\x03p\t\x06\x00\x01\x03\x93w\t\x04\x00\x01\x03\x7f\t\x04\x00\x01\x03\xf4\x08\t\x04\x00\x01\x03\x0c\t\x06\x00\x01\x03\xe9v\t\x06\x00\x01\x03\x03\t\x00\x00\x01\x03\xaa\x02\t\x0e\x00\x01\x03\xd8}\t\x06\x00\x01\x03\xb7\t\t\x06\x00\x01\x03\xb8\x7f\t\x1a\x00\x01\x03\x01\t\x14\x00\x01\x03\x01\t\x0c\x00\x01\x03\x01\t\x02\x00\x01\x03\x7f\t\x04\x00\x01\x03\x01\t\n\x00\x01\x03\x01\t\x10\x00\x01\x03~\t\x02\x00\x01\x03\x04\t\x04\x00\x01\x03\x01\t\n\x00\x01\x03q\t\x06\x00\x01\x03\x9bw\t\x04\x00\x01\x03\xeb\x08\t\x04\x00\x01\x03\x0b\t\x06\x00\x01\x03\xf8v\t\x06\x00\x01\x03\x03\t\x00\x00\x01\x03\xb5\x02\t\x0c\x00\x01\x03\xcc}\t\x06\x00\x01\x03\xf3\x01\t\x08\x00\x01\x03\x04\t\x00\x00\x01\x03=\t\x0c\x00\x01\x03E\t\x06\x00\x01\x03\xbe\x7f\t\x08\x00\x01\x03\x02\t\x00\x00\x01\x03\xfb\x00\t\x0c\x00\x01\x03\xe1\x01\t\x06\x00\x01\x03\xa7}\t\x0c\x00\x01\x03j\t\x04\x00\x01\x03\x06\t\x00\x00\x01\x03\x88\x01\t\x0e\x00\x01\x03-\t\x06\x00\x01\x03\xd1~\t\x08\x00\x01\x03\x02\t*\x00\x01\x03\xff}\t\x04\x00\x01\x03\x02\t\x00\x00\x01\x03\xff\x02\t\x0c\x00\x01\x03\x84}\t\x06\x00\x01\x03e\t\x08\x00\x01\x03\xc4\x03\t\x00\x00\x01\x03\xc0|\t\n\x00\x01\x03\x93\x03\t\x0e\x00\x01\x03\xf9|\t\x02\x00\x01\x03w\t\x04\x00\x01\x03\xa7\n\t\x04\x00\x01\x03\xea\x02\t\x08\x00\x01\x03\x02\t\x06\x00\x01\x03\x0f\t\x04\x00\x01\x03o\t\x04\x00\x01\x03N\t\x08\x00\x01\x03\xads\t\x0c\x00\x01\x03w\t\x04\x00\x01\x03\x01\t\x04\x00\x01\x03\xdb\x0c\t\x04\x00\x01\x03\xa7s\t\x06\x00\x01\x03\x01\t\x04\x00\x01\x03\x02\t\x06\x00\x01\x03\x8e\x7f\t\x04\x00\x01\x03\x03\t\x08\x00\x01\x03\x01\t\x08\x00\x01\x03\t\t\n\x00\x01\x03\xec\x03\t\x0c\x00\x01\x03\xc9|\t\x02\x00\x01\x03\xb7\x03\t\x06\x00\x01\x03\x95|\t\x04\x00\x01\x03\xeb\x03\t\x0c\x00\x01\x03-\t\x04\x00\x01\x03\xec{\t\n\x00\x01\x03\x01\t\x04\x00\x01\x03\t\t\x04\x00\x01\x03\x12\t\x04\x00\x01\x03\x01\t\x08\x00\x01\x03\xac\x0c\t\x04\x00\x01\x03\xa8s\t\x04\x00\x01\x034\t\x02\x00\x01\x03\xa1\x04\t\x04\x00\x01\x03\x01\t\x04\x00\x01\x03\x7f\t\x02\x00\x01\x03\x03\t\x04\x00\x01\x03~\t\x02\x00\x01\x03\x7f\t\x02\x00\x01\x03\x01\t\x04\x00\x01\x03\x7f\t\x02\x00\x01\x03\x01\t\x04\x00\x01\x03\xe3{\t\x02\x00\x01\x03\x06\t\x04\x00\x01\x03\x7f\t\x06\x00\x01\x03\x9a\x04\t\x04\x00\x01\x03\xe9z\t\x10\x00\x01\x03\x04\t\n\x00\x01\x03\x04\t\x04\x00\x01\x03\xad\x04\t\x0e\x00\x01\x03\xdf{\t\x02\x00\x01\x03\xa1\x04\t\x08\x00\x01\x03\xd4{\t\x04\x00\x01\x03\xac\x04\t\x0e\x00\x01\x03-\t\x04\x00\x01\x03\xc1\x01\t\x06\x00\x01\x03\xe9\x05\t\x08\x00\x01\x03\x02\t\x04\x00\x01\x03\x01\t \x00\x01\x03\x97\x02\t\x08\x00\x01\x03\xd2}\t\x02\x00\x01\x03\xb0z\t\x0e\x00\x01\x03\x01\t\x1a\x00\x01\x03\t\t\x08\x00\x01\x03\xe2y\t\x08\x00\x01\x03\x7f\t\x08\x00\x01\x03N\t\x04\x00\x01\x03\x05\t\x04\x00\x01\x03\xcf\x04\t\x0e\x00\x01\x03\xc9{\t\x02\x00\x01\x03t\t\x04\x00\x01\x03u\t\x04\x00\x01\x03\xce\x04\t\x0e\x00\x01\x03\xb4{\t\x06\x00\x01\x03\x95\r\t\x0c\x00\x01\x03\xe4w\t\x0e\x00\x01\x03\xac\x07\t\x08\x00\x01\x03\x01\t$\x00\x01\x03\xf3\x00\t\x08\x00\x01\x03\xa4\x01\t\x04\x00\x01\x03\xe0~\t\x02\x00\x01\x03\xe3r\t\x10\x00\x01\x03\xd4\x0c\t\x04\x00\x01\x03\x01\t\x04\x00\x01\x03\xc0s\t\x04\x00\x01\x03\x7f\t\x04\x00\x01\x03u\t\x04\x00\x01\x03F\t\x04\x00\x01\x03\x02\t\n\x00\x01\x03\x01\t\x08\x00\x01\x03\t\t\x08\x00\x01\x03\x9e\x05\t\x08\x00\x01\x03\xe3z\t\x08\x00\x01\x03\x03\tR\x00\x01\x03\x7f\t\x08\x00\x01\x03\xb4~\t\x04\x00\x01\x03\xe7\x06\t\x04\x00\x01\x03\x9ay\t\n\x00\x01\x03\x01\t\x06\x00\x01\x03\x05\t\x0c\x00\x01\x03\x7f\t\x04\x00\x01\x03\xff\x02\t\x04\x00\x01\x03\xe2\x03\t\x0e\x00\x01\x03\xa1|\t\n\x00\x01\x03\x01\t\x02\x00\x01\x03\x03\t\x08\x00\x01\x03\xae\x03\t\x0c\x00\x01\x03\xe0|\t\x02\x00\x01\x03\x07\t\x04\x00\x01\x03n\t\x0c\x00\x01\x03\x01\t\x08\x00\x01\x03\x05\t\x06\x00\x01\x03\x02\t\x04\x00\x01\x03\x01\t\x04\x00\x01\x03\x06\t\n\x00\x01\x03\x02\t\x0c\x00\x01\x03\xffx\t\x02\x00\x01\x03\x04\t\x08\x00\x01\x03\x10\t\x0c\x00\x01\x03\x04\t\x02\x00\x01\x03\x04\t\x02\x00\x01\x03\x04\t\x02\x00\x01\x03\x04\t\x02\x00\x01\x03\x04\t\x02\x00\x01\x03\x04\t\x02\x00\x01\x03\x04\t\x02\x00\x01\x03\x06\t\x04\x00\x01\x03\xc5\x06\t\x06\x00\x01\x03\xbc\x02\t\x04\x00\x01\x03\x91\x01\t\x00\x00\x01\x03\xf7~\t\n\x00\x01\x03\xdc\x00\t\x04\x00\x01\x03\xa9\x7f\t\x06\x00\x01\x03\xd7\x00\t\x06\x00\x01\x03\xb2\x7f\t\x04\x00\x01\x03\xb3v\t\x02\x00\x01\x03\x04\t\x08\x00\x01\x03\x10\t\x0c\x00\x01\x03\x04\t\x02\x00\x01\x03\x04\t\x02\x00\x01\x03\x04\t\x02\x00\x01\x03\x04\t\x02\x00\x01\x03\xa9\t\t\x02\x00\x01\x03\xdbv\t\x04\x00\x01\x03\x04\t\x02\x00\x01\x03\x04\t\x02\x00\x01\x03\x06\t\x04\x00\x01\x03\xf2\x08\t\x04\x00\x01\x03\xd8v\t\x00\x00\x01\x03\x04\t\x0c\x00\x01\x03$\t\x08\x00\x01\x03\x04\t\x04\x00\x01\x03\x04\t\x04\x00\x01\x03\x06\t\x04\x00\x01\x03\xbc\x08\t\x04\x00\x01\x03\x03\t\x00\x00\x01\x03\xa6\x01\t\x0c\x00\x01\x03\xe1\x01\t\x06\x00\x01\x03\x84t\t\x0c\x00\x01\x03\x04\t\x08\x00\x01\x03\x14\t\x0c\x00\x01\x03\x04\t\x02\x00\x01\x03\x04\t\x02\x00\x01\x03\x04\t\x02\x00\x01\x03\x04\t\x04\x00\x01\x03\x04\t\x02\x00\x01\x03\x04\t\x02\x00\x01\x03\x06\t\x04\x00\x01\x03\x90\x08\t\x04\x00\x01\x03\x01\t\x00\x00\x01\x03\x07\t\x08\x00\x01\x03\xcd\x01\t\x04\x00\x01\x03\xb8~\t\x06\x00\x01\x03\x01\t\x14\x00\x01\x03\x7f\t\x02\x00\x01\x03\xddv\t\x0c\x00\x01\x03\x07\t\x04\x00\x01\x03\xa9\t\t\x18\x00\x01\x03\x7f\t\x12\x00\x01\x03|\t\x02\x00\x01\x03\xa5w\t\x02\x00\x01\x03\x04\t\x08\x00\x01\x03\x14\t\x0c\x00\x01\x03\x04\t\x02\x00\x01\x03\x04\t\x02\x00\x01\x03\x04\t\x02\x00\x01\x03\x04\t\x02\x00\x01\x03\x04\t\x04\x00\x01\x03\x04\t\x02\x00\x01\x03\x06\t\x04\x00\x01\x03\xfc\x07\t\x04\x00\x01\x03\x02\t\x00\x00\x01\x03\xe7\x01\t\x0c\x00\x01\x03\xe5u\t\x06\x00\x01\x03\x04\t\x08\x00\x01\x03\x10\t\x0c\x00\x01\x03\x04\t\x02\x00\x01\x03\x04\t\x04\x00\x01\x03\x04\t\x04\x00\x01\x03\x04\t\x04\x00\x01\x03\x04\t\x02\x00\x01\x03\x04\t\x02\x00\x01\x03\x04\t\x02\x00\x01\x03\x06\t\x04\x00\x01\x03\xe8\x07\t\x04\x00\x01\x03\x03\t\x04\x00\x01\x03\xfa\x01\t\x0c\x00\x01\x03\x91~\t\x02\x00\x01\x03\xef\x01\t\x04\x00\x01\x03\xa0\x0e\t\x04\x00\x01\x03\xefo\t\x04\x00\x01\x03\xd6w\t\x06\x00\x01\x03\x04\t\x08\x00\x01\x03\xa4\x08\t\x0c\x00\x01\x03\xfcw\t\x08\x00\x01\x03\x04\t\x02\x00\x01\x03\x04\t\x02\x00\x01\x03\x04\t\x02\x00\x01\x03\xfc\x07\t\x04\x00\x01\x03\x8ax\t\x04\x00\x01\x03\xee\x06\t\x04\x00\x01\x03\x05\t\x00\x00\x01\x03\xf2\x02\t\x0c\x00\x01\x03\x97\x07\t\x06\x00\x01\x03\xcen\t\x04\x00\x01\x03\x04\t\x08\x00\x01\x03\x10\t\x0c\x00\x01\x03\x04\t\x02\x00\x01\x03\x04\t\x02\x00\x01\x03\x04\t\x02\x00\x01\x03\x04\t\x04\x00\x01\x03\x04\t\x02\x00\x01\x03\x04\t\x02\x00\x01\x03\x04\t\x04\x00\x01\x03\x06\t\x04\x00\x01\x03\xb8\x03\t\x04\x00\x01\x03\x92|\t\x00\x00\x01\x03\x04\t\x0c\x00\x01\x03\x10\t\x08\x00\x01\x03\x04\t\x02\x00\x01\x03\xd7\x03\t\x02\x00\x01\x03\xb5|\t\x04\x00\x01\x03\x04\t\x02\x00\x01\x03\x04\t\x02\x00\x01\x03\x04\t\x04\x00\x01\x03\x06\t\x04\x00\x01\x03\xc8\x03\t\x04\x00\x01\x03\x01\t\x04\x00\x01\x03\x06\t\x04\x00\x01\x03\x96\x06\t\x0e\x00\x01\x03\x82z\t\x02\x00\x01\x03\xfe\x05\t\x04\x00\x01\x03\xf4y\t\x04\x00\x01\x03\x07\t\x10\x00\x01\x03\xa0\n\t\x12\x00\x01\x03\x01\t\x06\x00\x01\x03\x01\t\n\x00\x01\x03\xe5u\t\x1e\x00\x01\x03{\t\x04\x00\x01\x03\xd7\n\t\x04\x00\x01\x03\xa1|\t\x14\x00\x01\x03\xe4\x03\t\x06\x00\x01\x03\x02\t\x0c\x00\x01\x03\x01\t\x18\x00\x01\x03\xa6u\t\x10\x00\x01\x03\x8e~\t\x06\x00\x01\x03\x9d\x08\t\x00\x00\x01\x03\xebw\t\n\x00\x01\x03\x01\t\x04\x00\x01\x03\x01\t\x0c\x00\x01\x03\x82}\t\x02\x00\x01\x03y\t\x10\x00\x01\x03\xd0\x00\t\x14\x00\x01\x03\x04\t\x08\x00\x01\x03\x10\t\x0c\x00\x01\x03\x04\t\x02\x00\x01\x03\x04\t\x02\x00\x01\x03\xae\x02\t\x02\x00\x01\x03\xda}\t\x02\x00\x01\x03\x04\t\x02\x00\x01\x03\x04\t\x02\x00\x01\x03\x04\t\x02\x00\x01\x03\x06\t\x04\x00\x01\x03\x80\x02\t\x04\x00\x01\x03\x01\t\x04\x00\x01\x03\x01\t\x0c\x00\x01\x03\x0b\t\x04\x00\x01\x03P\t\x04\x00\x01\x03\xed}\t\x00\x00\x01\x03\x04\t\x0c\x00\x01\x03\x10\t\x08\x00\x01\x03\x04\t\x04\x00\x01\x03\x04\t\x02\x00\x01\x03\x04\t\x02\x00\x01\x03\x04\t\x04\x00\x01\x03\x04\t\x02\x00\x01\x03\x04\t\x02\x00\x01\x03\x04\t\x02\x00\x01\x03\x06\t\x02\x00\x01\x03\xc5\x01\t\x04\x00\x01\x03\x85~\t\x00\x00\x01\x03\x04\t\x0c\x00\x01\x03\x18\t\x08\x00\x01\x03\x04\t\x02\x00\x01\x03\x04\t\x02\x00\x01\x03\x04\t\x02\x00\x01\x03\x04\t\x02\x00\x01\x03\x04\t\x02\x00\x01\x03\x06\t\x04\x00\x01\x03\x91\x01\t\x04\x00\x01\x03\x06\t\x00\x00\x01\x03\x01\t\x08\x00\x01\x03\xb2~\t\x06\x00\x01\x03\x04\t\x08\x00\x01\x03\x10\t\x0c\x00\x01\x03\x04\t\x04\x00\x01\x03\x04\t\x02\x00\x01\x03\x04\t\x02\x00\x01\x03\x04\t\x04\x00\x01\x03\x04\t\x02\x00\x01\x03\x04\t\x04\x00\x01\x03\x04\t\x04\x00\x01\x03\x06\t\x04\x00\x01\x03\xd1j\t\x04\x00\x01\x03\x1a\t\x08\x00\x01\x03g\t\x04\x00\x01\x03\x01\t\n\x00\x01\x03\x03\t\x08\x00\x01\x03\x01\t\x0e\x00\x01\x03\x01\t\x16\x00\x01\x03\x01\t\n\x00\x01\x04\x08\x03?\t\x06\x00\x01\x03\xbd\x7f\t\x1c\x00\x01\x04\t\x03\x00\t\x12\x00\x01\x04\x05\x03\'\t\x08\x00\x01\x03\x01\t\x06\x00\x01\x03\x01\t\x08\x00\x01\x04\x08\x03\x1b\t\x04\x00\x01\x04\x05\x03\x9f\x7f\t\x16\x00\x01\x04\t\x03\x1b\t\x06\x00\x01\x03\x01\t\x04\x00\x01\x03\x01\t\x04\x00\x01\x04\x05\x03c\t\x04\x00\x01\x03\x01\t\x06\x00\x01\x03\x01\t\x04\x00\x01\x03\x01\t\x04\x00\x01\x03\x01\t\x08\x00\x01\x03\xcc\x00\t\x0c\x00\x01\x03\x01\t\x0e\x00\x01\x03\x02\t\x08\x00\x01\x04\x08\x03\x10\t$\x00\x01\x03\x15\t\n\x00\x01\x03i\t\x04\x00\x01\x03\x18\t\x04\x00\x01\x03\x7f\t\x0c\x00\x01\x03n\t\x0c\x00\x01\x03\x02\t\x16\x00\x01\x03\x01\t\x18\x00\x01\x03\x01\t\x0e\x00\x01\x04\x05\x03\xa4\x7f\t\x0c\x00\x01\x03\x01\t\x06\x00\x01\x03\x02\t\x08\x00\x01\x03\x02\t\x1e\x00\x01\x03\x01\t\x18\x00\x01\x04\x08\x03\xd7\x00\t\x0c\x00\x01\x03\x01\t\x0c\x00\x01\x03\x02\t\x08\x00\x01\x03\x01\t\x0e\x00\x01\x03\x04\t\x0e\x00\x01\x03|\t\x12\x00\x01\x03\x02\t\x06\x00\x01\x04\x05\x03\xd4)\t\x1a\x00\x01\x03\x04\t\x00\x00\x01\x03\x02\t\x08\x00\x01\x03\x02\t\x0e\x00\x01\x03\x01\t\n\x00\x01\x03\x02\t\x06\x00\x01\x03\x88k\t\x02\x00\x01\x03\xba\x7f\t\n\x00\x01\x03\xcf\x00\t\x08\x00\x01\x03\x01\t\x06\x00\x01\x03\x03\t\x02\x00\x01\x03\x06\t\x10\x00\x01\x03\xab\x7f\t\x08\x00\x01\x03\xd9\x00\t\x08\x00\x01\x03\xe4\t\t\x08\x00\x01\x03\x9dv\t\x08\x00\x01\x03\x01\t(\x00\x01\x03\x06\t\x06\x00\x01\x03\x03\t\x04\x00\x01\x03\x01\t\x04\x00\x01\x03\xa7\n\t\x08\x00\x01\x03\xb2u\t\x04\x00\x01\x03,\t\x04\x00\x01\x03\x96\x7f\t\x0c\x00\x01\x03\xbd\n\t\x0c\x00\x01\x03\xa3v\t\x0c\x00\x01\x03\x01\t&\x00\x01\x03\xe7\x02\t\x08\x00\x01\x03\xfc\x06\t\x02\x00\x01\x03\x89y\t\n\x00\x01\x03\xca\x06\t\x0e\x00\x01\x03\xc0y\t\x02\x00\x01\x03y\t\x02\x00\x01\x03\x7f\t\x04\x00\x01\x03\x01\t\x04\x00\x01\x03\xf4\x06\t\x04\x00\x01\x03\x90y\t\x02\x00\x01\x03\x01\t\x04\x00\x01\x03\xa9}\t\x14\x00\x01\x03\x8e\n\t\x04\x00\x01\x03\xb2u\t\x06\x00\x01\x03\x99\x03\t\x04\x00\x01\x03Z\t\x06\x00\x01\x03\x05\t\x00\x00\x01\x03\xe1\x06\t\x0e\x00\x01\x03-\t\x06\x00\x01\x03\xbav\t\n\x00\x01\x03\x8e\n\t\x04\x00\x01\x03\xb2u\t\x06\x00\x01\x03\xbd\x04\t\x08\x00\x01\x03\xc9\x05\t\x0e\x00\x01\x03\xbaz\t\n\x00\x01\x03\x08\t\x06\x00\x01\x03\x91\x05\t\x0e\x00\x01\x03\xfdz\t\x02\x00\x01\x03u\t\x0e\x00\x01\x03\x7f\t\x04\x00\x01\x03\x01\t\x04\x00\x01\x03\x06\t\x04\x00\x01\x03\xae\x05\t\x08\x00\x01\x03\xd4z\t\x0e\x00\x01\x03\x03\t(\x00\x01\x03\x7f\t\x0e\x00\x01\x03\x9e\x7f\t\x04\x00\x01\x03\x93\x06\t\x08\x00\x01\x03\xf2y\t\n\x00\x01\x03\xe1\x05\t\x0e\x00\x01\x03\xb8z\t\x02\x00\x01\x03z\t\x08\x00\x01\x03\x7f\t\x04\x00\x01\x03\x01\t\x04\x00\x01\x03\x04\t\x04\x00\x01\x03\xf0\x05\t\x0e\x00\x01\x03\xb1\x01\t\x10\x00\x01\x03\xe1x\t(\x00\x01\x03\x7f\t\x08\x00\x01\x03\x1f\t\x04\x00\x01\x03\x05\t\x00\x00\x01\x03\xa5\x05\t\x0e\x00\x01\x03\xdcz\t\x08\x00\x01\x03\xca\x05\t\x08\x00\x01\x03\xb1\x01\t\x14\x00\x01\x03\x86y\t&\x00\x01\x03\xec\x0f\t\x04\x00\x01\x03\x03\t\x00\x00\x01\x03\x01\t\x08\x00\x01\x03\xde\x00\t\x02\x00\x01\x03\xa6\x7f\t<\x00\x01\x03\x87m\t\x02\x00\x01\x03\x03\t\x00\x00\x01\x03\xa5\x08\t\x0c\x00\x01\x03\xdcw\t\x06\x00\x01\x03\xd4\x0f\t\x04\x00\x01\x03\x01\t\x08\x00\x01\x03\x04\t\x04\x00\x01\x04\x08\x03\xbeY\t\x04\x00\x01\x03\x00\t\x00\x00\x01\x04\x05\x03,\t\n\x00\x01\x04\t\x03}\t\x08\x00\x01\x04\x08\x03X\t\x04\x00\x01\x03\x7f\t\x02\x00\x01\x03\x01\t\x06\x00\x01\x04\t\x03(\t\x04\x00\x01\x04\x08\x03X\t\x02\x00\x01\x04\t\x03(\t\x04\x00\x01\x04\x08\x03z\t\x04\x00\x01\x03\x00\t\x00\x00\x01\x03\x00\t\x0e\x00\x01\x03\x00\t\x06\x00\x01\x04\t\x03\x06\t\x04\x00\x01\x04\x08\x03z\t\x02\x00\x01\x04\t\x03\x06\t\x04\x00\x01\x04\x08\x03\x14\t\x04\x00\x01\x03\x00\t\x06\x00\x01\x04\x05\x03\xad\x7f\t\x08\x00\x01\x04\t\x03?\t\x08\x00\x01\x04\x08\x03\x14\t\x04\x00\x01\x03\x00\t\n\x00\x01\x03\x00\t\x06\x00\x01\x04\t\x03l\t\x04\x00\x01\x04\x08\x03\x14\t\x02\x00\x01\x04\t\x03l\t\x04\x00\x01\x04\x08\x03:\t\x04\x00\x01\x03\x00\t\x00\x00\x01\x03\x00\t\x0e\x00\x01\x03\x00\t\x06\x00\x01\x04\t\x03F\t\x04\x00\x01\x04\x08\x03:\t\x02\x00\x01\x04\t\x03F\t\x04\x00\x01\x04\x08\x03\xc6\x00\t\x04\x00\x01\x03\x01\t\x0e\x00\x01\x03\x01\t(\x00\x01\x03\x01\t,\x00\x01\x04\x04\x03\x8e\x7f\t\x0e\x00\x01\x03\x00\t\x00\x00\x01\x03\x03\t\x16\x00\x01\x03\x01\t\x10\x00\x01\x03\x03\t\x04\x00\x01\x03\x01\t\x04\x00\x01\x03~\t\x04\x00\x01\x03\x07\t\x06\x00\x01\x03\x01\t\x04\x00\x01\x03\x01\t\x10\x00\x01\x03\x01\t&\x00\x01\x03y\t\x16\x00\x01\x03\x01\t\x04\x00\x01\x04\x01\x03\xbd\x05\t\x08\x00\x01\x03\x01\t\x0e\x00\x01\x03\x01\t\x04\x00\x01\x03\x03\t\n\x00\x01\x03\xeb|\t\x04\x00\x01\x03\x01\t\x04\x00\x01\x03\x01\t\x06\x00\x01\x03\x01\t\x04\x00\x01\x03\x95\x03\t\x06\x00\x01\x03\x01\t\x04\x00\x01\x03\x04\t\x06\x00\x01\x03\x8e{\t\x04\x00\x01\x03\x05\t\x06\x00\x01\x03\x84\x04\t\x04\x00\x01\x03\xa4|\t\x04\x00\x01\x03\xca\x04\t\x06\x00\x01\x03\x01\t\x16\x00\x01\x03\x01\t\x02\x00\x01\x03\x01\t\x16\x00\x01\x03\x06\t\x02\x00\x01\x03\x02\t\x04\x00\x01\x03\x05\t\x0c\x00\x01\x03\x01\t\n\x00\x01\x03\n\t\x08\x00\x01\x03\x02\t\x04\x00\x01\x03v\t\x0e\x00\x01\x03\x02\t\x04\x00\x01\x03\x05\t\x0c\x00\x01\x03\x01\t\n\x00\x01\x03\x91~\t\n\x00\x01\x03\xdd|\t<\x00\x01\x03\n\t\x04\x00\x01\x03\x9b\x03\t\x04\x00\x01\x03\x04\t\x04\x00\x01\x03\xe6|\t\n\x00\x01\x03\x9d\x03\t\x06\x00\x01\x03\x01\t\x02\x00\x01\x03\xa0|\t\x04\x00\x01\x03\xe6\x03\t\x08\x00\x01\x03\x03\t\x08\x00\x01\x03\x01\t\x06\x00\x01\x03\x01\t\x04\x00\x01\x03\x02\t\x04\x00\x01\x03\x02\t\x04\x00\x01\x03\xbf|\t\x04\x00\x01\x03X\t\x08\x00\x01\x03\xb1\x04\t\x06\x00\x01\x03\xcf{\t>\x00\x01\x03(\t\x08\x00\x01\x03\xcc\x03\t\x06\x00\x01\x03\x02\t\x04\x00\x01\x03\x01\t\x04\x00\x01\x03\x02\t\x06\x00\x01\x03\x08\t\x06\x00\x01\x03{\t\x06\x00\x01\x03\x02\t\x04\x00\x01\x03\x01\t\x04\x00\x01\x03\x02\t\x06\x00\x01\x03\x03\t\x08\x00\x01\x03\xf6{\t\x04\x00\x01\x03\x8d\x04\t\x08\x00\x01\x03\x02\t\x08\x00\x01\x03\x97\x7f\t\n\x00\x01\x03\x8d}\t\x02\x00\x01\x03\x85\x02\t\x04\x00\x01\x03\xee\x00\t\x08\x00\x01\x03\x93\x7f\t\x04\x00\x01\x03\xdf\x00\t\x08\x00\x01\x03\x01\t\x04\x00\x01\x03\x9a}\t&\x00\x01\x03\x85\x02\t\x04\x00\x01\x03\x01\t\x08\x00\x01\x03\xe4\x00\t\x08\x00\x01\x03\x01\t\x10\x00\x01\x03\x9b\x7f\t\x06\x00\x01\x03\xf2\x00\t\x08\x00\x01\x04\x03\x03\xa3|\t\x04\x00\x01\x03\x01\t\x10\x00\x01\x03\x02\t\x16\x00\x01\x03}\t\x06\x00\x01\x04\x01\x03\xe8\x03\t\x08\x00\x01\x03\x02\t\x06\x00\x01\x03\x03\t\x08\x00\x01\x03\x01\t\x04\x00\x01\x03\t\t\x08\x00\x01\x03\xec\x00\t\x04\x00\x01\x03\x96|\t\x04\x00\x01\x03\xf7\x02\t\x08\x00\x01\x03\x01\t\x04\x00\x01\x03\x02\t\n\x00\x01\x03\x03\t\x04\x00\x01\x04\x03\x03\x96|\t\x04\x00\x01\x03\x01\t\x16\x00\x01\x03\x7f\t\x16\x00\x01\x03\x03\t\x08\x00\x01\x04\x01\x03\xe8\x03\t\x04\x00\x01\x03t\t\x16\x00\x01\x03\x15\t\x04\x00\x01\x03\x02\t\x04\x00\x01\x04\x06\x03\xa9|\t\x04\x00\x01\x04\x01\x03\x9a\x04\t\x06\x00\x01\x03\x04\t\x06\x00\x01\x03\x97|\t\x04\x00\x01\x03\xed\x03\t\x08\x00\x01\x03\x02\t\x06\x00\x01\x03\xf4}\t\n\x00\x01\x03\x03\t\x02\x00\x01\x03\x05\t\x02\x00\x01\x03x\t\x02\x00\x01\x03\x02\t\x06\x00\x01\x03\x01\t\x04\x00\x01\x03\x01\t\x04\x00\x01\x03\x04\t\n\x00\x01\x03x\t\x04\x00\x01\x03\r\t\x06\x00\x01\x03\x01\t\x06\x00\x01\x03\x81\x02\t\x04\x00\x01\x03\r\t\x08\x00\x01\x03\x86|\t\x04\x00\x01\x03\x85\x02\t\x04\x00\x01\x03\x01\t\x08\x00\x01\x03p\t\x08\x00\x01\x04\x06\x03\xc9}\t\x06\x00\x01\x03\x01\t\x02\x00\x01\x03\x02\t\x02\x00\x01\x03\x02\t\x04\x00\x01\x03\x02\t\x06\x00\x01\x03\x05\t\x0c\x00\x01\x03\x02\t\x06\x00\x01\x03\x02\t\x04\x00\x01\x03\x03\t\x1a\x00\x01\x04\x01\x03\x06\t\x04\x00\x01\x03\xef\x02\t\x08\x00\x01\x03\x9e}\t\n\x00\x01\x04\x06\x03r\t\x08\x00\x01\x03\x02\t\x06\x00\x01\x03[\t\x06\x00\x01\x034\t\x08\x00\x01\x03x\t\x06\x00\x01\x03\x0f\t\x04\x00\x01\x03\x05\t"\x00\x01\x03\x05\t\x08\x00\x01\x03\x02\t\x08\x00\x01\x04\x0b\x03\xda\x02\t\x08\x00\x01\x04\x06\x03\x95}\t\x16\x00\x01\x03\x14\t\x06\x00\x01\x03\t\t\x0c\x00\x01\x03\x02\t\x02\x00\x01\x03\x01\t\n\x00\x01\x03\x03\t\x08\x00\x01\x03\x01\t\x08\x00\x01\x03f\t\x0e\x00\x01\x03\x01\t\n\x00\x01\x03\x1e\t\n\x00\x01\x04\x01\x03\xe8\x01\t\n\x00\x01\x04\x03\x03\xb5}\t\x04\x00\x01\x03\x01\t\x10\x00\x01\x03\x7f\t\x1a\x00\x01\x04\x01\x03\xca\x03\t\x08\x00\x01\x03\x05\t\n\x00\x01\x03\x02\t\x06\x00\x01\t\x06\x00\x00\x01\x01\x04\n\x00\x05\x02\x8c#\x00\x00\x03!\x01\x04\x04\x03\xd3\x01\t\x16\x00\x01\x03\x06\t\x02\x00\x01\x03\x01\t\x06\x00\x01\x03\r\t\x06\x00\x01\x03\x01\t\x06\x00\x01\x03\r\t\x06\x00\x01\x03\x0b\t\n\x00\x01\x03\x03\t\x04\x00\x01\x03\x02\t\n\x00\x01\x03\n\t\n\x00\x01\x03\x16\t\n\x00\x01\x03\x01\t\n\x00\x01\x03\x01\t\n\x00\x01\x03\x04\t\n\x00\x01\x03\x01\t\n\x00\x01\x03\x01\t\n\x00\x01\x03\x01\t\n\x00\x01\x03\x01\t\n\x00\x01\x03\x01\t\n\x00\x01\x03\x12\t\n\x00\x01\x03\x01\t\n\x00\x01\x03\x01\t\n\x00\x01\x03\x17\t\n\x00\x01\x04\x01\x03\xbe\x03\t\n\x00\x01\x03\x01\t\x04\x00\x01\x03\x01\t\x04\x00\x01\x03\xee~\t\x04\x00\x01\x03\x02\t\n\x00\x01\x03\x05\t\x06\x00\x01\x03\'\t\x06\x00\x01\x03\x01\t\x06\x00\x01\x03\x07\t\x06\x00\x01\x03\x02\t\x04\x00\x01\x03\x07\t\x0c\x00\x01\x03\xd6\x00\t\n\x00\x01\x03\x01\t\n\x00\x01\x03\x02\t\x06\x00\x01\x04\x05\x03\x90\'\t\x04\x00\x01\x04\x02\x03\xccR\t\x04\x00\x01\x03\x01\t\x06\x00\x01\x03\x03\t\x06\x00\x01\x03\x03\t\x04\x00\x01\x03\x01\t\x10\x00\x01\x03\x0f\t\n\x00\x01\x03\x01\t\x02\x00\x01\x03\x01\t\x02\x00\x01\x03\x01\t\x06\x00\x01\x04\x05\x03\xad*\t\n\x00\x01\x03\x01\t\x06\x00\x01\x03\x9ci\t\x04\x00\x01\x03\x05\t\x04\x00\x01\x03\x01\t\x04\x00\x01\x03\xe3\x12\t\x04\x00\x01\x03\x01\t\x08\x00\x01\x03\x04\t\x04\x00\x01\x03\xa0m\t\x04\x00\x01\x03\xb2\x13\t\x0c\x00\x01\x03\x01\t\x04\x00\x01\x03\x01\t\x04\x00\x01\x03\xd0l\t\x04\x00\x01\x03\x03\t\x08\x00\x01\x03\x04\t\x08\x00\x01\x03\x01\t\x10\x00\x01\x03\x01\t\x10\x00\x01\x04\x06\x03\x92m\t\x10\x00\x01\x04\x05\x03\x83+\t\x0c\x00\x01\x03\xa2\x7f\t\x04\x00\x01\x03\x01\t\x18\x00\x01\x03\x01\t\x04\x00\x01\x03\xb0x\t\x0c\x00\x01\x03\x01\t\x10\x00\x01\x03\x01\t\x04\x00\x01\x03\x01\t\x08\x00\x01\x03\x01\t\x10\x00\x01\x04\x08\x03\xa4]\t\x08\x00\x01\x04\x05\x03\x81\'\t\x14\x00\x01\x03\xe0\x01\t\x06\x00\x01\x03\xad\x02\t\x06\x00\x01\x03\x01\t\x0c\x00\x01\x03\x01\t\x06\x00\x01\x03\x1e\t\x08\x00\x01\x03b\t\x0e\x00\x01\x03 \t\x02\x00\x01\x03\x01\t\x0e\x00\x01\x03\x85\x01\t\x0c\x00\x01\x03\xf6}\t\x04\x00\x01\x03\x01\t\x10\x00\x01\x03\x9b\x01\t\x06\x00\x01\x03\x01\t\x0c\x00\x01\x03J\t\x12\x00\x01\x03\xa2\x7f\t\x06\x00\x01\x03\x81\x02\t\x08\x00\x01\x03\x82~\t\x04\x00\x01\x03\x01\t"\x00\x01\x03\x01\t\x0c\x00\x01\x03\x83j\t\x02\x00\x01\x03\xb5\x0e\t\n\x00\x01\x03\x02\t\x0e\x00\x01\x03\x02\t\x08\x00\x01\x03\xb3\x7f\t\x18\x00\x01\x03\x01\t\n\x00\x01\x03~\t\x1c\x00\x01\x03\xcd\x00\t\x06\x00\x01\x03\x03\t\x08\x00\x01\x03\x01\t(\x00\x01\x03\x01\t\x18\x00\x01\x03\n\t\x04\x00\x01\x04\x04\x03\xb7]\t\x08\x00\x01\x04\x08\x03Q\t\x08\x00\x01\x03\x01\t(\x00\x01\x03\x01\t\x14\x00\x01\x03\x01\t\x10\x00\x01\x03\x01\t\x08\x00\x01\x03\x01\t\x08\x00\x01\x03[\t\x08\x00\x01\x03&\t\x10\x00\x01\x04\x05\x03\xe9&\t\x10\x00\x01\x03\x06\t\x06\x00\x01\x03\x03\t\n\x00\x01\x03\xa9\x05\t\x0c\x00\x01\x03\xdaz\t\x04\x00\x01\x03\x03\t\x0c\x00\x01\x03\x08\t\x0e\x00\x01\x03\x03\t\x04\x00\x01\x03\xd1~\t\x12\x00\x01\x03\x01\t\x18\x00\x01\x03\xb8\x01\t\x0e\x00\x01\x03\xc7~\t\x02\x00\x01\x03\x01\t\x0c\x00\x01\x03\xb8\x01\t\x06\x00\x01\x03\xc7~\t\n\x00\x01\x03\x01\t\x10\x00\x01\x03\x97\x02\t\x08\x00\x01\x03\x03\t\x02\x00\x01\x03\xa2\x7f\t\x02\x00\x01\x03\x03\t\x08\x00\x01\x03\x1d\t\n\x00\x01\x03e\t\x16\x00\x01\x03|\t\x06\x00\x01\x03\x07\t\x02\x00\x01\x03\xbb~\t(\x00\x01\x03\x01\t\x10\x00\x01\x03\x97\x02\t\x08\x00\x01\x03\xd2}\t\x02\x00\x01\x03\xe1\x01\t\x0e\x00\x01\x03\x82\x04\t2\x00\x01\x03\x01\t\x06\x00\x01\x03\x01\t\x10\x00\x01\x03\x01\t\x08\x00\x01\x03\x01\t\x0c\x00\x01\x03\xff\x00\t\n\x00\x01\x03\x8a~\t\x04\x00\x01\x03\xfa\x00\t\x12\x00\x01\x03\x01\t\x06\x00\x01\x03\x01\t\x06\x00\x01\x03\xfa\x00\t\x10\x00\x01\x03\x8a~\t\x04\x00\x01\x03\xff\x00\t\x10\x00\x01\x03\x01\t\x12\x00\x01\x03\x01\t\x06\x00\x01\x03\xf0~\t\x04\x00\x01\x03\x92\x01\t\x04\x00\x01\x03\x01\t\x10\x00\x01\x03\xbfi\t\x0c\x00\x01\x03\x03\t\x04\x00\x01\x03\x03\t\x08\x00\x01\x03\x97\n\t\x08\x00\x01\x03\x02\t&\x00\x01\x03\xecu\t\x08\x00\x01\x03\x02\t&\x00\x01\x03\x04\t\x1e\x00\x01\x03\x02\t&\x00\x01\x03\x01\t\x06\x00\x01\x03\xe4\r\t\n\x00\x01\x03\x01\t\x08\x00\x01\x03\x01\t\x08\x00\x01\x03\xac\x7f\t\x14\x00\x01\x03\x01\t\n\x00\x01\x03~\t\x1c\x00\x01\x03\xd4\x00\t\x06\x00\x01\x03\x05\t\x08\x00\x01\x03\x01\t(\x00\x01\x03\x01\t\x18\x00\x01\x03\x01\t\x0c\x00\x01\x03\x02\t\x06\x00\x01\x03\x03\t\x06\x00\x01\x03\x01\t\x18\x00\x01\x03\x9e\x7f\t\x16\x00\x01\x03\x01\t\n\x00\x01\x03\x01\t\n\x00\x01\x03~\t\x16\x00\x01\x03\xe1\x00\t\n\x00\x01\x03\xf9{\t\x08\x00\x01\x03\x8c\x04\t\x04\x00\x01\x03\x01\t\x04\x00\x01\x03\x95\x04\t\n\x00\x01\x03\x1f\t\x08\x00\x01\x03p\t\x0e\x00\x01\x03x\t\n\x00\x01\x03\n\t\x04\x00\x01\x03\xac\x01\t\x0e\x00\x01\x03\x08\t\x18\x00\x01\x03\x01\t\x06\x00\x01\x03\xb5~\t\x06\x00\x01\x03\xcf\x01\t\x04\x00\x01\x03\x02\t\x12\x00\x01\x03\x01\t\n\x00\x01\x03\x01\t\x16\x00\x01\x03\xf6j\t\x06\x00\x01\x03\x94\x15\t\x10\x00\x01\x03i\t\x04\x00\x01\x03\x8a\x7f\t\x04\x00\x01\x03\x8d\x01\t\n\x00\x01\x03\x01\t\x18\x00\x01\x03\x02\t\n\x00\x01\x03\x01\t\x18\x00\x01\x03\xecj\t\x0e\x00\x01\x03g\t\x08\x00\x01\x03\x01\t\x04\x00\x01\x03\x07\t\x06\x00\x01\x03\x01\t\n\x00\x01\x03\x01\t\x08\x00\x01\x03\x04\t\x12\x00\x01\x03\x03\t&\x00\x01\x03\xed\x17\t\x06\x00\x01\x04\n\x03\xafS\t\x0c\x00\x01\t\x10\x00\x00\x01\x01\x04\x08\x00\x05\x02\x8e-\x00\x00\x03\xc4\x01\x01\x03p\t\x00\x00\x01\x03\x7f\t\x08\x00\x01\x03\x7f\t\x08\x00\x01\x03\x7f\t\x08\x00\x01\t\x08\x00\x00\x01\x01^\x00\x00\x00\x02\x00A\x00\x00\x00\x02\x01\xfb\x0e\n\x00\x01\x01\x01\x01\x00\x00\x00\x01../../../../gcc/libgcc/config/avr\x00\x00lib1funcs.S\x00\x01\x00\x00\x00\x00\x05\x02H5\x00\x00\x03\xe5\x11\x01\x03\x02\t\x02\x00\x01\t\x02\x00\x00\x01\x01\xca\x00\x00\x00\x02\x00A\x00\x00\x00\x02\x01\xfb\x0e\n\x00\x01\x01\x01\x01\x00\x00\x00\x01../../../../gcc/libgcc/config/avr\x00\x00lib1funcs.S\x00\x01\x00\x00\x00\x00\x05\x02\x822\x00\x00\x03\xff\n\x01\x03\x01\t\x02\x00\x01\x03\x01\t\x02\x00\x01\x03\x01\t\x02\x00\x01\x03\x02\t\x02\x00\x01\x03\x01\t\x02\x00\x01\x03\x01\t\x02\x00\x01\x03\x01\t\x02\x00\x01\x03\x01\t\x02\x00\x01\x03\x01\t\x02\x00\x01\x03\x01\t\x02\x00\x01\x03\x02\t\x02\x00\x01\x03\x01\t\x02\x00\x01\x03\x01\t\x02\x00\x01\x03\x01\t\x02\x00\x01\x03\x01\t\x02\x00\x01\x03\x01\t\x02\x00\x01\x03\x02\t\x02\x00\x01\x03\x02\t\x02\x00\x01\x03\x02\t\x02\x00\x01\t\x02\x00\x00\x01\x01\xc4\x00\x00\x00\x02\x00A\x00\x00\x00\x02\x01\xfb\x0e\n\x00\x01\x01\x01\x01\x00\x00\x00\x01../../../../gcc/libgcc/config/avr\x00\x00lib1funcs.S\x00\x01\x00\x00\x00\x00\x05\x02\xaa2\x00\x00\x03\x9f\x0b\x01\x03\x01\t\x02\x00\x01\x03\x01\t\x02\x00\x01\x03\x01\t\x02\x00\x01\x03\x01\t\x02\x00\x01\x03\x02\t\x02\x00\x01\x03\x01\t\x02\x00\x01\x03\x01\t\x02\x00\x01\x03\x01\t\x04\x00\x01\x03\x01\t\x02\x00\x01\x03\x01\t\x02\x00\x01\x03\x03\t\x02\x00\x01\x03\x01\t\x02\x00\x01\x03\x01\t\x02\x00\x01\x03\x01\t\x02\x00\x01\x03\x03\t\x02\x00\x01\x03\x01\t\x02\x00\x01\x03\x01\t\x02\x00\x01\x03\x02\t\x02\x00\x01\t\x02\x00\x00\x01\x01v\x00\x00\x00\x02\x00A\x00\x00\x00\x02\x01\xfb\x0e\n\x00\x01\x01\x01\x01\x00\x00\x00\x01../../../../gcc/libgcc/config/avr\x00\x00lib1funcs.S\x00\x01\x00\x00\x00\x00\x05\x02\xd22\x00\x00\x03\xf7\x11\x01\x03\x01\t\x02\x00\x01\x03\x1f\t\x02\x00\x01\x03\x01\t\x02\x00\x01\x03\x01\t\x02\x00\x01\x03\x01\t\x02\x00\x01\t\x02\x00\x00\x01\x01\x94\x00\x00\x00\x02\x00A\x00\x00\x00\x02\x01\xfb\x0e\n\x00\x01\x01\x01\x01\x00\x00\x00\x01../../../../gcc/libgcc/config/avr\x00\x00lib1funcs.S\x00\x01\x00\x00\x00\x00\x05\x02\xc8\x01\x00\x00\x03\xe8\x12\x01\x03\x01\t\x02\x00\x01\x03\x01\t\x02\x00\x01\x03\x01\t\x02\x00\x01\x03\x01\t\x02\x00\x01\x03\x01\t\x02\x00\x01\x03\x03\t\x02\x00\x01\x03\x05\t\x02\x00\x01\x03\x02\t\x02\x00\x01\x03\x01\t\x02\x00\x01\x03\x01\t\x02\x00\x01\t\x02\x00\x00\x01\x01\x82\x00\x00\x00\x02\x00A\x00\x00\x00\x02\x01\xfb\x0e\n\x00\x01\x01\x01\x01\x00\x00\x00\x01../../../../gcc/libgcc/config/avr\x00\x00lib1funcs.S\x00\x01\x00\x00\x00\x00\x05\x02\xde\x01\x00\x00\x03\x88\x13\x01\x03\x01\t\x02\x00\x01\x03\x01\t\x02\x00\x01\x03\x01\t\x02\x00\x01\x03\x02\t\x02\x00\x01\x03\x02\t\x02\x00\x01\x03\x01\t\x02\x00\x01\x03\x01\t\x02\x00\x01\t\x02\x00\x00\x01\x01\x8e\x00\x00\x00\x02\x00A\x00\x00\x00\x02\x01\xfb\x0e\n\x00\x01\x01\x01\x01\x00\x00\x00\x01../../../../gcc/libgcc/config/avr\x00\x00lib1funcs.S\x00\x01\x00\x00\x00\x00\x05\x02\xee\x01\x00\x00\x03\xa1\x13\x01\x03\x01\t\x02\x00\x01\x03\x01\t\x02\x00\x01\x03\x04\t\x02\x00\x01\x03\x02\t\x02\x00\x01\x03\x06\t\x02\x00\x01\x03\x01\t\x02\x00\x01\x03\x02\t\x04\x00\x01\x03\x01\t\x02\x00\x01\x03\x05\t\x02\x00\x01\t\x02\x00\x00\x01\x01\x8e\x00\x00\x00\x02\x00A\x00\x00\x00\x02\x01\xfb\x0e\n\x00\x01\x01\x01\x01\x00\x00\x00\x01../../../../gcc/libgcc/config/avr\x00\x00lib1funcs.S\x00\x01\x00\x00\x00\x00\x05\x0225\x00\x00\x03\xbf\x13\x01\x03\x01\t\x02\x00\x01\x03\x01\t\x02\x00\x01\x03\x04\t\x02\x00\x01\x03\x06\t\x02\x00\x01\x03\x01\t\x02\x00\x01\x03\x01\t\x04\x00\x01\x03\x05\t\x02\x00\x01\x03\x01\t\x02\x00\x01\x03\x05\t\x02\x00\x01\t\x02\x00\x00\x01\x01'), '.debug_frame': DebugInfo(section=Elf_Section(index = 11, sh_name = 145, sh_type = 1, sh_flags = 0, sh_addr = 0, sh_offset = 72220, sh_size = 2456, sh_link = 0, sh_info = 0, sh_addralign = 4, sh_entsize = 0, section_name = '.debug_frame', section_image = b'\x10\x00\x00\x00\xff\xff\xff\xff\x01\x00\x02\x7f$\x0c \x02\xa4\x01\x00\x00\x0c\x00\x00\x00\x00\x00\x00\x00\x10\x02\x00\x00"\x00\x00\x00\x0c\x00\x00\x00\x00\x00\x00\x002\x02\x00\x00\xd8\x00\x00\x00\x0c\x00\x00\x00\x00\x00\x00\x00\n\x03\x00\x00T\x00\x00\x00\x0c\x00\x00\x00\x00\x00\x00\x00^\x03\x00\x00(\x00\x00\x00\x0c\x00\x00\x00\x00\x00\x00\x00\x86\x03\x00\x00J\x00\x00\x00 \x00\x00\x00\x00\x00\x00\x00\xd0\x03\x00\x000\x00\x00\x00A\x0e\x03\x8c\x02A\x0e\x04\x8d\x03A\x0e\x05\x8e\x04A\x0e\x06\x8f\x05\x0c\x00\x00\x00\x00\x00\x00\x00\x00\x04\x00\x00\x18\x00\x00\x00\x0c\x00\x00\x00\x00\x00\x00\x00\x18\x04\x00\x00*\x00\x00\x00\x0c\x00\x00\x00\x00\x00\x00\x00B\x04\x00\x00\\\x00\x00\x00,\x00\x00\x00\x00\x00\x00\x00\x9e\x04\x00\x00f\x00\x00\x00A\x0e\x03\x8e\x02A\x0e\x04\x8f\x03A\x0e\x05\x90\x04A\x0e\x06\x91\x05A\x0e\x07\x9c\x06A\x0e\x08\x9d\x07\x00\x000\x00\x00\x00\x00\x00\x00\x00\x04\x05\x00\x00L\x00\x00\x00A\x0e\x03\x8d\x02A\x0e\x04\x8e\x03A\x0e\x05\x8f\x04A\x0e\x06\x90\x05A\x0e\x07\x91\x06A\x0e\x08\x9c\x07A\x0e\t\x9d\x08\x00(\x00\x00\x00\x00\x00\x00\x00P\x05\x00\x00b\x00\x00\x00A\x0e\x03\x90\x02A\x0e\x04\x91\x03A\x0e\x05\x9c\x04A\x0e\x06\x9d\x05A\x0e\x07B\r\x1c\x00\x00\x0c\x00\x00\x00\x00\x00\x00\x00\xb2\x05\x00\x00\x1a\x00\x00\x00H\x00\x00\x00\x00\x00\x00\x00\xcc\x05\x00\x00\x02\x01\x00\x00A\x0e\x03\x88\x02A\x0e\x04\x89\x03A\x0e\x05\x8a\x04A\x0e\x06\x8b\x05A\x0e\x07\x8c\x06A\x0e\x08\x8d\x07A\x0e\t\x8e\x08A\x0e\n\x8f\tA\x0e\x0b\x90\nA\x0e\x0c\x91\x0bA\x0e\r\x9c\x0cA\x0e\x0e\x9d\r\x1c\x00\x00\x00\x00\x00\x00\x00\xce\x06\x00\x00,\x00\x00\x00A\x0e\x03\x9c\x02A\x0e\x04\x9d\x03A\x0e\x05B\r\x1c\x0c\x00\x00\x00\x00\x00\x00\x00\xfa\x06\x00\x00\x16\x00\x00\x00\x0c\x00\x00\x00\x00\x00\x00\x00\x10\x07\x00\x00\x08\x00\x00\x00\x1c\x00\x00\x00\x00\x00\x00\x00\x18\x07\x00\x00<\x00\x00\x00A\x0e\x03\x9c\x02A\x0e\x04\x9d\x03A\x0e\x05B\r\x1c(\x00\x00\x00\x00\x00\x00\x00T\x07\x00\x00H\x00\x00\x00A\x0e\x03\x90\x02A\x0e\x04\x91\x03A\x0e\x05\x9c\x04A\x0e\x06\x9d\x05A\x0e\x07B\r\x1c\x00\x00\x0c\x00\x00\x00\x00\x00\x00\x00\x9c\x07\x00\x004\x00\x00\x00 \x00\x00\x00\x00\x00\x00\x00\xd0\x07\x00\x00\x82\x00\x00\x00A\x0e\x03\x90\x02A\x0e\x04\x91\x03A\x0e\x05\x9c\x04A\x0e\x06\x9d\x05\x0c\x00\x00\x00\x00\x00\x00\x00R\x08\x00\x00\x02\x00\x00\x00\x0c\x00\x00\x00\x00\x00\x00\x00T\x08\x00\x00\x02\x00\x00\x00\x0c\x00\x00\x00\x00\x00\x00\x00V\x08\x00\x00P\x00\x00\x00\x0c\x00\x00\x00\x00\x00\x00\x00\xa6\x08\x00\x00\x1c\x00\x00\x00\x0c\x00\x00\x00\x00\x00\x00\x00\xc2\x08\x00\x00\\\x00\x00\x00\x0c\x00\x00\x00\x00\x00\x00\x00\x1e\t\x00\x00\x12\x00\x00\x00 \x00\x00\x00\x00\x00\x00\x000\t\x00\x004\x00\x00\x00A\x0e\x03\x90\x02A\x0e\x04\x91\x03A\x0e\x05\x9c\x04A\x0e\x06\x9d\x05\x18\x00\x00\x00\x00\x00\x00\x00d\t\x00\x00`\x00\x00\x00A\x0e\x03\x90\x02A\x0e\x04\x91\x03\x00\x00\x0c\x00\x00\x00\x00\x00\x00\x00\xc4\t\x00\x00\x1e\x00\x00\x00\x14\x00\x00\x00\x00\x00\x00\x00\xe2\t\x00\x00P\x00\x00\x00A\x0e\x03\x9c\x02\x00\x00\x00\x0c\x00\x00\x00\x00\x00\x00\x002\n\x00\x00\x06\x00\x00\x00\x0c\x00\x00\x00\x00\x00\x00\x008\n\x00\x00\x06\x00\x00\x00\x0c\x00\x00\x00\x00\x00\x00\x00>\n\x00\x00\x1a\x00\x00\x00\x0c\x00\x00\x00\x00\x00\x00\x00X\n\x00\x00\x0e\x00\x00\x00\x1c\x00\x00\x00\x00\x00\x00\x00f\n\x00\x00\xd0\x00\x00\x00A\x0e\x03\x91\x02A\x0e\x04\x9c\x03A\x0e\x05\x9d\x04\x00\x18\x00\x00\x00\x00\x00\x00\x006\x0b\x00\x00\xc6\x00\x00\x00A\x0e\x03\x9c\x02A\x0e\x04\x9d\x03\x00\x00\x0c\x00\x00\x00\x00\x00\x00\x00\xfc\x0b\x00\x00\x9e\x00\x00\x00\x0c\x00\x00\x00\x00\x00\x00\x00\x9a\x0c\x00\x00\x1a\x00\x00\x00\x0c\x00\x00\x00\x00\x00\x00\x00\xb4\x0c\x00\x00\x16\x00\x00\x00\x0c\x00\x00\x00\x00\x00\x00\x00\xca\x0c\x00\x00\x04\x00\x00\x00\x0c\x00\x00\x00\x00\x00\x00\x00\xce\x0c\x00\x00"\x00\x00\x00\x0c\x00\x00\x00\x00\x00\x00\x00\xf0\x0c\x00\x00J\x00\x00\x00\x0c\x00\x00\x00\x00\x00\x00\x00:\r\x00\x00\x16\x00\x00\x00\x0c\x00\x00\x00\x00\x00\x00\x00P\r\x00\x00\x04\x00\x00\x00\x0c\x00\x00\x00\x00\x00\x00\x00T\r\x00\x00l\x00\x00\x00\x1c\x00\x00\x00\x00\x00\x00\x00\xc0\r\x00\x00\xa6\x00\x00\x00A\x0e\x03\x91\x02A\x0e\x04\x9c\x03A\x0e\x05\x9d\x04\x00 \x00\x00\x00\x00\x00\x00\x00f\x0e\x00\x00\xbc\x00\x00\x00A\x0e\x03\x90\x02A\x0e\x04\x91\x03A\x0e\x05\x9c\x04A\x0e\x06\x9d\x05\x18\x00\x00\x00\x00\x00\x00\x00"\x0f\x00\x00\xac\x00\x00\x00A\x0e\x03\x9c\x02A\x0e\x04\x9d\x03\x00\x00 \x00\x00\x00\x00\x00\x00\x00\xce\x0f\x00\x00\x88\x00\x00\x00A\x0e\x03\x90\x02A\x0e\x04\x91\x03A\x0e\x05\x9c\x04A\x0e\x06\x9d\x05\x18\x00\x00\x00\x00\x00\x00\x00V\x10\x00\x00(\x00\x00\x00A\x0e\x03\x9c\x02A\x0e\x04\x9d\x03\x00\x00(\x00\x00\x00\x00\x00\x00\x00~\x10\x00\x00\x9e\x00\x00\x00A\x0e\x03\x90\x02A\x0e\x04\x91\x03A\x0e\x05\x9c\x04A\x0e\x06\x9d\x05A\x0e\x07B\r\x1c\x00\x00\x0c\x00\x00\x00\x00\x00\x00\x00\x1c\x11\x00\x00N\x00\x00\x00\x0c\x00\x00\x00\x00\x00\x00\x00j\x11\x00\x00$\x00\x00\x00\x0c\x00\x00\x00\x00\x00\x00\x00\x8e\x11\x00\x00H\x00\x00\x00\x0c\x00\x00\x00\x00\x00\x00\x00\xd6\x11\x00\x00\x90\x00\x00\x00\x0c\x00\x00\x00\x00\x00\x00\x00f\x12\x00\x00B\x00\x00\x00\x18\x00\x00\x00\x00\x00\x00\x00\xa8\x12\x00\x00R\x00\x00\x00A\x0e\x03\x90\x02A\x0e\x04\x91\x03\x00\x00\x0c\x00\x00\x00\x00\x00\x00\x00\xfa\x12\x00\x00D\x00\x00\x00\x0c\x00\x00\x00\x00\x00\x00\x00>\x13\x00\x00,\x00\x00\x00\x18\x00\x00\x00\x00\x00\x00\x00j\x13\x00\x00\xcc\x00\x00\x00A\x0e\x03\x90\x02A\x0e\x04\x91\x03\x00\x00\x0c\x00\x00\x00\x00\x00\x00\x006\x14\x00\x00\x82\x00\x00\x00\x0c\x00\x00\x00\x00\x00\x00\x00\xb8\x14\x00\x00,\x00\x00\x00\x0c\x00\x00\x00\x00\x00\x00\x00\xe4\x14\x00\x00&\x00\x00\x00\x0c\x00\x00\x00\x00\x00\x00\x00\n\x15\x00\x00@\x00\x00\x00\x18\x00\x00\x00\x00\x00\x00\x00J\x15\x00\x00R\x00\x00\x00A\x0e\x03\x9c\x02A\x0e\x04\x9d\x03\x00\x00<\x00\x00\x00\x00\x00\x00\x00\x9c\x15\x00\x00\x0c\x01\x00\x00A\x0e\x03\x8c\x02A\x0e\x04\x8d\x03A\x0e\x05\x8e\x04A\x0e\x06\x8f\x05A\x0e\x07\x90\x06A\x0e\x08\x91\x07A\x0e\t\x9c\x08A\x0e\n\x9d\tA\x0e\x0cB\r\x1c\x00\x000\x00\x00\x00\x00\x00\x00\x00\xa8\x16\x00\x00\xe4\x00\x00\x00A\x0e\x03\x8e\x02A\x0e\x04\x8f\x03A\x0e\x05\x90\x04A\x0e\x06\x91\x05A\x0e\x07\x9c\x06A\x0e\x08\x9d\x07A\x0e\nB\r\x1c\x0c\x00\x00\x00\x00\x00\x00\x00\x8c\x17\x00\x00(\x00\x00\x00(\x00\x00\x00\x00\x00\x00\x00\xb4\x17\x00\x00\xe2\x00\x00\x00A\x0e\x03\x8c\x02A\x0e\x04\x8d\x03A\x0e\x05\x8e\x04A\x0e\x06\x8f\x05A\x0e\x07\x9c\x06\x00\x00\x00\x14\x00\x00\x00\x00\x00\x00\x00\x96\x18\x00\x00X\x00\x00\x00A\x0e\x03\x9c\x02\x00\x00\x00\x0c\x00\x00\x00\x00\x00\x00\x00\xee\x18\x00\x000\x00\x00\x000\x00\x00\x00\x00\x00\x00\x00\x1e\x19\x00\x00\x98\x00\x00\x00A\x0e\x03\x8c\x02A\x0e\x04\x8d\x03A\x0e\x05\x8e\x04A\x0e\x06\x8f\x05A\x0e\x07\x90\x06A\x0e\x08\x91\x07A\x0e\t\x9c\x08\x00 \x00\x00\x00\x00\x00\x00\x00\xb6\x19\x00\x00\x88\x00\x00\x00A\x0e\x03\x8c\x02A\x0e\x04\x8d\x03A\x0e\x05\x8e\x04A\x0e\x06\x8f\x05\x0c\x00\x00\x00\x00\x00\x00\x00>\x1a\x00\x00\\\x00\x00\x00\x0c\x00\x00\x00\x00\x00\x00\x00\x9a\x1a\x00\x00H\x00\x00\x00\x0c\x00\x00\x00\x00\x00\x00\x00\xe2\x1a\x00\x00&\x00\x00\x00\x0c\x00\x00\x00\x00\x00\x00\x00\x08\x1b\x00\x00\x18\x00\x00\x00\x18\x00\x00\x00\x00\x00\x00\x00 \x1b\x00\x00\x14\x00\x00\x00A\x0e\x03\x9c\x02A\x0e\x04\x9d\x03\x00\x00\x0c\x00\x00\x00\x00\x00\x00\x004\x1b\x00\x00\x0e\x00\x00\x00\x18\x00\x00\x00\x00\x00\x00\x00B\x1b\x00\x00\x14\x00\x00\x00A\x0e\x03\x9c\x02A\x0e\x04\x9d\x03\x00\x00\x18\x00\x00\x00\x00\x00\x00\x00V\x1b\x00\x00$\x00\x00\x00A\x0e\x03\x9c\x02A\x0e\x04\x9d\x03\x00\x00\x18\x00\x00\x00\x00\x00\x00\x00z\x1b\x00\x00\x14\x00\x00\x00A\x0e\x03\x9c\x02A\x0e\x04\x9d\x03\x00\x00\x0c\x00\x00\x00\x00\x00\x00\x00\x8e\x1b\x00\x00\x0e\x00\x00\x00\x18\x00\x00\x00\x00\x00\x00\x00\x9c\x1b\x00\x00\x14\x00\x00\x00A\x0e\x03\x9c\x02A\x0e\x04\x9d\x03\x00\x00,\x00\x00\x00\x00\x00\x00\x00\xb0\x1b\x00\x00p\x00\x00\x00A\x0e\x03\x8c\x02A\x0e\x04\x8d\x03A\x0e\x05\x8e\x04A\x0e\x06\x8f\x05A\x0e\x07\x9c\x06A\x0e\x08\x9d\x07\x00\x000\x00\x00\x00\x00\x00\x00\x00\xf6!\x00\x00\x96\x01\x00\x00A\x0e\x03\x8c\x02A\x0e\x04\x8d\x03A\x0e\x05\x8e\x04A\x0e\x06\x8f\x05A\x0e\x07\x90\x06A\x0e\x08\x91\x07A\x0e\t\x9c\x08\x004\x00\x00\x00\x00\x00\x00\x00 \x1c\x00\x00\x94\x00\x00\x00A\x0e\x03\x81\x02A\x0e\x04\x80\x03D\x0e\x05\x92\x04A\x0e\x06\x93\x05A\x0e\x07\x98\x06A\x0e\x08\x99\x07A\x0e\t\x9a\x08A\x0e\n\x9b\t\x1c\x00\x00\x00\x00\x00\x00\x00\x8c#\x00\x00\x02\n\x00\x00A\x0e\x03\x9c\x02A\x0e\x04\x9d\x03B\r\x1cB\x0eK \x00\x00\x00\x00\x00\x00\x00\xb4\x1c\x00\x00\xde\x00\x00\x00A\x0e\x03\x81\x02A\x0e\x04\x80\x03D\x0e\x05\x98\x04A\x0e\x06\x99\x05\x80\x00\x00\x00\x00\x00\x00\x00\x92\x1d\x00\x00d\x04\x00\x00A\x0e\x03\x81\x02A\x0e\x04\x80\x03D\x0e\x05\x8c\x04A\x0e\x06\x8d\x05A\x0e\x07\x8e\x06A\x0e\x08\x8f\x07A\x0e\t\x90\x08A\x0e\n\x91\tA\x0e\x0b\x92\nA\x0e\x0c\x93\x0bA\x0e\r\x94\x0cA\x0e\x0e\x95\rA\x0e\x0f\x96\x0eA\x0e\x10\x97\x0fA\x0e\x11\x98\x10A\x0e\x12\x99\x11A\x0e\x13\x9a\x12A\x0e\x14\x9b\x13A\x0e\x15\x9e\x14A\x0e\x16\x9f\x15A\x0e\x17\x9c\x16A\x0e\x18\x9d\x17B\r\x1cA\x0e4\x0c\x00\x00\x00\x00\x00\x00\x00\x8e-\x00\x00 \x00\x00\x00', rid = 12), image=b'\x10\x00\x00\x00\xff\xff\xff\xff\x01\x00\x02\x7f$\x0c \x02\xa4\x01\x00\x00\x0c\x00\x00\x00\x00\x00\x00\x00\x10\x02\x00\x00"\x00\x00\x00\x0c\x00\x00\x00\x00\x00\x00\x002\x02\x00\x00\xd8\x00\x00\x00\x0c\x00\x00\x00\x00\x00\x00\x00\n\x03\x00\x00T\x00\x00\x00\x0c\x00\x00\x00\x00\x00\x00\x00^\x03\x00\x00(\x00\x00\x00\x0c\x00\x00\x00\x00\x00\x00\x00\x86\x03\x00\x00J\x00\x00\x00 \x00\x00\x00\x00\x00\x00\x00\xd0\x03\x00\x000\x00\x00\x00A\x0e\x03\x8c\x02A\x0e\x04\x8d\x03A\x0e\x05\x8e\x04A\x0e\x06\x8f\x05\x0c\x00\x00\x00\x00\x00\x00\x00\x00\x04\x00\x00\x18\x00\x00\x00\x0c\x00\x00\x00\x00\x00\x00\x00\x18\x04\x00\x00*\x00\x00\x00\x0c\x00\x00\x00\x00\x00\x00\x00B\x04\x00\x00\\\x00\x00\x00,\x00\x00\x00\x00\x00\x00\x00\x9e\x04\x00\x00f\x00\x00\x00A\x0e\x03\x8e\x02A\x0e\x04\x8f\x03A\x0e\x05\x90\x04A\x0e\x06\x91\x05A\x0e\x07\x9c\x06A\x0e\x08\x9d\x07\x00\x000\x00\x00\x00\x00\x00\x00\x00\x04\x05\x00\x00L\x00\x00\x00A\x0e\x03\x8d\x02A\x0e\x04\x8e\x03A\x0e\x05\x8f\x04A\x0e\x06\x90\x05A\x0e\x07\x91\x06A\x0e\x08\x9c\x07A\x0e\t\x9d\x08\x00(\x00\x00\x00\x00\x00\x00\x00P\x05\x00\x00b\x00\x00\x00A\x0e\x03\x90\x02A\x0e\x04\x91\x03A\x0e\x05\x9c\x04A\x0e\x06\x9d\x05A\x0e\x07B\r\x1c\x00\x00\x0c\x00\x00\x00\x00\x00\x00\x00\xb2\x05\x00\x00\x1a\x00\x00\x00H\x00\x00\x00\x00\x00\x00\x00\xcc\x05\x00\x00\x02\x01\x00\x00A\x0e\x03\x88\x02A\x0e\x04\x89\x03A\x0e\x05\x8a\x04A\x0e\x06\x8b\x05A\x0e\x07\x8c\x06A\x0e\x08\x8d\x07A\x0e\t\x8e\x08A\x0e\n\x8f\tA\x0e\x0b\x90\nA\x0e\x0c\x91\x0bA\x0e\r\x9c\x0cA\x0e\x0e\x9d\r\x1c\x00\x00\x00\x00\x00\x00\x00\xce\x06\x00\x00,\x00\x00\x00A\x0e\x03\x9c\x02A\x0e\x04\x9d\x03A\x0e\x05B\r\x1c\x0c\x00\x00\x00\x00\x00\x00\x00\xfa\x06\x00\x00\x16\x00\x00\x00\x0c\x00\x00\x00\x00\x00\x00\x00\x10\x07\x00\x00\x08\x00\x00\x00\x1c\x00\x00\x00\x00\x00\x00\x00\x18\x07\x00\x00<\x00\x00\x00A\x0e\x03\x9c\x02A\x0e\x04\x9d\x03A\x0e\x05B\r\x1c(\x00\x00\x00\x00\x00\x00\x00T\x07\x00\x00H\x00\x00\x00A\x0e\x03\x90\x02A\x0e\x04\x91\x03A\x0e\x05\x9c\x04A\x0e\x06\x9d\x05A\x0e\x07B\r\x1c\x00\x00\x0c\x00\x00\x00\x00\x00\x00\x00\x9c\x07\x00\x004\x00\x00\x00 \x00\x00\x00\x00\x00\x00\x00\xd0\x07\x00\x00\x82\x00\x00\x00A\x0e\x03\x90\x02A\x0e\x04\x91\x03A\x0e\x05\x9c\x04A\x0e\x06\x9d\x05\x0c\x00\x00\x00\x00\x00\x00\x00R\x08\x00\x00\x02\x00\x00\x00\x0c\x00\x00\x00\x00\x00\x00\x00T\x08\x00\x00\x02\x00\x00\x00\x0c\x00\x00\x00\x00\x00\x00\x00V\x08\x00\x00P\x00\x00\x00\x0c\x00\x00\x00\x00\x00\x00\x00\xa6\x08\x00\x00\x1c\x00\x00\x00\x0c\x00\x00\x00\x00\x00\x00\x00\xc2\x08\x00\x00\\\x00\x00\x00\x0c\x00\x00\x00\x00\x00\x00\x00\x1e\t\x00\x00\x12\x00\x00\x00 \x00\x00\x00\x00\x00\x00\x000\t\x00\x004\x00\x00\x00A\x0e\x03\x90\x02A\x0e\x04\x91\x03A\x0e\x05\x9c\x04A\x0e\x06\x9d\x05\x18\x00\x00\x00\x00\x00\x00\x00d\t\x00\x00`\x00\x00\x00A\x0e\x03\x90\x02A\x0e\x04\x91\x03\x00\x00\x0c\x00\x00\x00\x00\x00\x00\x00\xc4\t\x00\x00\x1e\x00\x00\x00\x14\x00\x00\x00\x00\x00\x00\x00\xe2\t\x00\x00P\x00\x00\x00A\x0e\x03\x9c\x02\x00\x00\x00\x0c\x00\x00\x00\x00\x00\x00\x002\n\x00\x00\x06\x00\x00\x00\x0c\x00\x00\x00\x00\x00\x00\x008\n\x00\x00\x06\x00\x00\x00\x0c\x00\x00\x00\x00\x00\x00\x00>\n\x00\x00\x1a\x00\x00\x00\x0c\x00\x00\x00\x00\x00\x00\x00X\n\x00\x00\x0e\x00\x00\x00\x1c\x00\x00\x00\x00\x00\x00\x00f\n\x00\x00\xd0\x00\x00\x00A\x0e\x03\x91\x02A\x0e\x04\x9c\x03A\x0e\x05\x9d\x04\x00\x18\x00\x00\x00\x00\x00\x00\x006\x0b\x00\x00\xc6\x00\x00\x00A\x0e\x03\x9c\x02A\x0e\x04\x9d\x03\x00\x00\x0c\x00\x00\x00\x00\x00\x00\x00\xfc\x0b\x00\x00\x9e\x00\x00\x00\x0c\x00\x00\x00\x00\x00\x00\x00\x9a\x0c\x00\x00\x1a\x00\x00\x00\x0c\x00\x00\x00\x00\x00\x00\x00\xb4\x0c\x00\x00\x16\x00\x00\x00\x0c\x00\x00\x00\x00\x00\x00\x00\xca\x0c\x00\x00\x04\x00\x00\x00\x0c\x00\x00\x00\x00\x00\x00\x00\xce\x0c\x00\x00"\x00\x00\x00\x0c\x00\x00\x00\x00\x00\x00\x00\xf0\x0c\x00\x00J\x00\x00\x00\x0c\x00\x00\x00\x00\x00\x00\x00:\r\x00\x00\x16\x00\x00\x00\x0c\x00\x00\x00\x00\x00\x00\x00P\r\x00\x00\x04\x00\x00\x00\x0c\x00\x00\x00\x00\x00\x00\x00T\r\x00\x00l\x00\x00\x00\x1c\x00\x00\x00\x00\x00\x00\x00\xc0\r\x00\x00\xa6\x00\x00\x00A\x0e\x03\x91\x02A\x0e\x04\x9c\x03A\x0e\x05\x9d\x04\x00 \x00\x00\x00\x00\x00\x00\x00f\x0e\x00\x00\xbc\x00\x00\x00A\x0e\x03\x90\x02A\x0e\x04\x91\x03A\x0e\x05\x9c\x04A\x0e\x06\x9d\x05\x18\x00\x00\x00\x00\x00\x00\x00"\x0f\x00\x00\xac\x00\x00\x00A\x0e\x03\x9c\x02A\x0e\x04\x9d\x03\x00\x00 \x00\x00\x00\x00\x00\x00\x00\xce\x0f\x00\x00\x88\x00\x00\x00A\x0e\x03\x90\x02A\x0e\x04\x91\x03A\x0e\x05\x9c\x04A\x0e\x06\x9d\x05\x18\x00\x00\x00\x00\x00\x00\x00V\x10\x00\x00(\x00\x00\x00A\x0e\x03\x9c\x02A\x0e\x04\x9d\x03\x00\x00(\x00\x00\x00\x00\x00\x00\x00~\x10\x00\x00\x9e\x00\x00\x00A\x0e\x03\x90\x02A\x0e\x04\x91\x03A\x0e\x05\x9c\x04A\x0e\x06\x9d\x05A\x0e\x07B\r\x1c\x00\x00\x0c\x00\x00\x00\x00\x00\x00\x00\x1c\x11\x00\x00N\x00\x00\x00\x0c\x00\x00\x00\x00\x00\x00\x00j\x11\x00\x00$\x00\x00\x00\x0c\x00\x00\x00\x00\x00\x00\x00\x8e\x11\x00\x00H\x00\x00\x00\x0c\x00\x00\x00\x00\x00\x00\x00\xd6\x11\x00\x00\x90\x00\x00\x00\x0c\x00\x00\x00\x00\x00\x00\x00f\x12\x00\x00B\x00\x00\x00\x18\x00\x00\x00\x00\x00\x00\x00\xa8\x12\x00\x00R\x00\x00\x00A\x0e\x03\x90\x02A\x0e\x04\x91\x03\x00\x00\x0c\x00\x00\x00\x00\x00\x00\x00\xfa\x12\x00\x00D\x00\x00\x00\x0c\x00\x00\x00\x00\x00\x00\x00>\x13\x00\x00,\x00\x00\x00\x18\x00\x00\x00\x00\x00\x00\x00j\x13\x00\x00\xcc\x00\x00\x00A\x0e\x03\x90\x02A\x0e\x04\x91\x03\x00\x00\x0c\x00\x00\x00\x00\x00\x00\x006\x14\x00\x00\x82\x00\x00\x00\x0c\x00\x00\x00\x00\x00\x00\x00\xb8\x14\x00\x00,\x00\x00\x00\x0c\x00\x00\x00\x00\x00\x00\x00\xe4\x14\x00\x00&\x00\x00\x00\x0c\x00\x00\x00\x00\x00\x00\x00\n\x15\x00\x00@\x00\x00\x00\x18\x00\x00\x00\x00\x00\x00\x00J\x15\x00\x00R\x00\x00\x00A\x0e\x03\x9c\x02A\x0e\x04\x9d\x03\x00\x00<\x00\x00\x00\x00\x00\x00\x00\x9c\x15\x00\x00\x0c\x01\x00\x00A\x0e\x03\x8c\x02A\x0e\x04\x8d\x03A\x0e\x05\x8e\x04A\x0e\x06\x8f\x05A\x0e\x07\x90\x06A\x0e\x08\x91\x07A\x0e\t\x9c\x08A\x0e\n\x9d\tA\x0e\x0cB\r\x1c\x00\x000\x00\x00\x00\x00\x00\x00\x00\xa8\x16\x00\x00\xe4\x00\x00\x00A\x0e\x03\x8e\x02A\x0e\x04\x8f\x03A\x0e\x05\x90\x04A\x0e\x06\x91\x05A\x0e\x07\x9c\x06A\x0e\x08\x9d\x07A\x0e\nB\r\x1c\x0c\x00\x00\x00\x00\x00\x00\x00\x8c\x17\x00\x00(\x00\x00\x00(\x00\x00\x00\x00\x00\x00\x00\xb4\x17\x00\x00\xe2\x00\x00\x00A\x0e\x03\x8c\x02A\x0e\x04\x8d\x03A\x0e\x05\x8e\x04A\x0e\x06\x8f\x05A\x0e\x07\x9c\x06\x00\x00\x00\x14\x00\x00\x00\x00\x00\x00\x00\x96\x18\x00\x00X\x00\x00\x00A\x0e\x03\x9c\x02\x00\x00\x00\x0c\x00\x00\x00\x00\x00\x00\x00\xee\x18\x00\x000\x00\x00\x000\x00\x00\x00\x00\x00\x00\x00\x1e\x19\x00\x00\x98\x00\x00\x00A\x0e\x03\x8c\x02A\x0e\x04\x8d\x03A\x0e\x05\x8e\x04A\x0e\x06\x8f\x05A\x0e\x07\x90\x06A\x0e\x08\x91\x07A\x0e\t\x9c\x08\x00 \x00\x00\x00\x00\x00\x00\x00\xb6\x19\x00\x00\x88\x00\x00\x00A\x0e\x03\x8c\x02A\x0e\x04\x8d\x03A\x0e\x05\x8e\x04A\x0e\x06\x8f\x05\x0c\x00\x00\x00\x00\x00\x00\x00>\x1a\x00\x00\\\x00\x00\x00\x0c\x00\x00\x00\x00\x00\x00\x00\x9a\x1a\x00\x00H\x00\x00\x00\x0c\x00\x00\x00\x00\x00\x00\x00\xe2\x1a\x00\x00&\x00\x00\x00\x0c\x00\x00\x00\x00\x00\x00\x00\x08\x1b\x00\x00\x18\x00\x00\x00\x18\x00\x00\x00\x00\x00\x00\x00 \x1b\x00\x00\x14\x00\x00\x00A\x0e\x03\x9c\x02A\x0e\x04\x9d\x03\x00\x00\x0c\x00\x00\x00\x00\x00\x00\x004\x1b\x00\x00\x0e\x00\x00\x00\x18\x00\x00\x00\x00\x00\x00\x00B\x1b\x00\x00\x14\x00\x00\x00A\x0e\x03\x9c\x02A\x0e\x04\x9d\x03\x00\x00\x18\x00\x00\x00\x00\x00\x00\x00V\x1b\x00\x00$\x00\x00\x00A\x0e\x03\x9c\x02A\x0e\x04\x9d\x03\x00\x00\x18\x00\x00\x00\x00\x00\x00\x00z\x1b\x00\x00\x14\x00\x00\x00A\x0e\x03\x9c\x02A\x0e\x04\x9d\x03\x00\x00\x0c\x00\x00\x00\x00\x00\x00\x00\x8e\x1b\x00\x00\x0e\x00\x00\x00\x18\x00\x00\x00\x00\x00\x00\x00\x9c\x1b\x00\x00\x14\x00\x00\x00A\x0e\x03\x9c\x02A\x0e\x04\x9d\x03\x00\x00,\x00\x00\x00\x00\x00\x00\x00\xb0\x1b\x00\x00p\x00\x00\x00A\x0e\x03\x8c\x02A\x0e\x04\x8d\x03A\x0e\x05\x8e\x04A\x0e\x06\x8f\x05A\x0e\x07\x9c\x06A\x0e\x08\x9d\x07\x00\x000\x00\x00\x00\x00\x00\x00\x00\xf6!\x00\x00\x96\x01\x00\x00A\x0e\x03\x8c\x02A\x0e\x04\x8d\x03A\x0e\x05\x8e\x04A\x0e\x06\x8f\x05A\x0e\x07\x90\x06A\x0e\x08\x91\x07A\x0e\t\x9c\x08\x004\x00\x00\x00\x00\x00\x00\x00 \x1c\x00\x00\x94\x00\x00\x00A\x0e\x03\x81\x02A\x0e\x04\x80\x03D\x0e\x05\x92\x04A\x0e\x06\x93\x05A\x0e\x07\x98\x06A\x0e\x08\x99\x07A\x0e\t\x9a\x08A\x0e\n\x9b\t\x1c\x00\x00\x00\x00\x00\x00\x00\x8c#\x00\x00\x02\n\x00\x00A\x0e\x03\x9c\x02A\x0e\x04\x9d\x03B\r\x1cB\x0eK \x00\x00\x00\x00\x00\x00\x00\xb4\x1c\x00\x00\xde\x00\x00\x00A\x0e\x03\x81\x02A\x0e\x04\x80\x03D\x0e\x05\x98\x04A\x0e\x06\x99\x05\x80\x00\x00\x00\x00\x00\x00\x00\x92\x1d\x00\x00d\x04\x00\x00A\x0e\x03\x81\x02A\x0e\x04\x80\x03D\x0e\x05\x8c\x04A\x0e\x06\x8d\x05A\x0e\x07\x8e\x06A\x0e\x08\x8f\x07A\x0e\t\x90\x08A\x0e\n\x91\tA\x0e\x0b\x92\nA\x0e\x0c\x93\x0bA\x0e\r\x94\x0cA\x0e\x0e\x95\rA\x0e\x0f\x96\x0eA\x0e\x10\x97\x0fA\x0e\x11\x98\x10A\x0e\x12\x99\x11A\x0e\x13\x9a\x12A\x0e\x14\x9b\x13A\x0e\x15\x9e\x14A\x0e\x16\x9f\x15A\x0e\x17\x9c\x16A\x0e\x18\x9d\x17B\r\x1cA\x0e4\x0c\x00\x00\x00\x00\x00\x00\x00\x8e-\x00\x00 \x00\x00\x00'), '.debug_str': DebugInfo(section=Elf_Section(index = 12, sh_name = 158, sh_type = 1, sh_flags = 0, sh_addr = 0, sh_offset = 74676, sh_size = 10926, sh_link = 0, sh_info = 0, sh_addralign = 1, sh_entsize = 0, section_name = '.debug_str', section_image = b'avr-libc 2.0.0\x00uint8_t\x00uint16_t\x00__eeprom\x00WDTCSR\x00PORTD\x00DDRD\x00PIND\x00SPCR\x00SPSR\x00SPDR\x00UDR1\x00UCSR1A\x00UCSR1B\x00UCSR1C\x00UBRR1\x00SPMCSR\x00EEAR\x00EEDR\x00EECR\x00OCR0B\x00OCR0A\x00TCNT0\x00TCCR0B\x00TCCR0A\x00TIMSK0\x00TIFR0\x00GTCCR\x00TCCR3A\x00TCCR3B\x00TCCR3C\x00TCNT3\x00OCR3A\x00OCR3B\x00OCR3C\x00ICR3\x00TIMSK3\x00TIFR3\x00TCCR1A\x00TCCR1B\x00TCCR1C\x00TCNT1\x00OCR1A\x00OCR1B\x00OCR1C\x00ICR1\x00TIMSK1\x00TIFR1\x00OCDR\x00MCUCR\x00MCUSR\x00EICRA\x00EICRB\x00EIMSK\x00EIFR\x00PCMSK0\x00PCIFR\x00PCICR\x00TCCR4A\x00TCCR4B\x00TCCR4C\x00TCCR4D\x00TCCR4E\x00TCNT4\x00TC4H\x00OCR4A\x00OCR4B\x00OCR4C\x00OCR4D\x00TIMSK4\x00TIFR4\x00DT4\x00PORTB\x00DDRB\x00PINB\x00PORTC\x00DDRC\x00PINC\x00PORTE\x00DDRE\x00PINE\x00PORTF\x00DDRF\x00PINF\x00TWAMR\x00TWBR\x00TWCR\x00TWSR\x00TWDR\x00TWAR\x00ADMUX\x00ADCSRA\x00ADC\x00ADCSRB\x00DIDR0\x00DIDR2\x00ADCSRB\x00ACSR\x00DIDR1\x00SREG\x00SP\x00MCUCR\x00MCUSR\x00OSCCAL\x00RCCTRL\x00CLKPR\x00SMCR\x00EIND\x00GPIOR2\x00GPIOR1\x00GPIOR0\x00PRR1\x00PRR0\x00CLKSTA\x00CLKSEL1\x00CLKSEL0\x00PLLCSR\x00PLLFRQ\x00UEINT\x00UEBCHX\x00UEBCLX\x00UEDATX\x00UEIENX\x00UESTA1X\x00UESTA0X\x00UECFG1X\x00UECFG0X\x00UECONX\x00UERST\x00UENUM\x00UEINTX\x00UDMFN\x00UDFNUM\x00UDADDR\x00UDIEN\x00UDINT\x00UDCON\x00USBCON\x00USBINT\x00USBSTA\x00UHWCON\x00rootNode\x00CRC_TAB\x00Xcp_Disconnect_Res\x00Xcp_ChecksumInit\x00odtEntryNumber\x00Xcp_GetCommModeInfo_Res\x00transition\x00odtNumber\x00dto_len\x00XcpDaq_Alloc\x00start\x00offs\x00XCP_AFTER_ALLOC_DAQ\x00XCP_DAQ_STATE_RUNNING\x00usbVersion\x00XCP_PGM_IDLE\x00iSerialNum\x00tagXcpDaq_ProcessorStateType\x00ReleaseTX\x00m_value\x00loop.part.29\x00interfaceNum\x00push\x00SendDescriptor\x00idType\x00__addr16\x00lastIf\x00Xcp_SetCtoOutLen\x00pgmProcessor\x00__vtbl_ptr_type\x00ClearOUT\x00write\x00_ZL28Xcp_GetDaqResolutionInfo_ResPK14tagXcp_PDUType.part.25\x00getShortName\x00ReadWriteAllowed\x0019InterfaceDescriptor\x00_rx_buffer_head\x00tagXcp_ConnectionStateType\x00USB_Send\x00slaveBlockModeState\x00XcpDaq_SetProcessorState\x00XcpUtl_MemSet\x00_ZL17Xcp_WriteDaqEntryhhhm.isra.4\x00desc_addr\x00SquareWave\x00bitOffset\x00Xcp_AllocOdt_Res\x00port_to_mode_PGM\x00USB_Flush\x0016ConfigDescriptor\x00_Z12XcpDaq_Alloch.part.1\x00_Z12PluggableUSBv.part.1\x00string_len\x0022CMFunctionalDescriptor\x00Xcp_FreeDaq_Res\x00Xcp_ServerCommands\x00Xcp_ShortDownload_Res\x00_usbConfiguration\x00XcpDaq_AllocState\x00_GLOBAL__sub_D_Xcp_CtoIn\x00wValueH\x00wValueL\x00interfaces\x00commModeOptional\x00interfaceClass\x00XCP_CALL_ALLOC_ODT_ENTRY\x00_Z19XcpDaq_QueueDequeuePjPh.part.10\x00listConf\x00udint\x00USB_SendSpace\x00XcpDaq_QueueDequeue\x00octet\x00interval\x00_ZL15Xcp_FreeDaq_ResPK14tagXcp_PDUType.part.21\x00PluggableUSB_\x00m_min\x00ERR_CMD_UNKNOWN\x00addrExt\x00string_P\x00triangle_max\x00Xcp_Synch_Res\x00this\x00sq1_wave\x00long int\x00STRING_LANGUAGE\x00XcpDaq_AllocOdt\x00tagXcp_BlockModeStateType\x00XcpUtl_MemCopy\x00timer0_fract\x00Xcp_PduType\x00Xcp_WriteDaq_Res\x00packetSize\x00XcpHw_GetTimerCounterMS\x00deviceVersion\x00tagXcp_StatisticsType\x00Xcp_ChecksumMainFunction\x00XcpTl_TimeoutCheck\x00short unsigned int\x00Xcp_Program_Res\x00square0\x00square1\x00tagXcpTl_ReceiverType\x00_Z9CDC_SetupR8USBSetup.part.5\x00tagXcpTl_ReceiverStateType\x00SendInterfaces\x00data\x00InitEP\x00USB_SendControl\x00tagXcpDaq_EventType\x00tagXcp_ReturnType\x00micros\x00XCP_CHECKSUM_STATE_RUNNING_FINAL\x00Xcp_GetByte\x00Remaining\x00DAQ_LIST_TRANSITION_START\x00clen\x00numEndpoints\x00uint8_t\x00_ZN7Serial_9availableEv.part.1\x00sq0_wave\x00XcpTl_TimeoutInit\x00tagXcpDaq_ListConfigurationType\x00initVariant\x00uint64_t\x00daqPointer\x00XcpDaq_AllocValidateTransition\x00tagXcpDaq_QueueType\x00__base_dtor \x00Xcp_GetNonPagedAddress\x00XcpTl_TimeoutStart\x00STRING_PRODUCT\x00Xcp_GetDaqEventInfo_Res\x00cycle\x00unsigned char\x00bmRequestType\x00XcpDaq_ValidateOdtEntry\x00XcpDaq_ListConfiguration\x00ERR_GENERIC\x00packetSize0\x00callManagement\x00iconfig\x00wValue\x00tagXcpDaq_ProcessorType\x00bDataInterface\x00XcpDaq_GetListConfiguration\x00update\x00XcpUtl_MemCopy.part.7\x00errorCode\x00header\x00step\x00XCP_RCV_UNTIL_LENGTH\x00XCP_RCV_REMAINING\x00deviceSubClass\x00listCount\x00m_symetrical\x00tagXcp_MtaType\x00daqProcessor\x00Xcp_CtoInBuffer\x00Xcp_SendCto\x00timeout_function\x00remaining\x00Xcp_GetStatus_Res\x00Xcp_GetDWord\x00XCP_AFTER_FREE_DAQ\x00Xcp_SetBusy\x00dataOut\x00xorMask\x00_Z11XcpDaq_Freev.part.11\x00Xcp_GetDtoOutPtr\x00ERR_WRITE_PROTECTED\x00attr\x00subtype\x00flags\x00sendZlp\x00USB_DeviceDescriptorIAD\x00oldSREG\x00XcpTl_Init\x00daqList\x00Xcp_MainFunction\x00XcpTl_TimeoutFunction\x00cifin\x00node\x00XcpDaq_AllocTransitionTable\x00XCP_PGM_ACTIVE\x00interfaceSubClass\x00tagXcpDaq_EntityType\x00append\x00resource\x00XCP_AFTER_ALLOC_ODT\x00XcpDaq_GetOdtEntry\x00Xcp_SetDaqPtr_Res\x00_sreg\x00__vector_10\x00__vector_11\x00tagHwStateType\x00m_capacity\x00Xcp_ChecksumType\x00_ZL17Xcp_Download_Copymhm.isra.8\x00_ZN6LockEPD2Ev\x00__base_ctor \x00peek\x00lineState\x00ERR_OUT_OF_RANGE\x00tagXcpDaq_ListTransitionType\x00response_len\x00setup\x00Xcp_Send8\x00ClassInterfaceRequest\x00wLength\x00andMask\x00__vector_23\x00_ZN5QueueIjE6isFullEv\x00bDataBits\x00_usbSuspendState\x00<artificial>\x00SineWave\x00functionProtocol\x00ERR_PGM_ACTIVE\x00ERR_CMD_BUSY\x00blockTransferActive\x00index\x00Xcp_Download_Res\x00Xcp_Upload_Res\x00digital_pin_to_timer_PGM\x00timer0_millis\x0013IADDescriptor\x00funtionSubClass\x00USB_Available\x00Xcp_PointerSizeType\x00Xcp_GetCtoOutPtr\x00XcpDaq_CopyMemory\x00Xcp_ServerCommandType\x00SetEP\x00Xcp_ProgramStart_Res\x00__priority\x00prescaler\x00ERR_DAQ_ACTIVE\x00timeunit\x00numOdtEntries\x00iSerialNumber\x00XcpTl_TimeoutReset\x00XcpDaq_AllocOdtEntry\x00address\x00requestType\x00codeSize\x00interimChecksum\x00__empty\x00odtCount\x00delayMicroseconds.part.0\x00m_angle\x00tagXcpDaq_PointerType\x00_timeout\x00XcpTl_TimeoutRunning\x00Xcp_DtoOut\x00XCP_CALL_ALLOC_DAQ\x00tagXcpDaq_MtaType\x00numInterfaces\x00available\x00Xcp_DownloadMax_Res\x00prefill_queue\x00_usbCurrentStatus\x00ERR_CMD_SYNTAX\x00Stall\x00DAQ_LIST_TRANSITION_STOP\x00daqListNumber\x00_ZL19Xcp_GetDaqClock_ResPK14tagXcp_PDUType.part.27\x00stateVar\x00delay\x00Xcp_StartStopDaqList_Res\x00tagXcpPgm_ProcessorStateType\x00listState\x00_Z19XcpDaq_QueueEnqueuejPKh.part.9\x00void_function\x00availableForWrite\x00XcpHw_Init\x00getDescriptor\x00_Z21Xcp_UploadSingleBlockv.part.28\x00Xcp_ChecksumJob\x00m_max\x00XcpDaq_SetPointer\x00firstOdtEntry\x00XcpDaq_Init\x00__initialize_p\x00XcpDaq_Entities\x00m_front\x00odtIdx\x00_vptr.PluggableUSBModule\x00protocol\x00sent\x00LIMIT\x00tagXcp_PDUType\x00pinMode\x00Xcp_CopyMemory\x00interfaceCount\x00counter\x00ERR_PAGE_NOT_VALID\x00timeout_value\x00STRING_MANUFACTURER\x00timer0_overflow_count\x00maxlen\x00_rx_buffer\x00ERR_ACCESS_DENIED\x00Xcp_GetId_Res\x00tagXcpDaq_XcpDaq_DynamicListType\x00m_observers\x00ERR_ACCESS_LOCKED\x00Serial\x00_ZN7Serial_4readEv.part.2\x00operator delete []\x00_GLOBAL__sub_I__cdcInterface\x00XcpDaq_ListIntegerType\x00functionClass\x00WaitForINOrOUT\x00init\x00pluggedInterface\x00Xcp_SetResetBit8\x00isLUFAbootloader\x00register_observer\x00timer\x00XcpDaq_GetListCount\x00Xcp_GetSectorInfo_Res\x00odtEntryIdx\x00iManufacturer\x00XcpDaq_StartSelectedLists\x00Xcp_CalculateChecksum\x00m_positive\x00Xcp_BusyResponse\x00USB_Recv\x00float\x00Xcp_SendDto\x00USB_ClockEnable\x00event\x00odtEntry\x00_ZL16Xcp_AllocOdt_ResPK14tagXcp_PDUType.part.19\x00m_raising_edge\x00read\x00WaitOUT\x00fill_char\x00ctosReceived\x00Xcp_ShortUpload_Res\x00CDC_GetInterface\x00numOdts\x00get_float_value\x00Xcp_SendChecksumPositiveResponse\x00operator new\x00_ZL17Xcp_SetDaqPtr_ResPK14tagXcp_PDUType.part.22\x00XcpDaq_AddEventChannel\x00attach\x00Xcp_AllocDaq_Res\x00XCP_CONNECTED\x00USB_SendStringDescriptor\x00tagXcpDaq_AllocStateType\x00C:\\Users\\Chris\\AppData\\Local\\Programs\\Arduino IDE\x00XcpTl_TimeoutValue\x00listIdx\x00Serial_\x00flag\x00_rx_buffer_tail\x00ERR_CMD_SYNCH\x00commModeBasic\x00XcpTl_Receiver\x00startValue\x00m_amplitude\x00USBDevice_\x00m_skew\x00idVendor\x00m_queue\x00bRequest\x00XcpTl_ResetSM\x00offset\x00getInterface\x00PluggableUSB\x00pluggedEndpoint\x00CDC_Setup\x00GNU GIMPLE 7.3.0 -mn-flash=1 -mmcu=avr5 -mn-flash=1 -mno-skip-bug -mmcu=avr5 -g -Os -Os -fmath-errno -fsigned-zeros -ftrapping-math -fno-trapv -fno-openmp -fno-openacc -fno-exceptions -fuse-linker-plugin -fltrans\x00port\x00XcpDaq_QueueFull\x00TriangleWave\x00sectorNumber\x00XCP_RCV_IDLE\x00tagXcpPgm_ProcessorType\x00__deleting_dtor \x00XcpDaq_QueueInit\x00recvLength\x00alternate\x00XcpDaq_StopSelectedLists\x00Xcp_GetDaqListMode_Res\x00ERR_SEGMENT_NOT_VALID\x00XcpTl_FeedReceiver\x00bool\x0023ACMFunctionalDescriptor\x00XcpDaq_QueueEmpty\x00Xcp_StartStopSynch_Res\x00Xcp_CommandNotImplemented_Res\x00turnOffPWM\x00InitEndpoints\x00XcpDaq_ListForEvent\x00_ZNK8SineWave15get_float_valueEv\x00tagXcpDaq_AllocTransitionType\x00m_count\x00m_wave\x00Xcp_CtoOutBuffer\x00_ZL21Xcp_AllocOdtEntry_ResPK14tagXcp_PDUType.part.18\x00Xcp_PositiveResponse\x00tagXcp_ChecksumJobStateType\x00XCP_CHECKSUM_STATE_RUNNING_INITIAL\x00blockSize\x00ClearIN\x00digital_pin_to_bit_mask_PGM\x00begin\x00XcpDaq_QueueEnqueue\x00checksum\x00bNumConfigurations\x00entry\x008USBSetup\x00XcpDaq_GetFirstPid\x00XcpTl_TimeoutStop\x00Xcp_ModifyBits_Res\x00loop\x00notify\x00deviceProtocol\x00__static_initialization_and_destruction_0\x00size\x00operator new []\x008LineInfo\x00long long unsigned int\x00Xcp_StartChecksumCalculation\x00Observers\x00wIndex\x00ERR_SUCCESS\x00uint16_t\x00_Z41__static_initialization_and_destruction_0ii.part.17\x00Xcp_SetMta\x00XCP_ALLOC_IDLE\x00Xcp_GetDaqListInfo_Res\x00new_helper\x00isFull\x00Xcp_AllocOdtEntry_Res\x00XcpTl_Send\x00_usbLineInfo\x00Xcp_GetDaqClock_Res\x0014XcpDaq_OdtType\x00_ZN7Serial_5writeEPKhj.part.4\x00ClearSetupInt\x00firstInterface\x00XcpDaq_Free\x00Xcp_GetWord\x00Xcp_GetPgmProcessorInfo_Res\x00breakValue\x00flush\x00ERR_DAQ_CONFIG\x00idProduct\x00RxLEDPulse\x00XCP_DAQ_STATE_CONFIG_VALID\x00_Z23XcpDaq_ValidateOdtEntryhhh.part.6\x00XcpTl_MainFunction\x00Recv8\x00tagXcp_ChecksumJobType\x00operator delete\x00_ZN12AbstractWave17register_observerEPS_\x00onOff\x00Xcp_UploadSingleBlock\x00Xcp_Upload\x00m_rear\x00_GLOBAL__sub_I_Xcp_CtoIn\x00XcpDaq_OdtCount\x00XcpHw_Sleep\x00notify_observers\x00_Z28Xcp_StartChecksumCalculationPKhm.part.13\x00wdtcsr_save\x00iInterface\x00shiftValue\x00tagXcpDaq_ODTType\x00Xcp_GetDaqResolutionInfo_Res\x00Xcp_DtoOutBuffer\x00triangle\x00dest\x00XCP_CALL_ALLOC_ODT\x00nameLen\x00crosBusy\x00_ZL16Xcp_AllocDaq_ResPK14tagXcp_PDUType.part.20\x00ERR_MEMORY_OVERFLOW\x00number\x00properties\x00ERR_RESOURCE_TEMPORARY_NOT_ACCESSIBLE\x00_ZL20Xcp_ProgramStart_ResPK14tagXcp_PDUType.part.24\x00XCP_CHECKSUM_STATE_IDLE\x00Stream\x00dtype\x00adddrExt\x00entity\x00daqCount\x00firstPID\x00WaitIN\x00name\x00tagXcp_StateType\x00tmpState\x00Xcp_Connect_Res\x00sin0\x00__result\x00XcpHw_GetTimerCounter\x00attributes\x00isFirstCall\x00_vptr.AbstractWave\x00Xcp_ErrorResponse\x00desc_length\x00mode\x00ERR_MODE_NOT_VALID\x00Xcp_CtoOut\x00TxLEDPulse\x00Xcp_GetDaqProcessorInfo_Res\x00insert_timestamp\x00SendConfiguration\x00ERR_VERIFY\x00delayMicroseconds\x00bParityType\x00XCP_DISCONNECTED\x00port_to_output_PGM\x00Xcp_SetDaqListMode_Res\x00item\x00digital_pin_to_port_PGM\x00peek_buffer\x00XCP_DAQ_STATE_STOPPED\x00XcpPgm_SetProcessorState\x00programming\x00void\x00XcpDaq_AllocTransitionype\x00odtEntriesCount\x00firstPid\x0013CDCDescriptor\x00bmCapabilities\x00Xcp_SetDtoOutLen\x00statistics\x00XCP_DAQ_STATE_CONFIG_INVALID\x00XcpDaq_GetDynamicListCount\x00valid\x00XcpDaq_Queue\x00response\x00main\x00_cend\x00Xcp_BuildChecksum_Res\x00Xcp_State\x00tagXcpDaq_ListStateType\x00Xcp_SendResult\x00USB_RecvControl\x00Xcp_Init\x00XcpDaq_ListState\x00triangle_wave\x00XCP_DAQ_STATE_UNINIT\x00iProduct\x00maxPower\x00_ZL19Xcp_DownloadMax_ResPK14tagXcp_PDUType.part.23\x00deviceClass\x00eventChannelNumber\x00m_level\x00Print\x00overload\x00XCP_CALL_FREE_DAQ\x00_startMillis\x00LockEP\x00uint32_t\x00XCP_PGM_STATE_UNINIT\x00triangle_min\x00XcpDaq_ODTEntryIntegerType\x00InitControl\x00bCharFormat\x00ERR_SEQUENCE\x00functionalDescriptor\x00wdt_enable\x00size_t\x00m_steps\x0016DeviceDescriptor\x00Xcp_ProgramReset_Res\x00XcpDaq_ODTIntegerType\x00lastEp\x00eventChannel\x00elemSize\x00_cmark\x00kind\x0024CDCCSInterfaceDescriptor\x00XcpDaq_GetOdt\x00XCP_CHECKSUM_STATE_RUNNING_REMAINING\x00StartingTime\x00XcpDaq_Events\x00endpointType\x00Xcp_ProgramPrepare_Res\x00XcpDaq_ListCount\x00sine_wave\x00Xcp_SetMta_Res\x00_ZN5Print13setWriteErrorEi\x00state\x00crosSend\x00setWriteError\x00XcpDaq_TransmitDtos\x00magic_key_pos\x00XcpDaq_TriggerEvent\x0018EndpointDescriptor\x00ReceivedSetupInt\x00FifoByteCount\x00ReleaseRX\x00XcpDaq_StartStopLists\x00_Z15XcpDaq_AllocOdthh.part.2\x00XCP_AFTER_ALLOC_ODT_ENTRY\x00Xcp_Disconnect\x00_initEndpoints\x00next\x00busy\x00connected\x00XcpDaq_EntityCount\x00digitalWrite\x00tmp_value\x00startTime\x00Xcp_SlaveBlockTransferSetActive\x00_ZL27Xcp_GetDaqProcessorInfo_ResPK14tagXcp_PDUType.part.26\x00firstOdt\x00dwDTERate\x00tagXcpDaq_ODTEntryType\x00_Z20XcpDaq_AllocOdtEntryhhh.part.3\x00Xcp_DispatchCommand\x00controlManagement\x00XcpDaq_QueueDTOs\x00', rid = 13), image=b'avr-libc 2.0.0\x00uint8_t\x00uint16_t\x00__eeprom\x00WDTCSR\x00PORTD\x00DDRD\x00PIND\x00SPCR\x00SPSR\x00SPDR\x00UDR1\x00UCSR1A\x00UCSR1B\x00UCSR1C\x00UBRR1\x00SPMCSR\x00EEAR\x00EEDR\x00EECR\x00OCR0B\x00OCR0A\x00TCNT0\x00TCCR0B\x00TCCR0A\x00TIMSK0\x00TIFR0\x00GTCCR\x00TCCR3A\x00TCCR3B\x00TCCR3C\x00TCNT3\x00OCR3A\x00OCR3B\x00OCR3C\x00ICR3\x00TIMSK3\x00TIFR3\x00TCCR1A\x00TCCR1B\x00TCCR1C\x00TCNT1\x00OCR1A\x00OCR1B\x00OCR1C\x00ICR1\x00TIMSK1\x00TIFR1\x00OCDR\x00MCUCR\x00MCUSR\x00EICRA\x00EICRB\x00EIMSK\x00EIFR\x00PCMSK0\x00PCIFR\x00PCICR\x00TCCR4A\x00TCCR4B\x00TCCR4C\x00TCCR4D\x00TCCR4E\x00TCNT4\x00TC4H\x00OCR4A\x00OCR4B\x00OCR4C\x00OCR4D\x00TIMSK4\x00TIFR4\x00DT4\x00PORTB\x00DDRB\x00PINB\x00PORTC\x00DDRC\x00PINC\x00PORTE\x00DDRE\x00PINE\x00PORTF\x00DDRF\x00PINF\x00TWAMR\x00TWBR\x00TWCR\x00TWSR\x00TWDR\x00TWAR\x00ADMUX\x00ADCSRA\x00ADC\x00ADCSRB\x00DIDR0\x00DIDR2\x00ADCSRB\x00ACSR\x00DIDR1\x00SREG\x00SP\x00MCUCR\x00MCUSR\x00OSCCAL\x00RCCTRL\x00CLKPR\x00SMCR\x00EIND\x00GPIOR2\x00GPIOR1\x00GPIOR0\x00PRR1\x00PRR0\x00CLKSTA\x00CLKSEL1\x00CLKSEL0\x00PLLCSR\x00PLLFRQ\x00UEINT\x00UEBCHX\x00UEBCLX\x00UEDATX\x00UEIENX\x00UESTA1X\x00UESTA0X\x00UECFG1X\x00UECFG0X\x00UECONX\x00UERST\x00UENUM\x00UEINTX\x00UDMFN\x00UDFNUM\x00UDADDR\x00UDIEN\x00UDINT\x00UDCON\x00USBCON\x00USBINT\x00USBSTA\x00UHWCON\x00rootNode\x00CRC_TAB\x00Xcp_Disconnect_Res\x00Xcp_ChecksumInit\x00odtEntryNumber\x00Xcp_GetCommModeInfo_Res\x00transition\x00odtNumber\x00dto_len\x00XcpDaq_Alloc\x00start\x00offs\x00XCP_AFTER_ALLOC_DAQ\x00XCP_DAQ_STATE_RUNNING\x00usbVersion\x00XCP_PGM_IDLE\x00iSerialNum\x00tagXcpDaq_ProcessorStateType\x00ReleaseTX\x00m_value\x00loop.part.29\x00interfaceNum\x00push\x00SendDescriptor\x00idType\x00__addr16\x00lastIf\x00Xcp_SetCtoOutLen\x00pgmProcessor\x00__vtbl_ptr_type\x00ClearOUT\x00write\x00_ZL28Xcp_GetDaqResolutionInfo_ResPK14tagXcp_PDUType.part.25\x00getShortName\x00ReadWriteAllowed\x0019InterfaceDescriptor\x00_rx_buffer_head\x00tagXcp_ConnectionStateType\x00USB_Send\x00slaveBlockModeState\x00XcpDaq_SetProcessorState\x00XcpUtl_MemSet\x00_ZL17Xcp_WriteDaqEntryhhhm.isra.4\x00desc_addr\x00SquareWave\x00bitOffset\x00Xcp_AllocOdt_Res\x00port_to_mode_PGM\x00USB_Flush\x0016ConfigDescriptor\x00_Z12XcpDaq_Alloch.part.1\x00_Z12PluggableUSBv.part.1\x00string_len\x0022CMFunctionalDescriptor\x00Xcp_FreeDaq_Res\x00Xcp_ServerCommands\x00Xcp_ShortDownload_Res\x00_usbConfiguration\x00XcpDaq_AllocState\x00_GLOBAL__sub_D_Xcp_CtoIn\x00wValueH\x00wValueL\x00interfaces\x00commModeOptional\x00interfaceClass\x00XCP_CALL_ALLOC_ODT_ENTRY\x00_Z19XcpDaq_QueueDequeuePjPh.part.10\x00listConf\x00udint\x00USB_SendSpace\x00XcpDaq_QueueDequeue\x00octet\x00interval\x00_ZL15Xcp_FreeDaq_ResPK14tagXcp_PDUType.part.21\x00PluggableUSB_\x00m_min\x00ERR_CMD_UNKNOWN\x00addrExt\x00string_P\x00triangle_max\x00Xcp_Synch_Res\x00this\x00sq1_wave\x00long int\x00STRING_LANGUAGE\x00XcpDaq_AllocOdt\x00tagXcp_BlockModeStateType\x00XcpUtl_MemCopy\x00timer0_fract\x00Xcp_PduType\x00Xcp_WriteDaq_Res\x00packetSize\x00XcpHw_GetTimerCounterMS\x00deviceVersion\x00tagXcp_StatisticsType\x00Xcp_ChecksumMainFunction\x00XcpTl_TimeoutCheck\x00short unsigned int\x00Xcp_Program_Res\x00square0\x00square1\x00tagXcpTl_ReceiverType\x00_Z9CDC_SetupR8USBSetup.part.5\x00tagXcpTl_ReceiverStateType\x00SendInterfaces\x00data\x00InitEP\x00USB_SendControl\x00tagXcpDaq_EventType\x00tagXcp_ReturnType\x00micros\x00XCP_CHECKSUM_STATE_RUNNING_FINAL\x00Xcp_GetByte\x00Remaining\x00DAQ_LIST_TRANSITION_START\x00clen\x00numEndpoints\x00uint8_t\x00_ZN7Serial_9availableEv.part.1\x00sq0_wave\x00XcpTl_TimeoutInit\x00tagXcpDaq_ListConfigurationType\x00initVariant\x00uint64_t\x00daqPointer\x00XcpDaq_AllocValidateTransition\x00tagXcpDaq_QueueType\x00__base_dtor \x00Xcp_GetNonPagedAddress\x00XcpTl_TimeoutStart\x00STRING_PRODUCT\x00Xcp_GetDaqEventInfo_Res\x00cycle\x00unsigned char\x00bmRequestType\x00XcpDaq_ValidateOdtEntry\x00XcpDaq_ListConfiguration\x00ERR_GENERIC\x00packetSize0\x00callManagement\x00iconfig\x00wValue\x00tagXcpDaq_ProcessorType\x00bDataInterface\x00XcpDaq_GetListConfiguration\x00update\x00XcpUtl_MemCopy.part.7\x00errorCode\x00header\x00step\x00XCP_RCV_UNTIL_LENGTH\x00XCP_RCV_REMAINING\x00deviceSubClass\x00listCount\x00m_symetrical\x00tagXcp_MtaType\x00daqProcessor\x00Xcp_CtoInBuffer\x00Xcp_SendCto\x00timeout_function\x00remaining\x00Xcp_GetStatus_Res\x00Xcp_GetDWord\x00XCP_AFTER_FREE_DAQ\x00Xcp_SetBusy\x00dataOut\x00xorMask\x00_Z11XcpDaq_Freev.part.11\x00Xcp_GetDtoOutPtr\x00ERR_WRITE_PROTECTED\x00attr\x00subtype\x00flags\x00sendZlp\x00USB_DeviceDescriptorIAD\x00oldSREG\x00XcpTl_Init\x00daqList\x00Xcp_MainFunction\x00XcpTl_TimeoutFunction\x00cifin\x00node\x00XcpDaq_AllocTransitionTable\x00XCP_PGM_ACTIVE\x00interfaceSubClass\x00tagXcpDaq_EntityType\x00append\x00resource\x00XCP_AFTER_ALLOC_ODT\x00XcpDaq_GetOdtEntry\x00Xcp_SetDaqPtr_Res\x00_sreg\x00__vector_10\x00__vector_11\x00tagHwStateType\x00m_capacity\x00Xcp_ChecksumType\x00_ZL17Xcp_Download_Copymhm.isra.8\x00_ZN6LockEPD2Ev\x00__base_ctor \x00peek\x00lineState\x00ERR_OUT_OF_RANGE\x00tagXcpDaq_ListTransitionType\x00response_len\x00setup\x00Xcp_Send8\x00ClassInterfaceRequest\x00wLength\x00andMask\x00__vector_23\x00_ZN5QueueIjE6isFullEv\x00bDataBits\x00_usbSuspendState\x00<artificial>\x00SineWave\x00functionProtocol\x00ERR_PGM_ACTIVE\x00ERR_CMD_BUSY\x00blockTransferActive\x00index\x00Xcp_Download_Res\x00Xcp_Upload_Res\x00digital_pin_to_timer_PGM\x00timer0_millis\x0013IADDescriptor\x00funtionSubClass\x00USB_Available\x00Xcp_PointerSizeType\x00Xcp_GetCtoOutPtr\x00XcpDaq_CopyMemory\x00Xcp_ServerCommandType\x00SetEP\x00Xcp_ProgramStart_Res\x00__priority\x00prescaler\x00ERR_DAQ_ACTIVE\x00timeunit\x00numOdtEntries\x00iSerialNumber\x00XcpTl_TimeoutReset\x00XcpDaq_AllocOdtEntry\x00address\x00requestType\x00codeSize\x00interimChecksum\x00__empty\x00odtCount\x00delayMicroseconds.part.0\x00m_angle\x00tagXcpDaq_PointerType\x00_timeout\x00XcpTl_TimeoutRunning\x00Xcp_DtoOut\x00XCP_CALL_ALLOC_DAQ\x00tagXcpDaq_MtaType\x00numInterfaces\x00available\x00Xcp_DownloadMax_Res\x00prefill_queue\x00_usbCurrentStatus\x00ERR_CMD_SYNTAX\x00Stall\x00DAQ_LIST_TRANSITION_STOP\x00daqListNumber\x00_ZL19Xcp_GetDaqClock_ResPK14tagXcp_PDUType.part.27\x00stateVar\x00delay\x00Xcp_StartStopDaqList_Res\x00tagXcpPgm_ProcessorStateType\x00listState\x00_Z19XcpDaq_QueueEnqueuejPKh.part.9\x00void_function\x00availableForWrite\x00XcpHw_Init\x00getDescriptor\x00_Z21Xcp_UploadSingleBlockv.part.28\x00Xcp_ChecksumJob\x00m_max\x00XcpDaq_SetPointer\x00firstOdtEntry\x00XcpDaq_Init\x00__initialize_p\x00XcpDaq_Entities\x00m_front\x00odtIdx\x00_vptr.PluggableUSBModule\x00protocol\x00sent\x00LIMIT\x00tagXcp_PDUType\x00pinMode\x00Xcp_CopyMemory\x00interfaceCount\x00counter\x00ERR_PAGE_NOT_VALID\x00timeout_value\x00STRING_MANUFACTURER\x00timer0_overflow_count\x00maxlen\x00_rx_buffer\x00ERR_ACCESS_DENIED\x00Xcp_GetId_Res\x00tagXcpDaq_XcpDaq_DynamicListType\x00m_observers\x00ERR_ACCESS_LOCKED\x00Serial\x00_ZN7Serial_4readEv.part.2\x00operator delete []\x00_GLOBAL__sub_I__cdcInterface\x00XcpDaq_ListIntegerType\x00functionClass\x00WaitForINOrOUT\x00init\x00pluggedInterface\x00Xcp_SetResetBit8\x00isLUFAbootloader\x00register_observer\x00timer\x00XcpDaq_GetListCount\x00Xcp_GetSectorInfo_Res\x00odtEntryIdx\x00iManufacturer\x00XcpDaq_StartSelectedLists\x00Xcp_CalculateChecksum\x00m_positive\x00Xcp_BusyResponse\x00USB_Recv\x00float\x00Xcp_SendDto\x00USB_ClockEnable\x00event\x00odtEntry\x00_ZL16Xcp_AllocOdt_ResPK14tagXcp_PDUType.part.19\x00m_raising_edge\x00read\x00WaitOUT\x00fill_char\x00ctosReceived\x00Xcp_ShortUpload_Res\x00CDC_GetInterface\x00numOdts\x00get_float_value\x00Xcp_SendChecksumPositiveResponse\x00operator new\x00_ZL17Xcp_SetDaqPtr_ResPK14tagXcp_PDUType.part.22\x00XcpDaq_AddEventChannel\x00attach\x00Xcp_AllocDaq_Res\x00XCP_CONNECTED\x00USB_SendStringDescriptor\x00tagXcpDaq_AllocStateType\x00C:\\Users\\Chris\\AppData\\Local\\Programs\\Arduino IDE\x00XcpTl_TimeoutValue\x00listIdx\x00Serial_\x00flag\x00_rx_buffer_tail\x00ERR_CMD_SYNCH\x00commModeBasic\x00XcpTl_Receiver\x00startValue\x00m_amplitude\x00USBDevice_\x00m_skew\x00idVendor\x00m_queue\x00bRequest\x00XcpTl_ResetSM\x00offset\x00getInterface\x00PluggableUSB\x00pluggedEndpoint\x00CDC_Setup\x00GNU GIMPLE 7.3.0 -mn-flash=1 -mmcu=avr5 -mn-flash=1 -mno-skip-bug -mmcu=avr5 -g -Os -Os -fmath-errno -fsigned-zeros -ftrapping-math -fno-trapv -fno-openmp -fno-openacc -fno-exceptions -fuse-linker-plugin -fltrans\x00port\x00XcpDaq_QueueFull\x00TriangleWave\x00sectorNumber\x00XCP_RCV_IDLE\x00tagXcpPgm_ProcessorType\x00__deleting_dtor \x00XcpDaq_QueueInit\x00recvLength\x00alternate\x00XcpDaq_StopSelectedLists\x00Xcp_GetDaqListMode_Res\x00ERR_SEGMENT_NOT_VALID\x00XcpTl_FeedReceiver\x00bool\x0023ACMFunctionalDescriptor\x00XcpDaq_QueueEmpty\x00Xcp_StartStopSynch_Res\x00Xcp_CommandNotImplemented_Res\x00turnOffPWM\x00InitEndpoints\x00XcpDaq_ListForEvent\x00_ZNK8SineWave15get_float_valueEv\x00tagXcpDaq_AllocTransitionType\x00m_count\x00m_wave\x00Xcp_CtoOutBuffer\x00_ZL21Xcp_AllocOdtEntry_ResPK14tagXcp_PDUType.part.18\x00Xcp_PositiveResponse\x00tagXcp_ChecksumJobStateType\x00XCP_CHECKSUM_STATE_RUNNING_INITIAL\x00blockSize\x00ClearIN\x00digital_pin_to_bit_mask_PGM\x00begin\x00XcpDaq_QueueEnqueue\x00checksum\x00bNumConfigurations\x00entry\x008USBSetup\x00XcpDaq_GetFirstPid\x00XcpTl_TimeoutStop\x00Xcp_ModifyBits_Res\x00loop\x00notify\x00deviceProtocol\x00__static_initialization_and_destruction_0\x00size\x00operator new []\x008LineInfo\x00long long unsigned int\x00Xcp_StartChecksumCalculation\x00Observers\x00wIndex\x00ERR_SUCCESS\x00uint16_t\x00_Z41__static_initialization_and_destruction_0ii.part.17\x00Xcp_SetMta\x00XCP_ALLOC_IDLE\x00Xcp_GetDaqListInfo_Res\x00new_helper\x00isFull\x00Xcp_AllocOdtEntry_Res\x00XcpTl_Send\x00_usbLineInfo\x00Xcp_GetDaqClock_Res\x0014XcpDaq_OdtType\x00_ZN7Serial_5writeEPKhj.part.4\x00ClearSetupInt\x00firstInterface\x00XcpDaq_Free\x00Xcp_GetWord\x00Xcp_GetPgmProcessorInfo_Res\x00breakValue\x00flush\x00ERR_DAQ_CONFIG\x00idProduct\x00RxLEDPulse\x00XCP_DAQ_STATE_CONFIG_VALID\x00_Z23XcpDaq_ValidateOdtEntryhhh.part.6\x00XcpTl_MainFunction\x00Recv8\x00tagXcp_ChecksumJobType\x00operator delete\x00_ZN12AbstractWave17register_observerEPS_\x00onOff\x00Xcp_UploadSingleBlock\x00Xcp_Upload\x00m_rear\x00_GLOBAL__sub_I_Xcp_CtoIn\x00XcpDaq_OdtCount\x00XcpHw_Sleep\x00notify_observers\x00_Z28Xcp_StartChecksumCalculationPKhm.part.13\x00wdtcsr_save\x00iInterface\x00shiftValue\x00tagXcpDaq_ODTType\x00Xcp_GetDaqResolutionInfo_Res\x00Xcp_DtoOutBuffer\x00triangle\x00dest\x00XCP_CALL_ALLOC_ODT\x00nameLen\x00crosBusy\x00_ZL16Xcp_AllocDaq_ResPK14tagXcp_PDUType.part.20\x00ERR_MEMORY_OVERFLOW\x00number\x00properties\x00ERR_RESOURCE_TEMPORARY_NOT_ACCESSIBLE\x00_ZL20Xcp_ProgramStart_ResPK14tagXcp_PDUType.part.24\x00XCP_CHECKSUM_STATE_IDLE\x00Stream\x00dtype\x00adddrExt\x00entity\x00daqCount\x00firstPID\x00WaitIN\x00name\x00tagXcp_StateType\x00tmpState\x00Xcp_Connect_Res\x00sin0\x00__result\x00XcpHw_GetTimerCounter\x00attributes\x00isFirstCall\x00_vptr.AbstractWave\x00Xcp_ErrorResponse\x00desc_length\x00mode\x00ERR_MODE_NOT_VALID\x00Xcp_CtoOut\x00TxLEDPulse\x00Xcp_GetDaqProcessorInfo_Res\x00insert_timestamp\x00SendConfiguration\x00ERR_VERIFY\x00delayMicroseconds\x00bParityType\x00XCP_DISCONNECTED\x00port_to_output_PGM\x00Xcp_SetDaqListMode_Res\x00item\x00digital_pin_to_port_PGM\x00peek_buffer\x00XCP_DAQ_STATE_STOPPED\x00XcpPgm_SetProcessorState\x00programming\x00void\x00XcpDaq_AllocTransitionype\x00odtEntriesCount\x00firstPid\x0013CDCDescriptor\x00bmCapabilities\x00Xcp_SetDtoOutLen\x00statistics\x00XCP_DAQ_STATE_CONFIG_INVALID\x00XcpDaq_GetDynamicListCount\x00valid\x00XcpDaq_Queue\x00response\x00main\x00_cend\x00Xcp_BuildChecksum_Res\x00Xcp_State\x00tagXcpDaq_ListStateType\x00Xcp_SendResult\x00USB_RecvControl\x00Xcp_Init\x00XcpDaq_ListState\x00triangle_wave\x00XCP_DAQ_STATE_UNINIT\x00iProduct\x00maxPower\x00_ZL19Xcp_DownloadMax_ResPK14tagXcp_PDUType.part.23\x00deviceClass\x00eventChannelNumber\x00m_level\x00Print\x00overload\x00XCP_CALL_FREE_DAQ\x00_startMillis\x00LockEP\x00uint32_t\x00XCP_PGM_STATE_UNINIT\x00triangle_min\x00XcpDaq_ODTEntryIntegerType\x00InitControl\x00bCharFormat\x00ERR_SEQUENCE\x00functionalDescriptor\x00wdt_enable\x00size_t\x00m_steps\x0016DeviceDescriptor\x00Xcp_ProgramReset_Res\x00XcpDaq_ODTIntegerType\x00lastEp\x00eventChannel\x00elemSize\x00_cmark\x00kind\x0024CDCCSInterfaceDescriptor\x00XcpDaq_GetOdt\x00XCP_CHECKSUM_STATE_RUNNING_REMAINING\x00StartingTime\x00XcpDaq_Events\x00endpointType\x00Xcp_ProgramPrepare_Res\x00XcpDaq_ListCount\x00sine_wave\x00Xcp_SetMta_Res\x00_ZN5Print13setWriteErrorEi\x00state\x00crosSend\x00setWriteError\x00XcpDaq_TransmitDtos\x00magic_key_pos\x00XcpDaq_TriggerEvent\x0018EndpointDescriptor\x00ReceivedSetupInt\x00FifoByteCount\x00ReleaseRX\x00XcpDaq_StartStopLists\x00_Z15XcpDaq_AllocOdthh.part.2\x00XCP_AFTER_ALLOC_ODT_ENTRY\x00Xcp_Disconnect\x00_initEndpoints\x00next\x00busy\x00connected\x00XcpDaq_EntityCount\x00digitalWrite\x00tmp_value\x00startTime\x00Xcp_SlaveBlockTransferSetActive\x00_ZL27Xcp_GetDaqProcessorInfo_ResPK14tagXcp_PDUType.part.26\x00firstOdt\x00dwDTERate\x00tagXcpDaq_ODTEntryType\x00_Z20XcpDaq_AllocOdtEntryhhh.part.3\x00Xcp_DispatchCommand\x00controlManagement\x00XcpDaq_QueueDTOs\x00'), '.debug_loc': DebugInfo(section=Elf_Section(index = 13, sh_name = 169, sh_type = 1, sh_flags = 0, sh_addr = 0, sh_offset = 85602, sh_size = 22862, sh_link = 0, sh_info = 0, sh_addralign = 1, sh_entsize = 0, section_name = '.debug_loc', section_image = b'\x12\x02\x00\x000\x02\x00\x00\x03\x00b\x93\x01\x00\x00\x00\x00\x00\x00\x00\x00\x10\x02\x00\x00\x1a\x02\x00\x00\x02\x003\x9f\x00\x00\x00\x00\x00\x00\x00\x00\x10\x02\x00\x00\x1a\x02\x00\x00\x06\x00\xf2\x10,\x00\x00\x00\x00\x00\x00\x00\x00\x00\x00\x00\x14\x02\x00\x00\x1a\x02\x00\x00\x02\x003\x9f\x00\x00\x00\x00\x00\x00\x00\x00.\x02\x00\x000\x02\x00\x00\x06\x00\xf2\x10,\x00\x00\x00\x00\x00\x00\x00\x00\x00\x00\x008\x02\x00\x00P\x02\x00\x00\x01\x00bP\x02\x00\x00\x82\x02\x00\x00\x03\x00\x82\x01\x9f\xac\x02\x00\x00\xb0\x02\x00\x00\x03\x00\x82\x01\x9f\xb4\x02\x00\x00\xb8\x02\x00\x00\x03\x00\x82\x01\x9f\xbc\x02\x00\x00\xbe\x02\x00\x00\x03\x00\x82\x01\x9f\xc4\x02\x00\x00\xc6\x02\x00\x00\x03\x00\x82\x01\x9f\xca\x02\x00\x00\xce\x02\x00\x00\x03\x00\x82\x01\x9f\xd6\x02\x00\x00\xda\x02\x00\x00\x03\x00\x82\x01\x9f\xde\x02\x00\x00\xe2\x02\x00\x00\x03\x00\x82\x01\x9f\xe6\x02\x00\x00\xea\x02\x00\x00\x03\x00\x82\x01\x9f\xf2\x02\x00\x00\xf6\x02\x00\x00\x03\x00\x82\x01\x9f\xfa\x02\x00\x00\xfe\x02\x00\x00\x03\x00\x82\x01\x9f\x00\x00\x00\x00\x00\x00\x00\x00>\x02\x00\x00\xa4\x02\x00\x00\x01\x00c\xa4\x02\x00\x00\xa6\x02\x00\x00\x04\x00\x83\x00 \x9f\xac\x02\x00\x00\x08\x03\x00\x00\x01\x00c\x00\x00\x00\x00\x00\x00\x00\x00D\x02\x00\x00\x90\x02\x00\x00\x01\x00i\xac\x02\x00\x00\x06\x03\x00\x00\x01\x00i\x00\x00\x00\x00\x00\x00\x00\x00\x98\x02\x00\x00\xaa\x02\x00\x00\x06\x00j\x93\x01k\x93\x01\x06\x03\x00\x00\n\x03\x00\x00\x06\x00j\x93\x01k\x93\x01\x00\x00\x00\x00\x00\x00\x00\x00\x9a\x02\x00\x00\xaa\x02\x00\x00\x01\x00i\x06\x03\x00\x00\n\x03\x00\x00\x01\x00i\x00\x00\x00\x00\x00\x00\x00\x006\x02\x00\x00<\x02\x00\x00\x06\x00n\x93\x01o\x93\x01\x00\x00\x00\x00\x00\x00\x00\x00<\x02\x00\x00B\x02\x00\x00\x06\x00n\x93\x01o\x93\x01\x00\x00\x00\x00\x00\x00\x00\x00B\x02\x00\x00V\x02\x00\x00\x06\x00n\x93\x01o\x93\x01\x00\x00\x00\x00\x00\x00\x00\x00N\x02\x00\x00P\x02\x00\x00\x01\x00bP\x02\x00\x00\x82\x02\x00\x00\x03\x00\x82\x01\x9f\xac\x02\x00\x00\xb0\x02\x00\x00\x03\x00\x82\x01\x9f\xb4\x02\x00\x00\xb8\x02\x00\x00\x03\x00\x82\x01\x9f\xbc\x02\x00\x00\xbe\x02\x00\x00\x03\x00\x82\x01\x9f\xc4\x02\x00\x00\xc6\x02\x00\x00\x03\x00\x82\x01\x9f\xca\x02\x00\x00\xce\x02\x00\x00\x03\x00\x82\x01\x9f\xd6\x02\x00\x00\xda\x02\x00\x00\x03\x00\x82\x01\x9f\xde\x02\x00\x00\xe2\x02\x00\x00\x03\x00\x82\x01\x9f\xe6\x02\x00\x00\xea\x02\x00\x00\x03\x00\x82\x01\x9f\xf2\x02\x00\x00\xf6\x02\x00\x00\x03\x00\x82\x01\x9f\xfa\x02\x00\x00\xfe\x02\x00\x00\x03\x00\x82\x01\x9f\x00\x00\x00\x00\x00\x00\x00\x00\x94\x02\x00\x00\x98\x02\x00\x00\x06\x00n\x93\x01o\x93\x01\x00\x00\x00\x00\x00\x00\x00\x00\n\x03\x00\x00\x10\x03\x00\x00\x06\x00h\x93\x01i\x93\x01\x10\x03\x00\x00^\x03\x00\x00\x06\x00n\x93\x01o\x93\x01\x00\x00\x00\x00\x00\x00\x00\x00\x16\x03\x00\x00X\x03\x00\x00\x03\x00c\x93\x01\x00\x00\x00\x00\x00\x00\x00\x000\x03\x00\x00B\x03\x00\x00\x03\x00\x88\x7f\x9f\x00\x00\x00\x00\x00\x00\x00\x000\x03\x00\x004\x03\x00\x00\x06\x00n\x93\x01o\x93\x014\x03\x00\x00B\x03\x00\x00\x03\x00\x8e\x01\x9f\x00\x00\x00\x00\x00\x00\x00\x00\x0c\x03\x00\x000\x03\x00\x00\x02\x001\x9f0\x03\x00\x00X\x03\x00\x00\x06\x00h\x93\x01i\x93\x01X\x03\x00\x00^\x03\x00\x00\x02\x001\x9f\x00\x00\x00\x00\x00\x00\x00\x00\x14\x03\x00\x00\x1e\x03\x00\x00\x02\x002\x9f\x00\x00\x00\x00\x00\x00\x00\x00\x14\x03\x00\x00\x1e\x03\x00\x00\x06\x00\xf2\xf5-\x00\x00\x00\x00\x00\x00\x00\x00\x00\x00\x00\x18\x03\x00\x00\x1e\x03\x00\x00\x02\x002\x9f\x00\x00\x00\x00\x00\x00\x00\x00T\x03\x00\x00X\x03\x00\x00\x06\x00\xf2\xf5-\x00\x00\x00\x00\x00\x00\x00\x00\x00\x00\x00\x9a\x03\x00\x00\xb4\x03\x00\x00\x0c\x00h\x93\x01i\x93\x01j\x93\x01k\x93\x01\x00\x00\x00\x00\x00\x00\x00\x00\x88\x03\x00\x00\xb4\x03\x00\x00\x01\x00c\xb4\x03\x00\x00\xd0\x03\x00\x00\x02\x00\x08_\x00\x00\x00\x00\x00\x00\x00\x00\xd0\x03\x00\x00\xd2\x03\x00\x00\x03\x00\x92 \x02\xd2\x03\x00\x00\xd4\x03\x00\x00\x03\x00\x92 \x03\xd4\x03\x00\x00\xd6\x03\x00\x00\x03\x00\x92 \x04\xd6\x03\x00\x00\xd8\x03\x00\x00\x03\x00\x92 \x05\xd8\x03\x00\x00\x00\x04\x00\x00\x03\x00\x92 \x06\x00\x00\x00\x00\x00\x00\x00\x00\xe0\x03\x00\x00\xfe\x03\x00\x00\x0c\x00\\\x93\x01]\x93\x01^\x93\x01_\x93\x01\x00\x00\x00\x00\x00\x00\x00\x00B\x04\x00\x00t\x04\x00\x00\x01\x00ht\x04\x00\x00\x84\x04\x00\x00\x02\x00\x08\xf1\x84\x04\x00\x00\x9a\x04\x00\x00\x04\x00\xf3\x01h\x9f\x9a\x04\x00\x00\x9c\x04\x00\x00\x01\x00h\x9c\x04\x00\x00\x9e\x04\x00\x00\x04\x00\xf3\x01h\x9f\x00\x00\x00\x00\x00\x00\x00\x00h\x04\x00\x00l\x04\x00\x00\x01\x00h\x00\x00\x00\x00\x00\x00\x00\x00\x9e\x04\x00\x00\xa0\x04\x00\x00\x03\x00\x92 \x02\xa0\x04\x00\x00\xa2\x04\x00\x00\x03\x00\x92 \x03\xa2\x04\x00\x00\xa4\x04\x00\x00\x03\x00\x92 \x04\xa4\x04\x00\x00\xa6\x04\x00\x00\x03\x00\x92 \x05\xa6\x04\x00\x00\xa8\x04\x00\x00\x03\x00\x92 \x06\xa8\x04\x00\x00\xaa\x04\x00\x00\x03\x00\x92 \x07\xaa\x04\x00\x00\x04\x05\x00\x00\x03\x00\x92 \x08\x00\x00\x00\x00\x00\x00\x00\x00\x9e\x04\x00\x00\xb4\x04\x00\x00\x06\x00h\x93\x01i\x93\x01\xb4\x04\x00\x00\x04\x05\x00\x00\x04\x00\xf3\x01h\x9f\x00\x00\x00\x00\x00\x00\x00\x00\x9e\x04\x00\x00\xbb\x04\x00\x00\x01\x00f\xbb\x04\x00\x00\xcc\x04\x00\x00\x01\x00^\xcc\x04\x00\x00\x04\x05\x00\x00\x04\x00\xf3\x01f\x9f\x00\x00\x00\x00\x00\x00\x00\x00\x9e\x04\x00\x00\xbb\x04\x00\x00\x01\x00d\xbb\x04\x00\x00\xf6\x04\x00\x00\x01\x00`\xf6\x04\x00\x00\xfc\x04\x00\x00\x04\x00\xf3\x01d\x9f\xfc\x04\x00\x00\x04\x05\x00\x00\x01\x00`\x00\x00\x00\x00\x00\x00\x00\x00\xc2\x04\x00\x00\xf6\x04\x00\x00\x07\x00\x80\x00H$0-\x9f\xf6\x04\x00\x00\xfc\x04\x00\x00\x08\x00\xf3\x01dH$0-\x9f\xfc\x04\x00\x00\x04\x05\x00\x00\x07\x00\x80\x00H$0-\x9f\x00\x00\x00\x00\x00\x00\x00\x00\xc2\x04\x00\x00\xcc\x04\x00\x00\x02\x000\x9f\xcc\x04\x00\x00\xea\x04\x00\x00\x07\x00\x8c\x00\xf3\x01h\x1c\x9f\xea\x04\x00\x00\xee\x04\x00\x00\x08\x00\xf3\x01h \x8c\x00"\x9f\xfc\x04\x00\x00\x04\x05\x00\x00\x07\x00\x8c\x00\xf3\x01h\x1c\x9f\x00\x00\x00\x00\x00\x00\x00\x00\xe0\x04\x00\x00\xe8\x04\x00\x00\x01\x00a\xe8\x04\x00\x00\xee\x04\x00\x00\x01\x00h\x00\x00\x00\x00\x00\x00\x00\x00\xd6\x04\x00\x00\xda\x04\x00\x00\x06\x00l\x93\x01m\x93\x01\x00\x00\x00\x00\x00\x00\x00\x00\x04\x05\x00\x00\x06\x05\x00\x00\x03\x00\x92 \x02\x06\x05\x00\x00\x08\x05\x00\x00\x03\x00\x92 \x03\x08\x05\x00\x00\n\x05\x00\x00\x03\x00\x92 \x04\n\x05\x00\x00\x0c\x05\x00\x00\x03\x00\x92 \x05\x0c\x05\x00\x00\x0e\x05\x00\x00\x03\x00\x92 \x06\x0e\x05\x00\x00\x10\x05\x00\x00\x03\x00\x92 \x07\x10\x05\x00\x00\x12\x05\x00\x00\x03\x00\x92 \x08\x12\x05\x00\x00P\x05\x00\x00\x03\x00\x92 \t\x00\x00\x00\x00\x00\x00\x00\x00\x04\x05\x00\x00\x1e\x05\x00\x00\x01\x00h\x1e\x05\x00\x00J\x05\x00\x00\x01\x00]J\x05\x00\x00L\x05\x00\x00\x04\x00\xf3\x01h\x9fL\x05\x00\x00P\x05\x00\x00\x01\x00]\x00\x00\x00\x00\x00\x00\x00\x00\x04\x05\x00\x00\x1e\x05\x00\x00\x06\x00f\x93\x01g\x93\x01\x1e\x05\x00\x00P\x05\x00\x00\x04\x00\xf3\x01f\x9f\x00\x00\x00\x00\x00\x00\x00\x00\x04\x05\x00\x00\x1e\x05\x00\x00\x06\x00d\x93\x01e\x93\x01\x1e\x05\x00\x002\x05\x00\x00\x0b\x00\x8c\x00 \x80\x00"\xf3\x01f"\x9f2\x05\x00\x00:\x05\x00\x00\n\x00\xf3\x01f\x80\x00"\x8c\x00\x1c\x9fL\x05\x00\x00P\x05\x00\x00\x0b\x00\x8c\x00 \x80\x00"\xf3\x01f"\x9f\x00\x00\x00\x00\x00\x00\x00\x00\x16\x05\x00\x00\x1e\x05\x00\x00\x06\x00d\x93\x01e\x93\x01\x1e\x05\x00\x00:\x05\x00\x00\x06\x00`\x93\x01a\x93\x01:\x05\x00\x00L\x05\x00\x00\x04\x00\xf3\x01d\x9fL\x05\x00\x00P\x05\x00\x00\x06\x00`\x93\x01a\x93\x01\x00\x00\x00\x00\x00\x00\x00\x00\x16\x05\x00\x00\x1e\x05\x00\x00\x06\x00f\x93\x01g\x93\x01\x1e\x05\x00\x00(\x05\x00\x00\x06\x00l\x93\x01m\x93\x01(\x05\x00\x002\x05\x00\x00\x03\x00\x8c\x01\x9f2\x05\x00\x00:\x05\x00\x00\x06\x00l\x93\x01m\x93\x01L\x05\x00\x00P\x05\x00\x00\x03\x00\x8c\x01\x9f\x00\x00\x00\x00\x00\x00\x00\x00\x16\x05\x00\x00\x1e\x05\x00\x00\x07\x00\x88\x00H$0-\x9f\x1e\x05\x00\x00J\x05\x00\x00\x07\x00}\x00H$0-\x9fJ\x05\x00\x00L\x05\x00\x00\x08\x00\xf3\x01hH$0-\x9fL\x05\x00\x00P\x05\x00\x00\x07\x00}\x00H$0-\x9f\x00\x00\x00\x00\x00\x00\x00\x00,\x05\x00\x00/\x05\x00\x00\x01\x00h\x00\x00\x00\x00\x00\x00\x00\x00(\x05\x00\x00,\x05\x00\x00\x06\x00l\x93\x01m\x93\x01\x00\x00\x00\x00\x00\x00\x00\x00P\x05\x00\x00R\x05\x00\x00\x03\x00\x92 \x02R\x05\x00\x00T\x05\x00\x00\x03\x00\x92 \x03T\x05\x00\x00V\x05\x00\x00\x03\x00\x92 \x04V\x05\x00\x00X\x05\x00\x00\x03\x00\x92 \x05X\x05\x00\x00Z\x05\x00\x00\x03\x00\x92 \x06Z\x05\x00\x00^\x05\x00\x00\x03\x00\x92 \x07^\x05\x00\x00\xb2\x05\x00\x00\x02\x00\x8c\x07\x00\x00\x00\x00\x00\x00\x00\x00^\x05\x00\x00p\x05\x00\x00\x03\x00\x8c\x01\x9f\x00\x00\x00\x00\x00\x00\x00\x00t\x05\x00\x00|\x05\x00\x00\x06\x00h\x93\x01i\x93\x01\x00\x00\x00\x00\x00\x00\x00\x00t\x05\x00\x00|\x05\x00\x00\x02\x000\x9f\x00\x00\x00\x00\x00\x00\x00\x00|\x05\x00\x00\xa4\x05\x00\x00\x06\x00`\x93\x01a\x93\x01\x00\x00\x00\x00\x00\x00\x00\x00\x98\x05\x00\x00\xa4\x05\x00\x00\x06\x00h\x93\x01i\x93\x01\x00\x00\x00\x00\x00\x00\x00\x00\xb2\x05\x00\x00\xb2\x05\x00\x00\x06\x00h\x93\x01i\x93\x01\xb2\x05\x00\x00\xb2\x05\x00\x00\x04\x00\xf3\x01h\x9f\xb2\x05\x00\x00\xbc\x05\x00\x00\x06\x00\xf3\x01h#\x01\x9f\xbc\x05\x00\x00\xc0\x05\x00\x00\x03\x00\x8e\x01\x9f\xc0\x05\x00\x00\xc2\x05\x00\x00\x06\x00h\x93\x01i\x93\x01\xc2\x05\x00\x00\xcc\x05\x00\x00\x04\x00\xf3\x01h\x9f\x00\x00\x00\x00\x00\x00\x00\x00\xb2\x05\x00\x00\xb2\x05\x00\x00\x01\x00f\xb2\x05\x00\x00\xb2\x05\x00\x00\x04\x00\xf3\x01f\x9f\xb2\x05\x00\x00\xcc\x05\x00\x00\x01\x00f\x00\x00\x00\x00\x00\x00\x00\x00\xcc\x05\x00\x00\xce\x05\x00\x00\x03\x00\x92 \x02\xce\x05\x00\x00\xd0\x05\x00\x00\x03\x00\x92 \x03\xd0\x05\x00\x00\xd2\x05\x00\x00\x03\x00\x92 \x04\xd2\x05\x00\x00\xd4\x05\x00\x00\x03\x00\x92 \x05\xd4\x05\x00\x00\xd6\x05\x00\x00\x03\x00\x92 \x06\xd6\x05\x00\x00\xd8\x05\x00\x00\x03\x00\x92 \x07\xd8\x05\x00\x00\xda\x05\x00\x00\x03\x00\x92 \x08\xda\x05\x00\x00\xdc\x05\x00\x00\x03\x00\x92 \t\xdc\x05\x00\x00\xde\x05\x00\x00\x03\x00\x92 \n\xde\x05\x00\x00\xe0\x05\x00\x00\x03\x00\x92 \x0b\xe0\x05\x00\x00\xe2\x05\x00\x00\x03\x00\x92 \x0c\xe2\x05\x00\x00\xe4\x05\x00\x00\x03\x00\x92 \r\xe4\x05\x00\x00\xce\x06\x00\x00\x03\x00\x92 \x0e\x00\x00\x00\x00\x00\x00\x00\x00\xcc\x05\x00\x00\xee\x05\x00\x00\x06\x00h\x93\x01i\x93\x01\xee\x05\x00\x00\xc4\x06\x00\x00\x06\x00\\\x93\x01]\x93\x01\xc4\x06\x00\x00\xce\x06\x00\x00\x04\x00\xf3\x01h\x9f\x00\x00\x00\x00\x00\x00\x00\x00\xcc\x05\x00\x00 \x06\x00\x00\x06\x00f\x93\x01g\x93\x01 \x06\x00\x00\xce\x06\x00\x00\x04\x00\xf3\x01f\x9f\x00\x00\x00\x00\x00\x00\x00\x00\xcc\x05\x00\x00 \x06\x00\x00\x06\x00d\x93\x01e\x93\x01 \x06\x00\x00\xb2\x06\x00\x00\x06\x00`\x93\x01a\x93\x01\xb2\x06\x00\x00\xce\x06\x00\x00\x04\x00\xf3\x01d\x9f\x00\x00\x00\x00\x00\x00\x00\x00\xf4\x05\x00\x00 \x06\x00\x00\x06\x00d\x93\x01e\x93\x01 \x06\x00\x00\xa4\x06\x00\x00\x06\x00`\x93\x01a\x93\x01\x00\x00\x00\x00\x00\x00\x00\x00\xf4\x05\x00\x00 \x06\x00\x00\x06\x00f\x93\x01g\x93\x01 \x06\x00\x00\xa4\x06\x00\x00\x04\x00\xf3\x01f\x9f\x00\x00\x00\x00\x00\x00\x00\x00\xf4\x05\x00\x00\xa4\x06\x00\x00\x06\x00\\\x93\x01]\x93\x01\x00\x00\x00\x00\x00\x00\x00\x00\xf4\x05\x00\x00\x9e\x06\x00\x00\x02\x003\x9f\x00\x00\x00\x00\x00\x00\x00\x00\xf4\x05\x00\x00 \x06\x00\x00\x06\x00d\x93\x01e\x93\x01 \x06\x00\x00\x9e\x06\x00\x00\x06\x00l\x93\x01m\x93\x01\x00\x00\x00\x00\x00\x00\x00\x00\xf4\x05\x00\x00 \x06\x00\x00\x06\x00f\x93\x01g\x93\x01 \x06\x00\x00\x9e\x06\x00\x00\x04\x00\xf3\x01f\x9f\x00\x00\x00\x00\x00\x00\x00\x00 \x06\x00\x00d\x06\x00\x00\x06\x00^\x93\x01_\x93\x01d\x06\x00\x00d\x06\x00\x00\x06\x00n\x93\x01o\x93\x01d\x06\x00\x00j\x06\x00\x00\x03\x00\x8e\x01\x9fj\x06\x00\x00t\x06\x00\x00\x06\x00n\x93\x01o\x93\x01t\x06\x00\x00\x9e\x06\x00\x00\x06\x00^\x93\x01_\x93\x01\x00\x00\x00\x00\x00\x00\x00\x00 \x06\x00\x00\x9e\x06\x00\x00\x01\x00Z\x00\x00\x00\x00\x00\x00\x00\x00 \x06\x00\x00|\x06\x00\x00\x01\x00[\x80\x06\x00\x00\x90\x06\x00\x00\x01\x00[\x96\x06\x00\x00\x9e\x06\x00\x00\x01\x00[\x00\x00\x00\x00\x00\x00\x00\x00,\x06\x00\x009\x06\x00\x00\x01\x00h<\x06\x00\x00V\x06\x00\x00\x01\x00hZ\x06\x00\x00|\x06\x00\x00\x01\x00h\x80\x06\x00\x00\x84\x06\x00\x00\x01\x00h\x00\x00\x00\x00\x00\x00\x00\x00H\x06\x00\x00X\x06\x00\x00\x03\x00i\x93\x01Z\x06\x00\x00\x96\x06\x00\x00\x03\x00i\x93\x01\x00\x00\x00\x00\x00\x00\x00\x00F\x06\x00\x00N\x06\x00\x00\x02\x003\x9f\x00\x00\x00\x00\x00\x00\x00\x00F\x06\x00\x00N\x06\x00\x00\x06\x00\xf2\x075\x00\x00\x00\x00\x00\x00\x00\x00\x00\x00\x00J\x06\x00\x00N\x06\x00\x00\x02\x003\x9f\x00\x00\x00\x00\x00\x00\x00\x00V\x06\x00\x00X\x06\x00\x00\x06\x00\xf2\x075\x00\x00\x00\x00\x00\x00\x00\x00\x00\x00\x00j\x06\x00\x00p\x06\x00\x00\x01\x00d\x00\x00\x00\x00\x00\x00\x00\x00\xa4\x06\x00\x00\xb2\x06\x00\x00\x06\x00\\\x93\x01]\x93\x01\x00\x00\x00\x00\x00\x00\x00\x00\xa4\x06\x00\x00\xae\x06\x00\x00\x02\x001\x9f\x00\x00\x00\x00\x00\x00\x00\x00\xce\x06\x00\x00\xd0\x06\x00\x00\x03\x00\x92 \x02\xd0\x06\x00\x00\xd2\x06\x00\x00\x03\x00\x92 \x03\xd2\x06\x00\x00\xd4\x06\x00\x00\x03\x00\x92 \x04\xd4\x06\x00\x00\xd8\x06\x00\x00\x03\x00\x92 \x05\xd8\x06\x00\x00\xfa\x06\x00\x00\x02\x00\x8c\x05\x00\x00\x00\x00\x00\x00\x00\x00\xce\x06\x00\x00\xf1\x06\x00\x00\x06\x00h\x93\x01i\x93\x01\xf1\x06\x00\x00\xfa\x06\x00\x00\x04\x00\xf3\x01h\x9f\x00\x00\x00\x00\x00\x00\x00\x00\xce\x06\x00\x00\xec\x06\x00\x00\x01\x00f\xec\x06\x00\x00\xf1\x06\x00\x00\x02\x00\x8c\x01\x00\x00\x00\x00\x00\x00\x00\x00\xfa\x06\x00\x00\xfc\x06\x00\x00\x06\x00h\x93\x01i\x93\x01\xfc\x06\x00\x00\x10\x07\x00\x00\x04\x00\xf3\x01h\x9f\x00\x00\x00\x00\x00\x00\x00\x00\xfa\x06\x00\x00\x0e\x07\x00\x00\x02\x003\x9f\x00\x00\x00\x00\x00\x00\x00\x00\xfa\x06\x00\x00\x00\x07\x00\x00\x02\x003\x9f\x00\x00\x00\x00\x00\x00\x00\x00\x10\x07\x00\x00\x13\x07\x00\x00\x06\x00h\x93\x01i\x93\x01\x13\x07\x00\x00\x18\x07\x00\x00\x04\x00\xf3\x01h\x9f\x00\x00\x00\x00\x00\x00\x00\x00\x18\x07\x00\x00\x1a\x07\x00\x00\x03\x00\x92 \x02\x1a\x07\x00\x00\x1c\x07\x00\x00\x03\x00\x92 \x03\x1c\x07\x00\x00\x1e\x07\x00\x00\x03\x00\x92 \x04\x1e\x07\x00\x00"\x07\x00\x00\x03\x00\x92 \x05"\x07\x00\x00T\x07\x00\x00\x02\x00\x8c\x05\x00\x00\x00\x00\x00\x00\x00\x00\x18\x07\x00\x00(\x07\x00\x00\x06\x00h\x93\x01i\x93\x01(\x07\x00\x004\x07\x00\x00\x06\x00n\x93\x01o\x93\x014\x07\x00\x00<\x07\x00\x00\x04\x00\xf3\x01h\x9f<\x07\x00\x00C\x07\x00\x00\x06\x00n\x93\x01o\x93\x01C\x07\x00\x00T\x07\x00\x00\x04\x00\xf3\x01h\x9f\x00\x00\x00\x00\x00\x00\x00\x00,\x07\x00\x004\x07\x00\x00\x06\x00h\x93\x01i\x93\x01\x00\x00\x00\x00\x00\x00\x00\x00<\x07\x00\x00R\x07\x00\x00\x02\x002\x9f\x00\x00\x00\x00\x00\x00\x00\x00T\x07\x00\x00V\x07\x00\x00\x03\x00\x92 \x02V\x07\x00\x00X\x07\x00\x00\x03\x00\x92 \x03X\x07\x00\x00Z\x07\x00\x00\x03\x00\x92 \x04Z\x07\x00\x00\\\x07\x00\x00\x03\x00\x92 \x05\\\x07\x00\x00^\x07\x00\x00\x03\x00\x92 \x06^\x07\x00\x00b\x07\x00\x00\x03\x00\x92 \x07b\x07\x00\x00\x9c\x07\x00\x00\x02\x00\x8c\x07\x00\x00\x00\x00\x00\x00\x00\x00T\x07\x00\x00j\x07\x00\x00\x06\x00h\x93\x01i\x93\x01j\x07\x00\x00\x94\x07\x00\x00\x06\x00`\x93\x01a\x93\x01\x94\x07\x00\x00\x96\x07\x00\x00\x06\x00n\x93\x01o\x93\x01\x96\x07\x00\x00\x9c\x07\x00\x00\x06\x00`\x93\x01a\x93\x01\x00\x00\x00\x00\x00\x00\x00\x00n\x07\x00\x00~\x07\x00\x00\x02\x002\x9f\x96\x07\x00\x00\x9c\x07\x00\x00\x02\x002\x9f\x00\x00\x00\x00\x00\x00\x00\x00\x9c\x07\x00\x00\xa2\x07\x00\x00\x06\x00h\x93\x01i\x93\x01\xa2\x07\x00\x00\xd0\x07\x00\x00\x06\x00n\x93\x01o\x93\x01\x00\x00\x00\x00\x00\x00\x00\x00\xa6\x07\x00\x00\xb6\x07\x00\x00\x02\x002\x9f\x00\x00\x00\x00\x00\x00\x00\x00\xa8\x07\x00\x00\xb6\x07\x00\x00\x03\x00i\x93\x01\x00\x00\x00\x00\x00\x00\x00\x00\xa6\x07\x00\x00\xb0\x07\x00\x00\x02\x002\x9f\x00\x00\x00\x00\x00\x00\x00\x00\xa6\x07\x00\x00\xb0\x07\x00\x00\x06\x00\xf2\xcc8\x00\x00\x00\x00\x00\x00\x00\x00\x00\x00\x00\xaa\x07\x00\x00\xb0\x07\x00\x00\x02\x002\x9f\x00\x00\x00\x00\x00\x00\x00\x00\xb4\x07\x00\x00\xb6\x07\x00\x00\x06\x00\xf2\xcc8\x00\x00\x00\x00\x00\x00\x00\x00\x00\x00\x00\xbc\x07\x00\x00\xcc\x07\x00\x00\x02\x002\x9f\x00\x00\x00\x00\x00\x00\x00\x00\xbe\x07\x00\x00\xcc\x07\x00\x00\x03\x00i\x93\x01\x00\x00\x00\x00\x00\x00\x00\x00\xbc\x07\x00\x00\xc6\x07\x00\x00\x02\x002\x9f\x00\x00\x00\x00\x00\x00\x00\x00\xbc\x07\x00\x00\xc6\x07\x00\x00\x06\x00\xf2e9\x00\x00\x00\x00\x00\x00\x00\x00\x00\x00\x00\xc0\x07\x00\x00\xc6\x07\x00\x00\x02\x002\x9f\x00\x00\x00\x00\x00\x00\x00\x00\xca\x07\x00\x00\xcc\x07\x00\x00\x06\x00\xf2e9\x00\x00\x00\x00\x00\x00\x00\x00\x00\x00\x00\xd0\x07\x00\x00\xd2\x07\x00\x00\x03\x00\x92 \x02\xd2\x07\x00\x00\xd4\x07\x00\x00\x03\x00\x92 \x03\xd4\x07\x00\x00\xd6\x07\x00\x00\x03\x00\x92 \x04\xd6\x07\x00\x00\xd8\x07\x00\x00\x03\x00\x92 \x05\xd8\x07\x00\x00R\x08\x00\x00\x03\x00\x92 \x06\x00\x00\x00\x00\x00\x00\x00\x00\xd0\x07\x00\x00\xde\x07\x00\x00\x06\x00h\x93\x01i\x93\x01\xde\x07\x00\x00L\x08\x00\x00\x06\x00l\x93\x01m\x93\x01L\x08\x00\x00R\x08\x00\x00\x04\x00\xf3\x01h\x9f\x00\x00\x00\x00\x00\x00\x00\x00\xfe\x07\x00\x002\x08\x00\x00\x06\x00`\x93\x01a\x93\x01H\x08\x00\x00P\x08\x00\x00\x06\x00`\x93\x01a\x93\x01\x00\x00\x00\x00\x00\x00\x00\x00V\x08\x00\x00\x9a\x08\x00\x00\x01\x00h\x9a\x08\x00\x00\xa0\x08\x00\x00\x04\x00\xf3\x01h\x9f\xa0\x08\x00\x00\xa4\x08\x00\x00\x01\x00h\xa4\x08\x00\x00\xa6\x08\x00\x00\x04\x00\xf3\x01h\x9f\x00\x00\x00\x00\x00\x00\x00\x00V\x08\x00\x00z\x08\x00\x00\x02\x000\x9fz\x08\x00\x00\x9a\x08\x00\x00\x01\x00c\xa0\x08\x00\x00\xa6\x08\x00\x00\x02\x000\x9f\x00\x00\x00\x00\x00\x00\x00\x00V\x08\x00\x00z\x08\x00\x00\x02\x000\x9f\xa0\x08\x00\x00\xa6\x08\x00\x00\x02\x000\x9f\x00\x00\x00\x00\x00\x00\x00\x00V\x08\x00\x00\x9a\x08\x00\x00\x02\x001\x9f\x9a\x08\x00\x00\xa0\x08\x00\x00\x01\x00h\xa0\x08\x00\x00\xa6\x08\x00\x00\x02\x001\x9f\x00\x00\x00\x00\x00\x00\x00\x00V\x08\x00\x00z\x08\x00\x00\x02\x000\x9fz\x08\x00\x00\xa0\x08\x00\x00\x01\x00i\xa0\x08\x00\x00\xa6\x08\x00\x00\x02\x000\x9f\x00\x00\x00\x00\x00\x00\x00\x00~\x08\x00\x00\x80\x08\x00\x00\x01\x00c\x00\x00\x00\x00\x00\x00\x00\x00~\x08\x00\x00\x84\x08\x00\x00\x0e\x00\x83\x00\x08\xff\x1a9\x1e\x03\xa0\x06\x80\x00"\x9f\x84\x08\x00\x00\x8c\x08\x00\x00\x0e\x00\x83\x7f\x08\xff\x1a9\x1e\x03\xa0\x06\x80\x00"\x9f\x00\x00\x00\x00\x00\x00\x00\x00\xa6\x08\x00\x00\xc0\x08\x00\x00\x02\x001\x9f\x00\x00\x00\x00\x00\x00\x00\x00\xa6\x08\x00\x00\xb0\x08\x00\x00\x02\x000\x9f\xb0\x08\x00\x00\xc0\x08\x00\x00\x01\x00i\x00\x00\x00\x00\x00\x00\x00\x00\xa6\x08\x00\x00\xb0\x08\x00\x00\x02\x000\x9f\x00\x00\x00\x00\x00\x00\x00\x00\xc2\x08\x00\x00\x1c\t\x00\x00\x03\x00\x08\xff\x9f\x1c\t\x00\x00\x1e\t\x00\x00\x03\x00\x08)\x9f\x00\x00\x00\x00\x00\x00\x00\x00\xce\x08\x00\x00\xd2\x08\x00\x00\x02\x002\x9f\xd2\x08\x00\x00\xd6\x08\x00\x00\x02\x001\x9f\xd6\x08\x00\x00\xda\x08\x00\x00\x02\x000\x9f\x00\x00\x00\x00\x00\x00\x00\x00\xce\x08\x00\x00\xda\x08\x00\x00\x02\x000\x9f\x00\x00\x00\x00\x00\x00\x00\x00\xfc\x08\x00\x00\x02\t\x00\x00\x06\x00n\x93\x01o\x93\x01\x02\t\x00\x00\x04\t\x00\x00\x03\x00\x8e\x01\x9f\x04\t\x00\x00\x06\t\x00\x00\x06\x00n\x93\x01o\x93\x01\x00\x00\x00\x00\x00\x00\x00\x00\x1e\t\x00\x00.\t\x00\x00\x06\x00h\x93\x01i\x93\x01.\t\x00\x000\t\x00\x00\x06\x00j\x93\x01k\x93\x01\x00\x00\x00\x00\x00\x00\x00\x000\t\x00\x002\t\x00\x00\x03\x00\x92 \x022\t\x00\x004\t\x00\x00\x03\x00\x92 \x034\t\x00\x006\t\x00\x00\x03\x00\x92 \x046\t\x00\x008\t\x00\x00\x03\x00\x92 \x058\t\x00\x00d\t\x00\x00\x03\x00\x92 \x06\x00\x00\x00\x00\x00\x00\x00\x000\t\x00\x00?\t\x00\x00\x06\x00h\x93\x01i\x93\x01?\t\x00\x00b\t\x00\x00\x06\x00`\x93\x01a\x93\x01b\t\x00\x00d\t\x00\x00\x04\x00\xf3\x01h\x9f\x00\x00\x00\x00\x00\x00\x00\x00:\t\x00\x00J\t\x00\x00\x02\x000\x9fJ\t\x00\x00d\t\x00\x00\x06\x00h\x93\x01i\x93\x01\x00\x00\x00\x00\x00\x00\x00\x00:\t\x00\x00B\t\x00\x00\x02\x000\x9fB\t\x00\x00F\t\x00\x00\x06\x00h\x93\x01i\x93\x01F\t\x00\x00^\t\x00\x00\x06\x00l\x93\x01m\x93\x01\x00\x00\x00\x00\x00\x00\x00\x00d\t\x00\x00f\t\x00\x00\x03\x00\x92 \x02f\t\x00\x00h\t\x00\x00\x03\x00\x92 \x03h\t\x00\x00\xc4\t\x00\x00\x03\x00\x92 \x04\x00\x00\x00\x00\x00\x00\x00\x00p\t\x00\x00\xb6\t\x00\x00\x06\x00d\x93\x01e\x93\x01\xb6\t\x00\x00\xc3\t\x00\x00\x05\x00\x03\x02\x01\x80\x00\x00\x00\x00\x00\x00\x00\x00\x00\xb2\t\x00\x00\xb6\t\x00\x00\x03\x00\x84\x04\x9f\xb6\t\x00\x00\xc3\t\x00\x00\x06\x00d\x93\x01e\x93\x01\x00\x00\x00\x00\x00\x00\x00\x00\xb2\t\x00\x00\xc3\t\x00\x00\x06\x00j\x93\x01k\x93\x01\x00\x00\x00\x00\x00\x00\x00\x00\xc4\t\x00\x00\xdc\t\x00\x00\x01\x00h\xdc\t\x00\x00\xe1\t\x00\x00\x02\x00\x8e\x05\xe1\t\x00\x00\xe2\t\x00\x00\x04\x00\xf3\x01h\x9f\x00\x00\x00\x00\x00\x00\x00\x00\xc4\t\x00\x00\xdc\t\x00\x00\x01\x00h\xdc\t\x00\x00\xe1\t\x00\x00\x02\x00\x8e\x05\xe1\t\x00\x00\xe2\t\x00\x00\x04\x00\xf3\x01h\x9f\x00\x00\x00\x00\x00\x00\x00\x00\xd0\t\x00\x00\xd8\t\x00\x00\x02\x002\x9f\x00\x00\x00\x00\x00\x00\x00\x00\xe2\t\x00\x00\xe4\t\x00\x00\x03\x00\x92 \x02\xe4\t\x00\x002\n\x00\x00\x03\x00\x92 \x03\x00\x00\x00\x00\x00\x00\x00\x00\xe2\t\x00\x00\xe9\t\x00\x00\x06\x00h\x93\x01i\x93\x01\xe9\t\x00\x002\n\x00\x00\x04\x00\xf3\x01h\x9f\x00\x00\x00\x00\x00\x00\x00\x00\xec\t\x00\x00\xfc\t\x00\x00\x01\x00h\xfc\t\x00\x00\xfe\t\x00\x00\x01\x00l\x02\n\x00\x00\x0c\n\x00\x00\x01\x00h\x0c\n\x00\x002\n\x00\x00\x01\x00l\x00\x00\x00\x00\x00\x00\x00\x00\xec\t\x00\x00\xfc\t\x00\x00\x02\x000\x9f\x02\n\x00\x00.\n\x00\x00\x02\x000\x9f\x00\x00\x00\x00\x00\x00\x00\x00\xec\t\x00\x00\xfc\t\x00\x00\x02\x000\x9f\x02\n\x00\x00.\n\x00\x00\x02\x000\x9f.\n\x00\x002\n\x00\x00\x02\x007\x9f\x00\x00\x00\x00\x00\x00\x00\x00\xfa\t\x00\x00\xfc\t\x00\x00\x02\x00B\x9f\x00\x00\x00\x00\x00\x00\x00\x00\x10\n\x00\x00.\n\x00\x00\x01\x00l\x00\x00\x00\x00\x00\x00\x00\x002\n\x00\x004\n\x00\x00\x06\x00h\x93\x01i\x93\x014\n\x00\x008\n\x00\x00\x04\x00\xf3\x01h\x9f\x00\x00\x00\x00\x00\x00\x00\x008\n\x00\x00:\n\x00\x00\x06\x00h\x93\x01i\x93\x01:\n\x00\x00>\n\x00\x00\x04\x00\xf3\x01h\x9f\x00\x00\x00\x00\x00\x00\x00\x00F\n\x00\x00N\n\x00\x00\x02\x001\x9f\x00\x00\x00\x00\x00\x00\x00\x00X\n\x00\x00a\n\x00\x00\x06\x00h\x93\x01i\x93\x01a\n\x00\x00b\n\x00\x00\x04\x00\xf3\x01h\x9fb\n\x00\x00e\n\x00\x00\x06\x00h\x93\x01i\x93\x01e\n\x00\x00f\n\x00\x00\x04\x00\xf3\x01h\x9f\x00\x00\x00\x00\x00\x00\x00\x00f\n\x00\x00h\n\x00\x00\x03\x00\x92 \x02h\n\x00\x00j\n\x00\x00\x03\x00\x92 \x03j\n\x00\x00l\n\x00\x00\x03\x00\x92 \x04l\n\x00\x006\x0b\x00\x00\x03\x00\x92 \x05\x00\x00\x00\x00\x00\x00\x00\x00f\n\x00\x00|\n\x00\x00\x06\x00h\x93\x01i\x93\x01|\n\x00\x00\x86\n\x00\x00\x04\x00\xf3\x01h\x9f\x86\n\x00\x00\x8d\n\x00\x00\x06\x00h\x93\x01i\x93\x01\x8d\n\x00\x00\xb8\n\x00\x00\x06\x00l\x93\x01m\x93\x01\xb8\n\x00\x00*\x0b\x00\x00\x04\x00\xf3\x01h\x9f*\x0b\x00\x000\x0b\x00\x00\x06\x00l\x93\x01m\x93\x010\x0b\x00\x006\x0b\x00\x00\x04\x00\xf3\x01h\x9f\x00\x00\x00\x00\x00\x00\x00\x00z\n\x00\x00\x86\n\x00\x00\x02\x00B\x9f\x00\x00\x00\x00\x00\x00\x00\x00\x88\n\x00\x00\xb8\n\x00\x00\x06\x00l\x93\x01m\x93\x01\xb8\n\x00\x00*\x0b\x00\x00\x04\x00\xf3\x01h\x9f*\x0b\x00\x000\x0b\x00\x00\x06\x00l\x93\x01m\x93\x010\x0b\x00\x006\x0b\x00\x00\x04\x00\xf3\x01h\x9f\x00\x00\x00\x00\x00\x00\x00\x00\x8e\n\x00\x00\x04\x0b\x00\x00\x01\x00h*\x0b\x00\x00.\x0b\x00\x00\x01\x00h0\x0b\x00\x004\x0b\x00\x00\x01\x00h\x00\x00\x00\x00\x00\x00\x00\x00\x8e\n\x00\x00\xb8\n\x00\x00\x06\x00\x8c\x02\x94\x02#\x05\xb8\n\x00\x00\xc4\n\x00\x00\x02\x00\x8e\x05\xc4\n\x00\x00\xd0\n\x00\x00\t\x00\xf3\x01h#\x02\x94\x02#\x05*\x0b\x00\x000\x0b\x00\x00\x06\x00\x8c\x02\x94\x02#\x050\x0b\x00\x006\x0b\x00\x00\x02\x00\x8e\x05\x00\x00\x00\x00\x00\x00\x00\x00\x8e\n\x00\x00\xb8\n\x00\x00\x06\x00\x8c\x02\x94\x02#\x04\xb8\n\x00\x00\xc4\n\x00\x00\x02\x00\x8e\x04\xc4\n\x00\x00\xd0\n\x00\x00\t\x00\xf3\x01h#\x02\x94\x02#\x04*\x0b\x00\x000\x0b\x00\x00\x06\x00\x8c\x02\x94\x02#\x040\x0b\x00\x006\x0b\x00\x00\x02\x00\x8e\x04\x00\x00\x00\x00\x00\x00\x00\x00\x8e\n\x00\x00 \x0b\x00\x00\x03\x00\x08\xff\x9f*\x0b\x00\x006\x0b\x00\x00\x03\x00\x08\xff\x9f\x00\x00\x00\x00\x00\x00\x00\x00\x8e\n\x00\x00\xae\n\x00\x00\x02\x003\x9f*\x0b\x00\x000\x0b\x00\x00\x02\x003\x9f\x00\x00\x00\x00\x00\x00\x00\x00\xae\n\x00\x00\xb8\n\x00\x00\x06\x00\x8c\x02\x94\x02#\x05\xb8\n\x00\x00\xc4\n\x00\x00\x02\x00\x8e\x05\xc4\n\x00\x00\xd0\n\x00\x00\t\x00\xf3\x01h#\x02\x94\x02#\x050\x0b\x00\x006\x0b\x00\x00\x02\x00\x8e\x05\x00\x00\x00\x00\x00\x00\x00\x00\xae\n\x00\x00\xb8\n\x00\x00\x06\x00\x8c\x02\x94\x02#\x04\xb8\n\x00\x00\xc4\n\x00\x00\x02\x00\x8e\x04\xc4\n\x00\x00\xd0\n\x00\x00\t\x00\xf3\x01h#\x02\x94\x02#\x040\x0b\x00\x006\x0b\x00\x00\x02\x00\x8e\x04\x00\x00\x00\x00\x00\x00\x00\x00\xae\n\x00\x00\x04\x0b\x00\x00\x01\x00h0\x0b\x00\x004\x0b\x00\x00\x01\x00h\x00\x00\x00\x00\x00\x00\x00\x00\xd0\n\x00\x00\xd6\n\x00\x00\x01\x00c\xd6\n\x00\x00\xe0\n\x00\x00\x01\x00i\xe0\n\x00\x00\xf2\n\x00\x00\x01\x00f\xf2\n\x00\x00\xf4\n\x00\x00\x01\x00i\xf4\n\x00\x00 \x0b\x00\x00\x01\x00f\x00\x00\x00\x00\x00\x00\x00\x006\x0b\x00\x008\x0b\x00\x00\x03\x00\x92 \x028\x0b\x00\x00:\x0b\x00\x00\x03\x00\x92 \x03:\x0b\x00\x00\xfc\x0b\x00\x00\x03\x00\x92 \x04\x00\x00\x00\x00\x00\x00\x00\x006\x0b\x00\x00J\x0b\x00\x00\x06\x00h\x93\x01i\x93\x01J\x0b\x00\x00R\x0b\x00\x00\x04\x00\xf3\x01h\x9fR\x0b\x00\x00Y\x0b\x00\x00\x06\x00h\x93\x01i\x93\x01Y\x0b\x00\x00\xa0\x0b\x00\x00\x06\x00l\x93\x01m\x93\x01\xa0\x0b\x00\x00\xf0\x0b\x00\x00\x04\x00\xf3\x01h\x9f\xf0\x0b\x00\x00\xfc\x0b\x00\x00\x06\x00l\x93\x01m\x93\x01\x00\x00\x00\x00\x00\x00\x00\x00H\x0b\x00\x00R\x0b\x00\x00\x02\x00B\x9f\x00\x00\x00\x00\x00\x00\x00\x00T\x0b\x00\x00\xa0\x0b\x00\x00\x06\x00l\x93\x01m\x93\x01\xa0\x0b\x00\x00\xf0\x0b\x00\x00\x04\x00\xf3\x01h\x9f\xf0\x0b\x00\x00\xfc\x0b\x00\x00\x06\x00l\x93\x01m\x93\x01\x00\x00\x00\x00\x00\x00\x00\x00Z\x0b\x00\x00\xcc\x0b\x00\x00\x01\x00h\xf0\x0b\x00\x00\xf4\x0b\x00\x00\x01\x00h\xf6\x0b\x00\x00\xfa\x0b\x00\x00\x01\x00h\x00\x00\x00\x00\x00\x00\x00\x00Z\x0b\x00\x00\x9a\x0b\x00\x00\x06\x00\x8c\x02\x94\x02#\x04\xf0\x0b\x00\x00\xf6\x0b\x00\x00\x06\x00\x8c\x02\x94\x02#\x04\xf6\x0b\x00\x00\xfc\x0b\x00\x00\x02\x00\x8e\x04\x00\x00\x00\x00\x00\x00\x00\x00Z\x0b\x00\x00\xe8\x0b\x00\x00\x03\x00\x08\xff\x9f\xf0\x0b\x00\x00\xfc\x0b\x00\x00\x03\x00\x08\xff\x9f\x00\x00\x00\x00\x00\x00\x00\x00Z\x0b\x00\x00z\x0b\x00\x00\x02\x002\x9f\xf0\x0b\x00\x00\xf6\x0b\x00\x00\x02\x002\x9f\x00\x00\x00\x00\x00\x00\x00\x00z\x0b\x00\x00\x9a\x0b\x00\x00\x06\x00\x8c\x02\x94\x02#\x04\xf6\x0b\x00\x00\xfc\x0b\x00\x00\x02\x00\x8e\x04\x00\x00\x00\x00\x00\x00\x00\x00z\x0b\x00\x00\xcc\x0b\x00\x00\x01\x00h\xf6\x0b\x00\x00\xfa\x0b\x00\x00\x01\x00h\x00\x00\x00\x00\x00\x00\x00\x00\x9a\x0b\x00\x00\xa0\x0b\x00\x00\x01\x00b\xa0\x0b\x00\x00\xc0\x0b\x00\x00\x01\x00c\xc0\x0b\x00\x00\xe8\x0b\x00\x00\x01\x00f\x00\x00\x00\x00\x00\x00\x00\x00\xfc\x0b\x00\x00\x0c\x0c\x00\x00\x06\x00h\x93\x01i\x93\x01\x0c\x0c\x00\x00\x10\x0c\x00\x00\x04\x00\xf3\x01h\x9f\x10\x0c\x00\x00\x15\x0c\x00\x00\x06\x00h\x93\x01i\x93\x01\x15\x0c\x00\x00\x9a\x0c\x00\x00\x04\x00\xf3\x01h\x9f\x00\x00\x00\x00\x00\x00\x00\x00\n\x0c\x00\x00\x10\x0c\x00\x00\x02\x00B\x9f\x00\x00\x00\x00\x00\x00\x00\x00\x10\x0c\x00\x00\x15\x0c\x00\x00\x06\x00h\x93\x01i\x93\x01\x15\x0c\x00\x00\x9a\x0c\x00\x00\x04\x00\xf3\x01h\x9f\x00\x00\x00\x00\x00\x00\x00\x00\x16\x0c\x00\x00\x8a\x0c\x00\x00\x01\x00h\x8e\x0c\x00\x00\x92\x0c\x00\x00\x01\x00h\x94\x0c\x00\x00\x98\x0c\x00\x00\x01\x00h\x00\x00\x00\x00\x00\x00\x00\x00\x16\x0c\x00\x00\x8a\x0c\x00\x00\x03\x00\x08\xff\x9f\x8e\x0c\x00\x00\x9a\x0c\x00\x00\x03\x00\x08\xff\x9f\x00\x00\x00\x00\x00\x00\x00\x00\x16\x0c\x00\x000\x0c\x00\x00\x02\x001\x9f\x8e\x0c\x00\x00\x94\x0c\x00\x00\x02\x001\x9f\x00\x00\x00\x00\x00\x00\x00\x000\x0c\x00\x00\x8a\x0c\x00\x00\x01\x00h\x94\x0c\x00\x00\x98\x0c\x00\x00\x01\x00h\x00\x00\x00\x00\x00\x00\x00\x00P\x0c\x00\x00V\x0c\x00\x00\x01\x00iV\x0c\x00\x00z\x0c\x00\x00\x01\x00bz\x0c\x00\x00\x8a\x0c\x00\x00\x01\x00d\x00\x00\x00\x00\x00\x00\x00\x00\x9a\x0c\x00\x00\xa2\x0c\x00\x00\x06\x00h\x93\x01i\x93\x01\xa2\x0c\x00\x00\xb4\x0c\x00\x00\x04\x00\xf3\x01h\x9f\x00\x00\x00\x00\x00\x00\x00\x00\xa6\x0c\x00\x00\xac\x0c\x00\x00\x02\x00B\x9f\x00\x00\x00\x00\x00\x00\x00\x00\xb4\x0c\x00\x00\xbc\x0c\x00\x00\x06\x00h\x93\x01i\x93\x01\xbc\x0c\x00\x00\xca\x0c\x00\x00\x04\x00\xf3\x01h\x9f\x00\x00\x00\x00\x00\x00\x00\x00\xc0\x0c\x00\x00\xc6\x0c\x00\x00\x03\x00\x08)\x9f\x00\x00\x00\x00\x00\x00\x00\x00\xce\x0c\x00\x00\xd6\x0c\x00\x00\x06\x00h\x93\x01i\x93\x01\xd6\x0c\x00\x00\xf0\x0c\x00\x00\x04\x00\xf3\x01h\x9f\x00\x00\x00\x00\x00\x00\x00\x00\xda\x0c\x00\x00\xe0\x0c\x00\x00\x03\x00\x08)\x9f\x00\x00\x00\x00\x00\x00\x00\x00\xe0\x0c\x00\x00\xec\x0c\x00\x00\x02\x001\x9f\x00\x00\x00\x00\x00\x00\x00\x00\xf0\x0c\x00\x00\x00\r\x00\x00\x06\x00h\x93\x01i\x93\x01\x00\r\x00\x00\x04\r\x00\x00\x04\x00\xf3\x01h\x9f\x04\r\x00\x00\x1e\r\x00\x00\x06\x00h\x93\x01i\x93\x01\x1e\r\x00\x009\r\x00\x00\x06\x00j\x93\x01k\x93\x019\r\x00\x00:\r\x00\x00\x04\x00\xf3\x01h\x9f\x00\x00\x00\x00\x00\x00\x00\x00\xf0\x0c\x00\x00\x04\r\x00\x00\x08\x000\x9f\x93\x010\x9f\x93\x04\x04\r\x00\x00\x1e\r\x00\x00\x11\x000\x9f\x93\x01\x88\x02\x94\x02@$@&#\x02\x9f\x93\x04\x1e\r\x00\x009\r\x00\x00\x11\x000\x9f\x93\x01\x8a\x02\x94\x02@$@&#\x02\x9f\x93\x049\r\x00\x00:\r\x00\x00\x06\x000\x9f\x93\x01\x93\x04\x00\x00\x00\x00\x00\x00\x00\x00\xfe\x0c\x00\x00\x04\r\x00\x00\x03\x00\x08)\x9f\x00\x00\x00\x00\x00\x00\x00\x00:\r\x00\x00B\r\x00\x00\x06\x00h\x93\x01i\x93\x01B\r\x00\x00P\r\x00\x00\x04\x00\xf3\x01h\x9f\x00\x00\x00\x00\x00\x00\x00\x00F\r\x00\x00L\r\x00\x00\x02\x00B\x9f\x00\x00\x00\x00\x00\x00\x00\x00T\r\x00\x00^\r\x00\x00\x06\x00h\x93\x01i\x93\x01^\r\x00\x00q\r\x00\x00\x06\x00j\x93\x01k\x93\x01q\r\x00\x00r\r\x00\x00\x04\x00\xf3\x01h\x9fr\r\x00\x00\x98\r\x00\x00\x06\x00j\x93\x01k\x93\x01\x98\r\x00\x00\xa4\r\x00\x00\x04\x00\xf3\x01h\x9f\xa4\r\x00\x00\xab\r\x00\x00\x06\x00j\x93\x01k\x93\x01\xab\r\x00\x00\xb2\r\x00\x00\x04\x00\xf3\x01h\x9f\xb2\r\x00\x00\xb9\r\x00\x00\x06\x00j\x93\x01k\x93\x01\xb9\r\x00\x00\xbc\r\x00\x00\x04\x00\xf3\x01h\x9f\xbc\r\x00\x00\xc0\r\x00\x00\x06\x00j\x93\x01k\x93\x01\x00\x00\x00\x00\x00\x00\x00\x00T\r\x00\x00^\r\x00\x00\x02\x001\x9f\x00\x00\x00\x00\x00\x00\x00\x00T\r\x00\x00^\r\x00\x00\x06\x00h\x93\x01i\x93\x01\x00\x00\x00\x00\x00\x00\x00\x00l\r\x00\x00n\r\x00\x00\x02\x00B\x9f\x00\x00\x00\x00\x00\x00\x00\x00\x80\r\x00\x00\x94\r\x00\x00\x01\x00i\x00\x00\x00\x00\x00\x00\x00\x00\x94\r\x00\x00\x98\r\x00\x00\x02\x004\x9f\x00\x00\x00\x00\x00\x00\x00\x00\xac\r\x00\x00\xb2\r\x00\x00\x02\x003\x9f\x00\x00\x00\x00\x00\x00\x00\x00\xc0\r\x00\x00\xc2\r\x00\x00\x03\x00\x92 \x02\xc2\r\x00\x00\xc4\r\x00\x00\x03\x00\x92 \x03\xc4\r\x00\x00\xc6\r\x00\x00\x03\x00\x92 \x04\xc6\r\x00\x00f\x0e\x00\x00\x03\x00\x92 \x05\x00\x00\x00\x00\x00\x00\x00\x00\xc0\r\x00\x00\xcd\r\x00\x00\x06\x00h\x93\x01i\x93\x01\xcd\r\x00\x00\xec\r\x00\x00\x06\x00l\x93\x01m\x93\x01\xec\r\x00\x00\xf2\r\x00\x00\x04\x00\xf3\x01h\x9f\xf2\r\x00\x00P\x0e\x00\x00\x06\x00l\x93\x01m\x93\x01P\x0e\x00\x00V\x0e\x00\x00\x04\x00\xf3\x01h\x9fV\x0e\x00\x00f\x0e\x00\x00\x06\x00l\x93\x01m\x93\x01\x00\x00\x00\x00\x00\x00\x00\x00\xc8\r\x00\x00$\x0e\x00\x00\x02\x000\x9f\x00\x00\x00\x00\x00\x00\x00\x00\xd0\r\x00\x00\xee\r\x00\x00\x01\x00a\xf2\r\x00\x00R\x0e\x00\x00\x01\x00aR\x0e\x00\x00U\x0e\x00\x00\x02\x00\x8e\x00V\x0e\x00\x00f\x0e\x00\x00\x01\x00a\x00\x00\x00\x00\x00\x00\x00\x00\xda\r\x00\x00\xe2\r\x00\x00\x06\x00h\x93\x01i\x93\x01\xe2\r\x00\x00\xf1\r\x00\x00\x06\x00n\x93\x01o\x93\x01\xf2\r\x00\x00(\x0e\x00\x00\x06\x00n\x93\x01o\x93\x01(\x0e\x00\x00U\x0e\x00\x00\t\x00\x8e\x00\x03T\x07\x80\x00\x1c\x9fV\x0e\x00\x00f\x0e\x00\x00\t\x00\x8e\x00\x03T\x07\x80\x00\x1c\x9f\x00\x00\x00\x00\x00\x00\x00\x00\xe6\r\x00\x00\xe8\r\x00\x00\x02\x00A\x9f\x00\x00\x00\x00\x00\x00\x00\x00\xfe\r\x00\x00\x02\x0e\x00\x00\x02\x00B\x9f\x00\x00\x00\x00\x00\x00\x00\x00$\x0e\x00\x00(\x0e\x00\x00\x06\x00n\x93\x01o\x93\x01(\x0e\x00\x00*\x0e\x00\x00\t\x00\x8e\x00\x03T\x07\x80\x00\x1c\x9f\x00\x00\x00\x00\x00\x00\x00\x00$\x0e\x00\x00*\x0e\x00\x00\x01\x00a\x00\x00\x00\x00\x00\x00\x00\x00.\x0e\x00\x004\x0e\x00\x00\x02\x00@\x9fV\x0e\x00\x00Z\x0e\x00\x00\x02\x00@\x9f\x00\x00\x00\x00\x00\x00\x00\x00.\x0e\x00\x004\x0e\x00\x00\x01\x00hV\x0e\x00\x00Z\x0e\x00\x00\x01\x00h\x00\x00\x00\x00\x00\x00\x00\x004\x0e\x00\x00<\x0e\x00\x00\x03\x00\x08 \x9fZ\x0e\x00\x00^\x0e\x00\x00\x03\x00\x08 \x9f\x00\x00\x00\x00\x00\x00\x00\x004\x0e\x00\x00:\x0e\x00\x00\x06\x00\x88\x00\t\xfc\x1a\x9f:\x0e\x00\x00<\x0e\x00\x00\x01\x00hZ\x0e\x00\x00\\\x0e\x00\x00\x06\x00\x88\x00\t\xfc\x1a\x9f\\\x0e\x00\x00^\x0e\x00\x00\x01\x00h\x00\x00\x00\x00\x00\x00\x00\x00<\x0e\x00\x00B\x0e\x00\x00\x03\x00\x08@\x9f^\x0e\x00\x00b\x0e\x00\x00\x03\x00\x08@\x9f\x00\x00\x00\x00\x00\x00\x00\x00<\x0e\x00\x00B\x0e\x00\x00\x01\x00h^\x0e\x00\x00b\x0e\x00\x00\x01\x00h\x00\x00\x00\x00\x00\x00\x00\x00B\x0e\x00\x00H\x0e\x00\x00\x03\x00\t\x80\x9fb\x0e\x00\x00f\x0e\x00\x00\x03\x00\t\x80\x9f\x00\x00\x00\x00\x00\x00\x00\x00B\x0e\x00\x00H\x0e\x00\x00\x01\x00hb\x0e\x00\x00f\x0e\x00\x00\x01\x00h\x00\x00\x00\x00\x00\x00\x00\x00f\x0e\x00\x00h\x0e\x00\x00\x03\x00\x92 \x02h\x0e\x00\x00j\x0e\x00\x00\x03\x00\x92 \x03j\x0e\x00\x00l\x0e\x00\x00\x03\x00\x92 \x04l\x0e\x00\x00n\x0e\x00\x00\x03\x00\x92 \x05n\x0e\x00\x00"\x0f\x00\x00\x03\x00\x92 \x06\x00\x00\x00\x00\x00\x00\x00\x00f\x0e\x00\x00s\x0e\x00\x00\x06\x00h\x93\x01i\x93\x01s\x0e\x00\x00\x88\x0e\x00\x00\x06\x00l\x93\x01m\x93\x01\x88\x0e\x00\x00\x90\x0e\x00\x00\x04\x00\xf3\x01h\x9f\x90\x0e\x00\x00\xac\x0e\x00\x00\x06\x00l\x93\x01m\x93\x01\xac\x0e\x00\x00"\x0f\x00\x00\x04\x00\xf3\x01h\x9f\x00\x00\x00\x00\x00\x00\x00\x00t\x0e\x00\x00\x8f\x0e\x00\x00\x0c\x00f\x93\x01g\x93\x01h\x93\x01i\x93\x01\x90\x0e\x00\x00!\x0f\x00\x00\x0c\x00f\x93\x01g\x93\x01h\x93\x01i\x93\x01\x00\x00\x00\x00\x00\x00\x00\x00\x82\x0e\x00\x00\x84\x0e\x00\x00\x02\x00A\x9f\x00\x00\x00\x00\x00\x00\x00\x00\x9e\x0e\x00\x00\xa2\x0e\x00\x00\x02\x00B\x9f\x00\x00\x00\x00\x00\x00\x00\x00\xa8\x0e\x00\x00\x16\x0f\x00\x00\x0c\x00f\x93\x01g\x93\x01h\x93\x01i\x93\x01\x00\x00\x00\x00\x00\x00\x00\x00\xa8\x0e\x00\x00\xec\x0e\x00\x00\x02\x000\x9f\x00\x00\x00\x00\x00\x00\x00\x00\xb0\x0e\x00\x00\xec\x0e\x00\x00\x01\x00l\x00\x00\x00\x00\x00\x00\x00\x00\xb0\x0e\x00\x00\xde\x0e\x00\x00\x01\x00n\xde\x0e\x00\x00\xec\x0e\x00\x00\x05\x00\x03]\x07\x80\x00\x00\x00\x00\x00\x00\x00\x00\x00\xb0\x0e\x00\x00\xec\x0e\x00\x00\x05\x00\x03\\\x07\x80\x00\x00\x00\x00\x00\x00\x00\x00\x00\xb0\x0e\x00\x00\xdc\x0e\x00\x00\x02\x000\x9f\x00\x00\x00\x00\x00\x00\x00\x00\xb0\x0e\x00\x00\xdc\x0e\x00\x00\x02\x000\x9f\xdc\x0e\x00\x00\xde\x0e\x00\x00\x16\x00\x8e\x00\x85\x00"\x08\xff\x1a9\x1e\x03\xa1\x06\x80\x00"\x94\x01\x8c\x00"\x9f\xde\x0e\x00\x00\xec\x0e\x00\x00\x1b\x00\x03]\x07\x80\x00\x94\x01\x85\x00"\x08\xff\x1a9\x1e\x03\xa1\x06\x80\x00"\x94\x01\x8c\x00"\x9f\x00\x00\x00\x00\x00\x00\x00\x00\xb0\x0e\x00\x00\xdc\x0e\x00\x00\x01\x00n\x00\x00\x00\x00\x00\x00\x00\x00\xb0\x0e\x00\x00\xdc\x0e\x00\x00\x05\x00\x03\\\x07\x80\x00\x00\x00\x00\x00\x00\x00\x00\x00\xb4\x0e\x00\x00!\x0f\x00\x00\x13\x00\x03\\\x07\x80\x00\x94\x01\x08\xff\x1a9\x1e\x03\xa0\x06\x80\x00"\x9f\x00\x00\x00\x00\x00\x00\x00\x00"\x0f\x00\x00$\x0f\x00\x00\x03\x00\x92 \x02$\x0f\x00\x00&\x0f\x00\x00\x03\x00\x92 \x03&\x0f\x00\x00\xce\x0f\x00\x00\x03\x00\x92 \x04\x00\x00\x00\x00\x00\x00\x00\x00"\x0f\x00\x006\x0f\x00\x00\x06\x00h\x93\x01i\x93\x016\x0f\x00\x00>\x0f\x00\x00\x04\x00\xf3\x01h\x9f>\x0f\x00\x00N\x0f\x00\x00\x06\x00h\x93\x01i\x93\x01N\x0f\x00\x00P\x0f\x00\x00\x04\x00\xf3\x01h\x9fP\x0f\x00\x00W\x0f\x00\x00\x06\x00h\x93\x01i\x93\x01W\x0f\x00\x00\xc6\x0f\x00\x00\x06\x00l\x93\x01m\x93\x01\xc6\x0f\x00\x00\xca\x0f\x00\x00\x04\x00\xf3\x01h\x9f\xca\x0f\x00\x00\xce\x0f\x00\x00\x06\x00l\x93\x01m\x93\x01\x00\x00\x00\x00\x00\x00\x00\x004\x0f\x00\x006\x0f\x00\x00\x02\x00A\x9f\x00\x00\x00\x00\x00\x00\x00\x00R\x0f\x00\x00\xc6\x0f\x00\x00\x06\x00l\x93\x01m\x93\x01\xc6\x0f\x00\x00\xca\x0f\x00\x00\x04\x00\xf3\x01h\x9f\xca\x0f\x00\x00\xce\x0f\x00\x00\x06\x00l\x93\x01m\x93\x01\x00\x00\x00\x00\x00\x00\x00\x00Z\x0f\x00\x00\xc9\x0f\x00\x00\x01\x00d\xca\x0f\x00\x00\xce\x0f\x00\x00\x01\x00d\x00\x00\x00\x00\x00\x00\x00\x00Z\x0f\x00\x00\x94\x0f\x00\x00\x06\x00\x8c\x02\x94\x02#\x05\x00\x00\x00\x00\x00\x00\x00\x00Z\x0f\x00\x00\x94\x0f\x00\x00\x06\x00\x8c\x02\x94\x02#\x04\x00\x00\x00\x00\x00\x00\x00\x00Z\x0f\x00\x00\xb6\x0f\x00\x00\x01\x00d\xca\x0f\x00\x00\xce\x0f\x00\x00\x01\x00d\x00\x00\x00\x00\x00\x00\x00\x00Z\x0f\x00\x00\xa0\x0f\x00\x00\x02\x000\x9f\x00\x00\x00\x00\x00\x00\x00\x00Z\x0f\x00\x00\xb6\x0f\x00\x00\x02\x001\x9f\xca\x0f\x00\x00\xce\x0f\x00\x00\x02\x001\x9f\x00\x00\x00\x00\x00\x00\x00\x00t\x0f\x00\x00\xa0\x0f\x00\x00\x01\x00d\x00\x00\x00\x00\x00\x00\x00\x00t\x0f\x00\x00\xc9\x0f\x00\x00\x0b\x00\x86\x009\x1e\x03\xa0\x06\x80\x00"\x9f\x00\x00\x00\x00\x00\x00\x00\x00\xa4\x0f\x00\x00\xc9\x0f\x00\x00\x01\x00d\x00\x00\x00\x00\x00\x00\x00\x00\xb6\x0f\x00\x00\xc2\x0f\x00\x00\x01\x00d\x00\x00\x00\x00\x00\x00\x00\x00L\x0f\x00\x00P\x0f\x00\x00\x02\x00B\x9f\x00\x00\x00\x00\x00\x00\x00\x00\xce\x0f\x00\x00\xd0\x0f\x00\x00\x03\x00\x92 \x02\xd0\x0f\x00\x00\xd2\x0f\x00\x00\x03\x00\x92 \x03\xd2\x0f\x00\x00\xd4\x0f\x00\x00\x03\x00\x92 \x04\xd4\x0f\x00\x00\xd6\x0f\x00\x00\x03\x00\x92 \x05\xd6\x0f\x00\x00V\x10\x00\x00\x03\x00\x92 \x06\x00\x00\x00\x00\x00\x00\x00\x00\xce\x0f\x00\x00\xdd\x0f\x00\x00\x06\x00h\x93\x01i\x93\x01\xdd\x0f\x00\x00R\x10\x00\x00\x06\x00`\x93\x01a\x93\x01R\x10\x00\x00V\x10\x00\x00\x04\x00\xf3\x01h\x9f\x00\x00\x00\x00\x00\x00\x00\x00\xe0\x0f\x00\x00\xe4\x0f\x00\x00\x06\x00h\x93\x01i\x93\x01\xe4\x0f\x00\x00N\x10\x00\x00\x06\x00l\x93\x01m\x93\x01\x00\x00\x00\x00\x00\x00\x00\x00\xe8\x0f\x00\x00&\x10\x00\x00\x06\x00h\x93\x01i\x93\x01\x00\x00\x00\x00\x00\x00\x00\x00\xe8\x0f\x00\x00\xf0\x0f\x00\x00\x02\x000\x9f\xf0\x0f\x00\x00U\x10\x00\x00\x06\x00n\x93\x01o\x93\x01\x00\x00\x00\x00\x00\x00\x00\x00V\x10\x00\x00X\x10\x00\x00\x03\x00\x92 \x02X\x10\x00\x00Z\x10\x00\x00\x03\x00\x92 \x03Z\x10\x00\x00~\x10\x00\x00\x03\x00\x92 \x04\x00\x00\x00\x00\x00\x00\x00\x00V\x10\x00\x00m\x10\x00\x00\x06\x00h\x93\x01i\x93\x01m\x10\x00\x00~\x10\x00\x00\x04\x00\xf3\x01h\x9f\x00\x00\x00\x00\x00\x00\x00\x00Z\x10\x00\x00d\x10\x00\x00\x02\x003\x9f\x00\x00\x00\x00\x00\x00\x00\x00Z\x10\x00\x00d\x10\x00\x00\x06\x00h\x93\x01i\x93\x01\x00\x00\x00\x00\x00\x00\x00\x00~\x10\x00\x00\x80\x10\x00\x00\x03\x00\x92 \x02\x80\x10\x00\x00\x82\x10\x00\x00\x03\x00\x92 \x03\x82\x10\x00\x00\x84\x10\x00\x00\x03\x00\x92 \x04\x84\x10\x00\x00\x86\x10\x00\x00\x03\x00\x92 \x05\x86\x10\x00\x00\x88\x10\x00\x00\x03\x00\x92 \x06\x88\x10\x00\x00\x8c\x10\x00\x00\x03\x00\x92 \x07\x8c\x10\x00\x00\x1c\x11\x00\x00\x02\x00\x8c\x07\x00\x00\x00\x00\x00\x00\x00\x00~\x10\x00\x00\x9d\x10\x00\x00\x06\x00h\x93\x01i\x93\x01\x9d\x10\x00\x00\x1c\x11\x00\x00\x04\x00\xf3\x01h\x9f\x00\x00\x00\x00\x00\x00\x00\x00\x8c\x10\x00\x00\xae\x10\x00\x00\x02\x000\x9f\xbe\x10\x00\x00\xcc\x10\x00\x00\x02\x000\x9f\x00\x00\x00\x00\x00\x00\x00\x00\xa0\x10\x00\x00\xba\x10\x00\x00\x01\x00a\xbe\x10\x00\x00\x1c\x11\x00\x00\x01\x00a\x00\x00\x00\x00\x00\x00\x00\x00\x8c\x10\x00\x00\x96\x10\x00\x00\x02\x001\x9f\x00\x00\x00\x00\x00\x00\x00\x00\x8c\x10\x00\x00\x96\x10\x00\x00\x06\x00h\x93\x01i\x93\x01\x00\x00\x00\x00\x00\x00\x00\x00\xac\x10\x00\x00\xae\x10\x00\x00\x02\x00B\x9f\x00\x00\x00\x00\x00\x00\x00\x00\xec\x10\x00\x00\x16\x11\x00\x00\x02\x008\x9f\x00\x00\x00\x00\x00\x00\x00\x00\xec\x10\x00\x00\x16\x11\x00\x00\x03\x00\t\xff\x9f\x00\x00\x00\x00\x00\x00\x00\x00\xec\x10\x00\x00\x16\x11\x00\x00\x02\x000\x9f\x00\x00\x00\x00\x00\x00\x00\x00\xec\x10\x00\x00\x10\x11\x00\x00\x01\x00h\x10\x11\x00\x00\x15\x11\x00\x00\x02\x00\x8c\x01\x00\x00\x00\x00\x00\x00\x00\x00\xf4\x10\x00\x00\x00\x11\x00\x00\x02\x008\x9f\x00\x00\x00\x00\x00\x00\x00\x00\x1c\x11\x00\x00&\x11\x00\x00\x06\x00h\x93\x01i\x93\x01&\x11\x00\x00/\x11\x00\x00\x06\x00j\x93\x01k\x93\x01/\x11\x00\x000\x11\x00\x00\x04\x00\xf3\x01h\x9f0\x11\x00\x00i\x11\x00\x00\x06\x00j\x93\x01k\x93\x01i\x11\x00\x00j\x11\x00\x00\x04\x00\xf3\x01h\x9f\x00\x00\x00\x00\x00\x00\x00\x00\x1c\x11\x00\x00$\x11\x00\x00\x02\x001\x9f\x00\x00\x00\x00\x00\x00\x00\x00\x1c\x11\x00\x00$\x11\x00\x00\x06\x00h\x93\x01i\x93\x01\x00\x00\x00\x00\x00\x00\x00\x00$\x11\x00\x00&\x11\x00\x00\x02\x002\x9f\x00\x00\x00\x00\x00\x00\x00\x00$\x11\x00\x00&\x11\x00\x00\x06\x00h\x93\x01i\x93\x01\x00\x00\x00\x00\x00\x00\x00\x00*\x11\x00\x00,\x11\x00\x00\x03\x00\x08(\x9f\x00\x00\x00\x00\x00\x00\x00\x006\x11\x00\x00:\x11\x00\x00\x03\x00\x08\'\x9f\x00\x00\x00\x00\x00\x00\x00\x00<\x11\x00\x00^\x11\x00\x00\x03\x00\x88\x01\x9f^\x11\x00\x00i\x11\x00\x00\x01\x00i\x00\x00\x00\x00\x00\x00\x00\x00<\x11\x00\x00d\x11\x00\x00\x01\x00hd\x11\x00\x00i\x11\x00\x00\x02\x00\x8e\x05\x00\x00\x00\x00\x00\x00\x00\x00D\x11\x00\x00P\x11\x00\x00\x02\x008\x9f\x00\x00\x00\x00\x00\x00\x00\x00j\x11\x00\x00z\x11\x00\x00\x06\x00h\x93\x01i\x93\x01z\x11\x00\x00\x8e\x11\x00\x00\x04\x00\xf3\x01h\x9f\x00\x00\x00\x00\x00\x00\x00\x00v\x11\x00\x00~\x11\x00\x00\x02\x003\x9f\x00\x00\x00\x00\x00\x00\x00\x00\x8e\x11\x00\x00\x96\x11\x00\x00\x06\x00h\x93\x01i\x93\x01\x96\x11\x00\x00\xd6\x11\x00\x00\x04\x00\xf3\x01h\x9f\x00\x00\x00\x00\x00\x00\x00\x00\x9a\x11\x00\x00\xa0\x11\x00\x00\x02\x00A\x9f\x00\x00\x00\x00\x00\x00\x00\x00\xa0\x11\x00\x00\xac\x11\x00\x00\x02\x002\x9f\x00\x00\x00\x00\x00\x00\x00\x00\xb4\x11\x00\x00\xc0\x11\x00\x00\x02\x007\x9f\x00\x00\x00\x00\x00\x00\x00\x00\xd6\x11\x00\x00\xdb\x11\x00\x00\x06\x00h\x93\x01i\x93\x01\xdb\x11\x00\x00f\x12\x00\x00\x04\x00\xf3\x01h\x9f\x00\x00\x00\x00\x00\x00\x00\x00\xde\x11\x00\x00\xe7\x11\x00\x00\x06\x00b\x93\x01c\x93\x01\xe8\x11\x00\x00:\x12\x00\x00\x06\x00b\x93\x01c\x93\x01\x00\x00\x00\x00\x00\x00\x00\x00\xde\x11\x00\x00\n\x12\x00\x00\x02\x000\x9f\n\x12\x00\x00Z\x12\x00\x00\x01\x00iZ\x12\x00\x00e\x12\x00\x00\x02\x00\x8e\x07\x00\x00\x00\x00\x00\x00\x00\x00\xde\x11\x00\x00\xe8\x11\x00\x00\x02\x000\x9f\x00\x00\x00\x00\x00\x00\x00\x00\xe2\x11\x00\x00\xe8\x11\x00\x00\x03\x00\x08"\x9f\x00\x00\x00\x00\x00\x00\x00\x00\n\x12\x00\x00\x16\x12\x00\x00\r\x000\x9f\x93\x01\x84\x00@$@&\x9f\x93\x04\x16\x12\x00\x00&\x12\x00\x00\x10\x000\x9f\x93\x01d\x93\x01e\x93\x01f\x93\x01g\x93\x01\x00\x00\x00\x00\x00\x00\x00\x00<\x12\x00\x00e\x12\x00\x00\x01\x00c\x00\x00\x00\x00\x00\x00\x00\x00<\x12\x00\x00e\x12\x00\x00\x01\x00b\x00\x00\x00\x00\x00\x00\x00\x00<\x12\x00\x00Z\x12\x00\x00\x01\x00iZ\x12\x00\x00e\x12\x00\x00\x02\x00\x8e\x07\x00\x00\x00\x00\x00\x00\x00\x00<\x12\x00\x00`\x12\x00\x00\x01\x00h`\x12\x00\x00e\x12\x00\x00\x02\x00\x8e\x05\x00\x00\x00\x00\x00\x00\x00\x00D\x12\x00\x00P\x12\x00\x00\x02\x007\x9f\x00\x00\x00\x00\x00\x00\x00\x00f\x12\x00\x00n\x12\x00\x00\x06\x00h\x93\x01i\x93\x01n\x12\x00\x00\xa8\x12\x00\x00\x04\x00\xf3\x01h\x9f\x00\x00\x00\x00\x00\x00\x00\x00r\x12\x00\x00x\x12\x00\x00\x02\x00B\x9f\x00\x00\x00\x00\x00\x00\x00\x00\x80\x12\x00\x00\x8c\x12\x00\x00\x02\x008\x9f\x00\x00\x00\x00\x00\x00\x00\x00\xa8\x12\x00\x00\xaa\x12\x00\x00\x03\x00\x92 \x02\xaa\x12\x00\x00\xac\x12\x00\x00\x03\x00\x92 \x03\xac\x12\x00\x00\xfa\x12\x00\x00\x03\x00\x92 \x04\x00\x00\x00\x00\x00\x00\x00\x00\xa8\x12\x00\x00\xb4\x12\x00\x00\x06\x00h\x93\x01i\x93\x01\xb4\x12\x00\x00\xfa\x12\x00\x00\x04\x00\xf3\x01h\x9f\x00\x00\x00\x00\x00\x00\x00\x00\xb8\x12\x00\x00\xc2\x12\x00\x00\x02\x00B\x9f\x00\x00\x00\x00\x00\x00\x00\x00\xcc\x12\x00\x00\xf6\x12\x00\x00\x01\x00a\x00\x00\x00\x00\x00\x00\x00\x00\xcc\x12\x00\x00\xf6\x12\x00\x00\x01\x00`\xf6\x12\x00\x00\xf9\x12\x00\x00\x01\x00h\x00\x00\x00\x00\x00\x00\x00\x00\xcc\x12\x00\x00\xf9\x12\x00\x00\x01\x00g\x00\x00\x00\x00\x00\x00\x00\x00\xcc\x12\x00\x00\xf9\x12\x00\x00\x01\x00f\x00\x00\x00\x00\x00\x00\x00\x00\xd4\x12\x00\x00\xe0\x12\x00\x00\x02\x008\x9f\x00\x00\x00\x00\x00\x00\x00\x00\xfa\x12\x00\x00\x02\x13\x00\x00\x06\x00h\x93\x01i\x93\x01\x02\x13\x00\x00>\x13\x00\x00\x04\x00\xf3\x01h\x9f\x00\x00\x00\x00\x00\x00\x00\x00\x06\x13\x00\x00\x0c\x13\x00\x00\x02\x00B\x9f\x00\x00\x00\x00\x00\x00\x00\x00\x10\x13\x00\x004\x13\x00\x00\x01\x00h4\x13\x00\x00=\x13\x00\x00\x05\x00\x03&\x05\x80\x00\x00\x00\x00\x00\x00\x00\x00\x00\x18\x13\x00\x00$\x13\x00\x00\x02\x008\x9f\x00\x00\x00\x00\x00\x00\x00\x00>\x13\x00\x00`\x13\x00\x00\x06\x00h\x93\x01i\x93\x01`\x13\x00\x00j\x13\x00\x00\x04\x00\xf3\x01h\x9f\x00\x00\x00\x00\x00\x00\x00\x00>\x13\x00\x00i\x13\x00\x00\x01\x00i\x00\x00\x00\x00\x00\x00\x00\x00>\x13\x00\x00`\x13\x00\x00\x01\x00h`\x13\x00\x00i\x13\x00\x00\x02\x00\x8e\x08\x00\x00\x00\x00\x00\x00\x00\x00J\x13\x00\x00R\x13\x00\x00\x02\x008\x9f\x00\x00\x00\x00\x00\x00\x00\x00j\x13\x00\x00l\x13\x00\x00\x03\x00\x92 \x02l\x13\x00\x00n\x13\x00\x00\x03\x00\x92 \x03n\x13\x00\x006\x14\x00\x00\x03\x00\x92 \x04\x00\x00\x00\x00\x00\x00\x00\x00j\x13\x00\x00q\x13\x00\x00\x06\x00h\x93\x01i\x93\x01q\x13\x00\x006\x14\x00\x00\x04\x00\xf3\x01h\x9f\x00\x00\x00\x00\x00\x00\x00\x00r\x13\x00\x00\x89\x13\x00\x00\x0c\x00f\x93\x01g\x93\x01h\x93\x01i\x93\x01\x8a\x13\x00\x00\xe1\x13\x00\x00\x0c\x00f\x93\x01g\x93\x01h\x93\x01i\x93\x01\xe2\x13\x00\x006\x14\x00\x00\x0c\x00f\x93\x01g\x93\x01h\x93\x01i\x93\x01\x00\x00\x00\x00\x00\x00\x00\x00r\x13\x00\x00\xda\x13\x00\x00\x02\x000\x9f\xe2\x13\x00\x006\x14\x00\x00\x02\x000\x9f\x00\x00\x00\x00\x00\x00\x00\x00r\x13\x00\x00\x9a\x13\x00\x00\x02\x000\x9f\x9a\x13\x00\x00\xde\x13\x00\x00\x06\x00`\x93\x01a\x93\x01\xde\x13\x00\x00\xe1\x13\x00\x00\x05\x00\x03e\x07\x80\x00\xe2\x13\x00\x00\x10\x14\x00\x00\x06\x00`\x93\x01a\x93\x01\x10\x14\x00\x006\x14\x00\x00\x05\x00\x03e\x07\x80\x00\x00\x00\x00\x00\x00\x00\x00\x00\x80\x13\x00\x00\x8a\x13\x00\x00\x02\x00B\x9f\x00\x00\x00\x00\x00\x00\x00\x00\xac\x13\x00\x00\xd0\x13\x00\x00\x06\x00h\x93\x01i\x93\x01\xd4\x13\x00\x00\xda\x13\x00\x00\x06\x00h\x93\x01i\x93\x01\x00\x00\x00\x00\x00\x00\x00\x00\xb2\x13\x00\x00\xd0\x13\x00\x00\x0b\x00\x84\x00\x80\x00"\x94\x01\x89\x00\'\x9f\x00\x00\x00\x00\x00\x00\x00\x00\xe2\x13\x00\x00\x10\x14\x00\x00\x06\x00`\x93\x01a\x93\x01\x10\x14\x00\x006\x14\x00\x00\x05\x00\x03e\x07\x80\x00\x00\x00\x00\x00\x00\x00\x00\x00\xf6\x13\x00\x000\x14\x00\x00\x0c\x00f\x93\x01g\x93\x01h\x93\x01i\x93\x01\x00\x00\x00\x00\x00\x00\x00\x00\xf6\x13\x00\x00\x10\x14\x00\x00\x06\x00`\x93\x01a\x93\x01\x10\x14\x00\x000\x14\x00\x00\x05\x00\x03e\x07\x80\x00\x00\x00\x00\x00\x00\x00\x00\x00\xf6\x13\x00\x00\xfc\x13\x00\x00\x02\x001\x9f\x00\x00\x00\x00\x00\x00\x00\x006\x14\x00\x00@\x14\x00\x00\x06\x00h\x93\x01i\x93\x01@\x14\x00\x00\x9f\x14\x00\x00\x06\x00j\x93\x01k\x93\x01\x9f\x14\x00\x00\xa0\x14\x00\x00\x04\x00\xf3\x01h\x9f\xa0\x14\x00\x00\xb8\x14\x00\x00\x06\x00j\x93\x01k\x93\x01\x00\x00\x00\x00\x00\x00\x00\x00@\x14\x00\x00P\x14\x00\x00\x02\x000\x9fP\x14\x00\x00R\x14\x00\x00\x03\x00\x08!\x9f\xa0\x14\x00\x00\xb0\x14\x00\x00\x02\x000\x9f\xb0\x14\x00\x00\xb4\x14\x00\x00\x02\x00I\x9f\xb4\x14\x00\x00\xb8\x14\x00\x00\x02\x000\x9f\x00\x00\x00\x00\x00\x00\x00\x006\x14\x00\x00@\x14\x00\x00\x02\x001\x9f\x00\x00\x00\x00\x00\x00\x00\x006\x14\x00\x00@\x14\x00\x00\x06\x00h\x93\x01i\x93\x01\x00\x00\x00\x00\x00\x00\x00\x00R\x14\x00\x00b\x14\x00\x00\x05\x00\x03"\x05\x80\x00\x00\x00\x00\x00\x00\x00\x00\x00b\x14\x00\x00v\x14\x00\x00\x10\x000\x9f\x93\x01d\x93\x01e\x93\x01f\x93\x01g\x93\x01\x00\x00\x00\x00\x00\x00\x00\x00v\x14\x00\x00\xa0\x14\x00\x00\x02\x008\x9f\x00\x00\x00\x00\x00\x00\x00\x00v\x14\x00\x00\xa0\x14\x00\x00\x03\x00\t\xff\x9f\x00\x00\x00\x00\x00\x00\x00\x00v\x14\x00\x00\xa0\x14\x00\x00\x02\x000\x9f\x00\x00\x00\x00\x00\x00\x00\x00v\x14\x00\x00\x9a\x14\x00\x00\x01\x00h\x9a\x14\x00\x00\x9f\x14\x00\x00\x02\x00\x8e\x08\x00\x00\x00\x00\x00\x00\x00\x00~\x14\x00\x00\x8a\x14\x00\x00\x02\x008\x9f\x00\x00\x00\x00\x00\x00\x00\x00\xb8\x14\x00\x00\xc8\x14\x00\x00\x06\x00h\x93\x01i\x93\x01\xc8\x14\x00\x00\xe4\x14\x00\x00\x04\x00\xf3\x01h\x9f\x00\x00\x00\x00\x00\x00\x00\x00\xc4\x14\x00\x00\xcc\x14\x00\x00\x02\x008\x9f\x00\x00\x00\x00\x00\x00\x00\x00\xe4\x14\x00\x00\xf4\x14\x00\x00\x06\x00h\x93\x01i\x93\x01\xf4\x14\x00\x00\n\x15\x00\x00\x04\x00\xf3\x01h\x9f\x00\x00\x00\x00\x00\x00\x00\x00\xf0\x14\x00\x00\xf8\x14\x00\x00\x02\x006\x9f\x00\x00\x00\x00\x00\x00\x00\x00\n\x15\x00\x00\x0e\x15\x00\x00\x06\x00h\x93\x01i\x93\x01\x0e\x15\x00\x00J\x15\x00\x00\x04\x00\xf3\x01h\x9f\x00\x00\x00\x00\x00\x00\x00\x00\n\x15\x00\x00\x18\x15\x00\x00\x02\x000\x9f\x18\x15\x00\x00J\x15\x00\x00\x02\x00E\x9f\x00\x00\x00\x00\x00\x00\x00\x00\n\x15\x00\x00\x18\x15\x00\x00\x02\x000\x9f\x18\x15\x00\x00J\x15\x00\x00\x03\x00\t\xc0\x9f\x00\x00\x00\x00\x00\x00\x00\x00 \x15\x00\x00,\x15\x00\x00\x02\x008\x9f\x00\x00\x00\x00\x00\x00\x00\x00J\x15\x00\x00L\x15\x00\x00\x03\x00\x92 \x02L\x15\x00\x00N\x15\x00\x00\x03\x00\x92 \x03N\x15\x00\x00\x9c\x15\x00\x00\x03\x00\x92 \x04\x00\x00\x00\x00\x00\x00\x00\x00J\x15\x00\x00Z\x15\x00\x00\x06\x00h\x93\x01i\x93\x01Z\x15\x00\x00g\x15\x00\x00\x06\x00n\x93\x01o\x93\x01g\x15\x00\x00h\x15\x00\x00\x04\x00\xf3\x01h\x9fh\x15\x00\x00\x9c\x15\x00\x00\x06\x00n\x93\x01o\x93\x01\x00\x00\x00\x00\x00\x00\x00\x00J\x15\x00\x00V\x15\x00\x00\x06\x00f\x93\x01g\x93\x01V\x15\x00\x00\x9a\x15\x00\x00\x06\x00l\x93\x01m\x93\x01\x9a\x15\x00\x00\x9c\x15\x00\x00\x04\x00\xf3\x01f\x9f\x00\x00\x00\x00\x00\x00\x00\x00R\x15\x00\x00V\x15\x00\x00\x06\x00h\x93\x01i\x93\x01\x00\x00\x00\x00\x00\x00\x00\x00\x9c\x15\x00\x00\x9e\x15\x00\x00\x03\x00\x92 \x02\x9e\x15\x00\x00\xa0\x15\x00\x00\x03\x00\x92 \x03\xa0\x15\x00\x00\xa2\x15\x00\x00\x03\x00\x92 \x04\xa2\x15\x00\x00\xa4\x15\x00\x00\x03\x00\x92 \x05\xa4\x15\x00\x00\xa6\x15\x00\x00\x03\x00\x92 \x06\xa6\x15\x00\x00\xa8\x15\x00\x00\x03\x00\x92 \x07\xa8\x15\x00\x00\xaa\x15\x00\x00\x03\x00\x92 \x08\xaa\x15\x00\x00\xac\x15\x00\x00\x03\x00\x92 \t\xac\x15\x00\x00\xae\x15\x00\x00\x03\x00\x92 \n\xae\x15\x00\x00\xb2\x15\x00\x00\x03\x00\x92 \x0c\xb2\x15\x00\x00\xa8\x16\x00\x00\x02\x00\x8c\x0c\x00\x00\x00\x00\x00\x00\x00\x00\x9c\x15\x00\x00\xc6\x15\x00\x00\x06\x00h\x93\x01i\x93\x01\xc6\x15\x00\x00z\x16\x00\x00\x06\x00`\x93\x01a\x93\x01z\x16\x00\x00\x92\x16\x00\x00\x03\x00\x80m\x9f\x92\x16\x00\x00\xa8\x16\x00\x00\x04\x00\xf3\x01h\x9f\x00\x00\x00\x00\x00\x00\x00\x00\x9c\x15\x00\x00\xd1\x15\x00\x00\x06\x00f\x93\x01g\x93\x01\xd1\x15\x00\x00\xa2\x16\x00\x00\x06\x00^\x93\x01_\x93\x01\xa2\x16\x00\x00\xa8\x16\x00\x00\x04\x00\xf3\x01f\x9f\x00\x00\x00\x00\x00\x00\x00\x00\x9c\x15\x00\x00\xd1\x15\x00\x00\x01\x00d\xd1\x15\x00\x00t\x16\x00\x00\x01\x00]t\x16\x00\x00\xa8\x16\x00\x00\x04\x00\xf3\x01d\x9f\x00\x00\x00\x00\x00\x00\x00\x00\xb8\x15\x00\x00\xe4\x15\x00\x00\x02\x000\x9f\x00\x00\x00\x00\x00\x00\x00\x00\xb8\x15\x00\x00\xe4\x15\x00\x00\x03\x00\t\xff\x9f\x00\x00\x00\x00\x00\x00\x00\x00\xb8\x15\x00\x00\xc6\x15\x00\x00\x06\x00h\x93\x01i\x93\x01\xc6\x15\x00\x00\xe4\x15\x00\x00\x06\x00`\x93\x01a\x93\x01\x00\x00\x00\x00\x00\x00\x00\x00\xca\x15\x00\x00\xe4\x15\x00\x00\x03\x00\x08 \x9f\x00\x00\x00\x00\x00\x00\x00\x00\xca\x15\x00\x00\xe4\x15\x00\x00\x03\x00\x80\x08\x9f\x00\x00\x00\x00\x00\x00\x00\x00\xca\x15\x00\x00\xd2\x15\x00\x00\x03\x00\x08@\x9f\x00\x00\x00\x00\x00\x00\x00\x00\xfa\x15\x00\x00&\x16\x00\x00\x06\x00^\x93\x01_\x93\x01\x00\x00\x00\x00\x00\x00\x00\x00\xfa\x15\x00\x00&\x16\x00\x00\x03\x00\x80\x13\x9f\x00\x00\x00\x00\x00\x00\x00\x00\x00\x16\x00\x00\x08\x16\x00\x00\x06\x00h\x93\x01i\x93\x01\x08\x16\x00\x00\x0c\x16\x00\x00\x05\x00~\x001$\x9f\x00\x00\x00\x00\x00\x00\x00\x00\x00\x16\x00\x00\x0b\x16\x00\x00\x06\x00h\x93\x01i\x93\x01\x00\x00\x00\x00\x00\x00\x00\x00&\x16\x00\x00<\x16\x00\x00\x06\x00n\x93\x01o\x93\x01<\x16\x00\x00h\x16\x00\x00\x06\x00`\x93\x01a\x93\x01\x00\x00\x00\x00\x00\x00\x00\x00&\x16\x00\x00h\x16\x00\x00\x06\x00\xf2\xddm\x00\x00\x00\x00\x00\x00\x00\x00\x00\x00\x00n\x16\x00\x00\x92\x16\x00\x00\x06\x00^\x93\x01_\x93\x01\x00\x00\x00\x00\x00\x00\x00\x00n\x16\x00\x00z\x16\x00\x00\x06\x00`\x93\x01a\x93\x01z\x16\x00\x00\x92\x16\x00\x00\x03\x00\x80m\x9f\x00\x00\x00\x00\x00\x00\x00\x00r\x16\x00\x00z\x16\x00\x00\x02\x000\x9fz\x16\x00\x00\x92\x16\x00\x00\x06\x00\\\x93\x01]\x93\x01\x00\x00\x00\x00\x00\x00\x00\x00\xa8\x16\x00\x00\xaa\x16\x00\x00\x03\x00\x92 \x02\xaa\x16\x00\x00\xac\x16\x00\x00\x03\x00\x92 \x03\xac\x16\x00\x00\xae\x16\x00\x00\x03\x00\x92 \x04\xae\x16\x00\x00\xb0\x16\x00\x00\x03\x00\x92 \x05\xb0\x16\x00\x00\xb2\x16\x00\x00\x03\x00\x92 \x06\xb2\x16\x00\x00\xb4\x16\x00\x00\x03\x00\x92 \x07\xb4\x16\x00\x00\xb6\x16\x00\x00\x03\x00\x92 \x08\xb6\x16\x00\x00\xba\x16\x00\x00\x03\x00\x92 \n\xba\x16\x00\x00\x8c\x17\x00\x00\x02\x00\x8c\n\x00\x00\x00\x00\x00\x00\x00\x00\xa8\x16\x00\x00\xca\x16\x00\x00\x06\x00h\x93\x01i\x93\x01\xca\x16\x00\x00f\x17\x00\x00\x06\x00`\x93\x01a\x93\x01f\x17\x00\x00l\x17\x00\x00\x06\x00n\x93\x01o\x93\x01l\x17\x00\x00\x8c\x17\x00\x00\x06\x00`\x93\x01a\x93\x01\x00\x00\x00\x00\x00\x00\x00\x00\xa8\x16\x00\x00\xe7\x16\x00\x00\x06\x00f\x93\x01g\x93\x01\xe8\x16\x00\x00\xf6\x16\x00\x00\x06\x00f\x93\x01g\x93\x01\xf6\x16\x00\x005\x17\x00\x00\x02\x00\x8c\x01\x00\x00\x00\x00\x00\x00\x00\x00\xd2\x16\x00\x00\xe7\x16\x00\x00\x06\x00n\x93\x01o\x93\x01\xe7\x16\x00\x00\xe8\x16\x00\x00\x03\x00\x80\x13\x9f\xe8\x16\x00\x00*\x17\x00\x00\x06\x00n\x93\x01o\x93\x01\x00\x00\x00\x00\x00\x00\x00\x00\x06\x17\x00\x00*\x17\x00\x00\x06\x00^\x93\x01_\x93\x01\x00\x00\x00\x00\x00\x00\x00\x00\x8c\x17\x00\x00\x93\x17\x00\x00\x06\x00h\x93\x01i\x93\x01\x93\x17\x00\x00\x94\x17\x00\x00\x04\x00\xf3\x01h\x9f\x94\x17\x00\x00\xa2\x17\x00\x00\x06\x00h\x93\x01i\x93\x01\xa2\x17\x00\x00\xb4\x17\x00\x00\x04\x00\xf3\x01h\x9f\x00\x00\x00\x00\x00\x00\x00\x00\x8c\x17\x00\x00\x93\x17\x00\x00\x06\x00f\x93\x01g\x93\x01\x93\x17\x00\x00\x94\x17\x00\x00\x04\x00\xf3\x01f\x9f\x94\x17\x00\x00\xb4\x17\x00\x00\x06\x00f\x93\x01g\x93\x01\x00\x00\x00\x00\x00\x00\x00\x00\x8c\x17\x00\x00\x93\x17\x00\x00\x0c\x00b\x93\x01c\x93\x01d\x93\x01e\x93\x01\x93\x17\x00\x00\x94\x17\x00\x00\x04\x00\xf3\x01b\x9f\x94\x17\x00\x00\xa2\x17\x00\x00\x0c\x00b\x93\x01c\x93\x01d\x93\x01e\x93\x01\xa2\x17\x00\x00\xb4\x17\x00\x00\x04\x00\xf3\x01b\x9f\x00\x00\x00\x00\x00\x00\x00\x00\x8c\x17\x00\x00\x93\x17\x00\x00\x06\x00h\x93\x01i\x93\x01\x93\x17\x00\x00\x94\x17\x00\x00\x04\x00\xf3\x01h\x9f\x94\x17\x00\x00\xa2\x17\x00\x00\x06\x00h\x93\x01i\x93\x01\xa2\x17\x00\x00\xb4\x17\x00\x00\x04\x00\xf3\x01h\x9f\x00\x00\x00\x00\x00\x00\x00\x00\x8c\x17\x00\x00\x93\x17\x00\x00\x06\x00f\x93\x01g\x93\x01\x93\x17\x00\x00\x94\x17\x00\x00\x04\x00\xf3\x01f\x9f\x94\x17\x00\x00\xb4\x17\x00\x00\x06\x00f\x93\x01g\x93\x01\x00\x00\x00\x00\x00\x00\x00\x00\xa2\x17\x00\x00\xa2\x17\x00\x00\n\x00\xf3\x01h\x86\x00\x1c\x8a\x00"\x9f\xa2\x17\x00\x00\xae\x17\x00\x00\x0c\x00\xf3\x01h\x86\x00\x1c\x8a\x00"#\x01\x9f\xae\x17\x00\x00\xb4\x17\x00\x00\n\x00\xf3\x01h\x86\x00\x1c\x8a\x00"\x9f\x00\x00\x00\x00\x00\x00\x00\x00\xa2\x17\x00\x00\xa2\x17\x00\x00\x06\x00j\x93\x01k\x93\x01\xa2\x17\x00\x00\xae\x17\x00\x00\x03\x00\x8a\x01\x9f\xae\x17\x00\x00\xb4\x17\x00\x00\x06\x00j\x93\x01k\x93\x01\x00\x00\x00\x00\x00\x00\x00\x00\xb4\x17\x00\x00\xb6\x17\x00\x00\x03\x00\x92 \x02\xb6\x17\x00\x00\xb8\x17\x00\x00\x03\x00\x92 \x03\xb8\x17\x00\x00\xba\x17\x00\x00\x03\x00\x92 \x04\xba\x17\x00\x00\xbc\x17\x00\x00\x03\x00\x92 \x05\xbc\x17\x00\x00\xbe\x17\x00\x00\x03\x00\x92 \x06\xbe\x17\x00\x00\x96\x18\x00\x00\x03\x00\x92 \x07\x00\x00\x00\x00\x00\x00\x00\x00\xde\x17\x00\x00,\x18\x00\x00\x01\x00l\x00\x00\x00\x00\x00\x00\x00\x00\xce\x17\x00\x00\xfd\x17\x00\x00\r\x000\x9f\x93\x01\x88\x00@$@&\x9f\x93\x04\xfd\x17\x00\x00P\x18\x00\x00\x06\x000\x9f\x93\x01\x93\x04P\x18\x00\x00g\x18\x00\x00\r\x000\x9f\x93\x01\x88\x00@$@&\x9f\x93\x04g\x18\x00\x00\x96\x18\x00\x00\x06\x000\x9f\x93\x01\x93\x04\x00\x00\x00\x00\x00\x00\x00\x00\xde\x17\x00\x00\xee\x17\x00\x00\x08\x00\x8c\x00\x08\xff\x1a#\x01\x9f\x00\x00\x00\x00\x00\x00\x00\x00\xf6\x17\x00\x00\xfe\x17\x00\x00\x0c\x00\\\x93\x01]\x93\x01^\x93\x01_\x93\x01\x00\x00\x00\x00\x00\x00\x00\x00\xf6\x17\x00\x00\xfd\x17\x00\x00\t\x00\x93\x01\x03e\x07\x80\x00\x93\x04\x00\x00\x00\x00\x00\x00\x00\x00\xf6\x17\x00\x00\xfd\x17\x00\x00\x0b\x00\x93\x01\x88\x00@$@&\x9f\x93\x04\x00\x00\x00\x00\x00\x00\x00\x00<\x18\x00\x00D\x18\x00\x00\x02\x000\x9f\x00\x00\x00\x00\x00\x00\x00\x00<\x18\x00\x00@\x18\x00\x00\x02\x000\x9f\x00\x00\x00\x00\x00\x00\x00\x00P\x18\x00\x00\\\x18\x00\x00\x03\x00\x08@\x9f\x00\x00\x00\x00\x00\x00\x00\x00\\\x18\x00\x00h\x18\x00\x00\x03\x00\x08?\x9f\x00\x00\x00\x00\x00\x00\x00\x00\\\x18\x00\x00g\x18\x00\x00\t\x00\x93\x01\x03e\x07\x80\x00\x93\x04\x00\x00\x00\x00\x00\x00\x00\x00\\\x18\x00\x00g\x18\x00\x00\x0b\x00\x93\x01\x88\x00@$@&\x9f\x93\x04\x00\x00\x00\x00\x00\x00\x00\x00\x96\x18\x00\x00\x98\x18\x00\x00\x03\x00\x92 \x02\x98\x18\x00\x00\xee\x18\x00\x00\x03\x00\x92 \x03\x00\x00\x00\x00\x00\x00\x00\x00\x96\x18\x00\x00\xb2\x18\x00\x00\x06\x00h\x93\x01i\x93\x01\xb2\x18\x00\x00\xb7\x18\x00\x00\x06\x00j\x93\x01k\x93\x01\xb7\x18\x00\x00\xb8\x18\x00\x00\x04\x00\xf3\x01h\x9f\xb8\x18\x00\x00\xbe\x18\x00\x00\x06\x00h\x93\x01i\x93\x01\xbe\x18\x00\x00\xc0\x18\x00\x00\x06\x00j\x93\x01k\x93\x01\xc0\x18\x00\x00\xc9\x18\x00\x00\x06\x00h\x93\x01i\x93\x01\xc9\x18\x00\x00\xee\x18\x00\x00\x04\x00\xf3\x01h\x9f\x00\x00\x00\x00\x00\x00\x00\x00\x98\x18\x00\x00\xa2\x18\x00\x00\x02\x001\x9f\x00\x00\x00\x00\x00\x00\x00\x00\x98\x18\x00\x00\xa2\x18\x00\x00\x06\x00h\x93\x01i\x93\x01\x00\x00\x00\x00\x00\x00\x00\x00\xb0\x18\x00\x00\xb2\x18\x00\x00\x02\x00B\x9f\x00\x00\x00\x00\x00\x00\x00\x00\xc0\x18\x00\x00\xc2\x18\x00\x00\x02\x003\x9f\x00\x00\x00\x00\x00\x00\x00\x00\xc0\x18\x00\x00\xc2\x18\x00\x00\x06\x00h\x93\x01i\x93\x01\x00\x00\x00\x00\x00\x00\x00\x00\xda\x18\x00\x00\xea\x18\x00\x00\x01\x00l\xea\x18\x00\x00\xed\x18\x00\x00\x05\x00\x03j\x07\x80\x00\x00\x00\x00\x00\x00\x00\x00\x00\xde\x18\x00\x00\xe8\x18\x00\x00\x02\x001\x9f\x00\x00\x00\x00\x00\x00\x00\x00\xde\x18\x00\x00\xe4\x18\x00\x00\x02\x001\x9f\x00\x00\x00\x00\x00\x00\x00\x00\xee\x18\x00\x00\xfe\x18\x00\x00\x06\x00h\x93\x01i\x93\x01\xfe\x18\x00\x00\x02\x19\x00\x00\x04\x00\xf3\x01h\x9f\x02\x19\x00\x00\x0c\x19\x00\x00\x06\x00h\x93\x01i\x93\x01\x0c\x19\x00\x00\x1d\x19\x00\x00\x06\x00j\x93\x01k\x93\x01\x1d\x19\x00\x00\x1e\x19\x00\x00\x04\x00\xf3\x01h\x9f\x00\x00\x00\x00\x00\x00\x00\x00\xfc\x18\x00\x00\x02\x19\x00\x00\x02\x00B\x9f\x00\x00\x00\x00\x00\x00\x00\x00\x0c\x19\x00\x00\x10\x19\x00\x00\x06\x00\x8a\x02\x94\x02#\x01\x00\x00\x00\x00\x00\x00\x00\x00\x10\x19\x00\x00\x1a\x19\x00\x00\x02\x001\x9f\x00\x00\x00\x00\x00\x00\x00\x00\x10\x19\x00\x00\x16\x19\x00\x00\x02\x001\x9f\x00\x00\x00\x00\x00\x00\x00\x00\x1e\x19\x00\x00 \x19\x00\x00\x03\x00\x92 \x02 \x19\x00\x00"\x19\x00\x00\x03\x00\x92 \x03"\x19\x00\x00$\x19\x00\x00\x03\x00\x92 \x04$\x19\x00\x00&\x19\x00\x00\x03\x00\x92 \x05&\x19\x00\x00(\x19\x00\x00\x03\x00\x92 \x06(\x19\x00\x00*\x19\x00\x00\x03\x00\x92 \x07*\x19\x00\x00,\x19\x00\x00\x03\x00\x92 \x08,\x19\x00\x00\xb6\x19\x00\x00\x03\x00\x92 \t\x00\x00\x00\x00\x00\x00\x00\x00\x1e\x19\x00\x009\x19\x00\x00\x06\x00h\x93\x01i\x93\x019\x19\x00\x00\xb6\x19\x00\x00\x04\x00\xf3\x01h\x9f\x00\x00\x00\x00\x00\x00\x00\x00<\x19\x00\x00f\x19\x00\x00\x08\x000\x9f\x93\x010\x9f\x93\x04f\x19\x00\x00\xaa\x19\x00\x00\x0f\x000\x9f\x93\x01\x80\x00@$@&#\x08\x9f\x93\x04\xaa\x19\x00\x00\xb6\x19\x00\x00\x06\x000\x9f\x93\x01\x93\x04\x00\x00\x00\x00\x00\x00\x00\x00,\x19\x00\x006\x19\x00\x00\x02\x001\x9f\x00\x00\x00\x00\x00\x00\x00\x00,\x19\x00\x006\x19\x00\x00\x06\x00h\x93\x01i\x93\x01\x00\x00\x00\x00\x00\x00\x00\x00J\x19\x00\x00L\x19\x00\x00\x02\x00B\x9f\x00\x00\x00\x00\x00\x00\x00\x00n\x19\x00\x00|\x19\x00\x00\x0c\x00\\\x93\x01]\x93\x01^\x93\x01_\x93\x01\x00\x00\x00\x00\x00\x00\x00\x00n\x19\x00\x00\xaa\x19\x00\x00\x0f\x000\x9f\x93\x01\x80\x00@$@&#\x08\x9f\x93\x04\xaa\x19\x00\x00\xb6\x19\x00\x00\x06\x000\x9f\x93\x01\x93\x04\x00\x00\x00\x00\x00\x00\x00\x00\xb6\x19\x00\x00\xb8\x19\x00\x00\x03\x00\x92 \x02\xb8\x19\x00\x00\xba\x19\x00\x00\x03\x00\x92 \x03\xba\x19\x00\x00\xbc\x19\x00\x00\x03\x00\x92 \x04\xbc\x19\x00\x00\xbe\x19\x00\x00\x03\x00\x92 \x05\xbe\x19\x00\x00>\x1a\x00\x00\x03\x00\x92 \x06\x00\x00\x00\x00\x00\x00\x00\x00\xb6\x19\x00\x00\xc8\x19\x00\x00\x06\x00h\x93\x01i\x93\x01\xc8\x19\x00\x00\xe3\x19\x00\x00\x06\x00j\x93\x01k\x93\x01\xe3\x19\x00\x00\xe4\x19\x00\x00\x04\x00\xf3\x01h\x9f\xe4\x19\x00\x00\t\x1a\x00\x00\x06\x00j\x93\x01k\x93\x01\t\x1a\x00\x00>\x1a\x00\x00\x04\x00\xf3\x01h\x9f\x00\x00\x00\x00\x00\x00\x00\x00\xbe\x19\x00\x00\xc8\x19\x00\x00\x02\x001\x9f\x00\x00\x00\x00\x00\x00\x00\x00\xbe\x19\x00\x00\xc8\x19\x00\x00\x06\x00h\x93\x01i\x93\x01\x00\x00\x00\x00\x00\x00\x00\x00\xd6\x19\x00\x00\xd8\x19\x00\x00\x02\x00B\x9f\x00\x00\x00\x00\x00\x00\x00\x00\xf4\x19\x00\x002\x1a\x00\x00\x0c\x00\\\x93\x01]\x93\x01^\x93\x01_\x93\x01\x00\x00\x00\x00\x00\x00\x00\x00\xf4\x19\x00\x00\xfa\x19\x00\x00\x07\x00\x8e\x02@$@&\x9f\xfa\x19\x00\x00\t\x1a\x00\x00\x07\x00\x86\x00@$@&\x9f\x00\x00\x00\x00\x00\x00\x00\x00\xf4\x19\x00\x00\n\x1a\x00\x00\x0c\x00\\\x93\x01]\x93\x01^\x93\x01_\x93\x01\x00\x00\x00\x00\x00\x00\x00\x00\xf4\x19\x00\x00\t\x1a\x00\x00\t\x00\x93\x01\x03e\x07\x80\x00\x93\x04\x00\x00\x00\x00\x00\x00\x00\x00>\x1a\x00\x00N\x1a\x00\x00\x06\x00h\x93\x01i\x93\x01N\x1a\x00\x00R\x1a\x00\x00\x04\x00\xf3\x01h\x9fR\x1a\x00\x00l\x1a\x00\x00\x06\x00h\x93\x01i\x93\x01l\x1a\x00\x00o\x1a\x00\x00\x06\x00n\x93\x01o\x93\x01o\x1a\x00\x00\x9a\x1a\x00\x00\x04\x00\xf3\x01h\x9f\x00\x00\x00\x00\x00\x00\x00\x00L\x1a\x00\x00R\x1a\x00\x00\x02\x00B\x9f\x00\x00\x00\x00\x00\x00\x00\x00T\x1a\x00\x00o\x1a\x00\x00\x06\x00n\x93\x01o\x93\x01o\x1a\x00\x00\x9a\x1a\x00\x00\x04\x00\xf3\x01h\x9f\x00\x00\x00\x00\x00\x00\x00\x00T\x1a\x00\x00\x96\x1a\x00\x00\x03\x00\x08?\x9f\x00\x00\x00\x00\x00\x00\x00\x00T\x1a\x00\x00\\\x1a\x00\x00\x0b\x00\x8e\x02\x94\x02#\x01@$@&\x9f\\\x1a\x00\x00o\x1a\x00\x00\x07\x00\x86\x00@$@&\x9f\x00\x00\x00\x00\x00\x00\x00\x00T\x1a\x00\x00p\x1a\x00\x00\x03\x00\x08?\x9f\x00\x00\x00\x00\x00\x00\x00\x00T\x1a\x00\x00o\x1a\x00\x00\t\x00\x93\x01\x03e\x07\x80\x00\x93\x04\x00\x00\x00\x00\x00\x00\x00\x00\xa4\x1a\x00\x00\xb0\x1a\x00\x00\x02\x000\x9f\xb0\x1a\x00\x00\xc0\x1a\x00\x00\x02\x001\x9f\xc0\x1a\x00\x00\xd0\x1a\x00\x00\x02\x002\x9f\xd0\x1a\x00\x00\xe0\x1a\x00\x00\x02\x003\x9f\xe0\x1a\x00\x00\xe2\x1a\x00\x00\x02\x004\x9f\x00\x00\x00\x00\x00\x00\x00\x00\xa4\x1a\x00\x00\xe0\x1a\x00\x00\x02\x000\x9f\x00\x00\x00\x00\x00\x00\x00\x00\xa4\x1a\x00\x00\xaa\x1a\x00\x00\x02\x003\x9f\xaa\x1a\x00\x00\xac\x1a\x00\x00\x02\x002\x9f\xac\x1a\x00\x00\xae\x1a\x00\x00\x02\x001\x9f\xae\x1a\x00\x00\xb0\x1a\x00\x00\x02\x000\x9f\xb0\x1a\x00\x00\xb4\x1a\x00\x00\x02\x003\x9f\xb4\x1a\x00\x00\xb8\x1a\x00\x00\x02\x002\x9f\xb8\x1a\x00\x00\xbc\x1a\x00\x00\x02\x001\x9f\xbc\x1a\x00\x00\xc0\x1a\x00\x00\x02\x000\x9f\xc0\x1a\x00\x00\xc4\x1a\x00\x00\x02\x003\x9f\xc4\x1a\x00\x00\xc8\x1a\x00\x00\x02\x002\x9f\xc8\x1a\x00\x00\xcc\x1a\x00\x00\x02\x001\x9f\xcc\x1a\x00\x00\xd0\x1a\x00\x00\x02\x000\x9f\xd0\x1a\x00\x00\xd4\x1a\x00\x00\x02\x003\x9f\xd4\x1a\x00\x00\xd8\x1a\x00\x00\x02\x002\x9f\xd8\x1a\x00\x00\xdc\x1a\x00\x00\x02\x001\x9f\xdc\x1a\x00\x00\xe0\x1a\x00\x00\x02\x000\x9f\x00\x00\x00\x00\x00\x00\x00\x00\xe2\x1a\x00\x00\xea\x1a\x00\x00\x06\x00h\x93\x01i\x93\x01\xea\x1a\x00\x00\x08\x1b\x00\x00\x04\x00\xf3\x01h\x9f\x00\x00\x00\x00\x00\x00\x00\x00\xee\x1a\x00\x00\xf4\x1a\x00\x00\x02\x00B\x9f\x00\x00\x00\x00\x00\x00\x00\x00\x08\x1b\x00\x00\x16\x1b\x00\x00\x06\x00h\x93\x01i\x93\x01\x16\x1b\x00\x00\x1d\x1b\x00\x00\x06\x00n\x93\x01o\x93\x01\x1d\x1b\x00\x00\x1e\x1b\x00\x00\x04\x00\xf3\x01h\x9f\x1e\x1b\x00\x00 \x1b\x00\x00\x06\x00n\x93\x01o\x93\x01\x00\x00\x00\x00\x00\x00\x00\x00\x1a\x1b\x00\x00\x1d\x1b\x00\x00\x06\x00h\x93\x01i\x93\x01\x00\x00\x00\x00\x00\x00\x00\x00 \x1b\x00\x00"\x1b\x00\x00\x03\x00\x92 \x02"\x1b\x00\x00$\x1b\x00\x00\x03\x00\x92 \x03$\x1b\x00\x004\x1b\x00\x00\x03\x00\x92 \x04\x00\x00\x00\x00\x00\x00\x00\x00 \x1b\x00\x00)\x1b\x00\x00\x06\x00h\x93\x01i\x93\x01)\x1b\x00\x000\x1b\x00\x00\x06\x00l\x93\x01m\x93\x010\x1b\x00\x003\x1b\x00\x00\x06\x00h\x93\x01i\x93\x013\x1b\x00\x004\x1b\x00\x00\x04\x00\xf3\x01h\x9f\x00\x00\x00\x00\x00\x00\x00\x00*\x1b\x00\x000\x1b\x00\x00\x06\x00l\x93\x01m\x93\x010\x1b\x00\x003\x1b\x00\x00\x06\x00h\x93\x01i\x93\x013\x1b\x00\x004\x1b\x00\x00\x04\x00\xf3\x01h\x9f\x00\x00\x00\x00\x00\x00\x00\x004\x1b\x00\x00A\x1b\x00\x00\x06\x00h\x93\x01i\x93\x01A\x1b\x00\x00B\x1b\x00\x00\x04\x00\xf3\x01h\x9f\x00\x00\x00\x00\x00\x00\x00\x00B\x1b\x00\x00D\x1b\x00\x00\x03\x00\x92 \x02D\x1b\x00\x00F\x1b\x00\x00\x03\x00\x92 \x03F\x1b\x00\x00V\x1b\x00\x00\x03\x00\x92 \x04\x00\x00\x00\x00\x00\x00\x00\x00B\x1b\x00\x00K\x1b\x00\x00\x06\x00h\x93\x01i\x93\x01K\x1b\x00\x00R\x1b\x00\x00\x06\x00l\x93\x01m\x93\x01R\x1b\x00\x00U\x1b\x00\x00\x06\x00h\x93\x01i\x93\x01U\x1b\x00\x00V\x1b\x00\x00\x04\x00\xf3\x01h\x9f\x00\x00\x00\x00\x00\x00\x00\x00L\x1b\x00\x00R\x1b\x00\x00\x06\x00l\x93\x01m\x93\x01R\x1b\x00\x00U\x1b\x00\x00\x06\x00h\x93\x01i\x93\x01U\x1b\x00\x00V\x1b\x00\x00\x04\x00\xf3\x01h\x9f\x00\x00\x00\x00\x00\x00\x00\x00V\x1b\x00\x00X\x1b\x00\x00\x03\x00\x92 \x02X\x1b\x00\x00Z\x1b\x00\x00\x03\x00\x92 \x03Z\x1b\x00\x00z\x1b\x00\x00\x03\x00\x92 \x04\x00\x00\x00\x00\x00\x00\x00\x00V\x1b\x00\x00`\x1b\x00\x00\x06\x00h\x93\x01i\x93\x01`\x1b\x00\x00v\x1b\x00\x00\x06\x00l\x93\x01m\x93\x01v\x1b\x00\x00y\x1b\x00\x00\x06\x00h\x93\x01i\x93\x01y\x1b\x00\x00z\x1b\x00\x00\x04\x00\xf3\x01h\x9f\x00\x00\x00\x00\x00\x00\x00\x00d\x1b\x00\x00p\x1b\x00\x00\x03\x00\x8c\x13\x9f\x00\x00\x00\x00\x00\x00\x00\x00l\x1b\x00\x00o\x1b\x00\x00\x06\x00h\x93\x01i\x93\x01\x00\x00\x00\x00\x00\x00\x00\x00z\x1b\x00\x00|\x1b\x00\x00\x03\x00\x92 \x02|\x1b\x00\x00~\x1b\x00\x00\x03\x00\x92 \x03~\x1b\x00\x00\x8e\x1b\x00\x00\x03\x00\x92 \x04\x00\x00\x00\x00\x00\x00\x00\x00z\x1b\x00\x00\x83\x1b\x00\x00\x06\x00h\x93\x01i\x93\x01\x83\x1b\x00\x00\x8a\x1b\x00\x00\x06\x00l\x93\x01m\x93\x01\x8a\x1b\x00\x00\x8d\x1b\x00\x00\x06\x00h\x93\x01i\x93\x01\x8d\x1b\x00\x00\x8e\x1b\x00\x00\x04\x00\xf3\x01h\x9f\x00\x00\x00\x00\x00\x00\x00\x00\x84\x1b\x00\x00\x8a\x1b\x00\x00\x06\x00l\x93\x01m\x93\x01\x8a\x1b\x00\x00\x8d\x1b\x00\x00\x06\x00h\x93\x01i\x93\x01\x8d\x1b\x00\x00\x8e\x1b\x00\x00\x04\x00\xf3\x01h\x9f\x00\x00\x00\x00\x00\x00\x00\x00\x8e\x1b\x00\x00\x9b\x1b\x00\x00\x06\x00h\x93\x01i\x93\x01\x9b\x1b\x00\x00\x9c\x1b\x00\x00\x04\x00\xf3\x01h\x9f\x00\x00\x00\x00\x00\x00\x00\x00\x9c\x1b\x00\x00\x9e\x1b\x00\x00\x03\x00\x92 \x02\x9e\x1b\x00\x00\xa0\x1b\x00\x00\x03\x00\x92 \x03\xa0\x1b\x00\x00\xb0\x1b\x00\x00\x03\x00\x92 \x04\x00\x00\x00\x00\x00\x00\x00\x00\x9c\x1b\x00\x00\xa5\x1b\x00\x00\x06\x00h\x93\x01i\x93\x01\xa5\x1b\x00\x00\xac\x1b\x00\x00\x06\x00l\x93\x01m\x93\x01\xac\x1b\x00\x00\xaf\x1b\x00\x00\x06\x00h\x93\x01i\x93\x01\xaf\x1b\x00\x00\xb0\x1b\x00\x00\x04\x00\xf3\x01h\x9f\x00\x00\x00\x00\x00\x00\x00\x00\xa6\x1b\x00\x00\xac\x1b\x00\x00\x06\x00l\x93\x01m\x93\x01\xac\x1b\x00\x00\xaf\x1b\x00\x00\x06\x00h\x93\x01i\x93\x01\xaf\x1b\x00\x00\xb0\x1b\x00\x00\x04\x00\xf3\x01h\x9f\x00\x00\x00\x00\x00\x00\x00\x00\xb0\x1b\x00\x00\xb2\x1b\x00\x00\x03\x00\x92 \x02\xb2\x1b\x00\x00\xb4\x1b\x00\x00\x03\x00\x92 \x03\xb4\x1b\x00\x00\xb6\x1b\x00\x00\x03\x00\x92 \x04\xb6\x1b\x00\x00\xb8\x1b\x00\x00\x03\x00\x92 \x05\xb8\x1b\x00\x00\xba\x1b\x00\x00\x03\x00\x92 \x06\xba\x1b\x00\x00\xbc\x1b\x00\x00\x03\x00\x92 \x07\xbc\x1b\x00\x00 \x1c\x00\x00\x03\x00\x92 \x08\x00\x00\x00\x00\x00\x00\x00\x00\xb0\x1b\x00\x00\xc8\x1b\x00\x00\x06\x00h\x93\x01i\x93\x01\xc8\x1b\x00\x00\x16\x1c\x00\x00\x06\x00l\x93\x01m\x93\x01\x16\x1c\x00\x00 \x1c\x00\x00\x04\x00\xf3\x01h\x9f\x00\x00\x00\x00\x00\x00\x00\x00\xb0\x1b\x00\x00\xca\x1b\x00\x00\x06\x00f\x93\x01g\x93\x01\xca\x1b\x00\x00 \x1c\x00\x00\x04\x00\xf3\x01f\x9f\x00\x00\x00\x00\x00\x00\x00\x00 \x1c\x00\x00"\x1c\x00\x00\x03\x00\x92 \x02"\x1c\x00\x00$\x1c\x00\x00\x03\x00\x92 \x03$\x1c\x00\x00,\x1c\x00\x00\x03\x00\x92 \x04,\x1c\x00\x00.\x1c\x00\x00\x03\x00\x92 \x05.\x1c\x00\x000\x1c\x00\x00\x03\x00\x92 \x060\x1c\x00\x002\x1c\x00\x00\x03\x00\x92 \x072\x1c\x00\x004\x1c\x00\x00\x03\x00\x92 \x084\x1c\x00\x006\x1c\x00\x00\x03\x00\x92 \t6\x1c\x00\x00\xb4\x1c\x00\x00\x03\x00\x92 \n\x00\x00\x00\x00\x00\x00\x00\x00F\x1c\x00\x00J\x1c\x00\x00\x0c\x00h\x93\x01i\x93\x01j\x93\x01k\x93\x01J\x1c\x00\x00X\x1c\x00\x00\x03\x00\x88\x01\x9fX\x1c\x00\x00|\x1c\x00\x00\x0c\x00h\x93\x01i\x93\x01j\x93\x01k\x93\x01|\x1c\x00\x00\x92\x1c\x00\x00\x05\x00\x03|\x07\x80\x00\xa8\x1c\x00\x00\xb2\x1c\x00\x00\x03\x00\x88\x01\x9f\xb2\x1c\x00\x00\xb4\x1c\x00\x00\x0c\x00h\x93\x01i\x93\x01j\x93\x01k\x93\x01\x00\x00\x00\x00\x00\x00\x00\x00J\x1c\x00\x00N\x1c\x00\x00\x01\x00cN\x1c\x00\x00\x9e\x1c\x00\x00\x01\x00b\x9e\x1c\x00\x00\xa2\x1c\x00\x00\x05\x00\x03{\x07\x80\x00\xa8\x1c\x00\x00\xaa\x1c\x00\x00\x01\x00b\xaa\x1c\x00\x00\xac\x1c\x00\x00\x03\x00\x83\x03\x9f\xac\x1c\x00\x00\xb4\x1c\x00\x00\x01\x00b\x00\x00\x00\x00\x00\x00\x00\x00\x8c#\x00\x00\x8e#\x00\x00\x03\x00\x92 \x02\x8e#\x00\x00\x90#\x00\x00\x03\x00\x92 \x03\x90#\x00\x00\x94#\x00\x00\x03\x00\x92 \x04\x94#\x00\x00\x98#\x00\x00\x02\x00\x8c\x04\x98#\x00\x00\x8e-\x00\x00\x03\x00\x8c\xcb\x00\x00\x00\x00\x00\x00\x00\x00\x00\xd0$\x00\x00)%\x00\x00\x01\x00b\x00\x00\x00\x00\x00\x00\x00\x00\xd6$\x00\x00\xe0$\x00\x00\x01\x00h\x00\x00\x00\x00\x00\x00\x00\x00\xea$\x00\x00\x00%\x00\x00\x06\x00j\x93\x01k\x93\x01\x00\x00\x00\x00\x00\x00\x00\x00\xce$\x00\x00\xd4$\x00\x00\x06\x00n\x93\x01o\x93\x01\x00\x00\x00\x00\x00\x00\x00\x00\xd4$\x00\x00\xe2$\x00\x00\x06\x00n\x93\x01o\x93\x01\x00\x00\x00\x00\x00\x00\x00\x00\xe6$\x00\x00\xea$\x00\x00\x06\x00n\x93\x01o\x93\x01\x00\x00\x00\x00\x00\x00\x00\x00\xf0$\x00\x00\xf4$\x00\x00\x06\x00n\x93\x01o\x93\x01\x00\x00\x00\x00\x00\x00\x00\x00\xf6$\x00\x00\x00%\x00\x00\x01\x00h\x00\x00\x00\x00\x00\x00\x00\x00\x08%\x00\x00\x0e%\x00\x00\x06\x00n\x93\x01o\x93\x01\x0e%\x00\x00\x10%\x00\x00\x03\x00\x8e\x01\x9f\x10%\x00\x00\x12%\x00\x00\x06\x00n\x93\x01o\x93\x01\x00\x00\x00\x00\x00\x00\x00\x00:%\x00\x00F%\x00\x00\x02\x000\x9f\x00\x00\x00\x00\x00\x00\x00\x00\x86%\x00\x00\x92%\x00\x00\x06\x00\x0c8\xc1\x01\x00\x9f\x00\x00\x00\x00\x00\x00\x00\x00\x96%\x00\x00\xbe%\x00\x00\x03\x00\x08d\x9f\x00\x00\x00\x00\x00\x00\x00\x00\x14(\x00\x00v)\x00\x00\x02\x000\x9f\x14,\x00\x00~-\x00\x00\x02\x000\x9f\x00\x00\x00\x00\x00\x00\x00\x00\x14(\x00\x00@(\x00\x00\x02\x000\x9f\x00\x00\x00\x00\x00\x00\x00\x00\x14(\x00\x00R(\x00\x00\x02\x000\x9fR(\x00\x00\x9e(\x00\x00\x01\x00\\\x00\x00\x00\x00\x00\x00\x00\x00\x14(\x00\x00\x9e(\x00\x00\x02\x000\x9f\x9e(\x00\x00v)\x00\x00\x01\x00W\x14,\x00\x00~-\x00\x00\x01\x00W\x00\x00\x00\x00\x00\x00\x00\x00\x1a(\x00\x00\x9e(\x00\x00\x02\x000\x9f\x0c)\x00\x00r)\x00\x00\x01\x00V\x1c,\x00\x00\xa6,\x00\x00\x01\x00V\x00\x00\x00\x00\x00\x00\x00\x00\x1a(\x00\x00\x9e(\x00\x00\x02\x000\x9f\x00\x00\x00\x00\x00\x00\x00\x00\x1a(\x00\x00\x82(\x00\x00\x02\x000\x9f\x00\x00\x00\x00\x00\x00\x00\x00\x1a(\x00\x00\x9e(\x00\x00\x02\x000\x9f\xa8(\x00\x00\xcc(\x00\x00\x02\x000\x9f\xcc(\x00\x00\xec(\x00\x00\x02\x001\x9f\xec(\x00\x00\xf2(\x00\x00\x02\x005\x9f\x0c)\x00\x00r)\x00\x00\x06\x00Z\x93\x01[\x93\x01\x14,\x00\x00\x1c,\x00\x00\x02\x001\x9f\x1c,\x00\x00\xa6,\x00\x00\x06\x00Z\x93\x01[\x93\x01\x00\x00\x00\x00\x00\x00\x00\x00$(\x00\x00\x82(\x00\x00\x02\x000\x9f\x00\x00\x00\x00\x00\x00\x00\x000(\x00\x00\x8a(\x00\x00\x02\x000\x9f\x8a(\x00\x00v)\x00\x00\x07\x00r\x00H$0.\x9f\x14,\x00\x00~-\x00\x00\x07\x00r\x00H$0.\x9f\x00\x00\x00\x00\x00\x00\x00\x00F,\x00\x00j,\x00\x00\x06\x00Z\x93\x01[\x93\x01n,\x00\x00\xa6,\x00\x00\x06\x00Z\x93\x01[\x93\x01\x00\x00\x00\x00\x00\x00\x00\x00n,\x00\x00\xa4,\x00\x00\x06\x00Z\x93\x01[\x93\x01\x00\x00\x00\x00\x00\x00\x00\x00d(\x00\x00\x82(\x00\x00\x01\x00\\\x00\x00\x00\x00\x00\x00\x00\x00d(\x00\x00\x9e(\x00\x00\x0e\x00|\x00\x08\xff\x1a9\x1e\x03\xa0\x06\x80\x00"\x9f\x00\x00\x00\x00\x00\x00\x00\x00\xa8(\x00\x00\xc4(\x00\x00\x01\x00W\x00\x00\x00\x00\x00\x00\x00\x00\xa8(\x00\x00\xc0(\x00\x00\x02\x000\x9f\x00\x00\x00\x00\x00\x00\x00\x00\xa8(\x00\x00\xc0(\x00\x00\x02\x000\x9f\xc0(\x00\x00\xc2(\x00\x00\x06\x00w\x00x\x00"\x9f\xc2(\x00\x00\xc4(\x00\x00\x01\x00X\x00\x00\x00\x00\x00\x00\x00\x00\xd6(\x00\x00\xec(\x00\x00\x02\x004\x9f\x00\x00\x00\x00\x00\x00\x00\x00\x1c)\x00\x00D)\x00\x00\x01\x00V\x00\x00\x00\x00\x00\x00\x00\x00\x1c)\x00\x00D)\x00\x00\x01\x00W\x00\x00\x00\x00\x00\x00\x00\x00\x1c)\x00\x004)\x00\x00\x02\x000\x9f\x00\x00\x00\x00\x00\x00\x00\x00\x1c)\x00\x004)\x00\x00\x02\x000\x9f4)\x00\x006)\x00\x00\x16\x00w\x00\x8e\x00"\x08\xff\x1a9\x1e\x03\xa1\x06\x80\x00"\x94\x01v\x00"\x9f6)\x00\x00D)\x00\x00\x1b\x00w\x00\x03\x9d\x06\x80\x00\x94\x01"\x08\xff\x1a9\x1e\x03\xa1\x06\x80\x00"\x94\x01v\x00"\x9f\x00\x00\x00\x00\x00\x00\x00\x00\x1c)\x00\x004)\x00\x00\x01\x00W\x00\x00\x00\x00\x00\x00\x00\x00\x1c,\x00\x00),\x00\x00\x0c\x00b\x93\x01c\x93\x01d\x93\x01e\x93\x01\x00\x00\x00\x00\x00\x00\x00\x00\xea,\x00\x00~-\x00\x00\x06\x00Z\x93\x01[\x93\x01\x00\x00\x00\x00\x00\x00\x00\x00\xc8,\x00\x00\x10-\x00\x00\x06\x00V\x93\x01W\x93\x01\x00\x00\x00\x00\x00\x00\x00\x00\xc8,\x00\x00\x10-\x00\x00\x06\x00\xf2\xbd\x85\x00\x00\x00\x00\x00\x00\x00\x00\x00\x00\x00\xe0,\x00\x00\x10-\x00\x00\x06\x00Z\x93\x01[\x93\x01\x00\x00\x00\x00\x00\x00\x00\x00\x10-\x00\x00\x18-\x00\x00\x06\x00Z\x93\x01[\x93\x01\x00\x00\x00\x00\x00\x00\x00\x00\x18-\x00\x00~-\x00\x00\x06\x00Z\x93\x01[\x93\x01\x00\x00\x00\x00\x00\x00\x00\x00l-\x00\x00r-\x00\x00\x03\x00z\x04\x9fr-\x00\x00{-\x00\x00\x06\x00d\x93\x01e\x93\x01{-\x00\x00~-\x00\x00\x03\x00z\x04\x9f\x00\x00\x00\x00\x00\x00\x00\x00l-\x00\x00{-\x00\x00\x06\x00j\x93\x01k\x93\x01{-\x00\x00~-\x00\x00\x06\x00\\\x93\x01]\x93\x01\x00\x00\x00\x00\x00\x00\x00\x00\x12&\x00\x00,&\x00\x00\x02\x000\x9f,&\x00\x00D&\x00\x00\x01\x00hD&\x00\x00Y&\x00\x00\x02\x00\x8e\x00v)\x00\x00\xad)\x00\x00\x02\x00\x8e\x00\xc0)\x00\x00\xdf)\x00\x00\x02\x00\x8e\x00\x00\x00\x00\x00\x00\x00\x00\x00,&\x00\x00D&\x00\x00\x01\x00hD&\x00\x00Y&\x00\x00\x02\x00\x8e\x00v)\x00\x00\xad)\x00\x00\x02\x00\x8e\x00\xc0)\x00\x00\xdf)\x00\x00\x02\x00\x8e\x00\x00\x00\x00\x00\x00\x00\x00\x000*\x00\x00k*\x00\x00\x01\x00bn*\x00\x00\xaf*\x00\x00\x01\x00b\xb2*\x00\x00\xe5*\x00\x00\x01\x00b\x00\x00\x00\x00\x00\x00\x00\x00\xd0&\x00\x00v)\x00\x00\x02\x000\x9f\xe8*\x00\x00\x8e-\x00\x00\x02\x000\x9f\x00\x00\x00\x00\x00\x00\x00\x00\x00\'\x00\x004\'\x00\x00\x02\x001\x9f\x00\x00\x00\x00\x00\x00\x00\x00\x00\'\x00\x004\'\x00\x00\x02\x000\x9f\x00\x00\x00\x00\x00\x00\x00\x00\x00\'\x00\x004\'\x00\x00\x03\x00\x08@\x9f\x00\x00\x00\x00\x00\x00\x00\x00\x00\'\x00\x004\'\x00\x00\x06\x00d\x93\x01e\x93\x01\x00\x00\x00\x00\x00\x00\x00\x00\x00\'\x00\x00\x08\'\x00\x00\x03\x00\t\xff\x9f\x08\'\x00\x00&\'\x00\x00\x06\x00h\x93\x01i\x93\x01*\'\x00\x004\'\x00\x00\x06\x00h\x93\x01i\x93\x01\x00\x00\x00\x00\x00\x00\x00\x00\x00\'\x00\x00\x08\'\x00\x00\x02\x000\x9f\x00\x00\x00\x00\x00\x00\x00\x00\x00\'\x00\x00\x08\'\x00\x00\x02\x000\x9f\x08\'\x00\x00&\'\x00\x00\x0b\x00\x82\x00\x84\x00"\x94\x01\x89\x00\'\x9f\x00\x00\x00\x00\x00\x00\x00\x00\x08+\x00\x008+\x00\x00\x02\x000\x9f\x00\x00\x00\x00\x00\x00\x00\x00\x08+\x00\x00\x0c+\x00\x00\x06\x00h\x93\x01i\x93\x01\x0c+\x00\x008+\x00\x00\x05\x00\x03\x93\x05\x80\x00\x00\x00\x00\x00\x00\x00\x00\x00\x08+\x00\x008+\x00\x00\x03\x00\x08@\x9f\x00\x00\x00\x00\x00\x00\x00\x00\x08+\x00\x008+\x00\x00\x06\x00d\x93\x01e\x93\x01\x00\x00\x00\x00\x00\x00\x00\x00\x08+\x00\x00*+\x00\x00\x06\x00h\x93\x01i\x93\x01.+\x00\x008+\x00\x00\x06\x00h\x93\x01i\x93\x01\x00\x00\x00\x00\x00\x00\x00\x00\x08+\x00\x00\x0c+\x00\x00\x02\x000\x9f\x00\x00\x00\x00\x00\x00\x00\x00\x08+\x00\x00\x0c+\x00\x00\x02\x000\x9f\x0c+\x00\x00*+\x00\x00\x0b\x00\x82\x00\x84\x00"\x94\x01\x89\x00\'\x9f\x00\x00\x00\x00\x00\x00\x00\x00\xc0+\x00\x00\xfa+\x00\x00\x02\x000\x9f\x00\x00\x00\x00\x00\x00\x00\x00\xc0+\x00\x00\xc6+\x00\x00\x06\x00h\x93\x01i\x93\x01\xc6+\x00\x00\xfa+\x00\x00\x05\x00\x03\x93\x05\x80\x00\x00\x00\x00\x00\x00\x00\x00\x00\xc0+\x00\x00\xfa+\x00\x00\x0c\x00T\x93\x01U\x93\x01V\x93\x01W\x93\x01\x00\x00\x00\x00\x00\x00\x00\x00\xc0+\x00\x00\xfa+\x00\x00\x06\x00X\x93\x01Y\x93\x01\x00\x00\x00\x00\x00\x00\x00\x00\xc0+\x00\x00\xec+\x00\x00\x06\x00h\x93\x01i\x93\x01\xf0+\x00\x00\xfa+\x00\x00\x06\x00h\x93\x01i\x93\x01\x00\x00\x00\x00\x00\x00\x00\x00\xc0+\x00\x00\xc6+\x00\x00\x02\x000\x9f\xc6+\x00\x00\xfa+\x00\x00\x0c\x00d\x93\x01e\x93\x01f\x93\x01g\x93\x01\x00\x00\x00\x00\x00\x00\x00\x00\xc0+\x00\x00\xc6+\x00\x00\x02\x000\x9f\xd0+\x00\x00\xec+\x00\x00\x0b\x00\x84\x00x\x00"\x94\x01\x89\x00\'\x9f\x00\x00\x00\x00\x00\x00\x00\x00\x02,\x00\x00\x06,\x00\x00\x02\x000\x9f\x00\x00\x00\x00\x00\x00\x00\x00\x88\'\x00\x00\x90\'\x00\x00\n\x00\x9e\x08\xd0\x07\x00\x00\x00\x00\x00\x00\x00\x00\x00\x00\x00\x00\x00\x00\x88\'\x00\x00\x90\'\x00\x00\x04\x00\n\xd0\x07\x9f\x00\x00\x00\x00\x00\x00\x00\x00\x88\'\x00\x00\x90\'\x00\x00\x04\x00\n;\x1f\x9f\x00\x00\x00\x00\x00\x00\x00\x00\xb4\x1c\x00\x00\xb6\x1c\x00\x00\x03\x00\x92 \x02\xb6\x1c\x00\x00\xb8\x1c\x00\x00\x03\x00\x92 \x03\xb8\x1c\x00\x00\xc0\x1c\x00\x00\x03\x00\x92 \x04\xc0\x1c\x00\x00\xc2\x1c\x00\x00\x03\x00\x92 \x05\xc2\x1c\x00\x00\x92\x1d\x00\x00\x03\x00\x92 \x06\x00\x00\x00\x00\x00\x00\x00\x00\xc6\x1c\x00\x00B\x1d\x00\x00\x01\x00hn\x1d\x00\x00v\x1d\x00\x00\x01\x00h\x00\x00\x00\x00\x00\x00\x00\x00\xd4\x1c\x00\x00\xe8\x1c\x00\x00\x03\x00\x082\x9f\x00\x00\x00\x00\x00\x00\x00\x00\xd4\x1c\x00\x00\xe8\x1c\x00\x00\x02\x000\x9f\x00\x00\x00\x00\x00\x00\x00\x00\xf6\x1c\x00\x00\n\x1d\x00\x00\x02\x003\x9f\x00\x00\x00\x00\x00\x00\x00\x00\xf6\x1c\x00\x00\xfc\x1c\x00\x00\x02\x003\x9f\x00\x00\x00\x00\x00\x00\x00\x00\x92\x1d\x00\x00\x94\x1d\x00\x00\x03\x00\x92 \x02\x94\x1d\x00\x00\x96\x1d\x00\x00\x03\x00\x92 \x03\x96\x1d\x00\x00\x9e\x1d\x00\x00\x03\x00\x92 \x04\x9e\x1d\x00\x00\xa0\x1d\x00\x00\x03\x00\x92 \x05\xa0\x1d\x00\x00\xa2\x1d\x00\x00\x03\x00\x92 \x06\xa2\x1d\x00\x00\xa4\x1d\x00\x00\x03\x00\x92 \x07\xa4\x1d\x00\x00\xa6\x1d\x00\x00\x03\x00\x92 \x08\xa6\x1d\x00\x00\xa8\x1d\x00\x00\x03\x00\x92 \t\xa8\x1d\x00\x00\xaa\x1d\x00\x00\x03\x00\x92 \n\xaa\x1d\x00\x00\xac\x1d\x00\x00\x03\x00\x92 \x0b\xac\x1d\x00\x00\xae\x1d\x00\x00\x03\x00\x92 \x0c\xae\x1d\x00\x00\xb0\x1d\x00\x00\x03\x00\x92 \r\xb0\x1d\x00\x00\xb2\x1d\x00\x00\x03\x00\x92 \x0e\xb2\x1d\x00\x00\xb4\x1d\x00\x00\x03\x00\x92 \x0f\xb4\x1d\x00\x00\xb6\x1d\x00\x00\x03\x00\x92 \x10\xb6\x1d\x00\x00\xb8\x1d\x00\x00\x03\x00\x92 \x11\xb8\x1d\x00\x00\xba\x1d\x00\x00\x03\x00\x92 \x12\xba\x1d\x00\x00\xbc\x1d\x00\x00\x03\x00\x92 \x13\xbc\x1d\x00\x00\xbe\x1d\x00\x00\x03\x00\x92 \x14\xbe\x1d\x00\x00\xc0\x1d\x00\x00\x03\x00\x92 \x15\xc0\x1d\x00\x00\xc2\x1d\x00\x00\x03\x00\x92 \x16\xc2\x1d\x00\x00\xc4\x1d\x00\x00\x03\x00\x92 \x17\xc4\x1d\x00\x00\xc8\x1d\x00\x00\x03\x00\x92 \x18\xc8\x1d\x00\x00\xca\x1d\x00\x00\x02\x00\x8c\x18\xca\x1d\x00\x00\xf6!\x00\x00\x02\x00\x8c4\x00\x00\x00\x00\x00\x00\x00\x00\xec\x1d\x00\x00\x16\x1e\x00\x00\x01\x00hb\x1e\x00\x00\x82\x1e\x00\x00\x01\x00h\x8a\x1e\x00\x00\x9c\x1e\x00\x00\x01\x00h\xa0\x1e\x00\x00\xa4\x1e\x00\x00\x01\x00h\xb4\x1e\x00\x00\xdb\x1e\x00\x00\x01\x00h,\x1f\x00\x007\x1f\x00\x00\x01\x00h\x0c \x00\x00\x18 \x00\x00\x01\x00h\x1e \x00\x00& \x00\x00\x01\x00hh \x00\x00l \x00\x00\x01\x00h\x00\x00\x00\x00\x00\x00\x00\x00\xf8\x1d\x00\x00\x1e\x1e\x00\x00\x02\x001\x9fj\x1e\x00\x00\x8a\x1f\x00\x00\x02\x001\x9f\x8a\x1f\x00\x00\x8e\x1f\x00\x00\x01\x00h\x96\x1f\x00\x00\xf6!\x00\x00\x02\x001\x9f\x00\x00\x00\x00\x00\x00\x00\x00\xce\x1d\x00\x00\xd2\x1d\x00\x00\x02\x000\x9f\x00\x00\x00\x00\x00\x00\x00\x00\x02\x1e\x00\x00\x1e\x1e\x00\x00\x01\x00ij\x1e\x00\x00\xdb\x1e\x00\x00\x01\x00i,\x1f\x00\x007\x1f\x00\x00\x01\x00i\x0c \x00\x004 \x00\x00\x01\x00i\x00\x00\x00\x00\x00\x00\x00\x00\n\x1e\x00\x00\x1e\x1e\x00\x00\x06\x00d\x93\x01e\x93\x01j\x1e\x00\x00\xdb\x1e\x00\x00\x06\x00d\x93\x01e\x93\x01,\x1f\x00\x007\x1f\x00\x00\x06\x00d\x93\x01e\x93\x01\x0c \x00\x00h \x00\x00\x06\x00d\x93\x01e\x93\x01\x00\x00\x00\x00\x00\x00\x00\x00\x16\x1e\x00\x00\x1a\x1e\x00\x00\x01\x00h\x00\x00\x00\x00\x00\x00\x00\x00\x1a\x1e\x00\x00\x1e\x1e\x00\x00\x02\x000\x9f\x00\x00\x00\x00\x00\x00\x00\x00j\x1e\x00\x00p\x1e\x00\x00\x02\x000\x9f\x00\x00\x00\x00\x00\x00\x00\x00\xba\x1e\x00\x00\x8e\x1f\x00\x00\x03\x00\x91c\x9f\x96\x1f\x00\x00\x06 \x00\x00\x03\x00\x91c\x9f\xe0!\x00\x00\xf6!\x00\x00\x03\x00\x91c\x9f\x00\x00\x00\x00\x00\x00\x00\x00\xba\x1e\x00\x00\x8e\x1f\x00\x00\x01\x00_\x96\x1f\x00\x00\x06 \x00\x00\x01\x00_\xe0!\x00\x00\xf6!\x00\x00\x01\x00_\x00\x00\x00\x00\x00\x00\x00\x00l\x1f\x00\x00\x8e\x1f\x00\x00\x02\x000\x9f\x96\x1f\x00\x00\xfe\x1f\x00\x00\x02\x000\x9f\xfe\x1f\x00\x00\x06 \x00\x00\x06\x00f\x93\x01g\x93\x01\xea!\x00\x00\xf6!\x00\x00\x02\x000\x9f\x00\x00\x00\x00\x00\x00\x00\x00\x02 \x00\x00\x06 \x00\x00\x01\x00d\x00\x00\x00\x00\x00\x00\x00\x00\xd0\x1e\x00\x00\xdb\x1e\x00\x00\x02\x00\x91i\x00\x00\x00\x00\x00\x00\x00\x00\xdc\x1e\x00\x00"\x1f\x00\x00\x01\x00h\x00\x00\x00\x00\x00\x00\x00\x00\xd0\x1e\x00\x00\xd8\x1e\x00\x00\x02\x000\x9f\x00\x00\x00\x00\x00\x00\x00\x00\xd0\x1e\x00\x00,\x1f\x00\x00\x02\x000\x9f\x00\x00\x00\x00\x00\x00\x00\x00\x02\x1f\x00\x00\x06\x1f\x00\x00\x02\x000\x9f\x00\x00\x00\x00\x00\x00\x00\x008\x1f\x00\x00@\x1f\x00\x00\x06\x00h\x93\x01i\x93\x01\x00\x00\x00\x00\x00\x00\x00\x00@\x1f\x00\x00l\x1f\x00\x00\x06\x00`\x93\x01a\x93\x01\x00\x00\x00\x00\x00\x00\x00\x00^\x1f\x00\x00l\x1f\x00\x00\x06\x00h\x93\x01i\x93\x01\x00\x00\x00\x00\x00\x00\x00\x00\xac\x1f\x00\x00\xbc\x1f\x00\x00\x03\x00\x91O\x9f\xbc\x1f\x00\x00\xe4\x1f\x00\x00\x06\x00`\x93\x01a\x93\x01\x00\x00\x00\x00\x00\x00\x00\x00\xac\x1f\x00\x00\xbc\x1f\x00\x00\x06\x00h\x93\x01i\x93\x01\x00\x00\x00\x00\x00\x00\x00\x00\xb4\x1f\x00\x00\xe4\x1f\x00\x00\x06\x00^\x93\x01_\x93\x01\x00\x00\x00\x00\x00\x00\x00\x00\xfe\x1f\x00\x00\x06 \x00\x00\x06\x00f\x93\x01g\x93\x01\x00\x00\x00\x00\x00\x00\x00\x00\x16 \x00\x00\x1e \x00\x00\x02\x001\x9f\x00\x00\x00\x00\x00\x00\x00\x004 \x00\x00X \x00\x00\x01\x00h\x00\x00\x00\x00\x00\x00\x00\x00\x80 \x00\x00\xe0!\x00\x00\x03\x00\x91c\x9f\x00\x00\x00\x00\x00\x00\x00\x00\x80 \x00\x00\xd9 \x00\x00\x02\x00\x91g\xe2 \x00\x00*!\x00\x00\x02\x00\x91gP!\x00\x00n!\x00\x00\x02\x00\x91g\x8c!\x00\x00\x9e!\x00\x00\x02\x00\x91g\xaa!\x00\x00\xad!\x00\x00\x01\x00h\x00\x00\x00\x00\x00\x00\x00\x00\x86 \x00\x00\xaa!\x00\x00\x03\x00\x91c\x9f\x00\x00\x00\x00\x00\x00\x00\x00\x88 \x00\x00\x9e \x00\x00\x01\x00h\x9e \x00\x00\xa0 \x00\x00\x02\x00\x91d\xa0 \x00\x00\xae \x00\x00\x01\x00h\xae \x00\x00\xc4 \x00\x00\x02\x00\x91d\xc4 \x00\x00\xc8 \x00\x00\x01\x00h\xc8 \x00\x00\xd9 \x00\x00\x02\x00\x91d\xe2 \x00\x00\xea \x00\x00\x01\x00h\xea \x00\x00*!\x00\x00\x02\x00\x91dP!\x00\x00n!\x00\x00\x02\x00\x91d\x8c!\x00\x00\x9e!\x00\x00\x02\x00\x91d\x00\x00\x00\x00\x00\x00\x00\x00\x8a \x00\x00\xd9 \x00\x00\x01\x00i\xe2 \x00\x00>!\x00\x00\x01\x00iP!\x00\x00\xaa!\x00\x00\x01\x00i\x00\x00\x00\x00\x00\x00\x00\x00\xe0 \x00\x00\xe2 \x00\x00\x02\x000\x9f\x00\x00\x00\x00\x00\x00\x00\x00\xe8 \x00\x00\xaa!\x00\x00\x03\x00\x91c\x9f\x00\x00\x00\x00\x00\x00\x00\x00\xee \x00\x00\x00!\x00\x00\x04\x00\n\x00\x08\x9f\x00!\x00\x00P!\x00\x00\x06\x00n\x93\x01o\x93\x01P!\x00\x00V!\x00\x00\x04\x00\n\x00\x08\x9fV!\x00\x00\xaa!\x00\x00\x06\x00n\x93\x01o\x93\x01\x00\x00\x00\x00\x00\x00\x00\x00\xee \x00\x00\xf6 \x00\x00\x04\x00\n\xfe\x7f\x9f\x00\x00\x00\x00\x00\x00\x00\x00:!\x00\x00P!\x00\x00\x02\x003\x9f\x00\x00\x00\x00\x00\x00\x00\x00\xae!\x00\x00\xb6!\x00\x00\x06\x00h\x93\x01i\x93\x01\x00\x00\x00\x00\x00\x00\x00\x00\xb6!\x00\x00\xe0!\x00\x00\x06\x00`\x93\x01a\x93\x01\x00\x00\x00\x00\x00\x00\x00\x00l \x00\x00\x80 \x00\x00\x06\x00h\x93\x01i\x93\x01\x00\x00\x00\x00\x00\x00\x00\x00l \x00\x00p \x00\x00\x02\x000\x9f\x00\x00\x00\x00\x00\x00\x00\x00', rid = 14), image=b'\x12\x02\x00\x000\x02\x00\x00\x03\x00b\x93\x01\x00\x00\x00\x00\x00\x00\x00\x00\x10\x02\x00\x00\x1a\x02\x00\x00\x02\x003\x9f\x00\x00\x00\x00\x00\x00\x00\x00\x10\x02\x00\x00\x1a\x02\x00\x00\x06\x00\xf2\x10,\x00\x00\x00\x00\x00\x00\x00\x00\x00\x00\x00\x14\x02\x00\x00\x1a\x02\x00\x00\x02\x003\x9f\x00\x00\x00\x00\x00\x00\x00\x00.\x02\x00\x000\x02\x00\x00\x06\x00\xf2\x10,\x00\x00\x00\x00\x00\x00\x00\x00\x00\x00\x008\x02\x00\x00P\x02\x00\x00\x01\x00bP\x02\x00\x00\x82\x02\x00\x00\x03\x00\x82\x01\x9f\xac\x02\x00\x00\xb0\x02\x00\x00\x03\x00\x82\x01\x9f\xb4\x02\x00\x00\xb8\x02\x00\x00\x03\x00\x82\x01\x9f\xbc\x02\x00\x00\xbe\x02\x00\x00\x03\x00\x82\x01\x9f\xc4\x02\x00\x00\xc6\x02\x00\x00\x03\x00\x82\x01\x9f\xca\x02\x00\x00\xce\x02\x00\x00\x03\x00\x82\x01\x9f\xd6\x02\x00\x00\xda\x02\x00\x00\x03\x00\x82\x01\x9f\xde\x02\x00\x00\xe2\x02\x00\x00\x03\x00\x82\x01\x9f\xe6\x02\x00\x00\xea\x02\x00\x00\x03\x00\x82\x01\x9f\xf2\x02\x00\x00\xf6\x02\x00\x00\x03\x00\x82\x01\x9f\xfa\x02\x00\x00\xfe\x02\x00\x00\x03\x00\x82\x01\x9f\x00\x00\x00\x00\x00\x00\x00\x00>\x02\x00\x00\xa4\x02\x00\x00\x01\x00c\xa4\x02\x00\x00\xa6\x02\x00\x00\x04\x00\x83\x00 \x9f\xac\x02\x00\x00\x08\x03\x00\x00\x01\x00c\x00\x00\x00\x00\x00\x00\x00\x00D\x02\x00\x00\x90\x02\x00\x00\x01\x00i\xac\x02\x00\x00\x06\x03\x00\x00\x01\x00i\x00\x00\x00\x00\x00\x00\x00\x00\x98\x02\x00\x00\xaa\x02\x00\x00\x06\x00j\x93\x01k\x93\x01\x06\x03\x00\x00\n\x03\x00\x00\x06\x00j\x93\x01k\x93\x01\x00\x00\x00\x00\x00\x00\x00\x00\x9a\x02\x00\x00\xaa\x02\x00\x00\x01\x00i\x06\x03\x00\x00\n\x03\x00\x00\x01\x00i\x00\x00\x00\x00\x00\x00\x00\x006\x02\x00\x00<\x02\x00\x00\x06\x00n\x93\x01o\x93\x01\x00\x00\x00\x00\x00\x00\x00\x00<\x02\x00\x00B\x02\x00\x00\x06\x00n\x93\x01o\x93\x01\x00\x00\x00\x00\x00\x00\x00\x00B\x02\x00\x00V\x02\x00\x00\x06\x00n\x93\x01o\x93\x01\x00\x00\x00\x00\x00\x00\x00\x00N\x02\x00\x00P\x02\x00\x00\x01\x00bP\x02\x00\x00\x82\x02\x00\x00\x03\x00\x82\x01\x9f\xac\x02\x00\x00\xb0\x02\x00\x00\x03\x00\x82\x01\x9f\xb4\x02\x00\x00\xb8\x02\x00\x00\x03\x00\x82\x01\x9f\xbc\x02\x00\x00\xbe\x02\x00\x00\x03\x00\x82\x01\x9f\xc4\x02\x00\x00\xc6\x02\x00\x00\x03\x00\x82\x01\x9f\xca\x02\x00\x00\xce\x02\x00\x00\x03\x00\x82\x01\x9f\xd6\x02\x00\x00\xda\x02\x00\x00\x03\x00\x82\x01\x9f\xde\x02\x00\x00\xe2\x02\x00\x00\x03\x00\x82\x01\x9f\xe6\x02\x00\x00\xea\x02\x00\x00\x03\x00\x82\x01\x9f\xf2\x02\x00\x00\xf6\x02\x00\x00\x03\x00\x82\x01\x9f\xfa\x02\x00\x00\xfe\x02\x00\x00\x03\x00\x82\x01\x9f\x00\x00\x00\x00\x00\x00\x00\x00\x94\x02\x00\x00\x98\x02\x00\x00\x06\x00n\x93\x01o\x93\x01\x00\x00\x00\x00\x00\x00\x00\x00\n\x03\x00\x00\x10\x03\x00\x00\x06\x00h\x93\x01i\x93\x01\x10\x03\x00\x00^\x03\x00\x00\x06\x00n\x93\x01o\x93\x01\x00\x00\x00\x00\x00\x00\x00\x00\x16\x03\x00\x00X\x03\x00\x00\x03\x00c\x93\x01\x00\x00\x00\x00\x00\x00\x00\x000\x03\x00\x00B\x03\x00\x00\x03\x00\x88\x7f\x9f\x00\x00\x00\x00\x00\x00\x00\x000\x03\x00\x004\x03\x00\x00\x06\x00n\x93\x01o\x93\x014\x03\x00\x00B\x03\x00\x00\x03\x00\x8e\x01\x9f\x00\x00\x00\x00\x00\x00\x00\x00\x0c\x03\x00\x000\x03\x00\x00\x02\x001\x9f0\x03\x00\x00X\x03\x00\x00\x06\x00h\x93\x01i\x93\x01X\x03\x00\x00^\x03\x00\x00\x02\x001\x9f\x00\x00\x00\x00\x00\x00\x00\x00\x14\x03\x00\x00\x1e\x03\x00\x00\x02\x002\x9f\x00\x00\x00\x00\x00\x00\x00\x00\x14\x03\x00\x00\x1e\x03\x00\x00\x06\x00\xf2\xf5-\x00\x00\x00\x00\x00\x00\x00\x00\x00\x00\x00\x18\x03\x00\x00\x1e\x03\x00\x00\x02\x002\x9f\x00\x00\x00\x00\x00\x00\x00\x00T\x03\x00\x00X\x03\x00\x00\x06\x00\xf2\xf5-\x00\x00\x00\x00\x00\x00\x00\x00\x00\x00\x00\x9a\x03\x00\x00\xb4\x03\x00\x00\x0c\x00h\x93\x01i\x93\x01j\x93\x01k\x93\x01\x00\x00\x00\x00\x00\x00\x00\x00\x88\x03\x00\x00\xb4\x03\x00\x00\x01\x00c\xb4\x03\x00\x00\xd0\x03\x00\x00\x02\x00\x08_\x00\x00\x00\x00\x00\x00\x00\x00\xd0\x03\x00\x00\xd2\x03\x00\x00\x03\x00\x92 \x02\xd2\x03\x00\x00\xd4\x03\x00\x00\x03\x00\x92 \x03\xd4\x03\x00\x00\xd6\x03\x00\x00\x03\x00\x92 \x04\xd6\x03\x00\x00\xd8\x03\x00\x00\x03\x00\x92 \x05\xd8\x03\x00\x00\x00\x04\x00\x00\x03\x00\x92 \x06\x00\x00\x00\x00\x00\x00\x00\x00\xe0\x03\x00\x00\xfe\x03\x00\x00\x0c\x00\\\x93\x01]\x93\x01^\x93\x01_\x93\x01\x00\x00\x00\x00\x00\x00\x00\x00B\x04\x00\x00t\x04\x00\x00\x01\x00ht\x04\x00\x00\x84\x04\x00\x00\x02\x00\x08\xf1\x84\x04\x00\x00\x9a\x04\x00\x00\x04\x00\xf3\x01h\x9f\x9a\x04\x00\x00\x9c\x04\x00\x00\x01\x00h\x9c\x04\x00\x00\x9e\x04\x00\x00\x04\x00\xf3\x01h\x9f\x00\x00\x00\x00\x00\x00\x00\x00h\x04\x00\x00l\x04\x00\x00\x01\x00h\x00\x00\x00\x00\x00\x00\x00\x00\x9e\x04\x00\x00\xa0\x04\x00\x00\x03\x00\x92 \x02\xa0\x04\x00\x00\xa2\x04\x00\x00\x03\x00\x92 \x03\xa2\x04\x00\x00\xa4\x04\x00\x00\x03\x00\x92 \x04\xa4\x04\x00\x00\xa6\x04\x00\x00\x03\x00\x92 \x05\xa6\x04\x00\x00\xa8\x04\x00\x00\x03\x00\x92 \x06\xa8\x04\x00\x00\xaa\x04\x00\x00\x03\x00\x92 \x07\xaa\x04\x00\x00\x04\x05\x00\x00\x03\x00\x92 \x08\x00\x00\x00\x00\x00\x00\x00\x00\x9e\x04\x00\x00\xb4\x04\x00\x00\x06\x00h\x93\x01i\x93\x01\xb4\x04\x00\x00\x04\x05\x00\x00\x04\x00\xf3\x01h\x9f\x00\x00\x00\x00\x00\x00\x00\x00\x9e\x04\x00\x00\xbb\x04\x00\x00\x01\x00f\xbb\x04\x00\x00\xcc\x04\x00\x00\x01\x00^\xcc\x04\x00\x00\x04\x05\x00\x00\x04\x00\xf3\x01f\x9f\x00\x00\x00\x00\x00\x00\x00\x00\x9e\x04\x00\x00\xbb\x04\x00\x00\x01\x00d\xbb\x04\x00\x00\xf6\x04\x00\x00\x01\x00`\xf6\x04\x00\x00\xfc\x04\x00\x00\x04\x00\xf3\x01d\x9f\xfc\x04\x00\x00\x04\x05\x00\x00\x01\x00`\x00\x00\x00\x00\x00\x00\x00\x00\xc2\x04\x00\x00\xf6\x04\x00\x00\x07\x00\x80\x00H$0-\x9f\xf6\x04\x00\x00\xfc\x04\x00\x00\x08\x00\xf3\x01dH$0-\x9f\xfc\x04\x00\x00\x04\x05\x00\x00\x07\x00\x80\x00H$0-\x9f\x00\x00\x00\x00\x00\x00\x00\x00\xc2\x04\x00\x00\xcc\x04\x00\x00\x02\x000\x9f\xcc\x04\x00\x00\xea\x04\x00\x00\x07\x00\x8c\x00\xf3\x01h\x1c\x9f\xea\x04\x00\x00\xee\x04\x00\x00\x08\x00\xf3\x01h \x8c\x00"\x9f\xfc\x04\x00\x00\x04\x05\x00\x00\x07\x00\x8c\x00\xf3\x01h\x1c\x9f\x00\x00\x00\x00\x00\x00\x00\x00\xe0\x04\x00\x00\xe8\x04\x00\x00\x01\x00a\xe8\x04\x00\x00\xee\x04\x00\x00\x01\x00h\x00\x00\x00\x00\x00\x00\x00\x00\xd6\x04\x00\x00\xda\x04\x00\x00\x06\x00l\x93\x01m\x93\x01\x00\x00\x00\x00\x00\x00\x00\x00\x04\x05\x00\x00\x06\x05\x00\x00\x03\x00\x92 \x02\x06\x05\x00\x00\x08\x05\x00\x00\x03\x00\x92 \x03\x08\x05\x00\x00\n\x05\x00\x00\x03\x00\x92 \x04\n\x05\x00\x00\x0c\x05\x00\x00\x03\x00\x92 \x05\x0c\x05\x00\x00\x0e\x05\x00\x00\x03\x00\x92 \x06\x0e\x05\x00\x00\x10\x05\x00\x00\x03\x00\x92 \x07\x10\x05\x00\x00\x12\x05\x00\x00\x03\x00\x92 \x08\x12\x05\x00\x00P\x05\x00\x00\x03\x00\x92 \t\x00\x00\x00\x00\x00\x00\x00\x00\x04\x05\x00\x00\x1e\x05\x00\x00\x01\x00h\x1e\x05\x00\x00J\x05\x00\x00\x01\x00]J\x05\x00\x00L\x05\x00\x00\x04\x00\xf3\x01h\x9fL\x05\x00\x00P\x05\x00\x00\x01\x00]\x00\x00\x00\x00\x00\x00\x00\x00\x04\x05\x00\x00\x1e\x05\x00\x00\x06\x00f\x93\x01g\x93\x01\x1e\x05\x00\x00P\x05\x00\x00\x04\x00\xf3\x01f\x9f\x00\x00\x00\x00\x00\x00\x00\x00\x04\x05\x00\x00\x1e\x05\x00\x00\x06\x00d\x93\x01e\x93\x01\x1e\x05\x00\x002\x05\x00\x00\x0b\x00\x8c\x00 \x80\x00"\xf3\x01f"\x9f2\x05\x00\x00:\x05\x00\x00\n\x00\xf3\x01f\x80\x00"\x8c\x00\x1c\x9fL\x05\x00\x00P\x05\x00\x00\x0b\x00\x8c\x00 \x80\x00"\xf3\x01f"\x9f\x00\x00\x00\x00\x00\x00\x00\x00\x16\x05\x00\x00\x1e\x05\x00\x00\x06\x00d\x93\x01e\x93\x01\x1e\x05\x00\x00:\x05\x00\x00\x06\x00`\x93\x01a\x93\x01:\x05\x00\x00L\x05\x00\x00\x04\x00\xf3\x01d\x9fL\x05\x00\x00P\x05\x00\x00\x06\x00`\x93\x01a\x93\x01\x00\x00\x00\x00\x00\x00\x00\x00\x16\x05\x00\x00\x1e\x05\x00\x00\x06\x00f\x93\x01g\x93\x01\x1e\x05\x00\x00(\x05\x00\x00\x06\x00l\x93\x01m\x93\x01(\x05\x00\x002\x05\x00\x00\x03\x00\x8c\x01\x9f2\x05\x00\x00:\x05\x00\x00\x06\x00l\x93\x01m\x93\x01L\x05\x00\x00P\x05\x00\x00\x03\x00\x8c\x01\x9f\x00\x00\x00\x00\x00\x00\x00\x00\x16\x05\x00\x00\x1e\x05\x00\x00\x07\x00\x88\x00H$0-\x9f\x1e\x05\x00\x00J\x05\x00\x00\x07\x00}\x00H$0-\x9fJ\x05\x00\x00L\x05\x00\x00\x08\x00\xf3\x01hH$0-\x9fL\x05\x00\x00P\x05\x00\x00\x07\x00}\x00H$0-\x9f\x00\x00\x00\x00\x00\x00\x00\x00,\x05\x00\x00/\x05\x00\x00\x01\x00h\x00\x00\x00\x00\x00\x00\x00\x00(\x05\x00\x00,\x05\x00\x00\x06\x00l\x93\x01m\x93\x01\x00\x00\x00\x00\x00\x00\x00\x00P\x05\x00\x00R\x05\x00\x00\x03\x00\x92 \x02R\x05\x00\x00T\x05\x00\x00\x03\x00\x92 \x03T\x05\x00\x00V\x05\x00\x00\x03\x00\x92 \x04V\x05\x00\x00X\x05\x00\x00\x03\x00\x92 \x05X\x05\x00\x00Z\x05\x00\x00\x03\x00\x92 \x06Z\x05\x00\x00^\x05\x00\x00\x03\x00\x92 \x07^\x05\x00\x00\xb2\x05\x00\x00\x02\x00\x8c\x07\x00\x00\x00\x00\x00\x00\x00\x00^\x05\x00\x00p\x05\x00\x00\x03\x00\x8c\x01\x9f\x00\x00\x00\x00\x00\x00\x00\x00t\x05\x00\x00|\x05\x00\x00\x06\x00h\x93\x01i\x93\x01\x00\x00\x00\x00\x00\x00\x00\x00t\x05\x00\x00|\x05\x00\x00\x02\x000\x9f\x00\x00\x00\x00\x00\x00\x00\x00|\x05\x00\x00\xa4\x05\x00\x00\x06\x00`\x93\x01a\x93\x01\x00\x00\x00\x00\x00\x00\x00\x00\x98\x05\x00\x00\xa4\x05\x00\x00\x06\x00h\x93\x01i\x93\x01\x00\x00\x00\x00\x00\x00\x00\x00\xb2\x05\x00\x00\xb2\x05\x00\x00\x06\x00h\x93\x01i\x93\x01\xb2\x05\x00\x00\xb2\x05\x00\x00\x04\x00\xf3\x01h\x9f\xb2\x05\x00\x00\xbc\x05\x00\x00\x06\x00\xf3\x01h#\x01\x9f\xbc\x05\x00\x00\xc0\x05\x00\x00\x03\x00\x8e\x01\x9f\xc0\x05\x00\x00\xc2\x05\x00\x00\x06\x00h\x93\x01i\x93\x01\xc2\x05\x00\x00\xcc\x05\x00\x00\x04\x00\xf3\x01h\x9f\x00\x00\x00\x00\x00\x00\x00\x00\xb2\x05\x00\x00\xb2\x05\x00\x00\x01\x00f\xb2\x05\x00\x00\xb2\x05\x00\x00\x04\x00\xf3\x01f\x9f\xb2\x05\x00\x00\xcc\x05\x00\x00\x01\x00f\x00\x00\x00\x00\x00\x00\x00\x00\xcc\x05\x00\x00\xce\x05\x00\x00\x03\x00\x92 \x02\xce\x05\x00\x00\xd0\x05\x00\x00\x03\x00\x92 \x03\xd0\x05\x00\x00\xd2\x05\x00\x00\x03\x00\x92 \x04\xd2\x05\x00\x00\xd4\x05\x00\x00\x03\x00\x92 \x05\xd4\x05\x00\x00\xd6\x05\x00\x00\x03\x00\x92 \x06\xd6\x05\x00\x00\xd8\x05\x00\x00\x03\x00\x92 \x07\xd8\x05\x00\x00\xda\x05\x00\x00\x03\x00\x92 \x08\xda\x05\x00\x00\xdc\x05\x00\x00\x03\x00\x92 \t\xdc\x05\x00\x00\xde\x05\x00\x00\x03\x00\x92 \n\xde\x05\x00\x00\xe0\x05\x00\x00\x03\x00\x92 \x0b\xe0\x05\x00\x00\xe2\x05\x00\x00\x03\x00\x92 \x0c\xe2\x05\x00\x00\xe4\x05\x00\x00\x03\x00\x92 \r\xe4\x05\x00\x00\xce\x06\x00\x00\x03\x00\x92 \x0e\x00\x00\x00\x00\x00\x00\x00\x00\xcc\x05\x00\x00\xee\x05\x00\x00\x06\x00h\x93\x01i\x93\x01\xee\x05\x00\x00\xc4\x06\x00\x00\x06\x00\\\x93\x01]\x93\x01\xc4\x06\x00\x00\xce\x06\x00\x00\x04\x00\xf3\x01h\x9f\x00\x00\x00\x00\x00\x00\x00\x00\xcc\x05\x00\x00 \x06\x00\x00\x06\x00f\x93\x01g\x93\x01 \x06\x00\x00\xce\x06\x00\x00\x04\x00\xf3\x01f\x9f\x00\x00\x00\x00\x00\x00\x00\x00\xcc\x05\x00\x00 \x06\x00\x00\x06\x00d\x93\x01e\x93\x01 \x06\x00\x00\xb2\x06\x00\x00\x06\x00`\x93\x01a\x93\x01\xb2\x06\x00\x00\xce\x06\x00\x00\x04\x00\xf3\x01d\x9f\x00\x00\x00\x00\x00\x00\x00\x00\xf4\x05\x00\x00 \x06\x00\x00\x06\x00d\x93\x01e\x93\x01 \x06\x00\x00\xa4\x06\x00\x00\x06\x00`\x93\x01a\x93\x01\x00\x00\x00\x00\x00\x00\x00\x00\xf4\x05\x00\x00 \x06\x00\x00\x06\x00f\x93\x01g\x93\x01 \x06\x00\x00\xa4\x06\x00\x00\x04\x00\xf3\x01f\x9f\x00\x00\x00\x00\x00\x00\x00\x00\xf4\x05\x00\x00\xa4\x06\x00\x00\x06\x00\\\x93\x01]\x93\x01\x00\x00\x00\x00\x00\x00\x00\x00\xf4\x05\x00\x00\x9e\x06\x00\x00\x02\x003\x9f\x00\x00\x00\x00\x00\x00\x00\x00\xf4\x05\x00\x00 \x06\x00\x00\x06\x00d\x93\x01e\x93\x01 \x06\x00\x00\x9e\x06\x00\x00\x06\x00l\x93\x01m\x93\x01\x00\x00\x00\x00\x00\x00\x00\x00\xf4\x05\x00\x00 \x06\x00\x00\x06\x00f\x93\x01g\x93\x01 \x06\x00\x00\x9e\x06\x00\x00\x04\x00\xf3\x01f\x9f\x00\x00\x00\x00\x00\x00\x00\x00 \x06\x00\x00d\x06\x00\x00\x06\x00^\x93\x01_\x93\x01d\x06\x00\x00d\x06\x00\x00\x06\x00n\x93\x01o\x93\x01d\x06\x00\x00j\x06\x00\x00\x03\x00\x8e\x01\x9fj\x06\x00\x00t\x06\x00\x00\x06\x00n\x93\x01o\x93\x01t\x06\x00\x00\x9e\x06\x00\x00\x06\x00^\x93\x01_\x93\x01\x00\x00\x00\x00\x00\x00\x00\x00 \x06\x00\x00\x9e\x06\x00\x00\x01\x00Z\x00\x00\x00\x00\x00\x00\x00\x00 \x06\x00\x00|\x06\x00\x00\x01\x00[\x80\x06\x00\x00\x90\x06\x00\x00\x01\x00[\x96\x06\x00\x00\x9e\x06\x00\x00\x01\x00[\x00\x00\x00\x00\x00\x00\x00\x00,\x06\x00\x009\x06\x00\x00\x01\x00h<\x06\x00\x00V\x06\x00\x00\x01\x00hZ\x06\x00\x00|\x06\x00\x00\x01\x00h\x80\x06\x00\x00\x84\x06\x00\x00\x01\x00h\x00\x00\x00\x00\x00\x00\x00\x00H\x06\x00\x00X\x06\x00\x00\x03\x00i\x93\x01Z\x06\x00\x00\x96\x06\x00\x00\x03\x00i\x93\x01\x00\x00\x00\x00\x00\x00\x00\x00F\x06\x00\x00N\x06\x00\x00\x02\x003\x9f\x00\x00\x00\x00\x00\x00\x00\x00F\x06\x00\x00N\x06\x00\x00\x06\x00\xf2\x075\x00\x00\x00\x00\x00\x00\x00\x00\x00\x00\x00J\x06\x00\x00N\x06\x00\x00\x02\x003\x9f\x00\x00\x00\x00\x00\x00\x00\x00V\x06\x00\x00X\x06\x00\x00\x06\x00\xf2\x075\x00\x00\x00\x00\x00\x00\x00\x00\x00\x00\x00j\x06\x00\x00p\x06\x00\x00\x01\x00d\x00\x00\x00\x00\x00\x00\x00\x00\xa4\x06\x00\x00\xb2\x06\x00\x00\x06\x00\\\x93\x01]\x93\x01\x00\x00\x00\x00\x00\x00\x00\x00\xa4\x06\x00\x00\xae\x06\x00\x00\x02\x001\x9f\x00\x00\x00\x00\x00\x00\x00\x00\xce\x06\x00\x00\xd0\x06\x00\x00\x03\x00\x92 \x02\xd0\x06\x00\x00\xd2\x06\x00\x00\x03\x00\x92 \x03\xd2\x06\x00\x00\xd4\x06\x00\x00\x03\x00\x92 \x04\xd4\x06\x00\x00\xd8\x06\x00\x00\x03\x00\x92 \x05\xd8\x06\x00\x00\xfa\x06\x00\x00\x02\x00\x8c\x05\x00\x00\x00\x00\x00\x00\x00\x00\xce\x06\x00\x00\xf1\x06\x00\x00\x06\x00h\x93\x01i\x93\x01\xf1\x06\x00\x00\xfa\x06\x00\x00\x04\x00\xf3\x01h\x9f\x00\x00\x00\x00\x00\x00\x00\x00\xce\x06\x00\x00\xec\x06\x00\x00\x01\x00f\xec\x06\x00\x00\xf1\x06\x00\x00\x02\x00\x8c\x01\x00\x00\x00\x00\x00\x00\x00\x00\xfa\x06\x00\x00\xfc\x06\x00\x00\x06\x00h\x93\x01i\x93\x01\xfc\x06\x00\x00\x10\x07\x00\x00\x04\x00\xf3\x01h\x9f\x00\x00\x00\x00\x00\x00\x00\x00\xfa\x06\x00\x00\x0e\x07\x00\x00\x02\x003\x9f\x00\x00\x00\x00\x00\x00\x00\x00\xfa\x06\x00\x00\x00\x07\x00\x00\x02\x003\x9f\x00\x00\x00\x00\x00\x00\x00\x00\x10\x07\x00\x00\x13\x07\x00\x00\x06\x00h\x93\x01i\x93\x01\x13\x07\x00\x00\x18\x07\x00\x00\x04\x00\xf3\x01h\x9f\x00\x00\x00\x00\x00\x00\x00\x00\x18\x07\x00\x00\x1a\x07\x00\x00\x03\x00\x92 \x02\x1a\x07\x00\x00\x1c\x07\x00\x00\x03\x00\x92 \x03\x1c\x07\x00\x00\x1e\x07\x00\x00\x03\x00\x92 \x04\x1e\x07\x00\x00"\x07\x00\x00\x03\x00\x92 \x05"\x07\x00\x00T\x07\x00\x00\x02\x00\x8c\x05\x00\x00\x00\x00\x00\x00\x00\x00\x18\x07\x00\x00(\x07\x00\x00\x06\x00h\x93\x01i\x93\x01(\x07\x00\x004\x07\x00\x00\x06\x00n\x93\x01o\x93\x014\x07\x00\x00<\x07\x00\x00\x04\x00\xf3\x01h\x9f<\x07\x00\x00C\x07\x00\x00\x06\x00n\x93\x01o\x93\x01C\x07\x00\x00T\x07\x00\x00\x04\x00\xf3\x01h\x9f\x00\x00\x00\x00\x00\x00\x00\x00,\x07\x00\x004\x07\x00\x00\x06\x00h\x93\x01i\x93\x01\x00\x00\x00\x00\x00\x00\x00\x00<\x07\x00\x00R\x07\x00\x00\x02\x002\x9f\x00\x00\x00\x00\x00\x00\x00\x00T\x07\x00\x00V\x07\x00\x00\x03\x00\x92 \x02V\x07\x00\x00X\x07\x00\x00\x03\x00\x92 \x03X\x07\x00\x00Z\x07\x00\x00\x03\x00\x92 \x04Z\x07\x00\x00\\\x07\x00\x00\x03\x00\x92 \x05\\\x07\x00\x00^\x07\x00\x00\x03\x00\x92 \x06^\x07\x00\x00b\x07\x00\x00\x03\x00\x92 \x07b\x07\x00\x00\x9c\x07\x00\x00\x02\x00\x8c\x07\x00\x00\x00\x00\x00\x00\x00\x00T\x07\x00\x00j\x07\x00\x00\x06\x00h\x93\x01i\x93\x01j\x07\x00\x00\x94\x07\x00\x00\x06\x00`\x93\x01a\x93\x01\x94\x07\x00\x00\x96\x07\x00\x00\x06\x00n\x93\x01o\x93\x01\x96\x07\x00\x00\x9c\x07\x00\x00\x06\x00`\x93\x01a\x93\x01\x00\x00\x00\x00\x00\x00\x00\x00n\x07\x00\x00~\x07\x00\x00\x02\x002\x9f\x96\x07\x00\x00\x9c\x07\x00\x00\x02\x002\x9f\x00\x00\x00\x00\x00\x00\x00\x00\x9c\x07\x00\x00\xa2\x07\x00\x00\x06\x00h\x93\x01i\x93\x01\xa2\x07\x00\x00\xd0\x07\x00\x00\x06\x00n\x93\x01o\x93\x01\x00\x00\x00\x00\x00\x00\x00\x00\xa6\x07\x00\x00\xb6\x07\x00\x00\x02\x002\x9f\x00\x00\x00\x00\x00\x00\x00\x00\xa8\x07\x00\x00\xb6\x07\x00\x00\x03\x00i\x93\x01\x00\x00\x00\x00\x00\x00\x00\x00\xa6\x07\x00\x00\xb0\x07\x00\x00\x02\x002\x9f\x00\x00\x00\x00\x00\x00\x00\x00\xa6\x07\x00\x00\xb0\x07\x00\x00\x06\x00\xf2\xcc8\x00\x00\x00\x00\x00\x00\x00\x00\x00\x00\x00\xaa\x07\x00\x00\xb0\x07\x00\x00\x02\x002\x9f\x00\x00\x00\x00\x00\x00\x00\x00\xb4\x07\x00\x00\xb6\x07\x00\x00\x06\x00\xf2\xcc8\x00\x00\x00\x00\x00\x00\x00\x00\x00\x00\x00\xbc\x07\x00\x00\xcc\x07\x00\x00\x02\x002\x9f\x00\x00\x00\x00\x00\x00\x00\x00\xbe\x07\x00\x00\xcc\x07\x00\x00\x03\x00i\x93\x01\x00\x00\x00\x00\x00\x00\x00\x00\xbc\x07\x00\x00\xc6\x07\x00\x00\x02\x002\x9f\x00\x00\x00\x00\x00\x00\x00\x00\xbc\x07\x00\x00\xc6\x07\x00\x00\x06\x00\xf2e9\x00\x00\x00\x00\x00\x00\x00\x00\x00\x00\x00\xc0\x07\x00\x00\xc6\x07\x00\x00\x02\x002\x9f\x00\x00\x00\x00\x00\x00\x00\x00\xca\x07\x00\x00\xcc\x07\x00\x00\x06\x00\xf2e9\x00\x00\x00\x00\x00\x00\x00\x00\x00\x00\x00\xd0\x07\x00\x00\xd2\x07\x00\x00\x03\x00\x92 \x02\xd2\x07\x00\x00\xd4\x07\x00\x00\x03\x00\x92 \x03\xd4\x07\x00\x00\xd6\x07\x00\x00\x03\x00\x92 \x04\xd6\x07\x00\x00\xd8\x07\x00\x00\x03\x00\x92 \x05\xd8\x07\x00\x00R\x08\x00\x00\x03\x00\x92 \x06\x00\x00\x00\x00\x00\x00\x00\x00\xd0\x07\x00\x00\xde\x07\x00\x00\x06\x00h\x93\x01i\x93\x01\xde\x07\x00\x00L\x08\x00\x00\x06\x00l\x93\x01m\x93\x01L\x08\x00\x00R\x08\x00\x00\x04\x00\xf3\x01h\x9f\x00\x00\x00\x00\x00\x00\x00\x00\xfe\x07\x00\x002\x08\x00\x00\x06\x00`\x93\x01a\x93\x01H\x08\x00\x00P\x08\x00\x00\x06\x00`\x93\x01a\x93\x01\x00\x00\x00\x00\x00\x00\x00\x00V\x08\x00\x00\x9a\x08\x00\x00\x01\x00h\x9a\x08\x00\x00\xa0\x08\x00\x00\x04\x00\xf3\x01h\x9f\xa0\x08\x00\x00\xa4\x08\x00\x00\x01\x00h\xa4\x08\x00\x00\xa6\x08\x00\x00\x04\x00\xf3\x01h\x9f\x00\x00\x00\x00\x00\x00\x00\x00V\x08\x00\x00z\x08\x00\x00\x02\x000\x9fz\x08\x00\x00\x9a\x08\x00\x00\x01\x00c\xa0\x08\x00\x00\xa6\x08\x00\x00\x02\x000\x9f\x00\x00\x00\x00\x00\x00\x00\x00V\x08\x00\x00z\x08\x00\x00\x02\x000\x9f\xa0\x08\x00\x00\xa6\x08\x00\x00\x02\x000\x9f\x00\x00\x00\x00\x00\x00\x00\x00V\x08\x00\x00\x9a\x08\x00\x00\x02\x001\x9f\x9a\x08\x00\x00\xa0\x08\x00\x00\x01\x00h\xa0\x08\x00\x00\xa6\x08\x00\x00\x02\x001\x9f\x00\x00\x00\x00\x00\x00\x00\x00V\x08\x00\x00z\x08\x00\x00\x02\x000\x9fz\x08\x00\x00\xa0\x08\x00\x00\x01\x00i\xa0\x08\x00\x00\xa6\x08\x00\x00\x02\x000\x9f\x00\x00\x00\x00\x00\x00\x00\x00~\x08\x00\x00\x80\x08\x00\x00\x01\x00c\x00\x00\x00\x00\x00\x00\x00\x00~\x08\x00\x00\x84\x08\x00\x00\x0e\x00\x83\x00\x08\xff\x1a9\x1e\x03\xa0\x06\x80\x00"\x9f\x84\x08\x00\x00\x8c\x08\x00\x00\x0e\x00\x83\x7f\x08\xff\x1a9\x1e\x03\xa0\x06\x80\x00"\x9f\x00\x00\x00\x00\x00\x00\x00\x00\xa6\x08\x00\x00\xc0\x08\x00\x00\x02\x001\x9f\x00\x00\x00\x00\x00\x00\x00\x00\xa6\x08\x00\x00\xb0\x08\x00\x00\x02\x000\x9f\xb0\x08\x00\x00\xc0\x08\x00\x00\x01\x00i\x00\x00\x00\x00\x00\x00\x00\x00\xa6\x08\x00\x00\xb0\x08\x00\x00\x02\x000\x9f\x00\x00\x00\x00\x00\x00\x00\x00\xc2\x08\x00\x00\x1c\t\x00\x00\x03\x00\x08\xff\x9f\x1c\t\x00\x00\x1e\t\x00\x00\x03\x00\x08)\x9f\x00\x00\x00\x00\x00\x00\x00\x00\xce\x08\x00\x00\xd2\x08\x00\x00\x02\x002\x9f\xd2\x08\x00\x00\xd6\x08\x00\x00\x02\x001\x9f\xd6\x08\x00\x00\xda\x08\x00\x00\x02\x000\x9f\x00\x00\x00\x00\x00\x00\x00\x00\xce\x08\x00\x00\xda\x08\x00\x00\x02\x000\x9f\x00\x00\x00\x00\x00\x00\x00\x00\xfc\x08\x00\x00\x02\t\x00\x00\x06\x00n\x93\x01o\x93\x01\x02\t\x00\x00\x04\t\x00\x00\x03\x00\x8e\x01\x9f\x04\t\x00\x00\x06\t\x00\x00\x06\x00n\x93\x01o\x93\x01\x00\x00\x00\x00\x00\x00\x00\x00\x1e\t\x00\x00.\t\x00\x00\x06\x00h\x93\x01i\x93\x01.\t\x00\x000\t\x00\x00\x06\x00j\x93\x01k\x93\x01\x00\x00\x00\x00\x00\x00\x00\x000\t\x00\x002\t\x00\x00\x03\x00\x92 \x022\t\x00\x004\t\x00\x00\x03\x00\x92 \x034\t\x00\x006\t\x00\x00\x03\x00\x92 \x046\t\x00\x008\t\x00\x00\x03\x00\x92 \x058\t\x00\x00d\t\x00\x00\x03\x00\x92 \x06\x00\x00\x00\x00\x00\x00\x00\x000\t\x00\x00?\t\x00\x00\x06\x00h\x93\x01i\x93\x01?\t\x00\x00b\t\x00\x00\x06\x00`\x93\x01a\x93\x01b\t\x00\x00d\t\x00\x00\x04\x00\xf3\x01h\x9f\x00\x00\x00\x00\x00\x00\x00\x00:\t\x00\x00J\t\x00\x00\x02\x000\x9fJ\t\x00\x00d\t\x00\x00\x06\x00h\x93\x01i\x93\x01\x00\x00\x00\x00\x00\x00\x00\x00:\t\x00\x00B\t\x00\x00\x02\x000\x9fB\t\x00\x00F\t\x00\x00\x06\x00h\x93\x01i\x93\x01F\t\x00\x00^\t\x00\x00\x06\x00l\x93\x01m\x93\x01\x00\x00\x00\x00\x00\x00\x00\x00d\t\x00\x00f\t\x00\x00\x03\x00\x92 \x02f\t\x00\x00h\t\x00\x00\x03\x00\x92 \x03h\t\x00\x00\xc4\t\x00\x00\x03\x00\x92 \x04\x00\x00\x00\x00\x00\x00\x00\x00p\t\x00\x00\xb6\t\x00\x00\x06\x00d\x93\x01e\x93\x01\xb6\t\x00\x00\xc3\t\x00\x00\x05\x00\x03\x02\x01\x80\x00\x00\x00\x00\x00\x00\x00\x00\x00\xb2\t\x00\x00\xb6\t\x00\x00\x03\x00\x84\x04\x9f\xb6\t\x00\x00\xc3\t\x00\x00\x06\x00d\x93\x01e\x93\x01\x00\x00\x00\x00\x00\x00\x00\x00\xb2\t\x00\x00\xc3\t\x00\x00\x06\x00j\x93\x01k\x93\x01\x00\x00\x00\x00\x00\x00\x00\x00\xc4\t\x00\x00\xdc\t\x00\x00\x01\x00h\xdc\t\x00\x00\xe1\t\x00\x00\x02\x00\x8e\x05\xe1\t\x00\x00\xe2\t\x00\x00\x04\x00\xf3\x01h\x9f\x00\x00\x00\x00\x00\x00\x00\x00\xc4\t\x00\x00\xdc\t\x00\x00\x01\x00h\xdc\t\x00\x00\xe1\t\x00\x00\x02\x00\x8e\x05\xe1\t\x00\x00\xe2\t\x00\x00\x04\x00\xf3\x01h\x9f\x00\x00\x00\x00\x00\x00\x00\x00\xd0\t\x00\x00\xd8\t\x00\x00\x02\x002\x9f\x00\x00\x00\x00\x00\x00\x00\x00\xe2\t\x00\x00\xe4\t\x00\x00\x03\x00\x92 \x02\xe4\t\x00\x002\n\x00\x00\x03\x00\x92 \x03\x00\x00\x00\x00\x00\x00\x00\x00\xe2\t\x00\x00\xe9\t\x00\x00\x06\x00h\x93\x01i\x93\x01\xe9\t\x00\x002\n\x00\x00\x04\x00\xf3\x01h\x9f\x00\x00\x00\x00\x00\x00\x00\x00\xec\t\x00\x00\xfc\t\x00\x00\x01\x00h\xfc\t\x00\x00\xfe\t\x00\x00\x01\x00l\x02\n\x00\x00\x0c\n\x00\x00\x01\x00h\x0c\n\x00\x002\n\x00\x00\x01\x00l\x00\x00\x00\x00\x00\x00\x00\x00\xec\t\x00\x00\xfc\t\x00\x00\x02\x000\x9f\x02\n\x00\x00.\n\x00\x00\x02\x000\x9f\x00\x00\x00\x00\x00\x00\x00\x00\xec\t\x00\x00\xfc\t\x00\x00\x02\x000\x9f\x02\n\x00\x00.\n\x00\x00\x02\x000\x9f.\n\x00\x002\n\x00\x00\x02\x007\x9f\x00\x00\x00\x00\x00\x00\x00\x00\xfa\t\x00\x00\xfc\t\x00\x00\x02\x00B\x9f\x00\x00\x00\x00\x00\x00\x00\x00\x10\n\x00\x00.\n\x00\x00\x01\x00l\x00\x00\x00\x00\x00\x00\x00\x002\n\x00\x004\n\x00\x00\x06\x00h\x93\x01i\x93\x014\n\x00\x008\n\x00\x00\x04\x00\xf3\x01h\x9f\x00\x00\x00\x00\x00\x00\x00\x008\n\x00\x00:\n\x00\x00\x06\x00h\x93\x01i\x93\x01:\n\x00\x00>\n\x00\x00\x04\x00\xf3\x01h\x9f\x00\x00\x00\x00\x00\x00\x00\x00F\n\x00\x00N\n\x00\x00\x02\x001\x9f\x00\x00\x00\x00\x00\x00\x00\x00X\n\x00\x00a\n\x00\x00\x06\x00h\x93\x01i\x93\x01a\n\x00\x00b\n\x00\x00\x04\x00\xf3\x01h\x9fb\n\x00\x00e\n\x00\x00\x06\x00h\x93\x01i\x93\x01e\n\x00\x00f\n\x00\x00\x04\x00\xf3\x01h\x9f\x00\x00\x00\x00\x00\x00\x00\x00f\n\x00\x00h\n\x00\x00\x03\x00\x92 \x02h\n\x00\x00j\n\x00\x00\x03\x00\x92 \x03j\n\x00\x00l\n\x00\x00\x03\x00\x92 \x04l\n\x00\x006\x0b\x00\x00\x03\x00\x92 \x05\x00\x00\x00\x00\x00\x00\x00\x00f\n\x00\x00|\n\x00\x00\x06\x00h\x93\x01i\x93\x01|\n\x00\x00\x86\n\x00\x00\x04\x00\xf3\x01h\x9f\x86\n\x00\x00\x8d\n\x00\x00\x06\x00h\x93\x01i\x93\x01\x8d\n\x00\x00\xb8\n\x00\x00\x06\x00l\x93\x01m\x93\x01\xb8\n\x00\x00*\x0b\x00\x00\x04\x00\xf3\x01h\x9f*\x0b\x00\x000\x0b\x00\x00\x06\x00l\x93\x01m\x93\x010\x0b\x00\x006\x0b\x00\x00\x04\x00\xf3\x01h\x9f\x00\x00\x00\x00\x00\x00\x00\x00z\n\x00\x00\x86\n\x00\x00\x02\x00B\x9f\x00\x00\x00\x00\x00\x00\x00\x00\x88\n\x00\x00\xb8\n\x00\x00\x06\x00l\x93\x01m\x93\x01\xb8\n\x00\x00*\x0b\x00\x00\x04\x00\xf3\x01h\x9f*\x0b\x00\x000\x0b\x00\x00\x06\x00l\x93\x01m\x93\x010\x0b\x00\x006\x0b\x00\x00\x04\x00\xf3\x01h\x9f\x00\x00\x00\x00\x00\x00\x00\x00\x8e\n\x00\x00\x04\x0b\x00\x00\x01\x00h*\x0b\x00\x00.\x0b\x00\x00\x01\x00h0\x0b\x00\x004\x0b\x00\x00\x01\x00h\x00\x00\x00\x00\x00\x00\x00\x00\x8e\n\x00\x00\xb8\n\x00\x00\x06\x00\x8c\x02\x94\x02#\x05\xb8\n\x00\x00\xc4\n\x00\x00\x02\x00\x8e\x05\xc4\n\x00\x00\xd0\n\x00\x00\t\x00\xf3\x01h#\x02\x94\x02#\x05*\x0b\x00\x000\x0b\x00\x00\x06\x00\x8c\x02\x94\x02#\x050\x0b\x00\x006\x0b\x00\x00\x02\x00\x8e\x05\x00\x00\x00\x00\x00\x00\x00\x00\x8e\n\x00\x00\xb8\n\x00\x00\x06\x00\x8c\x02\x94\x02#\x04\xb8\n\x00\x00\xc4\n\x00\x00\x02\x00\x8e\x04\xc4\n\x00\x00\xd0\n\x00\x00\t\x00\xf3\x01h#\x02\x94\x02#\x04*\x0b\x00\x000\x0b\x00\x00\x06\x00\x8c\x02\x94\x02#\x040\x0b\x00\x006\x0b\x00\x00\x02\x00\x8e\x04\x00\x00\x00\x00\x00\x00\x00\x00\x8e\n\x00\x00 \x0b\x00\x00\x03\x00\x08\xff\x9f*\x0b\x00\x006\x0b\x00\x00\x03\x00\x08\xff\x9f\x00\x00\x00\x00\x00\x00\x00\x00\x8e\n\x00\x00\xae\n\x00\x00\x02\x003\x9f*\x0b\x00\x000\x0b\x00\x00\x02\x003\x9f\x00\x00\x00\x00\x00\x00\x00\x00\xae\n\x00\x00\xb8\n\x00\x00\x06\x00\x8c\x02\x94\x02#\x05\xb8\n\x00\x00\xc4\n\x00\x00\x02\x00\x8e\x05\xc4\n\x00\x00\xd0\n\x00\x00\t\x00\xf3\x01h#\x02\x94\x02#\x050\x0b\x00\x006\x0b\x00\x00\x02\x00\x8e\x05\x00\x00\x00\x00\x00\x00\x00\x00\xae\n\x00\x00\xb8\n\x00\x00\x06\x00\x8c\x02\x94\x02#\x04\xb8\n\x00\x00\xc4\n\x00\x00\x02\x00\x8e\x04\xc4\n\x00\x00\xd0\n\x00\x00\t\x00\xf3\x01h#\x02\x94\x02#\x040\x0b\x00\x006\x0b\x00\x00\x02\x00\x8e\x04\x00\x00\x00\x00\x00\x00\x00\x00\xae\n\x00\x00\x04\x0b\x00\x00\x01\x00h0\x0b\x00\x004\x0b\x00\x00\x01\x00h\x00\x00\x00\x00\x00\x00\x00\x00\xd0\n\x00\x00\xd6\n\x00\x00\x01\x00c\xd6\n\x00\x00\xe0\n\x00\x00\x01\x00i\xe0\n\x00\x00\xf2\n\x00\x00\x01\x00f\xf2\n\x00\x00\xf4\n\x00\x00\x01\x00i\xf4\n\x00\x00 \x0b\x00\x00\x01\x00f\x00\x00\x00\x00\x00\x00\x00\x006\x0b\x00\x008\x0b\x00\x00\x03\x00\x92 \x028\x0b\x00\x00:\x0b\x00\x00\x03\x00\x92 \x03:\x0b\x00\x00\xfc\x0b\x00\x00\x03\x00\x92 \x04\x00\x00\x00\x00\x00\x00\x00\x006\x0b\x00\x00J\x0b\x00\x00\x06\x00h\x93\x01i\x93\x01J\x0b\x00\x00R\x0b\x00\x00\x04\x00\xf3\x01h\x9fR\x0b\x00\x00Y\x0b\x00\x00\x06\x00h\x93\x01i\x93\x01Y\x0b\x00\x00\xa0\x0b\x00\x00\x06\x00l\x93\x01m\x93\x01\xa0\x0b\x00\x00\xf0\x0b\x00\x00\x04\x00\xf3\x01h\x9f\xf0\x0b\x00\x00\xfc\x0b\x00\x00\x06\x00l\x93\x01m\x93\x01\x00\x00\x00\x00\x00\x00\x00\x00H\x0b\x00\x00R\x0b\x00\x00\x02\x00B\x9f\x00\x00\x00\x00\x00\x00\x00\x00T\x0b\x00\x00\xa0\x0b\x00\x00\x06\x00l\x93\x01m\x93\x01\xa0\x0b\x00\x00\xf0\x0b\x00\x00\x04\x00\xf3\x01h\x9f\xf0\x0b\x00\x00\xfc\x0b\x00\x00\x06\x00l\x93\x01m\x93\x01\x00\x00\x00\x00\x00\x00\x00\x00Z\x0b\x00\x00\xcc\x0b\x00\x00\x01\x00h\xf0\x0b\x00\x00\xf4\x0b\x00\x00\x01\x00h\xf6\x0b\x00\x00\xfa\x0b\x00\x00\x01\x00h\x00\x00\x00\x00\x00\x00\x00\x00Z\x0b\x00\x00\x9a\x0b\x00\x00\x06\x00\x8c\x02\x94\x02#\x04\xf0\x0b\x00\x00\xf6\x0b\x00\x00\x06\x00\x8c\x02\x94\x02#\x04\xf6\x0b\x00\x00\xfc\x0b\x00\x00\x02\x00\x8e\x04\x00\x00\x00\x00\x00\x00\x00\x00Z\x0b\x00\x00\xe8\x0b\x00\x00\x03\x00\x08\xff\x9f\xf0\x0b\x00\x00\xfc\x0b\x00\x00\x03\x00\x08\xff\x9f\x00\x00\x00\x00\x00\x00\x00\x00Z\x0b\x00\x00z\x0b\x00\x00\x02\x002\x9f\xf0\x0b\x00\x00\xf6\x0b\x00\x00\x02\x002\x9f\x00\x00\x00\x00\x00\x00\x00\x00z\x0b\x00\x00\x9a\x0b\x00\x00\x06\x00\x8c\x02\x94\x02#\x04\xf6\x0b\x00\x00\xfc\x0b\x00\x00\x02\x00\x8e\x04\x00\x00\x00\x00\x00\x00\x00\x00z\x0b\x00\x00\xcc\x0b\x00\x00\x01\x00h\xf6\x0b\x00\x00\xfa\x0b\x00\x00\x01\x00h\x00\x00\x00\x00\x00\x00\x00\x00\x9a\x0b\x00\x00\xa0\x0b\x00\x00\x01\x00b\xa0\x0b\x00\x00\xc0\x0b\x00\x00\x01\x00c\xc0\x0b\x00\x00\xe8\x0b\x00\x00\x01\x00f\x00\x00\x00\x00\x00\x00\x00\x00\xfc\x0b\x00\x00\x0c\x0c\x00\x00\x06\x00h\x93\x01i\x93\x01\x0c\x0c\x00\x00\x10\x0c\x00\x00\x04\x00\xf3\x01h\x9f\x10\x0c\x00\x00\x15\x0c\x00\x00\x06\x00h\x93\x01i\x93\x01\x15\x0c\x00\x00\x9a\x0c\x00\x00\x04\x00\xf3\x01h\x9f\x00\x00\x00\x00\x00\x00\x00\x00\n\x0c\x00\x00\x10\x0c\x00\x00\x02\x00B\x9f\x00\x00\x00\x00\x00\x00\x00\x00\x10\x0c\x00\x00\x15\x0c\x00\x00\x06\x00h\x93\x01i\x93\x01\x15\x0c\x00\x00\x9a\x0c\x00\x00\x04\x00\xf3\x01h\x9f\x00\x00\x00\x00\x00\x00\x00\x00\x16\x0c\x00\x00\x8a\x0c\x00\x00\x01\x00h\x8e\x0c\x00\x00\x92\x0c\x00\x00\x01\x00h\x94\x0c\x00\x00\x98\x0c\x00\x00\x01\x00h\x00\x00\x00\x00\x00\x00\x00\x00\x16\x0c\x00\x00\x8a\x0c\x00\x00\x03\x00\x08\xff\x9f\x8e\x0c\x00\x00\x9a\x0c\x00\x00\x03\x00\x08\xff\x9f\x00\x00\x00\x00\x00\x00\x00\x00\x16\x0c\x00\x000\x0c\x00\x00\x02\x001\x9f\x8e\x0c\x00\x00\x94\x0c\x00\x00\x02\x001\x9f\x00\x00\x00\x00\x00\x00\x00\x000\x0c\x00\x00\x8a\x0c\x00\x00\x01\x00h\x94\x0c\x00\x00\x98\x0c\x00\x00\x01\x00h\x00\x00\x00\x00\x00\x00\x00\x00P\x0c\x00\x00V\x0c\x00\x00\x01\x00iV\x0c\x00\x00z\x0c\x00\x00\x01\x00bz\x0c\x00\x00\x8a\x0c\x00\x00\x01\x00d\x00\x00\x00\x00\x00\x00\x00\x00\x9a\x0c\x00\x00\xa2\x0c\x00\x00\x06\x00h\x93\x01i\x93\x01\xa2\x0c\x00\x00\xb4\x0c\x00\x00\x04\x00\xf3\x01h\x9f\x00\x00\x00\x00\x00\x00\x00\x00\xa6\x0c\x00\x00\xac\x0c\x00\x00\x02\x00B\x9f\x00\x00\x00\x00\x00\x00\x00\x00\xb4\x0c\x00\x00\xbc\x0c\x00\x00\x06\x00h\x93\x01i\x93\x01\xbc\x0c\x00\x00\xca\x0c\x00\x00\x04\x00\xf3\x01h\x9f\x00\x00\x00\x00\x00\x00\x00\x00\xc0\x0c\x00\x00\xc6\x0c\x00\x00\x03\x00\x08)\x9f\x00\x00\x00\x00\x00\x00\x00\x00\xce\x0c\x00\x00\xd6\x0c\x00\x00\x06\x00h\x93\x01i\x93\x01\xd6\x0c\x00\x00\xf0\x0c\x00\x00\x04\x00\xf3\x01h\x9f\x00\x00\x00\x00\x00\x00\x00\x00\xda\x0c\x00\x00\xe0\x0c\x00\x00\x03\x00\x08)\x9f\x00\x00\x00\x00\x00\x00\x00\x00\xe0\x0c\x00\x00\xec\x0c\x00\x00\x02\x001\x9f\x00\x00\x00\x00\x00\x00\x00\x00\xf0\x0c\x00\x00\x00\r\x00\x00\x06\x00h\x93\x01i\x93\x01\x00\r\x00\x00\x04\r\x00\x00\x04\x00\xf3\x01h\x9f\x04\r\x00\x00\x1e\r\x00\x00\x06\x00h\x93\x01i\x93\x01\x1e\r\x00\x009\r\x00\x00\x06\x00j\x93\x01k\x93\x019\r\x00\x00:\r\x00\x00\x04\x00\xf3\x01h\x9f\x00\x00\x00\x00\x00\x00\x00\x00\xf0\x0c\x00\x00\x04\r\x00\x00\x08\x000\x9f\x93\x010\x9f\x93\x04\x04\r\x00\x00\x1e\r\x00\x00\x11\x000\x9f\x93\x01\x88\x02\x94\x02@$@&#\x02\x9f\x93\x04\x1e\r\x00\x009\r\x00\x00\x11\x000\x9f\x93\x01\x8a\x02\x94\x02@$@&#\x02\x9f\x93\x049\r\x00\x00:\r\x00\x00\x06\x000\x9f\x93\x01\x93\x04\x00\x00\x00\x00\x00\x00\x00\x00\xfe\x0c\x00\x00\x04\r\x00\x00\x03\x00\x08)\x9f\x00\x00\x00\x00\x00\x00\x00\x00:\r\x00\x00B\r\x00\x00\x06\x00h\x93\x01i\x93\x01B\r\x00\x00P\r\x00\x00\x04\x00\xf3\x01h\x9f\x00\x00\x00\x00\x00\x00\x00\x00F\r\x00\x00L\r\x00\x00\x02\x00B\x9f\x00\x00\x00\x00\x00\x00\x00\x00T\r\x00\x00^\r\x00\x00\x06\x00h\x93\x01i\x93\x01^\r\x00\x00q\r\x00\x00\x06\x00j\x93\x01k\x93\x01q\r\x00\x00r\r\x00\x00\x04\x00\xf3\x01h\x9fr\r\x00\x00\x98\r\x00\x00\x06\x00j\x93\x01k\x93\x01\x98\r\x00\x00\xa4\r\x00\x00\x04\x00\xf3\x01h\x9f\xa4\r\x00\x00\xab\r\x00\x00\x06\x00j\x93\x01k\x93\x01\xab\r\x00\x00\xb2\r\x00\x00\x04\x00\xf3\x01h\x9f\xb2\r\x00\x00\xb9\r\x00\x00\x06\x00j\x93\x01k\x93\x01\xb9\r\x00\x00\xbc\r\x00\x00\x04\x00\xf3\x01h\x9f\xbc\r\x00\x00\xc0\r\x00\x00\x06\x00j\x93\x01k\x93\x01\x00\x00\x00\x00\x00\x00\x00\x00T\r\x00\x00^\r\x00\x00\x02\x001\x9f\x00\x00\x00\x00\x00\x00\x00\x00T\r\x00\x00^\r\x00\x00\x06\x00h\x93\x01i\x93\x01\x00\x00\x00\x00\x00\x00\x00\x00l\r\x00\x00n\r\x00\x00\x02\x00B\x9f\x00\x00\x00\x00\x00\x00\x00\x00\x80\r\x00\x00\x94\r\x00\x00\x01\x00i\x00\x00\x00\x00\x00\x00\x00\x00\x94\r\x00\x00\x98\r\x00\x00\x02\x004\x9f\x00\x00\x00\x00\x00\x00\x00\x00\xac\r\x00\x00\xb2\r\x00\x00\x02\x003\x9f\x00\x00\x00\x00\x00\x00\x00\x00\xc0\r\x00\x00\xc2\r\x00\x00\x03\x00\x92 \x02\xc2\r\x00\x00\xc4\r\x00\x00\x03\x00\x92 \x03\xc4\r\x00\x00\xc6\r\x00\x00\x03\x00\x92 \x04\xc6\r\x00\x00f\x0e\x00\x00\x03\x00\x92 \x05\x00\x00\x00\x00\x00\x00\x00\x00\xc0\r\x00\x00\xcd\r\x00\x00\x06\x00h\x93\x01i\x93\x01\xcd\r\x00\x00\xec\r\x00\x00\x06\x00l\x93\x01m\x93\x01\xec\r\x00\x00\xf2\r\x00\x00\x04\x00\xf3\x01h\x9f\xf2\r\x00\x00P\x0e\x00\x00\x06\x00l\x93\x01m\x93\x01P\x0e\x00\x00V\x0e\x00\x00\x04\x00\xf3\x01h\x9fV\x0e\x00\x00f\x0e\x00\x00\x06\x00l\x93\x01m\x93\x01\x00\x00\x00\x00\x00\x00\x00\x00\xc8\r\x00\x00$\x0e\x00\x00\x02\x000\x9f\x00\x00\x00\x00\x00\x00\x00\x00\xd0\r\x00\x00\xee\r\x00\x00\x01\x00a\xf2\r\x00\x00R\x0e\x00\x00\x01\x00aR\x0e\x00\x00U\x0e\x00\x00\x02\x00\x8e\x00V\x0e\x00\x00f\x0e\x00\x00\x01\x00a\x00\x00\x00\x00\x00\x00\x00\x00\xda\r\x00\x00\xe2\r\x00\x00\x06\x00h\x93\x01i\x93\x01\xe2\r\x00\x00\xf1\r\x00\x00\x06\x00n\x93\x01o\x93\x01\xf2\r\x00\x00(\x0e\x00\x00\x06\x00n\x93\x01o\x93\x01(\x0e\x00\x00U\x0e\x00\x00\t\x00\x8e\x00\x03T\x07\x80\x00\x1c\x9fV\x0e\x00\x00f\x0e\x00\x00\t\x00\x8e\x00\x03T\x07\x80\x00\x1c\x9f\x00\x00\x00\x00\x00\x00\x00\x00\xe6\r\x00\x00\xe8\r\x00\x00\x02\x00A\x9f\x00\x00\x00\x00\x00\x00\x00\x00\xfe\r\x00\x00\x02\x0e\x00\x00\x02\x00B\x9f\x00\x00\x00\x00\x00\x00\x00\x00$\x0e\x00\x00(\x0e\x00\x00\x06\x00n\x93\x01o\x93\x01(\x0e\x00\x00*\x0e\x00\x00\t\x00\x8e\x00\x03T\x07\x80\x00\x1c\x9f\x00\x00\x00\x00\x00\x00\x00\x00$\x0e\x00\x00*\x0e\x00\x00\x01\x00a\x00\x00\x00\x00\x00\x00\x00\x00.\x0e\x00\x004\x0e\x00\x00\x02\x00@\x9fV\x0e\x00\x00Z\x0e\x00\x00\x02\x00@\x9f\x00\x00\x00\x00\x00\x00\x00\x00.\x0e\x00\x004\x0e\x00\x00\x01\x00hV\x0e\x00\x00Z\x0e\x00\x00\x01\x00h\x00\x00\x00\x00\x00\x00\x00\x004\x0e\x00\x00<\x0e\x00\x00\x03\x00\x08 \x9fZ\x0e\x00\x00^\x0e\x00\x00\x03\x00\x08 \x9f\x00\x00\x00\x00\x00\x00\x00\x004\x0e\x00\x00:\x0e\x00\x00\x06\x00\x88\x00\t\xfc\x1a\x9f:\x0e\x00\x00<\x0e\x00\x00\x01\x00hZ\x0e\x00\x00\\\x0e\x00\x00\x06\x00\x88\x00\t\xfc\x1a\x9f\\\x0e\x00\x00^\x0e\x00\x00\x01\x00h\x00\x00\x00\x00\x00\x00\x00\x00<\x0e\x00\x00B\x0e\x00\x00\x03\x00\x08@\x9f^\x0e\x00\x00b\x0e\x00\x00\x03\x00\x08@\x9f\x00\x00\x00\x00\x00\x00\x00\x00<\x0e\x00\x00B\x0e\x00\x00\x01\x00h^\x0e\x00\x00b\x0e\x00\x00\x01\x00h\x00\x00\x00\x00\x00\x00\x00\x00B\x0e\x00\x00H\x0e\x00\x00\x03\x00\t\x80\x9fb\x0e\x00\x00f\x0e\x00\x00\x03\x00\t\x80\x9f\x00\x00\x00\x00\x00\x00\x00\x00B\x0e\x00\x00H\x0e\x00\x00\x01\x00hb\x0e\x00\x00f\x0e\x00\x00\x01\x00h\x00\x00\x00\x00\x00\x00\x00\x00f\x0e\x00\x00h\x0e\x00\x00\x03\x00\x92 \x02h\x0e\x00\x00j\x0e\x00\x00\x03\x00\x92 \x03j\x0e\x00\x00l\x0e\x00\x00\x03\x00\x92 \x04l\x0e\x00\x00n\x0e\x00\x00\x03\x00\x92 \x05n\x0e\x00\x00"\x0f\x00\x00\x03\x00\x92 \x06\x00\x00\x00\x00\x00\x00\x00\x00f\x0e\x00\x00s\x0e\x00\x00\x06\x00h\x93\x01i\x93\x01s\x0e\x00\x00\x88\x0e\x00\x00\x06\x00l\x93\x01m\x93\x01\x88\x0e\x00\x00\x90\x0e\x00\x00\x04\x00\xf3\x01h\x9f\x90\x0e\x00\x00\xac\x0e\x00\x00\x06\x00l\x93\x01m\x93\x01\xac\x0e\x00\x00"\x0f\x00\x00\x04\x00\xf3\x01h\x9f\x00\x00\x00\x00\x00\x00\x00\x00t\x0e\x00\x00\x8f\x0e\x00\x00\x0c\x00f\x93\x01g\x93\x01h\x93\x01i\x93\x01\x90\x0e\x00\x00!\x0f\x00\x00\x0c\x00f\x93\x01g\x93\x01h\x93\x01i\x93\x01\x00\x00\x00\x00\x00\x00\x00\x00\x82\x0e\x00\x00\x84\x0e\x00\x00\x02\x00A\x9f\x00\x00\x00\x00\x00\x00\x00\x00\x9e\x0e\x00\x00\xa2\x0e\x00\x00\x02\x00B\x9f\x00\x00\x00\x00\x00\x00\x00\x00\xa8\x0e\x00\x00\x16\x0f\x00\x00\x0c\x00f\x93\x01g\x93\x01h\x93\x01i\x93\x01\x00\x00\x00\x00\x00\x00\x00\x00\xa8\x0e\x00\x00\xec\x0e\x00\x00\x02\x000\x9f\x00\x00\x00\x00\x00\x00\x00\x00\xb0\x0e\x00\x00\xec\x0e\x00\x00\x01\x00l\x00\x00\x00\x00\x00\x00\x00\x00\xb0\x0e\x00\x00\xde\x0e\x00\x00\x01\x00n\xde\x0e\x00\x00\xec\x0e\x00\x00\x05\x00\x03]\x07\x80\x00\x00\x00\x00\x00\x00\x00\x00\x00\xb0\x0e\x00\x00\xec\x0e\x00\x00\x05\x00\x03\\\x07\x80\x00\x00\x00\x00\x00\x00\x00\x00\x00\xb0\x0e\x00\x00\xdc\x0e\x00\x00\x02\x000\x9f\x00\x00\x00\x00\x00\x00\x00\x00\xb0\x0e\x00\x00\xdc\x0e\x00\x00\x02\x000\x9f\xdc\x0e\x00\x00\xde\x0e\x00\x00\x16\x00\x8e\x00\x85\x00"\x08\xff\x1a9\x1e\x03\xa1\x06\x80\x00"\x94\x01\x8c\x00"\x9f\xde\x0e\x00\x00\xec\x0e\x00\x00\x1b\x00\x03]\x07\x80\x00\x94\x01\x85\x00"\x08\xff\x1a9\x1e\x03\xa1\x06\x80\x00"\x94\x01\x8c\x00"\x9f\x00\x00\x00\x00\x00\x00\x00\x00\xb0\x0e\x00\x00\xdc\x0e\x00\x00\x01\x00n\x00\x00\x00\x00\x00\x00\x00\x00\xb0\x0e\x00\x00\xdc\x0e\x00\x00\x05\x00\x03\\\x07\x80\x00\x00\x00\x00\x00\x00\x00\x00\x00\xb4\x0e\x00\x00!\x0f\x00\x00\x13\x00\x03\\\x07\x80\x00\x94\x01\x08\xff\x1a9\x1e\x03\xa0\x06\x80\x00"\x9f\x00\x00\x00\x00\x00\x00\x00\x00"\x0f\x00\x00$\x0f\x00\x00\x03\x00\x92 \x02$\x0f\x00\x00&\x0f\x00\x00\x03\x00\x92 \x03&\x0f\x00\x00\xce\x0f\x00\x00\x03\x00\x92 \x04\x00\x00\x00\x00\x00\x00\x00\x00"\x0f\x00\x006\x0f\x00\x00\x06\x00h\x93\x01i\x93\x016\x0f\x00\x00>\x0f\x00\x00\x04\x00\xf3\x01h\x9f>\x0f\x00\x00N\x0f\x00\x00\x06\x00h\x93\x01i\x93\x01N\x0f\x00\x00P\x0f\x00\x00\x04\x00\xf3\x01h\x9fP\x0f\x00\x00W\x0f\x00\x00\x06\x00h\x93\x01i\x93\x01W\x0f\x00\x00\xc6\x0f\x00\x00\x06\x00l\x93\x01m\x93\x01\xc6\x0f\x00\x00\xca\x0f\x00\x00\x04\x00\xf3\x01h\x9f\xca\x0f\x00\x00\xce\x0f\x00\x00\x06\x00l\x93\x01m\x93\x01\x00\x00\x00\x00\x00\x00\x00\x004\x0f\x00\x006\x0f\x00\x00\x02\x00A\x9f\x00\x00\x00\x00\x00\x00\x00\x00R\x0f\x00\x00\xc6\x0f\x00\x00\x06\x00l\x93\x01m\x93\x01\xc6\x0f\x00\x00\xca\x0f\x00\x00\x04\x00\xf3\x01h\x9f\xca\x0f\x00\x00\xce\x0f\x00\x00\x06\x00l\x93\x01m\x93\x01\x00\x00\x00\x00\x00\x00\x00\x00Z\x0f\x00\x00\xc9\x0f\x00\x00\x01\x00d\xca\x0f\x00\x00\xce\x0f\x00\x00\x01\x00d\x00\x00\x00\x00\x00\x00\x00\x00Z\x0f\x00\x00\x94\x0f\x00\x00\x06\x00\x8c\x02\x94\x02#\x05\x00\x00\x00\x00\x00\x00\x00\x00Z\x0f\x00\x00\x94\x0f\x00\x00\x06\x00\x8c\x02\x94\x02#\x04\x00\x00\x00\x00\x00\x00\x00\x00Z\x0f\x00\x00\xb6\x0f\x00\x00\x01\x00d\xca\x0f\x00\x00\xce\x0f\x00\x00\x01\x00d\x00\x00\x00\x00\x00\x00\x00\x00Z\x0f\x00\x00\xa0\x0f\x00\x00\x02\x000\x9f\x00\x00\x00\x00\x00\x00\x00\x00Z\x0f\x00\x00\xb6\x0f\x00\x00\x02\x001\x9f\xca\x0f\x00\x00\xce\x0f\x00\x00\x02\x001\x9f\x00\x00\x00\x00\x00\x00\x00\x00t\x0f\x00\x00\xa0\x0f\x00\x00\x01\x00d\x00\x00\x00\x00\x00\x00\x00\x00t\x0f\x00\x00\xc9\x0f\x00\x00\x0b\x00\x86\x009\x1e\x03\xa0\x06\x80\x00"\x9f\x00\x00\x00\x00\x00\x00\x00\x00\xa4\x0f\x00\x00\xc9\x0f\x00\x00\x01\x00d\x00\x00\x00\x00\x00\x00\x00\x00\xb6\x0f\x00\x00\xc2\x0f\x00\x00\x01\x00d\x00\x00\x00\x00\x00\x00\x00\x00L\x0f\x00\x00P\x0f\x00\x00\x02\x00B\x9f\x00\x00\x00\x00\x00\x00\x00\x00\xce\x0f\x00\x00\xd0\x0f\x00\x00\x03\x00\x92 \x02\xd0\x0f\x00\x00\xd2\x0f\x00\x00\x03\x00\x92 \x03\xd2\x0f\x00\x00\xd4\x0f\x00\x00\x03\x00\x92 \x04\xd4\x0f\x00\x00\xd6\x0f\x00\x00\x03\x00\x92 \x05\xd6\x0f\x00\x00V\x10\x00\x00\x03\x00\x92 \x06\x00\x00\x00\x00\x00\x00\x00\x00\xce\x0f\x00\x00\xdd\x0f\x00\x00\x06\x00h\x93\x01i\x93\x01\xdd\x0f\x00\x00R\x10\x00\x00\x06\x00`\x93\x01a\x93\x01R\x10\x00\x00V\x10\x00\x00\x04\x00\xf3\x01h\x9f\x00\x00\x00\x00\x00\x00\x00\x00\xe0\x0f\x00\x00\xe4\x0f\x00\x00\x06\x00h\x93\x01i\x93\x01\xe4\x0f\x00\x00N\x10\x00\x00\x06\x00l\x93\x01m\x93\x01\x00\x00\x00\x00\x00\x00\x00\x00\xe8\x0f\x00\x00&\x10\x00\x00\x06\x00h\x93\x01i\x93\x01\x00\x00\x00\x00\x00\x00\x00\x00\xe8\x0f\x00\x00\xf0\x0f\x00\x00\x02\x000\x9f\xf0\x0f\x00\x00U\x10\x00\x00\x06\x00n\x93\x01o\x93\x01\x00\x00\x00\x00\x00\x00\x00\x00V\x10\x00\x00X\x10\x00\x00\x03\x00\x92 \x02X\x10\x00\x00Z\x10\x00\x00\x03\x00\x92 \x03Z\x10\x00\x00~\x10\x00\x00\x03\x00\x92 \x04\x00\x00\x00\x00\x00\x00\x00\x00V\x10\x00\x00m\x10\x00\x00\x06\x00h\x93\x01i\x93\x01m\x10\x00\x00~\x10\x00\x00\x04\x00\xf3\x01h\x9f\x00\x00\x00\x00\x00\x00\x00\x00Z\x10\x00\x00d\x10\x00\x00\x02\x003\x9f\x00\x00\x00\x00\x00\x00\x00\x00Z\x10\x00\x00d\x10\x00\x00\x06\x00h\x93\x01i\x93\x01\x00\x00\x00\x00\x00\x00\x00\x00~\x10\x00\x00\x80\x10\x00\x00\x03\x00\x92 \x02\x80\x10\x00\x00\x82\x10\x00\x00\x03\x00\x92 \x03\x82\x10\x00\x00\x84\x10\x00\x00\x03\x00\x92 \x04\x84\x10\x00\x00\x86\x10\x00\x00\x03\x00\x92 \x05\x86\x10\x00\x00\x88\x10\x00\x00\x03\x00\x92 \x06\x88\x10\x00\x00\x8c\x10\x00\x00\x03\x00\x92 \x07\x8c\x10\x00\x00\x1c\x11\x00\x00\x02\x00\x8c\x07\x00\x00\x00\x00\x00\x00\x00\x00~\x10\x00\x00\x9d\x10\x00\x00\x06\x00h\x93\x01i\x93\x01\x9d\x10\x00\x00\x1c\x11\x00\x00\x04\x00\xf3\x01h\x9f\x00\x00\x00\x00\x00\x00\x00\x00\x8c\x10\x00\x00\xae\x10\x00\x00\x02\x000\x9f\xbe\x10\x00\x00\xcc\x10\x00\x00\x02\x000\x9f\x00\x00\x00\x00\x00\x00\x00\x00\xa0\x10\x00\x00\xba\x10\x00\x00\x01\x00a\xbe\x10\x00\x00\x1c\x11\x00\x00\x01\x00a\x00\x00\x00\x00\x00\x00\x00\x00\x8c\x10\x00\x00\x96\x10\x00\x00\x02\x001\x9f\x00\x00\x00\x00\x00\x00\x00\x00\x8c\x10\x00\x00\x96\x10\x00\x00\x06\x00h\x93\x01i\x93\x01\x00\x00\x00\x00\x00\x00\x00\x00\xac\x10\x00\x00\xae\x10\x00\x00\x02\x00B\x9f\x00\x00\x00\x00\x00\x00\x00\x00\xec\x10\x00\x00\x16\x11\x00\x00\x02\x008\x9f\x00\x00\x00\x00\x00\x00\x00\x00\xec\x10\x00\x00\x16\x11\x00\x00\x03\x00\t\xff\x9f\x00\x00\x00\x00\x00\x00\x00\x00\xec\x10\x00\x00\x16\x11\x00\x00\x02\x000\x9f\x00\x00\x00\x00\x00\x00\x00\x00\xec\x10\x00\x00\x10\x11\x00\x00\x01\x00h\x10\x11\x00\x00\x15\x11\x00\x00\x02\x00\x8c\x01\x00\x00\x00\x00\x00\x00\x00\x00\xf4\x10\x00\x00\x00\x11\x00\x00\x02\x008\x9f\x00\x00\x00\x00\x00\x00\x00\x00\x1c\x11\x00\x00&\x11\x00\x00\x06\x00h\x93\x01i\x93\x01&\x11\x00\x00/\x11\x00\x00\x06\x00j\x93\x01k\x93\x01/\x11\x00\x000\x11\x00\x00\x04\x00\xf3\x01h\x9f0\x11\x00\x00i\x11\x00\x00\x06\x00j\x93\x01k\x93\x01i\x11\x00\x00j\x11\x00\x00\x04\x00\xf3\x01h\x9f\x00\x00\x00\x00\x00\x00\x00\x00\x1c\x11\x00\x00$\x11\x00\x00\x02\x001\x9f\x00\x00\x00\x00\x00\x00\x00\x00\x1c\x11\x00\x00$\x11\x00\x00\x06\x00h\x93\x01i\x93\x01\x00\x00\x00\x00\x00\x00\x00\x00$\x11\x00\x00&\x11\x00\x00\x02\x002\x9f\x00\x00\x00\x00\x00\x00\x00\x00$\x11\x00\x00&\x11\x00\x00\x06\x00h\x93\x01i\x93\x01\x00\x00\x00\x00\x00\x00\x00\x00*\x11\x00\x00,\x11\x00\x00\x03\x00\x08(\x9f\x00\x00\x00\x00\x00\x00\x00\x006\x11\x00\x00:\x11\x00\x00\x03\x00\x08\'\x9f\x00\x00\x00\x00\x00\x00\x00\x00<\x11\x00\x00^\x11\x00\x00\x03\x00\x88\x01\x9f^\x11\x00\x00i\x11\x00\x00\x01\x00i\x00\x00\x00\x00\x00\x00\x00\x00<\x11\x00\x00d\x11\x00\x00\x01\x00hd\x11\x00\x00i\x11\x00\x00\x02\x00\x8e\x05\x00\x00\x00\x00\x00\x00\x00\x00D\x11\x00\x00P\x11\x00\x00\x02\x008\x9f\x00\x00\x00\x00\x00\x00\x00\x00j\x11\x00\x00z\x11\x00\x00\x06\x00h\x93\x01i\x93\x01z\x11\x00\x00\x8e\x11\x00\x00\x04\x00\xf3\x01h\x9f\x00\x00\x00\x00\x00\x00\x00\x00v\x11\x00\x00~\x11\x00\x00\x02\x003\x9f\x00\x00\x00\x00\x00\x00\x00\x00\x8e\x11\x00\x00\x96\x11\x00\x00\x06\x00h\x93\x01i\x93\x01\x96\x11\x00\x00\xd6\x11\x00\x00\x04\x00\xf3\x01h\x9f\x00\x00\x00\x00\x00\x00\x00\x00\x9a\x11\x00\x00\xa0\x11\x00\x00\x02\x00A\x9f\x00\x00\x00\x00\x00\x00\x00\x00\xa0\x11\x00\x00\xac\x11\x00\x00\x02\x002\x9f\x00\x00\x00\x00\x00\x00\x00\x00\xb4\x11\x00\x00\xc0\x11\x00\x00\x02\x007\x9f\x00\x00\x00\x00\x00\x00\x00\x00\xd6\x11\x00\x00\xdb\x11\x00\x00\x06\x00h\x93\x01i\x93\x01\xdb\x11\x00\x00f\x12\x00\x00\x04\x00\xf3\x01h\x9f\x00\x00\x00\x00\x00\x00\x00\x00\xde\x11\x00\x00\xe7\x11\x00\x00\x06\x00b\x93\x01c\x93\x01\xe8\x11\x00\x00:\x12\x00\x00\x06\x00b\x93\x01c\x93\x01\x00\x00\x00\x00\x00\x00\x00\x00\xde\x11\x00\x00\n\x12\x00\x00\x02\x000\x9f\n\x12\x00\x00Z\x12\x00\x00\x01\x00iZ\x12\x00\x00e\x12\x00\x00\x02\x00\x8e\x07\x00\x00\x00\x00\x00\x00\x00\x00\xde\x11\x00\x00\xe8\x11\x00\x00\x02\x000\x9f\x00\x00\x00\x00\x00\x00\x00\x00\xe2\x11\x00\x00\xe8\x11\x00\x00\x03\x00\x08"\x9f\x00\x00\x00\x00\x00\x00\x00\x00\n\x12\x00\x00\x16\x12\x00\x00\r\x000\x9f\x93\x01\x84\x00@$@&\x9f\x93\x04\x16\x12\x00\x00&\x12\x00\x00\x10\x000\x9f\x93\x01d\x93\x01e\x93\x01f\x93\x01g\x93\x01\x00\x00\x00\x00\x00\x00\x00\x00<\x12\x00\x00e\x12\x00\x00\x01\x00c\x00\x00\x00\x00\x00\x00\x00\x00<\x12\x00\x00e\x12\x00\x00\x01\x00b\x00\x00\x00\x00\x00\x00\x00\x00<\x12\x00\x00Z\x12\x00\x00\x01\x00iZ\x12\x00\x00e\x12\x00\x00\x02\x00\x8e\x07\x00\x00\x00\x00\x00\x00\x00\x00<\x12\x00\x00`\x12\x00\x00\x01\x00h`\x12\x00\x00e\x12\x00\x00\x02\x00\x8e\x05\x00\x00\x00\x00\x00\x00\x00\x00D\x12\x00\x00P\x12\x00\x00\x02\x007\x9f\x00\x00\x00\x00\x00\x00\x00\x00f\x12\x00\x00n\x12\x00\x00\x06\x00h\x93\x01i\x93\x01n\x12\x00\x00\xa8\x12\x00\x00\x04\x00\xf3\x01h\x9f\x00\x00\x00\x00\x00\x00\x00\x00r\x12\x00\x00x\x12\x00\x00\x02\x00B\x9f\x00\x00\x00\x00\x00\x00\x00\x00\x80\x12\x00\x00\x8c\x12\x00\x00\x02\x008\x9f\x00\x00\x00\x00\x00\x00\x00\x00\xa8\x12\x00\x00\xaa\x12\x00\x00\x03\x00\x92 \x02\xaa\x12\x00\x00\xac\x12\x00\x00\x03\x00\x92 \x03\xac\x12\x00\x00\xfa\x12\x00\x00\x03\x00\x92 \x04\x00\x00\x00\x00\x00\x00\x00\x00\xa8\x12\x00\x00\xb4\x12\x00\x00\x06\x00h\x93\x01i\x93\x01\xb4\x12\x00\x00\xfa\x12\x00\x00\x04\x00\xf3\x01h\x9f\x00\x00\x00\x00\x00\x00\x00\x00\xb8\x12\x00\x00\xc2\x12\x00\x00\x02\x00B\x9f\x00\x00\x00\x00\x00\x00\x00\x00\xcc\x12\x00\x00\xf6\x12\x00\x00\x01\x00a\x00\x00\x00\x00\x00\x00\x00\x00\xcc\x12\x00\x00\xf6\x12\x00\x00\x01\x00`\xf6\x12\x00\x00\xf9\x12\x00\x00\x01\x00h\x00\x00\x00\x00\x00\x00\x00\x00\xcc\x12\x00\x00\xf9\x12\x00\x00\x01\x00g\x00\x00\x00\x00\x00\x00\x00\x00\xcc\x12\x00\x00\xf9\x12\x00\x00\x01\x00f\x00\x00\x00\x00\x00\x00\x00\x00\xd4\x12\x00\x00\xe0\x12\x00\x00\x02\x008\x9f\x00\x00\x00\x00\x00\x00\x00\x00\xfa\x12\x00\x00\x02\x13\x00\x00\x06\x00h\x93\x01i\x93\x01\x02\x13\x00\x00>\x13\x00\x00\x04\x00\xf3\x01h\x9f\x00\x00\x00\x00\x00\x00\x00\x00\x06\x13\x00\x00\x0c\x13\x00\x00\x02\x00B\x9f\x00\x00\x00\x00\x00\x00\x00\x00\x10\x13\x00\x004\x13\x00\x00\x01\x00h4\x13\x00\x00=\x13\x00\x00\x05\x00\x03&\x05\x80\x00\x00\x00\x00\x00\x00\x00\x00\x00\x18\x13\x00\x00$\x13\x00\x00\x02\x008\x9f\x00\x00\x00\x00\x00\x00\x00\x00>\x13\x00\x00`\x13\x00\x00\x06\x00h\x93\x01i\x93\x01`\x13\x00\x00j\x13\x00\x00\x04\x00\xf3\x01h\x9f\x00\x00\x00\x00\x00\x00\x00\x00>\x13\x00\x00i\x13\x00\x00\x01\x00i\x00\x00\x00\x00\x00\x00\x00\x00>\x13\x00\x00`\x13\x00\x00\x01\x00h`\x13\x00\x00i\x13\x00\x00\x02\x00\x8e\x08\x00\x00\x00\x00\x00\x00\x00\x00J\x13\x00\x00R\x13\x00\x00\x02\x008\x9f\x00\x00\x00\x00\x00\x00\x00\x00j\x13\x00\x00l\x13\x00\x00\x03\x00\x92 \x02l\x13\x00\x00n\x13\x00\x00\x03\x00\x92 \x03n\x13\x00\x006\x14\x00\x00\x03\x00\x92 \x04\x00\x00\x00\x00\x00\x00\x00\x00j\x13\x00\x00q\x13\x00\x00\x06\x00h\x93\x01i\x93\x01q\x13\x00\x006\x14\x00\x00\x04\x00\xf3\x01h\x9f\x00\x00\x00\x00\x00\x00\x00\x00r\x13\x00\x00\x89\x13\x00\x00\x0c\x00f\x93\x01g\x93\x01h\x93\x01i\x93\x01\x8a\x13\x00\x00\xe1\x13\x00\x00\x0c\x00f\x93\x01g\x93\x01h\x93\x01i\x93\x01\xe2\x13\x00\x006\x14\x00\x00\x0c\x00f\x93\x01g\x93\x01h\x93\x01i\x93\x01\x00\x00\x00\x00\x00\x00\x00\x00r\x13\x00\x00\xda\x13\x00\x00\x02\x000\x9f\xe2\x13\x00\x006\x14\x00\x00\x02\x000\x9f\x00\x00\x00\x00\x00\x00\x00\x00r\x13\x00\x00\x9a\x13\x00\x00\x02\x000\x9f\x9a\x13\x00\x00\xde\x13\x00\x00\x06\x00`\x93\x01a\x93\x01\xde\x13\x00\x00\xe1\x13\x00\x00\x05\x00\x03e\x07\x80\x00\xe2\x13\x00\x00\x10\x14\x00\x00\x06\x00`\x93\x01a\x93\x01\x10\x14\x00\x006\x14\x00\x00\x05\x00\x03e\x07\x80\x00\x00\x00\x00\x00\x00\x00\x00\x00\x80\x13\x00\x00\x8a\x13\x00\x00\x02\x00B\x9f\x00\x00\x00\x00\x00\x00\x00\x00\xac\x13\x00\x00\xd0\x13\x00\x00\x06\x00h\x93\x01i\x93\x01\xd4\x13\x00\x00\xda\x13\x00\x00\x06\x00h\x93\x01i\x93\x01\x00\x00\x00\x00\x00\x00\x00\x00\xb2\x13\x00\x00\xd0\x13\x00\x00\x0b\x00\x84\x00\x80\x00"\x94\x01\x89\x00\'\x9f\x00\x00\x00\x00\x00\x00\x00\x00\xe2\x13\x00\x00\x10\x14\x00\x00\x06\x00`\x93\x01a\x93\x01\x10\x14\x00\x006\x14\x00\x00\x05\x00\x03e\x07\x80\x00\x00\x00\x00\x00\x00\x00\x00\x00\xf6\x13\x00\x000\x14\x00\x00\x0c\x00f\x93\x01g\x93\x01h\x93\x01i\x93\x01\x00\x00\x00\x00\x00\x00\x00\x00\xf6\x13\x00\x00\x10\x14\x00\x00\x06\x00`\x93\x01a\x93\x01\x10\x14\x00\x000\x14\x00\x00\x05\x00\x03e\x07\x80\x00\x00\x00\x00\x00\x00\x00\x00\x00\xf6\x13\x00\x00\xfc\x13\x00\x00\x02\x001\x9f\x00\x00\x00\x00\x00\x00\x00\x006\x14\x00\x00@\x14\x00\x00\x06\x00h\x93\x01i\x93\x01@\x14\x00\x00\x9f\x14\x00\x00\x06\x00j\x93\x01k\x93\x01\x9f\x14\x00\x00\xa0\x14\x00\x00\x04\x00\xf3\x01h\x9f\xa0\x14\x00\x00\xb8\x14\x00\x00\x06\x00j\x93\x01k\x93\x01\x00\x00\x00\x00\x00\x00\x00\x00@\x14\x00\x00P\x14\x00\x00\x02\x000\x9fP\x14\x00\x00R\x14\x00\x00\x03\x00\x08!\x9f\xa0\x14\x00\x00\xb0\x14\x00\x00\x02\x000\x9f\xb0\x14\x00\x00\xb4\x14\x00\x00\x02\x00I\x9f\xb4\x14\x00\x00\xb8\x14\x00\x00\x02\x000\x9f\x00\x00\x00\x00\x00\x00\x00\x006\x14\x00\x00@\x14\x00\x00\x02\x001\x9f\x00\x00\x00\x00\x00\x00\x00\x006\x14\x00\x00@\x14\x00\x00\x06\x00h\x93\x01i\x93\x01\x00\x00\x00\x00\x00\x00\x00\x00R\x14\x00\x00b\x14\x00\x00\x05\x00\x03"\x05\x80\x00\x00\x00\x00\x00\x00\x00\x00\x00b\x14\x00\x00v\x14\x00\x00\x10\x000\x9f\x93\x01d\x93\x01e\x93\x01f\x93\x01g\x93\x01\x00\x00\x00\x00\x00\x00\x00\x00v\x14\x00\x00\xa0\x14\x00\x00\x02\x008\x9f\x00\x00\x00\x00\x00\x00\x00\x00v\x14\x00\x00\xa0\x14\x00\x00\x03\x00\t\xff\x9f\x00\x00\x00\x00\x00\x00\x00\x00v\x14\x00\x00\xa0\x14\x00\x00\x02\x000\x9f\x00\x00\x00\x00\x00\x00\x00\x00v\x14\x00\x00\x9a\x14\x00\x00\x01\x00h\x9a\x14\x00\x00\x9f\x14\x00\x00\x02\x00\x8e\x08\x00\x00\x00\x00\x00\x00\x00\x00~\x14\x00\x00\x8a\x14\x00\x00\x02\x008\x9f\x00\x00\x00\x00\x00\x00\x00\x00\xb8\x14\x00\x00\xc8\x14\x00\x00\x06\x00h\x93\x01i\x93\x01\xc8\x14\x00\x00\xe4\x14\x00\x00\x04\x00\xf3\x01h\x9f\x00\x00\x00\x00\x00\x00\x00\x00\xc4\x14\x00\x00\xcc\x14\x00\x00\x02\x008\x9f\x00\x00\x00\x00\x00\x00\x00\x00\xe4\x14\x00\x00\xf4\x14\x00\x00\x06\x00h\x93\x01i\x93\x01\xf4\x14\x00\x00\n\x15\x00\x00\x04\x00\xf3\x01h\x9f\x00\x00\x00\x00\x00\x00\x00\x00\xf0\x14\x00\x00\xf8\x14\x00\x00\x02\x006\x9f\x00\x00\x00\x00\x00\x00\x00\x00\n\x15\x00\x00\x0e\x15\x00\x00\x06\x00h\x93\x01i\x93\x01\x0e\x15\x00\x00J\x15\x00\x00\x04\x00\xf3\x01h\x9f\x00\x00\x00\x00\x00\x00\x00\x00\n\x15\x00\x00\x18\x15\x00\x00\x02\x000\x9f\x18\x15\x00\x00J\x15\x00\x00\x02\x00E\x9f\x00\x00\x00\x00\x00\x00\x00\x00\n\x15\x00\x00\x18\x15\x00\x00\x02\x000\x9f\x18\x15\x00\x00J\x15\x00\x00\x03\x00\t\xc0\x9f\x00\x00\x00\x00\x00\x00\x00\x00 \x15\x00\x00,\x15\x00\x00\x02\x008\x9f\x00\x00\x00\x00\x00\x00\x00\x00J\x15\x00\x00L\x15\x00\x00\x03\x00\x92 \x02L\x15\x00\x00N\x15\x00\x00\x03\x00\x92 \x03N\x15\x00\x00\x9c\x15\x00\x00\x03\x00\x92 \x04\x00\x00\x00\x00\x00\x00\x00\x00J\x15\x00\x00Z\x15\x00\x00\x06\x00h\x93\x01i\x93\x01Z\x15\x00\x00g\x15\x00\x00\x06\x00n\x93\x01o\x93\x01g\x15\x00\x00h\x15\x00\x00\x04\x00\xf3\x01h\x9fh\x15\x00\x00\x9c\x15\x00\x00\x06\x00n\x93\x01o\x93\x01\x00\x00\x00\x00\x00\x00\x00\x00J\x15\x00\x00V\x15\x00\x00\x06\x00f\x93\x01g\x93\x01V\x15\x00\x00\x9a\x15\x00\x00\x06\x00l\x93\x01m\x93\x01\x9a\x15\x00\x00\x9c\x15\x00\x00\x04\x00\xf3\x01f\x9f\x00\x00\x00\x00\x00\x00\x00\x00R\x15\x00\x00V\x15\x00\x00\x06\x00h\x93\x01i\x93\x01\x00\x00\x00\x00\x00\x00\x00\x00\x9c\x15\x00\x00\x9e\x15\x00\x00\x03\x00\x92 \x02\x9e\x15\x00\x00\xa0\x15\x00\x00\x03\x00\x92 \x03\xa0\x15\x00\x00\xa2\x15\x00\x00\x03\x00\x92 \x04\xa2\x15\x00\x00\xa4\x15\x00\x00\x03\x00\x92 \x05\xa4\x15\x00\x00\xa6\x15\x00\x00\x03\x00\x92 \x06\xa6\x15\x00\x00\xa8\x15\x00\x00\x03\x00\x92 \x07\xa8\x15\x00\x00\xaa\x15\x00\x00\x03\x00\x92 \x08\xaa\x15\x00\x00\xac\x15\x00\x00\x03\x00\x92 \t\xac\x15\x00\x00\xae\x15\x00\x00\x03\x00\x92 \n\xae\x15\x00\x00\xb2\x15\x00\x00\x03\x00\x92 \x0c\xb2\x15\x00\x00\xa8\x16\x00\x00\x02\x00\x8c\x0c\x00\x00\x00\x00\x00\x00\x00\x00\x9c\x15\x00\x00\xc6\x15\x00\x00\x06\x00h\x93\x01i\x93\x01\xc6\x15\x00\x00z\x16\x00\x00\x06\x00`\x93\x01a\x93\x01z\x16\x00\x00\x92\x16\x00\x00\x03\x00\x80m\x9f\x92\x16\x00\x00\xa8\x16\x00\x00\x04\x00\xf3\x01h\x9f\x00\x00\x00\x00\x00\x00\x00\x00\x9c\x15\x00\x00\xd1\x15\x00\x00\x06\x00f\x93\x01g\x93\x01\xd1\x15\x00\x00\xa2\x16\x00\x00\x06\x00^\x93\x01_\x93\x01\xa2\x16\x00\x00\xa8\x16\x00\x00\x04\x00\xf3\x01f\x9f\x00\x00\x00\x00\x00\x00\x00\x00\x9c\x15\x00\x00\xd1\x15\x00\x00\x01\x00d\xd1\x15\x00\x00t\x16\x00\x00\x01\x00]t\x16\x00\x00\xa8\x16\x00\x00\x04\x00\xf3\x01d\x9f\x00\x00\x00\x00\x00\x00\x00\x00\xb8\x15\x00\x00\xe4\x15\x00\x00\x02\x000\x9f\x00\x00\x00\x00\x00\x00\x00\x00\xb8\x15\x00\x00\xe4\x15\x00\x00\x03\x00\t\xff\x9f\x00\x00\x00\x00\x00\x00\x00\x00\xb8\x15\x00\x00\xc6\x15\x00\x00\x06\x00h\x93\x01i\x93\x01\xc6\x15\x00\x00\xe4\x15\x00\x00\x06\x00`\x93\x01a\x93\x01\x00\x00\x00\x00\x00\x00\x00\x00\xca\x15\x00\x00\xe4\x15\x00\x00\x03\x00\x08 \x9f\x00\x00\x00\x00\x00\x00\x00\x00\xca\x15\x00\x00\xe4\x15\x00\x00\x03\x00\x80\x08\x9f\x00\x00\x00\x00\x00\x00\x00\x00\xca\x15\x00\x00\xd2\x15\x00\x00\x03\x00\x08@\x9f\x00\x00\x00\x00\x00\x00\x00\x00\xfa\x15\x00\x00&\x16\x00\x00\x06\x00^\x93\x01_\x93\x01\x00\x00\x00\x00\x00\x00\x00\x00\xfa\x15\x00\x00&\x16\x00\x00\x03\x00\x80\x13\x9f\x00\x00\x00\x00\x00\x00\x00\x00\x00\x16\x00\x00\x08\x16\x00\x00\x06\x00h\x93\x01i\x93\x01\x08\x16\x00\x00\x0c\x16\x00\x00\x05\x00~\x001$\x9f\x00\x00\x00\x00\x00\x00\x00\x00\x00\x16\x00\x00\x0b\x16\x00\x00\x06\x00h\x93\x01i\x93\x01\x00\x00\x00\x00\x00\x00\x00\x00&\x16\x00\x00<\x16\x00\x00\x06\x00n\x93\x01o\x93\x01<\x16\x00\x00h\x16\x00\x00\x06\x00`\x93\x01a\x93\x01\x00\x00\x00\x00\x00\x00\x00\x00&\x16\x00\x00h\x16\x00\x00\x06\x00\xf2\xddm\x00\x00\x00\x00\x00\x00\x00\x00\x00\x00\x00n\x16\x00\x00\x92\x16\x00\x00\x06\x00^\x93\x01_\x93\x01\x00\x00\x00\x00\x00\x00\x00\x00n\x16\x00\x00z\x16\x00\x00\x06\x00`\x93\x01a\x93\x01z\x16\x00\x00\x92\x16\x00\x00\x03\x00\x80m\x9f\x00\x00\x00\x00\x00\x00\x00\x00r\x16\x00\x00z\x16\x00\x00\x02\x000\x9fz\x16\x00\x00\x92\x16\x00\x00\x06\x00\\\x93\x01]\x93\x01\x00\x00\x00\x00\x00\x00\x00\x00\xa8\x16\x00\x00\xaa\x16\x00\x00\x03\x00\x92 \x02\xaa\x16\x00\x00\xac\x16\x00\x00\x03\x00\x92 \x03\xac\x16\x00\x00\xae\x16\x00\x00\x03\x00\x92 \x04\xae\x16\x00\x00\xb0\x16\x00\x00\x03\x00\x92 \x05\xb0\x16\x00\x00\xb2\x16\x00\x00\x03\x00\x92 \x06\xb2\x16\x00\x00\xb4\x16\x00\x00\x03\x00\x92 \x07\xb4\x16\x00\x00\xb6\x16\x00\x00\x03\x00\x92 \x08\xb6\x16\x00\x00\xba\x16\x00\x00\x03\x00\x92 \n\xba\x16\x00\x00\x8c\x17\x00\x00\x02\x00\x8c\n\x00\x00\x00\x00\x00\x00\x00\x00\xa8\x16\x00\x00\xca\x16\x00\x00\x06\x00h\x93\x01i\x93\x01\xca\x16\x00\x00f\x17\x00\x00\x06\x00`\x93\x01a\x93\x01f\x17\x00\x00l\x17\x00\x00\x06\x00n\x93\x01o\x93\x01l\x17\x00\x00\x8c\x17\x00\x00\x06\x00`\x93\x01a\x93\x01\x00\x00\x00\x00\x00\x00\x00\x00\xa8\x16\x00\x00\xe7\x16\x00\x00\x06\x00f\x93\x01g\x93\x01\xe8\x16\x00\x00\xf6\x16\x00\x00\x06\x00f\x93\x01g\x93\x01\xf6\x16\x00\x005\x17\x00\x00\x02\x00\x8c\x01\x00\x00\x00\x00\x00\x00\x00\x00\xd2\x16\x00\x00\xe7\x16\x00\x00\x06\x00n\x93\x01o\x93\x01\xe7\x16\x00\x00\xe8\x16\x00\x00\x03\x00\x80\x13\x9f\xe8\x16\x00\x00*\x17\x00\x00\x06\x00n\x93\x01o\x93\x01\x00\x00\x00\x00\x00\x00\x00\x00\x06\x17\x00\x00*\x17\x00\x00\x06\x00^\x93\x01_\x93\x01\x00\x00\x00\x00\x00\x00\x00\x00\x8c\x17\x00\x00\x93\x17\x00\x00\x06\x00h\x93\x01i\x93\x01\x93\x17\x00\x00\x94\x17\x00\x00\x04\x00\xf3\x01h\x9f\x94\x17\x00\x00\xa2\x17\x00\x00\x06\x00h\x93\x01i\x93\x01\xa2\x17\x00\x00\xb4\x17\x00\x00\x04\x00\xf3\x01h\x9f\x00\x00\x00\x00\x00\x00\x00\x00\x8c\x17\x00\x00\x93\x17\x00\x00\x06\x00f\x93\x01g\x93\x01\x93\x17\x00\x00\x94\x17\x00\x00\x04\x00\xf3\x01f\x9f\x94\x17\x00\x00\xb4\x17\x00\x00\x06\x00f\x93\x01g\x93\x01\x00\x00\x00\x00\x00\x00\x00\x00\x8c\x17\x00\x00\x93\x17\x00\x00\x0c\x00b\x93\x01c\x93\x01d\x93\x01e\x93\x01\x93\x17\x00\x00\x94\x17\x00\x00\x04\x00\xf3\x01b\x9f\x94\x17\x00\x00\xa2\x17\x00\x00\x0c\x00b\x93\x01c\x93\x01d\x93\x01e\x93\x01\xa2\x17\x00\x00\xb4\x17\x00\x00\x04\x00\xf3\x01b\x9f\x00\x00\x00\x00\x00\x00\x00\x00\x8c\x17\x00\x00\x93\x17\x00\x00\x06\x00h\x93\x01i\x93\x01\x93\x17\x00\x00\x94\x17\x00\x00\x04\x00\xf3\x01h\x9f\x94\x17\x00\x00\xa2\x17\x00\x00\x06\x00h\x93\x01i\x93\x01\xa2\x17\x00\x00\xb4\x17\x00\x00\x04\x00\xf3\x01h\x9f\x00\x00\x00\x00\x00\x00\x00\x00\x8c\x17\x00\x00\x93\x17\x00\x00\x06\x00f\x93\x01g\x93\x01\x93\x17\x00\x00\x94\x17\x00\x00\x04\x00\xf3\x01f\x9f\x94\x17\x00\x00\xb4\x17\x00\x00\x06\x00f\x93\x01g\x93\x01\x00\x00\x00\x00\x00\x00\x00\x00\xa2\x17\x00\x00\xa2\x17\x00\x00\n\x00\xf3\x01h\x86\x00\x1c\x8a\x00"\x9f\xa2\x17\x00\x00\xae\x17\x00\x00\x0c\x00\xf3\x01h\x86\x00\x1c\x8a\x00"#\x01\x9f\xae\x17\x00\x00\xb4\x17\x00\x00\n\x00\xf3\x01h\x86\x00\x1c\x8a\x00"\x9f\x00\x00\x00\x00\x00\x00\x00\x00\xa2\x17\x00\x00\xa2\x17\x00\x00\x06\x00j\x93\x01k\x93\x01\xa2\x17\x00\x00\xae\x17\x00\x00\x03\x00\x8a\x01\x9f\xae\x17\x00\x00\xb4\x17\x00\x00\x06\x00j\x93\x01k\x93\x01\x00\x00\x00\x00\x00\x00\x00\x00\xb4\x17\x00\x00\xb6\x17\x00\x00\x03\x00\x92 \x02\xb6\x17\x00\x00\xb8\x17\x00\x00\x03\x00\x92 \x03\xb8\x17\x00\x00\xba\x17\x00\x00\x03\x00\x92 \x04\xba\x17\x00\x00\xbc\x17\x00\x00\x03\x00\x92 \x05\xbc\x17\x00\x00\xbe\x17\x00\x00\x03\x00\x92 \x06\xbe\x17\x00\x00\x96\x18\x00\x00\x03\x00\x92 \x07\x00\x00\x00\x00\x00\x00\x00\x00\xde\x17\x00\x00,\x18\x00\x00\x01\x00l\x00\x00\x00\x00\x00\x00\x00\x00\xce\x17\x00\x00\xfd\x17\x00\x00\r\x000\x9f\x93\x01\x88\x00@$@&\x9f\x93\x04\xfd\x17\x00\x00P\x18\x00\x00\x06\x000\x9f\x93\x01\x93\x04P\x18\x00\x00g\x18\x00\x00\r\x000\x9f\x93\x01\x88\x00@$@&\x9f\x93\x04g\x18\x00\x00\x96\x18\x00\x00\x06\x000\x9f\x93\x01\x93\x04\x00\x00\x00\x00\x00\x00\x00\x00\xde\x17\x00\x00\xee\x17\x00\x00\x08\x00\x8c\x00\x08\xff\x1a#\x01\x9f\x00\x00\x00\x00\x00\x00\x00\x00\xf6\x17\x00\x00\xfe\x17\x00\x00\x0c\x00\\\x93\x01]\x93\x01^\x93\x01_\x93\x01\x00\x00\x00\x00\x00\x00\x00\x00\xf6\x17\x00\x00\xfd\x17\x00\x00\t\x00\x93\x01\x03e\x07\x80\x00\x93\x04\x00\x00\x00\x00\x00\x00\x00\x00\xf6\x17\x00\x00\xfd\x17\x00\x00\x0b\x00\x93\x01\x88\x00@$@&\x9f\x93\x04\x00\x00\x00\x00\x00\x00\x00\x00<\x18\x00\x00D\x18\x00\x00\x02\x000\x9f\x00\x00\x00\x00\x00\x00\x00\x00<\x18\x00\x00@\x18\x00\x00\x02\x000\x9f\x00\x00\x00\x00\x00\x00\x00\x00P\x18\x00\x00\\\x18\x00\x00\x03\x00\x08@\x9f\x00\x00\x00\x00\x00\x00\x00\x00\\\x18\x00\x00h\x18\x00\x00\x03\x00\x08?\x9f\x00\x00\x00\x00\x00\x00\x00\x00\\\x18\x00\x00g\x18\x00\x00\t\x00\x93\x01\x03e\x07\x80\x00\x93\x04\x00\x00\x00\x00\x00\x00\x00\x00\\\x18\x00\x00g\x18\x00\x00\x0b\x00\x93\x01\x88\x00@$@&\x9f\x93\x04\x00\x00\x00\x00\x00\x00\x00\x00\x96\x18\x00\x00\x98\x18\x00\x00\x03\x00\x92 \x02\x98\x18\x00\x00\xee\x18\x00\x00\x03\x00\x92 \x03\x00\x00\x00\x00\x00\x00\x00\x00\x96\x18\x00\x00\xb2\x18\x00\x00\x06\x00h\x93\x01i\x93\x01\xb2\x18\x00\x00\xb7\x18\x00\x00\x06\x00j\x93\x01k\x93\x01\xb7\x18\x00\x00\xb8\x18\x00\x00\x04\x00\xf3\x01h\x9f\xb8\x18\x00\x00\xbe\x18\x00\x00\x06\x00h\x93\x01i\x93\x01\xbe\x18\x00\x00\xc0\x18\x00\x00\x06\x00j\x93\x01k\x93\x01\xc0\x18\x00\x00\xc9\x18\x00\x00\x06\x00h\x93\x01i\x93\x01\xc9\x18\x00\x00\xee\x18\x00\x00\x04\x00\xf3\x01h\x9f\x00\x00\x00\x00\x00\x00\x00\x00\x98\x18\x00\x00\xa2\x18\x00\x00\x02\x001\x9f\x00\x00\x00\x00\x00\x00\x00\x00\x98\x18\x00\x00\xa2\x18\x00\x00\x06\x00h\x93\x01i\x93\x01\x00\x00\x00\x00\x00\x00\x00\x00\xb0\x18\x00\x00\xb2\x18\x00\x00\x02\x00B\x9f\x00\x00\x00\x00\x00\x00\x00\x00\xc0\x18\x00\x00\xc2\x18\x00\x00\x02\x003\x9f\x00\x00\x00\x00\x00\x00\x00\x00\xc0\x18\x00\x00\xc2\x18\x00\x00\x06\x00h\x93\x01i\x93\x01\x00\x00\x00\x00\x00\x00\x00\x00\xda\x18\x00\x00\xea\x18\x00\x00\x01\x00l\xea\x18\x00\x00\xed\x18\x00\x00\x05\x00\x03j\x07\x80\x00\x00\x00\x00\x00\x00\x00\x00\x00\xde\x18\x00\x00\xe8\x18\x00\x00\x02\x001\x9f\x00\x00\x00\x00\x00\x00\x00\x00\xde\x18\x00\x00\xe4\x18\x00\x00\x02\x001\x9f\x00\x00\x00\x00\x00\x00\x00\x00\xee\x18\x00\x00\xfe\x18\x00\x00\x06\x00h\x93\x01i\x93\x01\xfe\x18\x00\x00\x02\x19\x00\x00\x04\x00\xf3\x01h\x9f\x02\x19\x00\x00\x0c\x19\x00\x00\x06\x00h\x93\x01i\x93\x01\x0c\x19\x00\x00\x1d\x19\x00\x00\x06\x00j\x93\x01k\x93\x01\x1d\x19\x00\x00\x1e\x19\x00\x00\x04\x00\xf3\x01h\x9f\x00\x00\x00\x00\x00\x00\x00\x00\xfc\x18\x00\x00\x02\x19\x00\x00\x02\x00B\x9f\x00\x00\x00\x00\x00\x00\x00\x00\x0c\x19\x00\x00\x10\x19\x00\x00\x06\x00\x8a\x02\x94\x02#\x01\x00\x00\x00\x00\x00\x00\x00\x00\x10\x19\x00\x00\x1a\x19\x00\x00\x02\x001\x9f\x00\x00\x00\x00\x00\x00\x00\x00\x10\x19\x00\x00\x16\x19\x00\x00\x02\x001\x9f\x00\x00\x00\x00\x00\x00\x00\x00\x1e\x19\x00\x00 \x19\x00\x00\x03\x00\x92 \x02 \x19\x00\x00"\x19\x00\x00\x03\x00\x92 \x03"\x19\x00\x00$\x19\x00\x00\x03\x00\x92 \x04$\x19\x00\x00&\x19\x00\x00\x03\x00\x92 \x05&\x19\x00\x00(\x19\x00\x00\x03\x00\x92 \x06(\x19\x00\x00*\x19\x00\x00\x03\x00\x92 \x07*\x19\x00\x00,\x19\x00\x00\x03\x00\x92 \x08,\x19\x00\x00\xb6\x19\x00\x00\x03\x00\x92 \t\x00\x00\x00\x00\x00\x00\x00\x00\x1e\x19\x00\x009\x19\x00\x00\x06\x00h\x93\x01i\x93\x019\x19\x00\x00\xb6\x19\x00\x00\x04\x00\xf3\x01h\x9f\x00\x00\x00\x00\x00\x00\x00\x00<\x19\x00\x00f\x19\x00\x00\x08\x000\x9f\x93\x010\x9f\x93\x04f\x19\x00\x00\xaa\x19\x00\x00\x0f\x000\x9f\x93\x01\x80\x00@$@&#\x08\x9f\x93\x04\xaa\x19\x00\x00\xb6\x19\x00\x00\x06\x000\x9f\x93\x01\x93\x04\x00\x00\x00\x00\x00\x00\x00\x00,\x19\x00\x006\x19\x00\x00\x02\x001\x9f\x00\x00\x00\x00\x00\x00\x00\x00,\x19\x00\x006\x19\x00\x00\x06\x00h\x93\x01i\x93\x01\x00\x00\x00\x00\x00\x00\x00\x00J\x19\x00\x00L\x19\x00\x00\x02\x00B\x9f\x00\x00\x00\x00\x00\x00\x00\x00n\x19\x00\x00|\x19\x00\x00\x0c\x00\\\x93\x01]\x93\x01^\x93\x01_\x93\x01\x00\x00\x00\x00\x00\x00\x00\x00n\x19\x00\x00\xaa\x19\x00\x00\x0f\x000\x9f\x93\x01\x80\x00@$@&#\x08\x9f\x93\x04\xaa\x19\x00\x00\xb6\x19\x00\x00\x06\x000\x9f\x93\x01\x93\x04\x00\x00\x00\x00\x00\x00\x00\x00\xb6\x19\x00\x00\xb8\x19\x00\x00\x03\x00\x92 \x02\xb8\x19\x00\x00\xba\x19\x00\x00\x03\x00\x92 \x03\xba\x19\x00\x00\xbc\x19\x00\x00\x03\x00\x92 \x04\xbc\x19\x00\x00\xbe\x19\x00\x00\x03\x00\x92 \x05\xbe\x19\x00\x00>\x1a\x00\x00\x03\x00\x92 \x06\x00\x00\x00\x00\x00\x00\x00\x00\xb6\x19\x00\x00\xc8\x19\x00\x00\x06\x00h\x93\x01i\x93\x01\xc8\x19\x00\x00\xe3\x19\x00\x00\x06\x00j\x93\x01k\x93\x01\xe3\x19\x00\x00\xe4\x19\x00\x00\x04\x00\xf3\x01h\x9f\xe4\x19\x00\x00\t\x1a\x00\x00\x06\x00j\x93\x01k\x93\x01\t\x1a\x00\x00>\x1a\x00\x00\x04\x00\xf3\x01h\x9f\x00\x00\x00\x00\x00\x00\x00\x00\xbe\x19\x00\x00\xc8\x19\x00\x00\x02\x001\x9f\x00\x00\x00\x00\x00\x00\x00\x00\xbe\x19\x00\x00\xc8\x19\x00\x00\x06\x00h\x93\x01i\x93\x01\x00\x00\x00\x00\x00\x00\x00\x00\xd6\x19\x00\x00\xd8\x19\x00\x00\x02\x00B\x9f\x00\x00\x00\x00\x00\x00\x00\x00\xf4\x19\x00\x002\x1a\x00\x00\x0c\x00\\\x93\x01]\x93\x01^\x93\x01_\x93\x01\x00\x00\x00\x00\x00\x00\x00\x00\xf4\x19\x00\x00\xfa\x19\x00\x00\x07\x00\x8e\x02@$@&\x9f\xfa\x19\x00\x00\t\x1a\x00\x00\x07\x00\x86\x00@$@&\x9f\x00\x00\x00\x00\x00\x00\x00\x00\xf4\x19\x00\x00\n\x1a\x00\x00\x0c\x00\\\x93\x01]\x93\x01^\x93\x01_\x93\x01\x00\x00\x00\x00\x00\x00\x00\x00\xf4\x19\x00\x00\t\x1a\x00\x00\t\x00\x93\x01\x03e\x07\x80\x00\x93\x04\x00\x00\x00\x00\x00\x00\x00\x00>\x1a\x00\x00N\x1a\x00\x00\x06\x00h\x93\x01i\x93\x01N\x1a\x00\x00R\x1a\x00\x00\x04\x00\xf3\x01h\x9fR\x1a\x00\x00l\x1a\x00\x00\x06\x00h\x93\x01i\x93\x01l\x1a\x00\x00o\x1a\x00\x00\x06\x00n\x93\x01o\x93\x01o\x1a\x00\x00\x9a\x1a\x00\x00\x04\x00\xf3\x01h\x9f\x00\x00\x00\x00\x00\x00\x00\x00L\x1a\x00\x00R\x1a\x00\x00\x02\x00B\x9f\x00\x00\x00\x00\x00\x00\x00\x00T\x1a\x00\x00o\x1a\x00\x00\x06\x00n\x93\x01o\x93\x01o\x1a\x00\x00\x9a\x1a\x00\x00\x04\x00\xf3\x01h\x9f\x00\x00\x00\x00\x00\x00\x00\x00T\x1a\x00\x00\x96\x1a\x00\x00\x03\x00\x08?\x9f\x00\x00\x00\x00\x00\x00\x00\x00T\x1a\x00\x00\\\x1a\x00\x00\x0b\x00\x8e\x02\x94\x02#\x01@$@&\x9f\\\x1a\x00\x00o\x1a\x00\x00\x07\x00\x86\x00@$@&\x9f\x00\x00\x00\x00\x00\x00\x00\x00T\x1a\x00\x00p\x1a\x00\x00\x03\x00\x08?\x9f\x00\x00\x00\x00\x00\x00\x00\x00T\x1a\x00\x00o\x1a\x00\x00\t\x00\x93\x01\x03e\x07\x80\x00\x93\x04\x00\x00\x00\x00\x00\x00\x00\x00\xa4\x1a\x00\x00\xb0\x1a\x00\x00\x02\x000\x9f\xb0\x1a\x00\x00\xc0\x1a\x00\x00\x02\x001\x9f\xc0\x1a\x00\x00\xd0\x1a\x00\x00\x02\x002\x9f\xd0\x1a\x00\x00\xe0\x1a\x00\x00\x02\x003\x9f\xe0\x1a\x00\x00\xe2\x1a\x00\x00\x02\x004\x9f\x00\x00\x00\x00\x00\x00\x00\x00\xa4\x1a\x00\x00\xe0\x1a\x00\x00\x02\x000\x9f\x00\x00\x00\x00\x00\x00\x00\x00\xa4\x1a\x00\x00\xaa\x1a\x00\x00\x02\x003\x9f\xaa\x1a\x00\x00\xac\x1a\x00\x00\x02\x002\x9f\xac\x1a\x00\x00\xae\x1a\x00\x00\x02\x001\x9f\xae\x1a\x00\x00\xb0\x1a\x00\x00\x02\x000\x9f\xb0\x1a\x00\x00\xb4\x1a\x00\x00\x02\x003\x9f\xb4\x1a\x00\x00\xb8\x1a\x00\x00\x02\x002\x9f\xb8\x1a\x00\x00\xbc\x1a\x00\x00\x02\x001\x9f\xbc\x1a\x00\x00\xc0\x1a\x00\x00\x02\x000\x9f\xc0\x1a\x00\x00\xc4\x1a\x00\x00\x02\x003\x9f\xc4\x1a\x00\x00\xc8\x1a\x00\x00\x02\x002\x9f\xc8\x1a\x00\x00\xcc\x1a\x00\x00\x02\x001\x9f\xcc\x1a\x00\x00\xd0\x1a\x00\x00\x02\x000\x9f\xd0\x1a\x00\x00\xd4\x1a\x00\x00\x02\x003\x9f\xd4\x1a\x00\x00\xd8\x1a\x00\x00\x02\x002\x9f\xd8\x1a\x00\x00\xdc\x1a\x00\x00\x02\x001\x9f\xdc\x1a\x00\x00\xe0\x1a\x00\x00\x02\x000\x9f\x00\x00\x00\x00\x00\x00\x00\x00\xe2\x1a\x00\x00\xea\x1a\x00\x00\x06\x00h\x93\x01i\x93\x01\xea\x1a\x00\x00\x08\x1b\x00\x00\x04\x00\xf3\x01h\x9f\x00\x00\x00\x00\x00\x00\x00\x00\xee\x1a\x00\x00\xf4\x1a\x00\x00\x02\x00B\x9f\x00\x00\x00\x00\x00\x00\x00\x00\x08\x1b\x00\x00\x16\x1b\x00\x00\x06\x00h\x93\x01i\x93\x01\x16\x1b\x00\x00\x1d\x1b\x00\x00\x06\x00n\x93\x01o\x93\x01\x1d\x1b\x00\x00\x1e\x1b\x00\x00\x04\x00\xf3\x01h\x9f\x1e\x1b\x00\x00 \x1b\x00\x00\x06\x00n\x93\x01o\x93\x01\x00\x00\x00\x00\x00\x00\x00\x00\x1a\x1b\x00\x00\x1d\x1b\x00\x00\x06\x00h\x93\x01i\x93\x01\x00\x00\x00\x00\x00\x00\x00\x00 \x1b\x00\x00"\x1b\x00\x00\x03\x00\x92 \x02"\x1b\x00\x00$\x1b\x00\x00\x03\x00\x92 \x03$\x1b\x00\x004\x1b\x00\x00\x03\x00\x92 \x04\x00\x00\x00\x00\x00\x00\x00\x00 \x1b\x00\x00)\x1b\x00\x00\x06\x00h\x93\x01i\x93\x01)\x1b\x00\x000\x1b\x00\x00\x06\x00l\x93\x01m\x93\x010\x1b\x00\x003\x1b\x00\x00\x06\x00h\x93\x01i\x93\x013\x1b\x00\x004\x1b\x00\x00\x04\x00\xf3\x01h\x9f\x00\x00\x00\x00\x00\x00\x00\x00*\x1b\x00\x000\x1b\x00\x00\x06\x00l\x93\x01m\x93\x010\x1b\x00\x003\x1b\x00\x00\x06\x00h\x93\x01i\x93\x013\x1b\x00\x004\x1b\x00\x00\x04\x00\xf3\x01h\x9f\x00\x00\x00\x00\x00\x00\x00\x004\x1b\x00\x00A\x1b\x00\x00\x06\x00h\x93\x01i\x93\x01A\x1b\x00\x00B\x1b\x00\x00\x04\x00\xf3\x01h\x9f\x00\x00\x00\x00\x00\x00\x00\x00B\x1b\x00\x00D\x1b\x00\x00\x03\x00\x92 \x02D\x1b\x00\x00F\x1b\x00\x00\x03\x00\x92 \x03F\x1b\x00\x00V\x1b\x00\x00\x03\x00\x92 \x04\x00\x00\x00\x00\x00\x00\x00\x00B\x1b\x00\x00K\x1b\x00\x00\x06\x00h\x93\x01i\x93\x01K\x1b\x00\x00R\x1b\x00\x00\x06\x00l\x93\x01m\x93\x01R\x1b\x00\x00U\x1b\x00\x00\x06\x00h\x93\x01i\x93\x01U\x1b\x00\x00V\x1b\x00\x00\x04\x00\xf3\x01h\x9f\x00\x00\x00\x00\x00\x00\x00\x00L\x1b\x00\x00R\x1b\x00\x00\x06\x00l\x93\x01m\x93\x01R\x1b\x00\x00U\x1b\x00\x00\x06\x00h\x93\x01i\x93\x01U\x1b\x00\x00V\x1b\x00\x00\x04\x00\xf3\x01h\x9f\x00\x00\x00\x00\x00\x00\x00\x00V\x1b\x00\x00X\x1b\x00\x00\x03\x00\x92 \x02X\x1b\x00\x00Z\x1b\x00\x00\x03\x00\x92 \x03Z\x1b\x00\x00z\x1b\x00\x00\x03\x00\x92 \x04\x00\x00\x00\x00\x00\x00\x00\x00V\x1b\x00\x00`\x1b\x00\x00\x06\x00h\x93\x01i\x93\x01`\x1b\x00\x00v\x1b\x00\x00\x06\x00l\x93\x01m\x93\x01v\x1b\x00\x00y\x1b\x00\x00\x06\x00h\x93\x01i\x93\x01y\x1b\x00\x00z\x1b\x00\x00\x04\x00\xf3\x01h\x9f\x00\x00\x00\x00\x00\x00\x00\x00d\x1b\x00\x00p\x1b\x00\x00\x03\x00\x8c\x13\x9f\x00\x00\x00\x00\x00\x00\x00\x00l\x1b\x00\x00o\x1b\x00\x00\x06\x00h\x93\x01i\x93\x01\x00\x00\x00\x00\x00\x00\x00\x00z\x1b\x00\x00|\x1b\x00\x00\x03\x00\x92 \x02|\x1b\x00\x00~\x1b\x00\x00\x03\x00\x92 \x03~\x1b\x00\x00\x8e\x1b\x00\x00\x03\x00\x92 \x04\x00\x00\x00\x00\x00\x00\x00\x00z\x1b\x00\x00\x83\x1b\x00\x00\x06\x00h\x93\x01i\x93\x01\x83\x1b\x00\x00\x8a\x1b\x00\x00\x06\x00l\x93\x01m\x93\x01\x8a\x1b\x00\x00\x8d\x1b\x00\x00\x06\x00h\x93\x01i\x93\x01\x8d\x1b\x00\x00\x8e\x1b\x00\x00\x04\x00\xf3\x01h\x9f\x00\x00\x00\x00\x00\x00\x00\x00\x84\x1b\x00\x00\x8a\x1b\x00\x00\x06\x00l\x93\x01m\x93\x01\x8a\x1b\x00\x00\x8d\x1b\x00\x00\x06\x00h\x93\x01i\x93\x01\x8d\x1b\x00\x00\x8e\x1b\x00\x00\x04\x00\xf3\x01h\x9f\x00\x00\x00\x00\x00\x00\x00\x00\x8e\x1b\x00\x00\x9b\x1b\x00\x00\x06\x00h\x93\x01i\x93\x01\x9b\x1b\x00\x00\x9c\x1b\x00\x00\x04\x00\xf3\x01h\x9f\x00\x00\x00\x00\x00\x00\x00\x00\x9c\x1b\x00\x00\x9e\x1b\x00\x00\x03\x00\x92 \x02\x9e\x1b\x00\x00\xa0\x1b\x00\x00\x03\x00\x92 \x03\xa0\x1b\x00\x00\xb0\x1b\x00\x00\x03\x00\x92 \x04\x00\x00\x00\x00\x00\x00\x00\x00\x9c\x1b\x00\x00\xa5\x1b\x00\x00\x06\x00h\x93\x01i\x93\x01\xa5\x1b\x00\x00\xac\x1b\x00\x00\x06\x00l\x93\x01m\x93\x01\xac\x1b\x00\x00\xaf\x1b\x00\x00\x06\x00h\x93\x01i\x93\x01\xaf\x1b\x00\x00\xb0\x1b\x00\x00\x04\x00\xf3\x01h\x9f\x00\x00\x00\x00\x00\x00\x00\x00\xa6\x1b\x00\x00\xac\x1b\x00\x00\x06\x00l\x93\x01m\x93\x01\xac\x1b\x00\x00\xaf\x1b\x00\x00\x06\x00h\x93\x01i\x93\x01\xaf\x1b\x00\x00\xb0\x1b\x00\x00\x04\x00\xf3\x01h\x9f\x00\x00\x00\x00\x00\x00\x00\x00\xb0\x1b\x00\x00\xb2\x1b\x00\x00\x03\x00\x92 \x02\xb2\x1b\x00\x00\xb4\x1b\x00\x00\x03\x00\x92 \x03\xb4\x1b\x00\x00\xb6\x1b\x00\x00\x03\x00\x92 \x04\xb6\x1b\x00\x00\xb8\x1b\x00\x00\x03\x00\x92 \x05\xb8\x1b\x00\x00\xba\x1b\x00\x00\x03\x00\x92 \x06\xba\x1b\x00\x00\xbc\x1b\x00\x00\x03\x00\x92 \x07\xbc\x1b\x00\x00 \x1c\x00\x00\x03\x00\x92 \x08\x00\x00\x00\x00\x00\x00\x00\x00\xb0\x1b\x00\x00\xc8\x1b\x00\x00\x06\x00h\x93\x01i\x93\x01\xc8\x1b\x00\x00\x16\x1c\x00\x00\x06\x00l\x93\x01m\x93\x01\x16\x1c\x00\x00 \x1c\x00\x00\x04\x00\xf3\x01h\x9f\x00\x00\x00\x00\x00\x00\x00\x00\xb0\x1b\x00\x00\xca\x1b\x00\x00\x06\x00f\x93\x01g\x93\x01\xca\x1b\x00\x00 \x1c\x00\x00\x04\x00\xf3\x01f\x9f\x00\x00\x00\x00\x00\x00\x00\x00 \x1c\x00\x00"\x1c\x00\x00\x03\x00\x92 \x02"\x1c\x00\x00$\x1c\x00\x00\x03\x00\x92 \x03$\x1c\x00\x00,\x1c\x00\x00\x03\x00\x92 \x04,\x1c\x00\x00.\x1c\x00\x00\x03\x00\x92 \x05.\x1c\x00\x000\x1c\x00\x00\x03\x00\x92 \x060\x1c\x00\x002\x1c\x00\x00\x03\x00\x92 \x072\x1c\x00\x004\x1c\x00\x00\x03\x00\x92 \x084\x1c\x00\x006\x1c\x00\x00\x03\x00\x92 \t6\x1c\x00\x00\xb4\x1c\x00\x00\x03\x00\x92 \n\x00\x00\x00\x00\x00\x00\x00\x00F\x1c\x00\x00J\x1c\x00\x00\x0c\x00h\x93\x01i\x93\x01j\x93\x01k\x93\x01J\x1c\x00\x00X\x1c\x00\x00\x03\x00\x88\x01\x9fX\x1c\x00\x00|\x1c\x00\x00\x0c\x00h\x93\x01i\x93\x01j\x93\x01k\x93\x01|\x1c\x00\x00\x92\x1c\x00\x00\x05\x00\x03|\x07\x80\x00\xa8\x1c\x00\x00\xb2\x1c\x00\x00\x03\x00\x88\x01\x9f\xb2\x1c\x00\x00\xb4\x1c\x00\x00\x0c\x00h\x93\x01i\x93\x01j\x93\x01k\x93\x01\x00\x00\x00\x00\x00\x00\x00\x00J\x1c\x00\x00N\x1c\x00\x00\x01\x00cN\x1c\x00\x00\x9e\x1c\x00\x00\x01\x00b\x9e\x1c\x00\x00\xa2\x1c\x00\x00\x05\x00\x03{\x07\x80\x00\xa8\x1c\x00\x00\xaa\x1c\x00\x00\x01\x00b\xaa\x1c\x00\x00\xac\x1c\x00\x00\x03\x00\x83\x03\x9f\xac\x1c\x00\x00\xb4\x1c\x00\x00\x01\x00b\x00\x00\x00\x00\x00\x00\x00\x00\x8c#\x00\x00\x8e#\x00\x00\x03\x00\x92 \x02\x8e#\x00\x00\x90#\x00\x00\x03\x00\x92 \x03\x90#\x00\x00\x94#\x00\x00\x03\x00\x92 \x04\x94#\x00\x00\x98#\x00\x00\x02\x00\x8c\x04\x98#\x00\x00\x8e-\x00\x00\x03\x00\x8c\xcb\x00\x00\x00\x00\x00\x00\x00\x00\x00\xd0$\x00\x00)%\x00\x00\x01\x00b\x00\x00\x00\x00\x00\x00\x00\x00\xd6$\x00\x00\xe0$\x00\x00\x01\x00h\x00\x00\x00\x00\x00\x00\x00\x00\xea$\x00\x00\x00%\x00\x00\x06\x00j\x93\x01k\x93\x01\x00\x00\x00\x00\x00\x00\x00\x00\xce$\x00\x00\xd4$\x00\x00\x06\x00n\x93\x01o\x93\x01\x00\x00\x00\x00\x00\x00\x00\x00\xd4$\x00\x00\xe2$\x00\x00\x06\x00n\x93\x01o\x93\x01\x00\x00\x00\x00\x00\x00\x00\x00\xe6$\x00\x00\xea$\x00\x00\x06\x00n\x93\x01o\x93\x01\x00\x00\x00\x00\x00\x00\x00\x00\xf0$\x00\x00\xf4$\x00\x00\x06\x00n\x93\x01o\x93\x01\x00\x00\x00\x00\x00\x00\x00\x00\xf6$\x00\x00\x00%\x00\x00\x01\x00h\x00\x00\x00\x00\x00\x00\x00\x00\x08%\x00\x00\x0e%\x00\x00\x06\x00n\x93\x01o\x93\x01\x0e%\x00\x00\x10%\x00\x00\x03\x00\x8e\x01\x9f\x10%\x00\x00\x12%\x00\x00\x06\x00n\x93\x01o\x93\x01\x00\x00\x00\x00\x00\x00\x00\x00:%\x00\x00F%\x00\x00\x02\x000\x9f\x00\x00\x00\x00\x00\x00\x00\x00\x86%\x00\x00\x92%\x00\x00\x06\x00\x0c8\xc1\x01\x00\x9f\x00\x00\x00\x00\x00\x00\x00\x00\x96%\x00\x00\xbe%\x00\x00\x03\x00\x08d\x9f\x00\x00\x00\x00\x00\x00\x00\x00\x14(\x00\x00v)\x00\x00\x02\x000\x9f\x14,\x00\x00~-\x00\x00\x02\x000\x9f\x00\x00\x00\x00\x00\x00\x00\x00\x14(\x00\x00@(\x00\x00\x02\x000\x9f\x00\x00\x00\x00\x00\x00\x00\x00\x14(\x00\x00R(\x00\x00\x02\x000\x9fR(\x00\x00\x9e(\x00\x00\x01\x00\\\x00\x00\x00\x00\x00\x00\x00\x00\x14(\x00\x00\x9e(\x00\x00\x02\x000\x9f\x9e(\x00\x00v)\x00\x00\x01\x00W\x14,\x00\x00~-\x00\x00\x01\x00W\x00\x00\x00\x00\x00\x00\x00\x00\x1a(\x00\x00\x9e(\x00\x00\x02\x000\x9f\x0c)\x00\x00r)\x00\x00\x01\x00V\x1c,\x00\x00\xa6,\x00\x00\x01\x00V\x00\x00\x00\x00\x00\x00\x00\x00\x1a(\x00\x00\x9e(\x00\x00\x02\x000\x9f\x00\x00\x00\x00\x00\x00\x00\x00\x1a(\x00\x00\x82(\x00\x00\x02\x000\x9f\x00\x00\x00\x00\x00\x00\x00\x00\x1a(\x00\x00\x9e(\x00\x00\x02\x000\x9f\xa8(\x00\x00\xcc(\x00\x00\x02\x000\x9f\xcc(\x00\x00\xec(\x00\x00\x02\x001\x9f\xec(\x00\x00\xf2(\x00\x00\x02\x005\x9f\x0c)\x00\x00r)\x00\x00\x06\x00Z\x93\x01[\x93\x01\x14,\x00\x00\x1c,\x00\x00\x02\x001\x9f\x1c,\x00\x00\xa6,\x00\x00\x06\x00Z\x93\x01[\x93\x01\x00\x00\x00\x00\x00\x00\x00\x00$(\x00\x00\x82(\x00\x00\x02\x000\x9f\x00\x00\x00\x00\x00\x00\x00\x000(\x00\x00\x8a(\x00\x00\x02\x000\x9f\x8a(\x00\x00v)\x00\x00\x07\x00r\x00H$0.\x9f\x14,\x00\x00~-\x00\x00\x07\x00r\x00H$0.\x9f\x00\x00\x00\x00\x00\x00\x00\x00F,\x00\x00j,\x00\x00\x06\x00Z\x93\x01[\x93\x01n,\x00\x00\xa6,\x00\x00\x06\x00Z\x93\x01[\x93\x01\x00\x00\x00\x00\x00\x00\x00\x00n,\x00\x00\xa4,\x00\x00\x06\x00Z\x93\x01[\x93\x01\x00\x00\x00\x00\x00\x00\x00\x00d(\x00\x00\x82(\x00\x00\x01\x00\\\x00\x00\x00\x00\x00\x00\x00\x00d(\x00\x00\x9e(\x00\x00\x0e\x00|\x00\x08\xff\x1a9\x1e\x03\xa0\x06\x80\x00"\x9f\x00\x00\x00\x00\x00\x00\x00\x00\xa8(\x00\x00\xc4(\x00\x00\x01\x00W\x00\x00\x00\x00\x00\x00\x00\x00\xa8(\x00\x00\xc0(\x00\x00\x02\x000\x9f\x00\x00\x00\x00\x00\x00\x00\x00\xa8(\x00\x00\xc0(\x00\x00\x02\x000\x9f\xc0(\x00\x00\xc2(\x00\x00\x06\x00w\x00x\x00"\x9f\xc2(\x00\x00\xc4(\x00\x00\x01\x00X\x00\x00\x00\x00\x00\x00\x00\x00\xd6(\x00\x00\xec(\x00\x00\x02\x004\x9f\x00\x00\x00\x00\x00\x00\x00\x00\x1c)\x00\x00D)\x00\x00\x01\x00V\x00\x00\x00\x00\x00\x00\x00\x00\x1c)\x00\x00D)\x00\x00\x01\x00W\x00\x00\x00\x00\x00\x00\x00\x00\x1c)\x00\x004)\x00\x00\x02\x000\x9f\x00\x00\x00\x00\x00\x00\x00\x00\x1c)\x00\x004)\x00\x00\x02\x000\x9f4)\x00\x006)\x00\x00\x16\x00w\x00\x8e\x00"\x08\xff\x1a9\x1e\x03\xa1\x06\x80\x00"\x94\x01v\x00"\x9f6)\x00\x00D)\x00\x00\x1b\x00w\x00\x03\x9d\x06\x80\x00\x94\x01"\x08\xff\x1a9\x1e\x03\xa1\x06\x80\x00"\x94\x01v\x00"\x9f\x00\x00\x00\x00\x00\x00\x00\x00\x1c)\x00\x004)\x00\x00\x01\x00W\x00\x00\x00\x00\x00\x00\x00\x00\x1c,\x00\x00),\x00\x00\x0c\x00b\x93\x01c\x93\x01d\x93\x01e\x93\x01\x00\x00\x00\x00\x00\x00\x00\x00\xea,\x00\x00~-\x00\x00\x06\x00Z\x93\x01[\x93\x01\x00\x00\x00\x00\x00\x00\x00\x00\xc8,\x00\x00\x10-\x00\x00\x06\x00V\x93\x01W\x93\x01\x00\x00\x00\x00\x00\x00\x00\x00\xc8,\x00\x00\x10-\x00\x00\x06\x00\xf2\xbd\x85\x00\x00\x00\x00\x00\x00\x00\x00\x00\x00\x00\xe0,\x00\x00\x10-\x00\x00\x06\x00Z\x93\x01[\x93\x01\x00\x00\x00\x00\x00\x00\x00\x00\x10-\x00\x00\x18-\x00\x00\x06\x00Z\x93\x01[\x93\x01\x00\x00\x00\x00\x00\x00\x00\x00\x18-\x00\x00~-\x00\x00\x06\x00Z\x93\x01[\x93\x01\x00\x00\x00\x00\x00\x00\x00\x00l-\x00\x00r-\x00\x00\x03\x00z\x04\x9fr-\x00\x00{-\x00\x00\x06\x00d\x93\x01e\x93\x01{-\x00\x00~-\x00\x00\x03\x00z\x04\x9f\x00\x00\x00\x00\x00\x00\x00\x00l-\x00\x00{-\x00\x00\x06\x00j\x93\x01k\x93\x01{-\x00\x00~-\x00\x00\x06\x00\\\x93\x01]\x93\x01\x00\x00\x00\x00\x00\x00\x00\x00\x12&\x00\x00,&\x00\x00\x02\x000\x9f,&\x00\x00D&\x00\x00\x01\x00hD&\x00\x00Y&\x00\x00\x02\x00\x8e\x00v)\x00\x00\xad)\x00\x00\x02\x00\x8e\x00\xc0)\x00\x00\xdf)\x00\x00\x02\x00\x8e\x00\x00\x00\x00\x00\x00\x00\x00\x00,&\x00\x00D&\x00\x00\x01\x00hD&\x00\x00Y&\x00\x00\x02\x00\x8e\x00v)\x00\x00\xad)\x00\x00\x02\x00\x8e\x00\xc0)\x00\x00\xdf)\x00\x00\x02\x00\x8e\x00\x00\x00\x00\x00\x00\x00\x00\x000*\x00\x00k*\x00\x00\x01\x00bn*\x00\x00\xaf*\x00\x00\x01\x00b\xb2*\x00\x00\xe5*\x00\x00\x01\x00b\x00\x00\x00\x00\x00\x00\x00\x00\xd0&\x00\x00v)\x00\x00\x02\x000\x9f\xe8*\x00\x00\x8e-\x00\x00\x02\x000\x9f\x00\x00\x00\x00\x00\x00\x00\x00\x00\'\x00\x004\'\x00\x00\x02\x001\x9f\x00\x00\x00\x00\x00\x00\x00\x00\x00\'\x00\x004\'\x00\x00\x02\x000\x9f\x00\x00\x00\x00\x00\x00\x00\x00\x00\'\x00\x004\'\x00\x00\x03\x00\x08@\x9f\x00\x00\x00\x00\x00\x00\x00\x00\x00\'\x00\x004\'\x00\x00\x06\x00d\x93\x01e\x93\x01\x00\x00\x00\x00\x00\x00\x00\x00\x00\'\x00\x00\x08\'\x00\x00\x03\x00\t\xff\x9f\x08\'\x00\x00&\'\x00\x00\x06\x00h\x93\x01i\x93\x01*\'\x00\x004\'\x00\x00\x06\x00h\x93\x01i\x93\x01\x00\x00\x00\x00\x00\x00\x00\x00\x00\'\x00\x00\x08\'\x00\x00\x02\x000\x9f\x00\x00\x00\x00\x00\x00\x00\x00\x00\'\x00\x00\x08\'\x00\x00\x02\x000\x9f\x08\'\x00\x00&\'\x00\x00\x0b\x00\x82\x00\x84\x00"\x94\x01\x89\x00\'\x9f\x00\x00\x00\x00\x00\x00\x00\x00\x08+\x00\x008+\x00\x00\x02\x000\x9f\x00\x00\x00\x00\x00\x00\x00\x00\x08+\x00\x00\x0c+\x00\x00\x06\x00h\x93\x01i\x93\x01\x0c+\x00\x008+\x00\x00\x05\x00\x03\x93\x05\x80\x00\x00\x00\x00\x00\x00\x00\x00\x00\x08+\x00\x008+\x00\x00\x03\x00\x08@\x9f\x00\x00\x00\x00\x00\x00\x00\x00\x08+\x00\x008+\x00\x00\x06\x00d\x93\x01e\x93\x01\x00\x00\x00\x00\x00\x00\x00\x00\x08+\x00\x00*+\x00\x00\x06\x00h\x93\x01i\x93\x01.+\x00\x008+\x00\x00\x06\x00h\x93\x01i\x93\x01\x00\x00\x00\x00\x00\x00\x00\x00\x08+\x00\x00\x0c+\x00\x00\x02\x000\x9f\x00\x00\x00\x00\x00\x00\x00\x00\x08+\x00\x00\x0c+\x00\x00\x02\x000\x9f\x0c+\x00\x00*+\x00\x00\x0b\x00\x82\x00\x84\x00"\x94\x01\x89\x00\'\x9f\x00\x00\x00\x00\x00\x00\x00\x00\xc0+\x00\x00\xfa+\x00\x00\x02\x000\x9f\x00\x00\x00\x00\x00\x00\x00\x00\xc0+\x00\x00\xc6+\x00\x00\x06\x00h\x93\x01i\x93\x01\xc6+\x00\x00\xfa+\x00\x00\x05\x00\x03\x93\x05\x80\x00\x00\x00\x00\x00\x00\x00\x00\x00\xc0+\x00\x00\xfa+\x00\x00\x0c\x00T\x93\x01U\x93\x01V\x93\x01W\x93\x01\x00\x00\x00\x00\x00\x00\x00\x00\xc0+\x00\x00\xfa+\x00\x00\x06\x00X\x93\x01Y\x93\x01\x00\x00\x00\x00\x00\x00\x00\x00\xc0+\x00\x00\xec+\x00\x00\x06\x00h\x93\x01i\x93\x01\xf0+\x00\x00\xfa+\x00\x00\x06\x00h\x93\x01i\x93\x01\x00\x00\x00\x00\x00\x00\x00\x00\xc0+\x00\x00\xc6+\x00\x00\x02\x000\x9f\xc6+\x00\x00\xfa+\x00\x00\x0c\x00d\x93\x01e\x93\x01f\x93\x01g\x93\x01\x00\x00\x00\x00\x00\x00\x00\x00\xc0+\x00\x00\xc6+\x00\x00\x02\x000\x9f\xd0+\x00\x00\xec+\x00\x00\x0b\x00\x84\x00x\x00"\x94\x01\x89\x00\'\x9f\x00\x00\x00\x00\x00\x00\x00\x00\x02,\x00\x00\x06,\x00\x00\x02\x000\x9f\x00\x00\x00\x00\x00\x00\x00\x00\x88\'\x00\x00\x90\'\x00\x00\n\x00\x9e\x08\xd0\x07\x00\x00\x00\x00\x00\x00\x00\x00\x00\x00\x00\x00\x00\x00\x88\'\x00\x00\x90\'\x00\x00\x04\x00\n\xd0\x07\x9f\x00\x00\x00\x00\x00\x00\x00\x00\x88\'\x00\x00\x90\'\x00\x00\x04\x00\n;\x1f\x9f\x00\x00\x00\x00\x00\x00\x00\x00\xb4\x1c\x00\x00\xb6\x1c\x00\x00\x03\x00\x92 \x02\xb6\x1c\x00\x00\xb8\x1c\x00\x00\x03\x00\x92 \x03\xb8\x1c\x00\x00\xc0\x1c\x00\x00\x03\x00\x92 \x04\xc0\x1c\x00\x00\xc2\x1c\x00\x00\x03\x00\x92 \x05\xc2\x1c\x00\x00\x92\x1d\x00\x00\x03\x00\x92 \x06\x00\x00\x00\x00\x00\x00\x00\x00\xc6\x1c\x00\x00B\x1d\x00\x00\x01\x00hn\x1d\x00\x00v\x1d\x00\x00\x01\x00h\x00\x00\x00\x00\x00\x00\x00\x00\xd4\x1c\x00\x00\xe8\x1c\x00\x00\x03\x00\x082\x9f\x00\x00\x00\x00\x00\x00\x00\x00\xd4\x1c\x00\x00\xe8\x1c\x00\x00\x02\x000\x9f\x00\x00\x00\x00\x00\x00\x00\x00\xf6\x1c\x00\x00\n\x1d\x00\x00\x02\x003\x9f\x00\x00\x00\x00\x00\x00\x00\x00\xf6\x1c\x00\x00\xfc\x1c\x00\x00\x02\x003\x9f\x00\x00\x00\x00\x00\x00\x00\x00\x92\x1d\x00\x00\x94\x1d\x00\x00\x03\x00\x92 \x02\x94\x1d\x00\x00\x96\x1d\x00\x00\x03\x00\x92 \x03\x96\x1d\x00\x00\x9e\x1d\x00\x00\x03\x00\x92 \x04\x9e\x1d\x00\x00\xa0\x1d\x00\x00\x03\x00\x92 \x05\xa0\x1d\x00\x00\xa2\x1d\x00\x00\x03\x00\x92 \x06\xa2\x1d\x00\x00\xa4\x1d\x00\x00\x03\x00\x92 \x07\xa4\x1d\x00\x00\xa6\x1d\x00\x00\x03\x00\x92 \x08\xa6\x1d\x00\x00\xa8\x1d\x00\x00\x03\x00\x92 \t\xa8\x1d\x00\x00\xaa\x1d\x00\x00\x03\x00\x92 \n\xaa\x1d\x00\x00\xac\x1d\x00\x00\x03\x00\x92 \x0b\xac\x1d\x00\x00\xae\x1d\x00\x00\x03\x00\x92 \x0c\xae\x1d\x00\x00\xb0\x1d\x00\x00\x03\x00\x92 \r\xb0\x1d\x00\x00\xb2\x1d\x00\x00\x03\x00\x92 \x0e\xb2\x1d\x00\x00\xb4\x1d\x00\x00\x03\x00\x92 \x0f\xb4\x1d\x00\x00\xb6\x1d\x00\x00\x03\x00\x92 \x10\xb6\x1d\x00\x00\xb8\x1d\x00\x00\x03\x00\x92 \x11\xb8\x1d\x00\x00\xba\x1d\x00\x00\x03\x00\x92 \x12\xba\x1d\x00\x00\xbc\x1d\x00\x00\x03\x00\x92 \x13\xbc\x1d\x00\x00\xbe\x1d\x00\x00\x03\x00\x92 \x14\xbe\x1d\x00\x00\xc0\x1d\x00\x00\x03\x00\x92 \x15\xc0\x1d\x00\x00\xc2\x1d\x00\x00\x03\x00\x92 \x16\xc2\x1d\x00\x00\xc4\x1d\x00\x00\x03\x00\x92 \x17\xc4\x1d\x00\x00\xc8\x1d\x00\x00\x03\x00\x92 \x18\xc8\x1d\x00\x00\xca\x1d\x00\x00\x02\x00\x8c\x18\xca\x1d\x00\x00\xf6!\x00\x00\x02\x00\x8c4\x00\x00\x00\x00\x00\x00\x00\x00\xec\x1d\x00\x00\x16\x1e\x00\x00\x01\x00hb\x1e\x00\x00\x82\x1e\x00\x00\x01\x00h\x8a\x1e\x00\x00\x9c\x1e\x00\x00\x01\x00h\xa0\x1e\x00\x00\xa4\x1e\x00\x00\x01\x00h\xb4\x1e\x00\x00\xdb\x1e\x00\x00\x01\x00h,\x1f\x00\x007\x1f\x00\x00\x01\x00h\x0c \x00\x00\x18 \x00\x00\x01\x00h\x1e \x00\x00& \x00\x00\x01\x00hh \x00\x00l \x00\x00\x01\x00h\x00\x00\x00\x00\x00\x00\x00\x00\xf8\x1d\x00\x00\x1e\x1e\x00\x00\x02\x001\x9fj\x1e\x00\x00\x8a\x1f\x00\x00\x02\x001\x9f\x8a\x1f\x00\x00\x8e\x1f\x00\x00\x01\x00h\x96\x1f\x00\x00\xf6!\x00\x00\x02\x001\x9f\x00\x00\x00\x00\x00\x00\x00\x00\xce\x1d\x00\x00\xd2\x1d\x00\x00\x02\x000\x9f\x00\x00\x00\x00\x00\x00\x00\x00\x02\x1e\x00\x00\x1e\x1e\x00\x00\x01\x00ij\x1e\x00\x00\xdb\x1e\x00\x00\x01\x00i,\x1f\x00\x007\x1f\x00\x00\x01\x00i\x0c \x00\x004 \x00\x00\x01\x00i\x00\x00\x00\x00\x00\x00\x00\x00\n\x1e\x00\x00\x1e\x1e\x00\x00\x06\x00d\x93\x01e\x93\x01j\x1e\x00\x00\xdb\x1e\x00\x00\x06\x00d\x93\x01e\x93\x01,\x1f\x00\x007\x1f\x00\x00\x06\x00d\x93\x01e\x93\x01\x0c \x00\x00h \x00\x00\x06\x00d\x93\x01e\x93\x01\x00\x00\x00\x00\x00\x00\x00\x00\x16\x1e\x00\x00\x1a\x1e\x00\x00\x01\x00h\x00\x00\x00\x00\x00\x00\x00\x00\x1a\x1e\x00\x00\x1e\x1e\x00\x00\x02\x000\x9f\x00\x00\x00\x00\x00\x00\x00\x00j\x1e\x00\x00p\x1e\x00\x00\x02\x000\x9f\x00\x00\x00\x00\x00\x00\x00\x00\xba\x1e\x00\x00\x8e\x1f\x00\x00\x03\x00\x91c\x9f\x96\x1f\x00\x00\x06 \x00\x00\x03\x00\x91c\x9f\xe0!\x00\x00\xf6!\x00\x00\x03\x00\x91c\x9f\x00\x00\x00\x00\x00\x00\x00\x00\xba\x1e\x00\x00\x8e\x1f\x00\x00\x01\x00_\x96\x1f\x00\x00\x06 \x00\x00\x01\x00_\xe0!\x00\x00\xf6!\x00\x00\x01\x00_\x00\x00\x00\x00\x00\x00\x00\x00l\x1f\x00\x00\x8e\x1f\x00\x00\x02\x000\x9f\x96\x1f\x00\x00\xfe\x1f\x00\x00\x02\x000\x9f\xfe\x1f\x00\x00\x06 \x00\x00\x06\x00f\x93\x01g\x93\x01\xea!\x00\x00\xf6!\x00\x00\x02\x000\x9f\x00\x00\x00\x00\x00\x00\x00\x00\x02 \x00\x00\x06 \x00\x00\x01\x00d\x00\x00\x00\x00\x00\x00\x00\x00\xd0\x1e\x00\x00\xdb\x1e\x00\x00\x02\x00\x91i\x00\x00\x00\x00\x00\x00\x00\x00\xdc\x1e\x00\x00"\x1f\x00\x00\x01\x00h\x00\x00\x00\x00\x00\x00\x00\x00\xd0\x1e\x00\x00\xd8\x1e\x00\x00\x02\x000\x9f\x00\x00\x00\x00\x00\x00\x00\x00\xd0\x1e\x00\x00,\x1f\x00\x00\x02\x000\x9f\x00\x00\x00\x00\x00\x00\x00\x00\x02\x1f\x00\x00\x06\x1f\x00\x00\x02\x000\x9f\x00\x00\x00\x00\x00\x00\x00\x008\x1f\x00\x00@\x1f\x00\x00\x06\x00h\x93\x01i\x93\x01\x00\x00\x00\x00\x00\x00\x00\x00@\x1f\x00\x00l\x1f\x00\x00\x06\x00`\x93\x01a\x93\x01\x00\x00\x00\x00\x00\x00\x00\x00^\x1f\x00\x00l\x1f\x00\x00\x06\x00h\x93\x01i\x93\x01\x00\x00\x00\x00\x00\x00\x00\x00\xac\x1f\x00\x00\xbc\x1f\x00\x00\x03\x00\x91O\x9f\xbc\x1f\x00\x00\xe4\x1f\x00\x00\x06\x00`\x93\x01a\x93\x01\x00\x00\x00\x00\x00\x00\x00\x00\xac\x1f\x00\x00\xbc\x1f\x00\x00\x06\x00h\x93\x01i\x93\x01\x00\x00\x00\x00\x00\x00\x00\x00\xb4\x1f\x00\x00\xe4\x1f\x00\x00\x06\x00^\x93\x01_\x93\x01\x00\x00\x00\x00\x00\x00\x00\x00\xfe\x1f\x00\x00\x06 \x00\x00\x06\x00f\x93\x01g\x93\x01\x00\x00\x00\x00\x00\x00\x00\x00\x16 \x00\x00\x1e \x00\x00\x02\x001\x9f\x00\x00\x00\x00\x00\x00\x00\x004 \x00\x00X \x00\x00\x01\x00h\x00\x00\x00\x00\x00\x00\x00\x00\x80 \x00\x00\xe0!\x00\x00\x03\x00\x91c\x9f\x00\x00\x00\x00\x00\x00\x00\x00\x80 \x00\x00\xd9 \x00\x00\x02\x00\x91g\xe2 \x00\x00*!\x00\x00\x02\x00\x91gP!\x00\x00n!\x00\x00\x02\x00\x91g\x8c!\x00\x00\x9e!\x00\x00\x02\x00\x91g\xaa!\x00\x00\xad!\x00\x00\x01\x00h\x00\x00\x00\x00\x00\x00\x00\x00\x86 \x00\x00\xaa!\x00\x00\x03\x00\x91c\x9f\x00\x00\x00\x00\x00\x00\x00\x00\x88 \x00\x00\x9e \x00\x00\x01\x00h\x9e \x00\x00\xa0 \x00\x00\x02\x00\x91d\xa0 \x00\x00\xae \x00\x00\x01\x00h\xae \x00\x00\xc4 \x00\x00\x02\x00\x91d\xc4 \x00\x00\xc8 \x00\x00\x01\x00h\xc8 \x00\x00\xd9 \x00\x00\x02\x00\x91d\xe2 \x00\x00\xea \x00\x00\x01\x00h\xea \x00\x00*!\x00\x00\x02\x00\x91dP!\x00\x00n!\x00\x00\x02\x00\x91d\x8c!\x00\x00\x9e!\x00\x00\x02\x00\x91d\x00\x00\x00\x00\x00\x00\x00\x00\x8a \x00\x00\xd9 \x00\x00\x01\x00i\xe2 \x00\x00>!\x00\x00\x01\x00iP!\x00\x00\xaa!\x00\x00\x01\x00i\x00\x00\x00\x00\x00\x00\x00\x00\xe0 \x00\x00\xe2 \x00\x00\x02\x000\x9f\x00\x00\x00\x00\x00\x00\x00\x00\xe8 \x00\x00\xaa!\x00\x00\x03\x00\x91c\x9f\x00\x00\x00\x00\x00\x00\x00\x00\xee \x00\x00\x00!\x00\x00\x04\x00\n\x00\x08\x9f\x00!\x00\x00P!\x00\x00\x06\x00n\x93\x01o\x93\x01P!\x00\x00V!\x00\x00\x04\x00\n\x00\x08\x9fV!\x00\x00\xaa!\x00\x00\x06\x00n\x93\x01o\x93\x01\x00\x00\x00\x00\x00\x00\x00\x00\xee \x00\x00\xf6 \x00\x00\x04\x00\n\xfe\x7f\x9f\x00\x00\x00\x00\x00\x00\x00\x00:!\x00\x00P!\x00\x00\x02\x003\x9f\x00\x00\x00\x00\x00\x00\x00\x00\xae!\x00\x00\xb6!\x00\x00\x06\x00h\x93\x01i\x93\x01\x00\x00\x00\x00\x00\x00\x00\x00\xb6!\x00\x00\xe0!\x00\x00\x06\x00`\x93\x01a\x93\x01\x00\x00\x00\x00\x00\x00\x00\x00l \x00\x00\x80 \x00\x00\x06\x00h\x93\x01i\x93\x01\x00\x00\x00\x00\x00\x00\x00\x00l \x00\x00p \x00\x00\x02\x000\x9f\x00\x00\x00\x00\x00\x00\x00\x00'), '.debug_ranges': DebugInfo(section=Elf_Section(index = 14, sh_name = 180, sh_type = 1, sh_flags = 0, sh_addr = 0, sh_offset = 108464, sh_size = 1888, sh_link = 0, sh_info = 0, sh_addralign = 1, sh_entsize = 0, section_name = '.debug_ranges', section_image = b"N\x02\x00\x00\x88\x02\x00\x00\xac\x02\x00\x00\x06\x03\x00\x00\x00\x00\x00\x00\x00\x00\x00\x00\xcc\x04\x00\x00\xee\x04\x00\x00\xfc\x04\x00\x00\x00\x05\x00\x00\x00\x00\x00\x00\x00\x00\x00\x00\xd2\x04\x00\x00\xee\x04\x00\x00\xfc\x04\x00\x00\x00\x05\x00\x00\x00\x00\x00\x00\x00\x00\x00\x00$\x05\x00\x006\x05\x00\x00L\x05\x00\x00P\x05\x00\x00\x00\x00\x00\x00\x00\x00\x00\x00\xf4\x05\x00\x00\x10\x06\x00\x00\x18\x06\x00\x00\xae\x06\x00\x00\x00\x00\x00\x00\x00\x00\x00\x00\xf4\x05\x00\x00\x10\x06\x00\x00\x18\x06\x00\x00\x9e\x06\x00\x00\x00\x00\x00\x00\x00\x00\x00\x00\x18\x06\x00\x00 \x06\x00\x00(\x06\x00\x00\x96\x06\x00\x00\x00\x00\x00\x00\x00\x00\x00\x00\x18\x06\x00\x00 \x06\x00\x00F\x06\x00\x00\x96\x06\x00\x00\x00\x00\x00\x00\x00\x00\x00\x00\x18\x06\x00\x00\x1c\x06\x00\x00F\x06\x00\x00N\x06\x00\x00\x00\x00\x00\x00\x00\x00\x00\x00\x18\x06\x00\x00\x1c\x06\x00\x00J\x06\x00\x00N\x06\x00\x00\x00\x00\x00\x00\x00\x00\x00\x00\x1c\x06\x00\x00 \x06\x00\x00\x88\x06\x00\x00\x8c\x06\x00\x00\x00\x00\x00\x00\x00\x00\x00\x00~\x08\x00\x00\x80\x08\x00\x00\x84\x08\x00\x00\x98\x08\x00\x00\x00\x00\x00\x00\x00\x00\x00\x00\xa6\x08\x00\x00\xae\x08\x00\x00\xb0\x08\x00\x00\xc0\x08\x00\x00\x00\x00\x00\x00\x00\x00\x00\x00\xb6\t\x00\x00\xbc\t\x00\x00\xc0\t\x00\x00\xc4\t\x00\x00\x00\x00\x00\x00\x00\x00\x00\x00z\n\x00\x00|\n\x00\x00\x82\n\x00\x00\x88\n\x00\x00\x00\x00\x00\x00\x00\x00\x00\x00\x88\n\x00\x00\xd0\n\x00\x00\xd2\n\x00\x00\x1c\x0b\x00\x00&\x0b\x00\x00*\x0b\x00\x00\x00\x00\x00\x00\x00\x00\x00\x00\x8e\n\x00\x00\xa8\n\x00\x00\xae\n\x00\x00\xc2\n\x00\x00\xc4\n\x00\x00\xd0\n\x00\x00\xd2\n\x00\x00\x1c\x0b\x00\x00\x00\x00\x00\x00\x00\x00\x00\x00\xa8\n\x00\x00\xac\n\x00\x00\xc2\n\x00\x00\xc4\n\x00\x00\x00\x00\x00\x00\x00\x00\x00\x00H\x0b\x00\x00J\x0b\x00\x00N\x0b\x00\x00T\x0b\x00\x00\x00\x00\x00\x00\x00\x00\x00\x00T\x0b\x00\x00\x9a\x0b\x00\x00\x9c\x0b\x00\x00\xe4\x0b\x00\x00\xec\x0b\x00\x00\xf0\x0b\x00\x00\x00\x00\x00\x00\x00\x00\x00\x00Z\x0b\x00\x00t\x0b\x00\x00z\x0b\x00\x00\x9a\x0b\x00\x00\x9c\x0b\x00\x00\xe4\x0b\x00\x00\x00\x00\x00\x00\x00\x00\x00\x00\x10\x0c\x00\x00P\x0c\x00\x00R\x0c\x00\x00\x86\x0c\x00\x00\x8a\x0c\x00\x00\x8e\x0c\x00\x00\x00\x00\x00\x00\x00\x00\x00\x00\x16\x0c\x00\x00P\x0c\x00\x00R\x0c\x00\x00\x86\x0c\x00\x00\x00\x00\x00\x00\x00\x00\x00\x000\x0c\x00\x00P\x0c\x00\x00R\x0c\x00\x00\x86\x0c\x00\x00\x00\x00\x00\x00\x00\x00\x00\x00v\r\x00\x00~\r\x00\x00\x80\r\x00\x00\x94\r\x00\x00\x00\x00\x00\x00\x00\x00\x00\x00\x98\r\x00\x00\xa0\r\x00\x00\xac\r\x00\x00\xb2\r\x00\x00\x00\x00\x00\x00\x00\x00\x00\x00\xee\r\x00\x00\xf2\r\x00\x00\xfe\r\x00\x00\x02\x0e\x00\x00\x00\x00\x00\x00\x00\x00\x00\x00.\x0e\x00\x004\x0e\x00\x00V\x0e\x00\x00Z\x0e\x00\x00\x00\x00\x00\x00\x00\x00\x00\x004\x0e\x00\x008\x0e\x00\x00:\x0e\x00\x00<\x0e\x00\x00Z\x0e\x00\x00^\x0e\x00\x00\x00\x00\x00\x00\x00\x00\x00\x00<\x0e\x00\x00B\x0e\x00\x00^\x0e\x00\x00b\x0e\x00\x00\x00\x00\x00\x00\x00\x00\x00\x00B\x0e\x00\x00H\x0e\x00\x00b\x0e\x00\x00f\x0e\x00\x00\x00\x00\x00\x00\x00\x00\x00\x00\x8c\x0e\x00\x00\x90\x0e\x00\x00\x9e\x0e\x00\x00\xa2\x0e\x00\x00\x00\x00\x00\x00\x00\x00\x00\x00:\x0f\x00\x00>\x0f\x00\x00R\x0f\x00\x00\xc2\x0f\x00\x00\xc6\x0f\x00\x00\xce\x0f\x00\x00\x00\x00\x00\x00\x00\x00\x00\x00^\x0f\x00\x00l\x0f\x00\x00t\x0f\x00\x00\xb6\x0f\x00\x00\x00\x00\x00\x00\x00\x00\x00\x00,\x11\x00\x000\x11\x00\x006\x11\x00\x00:\x11\x00\x00\x00\x00\x00\x00\x00\x00\x00\x00<\x11\x00\x00Z\x11\x00\x00^\x11\x00\x00j\x11\x00\x00\x00\x00\x00\x00\x00\x00\x00\x00\xb8\x12\x00\x00\xba\x12\x00\x00\xbe\x12\x00\x00\xc2\x12\x00\x00\x00\x00\x00\x00\x00\x00\x00\x00\xc2\x12\x00\x00\xf2\x12\x00\x00\xf6\x12\x00\x00\xfa\x12\x00\x00\x00\x00\x00\x00\x00\x00\x00\x00\xcc\x12\x00\x00\xe0\x12\x00\x00\xe8\x12\x00\x00\xf2\x12\x00\x00\xf6\x12\x00\x00\xfa\x12\x00\x00\x00\x00\x00\x00\x00\x00\x00\x00>\x13\x00\x00V\x13\x00\x00Z\x13\x00\x00j\x13\x00\x00\x00\x00\x00\x00\x00\x00\x00\x00\x80\x13\x00\x00\x82\x13\x00\x00\x86\x13\x00\x00\x8a\x13\x00\x00\x00\x00\x00\x00\x00\x00\x00\x00v\x14\x00\x00\x90\x14\x00\x00\x92\x14\x00\x00\xa0\x14\x00\x00\x00\x00\x00\x00\x00\x00\x00\x00\xfa\x15\x00\x00\x04\x16\x00\x00\x08\x16\x00\x00.\x16\x00\x00\x00\x00\x00\x00\x00\x00\x00\x00\x00\x16\x00\x00\x04\x16\x00\x00\x08\x16\x00\x00\x0c\x16\x00\x00\x00\x00\x00\x00\x00\x00\x00\x00\xda\x18\x00\x00\xe8\x18\x00\x00\xea\x18\x00\x00\xee\x18\x00\x00\x00\x00\x00\x00\x00\x00\x00\x00*\x1b\x00\x00,\x1b\x00\x000\x1b\x00\x004\x1b\x00\x00\x00\x00\x00\x00\x00\x00\x00\x00L\x1b\x00\x00N\x1b\x00\x00R\x1b\x00\x00V\x1b\x00\x00\x00\x00\x00\x00\x00\x00\x00\x00\x84\x1b\x00\x00\x86\x1b\x00\x00\x8a\x1b\x00\x00\x8e\x1b\x00\x00\x00\x00\x00\x00\x00\x00\x00\x00\xa6\x1b\x00\x00\xa8\x1b\x00\x00\xac\x1b\x00\x00\xb0\x1b\x00\x00\x00\x00\x00\x00\x00\x00\x00\x00\x06&\x00\x00\x8a(\x00\x00\x8c(\x00\x00\xec(\x00\x00\xf4(\x00\x00\x14,\x00\x00\x1c,\x00\x00~-\x00\x00\x00\x00\x00\x00\x00\x00\x00\x00\x06&\x00\x00\x12&\x00\x00\x14(\x00\x00\x8a(\x00\x00\x8c(\x00\x00\xec(\x00\x00\xf4(\x00\x00v)\x00\x00\x1c,\x00\x00~-\x00\x00\x00\x00\x00\x00\x00\x00\x00\x00\x0c&\x00\x00\x12&\x00\x00F,\x00\x00j,\x00\x00n,\x00\x00\xa6,\x00\x00\x00\x00\x00\x00\x00\x00\x00\x00\x0c&\x00\x00\x12&\x00\x00F,\x00\x00^,\x00\x00\x00\x00\x00\x00\x00\x00\x00\x00\x8c(\x00\x00\x9e(\x00\x00\xa8(\x00\x00\xc4(\x00\x00\x00\x00\x00\x00\x00\x00\x00\x00\x8c(\x00\x00\x9e(\x00\x00\xa8(\x00\x00\xc0(\x00\x00\x00\x00\x00\x00\x00\x00\x00\x00\xb6,\x00\x00\xba,\x00\x00\xc8,\x00\x00\x10-\x00\x00\x00\x00\x00\x00\x00\x00\x00\x00\x12&\x00\x00\xd0&\x00\x00v)\x00\x00\xe8*\x00\x00\x00\x00\x00\x00\x00\x00\x00\x00,&\x00\x00:&\x00\x00<&\x00\x00\x8e&\x00\x00v)\x00\x00\xe8*\x00\x00\x00\x00\x00\x00\x00\x00\x00\x00\xd0&\x00\x00\x90'\x00\x00\xe8*\x00\x00\x14,\x00\x00\x00\x00\x00\x00\x00\x00\x00\x00\xda&\x00\x00\x88'\x00\x00\xe8*\x00\x00\x14,\x00\x00\x00\x00\x00\x00\x00\x00\x00\x00\x00\x1e\x00\x00\x1e\x1e\x00\x00j\x1e\x00\x00\x8a\x1f\x00\x00\x96\x1f\x00\x00\xfa\x1f\x00\x00\xfe\x1f\x00\x00\x06 \x00\x00\x0c \x00\x00. \x00\x000 \x00\x00h \x00\x00\xe0!\x00\x00\xf0!\x00\x00\x00\x00\x00\x00\x00\x00\x00\x00\xbe\x1e\x00\x00\x8a\x1f\x00\x00\x96\x1f\x00\x00\xfa\x1f\x00\x00\xfe\x1f\x00\x00\x06 \x00\x00\xe0!\x00\x00\xf0!\x00\x00\x00\x00\x00\x00\x00\x00\x00\x00\xc0\x1e\x00\x00\xcc\x1e\x00\x00\xd0\x1e\x00\x00,\x1f\x00\x00\x00\x00\x00\x00\x00\x00\x00\x00\xc0\x1e\x00\x00\xcc\x1e\x00\x00\xd0\x1e\x00\x00\xd8\x1e\x00\x00\x00\x00\x00\x00\x00\x00\x00\x00\x86\x1f\x00\x00\x8a\x1f\x00\x00\xa8\x1f\x00\x00\xfa\x1f\x00\x00\x00\x00\x00\x00\x00\x00\x00\x00\x06 \x00\x00\x0c \x00\x00\x80 \x00\x00\xfc \x00\x00\x00!\x00\x00P!\x00\x00V!\x00\x00\xe0!\x00\x00\x00\x00\x00\x00\x00\x00\x00\x00\x06 \x00\x00\x0c \x00\x00\x86 \x00\x00\xfc \x00\x00\x00!\x00\x00P!\x00\x00V!\x00\x00\xaa!\x00\x00\x00\x00\x00\x00\x00\x00\x00\x00\xe8 \x00\x00\xfc \x00\x00\x00!\x00\x00P!\x00\x00V!\x00\x00\xaa!\x00\x00\x00\x00\x00\x00\x00\x00\x00\x00\x10\x02\x00\x00\xf6!\x00\x00\x8c#\x00\x00\x8e-\x00\x00\x8e-\x00\x00\xae-\x00\x00\x00\x00\x00\x00\x00\x00\x00\x00", rid = 15), image=b"N\x02\x00\x00\x88\x02\x00\x00\xac\x02\x00\x00\x06\x03\x00\x00\x00\x00\x00\x00\x00\x00\x00\x00\xcc\x04\x00\x00\xee\x04\x00\x00\xfc\x04\x00\x00\x00\x05\x00\x00\x00\x00\x00\x00\x00\x00\x00\x00\xd2\x04\x00\x00\xee\x04\x00\x00\xfc\x04\x00\x00\x00\x05\x00\x00\x00\x00\x00\x00\x00\x00\x00\x00$\x05\x00\x006\x05\x00\x00L\x05\x00\x00P\x05\x00\x00\x00\x00\x00\x00\x00\x00\x00\x00\xf4\x05\x00\x00\x10\x06\x00\x00\x18\x06\x00\x00\xae\x06\x00\x00\x00\x00\x00\x00\x00\x00\x00\x00\xf4\x05\x00\x00\x10\x06\x00\x00\x18\x06\x00\x00\x9e\x06\x00\x00\x00\x00\x00\x00\x00\x00\x00\x00\x18\x06\x00\x00 \x06\x00\x00(\x06\x00\x00\x96\x06\x00\x00\x00\x00\x00\x00\x00\x00\x00\x00\x18\x06\x00\x00 \x06\x00\x00F\x06\x00\x00\x96\x06\x00\x00\x00\x00\x00\x00\x00\x00\x00\x00\x18\x06\x00\x00\x1c\x06\x00\x00F\x06\x00\x00N\x06\x00\x00\x00\x00\x00\x00\x00\x00\x00\x00\x18\x06\x00\x00\x1c\x06\x00\x00J\x06\x00\x00N\x06\x00\x00\x00\x00\x00\x00\x00\x00\x00\x00\x1c\x06\x00\x00 \x06\x00\x00\x88\x06\x00\x00\x8c\x06\x00\x00\x00\x00\x00\x00\x00\x00\x00\x00~\x08\x00\x00\x80\x08\x00\x00\x84\x08\x00\x00\x98\x08\x00\x00\x00\x00\x00\x00\x00\x00\x00\x00\xa6\x08\x00\x00\xae\x08\x00\x00\xb0\x08\x00\x00\xc0\x08\x00\x00\x00\x00\x00\x00\x00\x00\x00\x00\xb6\t\x00\x00\xbc\t\x00\x00\xc0\t\x00\x00\xc4\t\x00\x00\x00\x00\x00\x00\x00\x00\x00\x00z\n\x00\x00|\n\x00\x00\x82\n\x00\x00\x88\n\x00\x00\x00\x00\x00\x00\x00\x00\x00\x00\x88\n\x00\x00\xd0\n\x00\x00\xd2\n\x00\x00\x1c\x0b\x00\x00&\x0b\x00\x00*\x0b\x00\x00\x00\x00\x00\x00\x00\x00\x00\x00\x8e\n\x00\x00\xa8\n\x00\x00\xae\n\x00\x00\xc2\n\x00\x00\xc4\n\x00\x00\xd0\n\x00\x00\xd2\n\x00\x00\x1c\x0b\x00\x00\x00\x00\x00\x00\x00\x00\x00\x00\xa8\n\x00\x00\xac\n\x00\x00\xc2\n\x00\x00\xc4\n\x00\x00\x00\x00\x00\x00\x00\x00\x00\x00H\x0b\x00\x00J\x0b\x00\x00N\x0b\x00\x00T\x0b\x00\x00\x00\x00\x00\x00\x00\x00\x00\x00T\x0b\x00\x00\x9a\x0b\x00\x00\x9c\x0b\x00\x00\xe4\x0b\x00\x00\xec\x0b\x00\x00\xf0\x0b\x00\x00\x00\x00\x00\x00\x00\x00\x00\x00Z\x0b\x00\x00t\x0b\x00\x00z\x0b\x00\x00\x9a\x0b\x00\x00\x9c\x0b\x00\x00\xe4\x0b\x00\x00\x00\x00\x00\x00\x00\x00\x00\x00\x10\x0c\x00\x00P\x0c\x00\x00R\x0c\x00\x00\x86\x0c\x00\x00\x8a\x0c\x00\x00\x8e\x0c\x00\x00\x00\x00\x00\x00\x00\x00\x00\x00\x16\x0c\x00\x00P\x0c\x00\x00R\x0c\x00\x00\x86\x0c\x00\x00\x00\x00\x00\x00\x00\x00\x00\x000\x0c\x00\x00P\x0c\x00\x00R\x0c\x00\x00\x86\x0c\x00\x00\x00\x00\x00\x00\x00\x00\x00\x00v\r\x00\x00~\r\x00\x00\x80\r\x00\x00\x94\r\x00\x00\x00\x00\x00\x00\x00\x00\x00\x00\x98\r\x00\x00\xa0\r\x00\x00\xac\r\x00\x00\xb2\r\x00\x00\x00\x00\x00\x00\x00\x00\x00\x00\xee\r\x00\x00\xf2\r\x00\x00\xfe\r\x00\x00\x02\x0e\x00\x00\x00\x00\x00\x00\x00\x00\x00\x00.\x0e\x00\x004\x0e\x00\x00V\x0e\x00\x00Z\x0e\x00\x00\x00\x00\x00\x00\x00\x00\x00\x004\x0e\x00\x008\x0e\x00\x00:\x0e\x00\x00<\x0e\x00\x00Z\x0e\x00\x00^\x0e\x00\x00\x00\x00\x00\x00\x00\x00\x00\x00<\x0e\x00\x00B\x0e\x00\x00^\x0e\x00\x00b\x0e\x00\x00\x00\x00\x00\x00\x00\x00\x00\x00B\x0e\x00\x00H\x0e\x00\x00b\x0e\x00\x00f\x0e\x00\x00\x00\x00\x00\x00\x00\x00\x00\x00\x8c\x0e\x00\x00\x90\x0e\x00\x00\x9e\x0e\x00\x00\xa2\x0e\x00\x00\x00\x00\x00\x00\x00\x00\x00\x00:\x0f\x00\x00>\x0f\x00\x00R\x0f\x00\x00\xc2\x0f\x00\x00\xc6\x0f\x00\x00\xce\x0f\x00\x00\x00\x00\x00\x00\x00\x00\x00\x00^\x0f\x00\x00l\x0f\x00\x00t\x0f\x00\x00\xb6\x0f\x00\x00\x00\x00\x00\x00\x00\x00\x00\x00,\x11\x00\x000\x11\x00\x006\x11\x00\x00:\x11\x00\x00\x00\x00\x00\x00\x00\x00\x00\x00<\x11\x00\x00Z\x11\x00\x00^\x11\x00\x00j\x11\x00\x00\x00\x00\x00\x00\x00\x00\x00\x00\xb8\x12\x00\x00\xba\x12\x00\x00\xbe\x12\x00\x00\xc2\x12\x00\x00\x00\x00\x00\x00\x00\x00\x00\x00\xc2\x12\x00\x00\xf2\x12\x00\x00\xf6\x12\x00\x00\xfa\x12\x00\x00\x00\x00\x00\x00\x00\x00\x00\x00\xcc\x12\x00\x00\xe0\x12\x00\x00\xe8\x12\x00\x00\xf2\x12\x00\x00\xf6\x12\x00\x00\xfa\x12\x00\x00\x00\x00\x00\x00\x00\x00\x00\x00>\x13\x00\x00V\x13\x00\x00Z\x13\x00\x00j\x13\x00\x00\x00\x00\x00\x00\x00\x00\x00\x00\x80\x13\x00\x00\x82\x13\x00\x00\x86\x13\x00\x00\x8a\x13\x00\x00\x00\x00\x00\x00\x00\x00\x00\x00v\x14\x00\x00\x90\x14\x00\x00\x92\x14\x00\x00\xa0\x14\x00\x00\x00\x00\x00\x00\x00\x00\x00\x00\xfa\x15\x00\x00\x04\x16\x00\x00\x08\x16\x00\x00.\x16\x00\x00\x00\x00\x00\x00\x00\x00\x00\x00\x00\x16\x00\x00\x04\x16\x00\x00\x08\x16\x00\x00\x0c\x16\x00\x00\x00\x00\x00\x00\x00\x00\x00\x00\xda\x18\x00\x00\xe8\x18\x00\x00\xea\x18\x00\x00\xee\x18\x00\x00\x00\x00\x00\x00\x00\x00\x00\x00*\x1b\x00\x00,\x1b\x00\x000\x1b\x00\x004\x1b\x00\x00\x00\x00\x00\x00\x00\x00\x00\x00L\x1b\x00\x00N\x1b\x00\x00R\x1b\x00\x00V\x1b\x00\x00\x00\x00\x00\x00\x00\x00\x00\x00\x84\x1b\x00\x00\x86\x1b\x00\x00\x8a\x1b\x00\x00\x8e\x1b\x00\x00\x00\x00\x00\x00\x00\x00\x00\x00\xa6\x1b\x00\x00\xa8\x1b\x00\x00\xac\x1b\x00\x00\xb0\x1b\x00\x00\x00\x00\x00\x00\x00\x00\x00\x00\x06&\x00\x00\x8a(\x00\x00\x8c(\x00\x00\xec(\x00\x00\xf4(\x00\x00\x14,\x00\x00\x1c,\x00\x00~-\x00\x00\x00\x00\x00\x00\x00\x00\x00\x00\x06&\x00\x00\x12&\x00\x00\x14(\x00\x00\x8a(\x00\x00\x8c(\x00\x00\xec(\x00\x00\xf4(\x00\x00v)\x00\x00\x1c,\x00\x00~-\x00\x00\x00\x00\x00\x00\x00\x00\x00\x00\x0c&\x00\x00\x12&\x00\x00F,\x00\x00j,\x00\x00n,\x00\x00\xa6,\x00\x00\x00\x00\x00\x00\x00\x00\x00\x00\x0c&\x00\x00\x12&\x00\x00F,\x00\x00^,\x00\x00\x00\x00\x00\x00\x00\x00\x00\x00\x8c(\x00\x00\x9e(\x00\x00\xa8(\x00\x00\xc4(\x00\x00\x00\x00\x00\x00\x00\x00\x00\x00\x8c(\x00\x00\x9e(\x00\x00\xa8(\x00\x00\xc0(\x00\x00\x00\x00\x00\x00\x00\x00\x00\x00\xb6,\x00\x00\xba,\x00\x00\xc8,\x00\x00\x10-\x00\x00\x00\x00\x00\x00\x00\x00\x00\x00\x12&\x00\x00\xd0&\x00\x00v)\x00\x00\xe8*\x00\x00\x00\x00\x00\x00\x00\x00\x00\x00,&\x00\x00:&\x00\x00<&\x00\x00\x8e&\x00\x00v)\x00\x00\xe8*\x00\x00\x00\x00\x00\x00\x00\x00\x00\x00\xd0&\x00\x00\x90'\x00\x00\xe8*\x00\x00\x14,\x00\x00\x00\x00\x00\x00\x00\x00\x00\x00\xda&\x00\x00\x88'\x00\x00\xe8*\x00\x00\x14,\x00\x00\x00\x00\x00\x00\x00\x00\x00\x00\x00\x1e\x00\x00\x1e\x1e\x00\x00j\x1e\x00\x00\x8a\x1f\x00\x00\x96\x1f\x00\x00\xfa\x1f\x00\x00\xfe\x1f\x00\x00\x06 \x00\x00\x0c \x00\x00. \x00\x000 \x00\x00h \x00\x00\xe0!\x00\x00\xf0!\x00\x00\x00\x00\x00\x00\x00\x00\x00\x00\xbe\x1e\x00\x00\x8a\x1f\x00\x00\x96\x1f\x00\x00\xfa\x1f\x00\x00\xfe\x1f\x00\x00\x06 \x00\x00\xe0!\x00\x00\xf0!\x00\x00\x00\x00\x00\x00\x00\x00\x00\x00\xc0\x1e\x00\x00\xcc\x1e\x00\x00\xd0\x1e\x00\x00,\x1f\x00\x00\x00\x00\x00\x00\x00\x00\x00\x00\xc0\x1e\x00\x00\xcc\x1e\x00\x00\xd0\x1e\x00\x00\xd8\x1e\x00\x00\x00\x00\x00\x00\x00\x00\x00\x00\x86\x1f\x00\x00\x8a\x1f\x00\x00\xa8\x1f\x00\x00\xfa\x1f\x00\x00\x00\x00\x00\x00\x00\x00\x00\x00\x06 \x00\x00\x0c \x00\x00\x80 \x00\x00\xfc \x00\x00\x00!\x00\x00P!\x00\x00V!\x00\x00\xe0!\x00\x00\x00\x00\x00\x00\x00\x00\x00\x00\x06 \x00\x00\x0c \x00\x00\x86 \x00\x00\xfc \x00\x00\x00!\x00\x00P!\x00\x00V!\x00\x00\xaa!\x00\x00\x00\x00\x00\x00\x00\x00\x00\x00\xe8 \x00\x00\xfc \x00\x00\x00!\x00\x00P!\x00\x00V!\x00\x00\xaa!\x00\x00\x00\x00\x00\x00\x00\x00\x00\x00\x10\x02\x00\x00\xf6!\x00\x00\x8c#\x00\x00\x8e-\x00\x00\x8e-\x00\x00\xae-\x00\x00\x00\x00\x00\x00\x00\x00\x00\x00")}), (<class 'list'>, <class 'NoneType'>))
--- generated xml file: C:\Users\Chris\PycharmProjects\objutils\result.xml ----
=========================== short test summary info ===========================
FAILED objutils/tests/test_elf.py::TestElfDatabase::test_parser_creates_database_file - PermissionError: [WinError 32] Der Prozess kann nicht auf die Datei zugreifen, da sie von einem anderen Prozess verwendet wird: 'C:\\Users\\Chris\\AppData\\Local\\Temp\\tmp78p4qddv\\test.elf'
FAILED objutils/tests/test_elf.py::TestElfDebugSections::test_can_call_debug_sections - assert False
 +  where False = isinstance(OrderedDict({'.debug_aranges': DebugInfo(section=Elf_Section(index = 7, sh_name = 92, sh_type = 1, sh_flags = 0, sh_addr = 0, sh_offset = 14736, sh_size = 304, sh_link = 0, sh_info = 0, sh_addralign = 8, sh_entsize = 0, section_name = '.debug_aranges', section_image = b',\x00\x00\x00\x02\x00\xf4\t\x00\x00\x04\x00\x00\x00\x00\x00\x10\x02\x00\x00\xe6\x1f\x00\x00\x8c#\x00\x00\x02\n\x00\x00\x8e-\x00\x00 \x00\x00\x00\x00\x00\x00\x00\x00\x00\x00\x00\x1c\x00\x00\x00\x02\x00\x96\x9b\x00\x00\x04\x00\x00\x00\x00\x00H5\x00\x00\x04\x00\x00\x00\x00\x00\x00\x00\x00\x00\x00\x00\x1c\x00\x00\x00\x02\x00Q\x9c\x00\x00\x04\x00\x00\x00\x00\x00\x822\x00\x00(\x00\x00\x00\x00\x00\x00\x00\x00\x00\x00\x00\x1c\x00\x00\x00\x02\x00\x0c\x9d\x00\x00\x04\x00\x00\x00\x00\x00\xaa2\x00\x00(\x00\x00\x00\x00\x00\x00\x00\x00\x00\x00\x00\x1c\x00\x00\x00\x02\x00\xc7\x9d\x00\x00\x04\x00\x00\x00\x00\x00\xd22\x00\x00\x0c\x00\x00\x00\x00\x00\x00\x00\x00\x00\x00\x00\x1c\x00\x00\x00\x02\x00\x82\x9e\x00\x00\x04\x00\x00\x00\x00\x00\xc8\x01\x00\x00\x16\x00\x00\x00\x00\x00\x00\x00\x00\x00\x00\x00\x1c\x00\x00\x00\x02\x00=\x9f\x00\x00\x04\x00\x00\x00\x00\x00\xde\x01\x00\x00\x10\x00\x00\x00\x00\x00\x00\x00\x00\x00\x00\x00\x1c\x00\x00\x00\x02\x00\xf8\x9f\x00\x00\x04\x00\x00\x00\x00\x00\xee\x01\x00\x00\x16\x00\x00\x00\x00\x00\x00\x00\x00\x00\x00\x00\x1c\x00\x00\x00\x02\x00\xb3\xa0\x00\x00\x04\x00\x00\x00\x00\x0025\x00\x00\x16\x00\x00\x00\x00\x00\x00\x00\x00\x00\x00\x00', rid = 8), image=b',\x00\x00\x00\x02\x00\xf4\t\x00\x00\x04\x00\x00\x00\x00\x00\x10\x02\x00\x00\xe6\x1f\x00\x00\x8c#\x00\x00\x02\n\x00\x00\x8e-\x00\x00 \x00\x00\x00\x00\x00\x00\x00\x00\x00\x00\x00\x1c\x00\x00\x00\x02\x00\x96\x9b\x00\x00\x04\x00\x00\x00\x00\x00H5\x00\x00\x04\x00\x00\x00\x00\x00\x00\x00\x00\x00\x00\x00\x1c\x00\x00\x00\x02\x00Q\x9c\x00\x00\x04\x00\x00\x00\x00\x00\x822\x00\x00(\x00\x00\x00\x00\x00\x00\x00\x00\x00\x00\x00\x1c\x00\x00\x00\x02\x00\x0c\x9d\x00\x00\x04\x00\x00\x00\x00\x00\xaa2\x00\x00(\x00\x00\x00\x00\x00\x00\x00\x00\x00\x00\x00\x1c\x00\x00\x00\x02\x00\xc7\x9d\x00\x00\x04\x00\x00\x00\x00\x00\xd22\x00\x00\x0c\x00\x00\x00\x00\x00\x00\x00\x00\x00\x00\x00\x1c\x00\x00\x00\x02\x00\x82\x9e\x00\x00\x04\x00\x00\x00\x00\x00\xc8\x01\x00\x00\x16\x00\x00\x00\x00\x00\x00\x00\x00\x00\x00\x00\x1c\x00\x00\x00\x02\x00=\x9f\x00\x00\x04\x00\x00\x00\x00\x00\xde\x01\x00\x00\x10\x00\x00\x00\x00\x00\x00\x00\x00\x00\x00\x00\x1c\x00\x00\x00\x02\x00\xf8\x9f\x00\x00\x04\x00\x00\x00\x00\x00\xee\x01\x00\x00\x16\x00\x00\x00\x00\x00\x00\x00\x00\x00\x00\x00\x1c\x00\x00\x00\x02\x00\xb3\xa0\x00\x00\x04\x00\x00\x00\x00\x0025\x00\x00\x16\x00\x00\x00\x00\x00\x00\x00\x00\x00\x00\x00'), '.debug_info': DebugInfo(section=Elf_Section(index = 8, sh_name = 107, sh_type = 1, sh_flags = 0, sh_addr = 0, sh_offset = 15040, sh_size = 41326, sh_link = 0, sh_info = 0, sh_addralign = 1, sh_entsize = 0, section_name = '.debug_info', section_image = b'\xf0\t\x00\x00\x02\x00\x00\x00\x00\x00\x04\x01\x00\x00\x00\x00\x00\x00\x00\x00\x02\x0f\x00\x00\x00\x01\x08\x03\x17\x00\x00\x00\x02\x07\x04\x14\x00\x00\x00\x05\x1b\x00\x00\x00\xff\x03\x00\x06 \x00\x00\x00\x00\x00"\x00\x00\x00\x01\x05\x03\x00\x00\x81\x00\x07)\x00\x00\x00\x00\x00\x14\x00\x00\x00\x01\x05\x03`\x00\x80\x00\x080\x00\x00\x00\x00\x00\x14\x00\x00\x00\x01\x05\x03+\x00\x80\x00\t6\x00\x00\x00\x00\x00\x14\x00\x00\x00\x01\x05\x03*\x00\x80\x00\n;\x00\x00\x00\x00\x00\x14\x00\x00\x00\x01\x05\x03)\x00\x80\x00\x0b@\x00\x00\x00\x00\x00\x14\x00\x00\x00\x01\x05\x03L\x00\x80\x00\x0cE\x00\x00\x00\x00\x00\x14\x00\x00\x00\x01\x05\x03M\x00\x80\x00\rJ\x00\x00\x00\x00\x00\x14\x00\x00\x00\x01\x05\x03N\x00\x80\x00\x0eO\x00\x00\x00\x00\x00\x14\x00\x00\x00\x01\x05\x03\xce\x00\x80\x00\x0fT\x00\x00\x00\x00\x00\x14\x00\x00\x00\x01\x05\x03\xc8\x00\x80\x00\x10[\x00\x00\x00\x00\x00\x14\x00\x00\x00\x01\x05\x03\xc9\x00\x80\x00\x11b\x00\x00\x00\x00\x00\x14\x00\x00\x00\x01\x05\x03\xca\x00\x80\x00\x12i\x00\x00\x00\x00\x00\x1b\x00\x00\x00\x01\x05\x03\xcc\x00\x80\x00\x13o\x00\x00\x00\x00\x00\x14\x00\x00\x00\x01\x05\x03W\x00\x80\x00\x14v\x00\x00\x00\x00\x00\x1b\x00\x00\x00\x01\x05\x03A\x00\x80\x00\x15{\x00\x00\x00\x00\x00\x14\x00\x00\x00\x01\x05\x03@\x00\x80\x00\x16\x80\x00\x00\x00\x00\x00\x14\x00\x00\x00\x01\x05\x03?\x00\x80\x00\x17\x85\x00\x00\x00\x00\x00\x14\x00\x00\x00\x01\x05\x03H\x00\x80\x00\x18\x8b\x00\x00\x00\x00\x00\x14\x00\x00\x00\x01\x05\x03G\x00\x80\x00\x19\x91\x00\x00\x00\x00\x00\x14\x00\x00\x00\x01\x05\x03F\x00\x80\x00\x1a\x97\x00\x00\x00\x00\x00\x14\x00\x00\x00\x01\x05\x03E\x00\x80\x00\x1b\x9e\x00\x00\x00\x00\x00\x14\x00\x00\x00\x01\x05\x03D\x00\x80\x00\x1c\xa5\x00\x00\x00\x00\x00\x14\x00\x00\x00\x01\x05\x03n\x00\x80\x00\x1d\xac\x00\x00\x00\x00\x00\x14\x00\x00\x00\x01\x05\x035\x00\x80\x00\x1e\xb2\x00\x00\x00\x00\x00\x14\x00\x00\x00\x01\x05\x03C\x00\x80\x00\x1f\xb8\x00\x00\x00\x00\x00\x14\x00\x00\x00\x01\x05\x03\x90\x00\x80\x00 \xbf\x00\x00\x00\x00\x00\x14\x00\x00\x00\x01\x05\x03\x91\x00\x80\x00!\xc6\x00\x00\x00\x00\x00\x14\x00\x00\x00\x01\x05\x03\x92\x00\x80\x00"\xcd\x00\x00\x00\x00\x00\x1b\x00\x00\x00\x01\x05\x03\x94\x00\x80\x00#\xd3\x00\x00\x00\x00\x00\x1b\x00\x00\x00\x01\x05\x03\x98\x00\x80\x00$\xd9\x00\x00\x00\x00\x00\x1b\x00\x00\x00\x01\x05\x03\x9a\x00\x80\x00%\xdf\x00\x00\x00\x00\x00\x1b\x00\x00\x00\x01\x05\x03\x9c\x00\x80\x00&\xe5\x00\x00\x00\x00\x00\x1b\x00\x00\x00\x01\x05\x03\x96\x00\x80\x00\'\xea\x00\x00\x00\x00\x00\x14\x00\x00\x00\x01\x05\x03q\x00\x80\x00(\xf1\x00\x00\x00\x00\x00\x14\x00\x00\x00\x01\x05\x038\x00\x80\x00)\xf7\x00\x00\x00\x00\x00\x14\x00\x00\x00\x01\x05\x03\x80\x00\x80\x00*\xfe\x00\x00\x00\x00\x00\x14\x00\x00\x00\x01\x05\x03\x81\x00\x80\x00+\x05\x01\x00\x00\x00\x00\x14\x00\x00\x00\x01\x05\x03\x82\x00\x80\x00,\x0c\x01\x00\x00\x00\x00\x1b\x00\x00\x00\x01\x05\x03\x84\x00\x80\x00-\x12\x01\x00\x00\x00\x00\x1b\x00\x00\x00\x01\x05\x03\x88\x00\x80\x00.\x18\x01\x00\x00\x00\x00\x1b\x00\x00\x00\x01\x05\x03\x8a\x00\x80\x00/\x1e\x01\x00\x00\x00\x00\x1b\x00\x00\x00\x01\x05\x03\x8c\x00\x80\x000$\x01\x00\x00\x00\x00\x1b\x00\x00\x00\x01\x05\x03\x86\x00\x80\x001)\x01\x00\x00\x00\x00\x14\x00\x00\x00\x01\x05\x03o\x00\x80\x0020\x01\x00\x00\x00\x00\x14\x00\x00\x00\x01\x05\x036\x00\x80\x0036\x01\x00\x00\x00\x00\x14\x00\x00\x00\x01\x05\x03Q\x00\x80\x004;\x01\x00\x00\x00\x00\x14\x00\x00\x00\x01\x05\x03U\x00\x80\x005A\x01\x00\x00\x00\x00\x14\x00\x00\x00\x01\x05\x03T\x00\x80\x006G\x01\x00\x00\x00\x00\x14\x00\x00\x00\x01\x05\x03i\x00\x80\x007M\x01\x00\x00\x00\x00\x14\x00\x00\x00\x01\x05\x03j\x00\x80\x008S\x01\x00\x00\x00\x00\x14\x00\x00\x00\x01\x05\x03=\x00\x80\x009Y\x01\x00\x00\x00\x00\x14\x00\x00\x00\x01\x05\x03<\x00\x80\x00:^\x01\x00\x00\x00\x00\x14\x00\x00\x00\x01\x05\x03k\x00\x80\x00;e\x01\x00\x00\x00\x00\x14\x00\x00\x00\x01\x05\x03;\x00\x80\x00<k\x01\x00\x00\x00\x00\x14\x00\x00\x00\x01\x05\x03h\x00\x80\x00=q\x01\x00\x00\x00\x00\x14\x00\x00\x00\x01\x05\x03\xc0\x00\x80\x00>x\x01\x00\x00\x00\x00\x14\x00\x00\x00\x01\x05\x03\xc1\x00\x80\x00?\x7f\x01\x00\x00\x00\x00\x14\x00\x00\x00\x01\x05\x03\xc2\x00\x80\x00@\x86\x01\x00\x00\x00\x00\x14\x00\x00\x00\x01\x05\x03\xc3\x00\x80\x00A\x8d\x01\x00\x00\x00\x00\x14\x00\x00\x00\x01\x05\x03\xc4\x00\x80\x00B\x94\x01\x00\x00\x00\x00\x14\x00\x00\x00\x01\x05\x03\xbe\x00\x80\x00C\x9a\x01\x00\x00\x00\x00\x14\x00\x00\x00\x01\x05\x03\xbf\x00\x80\x00D\x9f\x01\x00\x00\x00\x00\x14\x00\x00\x00\x01\x05\x03\xcf\x00\x80\x00E\xa5\x01\x00\x00\x00\x00\x14\x00\x00\x00\x01\x05\x03\xd0\x00\x80\x00F\xab\x01\x00\x00\x00\x00\x14\x00\x00\x00\x01\x05\x03\xd1\x00\x80\x00G\xb1\x01\x00\x00\x00\x00\x14\x00\x00\x00\x01\x05\x03\xd2\x00\x80\x00H\xb7\x01\x00\x00\x00\x00\x14\x00\x00\x00\x01\x05\x03r\x00\x80\x00I\xbe\x01\x00\x00\x00\x00\x14\x00\x00\x00\x01\x05\x039\x00\x80\x00J\xc4\x01\x00\x00\x00\x00\x14\x00\x00\x00\x01\x05\x03\xd4\x00\x80\x00K\xc8\x01\x00\x00\x00\x00\x14\x00\x00\x00\x01\x05\x03%\x00\x80\x00L\xce\x01\x00\x00\x00\x00\x14\x00\x00\x00\x01\x05\x03$\x00\x80\x00M\xd3\x01\x00\x00\x00\x00\x14\x00\x00\x00\x01\x05\x03#\x00\x80\x00N\xd8\x01\x00\x00\x00\x00\x14\x00\x00\x00\x01\x05\x03(\x00\x80\x00O\xde\x01\x00\x00\x00\x00\x14\x00\x00\x00\x01\x05\x03\'\x00\x80\x00P\xe3\x01\x00\x00\x00\x00\x14\x00\x00\x00\x01\x05\x03&\x00\x80\x00Q\xe8\x01\x00\x00\x00\x00\x14\x00\x00\x00\x01\x05\x03.\x00\x80\x00R\xee\x01\x00\x00\x00\x00\x14\x00\x00\x00\x01\x05\x03-\x00\x80\x00S\xf3\x01\x00\x00\x00\x00\x14\x00\x00\x00\x01\x05\x03,\x00\x80\x00T\xf8\x01\x00\x00\x00\x00\x14\x00\x00\x00\x01\x05\x031\x00\x80\x00U\xfe\x01\x00\x00\x00\x00\x14\x00\x00\x00\x01\x05\x030\x00\x80\x00V\x03\x02\x00\x00\x00\x00\x14\x00\x00\x00\x01\x05\x03/\x00\x80\x00W\x08\x02\x00\x00\x00\x00\x14\x00\x00\x00\x01\x05\x03\xbd\x00\x80\x00X\x0e\x02\x00\x00\x00\x00\x14\x00\x00\x00\x01\x05\x03\xb8\x00\x80\x00Y\x13\x02\x00\x00\x00\x00\x14\x00\x00\x00\x01\x05\x03\xbc\x00\x80\x00Z\x18\x02\x00\x00\x00\x00\x14\x00\x00\x00\x01\x05\x03\xb9\x00\x80\x00[\x1d\x02\x00\x00\x00\x00\x14\x00\x00\x00\x01\x05\x03\xbb\x00\x80\x00\\"\x02\x00\x00\x00\x00\x14\x00\x00\x00\x01\x05\x03\xba\x00\x80\x00]\'\x02\x00\x00\x00\x00\x14\x00\x00\x00\x01\x05\x03|\x00\x80\x00^-\x02\x00\x00\x00\x00\x14\x00\x00\x00\x01\x05\x03z\x00\x80\x00_4\x02\x00\x00\x00\x00\x1b\x00\x00\x00\x01\x05\x03x\x00\x80\x00`8\x02\x00\x00\x00\x00\x14\x00\x00\x00\x01\x05\x03{\x00\x80\x00a?\x02\x00\x00\x00\x00\x14\x00\x00\x00\x01\x05\x03~\x00\x80\x00bE\x02\x00\x00\x00\x00\x14\x00\x00\x00\x01\x05\x03}\x00\x80\x00cK\x02\x00\x00\x00\x00\x14\x00\x00\x00\x01\x05\x03{\x00\x80\x00dR\x02\x00\x00\x00\x00\x14\x00\x00\x00\x01\x05\x03P\x00\x80\x00eW\x02\x00\x00\x00\x00\x14\x00\x00\x00\x01\x05\x03\x7f\x00\x80\x00f]\x02\x00\x00\x00\x00\x14\x00\x00\x00\x01\x05\x03_\x00\x80\x00gb\x02\x00\x00\x00\x00\x1b\x00\x00\x00\x01\x05\x03]\x00\x80\x00he\x02\x00\x00\x00\x00\x14\x00\x00\x00\x01\x05\x03U\x00\x80\x00ik\x02\x00\x00\x00\x00\x14\x00\x00\x00\x01\x05\x03T\x00\x80\x00jq\x02\x00\x00\x00\x00\x14\x00\x00\x00\x01\x05\x03f\x00\x80\x00kx\x02\x00\x00\x00\x00\x14\x00\x00\x00\x01\x05\x03g\x00\x80\x00l\x7f\x02\x00\x00\x00\x00\x14\x00\x00\x00\x01\x05\x03a\x00\x80\x00m\x85\x02\x00\x00\x00\x00\x14\x00\x00\x00\x01\x05\x03S\x00\x80\x00n\x8a\x02\x00\x00\x00\x00\x14\x00\x00\x00\x01\x05\x03\\\x00\x80\x00o\x8f\x02\x00\x00\x00\x00\x14\x00\x00\x00\x01\x05\x03K\x00\x80\x00p\x96\x02\x00\x00\x00\x00\x14\x00\x00\x00\x01\x05\x03J\x00\x80\x00q\x9d\x02\x00\x00\x00\x00\x14\x00\x00\x00\x01\x05\x03>\x00\x80\x00r\xa4\x02\x00\x00\x00\x00\x14\x00\x00\x00\x01\x05\x03e\x00\x80\x00s\xa9\x02\x00\x00\x00\x00\x14\x00\x00\x00\x01\x05\x03d\x00\x80\x00t\xae\x02\x00\x00\x00\x00\x14\x00\x00\x00\x01\x05\x03\xc7\x00\x80\x00u\xb5\x02\x00\x00\x00\x00\x14\x00\x00\x00\x01\x05\x03\xc6\x00\x80\x00v\xbd\x02\x00\x00\x00\x00\x14\x00\x00\x00\x01\x05\x03\xc5\x00\x80\x00w\xc5\x02\x00\x00\x00\x00\x14\x00\x00\x00\x01\x05\x03I\x00\x80\x00x\xcc\x02\x00\x00\x00\x00\x14\x00\x00\x00\x01\x05\x03R\x00\x80\x00y\xd3\x02\x00\x00\x00\x00\x14\x00\x00\x00\x01\x05\x03\xf4\x00\x80\x00z\xd9\x02\x00\x00\x00\x00\x14\x00\x00\x00\x01\x05\x03\xf3\x00\x80\x00{\xe0\x02\x00\x00\x00\x00\x14\x00\x00\x00\x01\x05\x03\xf2\x00\x80\x00|\xe7\x02\x00\x00\x00\x00\x14\x00\x00\x00\x01\x05\x03\xf1\x00\x80\x00}\xee\x02\x00\x00\x00\x00\x14\x00\x00\x00\x01\x05\x03\xf0\x00\x80\x00~\xf5\x02\x00\x00\x00\x00\x14\x00\x00\x00\x01\x05\x03\xef\x00\x80\x00\x7f\xfd\x02\x00\x00\x00\x00\x14\x00\x00\x00\x01\x05\x03\xee\x00\x80\x00\x80\x01\x05\x03\x00\x00\x00\x00\x14\x00\x00\x00\x01\x05\x03\xed\x00\x80\x00\x81\x01\r\x03\x00\x00\x00\x00\x14\x00\x00\x00\x01\x05\x03\xec\x00\x80\x00\x82\x01\x15\x03\x00\x00\x00\x00\x14\x00\x00\x00\x01\x05\x03\xeb\x00\x80\x00\x83\x01\x1c\x03\x00\x00\x00\x00\x14\x00\x00\x00\x01\x05\x03\xea\x00\x80\x00\x84\x01"\x03\x00\x00\x00\x00\x14\x00\x00\x00\x01\x05\x03\xe9\x00\x80\x00\x85\x01(\x03\x00\x00\x00\x00\x14\x00\x00\x00\x01\x05\x03\xe8\x00\x80\x00\x86\x01/\x03\x00\x00\x00\x00\x14\x00\x00\x00\x01\x05\x03\xe6\x00\x80\x00\x87\x015\x03\x00\x00\x00\x00\x1b\x00\x00\x00\x01\x05\x03\xe4\x00\x80\x00\x88\x01<\x03\x00\x00\x00\x00\x14\x00\x00\x00\x01\x05\x03\xe3\x00\x80\x00\x89\x01C\x03\x00\x00\x00\x00\x14\x00\x00\x00\x01\x05\x03\xe2\x00\x80\x00\x8a\x01I\x03\x00\x00\x00\x00\x14\x00\x00\x00\x01\x05\x03\xe1\x00\x80\x00\x8b\x01O\x03\x00\x00\x00\x00\x14\x00\x00\x00\x01\x05\x03\xe0\x00\x80\x00\x8c\x01U\x03\x00\x00\x00\x00\x14\x00\x00\x00\x01\x05\x03\xd8\x00\x80\x00\x8d\x01\\\x03\x00\x00\x00\x00\x14\x00\x00\x00\x01\x05\x03\xda\x00\x80\x00\x8e\x01c\x03\x00\x00\x00\x00\x14\x00\x00\x00\x01\x05\x03\xd9\x00\x80\x00\x8f\x01j\x03\x00\x00\x00\x00\x14\x00\x00\x00\x01\x05\x03\xd7\x00\x80\x00\x00\x9e\x91\x00\x00\x02\x00j\t\x00\x00\x04\x84\x01\xf3\x19\x00\x00\x048\x10\x00\x00\xd2\x18\x00\x00@\x07\x00\x00\x00\x00\x00\x00\x00\x00\x00\x00\x1a\x00\x00\x004\x89\x1e\x00\x00\x0c\x80?\x00\x00\x00\x17*\x00\x00\x00J*\x00\x00\x00@\x02\x07B\x1e\x00\x00K\xc6\t\x00\x00\x07\x02?\x00\x00\x00\x05\x1c\x16k\x00\x00\x00\x11\xf8\x1a\x00\x00\x00\x11\xae\x0c\x00\x00\x01\x11\xc3\x0c\x00\x00\x02\x00\x1a\xc9\t\x00\x00\x05 \x16F\x00\x00\x004\x9c\n\x00\x00\x0c~\x8c\x00\x00\x00Jw\x00\x00\x00\x17w\x00\x00\x00@\x01\x08\xb5\x0b\x00\x000\x92\t\x00\x00P\x05"\x16\xfb\x00\x00\x00\x0f \r\x00\x00\x05#\x16\xfb\x00\x00\x00\x02#\x00\x0f\x9d%\x00\x00\x05$\x16k\x00\x00\x00\x02#F\x0fw\x1e\x00\x00\x05%\x16*\x00\x00\x00\x02#H\x0ff\n\x00\x00\x05&\x16*\x00\x00\x00\x02#JADlc\x00\x05\'\x16*\x00\x00\x00\x02#LACtr\x00\x05(\x16*\x00\x00\x00\x02#N\x002w\x00\x00\x00\x0b\x01\x00\x001?\x00\x00\x00E\x00\x1a\x95\t\x00\x00\x05)\x16\x93\x00\x00\x00ku8\x00\x10\x1d\x8c\x00\x00\x00\x17\x17\x01\x00\x00J\x17\x01\x00\x004C\'\x00\x00\r\xd8?\x00\x00\x00[l\x1e\x00\x00\x06\x05O\xd7\x01\x00\x00rarr\x00\x05v\'\x03\x00\x00\x02#\x00\x03!"\x0f\x00\x00\x05w+\x01\x00\x00\x02#\x02\x03!\x7f\x1c\x00\x00\x05x+\x01\x00\x00\x02#\x04\x039\xac\x0e\x00\x00\x05^\x01\x7f\x01\x00\x00\x8b\x01\x00\x00\x10\xa4 \x00\x00\x01\x1c\xaf \x00\x00\x009n\x0f\x00\x00\x05R\x01\x9b\x01\x00\x00\xa7\x01\x00\x00\x10\xa4 \x00\x00\x01\x1c+\x01\x00\x00\x009\xd9\x1d\x00\x00\x05n\x01\xb7\x01\x00\x00\xc3\x01\x00\x00\x10\xa4 \x00\x00\x01\x1c\xf6/\x00\x00\x00sQ\x0b\x00\x00\x05Z\x01\xcf\x01\x00\x00\x10\xa4 \x00\x00\x01\x00\x00OQ#\x00\x00\x0e\x08)\xd7\x01\x00\x00\x01\x03\x00\x00tK#\x00\x00\x16\x03\x00\x00\x02#\x00\x01!\x87\x1c\x00\x00\x08L*\x00\x00\x00\x02#\x02\x02! \x08\x00\x00\x08M*\x00\x00\x00\x02#\x04\x02!?\x14\x00\x00\x08N*\x00\x00\x00\x02#\x06\x02!\xa7\x15\x00\x00\x08O6\x01\x00\x00\x02#\x08\x029n\x0f\x00\x00\x08,\x01@\x02\x00\x00Q\x02\x00\x00\x10-\x03\x00\x00\x01\x1c*\x00\x00\x00\x1c*\x00\x00\x00\x009\x11!\x00\x00\x08>\x01a\x02\x00\x00h\x02\x00\x00\x10-\x03\x00\x00\x01\x00W{\x0c\x00\x00\x08G\x01\x02\x10\x03\xd7\x01\x00\x00\x01\x80\x02\x00\x00\x8c\x02\x00\x00\x10-\x03\x00\x00\x01\x1c*\x00\x00\x00\x00W\xa9\x0c\x00\x00\x084\x01\x02\x10\x02\xd7\x01\x00\x00\x01\xa4\x02\x00\x00\xab\x02\x00\x00\x10-\x03\x00\x00\x01\x00\x85\x01\x01\x82\x16\x00\x00\x08:\x85 \x00\x00\x01\xc1\x02\x00\x00\xcd\x02\x00\x00\x10-\x03\x00\x00\x01\x1c-\x03\x00\x00\x009Q\x0b\x00\x00\x08/\x01\xdd\x02\x00\x00\xe4\x02\x00\x00\x10-\x03\x00\x00\x01\x00\x86\x01\x1d\x1b\x00\x00\x08/\x01\x02\x10\x01\xd7\x01\x00\x00\x01\xf9\x02\x00\x00\x10-\x03\x00\x00\x01\x00\x00\x87\x01\x0e\x03\x00\x00\x0e\x03\x00\x00\x88\x01\x00\x89\x01\x02\x05int\x00\x1b\x02\x1c\x03\x00\x00\x8a\x01\x02\xe1\x04\x00\x00\x01\x03\x00\x00\x1b\x02-\x03\x00\x00\x1b\x02\xd7\x01\x00\x00\x17-\x03\x00\x00O\xde\x1a\x00\x00\x0f\x08R\xd7\x01\x00\x00\xd0\x03\x00\x00X\xd7\x01\x00\x00\x02#\x00\x01\x08\x0e\x17\x00\x00\x08i\xd0\x03\x00\x00\x02#\x0e9n\x0f\x00\x00\x08U\x01o\x03\x00\x00\x80\x03\x00\x00\x10|!\x00\x00\x01\x1c*\x00\x00\x00\x1c*\x00\x00\x00\x00W\xa9\x0c\x00\x00\x08X\x01\x02\x10\x028\x03\x00\x00\x01\x98\x03\x00\x00\x9f\x03\x00\x00\x10|!\x00\x00\x01\x00lQ\x0b\x00\x00\x01\x01\xae\x03\x00\x00\xb5\x03\x00\x00\x10|!\x00\x00\x01\x00u\x1d\x1b\x00\x00\x01\x02\x10\x018\x03\x00\x00\x01\x01\xc8\x03\x00\x00\x10|!\x00\x00\x01\x00\x00@\x01\x02\xad\x1b\x00\x00OE\x10\x00\x00\x1d\x08\x92\xd7\x01\x00\x00\xdd\x04\x00\x00X\xd7\x01\x00\x00\x02#\x00\x01!J\'\x00\x00\x08\xa5*\x00\x00\x00\x02#\x0e\x03!r\x19\x00\x00\x08\xa6\xe2\x04\x00\x00\x02#\x10\x03!\xee\x0c\x00\x00\x08\xa7\xd0\x03\x00\x00\x02#\x14\x03!:\x12\x00\x00\x08\xa8\xe2\x04\x00\x00\x02#\x15\x03!v\x04\x00\x00\x08\xa9\xe2\x04\x00\x00\x02#\x19\x039n\x0f\x00\x00\x08\x95\x01K\x04\x00\x00f\x04\x00\x00\x10\xd9 \x00\x00\x01\x1c-\x03\x00\x00\x1c*\x00\x00\x00\x1c\xe2\x04\x00\x00\x1c\xd0\x03\x00\x00\x00lQ\x0b\x00\x00\x01\x01u\x04\x00\x00|\x04\x00\x00\x10\xd9 \x00\x00\x01\x00\x8b\x01\x1d\x1b\x00\x00\x01\x02\x10\x01\xd7\x03\x00\x00\x01\x01\x94\x04\x00\x00\x9b\x04\x00\x00\x10\xd9 \x00\x00\x01\x00W{\x0c\x00\x00\x08\x9e\x01\x02\x10\x03\xd7\x03\x00\x00\x01\xb3\x04\x00\x00\xbf\x04\x00\x00\x10\xd9 \x00\x00\x01\x1c*\x00\x00\x00\x00\x8c\x01\x01\xf4\x17\x00\x00\x08\x9a@\x1c\x00\x00\xe2\x04\x00\x00\x01\xd5\x04\x00\x00\x10}\x81\x00\x00\x01\x00\x00\x17\xd7\x03\x00\x00@\x04\x043\x17\x00\x00O\xab"\x00\x00\x0c\x0e1!\x05\x00\x00!\x05\x00\x00X!\x05\x00\x00\x02#\x00\x01!X\x12\x00\x00\x0e4(\x05\x00\x00\x02#\x04\x02!\xa4&\x00\x00\x0e5(\x05\x00\x00\x02#\x08\x02\x00\x8d\x01\x83&\x00\x00\x01@\x04\x07=\x1e\x00\x00O\xab"\x00\x00\x0c\x0f1g\x05\x00\x00g\x05\x00\x00Xg\x05\x00\x00\x02#\x00\x01!X\x12\x00\x00\x0f4(\x05\x00\x00\x02#\x04\x02!\xa4&\x00\x00\x0f5(\x05\x00\x00\x02#\x08\x02\x00\x8e\x01\x83&\x00\x00\x01\x92\x05\x00\x00\x8f\x01\x01\x9a(\x00\x00\x07,p(\x00\x00\x02\x01\x85\x05\x00\x00\x10\x07,\x00\x00\x01\x1c\x0e\x03\x00\x00\x00\x00O\x1f\x19\x00\x00P\x10Zg\x05\x00\x00X\x07\x00\x00X/\x05\x00\x00\x02#\x00\x01!j$\x00\x00\x10]\x0e\x03\x00\x00\x02#\x0c\x03\x08p\x05\x00\x00\x10n\x82\x00\x00\x00\x02#\x0e\x08,\x19\x00\x00\x10o\x82\x00\x00\x00\x02#\x0f\x08[\x15\x00\x00\x10pX\x07\x00\x00\x02#\x109V\x1d\x00\x00\x06\xae\x01\xf4\x05\x00\x00\x00\x06\x00\x00\x10\xee\x1c\x00\x00\x01\x1c(\x05\x00\x00\x009n\x0f\x00\x00\x10_\x01\x10\x06\x00\x00\x17\x06\x00\x00\x10\xee\x1c\x00\x00\x01\x00\x90\x01`\x1f\x00\x00+\x01\x00\x00\x01\x02\x10\x01\x92\x05\x00\x00\x01\x013\x06\x00\x00D\x06\x00\x00\x10\xee\x1c\x00\x00\x01\x1c\xf6\n\x00\x00\x1c+\x01\x00\x00\x00\\\xfa\x04\x00\x00\x06\xe4+\x01\x00\x00\x01\x02\x10\x01\x92\x05\x00\x00\x01`\x06\x00\x00q\x06\x00\x00\x10\xee\x1c\x00\x00\x01\x1c\xf6\n\x00\x00\x1c+\x01\x00\x00\x00\\\xfa\x04\x00\x00\x06\xdf+\x01\x00\x00\x01\x02\x10\x00\x92\x05\x00\x00\x01\x8d\x06\x00\x00\x99\x06\x00\x00\x10\xee\x1c\x00\x00\x01\x1cw\x00\x00\x00\x00W\xda\x1f\x00\x00\x06\xda\x01\x02\x10\x03\x92\x05\x00\x00\x01\xb1\x06\x00\x00\xb8\x06\x00\x00\x10\xee\x1c\x00\x00\x01\x00\\\xe1\x13\x00\x00\x06\xd5\x0e\x03\x00\x00\x01\x02\x10\x02\x92\x05\x00\x00\x01\xd4\x06\x00\x00\xdb\x06\x00\x00\x10\xee\x1c\x00\x00\x01\x00v\xcc\x15\x00\x00\x0e\x03\x00\x00\x01\x01\\\xa3\x17\x00\x00\x06\xcb\x0e\x03\x00\x00\x01\x02\x10\x05\x92\x05\x00\x00\x01\x02\x07\x00\x00\t\x07\x00\x00\x10\xee\x1c\x00\x00\x01\x00\\{\x0f\x00\x00\x06\xc4\x0e\x03\x00\x00\x01\x02\x10\x06\x92\x05\x00\x00\x01%\x07\x00\x00,\x07\x00\x00\x10\xee\x1c\x00\x00\x01\x00v\xa4\n\x00\x00\x0e\x03\x00\x00\x01\x01\x91\x01\xb4\x12\x00\x00\x06\xbc\x0e\x03\x00\x00\x01\x02\x10\x04\x92\x05\x00\x00\x01P\x07\x00\x00\x10\xee\x1c\x00\x00\x01\x00\x002\x8c\x00\x00\x00h\x07\x00\x001?\x00\x00\x00?\x000\xcc\x14\x00\x00\x04\x05\x8f\x05\x94\x07\x00\x00Alen\x00\x05\x90\x05*\x00\x00\x00\x02#\x00\x0f\xf0\t\x00\x00\x05\x91\x05\x94\x07\x00\x00\x02#\x02\x00\x1b\x02w\x00\x00\x00\x1a\xcf\x08\x00\x00\x05\x92\x05h\x07\x00\x00\x17\x9a\x07\x00\x00[~\x19\x00\x00\x01\x10:\xcd\x07\x00\x00\x92\x01z\x18\x00\x00\x019\x03\x01\xc5\x07\x00\x00\x10\xd6\x1b\x00\x00\x01\x00\x00ku32\x00\x10\x1f(\x05\x00\x004/\x1e\x00\x00\x06\'\xe8\x07\x00\x00J\xd8\x07\x00\x00B/\x1e\x00\x00\x08\x06!.\x1e\x00\x00?\x08\x00\x00\x083*\x00\x00\x06"\xcd\x07\x00\x00\x02#\x00\x08\n\'\x00\x00\x06#\x17\x01\x00\x00\x02#\x04\x08\x06$\x00\x00\x06$\x17\x01\x00\x00\x02#\x05\x08\x1d\x10\x00\x00\x06%\x17\x01\x00\x00\x02#\x06\x08\x80\x0f\x00\x00\x06&\x17\x01\x00\x00\x02#\x07\x004\xb8&\x00\x00\x0c\x82(\x05\x00\x00\x17?\x08\x00\x00[i%\x00\x00\n\x05\x0b/\t\x00\x00rarr\x00\x05G/\t\x00\x00\x02#\x00\x03!"\x0f\x00\x00\x05H+\x01\x00\x00\x02#\x02\x03!\x90\x14\x00\x00\x05I\x0e\x03\x00\x00\x02#\x04\x03!\xd5 \x00\x00\x05J\x0e\x03\x00\x00\x02#\x06\x03!\x7f\x1c\x00\x00\x05K+\x01\x00\x00\x02#\x08\x039\x98\x04\x00\x00\x05(\x01\xb6\x08\x00\x00\xc2\x08\x00\x00\x10;a\x00\x00\x01\x1c\xf6/\x00\x00\x00\x93\x01\x01\x06\x1f\x00\x00\x05A\x07\x10\x00\x00\xd0\x03\x00\x00\x01\xdc\x08\x00\x00\xe3\x08\x00\x00\x10;a\x00\x00\x01\x009n\x0f\x00\x00\x05\x0e\x01\xf3\x08\x00\x00\xff\x08\x00\x00\x10;a\x00\x00\x01\x1c+\x01\x00\x00\x00\x94\x01pop\x00\x05\x1c?\x00\x00\x00\x01\x14\t\x00\x00\x1b\t\x00\x00\x10;a\x00\x00\x01\x00sQ\x0b\x00\x00\x05\x18\x01\'\t\x00\x00\x10;a\x00\x00\x01\x00\x00\x1b\x02?\x00\x00\x00O\x0b\x06\x00\x00\x1d\x08l\xd7\x01\x00\x00-\n\x00\x00X\xd7\x01\x00\x00\x02#\x00\x01!{&\x00\x00\x08\x8c*\x00\x00\x00\x02#\x0e\x03!\x89\x19\x00\x00\x08\x8d*\x00\x00\x00\x02#\x10\x03!\x94\x17\x00\x00\x08\x8e\xd0\x03\x00\x00\x02#\x12\x03!\x99\x19\x00\x00\x08\x8fO\x08\x00\x00\x02#\x13\x03\x95\x01\xd2\x12\x00\x00\x08\x86\x03\x01\x9c\t\x00\x00\xad\t\x00\x00\x10\xc3\x1f\x00\x00\x01\x1c*\x00\x00\x00\x1c*\x00\x00\x00\x009n\x0f\x00\x00\x08o\x01\xbd\t\x00\x00\xd8\t\x00\x00\x10\xc3\x1f\x00\x00\x01\x1c-\x03\x00\x00\x1c*\x00\x00\x00\x1c*\x00\x00\x00\x1c\xd0\x03\x00\x00\x00W{\x0c\x00\x00\x08w\x01\x02\x10\x035\t\x00\x00\x01\xf0\t\x00\x00\xfc\t\x00\x00\x10\xc3\x1f\x00\x00\x01\x1c*\x00\x00\x00\x00lQ\x0b\x00\x00\x01\x01\x0b\n\x00\x00\x12\n\x00\x00\x10\xc3\x1f\x00\x00\x01\x00u\x1d\x1b\x00\x00\x01\x02\x10\x015\t\x00\x00\x01\x01%\n\x00\x00\x10\xc3\x1f\x00\x00\x01\x00\x00[\xb1&\x00\x00\x01\x01\xcf~\n\x00\x00!\xf5\x0e\x00\x00\x01\xd1\x17\x01\x00\x00\x02#\x00\x039n\x0f\x00\x00\x01\xd3\x01X\n\x00\x00d\n\x00\x00\x10\xd8!\x00\x00\x01\x1c\x17\x01\x00\x00\x00\x96\x01\x01Q\x0b\x00\x00\x01\xd8_\x0f\x00\x00\x01v\n\x00\x00\x10\xd8!\x00\x00\x01\x00\x00O\xa5\x14\x00\x00\n\x11\x1c~\n\x00\x00\xf6\n\x00\x00t\x9f\x14\x00\x00\x16\x03\x00\x00\x02#\x00\x01!O\x16\x00\x00\x11(w\x00\x00\x00\x02#\x02\x02!\xd9\x19\x00\x00\x11)w\x00\x00\x00\x02#\x03\x02!\x8f\n\x00\x00\x11+\x87\x00\x00\x00\x02#\x04\x02!\xa6\x12\x00\x00\x11,\x87\x00\x00\x00\x02#\x05\x02!"(\x00\x00\x11-\xf6\n\x00\x00\x02#\x06\x02!\x87)\x00\x00\x11/\x01\x0b\x00\x00\x02#\x08\x02\x00\x1b\x02\x87\x00\x00\x00\x17\xf6\n\x00\x00\x1b\x02~\n\x00\x00[\x12\x08\x00\x00\x04\x114\xd1\x0b\x00\x00!\xbc\x04\x00\x00\x11>w\x00\x00\x00\x02#\x00\x03!\x90\'\x00\x00\x11?w\x00\x00\x00\x02#\x01\x03!q\x03\x00\x00\x11@\x01\x0b\x00\x00\x02#\x02\x039n\x0f\x00\x00\x03j\x01P\x0b\x00\x00W\x0b\x00\x00\x10\x17%\x00\x00\x01\x00w\xbf\x19\x00\x00\x03\x1c\x0e\x03\x00\x00\x01k\x0b\x00\x00w\x0b\x00\x00\x10\x17%\x00\x00\x01\x1c\x94\x07\x00\x00\x00w\xfe\x13\x00\x00\x03)\x0e\x03\x00\x00\x01\x8b\x0b\x00\x00\x97\x0b\x00\x00\x10\x17%\x00\x00\x01\x1cm\x83\x00\x00\x009<\x05\x00\x00\x035\x01\xa7\x0b\x00\x00\xb3\x0b\x00\x00\x10\x17%\x00\x00\x01\x1c\xaf\x83\x00\x00\x00\x97\x01\xc5\x0f\x00\x00\x03>\xd0\x03\x00\x00\x01\xc4\x0b\x00\x00\x10\x17%\x00\x00\x01\x1cm\x83\x00\x00\x00\x00\x1a\x16\x16\x00\x00\x05\x8c\x04w\x00\x00\x00\x17\xd1\x0b\x00\x00\x1az\'\x00\x00\x05\x8d\x04w\x00\x00\x000\xde\n\x00\x00\x03\x05\xb8\x05\x1a\x0c\x00\x00\x0f\xec\x17\x00\x00\x05\xb9\x05\xe2\x0b\x00\x00\x02#\x00\x0f**\x00\x00\x05\xba\x05*\x00\x00\x00\x02#\x01\x00\x1a\xe1\n\x00\x00\x05\xbb\x05\xee\x0b\x00\x00\x17\x1a\x0c\x00\x00\x1a\xe3&\x00\x00\x05\x8e\x04w\x00\x00\x000q!\x00\x00\x03\x05\xa2\x05c\x0c\x00\x00\x0f\x9f\x11\x00\x00\x05\xa3\x05+\x0c\x00\x00\x02#\x00\x0fW\x14\x00\x00\x05\xa4\x05*\x00\x00\x00\x02#\x01\x00\x1at!\x00\x00\x05\xa5\x057\x0c\x00\x00\x17c\x0c\x00\x00\x1a\n\x11\x00\x00\x05\x8e\x01?\x08\x00\x000\x94\x12\x00\x00\x04\x05*\x05\x9d\x0c\x00\x00\x0f\xe3\x11\x00\x00\x05.\x05t\x0c\x00\x00\x02#\x00\x00\x1a\x97\x12\x00\x00\x05/\x05\x80\x0c\x00\x000=*\x00\x00\x08\x05\x9a\x05\xd5\x0c\x00\x00Amta\x00\x05\x9b\x05\x9d\x0c\x00\x00\x02#\x00\x0fu#\x00\x00\x05\x9f\x05?\x08\x00\x00\x02#\x04\x00\x1a@*\x00\x00\x05\xa0\x05\xa9\x0c\x00\x00\x1a-\x0f\x00\x00\x05*\x07*\x00\x00\x004\x93\x1d\x00\x00\x10\xaa\xf8\x0c\x00\x00B\x93\x1d\x00\x00\x08\x10\xa3\x92\x1d\x00\x00]\r\x00\x00\x08\xc3\x0b\x00\x00\x10\xa4w\x00\x00\x00\x02#\x00\x08\xa1\x19\x00\x00\x10\xa5w\x00\x00\x00\x02#\x01\x083\x07\x00\x00\x10\xa6w\x00\x00\x00\x02#\x02\x08+\x07\x00\x00\x10\xa7w\x00\x00\x00\x02#\x03\x08v\x1e\x00\x00\x10\xa8*\x00\x00\x00\x02#\x04\x08\xeb\x0f\x00\x00\x10\xa9*\x00\x00\x00\x02#\x06\x004\x93\x1d\x00\x00\x10\xaah\r\x00\x00B\x93\x1d\x00\x00\x08\x10\xa3\x92\x1d\x00\x00\xcd\r\x00\x00\x08\xc3\x0b\x00\x00\x10\xa4w\x00\x00\x00\x02#\x00\x08\xa1\x19\x00\x00\x10\xa5w\x00\x00\x00\x02#\x01\x083\x07\x00\x00\x10\xa6w\x00\x00\x00\x02#\x02\x08+\x07\x00\x00\x10\xa7w\x00\x00\x00\x02#\x03\x08v\x1e\x00\x00\x10\xa8*\x00\x00\x00\x02#\x04\x08\xeb\x0f\x00\x00\x10\xa9*\x00\x00\x00\x02#\x06\x00K\x9b\x0f\x00\x00\x07\x02?\x00\x00\x00\x05\x8c\x12\xec\r\x00\x00\x11p\n\x00\x00\x00\x11\x07\x13\x00\x00\x01\x00\x1a\x9e\x0f\x00\x00\x05\x8f\x12\xcd\r\x00\x00K \n\x00\x00\x07\x02?\x00\x00\x00\x05\xfc\x04\x83\x0e\x00\x00\x11<\x19\x00\x00\x00\x11n\x10\x00\x00\x10\x11\x87\x11\x00\x00\x11\x11_\x10\x00\x00\x12\x11&\x08\x00\x00 \x11\xf2\x12\x00\x00!\x11\x8a\x0f\x00\x00"\x11\xc6\r\x00\x00#\x11f\x15\x00\x00$\x11\xb3\x15\x00\x00%\x11\t\x15\x00\x00&\x11\x81#\x00\x00\'\x11\x84\x1b\x00\x00(\x11\x16\'\x00\x00)\x11\xe0\x1f\x00\x00*\x11\x13"\x00\x000\x11\x02\x0c\x00\x001\x11\xe9#\x00\x002\x119"\x00\x003\x11}\x1e\x00\x00\xff\x00\x1a#\n\x00\x00\x05\x1b\x05\xf8\r\x00\x00Ka\x1c\x00\x00\x07\x02?\x00\x00\x00\x05\x85\x12\xba\x0e\x00\x00\x11\x92&\x00\x00\x00\x11\x81\x12\x00\x00\x01\x11\xbf!\x00\x00\x02\x11f\x07\x00\x00\x03\x00\x1a\xb6$\x00\x00\x05\x8a\x12\x8f\x0e\x00\x000\xfb\x0c\x00\x00\x05\x05$\x05\xf2\x0e\x00\x00Aext\x00\x05%\x05w\x00\x00\x00\x02#\x00\x0f\xe3\x11\x00\x00\x05&\x05t\x0c\x00\x00\x02#\x01\x00\x1a\xfe\x0c\x00\x00\x05\'\x05\xc6\x0e\x00\x000=\x0b\x00\x00\x03\x05\x92\x129\x0f\x00\x00\x0f{\x05\x00\x00\x05\x93\x12w\x00\x00\x00\x02#\x00\x0f7\x19\x00\x00\x05\x94\x12w\x00\x00\x00\x02#\x01\x0f\x89&\x00\x00\x05\x95\x12\xd0\x03\x00\x00\x02#\x02\x00\x1a@\x0b\x00\x00\x05\x96\x12\xfe\x0e\x00\x00K\xb9\x18\x00\x00\x07\x02?\x00\x00\x00\x05}\x12v\x0f\x00\x00\x11\xd5\x1e\x00\x00\x00\x11m\r\x00\x00\x01\x11\x02\x04\x00\x00\x02\x11\xbc\x0e\x00\x00\x03\x11O)\x00\x00\x04\x00\x1a\xbc\x18\x00\x00\x05\x83\x12E\x0f\x00\x000\xa3%\x00\x00\x01\x05\xbd\x05\x9f\x0f\x00\x00\x0f|#\x00\x00\x05\xbe\x05w\x00\x00\x00\x02#\x00\x00\x1a\xa6%\x00\x00\x05\xc3\x05\x82\x0f\x00\x00\x1a\xd3\x13\x00\x00\x05\xce\x15\xb7\x0f\x00\x00\x1b\x02\xbd\x0f\x00\x00\x98\x01K\xe9\x1c\x00\x00\x07\x02?\x00\x00\x00\x05\xe6\x10\xea\x0f\x00\x00\x11\x93"\x00\x00\x00\x11\x05\x1d\x00\x00\x01\x11\xe2\'\x00\x00\x02\x119\n\x00\x00\x03\x00\x1a\xec\x1c\x00\x00\x05\xeb\x10\xbf\x0f\x00\x000^ \x00\x00\r\x05\xed\x10@\x10\x00\x00\x0f\x8b(\x00\x00\x05\xee\x10\xea\x0f\x00\x00\x02#\x00Amta\x00\x05\xef\x10\xf2\x0e\x00\x00\x02#\x02\x0f\x19\x1e\x00\x00\x05\xf0\x10?\x08\x00\x00\x02#\x07\x0f\x00\x12\x00\x00\x05\xf1\x10\xe1\x0c\x00\x00\x02#\x0b\x00\x1aa \x00\x00\x05\xf2\x10\xf6\x0f\x00\x00K\x80\x05\x00\x00\x07\x02?\x00\x00\x00\x05\x84\x05k\x10\x00\x00\x11\x12$\x00\x00\x00\x11\x92\x18\x00\x00\x01\x00\x1a\x83\x05\x00\x00\x05\x87\x05L\x10\x00\x000\x13\x0f\x00\x00\x04\x05\xcc\x16\x94\x10\x00\x00\x0f\x07(\x00\x00\x05\xcd\x16?\x08\x00\x00\x02#\x00\x00\x1a\x16\x0f\x00\x00\x05\xce\x16w\x10\x00\x000\x99\x08\x00\x00\x02\x05Q\x05\xcc\x10\x00\x00\x0f{\x10\x00\x00\x05R\x05\xd0\x03\x00\x00\x02#\x00\x0fD\r\x00\x00\x05S\x05w\x00\x00\x00\x02#\x01\x00\x1a\x9c\x08\x00\x00\x05T\x05\xa0\x10\x00\x00K\x89\x13\x00\x00\x07\x02?\x00\x00\x00\x05E\x05\xfd\x10\x00\x00\x11\xc1&\x00\x00\x00\x117\x04\x00\x00\x01\x11v\x0e\x00\x00\x02\x00\x1a\x8c\x13\x00\x00\x05I\x05\xd8\x10\x00\x000\x05\x1b\x00\x00\x02\x05K\x05&\x11\x00\x00\x0f\x8b(\x00\x00\x05L\x05\xfd\x10\x00\x00\x02#\x00\x00\x1a\x08\x1b\x00\x00\x05M\x05\t\x11\x00\x000B\x12\x00\x00\x03\x05=\x05m\x11\x00\x00\x0f \x0e\x00\x00\x05>\x05\xd1\x0b\x00\x00\x02#\x00Aodt\x00\x05?\x05\xe2\x0b\x00\x00\x02#\x01\x0f[\x17\x00\x00\x05@\x05+\x0c\x00\x00\x02#\x02\x00\x1aE\x12\x00\x00\x05A\x052\x11\x00\x00KO\x04\x00\x00\x07\x02?\x00\x00\x00\x051\x05\xaa\x11\x00\x00\x11\x02&\x00\x00\x00\x11$%\x00\x00\x01\x11\x04 \x00\x00\x02\x11v$\x00\x00\x03\x11\x16\x04\x00\x00\x04\x00\x1aR\x04\x00\x00\x057\x05y\x11\x00\x0008\x0c\x00\x00\x02\x059\x05\xd3\x11\x00\x00\x0f\x8b(\x00\x00\x05:\x05\xaa\x11\x00\x00\x02#\x00\x00\x1a;\x0c\x00\x00\x05;\x05\xb6\x11\x00\x000\x1d\t\x00\x00\x0c\x05X\x05\x1a\x12\x00\x00\x0f\xba\x17\x00\x00\x05Y\x05?\x08\x00\x00\x02#\x00\x0f\x91(\x00\x00\x05Z\x05?\x08\x00\x00\x02#\x04\x0f\xda!\x00\x00\x05[\x05?\x08\x00\x00\x02#\x08\x00\x1a \t\x00\x00\x05\\\x05\xdf\x11\x00\x000\xe6"\x00\x00 \x05_\x05\xd9\x12\x00\x00\x0f\x91)\x00\x00\x05a\x05\xd0\x03\x00\x00\x02#\x00\x0f\x8c)\x00\x00\x05b\x05\xd0\x03\x00\x00\x02#\x01\x0f\xa5$\x00\x00\x05c\x05\xd0\x03\x00\x00\x02#\x02\x0f\n\r\x00\x00\x05e\x05\xd3\x11\x00\x00\x02#\x03\x0f\x13\x0b\x00\x00\x05f\x05m\x11\x00\x00\x02#\x05\x0f\xd4\x04\x00\x00\x05i\x05&\x11\x00\x00\x02#\x08\x0f\x01\x15\x00\x00\x05l\x05*\x00\x00\x00\x02#\n\x0f|#\x00\x00\x05n\x05w\x00\x00\x00\x02#\x0cAmta\x00\x05s\x05\xf2\x0e\x00\x00\x02#\r\x0f\xa4\x05\x00\x00\x05u\x05\xcc\x10\x00\x00\x02#\x12\x0f\x19%\x00\x00\x05{\x05\x1a\x12\x00\x00\x02#\x14\x00\x1a\xe9"\x00\x00\x05}\x05&\x12\x00\x00\x17\xd9\x12\x00\x000\x86\x15\x00\x00\x04\x05\xae\x05%\x13\x00\x00\x0f\xec\x17\x00\x00\x05\xaf\x05\xe2\x0b\x00\x00\x02#\x00\x0f**\x00\x00\x05\xb0\x05*\x00\x00\x00\x02#\x01\x0f|#\x00\x00\x05\xb1\x05w\x00\x00\x00\x02#\x03\x00\x1a\x90\x15\x00\x00\x05\xb6\x05\xea\x12\x00\x00\x17%\x13\x00\x000\x97\x0e\x00\x00\t\x05\xcc\x05\x92\x13\x00\x00\x0f\xb4\'\x00\x00\x05\xcd\x05w\x00\x00\x00\x02#\x00\x99\x01\x08\x05\xce\x05\x82\x13\x00\x00x[\x17\x00\x00\x05\xcf\x05\xd5\x0c\x00\x00\x9a\x01odt\x00\x05\xd0\x05c\x0c\x00\x00x \x0e\x00\x00\x05\xd1\x05%\x13\x00\x00\x00\x0f\xc1"\x00\x00\x05\xd2\x05R\x13\x00\x00\x02#\x01\x00\x1a\x9a\x0e\x00\x00\x05\xd3\x056\x13\x00\x00\x1aQ\x1f\x00\x00\x05v\x12\xaa\x13\x00\x00\x9b\x01Q\x1f\x00\x00A\x05s\x12O\x1f\x00\x00\xdb\x13\x00\x00Alen\x00\x05t\x12w\x00\x00\x00\x02#\x00\x0f\xf0\t\x00\x00\x05u\x12\xdb\x13\x00\x00\x02#\x01\x002w\x00\x00\x00\xeb\x13\x00\x001?\x00\x00\x00?\x00\x1aA\x11\x00\x00\x05\xf2\x05\xfc\x13\x00\x00\x17\xeb\x13\x00\x00\x1b\x02\x02\x14\x00\x00\x9c\x01\x0e\x14\x00\x00\x1c\x0e\x14\x00\x00\x00\x1b\x02\xa6\x07\x00\x00\x17\x0e\x14\x00\x004\xb9&\x00\x00\x0c\x81)\x14\x00\x00J\x19\x14\x00\x00@\x04\x05p\x08\x00\x00ku16\x00\x10\x1e@\x14\x00\x00\x170\x14\x00\x00@\x02\x07_\t\x00\x004T\'\x00\x00\x12\x98W\x14\x00\x00\x17G\x14\x00\x00BT\'\x00\x00\x12\x12\x89R\'\x00\x00,\x15\x00\x00Clen\x00\x12\x8a\x17\x01\x00\x00\x02#\x00\x08\xb2"\x00\x00\x12\x8b\x17\x01\x00\x00\x02#\x01\x08,\x04\x00\x00\x12\x8c0\x14\x00\x00\x02#\x02\x08\\&\x00\x00\x12\x8d\x17\x01\x00\x00\x02#\x04\x08\xd5\x0c\x00\x00\x12\x8e\x17\x01\x00\x00\x02#\x05\x08\xe0\x1d\x00\x00\x12\x8f\x17\x01\x00\x00\x02#\x06\x08\x0e\x0c\x00\x00\x12\x90\x17\x01\x00\x00\x02#\x07\x08\x90\x19\x00\x00\x12\x910\x14\x00\x00\x02#\x08\x08\xef\x1f\x00\x00\x12\x920\x14\x00\x00\x02#\n\x08\x0f\t\x00\x00\x12\x930\x14\x00\x00\x02#\x0c\x08\xd0\x16\x00\x00\x12\x94\x17\x01\x00\x00\x02#\x0e\x08\x17&\x00\x00\x12\x95\x17\x01\x00\x00\x02#\x0f\x08\xad\x11\x00\x00\x12\x96\x17\x01\x00\x00\x02#\x10\x08y\x1d\x00\x00\x12\x97\x17\x01\x00\x00\x02#\x11\x004\xe0(\x00\x00\x12\xbf7\x15\x00\x00B\xe0(\x00\x00\x07\x12\xb8\xde(\x00\x00\x9c\x15\x00\x00Clen\x00\x12\xb9\x17\x01\x00\x00\x02#\x00\x08\xb2"\x00\x00\x12\xba\x17\x01\x00\x00\x02#\x01\x08\x06\x06\x00\x00\x12\xbb\x17\x01\x00\x00\x02#\x02\x08\xda\r\x00\x00\x12\xbc\x17\x01\x00\x00\x02#\x03\x08\xec\x08\x00\x00\x12\xbd0\x14\x00\x00\x02#\x04\x08\xda\x07\x00\x00\x12\xbe\x17\x01\x00\x00\x02#\x06\x004\\\x05\x00\x00\x12\xb4\xa7\x15\x00\x00B\\\x05\x00\x00\t\x12\xaaZ\x05\x00\x006\x16\x00\x00Clen\x00\x12\xab\x17\x01\x00\x00\x02#\x00\x08\xb2"\x00\x00\x12\xac\x17\x01\x00\x00\x02#\x01\x08\'"\x00\x00\x12\xad\x17\x01\x00\x00\x02#\x02\x08J\x1b\x00\x00\x12\xae\x17\x01\x00\x00\x02#\x03\x08\x8f\n\x00\x00\x12\xaf\x17\x01\x00\x00\x02#\x04\x08W\x07\x00\x00\x12\xb0\x17\x01\x00\x00\x02#\x05\x08\x85\x0e\x00\x00\x12\xb1\x17\x01\x00\x00\x02#\x06\x08\xb8\x14\x00\x00\x12\xb2\x17\x01\x00\x00\x02#\x07\x08[!\x00\x00\x12\xb3\x17\x01\x00\x00\x02#\x08\x004\xbb\'\x00\x00\x12\xd7A\x16\x00\x00B\xbb\'\x00\x00\x05\x12\xd1\xb9\'\x00\x00\x96\x16\x00\x00Clen\x00\x12\xd2\x17\x01\x00\x00\x02#\x00\x08\xb2"\x00\x00\x12\xd3\x17\x01\x00\x00\x02#\x01\x08\xdf\r\x00\x00\x12\xd4\x17\x01\x00\x00\x02#\x02Cd0\x00\x12\xd5\x17\x01\x00\x00\x02#\x03Cd1\x00\x12\xd6\x17\x01\x00\x00\x02#\x04\x004\xb4\x1b\x00\x00\x12\xf0\xa1\x16\x00\x00B\xb4\x1b\x00\x00\x04\x12\xeb\xb2\x1b\x00\x00\xea\x16\x00\x00Clen\x00\x12\xec\x17\x01\x00\x00\x02#\x00\x08\xb2"\x00\x00\x12\xed\x17\x01\x00\x00\x02#\x01\x08\xdf\r\x00\x00\x12\xee\x17\x01\x00\x00\x02#\x02\x08\xf9$\x00\x00\x12\xef\x17\x01\x00\x00\x02#\x03\x004\x9e\x06\x00\x00\x12\xe8\xf5\x16\x00\x00B\x9e\x06\x00\x00\x05\x12\xe2\x9c\x06\x00\x00L\x17\x00\x00Clen\x00\x12\xe3\x17\x01\x00\x00\x02#\x00\x08\xb2"\x00\x00\x12\xe4\x17\x01\x00\x00\x02#\x01\x08\xdf\r\x00\x00\x12\xe5\x17\x01\x00\x00\x02#\x02\x08\xf9$\x00\x00\x12\xe6\x17\x01\x00\x00\x02#\x03\x08P\x0c\x00\x00\x12\xe7\x17\x01\x00\x00\x02#\x04\x004\xde\x10\x00\x00\x12\xcdW\x17\x00\x00B\xde\x10\x00\x00\x08\x12\xc4\xdc\x10\x00\x00\xd8\x17\x00\x00Clen\x00\x12\xc5\x17\x01\x00\x00\x02#\x00\x08\xb2"\x00\x00\x12\xc6\x17\x01\x00\x00\x02#\x01\x08\x8c\x1f\x00\x00\x12\xc7\x17\x01\x00\x00\x02#\x02\x08\xf2\x14\x00\x00\x12\xc8\x17\x01\x00\x00\x02#\x03\x08-\x16\x00\x00\x12\xc9\x17\x01\x00\x00\x02#\x04\x08\xec\x10\x00\x00\x12\xca\x17\x01\x00\x00\x02#\x05\x08N\x10\x00\x00\x12\xcb\x17\x01\x00\x00\x02#\x06\x08[!\x00\x00\x12\xcc\x17\x01\x00\x00\x02#\x07\x00\x1a\xeb$\x00\x00\x12\x03\x01\xe9\x17\x00\x00\x17\xd8\x17\x00\x00B\xeb$\x00\x00B\x12\xf3\xe9$\x00\x00\x88\x18\x00\x00Ciad\x00\x12\xf5L\x17\x00\x00\x02#\x00Ccif\x00\x12\xf8\x9c\x15\x00\x00\x02#\x08\x08\xa2\x0c\x00\x00\x12\xf96\x16\x00\x00\x02#\x11\x08\x1a\x0c\x00\x00\x12\xfa\xea\x16\x00\x00\x02#\x16\x08\x8b*\x00\x00\x12\xfb\x96\x16\x00\x00\x02#\x1b\x08#\'\x00\x00\x12\xfc6\x16\x00\x00\x02#\x1f\x08O\x0e\x00\x00\x12\xfd,\x15\x00\x00\x02#$Adif\x00\x12\x00\x01\x9c\x15\x00\x00\x02#+Ain\x00\x12\x01\x01,\x15\x00\x00\x02#4Aout\x00\x12\x02\x01,\x15\x00\x00\x02#;\x000\x0c\n\x00\x00\x06\x05\xd5\x05\xe1\x18\x00\x00\x0f\xe1"\x00\x00\x05\xd6\x05\xfc\n\x00\x00\x02#\x00\x0f\xd2!\x00\x00\x05\xd7\x05w\x00\x00\x00\x02#\x02\x0f."\x00\x00\x05\xd8\x05w\x00\x00\x00\x02#\x03\x0f\x96\x11\x00\x00\x05\xd9\x05w\x00\x00\x00\x02#\x04\x0f\xaf\x0b\x00\x00\x05\xda\x05w\x00\x00\x00\x02#\x05\x00\x1a\x0f\n\x00\x00\x05\xdc\x05\x88\x18\x00\x00\x17\xe1\x18\x00\x004\n\x0b\x00\x00\x0c\x85\xfd\x18\x00\x00@\x08\x078\x1e\x00\x004N\x06\x00\x00\x12\xa4\x0f\x19\x00\x00BN\x06\x00\x00\t\x12\x9bL\x06\x00\x00\x90\x19\x00\x00Clen\x00\x12\x9c\x17\x01\x00\x00\x02#\x00\x08\xb2"\x00\x00\x12\x9d\x17\x01\x00\x00\x02#\x01\x08\x8a\n\x00\x00\x12\x9e0\x14\x00\x00\x02#\x02\x08\xa6\x12\x00\x00\x12\x9f\x17\x01\x00\x00\x02#\x04\x08*\x0c\x00\x00\x12\xa0\x17\x01\x00\x00\x02#\x05\x08)\x0c\x00\x00\x12\xa1\x17\x01\x00\x00\x02#\x06\x084#\x00\x00\x12\xa2\x17\x01\x00\x00\x02#\x07\x08 &\x00\x00\x12\xa3\x17\x01\x00\x00\x02#\x08\x00\'\xca\x1e\x00\x00\x05P\n\x01\xaa\x19\x00\x00\x0cmta\x00\x05P\n\xf2\x0e\x00\x00\x00\'\xcb\x0f\x00\x00\x05\xa8\n\x01(\x1a\x00\x00\x0clen\x00\x05\xa8\nw\x00\x00\x00\x0cb0\x00\x05\xa8\nw\x00\x00\x00\x0cb1\x00\x05\xa8\nw\x00\x00\x00\x0cb2\x00\x05\xa8\nw\x00\x00\x00\x0cb3\x00\x05\xa8\nw\x00\x00\x00\x0cb4\x00\x05\xa8\nw\x00\x00\x00\x0cb5\x00\x05\xa8\nw\x00\x00\x00\x0cb6\x00\x05\xa8\nw\x00\x00\x00\x0cb7\x00\x05\xa8\nw\x00\x00\x00\x05\x8c\r\x00\x00\x05\xa9\n\x94\x07\x00\x00\x00\'\xd1\x05\x00\x00\x05a\x15\x01d\x1a\x00\x00\x12\xba!\x00\x00\x05a\x15d\x1a\x00\x00\x12\xb0\x17\x00\x00\x05a\x15w\x00\x00\x00\x0clen\x00\x05a\x15?\x08\x00\x00\np\x00\x05b\x15\x94\x07\x00\x00\x00\x9d\x01\x02I\xfc\x10\x00\x00\x01\xdf\x17\x01\x00\x00\x01\x8d\x1a\x00\x005ep\x00\x01\xdf\x17\x01\x00\x00\x19\xc5 \x00\x00\x01\xe1-\n\x00\x00\x00I*\x17\x00\x00\x01\xfa\x0e\x03\x00\x00\x01\xb1\x1a\x00\x005ep\x00\x01\xfa\x17\x01\x00\x006c\x00\x01\xfc\x17\x01\x00\x00\x003\x9b\x05\x00\x00\x01\x0c\x01\x0e\x03\x00\x00\x01F\x1b\x00\x00\x0cep\x00\x01\x0c\x01\x17\x01\x00\x00\x0cd\x00\x01\x0c\x01F\x1b\x00\x00\x0clen\x00\x01\x0c\x01\x0e\x03\x00\x00\nr\x00\x01\x16\x01\x0e\x03\x00\x00\x05\xf0\t\x00\x00\x01\x17\x01S\x1b\x00\x00\x05Y\x12\x00\x00\x01\x18\x01\x17\x01\x00\x00\x05\xed\r\x00\x00\x01\x19\x01\xd0\x03\x00\x00\x1d\nn\x00\x01\x1d\x01\x17\x01\x00\x00\x1d\x05\xc5 \x00\x00\x01+\x01-\n\x00\x00\x1d\x05\xb3\x04\x00\x00\x019\x01*\x00\x00\x00\x05\x15#\x00\x00\x019\x01w\x00\x00\x00\x00\x00\x00\x00\x1b\x02Q\x1b\x00\x00\x17F\x1b\x00\x00\x9e\x01\x1b\x02!\x01\x00\x00I\xdb\x17\x00\x00\x06H\x0e\x03\x00\x00\x01u\x1b\x00\x00"\x8b\x04\x00\x00\x06Hu\x1b\x00\x00\x00\x1b\x02\x17\x01\x00\x003\xca%\x00\x00\x01\xca\x01\x0e\x03\x00\x00\x01\xbd\x1b\x00\x00\x0cd\x00\x01\xca\x01d\x1a\x00\x00\x0clen\x00\x01\xca\x01\x0e\x03\x00\x00\x05u#\x00\x00\x01\xcc\x01\x0e\x03\x00\x00\x1d\x05?\x1b\x00\x00\x01\xd1\x01\x0e\x03\x00\x00\x00\x00\'B\x06\x00\x00\x01\x97\x02\x01\xd6\x1b\x00\x00\x0cep\x00\x01\x97\x02\x17\x01\x00\x00\x00\x1b\x02\xab\x07\x00\x00\x17\xd6\x1b\x00\x00,\xb7\x07\x00\x00\x01\xef\x1b\x00\x00\xfa\x1b\x00\x00+b\x08\x00\x00\xdc\x1b\x00\x00\x01\x00S\xdb\x14\x00\x00\x02\x1d\x01\xe8\x1c\x00\x005pin\x00\x02\x1dw\x00\x00\x00"|#\x00\x00\x02\x1dw\x00\x00\x006bit\x00\x02\x1fw\x00\x00\x00\x19\xc8\x1a\x00\x00\x02 w\x00\x00\x006reg\x00\x02!\xe8\x1c\x00\x006out\x00\x02!\xe8\x1c\x00\x00DY\x1c\x00\x00\x19\r\x0e\x00\x00\x026w\x00\x00\x00\x00Dj\x1c\x00\x00\x19\r\x0e\x00\x00\x020w\x00\x00\x00\x00D{\x1c\x00\x00\x19\r\x0e\x00\x00\x02*w\x00\x00\x00\x00D\x97\x1c\x00\x00\x19\xb3\x04\x00\x00\x02\'*\x00\x00\x00\x19\x15#\x00\x00\x02\'*\x00\x00\x00\x00D\xb3\x1c\x00\x00\x19\xb3\x04\x00\x00\x02&*\x00\x00\x00\x19\x15#\x00\x00\x02&*\x00\x00\x00\x00D\xcf\x1c\x00\x00\x19\xb3\x04\x00\x00\x02 *\x00\x00\x00\x19\x15#\x00\x00\x02 w\x00\x00\x00\x00\x1d\x19\xb3\x04\x00\x00\x02\x1f*\x00\x00\x00\x19\x15#\x00\x00\x02\x1fw\x00\x00\x00\x00\x00\x1b\x02\x82\x00\x00\x00\x1b\x02\x92\x05\x00\x00\x17\xee\x1c\x00\x00,\xe4\x05\x00\x00\x01\x07\x1d\x00\x00\x17\x1d\x00\x00+b\x08\x00\x00\xf4\x1c\x00\x00\x01\x1c(\x05\x00\x00\x00\'\xcc\n\x00\x00\x05\xd4\x15\x01=\x1d\x00\x00\x12\x1c\x15\x00\x00\x05\xd4\x15*\x00\x00\x00\x123\r\x00\x00\x05\xd4\x15\xb7\x0f\x00\x00\x00\'w*\x00\x00\x051\x0b\x01c\x1d\x00\x00\x0cpdu\x00\x051\x0b\x14\x14\x00\x00\ncmd\x00\x052\x0b\x87\x00\x00\x00\x008!\x12\x00\x00\x01\x01y\x1d\x00\x005us\x00\x04x?\x00\x00\x00\x00S\xf4#\x00\x00\x04x\x01\x90\x1d\x00\x005us\x00\x04x?\x00\x00\x00\x00\'\xca(\x00\x00\x05&\x14\x01F\x1e\x00\x00\x12h&\x00\x00\x05&\x14w\x00\x00\x00\x05\x8b(\x00\x00\x05\'\x14F\x1e\x00\x00\x05 \x13\x00\x00\x05(\x14\xd1\x0b\x00\x00\x05\x98\x14\x00\x00\x05)\x14\xe2\x0b\x00\x00\npid\x00\x05*\x14\xe2\x0b\x00\x00\x05\xc4\x16\x00\x00\x05+\x14+\x0c\x00\x00\nodt\x00\x05,\x14L\x1e\x00\x00\x05\x8c\x1d\x00\x00\x05-\x14R\x1e\x00\x00\x05\xa3\x07\x00\x00\x05.\x14X\x1e\x00\x00\x05\xb8\x19\x00\x00\x05/\x14*\x00\x00\x00\x05\xf0\t\x00\x00\x050\x14\xdb\x13\x00\x00\x05\xa6\x13\x00\x00\x052\x14^\x1e\x00\x00\x05\xcd#\x00\x00\x053\x14?\x08\x00\x00\x05\xc6#\x00\x00\x054\x14\xd0\x03\x00\x00\x00\x1b\x02\xe5\x12\x00\x00\x1b\x02o\x0c\x00\x00\x1b\x02\xd5\x0c\x00\x00\x1b\x02&\x0c\x00\x00\x1b\x02\x9f\x0f\x00\x00I*\x17\x00\x00\x01\xe7\x0e\x03\x00\x00\x01\xb2\x1e\x00\x005ep\x00\x01\xe7\x17\x01\x00\x005d\x00\x01\xe7d\x1a\x00\x005len\x00\x01\xe7\x0e\x03\x00\x00\x19\xc5 \x00\x00\x01\xec-\n\x00\x006n\x00\x01\xed\x17\x01\x00\x006dst\x00\x01\xf0u\x1b\x00\x00\x00S\xae)\x00\x00\x02\x8a\x01x\x1f\x00\x005pin\x00\x02\x8aw\x00\x00\x005val\x00\x02\x8aw\x00\x00\x00\x19\x94\x16\x00\x00\x02\x8cw\x00\x00\x006bit\x00\x02\x8dw\x00\x00\x00\x19\xc8\x1a\x00\x00\x02\x8ew\x00\x00\x006out\x00\x02\x8f\xe8\x1c\x00\x00\x19\r\x0e\x00\x00\x02\x99w\x00\x00\x00D\'\x1f\x00\x00\x19\xb3\x04\x00\x00\x02\x97*\x00\x00\x00\x19\x15#\x00\x00\x02\x97*\x00\x00\x00\x00DC\x1f\x00\x00\x19\xb3\x04\x00\x00\x02\x8e*\x00\x00\x00\x19\x15#\x00\x00\x02\x8ew\x00\x00\x00\x00D_\x1f\x00\x00\x19\xb3\x04\x00\x00\x02\x8d*\x00\x00\x00\x19\x15#\x00\x00\x02\x8dw\x00\x00\x00\x00\x1d\x19\xb3\x04\x00\x00\x02\x8c*\x00\x00\x00\x19\x15#\x00\x00\x02\x8cw\x00\x00\x00\x00\x003\xb2\x07\x00\x00\x01\x03\x01\x17\x01\x00\x00\x01\xa1\x1f\x00\x00\x0cep\x00\x01\x03\x01\x17\x01\x00\x00\x05\xc5 \x00\x00\x01\x05\x01-\n\x00\x00\x00Sj\x13\x00\x00\x04j\x01\xc3\x1f\x00\x005ms\x00\x04j(\x05\x00\x00\x19\xf7\x03\x00\x00\x04l?\x08\x00\x00\x00\x1b\x025\t\x00\x00\x17\xc3\x1f\x00\x00,\x8a\t\x00\x00\x03\xdc\x1f\x00\x00\x08 \x00\x00+b\x08\x00\x00\xc9\x1f\x00\x00\x01"\x19\x1e\x00\x00\x08\x86*\x00\x00\x00"x\x04\x00\x00\x08\x86*\x00\x00\x00\x1d6i\x00\x08\x87\x0e\x03\x00\x00\x00\x00,\xad\t\x00\x00\x03\x16 \x00\x00M \x00\x00+b\x08\x00\x00\xc9\x1f\x00\x00\x01"\xc7\n\x00\x00\x08o-\x03\x00\x00"}&\x00\x00\x08o*\x00\x00\x00"\x8b\x19\x00\x00\x08o*\x00\x00\x00"\x96\x17\x00\x00\x08o\xd0\x03\x00\x00\x003`\r\x00\x00\x05\xf4\x0f?\x08\x00\x00\x01\x8b \x00\x00\x0cpdu\x00\x05\xf4\x0f\x14\x14\x00\x00\x12\xfd\x03\x00\x00\x05\xf4\x0fw\x00\x00\x00\nh\x00\x05\xf5\x0f*\x00\x00\x00\nl\x00\x05\xf6\x0f*\x00\x00\x00\x00,\x00\x06\x00\x00\x03\x99 \x00\x00\xa4 \x00\x00+b\x08\x00\x00\xf4\x1c\x00\x00\x01\x00\x1b\x026\x01\x00\x00\x17\xa4 \x00\x00]\x023\x03\x00\x00,o\x01\x00\x00\x03\xc3 \x00\x00\xd9 \x00\x00+b\x08\x00\x00\xaa \x00\x00\x01"M$\x00\x00\x05^\xaf \x00\x00\x00\x1b\x02\xd7\x03\x00\x00\x17\xd9 \x00\x00,;\x04\x00\x00\x03\xf2 \x00\x00)!\x00\x00+b\x08\x00\x00\xdf \x00\x00\x01"\xc7\n\x00\x00\x08\x95-\x03\x00\x00"L\'\x00\x00\x08\x95*\x00\x00\x00"t\x19\x00\x00\x08\x95\xe2\x04\x00\x00"\xf0\x0c\x00\x00\x08\x95\xd0\x03\x00\x00\x00,\x8b\x01\x00\x00\x037!\x00\x00M!\x00\x00+b\x08\x00\x00\xaa \x00\x00\x01"\x19\x1e\x00\x00\x05R+\x01\x00\x00\x00,0\x02\x00\x00\x03[!\x00\x00|!\x00\x00+b\x08\x00\x003\x03\x00\x00\x015min\x00\x08,*\x00\x00\x005max\x00\x08,*\x00\x00\x00\x00\x1b\x028\x03\x00\x00\x17|!\x00\x00,_\x03\x00\x00\x03\x95!\x00\x00\xb6!\x00\x00+b\x08\x00\x00\x82!\x00\x00\x015min\x00\x08U*\x00\x00\x005max\x00\x08U*\x00\x00\x00\x008\xef\x1d\x00\x00\x01\x01\xd8!\x00\x00"q\x14\x00\x00\x08\xc5\x0e\x03\x00\x00"r\x11\x00\x00\x08\xc5\x0e\x03\x00\x00\x00\x1b\x02-\n\x00\x00\x17\xd8!\x00\x00,H\n\x00\x00\x03\xf1!\x00\x00\x06"\x00\x00+b\x08\x00\x00\xde!\x00\x00\x015ep\x00\x01\xd3\x17\x01\x00\x00\x00>x\x1f\x00\x00\x10\x02\x00\x002\x02\x00\x00\x03\x92 \x02\x01\x9e"\x00\x00\x04\x94\x1f\x00\x00\x00\x00\x00\x00\x0b\x89\x1f\x00\x00\x03\x02\xe3!\x00\x00\x10\x02\x00\x00\x1a\x02\x00\x00\x01\x05\x01g"\x00\x00\x01\xfb!\x00\x00\x15\x00\x00\x00\x01\xf1!\x00\x00)\x00\x00\x00)\x9e"\x00\x00\x14\x02\x00\x00\x1a\x02\x00\x00\x01\xd6\x0eA\x00\x00\x00\x00\x00\x16\xa6"\x00\x00\x1a\x02\x00\x00\x1e\x02\x00\x00\x01\x06\x01\x16\xb2"\x00\x00&\x02\x00\x00*\x02\x00\x00\x01\x08\x01\x15\xbe"\x00\x00.\x02\x00\x000\x02\x00\x00\x01\x05\x01\x0eU\x00\x00\x00\x00\x00;W\x11\x00\x00\x01\x8f\x03^I\x05\x00\x00\x01\xa8\x17\x01\x00\x00\x03^\x04)\x00\x00\x01\x94\x17\x01\x00\x00\x03Yd\n\x00\x00\x03S\x13\x1c\x00\x00\x02K\x01\xdc"\x00\x00"\x94\x16\x00\x00\x02Kw\x00\x00\x00\x00>\xb2\x1e\x00\x002\x02\x00\x00\n\x03\x00\x00\x03\x92 \x02\x01\xd6#\x00\x00_\xc9\x1e\x00\x00\x01h\x04\xd4\x1e\x00\x00m\x00\x00\x00\x04\xdf\x1e\x00\x00\x0f\x01\x00\x00\x04\xea\x1e\x00\x00;\x01\x00\x00\x04\xf5\x1e\x00\x00Y\x01\x00\x00\x04\x00\x1f\x00\x00\x81\x01\x00\x00\x0b\xbe\x1e\x00\x00\rL_\x1f\x00\x002\x02\x00\x008\x02\x00\x00P#\x00\x00\x04`\x1f\x00\x00\x9f\x01\x00\x00\x04k\x1f\x00\x00m\x00\x00\x00\x00LC\x1f\x00\x008\x02\x00\x00>\x02\x00\x00t#\x00\x00\x04H\x1f\x00\x00\xb7\x01\x00\x00\x04S\x1f\x00\x00\x0f\x01\x00\x00\x00L\'\x1f\x00\x00>\x02\x00\x00D\x02\x00\x00\x98#\x00\x00\x04,\x1f\x00\x00\xcf\x01\x00\x00\x047\x1f\x00\x00;\x01\x00\x00\x00E\xc4"\x00\x00N\x02\x00\x00\x00\x00\x00\x00\x02\x95\xb5#\x00\x00\x01\xd0"\x00\x00\xe7\x01\x00\x00\x00=\x0b\x1f\x00\x00\x88\x02\x00\x00\x98\x02\x00\x00\x04\x10\x1f\x00\x00\x89\x02\x00\x00\x04\x1b\x1f\x00\x00Y\x01\x00\x00\x00\x00^X \x00\x00\x01\x82\x17\x01\x00\x00\x03>d\x1e\x00\x00\n\x03\x00\x00^\x03\x00\x00\x03\x92 \x02\x01\xb8$\x00\x00\x01~\x1e\x00\x00\xa1\x02\x00\x00\x04\x92\x1e\x00\x00\xc9\x02\x00\x00\x04\x9d\x1e\x00\x00\xde\x02\x00\x00\x04\xa6\x1e\x00\x00\xf3\x02\x00\x00\x01\x87\x1e\x00\x00\x18\x03\x00\x00\x0bt\x1e\x00\x00\x02<\xe3!\x00\x00\x14\x03\x00\x00\x1e\x03\x00\x00\x01\xecf$\x00\x00\x01\xfb!\x00\x00H\x03\x00\x00\x01\xf1!\x00\x00\\\x03\x00\x00)\x9e"\x00\x00\x18\x03\x00\x00\x1e\x03\x00\x00\x01\xd6\x0et\x03\x00\x00\x00\x00T\xb2"\x00\x00\x1e\x03\x00\x00"\x03\x00\x00\x01\xedT\xd6#\x00\x004\x03\x00\x00@\x03\x00\x00\x01\xf2T\xb2"\x00\x00F\x03\x00\x00J\x03\x00\x00\x01\xf3T\xb8$\x00\x00N\x03\x00\x00T\x03\x00\x00\x01\xf4)\xbe"\x00\x00T\x03\x00\x00X\x03\x00\x00\x01\xec\x0e\x88\x03\x00\x00\x00\x00;\x12)\x00\x00\x01\xb7\x03ex\x06\x00\x00\x01\x01I\xcc\x19\x00\x00\x03d\xe9$\x00\x00\x01\xe9$\x00\x00fobj\x00\x03f\x07\x0b\x00\x00\x05\x03\x84\x07\x80\x00\x00]\x02\x07\x0b\x00\x00>\xc7$\x00\x00^\x03\x00\x00\x86\x03\x00\x00\x03\x92 \x02\x01\x17%\x00\x00)"%\x00\x00f\x03\x00\x00z\x03\x00\x00\x03f$\x00\x00\x1b\x02\x07\x0b\x00\x00\x17\x17%\x00\x00Y@\x0b\x00\x00\x01y2\n\x00\x00\x04O(\x05\x00\x00\x86\x03\x00\x00\xd0\x03\x00\x00\x03\x92 \x02\x01m%\x00\x00mm\x00\x04P(\x05\x00\x00\xa0\x03\x00\x00\x9f\x01\r\x0e\x00\x00\x04Qw\x00\x00\x00\xbe\x03\x00\x00ft\x00\x04Qw\x00\x00\x00\x01b\x00;\x10\x12\x00\x00\x13\x1c\x01Z\xa1\x1f\x00\x00\xd0\x03\x00\x00\x00\x04\x00\x00\xdd\x03\x00\x00\x01\xad%\x00\x00\x04\xb7\x1f\x00\x00&\x04\x00\x00\x0b\xad\x1f\x00\x00\x01\x18\xdc\x03\x00\x00(%\x00\x00\x18\xe4\x03\x00\x00(%\x00\x00\x00y\xd5\x10\x00\x00\x04A(\x05\x00\x00\x00\x04\x00\x00\x18\x04\x00\x00\x03\x92 \x02\x01\xed%\x00\x00fm\x00\x04C(\x05\x00\x00\x0cf\x93\x01g\x93\x01h\x93\x01i\x93\x01#\r\x0e\x00\x00\x04Dw\x00\x00\x00\x01b\x00\xa0\x01\xaa\x19\x00\x00\x05O\x16\x18\x04\x00\x00B\x04\x00\x00\x03\x92 \x02\x01^;\x16\x00\x00\x01m\x17\x01\x00\x00\x03n\x00\n\x00\x00\x01\x9b\x01\xd0\x03\x00\x00B\x04\x00\x00\x9e\x04\x00\x00\x03\x92 \x02\x01~&\x00\x00%d\x00\x01\x9b\x01\x17\x01\x00\x00D\x04\x00\x00\x16\x03&\x00\x00X\x04\x00\x00d\x04\x00\x00\x01\x9f\x01\x02~&\x00\x00h\x04\x00\x00l\x04\x00\x00\x01\xa1\x01m&\x00\x00\rd\x00\x01\x9b\x01\x17\x01\x00\x00\x8a\x04\x00\x00\x00\x16\x86&\x00\x00~\x04\x00\x00\x84\x04\x00\x00\x01\xa3\x01\x00;\xcf\x0f\x00\x00\x01\x8a\x03;2\x1d\x00\x00\x01b\x03o\xa0\x18\x00\x00\x01\xbb\x01\xd0\x03\x00\x00\x9e\x04\x00\x00\x04\x05\x00\x00\x9d\x04\x00\x00\x01\x7f\'\x00\x00U>\x08\x00\x00\x01\xbb\x01S\x1b\x00\x00\x00\x05\x00\x00U\x91\x06\x00\x00\x01\xbb\x01\x17\x01\x00\x00&\x05\x00\x00U\xe7\r\x00\x00\x01\xbb\x01w\x00\x00\x00R\x05\x00\x00\rpgm\x00\x01\xbe\x01\xd0\x03\x00\x00\x89\x05\x00\x00z\x18\x00\x00\x00Y\'\x00\x00\ri\x00\x01\xbf\x01\x17\x01\x00\x00\xc5\x05\x00\x00\x1e0\x00\x00\x00\rr\x00\x01\xc0\x01\xd0\x03\x00\x00\r\x06\x00\x00p\xd6\x04\x00\x00\xda\x04\x00\x00?\'\x00\x00\x07\xb3\x04\x00\x00\x01\xc0\x01*\x00\x00\x00+\x06\x00\x00\x05\x15#\x00\x00\x01\xc0\x01w\x00\x00\x00\x00\x18\xde\x04\x00\x00\x0f&\x00\x00*\xe6\x04\x00\x00\x0f&\x00\x00\x03\x01h\x010\x00\x00\x00.\xbc\x04\x00\x00\x0f&\x00\x00o\'\x00\x00\x03\x01h\x04~\x011$\x00*\xc2\x04\x00\x00\x0f&\x00\x00\x03\x01h\x013\x00\x00o\xfc\t\x00\x00\x01\xaa\x01\x0e\x03\x00\x00\x04\x05\x00\x00P\x05\x00\x00C\x06\x00\x00\x01B(\x00\x00U\xe7\r\x00\x00\x01\xaa\x01\x17\x01\x00\x00\xb3\x06\x00\x00%d\x00\x01\xaa\x01F\x1b\x00\x00\xea\x06\x00\x00%len\x00\x01\xaa\x01\x0e\x03\x00\x00\x10\x07\x00\x00\x07\xc1\x14\x00\x00\x01\xac\x01\x0e\x03\x00\x00f\x07\x00\x00\x07\xf0\t\x00\x00\x01\xad\x01S\x1b\x00\x00\xac\x07\x00\x00\rpgm\x00\x01\xae\x01\xd0\x03\x00\x00\xfe\x07\x00\x00\x1eH\x00\x00\x00\rc\x00\x01\xb1\x01\x17\x01\x00\x00K\x08\x00\x00p(\x05\x00\x00,\x05\x00\x007(\x00\x00\x07\xb3\x04\x00\x00\x01\xb1\x01*\x00\x00\x00^\x08\x00\x00\x05\x15#\x00\x00\x01\xb1\x01w\x00\x00\x00\x00\x180\x05\x00\x00\x0f&\x00\x00\x00\x00,W\x0b\x00\x00\x01P(\x00\x00\x89(\x00\x00+b\x08\x00\x00\x1d%\x00\x00\x01"\xf2\x14\x00\x00\x03\x1c\x94\x07\x00\x00\x19\xc1\x14\x00\x00\x03\x1e\x0e\x03\x00\x00\x19U\x0e\x00\x00\x03\x1f\x01\x0b\x00\x00\x1d6res\x00\x03!\x0e\x03\x00\x00\x00\x00o\xe1\t\x00\x00\x01\xdf\x01\x17\x01\x00\x00P\x05\x00\x00\xb2\x05\x00\x00v\x08\x00\x00\x01x)\x00\x00\x1f;\x07\x00\x00\x01\xe1\x01\x17\x01\x00\x00\x02\x8c\x01\x02Y\x1b\x00\x00^\x05\x00\x00p\x05\x00\x00\x01\xe4\x01\xfc(\x00\x00\x01i\x1b\x00\x00\xd8\x08\x00\x00*p\x05\x00\x00\x7f\'\x00\x00\x03\x01h\x02\t\x80\x03\x06f\x93\x01g\x93\x01\x05\x03\xca\x00\x00\x00\x03\x06d\x93\x01e\x93\x01\x02\x08B\x00\x00\x02B(\x00\x00t\x05\x00\x00\xa4\x05\x00\x00\x01\xe8\x01n)\x00\x00\x13Z(\x00\x00\x01P(\x00\x00\xed\x08\x00\x00\tt\x05\x00\x00\xa4\x05\x00\x00\x04e(\x00\x00\x05\t\x00\x00\x04p(\x00\x00\x19\t\x00\x00={(\x00\x00\x82\x05\x00\x00\x9c\x05\x00\x00\x04|(\x00\x001\t\x00\x00?\x98\x05\x00\x00\x03\x06h\x93\x01i\x93\x01\x02\x80\x00\x03\x06f\x93\x01g\x93\x01\x02\x8c\x01\x00\x00\x00\x00\x18t\x05\x00\x00\xc7$\x00\x00\x00\xa1\x01.\x17\x00\x00\x01y\xb2\x05\x00\x00\xcc\x05\x00\x00\x03\x92 \x02\x01\xb0)\x00\x00`\xf0\t\x00\x00\x01y\xb0)\x00\x00I\t\x00\x00`\x81\x1c\x00\x00\x01y\x17\x01\x00\x00\xaa\t\x00\x00\x00\x1b\x02&\x01\x00\x00\xa2\x01\x17\x06\x00\x00\x06\xe4\x01\xc7)\x00\x00\xf3)\x00\x00+b\x08\x00\x00\xf4\x1c\x00\x00\x01"o$\x00\x00\x06\xe4\xf6\n\x00\x00"\x19\x1e\x00\x00\x06\xe4+\x01\x00\x00\x1d6r\x00\x06\xf0\x0e\x03\x00\x00\x00\x00,D\x06\x00\x00\x01\x01*\x00\x00:*\x00\x00+b\x08\x00\x00\xf4\x1c\x00\x00\x01"o$\x00\x00\x06\xe4\xf6\n\x00\x00"\x19\x1e\x00\x00\x06\xe4+\x01\x00\x00\x1d\x13\xdc)\x00\x00\x13\xd1)\x00\x00\x13\xc7)\x00\x00\x1d\x06\xe8)\x00\x00\x00\x00\x00q\xf3)\x00\x00\xcc\x05\x00\x00\xce\x06\x00\x00\xd6\t\x00\x00T*\x00\x00\x01\xff+\x00\x00\x01\x01*\x00\x00\x87\n\x00\x00\x01\x0b*\x00\x00\xbd\n\x00\x00\x01\x16*\x00\x00\xe3\n\x00\x00F\xb6)\x00\x00`\x00\x00\x00\x01\xdc)\x00\x00\x19\x0b\x00\x00\x01\xd1)\x00\x00A\x0b\x00\x00\x01\xc7)\x00\x00g\x0b\x00\x00F\xe7)\x00\x00`\x00\x00\x00\x06\xe8)\x00\x00E\xb1\x1a\x00\x00\xf4\x05\x00\x00x\x00\x00\x00\x06\xf0\xe2+\x00\x00\x01\xc2\x1a\x00\x00\x7f\x0b\x00\x00\x01\xd7\x1a\x00\x00\x93\x0b\x00\x00\x01\xcd\x1a\x00\x00\xbb\x0b\x00\x00\x1ex\x00\x00\x00\x06\xe3\x1a\x00\x00\x04\xed\x1a\x00\x00\xe1\x0b\x00\x00\x04\xf9\x1a\x00\x006\x0c\x00\x00\x04\x05\x1b\x00\x00I\x0c\x00\x00F\x11\x1b\x00\x00\x90\x00\x00\x00\x04\x12\x1b\x00\x00r\x0c\x00\x00g\x1c\x1b\x00\x00\xa8\x00\x00\x00\xcd+\x00\x00\x04\x1d\x1b\x00\x00\xa6\x0c\x00\x00&\xe3!\x00\x00\x18\x06\x00\x00\xc0\x00\x00\x00\x01+\x01X+\x00\x00\x01\xfb!\x00\x00\xc8\x0c\x00\x00\x01\xf1!\x00\x00\xdc\x0c\x00\x00h\x9e"\x00\x00\x18\x06\x00\x00\xd8\x00\x00\x00\x01\xd6\x0e\xf4\x0c\x00\x00\x00\x00{\xff+\x00\x00\x1c\x06\x00\x00\xf0\x00\x00\x00\x01E\x01\x16\xa6"\x00\x00N\x06\x00\x00R\x06\x00\x00\x01-\x01\x02\xbe"\x00\x00V\x06\x00\x00Z\x06\x00\x00\x01+\x01\x92+\x00\x00\x0e\x08\r\x00\x00\x00\x02~&\x00\x00j\x06\x00\x00t\x06\x00\x00\x01>\x01\xac+\x00\x00\x0e \r\x00\x00\x00\x16\xff+\x00\x00x\x06\x00\x00|\x06\x00\x00\x01B\x01\x16\xa6"\x00\x00\x80\x06\x00\x00\x84\x06\x00\x00\x01D\x01\x00\x18,\x06\x00\x00\x06"\x00\x00\x18:\x06\x00\x00u%\x00\x00\x00\x00\x00)\r,\x00\x00\xa4\x06\x00\x00\xae\x06\x00\x00\x06\xf4\x0e3\r\x00\x00\x0eK\r\x00\x00\x00\x00\x00\x00;l\x04\x00\x00\x01\xbc\x03\x1b\x02g\x05\x00\x00Yr\x05\x00\x00\x03aq\x06\x00\x00\xce\x06\x00\x00\xfa\x06\x00\x00_\r\x00\x00-,\x00\x00\x01q,\x00\x00:b\x08\x00\x00\xf4\x1c\x00\x00\x01\xa7\r\x00\x00\xa3\x01c\x00\x06\xdfw\x00\x00\x00\xcd\r\x00\x00?\xf2\x06\x00\x00\x03\x06h\x93\x01i\x93\x01\x03\xf3\x01h\x03\x06f\x93\x01g\x93\x01\x02\x8c\x01\x03\x06d\x93\x01e\x93\x01\x011\x00\x00b\x99\x06\x00\x00\xfa\x06\x00\x00\x10\x07\x00\x00\x03\x92 \x02\x8b,\x00\x00\x01\xed,\x00\x00:b\x08\x00\x00\xf4\x1c\x00\x00\x01\xec\r\x00\x00)\xbd\x1b\x00\x00\xfa\x06\x00\x00\x0e\x07\x00\x00\x06\xdc\x01\xca\x1b\x00\x00\x12\x0e\x00\x00\x02\x9e"\x00\x00\xfa\x06\x00\x00\x00\x07\x00\x00\x01\x99\x02\xcb,\x00\x00\x0e&\x0e\x00\x00\x00\x16\xb2"\x00\x00\x00\x07\x00\x00\x04\x07\x00\x00\x01\x9a\x02\x16\xff+\x00\x00\x08\x07\x00\x00\x0e\x07\x00\x00\x01\x9b\x02\x00\x00b\xb8\x06\x00\x00\x10\x07\x00\x00\x18\x07\x00\x00\x03\x92 \x02\x07-\x00\x00\x01\x1f-\x00\x00:b\x08\x00\x00\xf4\x1c\x00\x00\x01:\x0e\x00\x00\x18\x14\x07\x00\x00\x06"\x00\x00\x00|\xdb\x06\x00\x00\x06\xcb\x016-\x00\x00}b\x08\x00\x00\xf4\x1c\x00\x00\x01\x00,\xe6\x06\x00\x00\x01D-\x00\x00e-\x00\x00+b\x08\x00\x00\xf4\x1c\x00\x00\x01DY-\x00\x00\x06+-\x00\x00\x00\x1d6c\x00\x06\xce\x0e\x03\x00\x00\x00\x00q6-\x00\x00\x18\x07\x00\x00T\x07\x00\x00`\x0e\x00\x00\x7f-\x00\x00\x01\xef-\x00\x00\x01D-\x00\x00\xa8\x0e\x00\x00p,\x07\x00\x004\x07\x00\x00\x9f-\x00\x00\x04Z-\x00\x00\xfc\x0e\x00\x00\x00\t<\x07\x00\x00N\x07\x00\x00\x06+-\x00\x00)\x8d\x1a\x00\x00<\x07\x00\x00N\x07\x00\x00\x06\xd2\x01\x9d\x1a\x00\x00\x14\x0f\x00\x00\t<\x07\x00\x00N\x07\x00\x00P\xa7\x1a\x00\x00\x02\x8c\x01*D\x07\x00\x00\xe2#\x00\x00\x03\x06h\x93\x01i\x93\x01\x02\x8c\x01\x00\x00\x00\x00\x00a\t\x07\x00\x00T\x07\x00\x00\x9c\x07\x00\x00(\x0f\x00\x00\t.\x00\x00\x01X.\x00\x00:b\x08\x00\x00\xf4\x1c\x00\x00\x01\x8a\x0f\x00\x00)\x8d\x1a\x00\x00n\x07\x00\x00~\x07\x00\x00\x06\xc7\x01\x9d\x1a\x00\x00\xd2\x0f\x00\x00\tn\x07\x00\x00~\x07\x00\x00P\xa7\x1a\x00\x00\x02\x8c\x01*v\x07\x00\x00\xe2#\x00\x00\x03\x06h\x93\x01i\x93\x01\x02\x8c\x01\x00\x00\x00\x00|,\x07\x00\x00\x06\xbc\x01o.\x00\x00}b\x08\x00\x00\xf4\x1c\x00\x00\x01\x00,7\x07\x00\x00\x01}.\x00\x00\x8f.\x00\x00+b\x08\x00\x00\xf4\x1c\x00\x00\x01\x1d\x06d.\x00\x00\x00\x00\xa4\x01o.\x00\x00\x9c\x07\x00\x00\xd0\x07\x00\x00\x03\x92 \x02\xaa.\x00\x00\x01\xdd/\x00\x00\x01}.\x00\x00\xf2\x0f\x00\x00<g\x1a\x00\x00\xa6\x07\x00\x00\xb6\x07\x00\x00\x06\xbfB/\x00\x00\x01w\x1a\x00\x00\x1a\x10\x00\x00\t\xa6\x07\x00\x00\xb6\x07\x00\x00\x04\x81\x1a\x00\x00.\x10\x00\x00<\xe3!\x00\x00\xa6\x07\x00\x00\xb0\x07\x00\x00\x01\xe1\x1c/\x00\x00\x01\xfb!\x00\x00C\x10\x00\x00\x01\xf1!\x00\x00W\x10\x00\x00)\x9e"\x00\x00\xaa\x07\x00\x00\xb0\x07\x00\x00\x01\xd6\x0eo\x10\x00\x00\x00\x00T\xb2"\x00\x00\xb0\x07\x00\x00\xb4\x07\x00\x00\x01\xe2)\xbe"\x00\x00\xb4\x07\x00\x00\xb6\x07\x00\x00\x01\xe1\x0e\x83\x10\x00\x00\x00\x00\x00\t\xbc\x07\x00\x00\xce\x07\x00\x00\x06d.\x00\x00)g\x1a\x00\x00\xbc\x07\x00\x00\xcc\x07\x00\x00\x06\xc1\x01w\x1a\x00\x00\x9b\x10\x00\x00\t\xbc\x07\x00\x00\xcc\x07\x00\x00\x04\x81\x1a\x00\x00\xaf\x10\x00\x00<\xe3!\x00\x00\xbc\x07\x00\x00\xc6\x07\x00\x00\x01\xe1\xb5/\x00\x00\x01\xfb!\x00\x00\xc4\x10\x00\x00\x01\xf1!\x00\x00\xd8\x10\x00\x00)\x9e"\x00\x00\xc0\x07\x00\x00\xc6\x07\x00\x00\x01\xd6\x0e\xf0\x10\x00\x00\x00\x00T\xb2"\x00\x00\xc6\x07\x00\x00\xca\x07\x00\x00\x01\xe2)\xbe"\x00\x00\xca\x07\x00\x00\xcc\x07\x00\x00\x01\xe1\x0e\x04\x11\x00\x00\x00\x00\x00\x00\x00,Q\x02\x00\x00\x03\xeb/\x00\x00\xf6/\x00\x00+b\x08\x00\x003\x03\x00\x00\x01\x00]\x02\x030\x00\x00@\x02\x07B\x1e\x00\x00\x17\xfc/\x00\x00,\xa7\x01\x00\x00\x03\x160\x00\x0070\x00\x00+b\x08\x00\x00\xaa \x00\x00\x01"x\x04\x00\x00\x05n\xf6/\x00\x00\x1d6i\x00\x05o+\x01\x00\x00\x00\x00~\x80\x03\x00\x00\xd0\x07\x00\x00R\x08\x00\x00\x1c\x11\x00\x00Q0\x00\x00\x01\xa60\x00\x00:b\x08\x00\x00\x82!\x00\x00\x01e\x11\x00\x00)\xdd/\x00\x00\xfe\x07\x00\x002\x08\x00\x00\x08f\x13\xeb/\x00\x00)\x080\x00\x00\xfe\x07\x00\x002\x08\x00\x00\x08?\x13 0\x00\x00\x13\x160\x00\x00=+0\x00\x00\xfe\x07\x00\x002\x08\x00\x00\x04,0\x00\x00\x9b\x11\x00\x00\x00\x00\x00\x00bh\x02\x00\x00R\x08\x00\x00T\x08\x00\x00\x03\x92 \x02\xc00\x00\x00\x01\xe50\x00\x00\x7fb\x08\x00\x003\x03\x00\x00\x01\x06h\x93\x01i\x93\x01\xa5\x01x\x04\x00\x00\x08G*\x00\x00\x00\x06f\x93\x01g\x93\x01\x00b\x8c\x02\x00\x00T\x08\x00\x00V\x08\x00\x00\x03\x92 \x02\xff0\x00\x00\x01\x111\x00\x00\x7fb\x08\x00\x003\x03\x00\x00\x01\x06h\x93\x01i\x93\x01\x003_\x0c\x00\x00\x05\x8b\x13X\x1e\x00\x00\x01:1\x00\x00\x12 \x13\x00\x00\x05\x8b\x13\xd1\x0b\x00\x00\ndl\x00\x05\x93\x13:1\x00\x00\x00\x1b\x021\x13\x00\x00n\x9c\x1d\x00\x00\x05\xd3\x14\xd0\x03\x00\x00V\x08\x00\x00\xa6\x08\x00\x00\x03\x92 \x02\x01\xeb1\x00\x00U \x13\x00\x00\x05\xd3\x14\xd1\x0b\x00\x00\xc3\x11\x00\x00\x80\x01\xd1"\x00\x00\x05\xd3\x14\xeb1\x00\x00\x06f\x93\x01g\x93\x01\x07\x17\x19\x00\x00\x05\xd4\x14\xd1\x0b\x00\x00\xfd\x11\x00\x00\x07 \x0e\x00\x00\x05\xd5\x14X\x1e\x00\x00(\x12\x00\x00\x07\x17#\x00\x00\x05\xd6\x14\xd0\x03\x00\x00H\x12\x00\x00\rtmp\x00\x05\xd7\x14\xe2\x0b\x00\x00s\x12\x00\x00M\x111\x00\x00~\x08\x00\x00\x08\x01\x00\x00\x05\xdd\x14\x01"1\x00\x00\x9e\x12\x00\x00\x1e\x08\x01\x00\x00\x04.1\x00\x00\xb1\x12\x00\x00\x00\x00\x00\x1b\x02\xe2\x0b\x00\x00\'\x1c)\x00\x00\x05\xb9\x14\x01#2\x00\x00\x12\xcd\x03\x00\x00\x05\xb9\x14\xec\r\x00\x00\nidx\x00\x05\xba\x14\xd1\x0b\x00\x00\x05\x8c\x1d\x00\x00\x05\xbb\x14^\x1e\x00\x00\x00/T\x1b\x00\x00\x05\x93\x14\xa6\x08\x00\x00\xc2\x08\x00\x00\x03\x92 \x02\x01\x902\x00\x00M\xf11\x00\x00\xa6\x08\x00\x00 \x01\x00\x00\x05\x94\x14\x01\xfe1\x00\x00\xe9\x12\x00\x00\x1e \x01\x00\x00\x04\n2\x00\x00\xfd\x12\x00\x00\x04\x162\x00\x00\x1c\x13\x00\x00\x15\x902\x00\x00\xa6\x08\x00\x00\xae\x08\x00\x00\x05\xbd\x14\x16\x9d2\x00\x00\xa6\x08\x00\x00\xae\x08\x00\x00\x05\xd8\x13\x00\x00\x00\x00G\x9a\x16\x00\x00\x05\xd5\x13\xd1\x0b\x00\x00\x01GA%\x00\x00\x05R\x13\xd1\x0b\x00\x00\x013\x1e\x0b\x00\x00\x05I\x13\xd0\x03\x00\x00\x01\xc82\x00\x00\x12\xcd\x03\x00\x00\x05I\x13\xba\x0e\x00\x00\x00Q\x9c\r\x00\x00\x83\x0e\x00\x00\x01\x01\xe42\x00\x00\x05\x17#\x00\x00\x05\xe4\x12\x83\x0e\x00\x00\x003\x9b\x1f\x00\x00\x05\xe3\x12\x83\x0e\x00\x00\x01\t3\x00\x00\x05\x17#\x00\x00\x05\xe4\x12\x83\x0e\x00\x00\x1d\x06\xd72\x00\x00\x00\x00>\xe42\x00\x00\xc2\x08\x00\x00\x1e\t\x00\x00\x03\x92 \x02\x01\xcb3\x00\x00\x04\xf52\x00\x000\x13\x00\x00\x02(\x1a\x00\x00\xce\x08\x00\x00\xda\x08\x00\x00\x05\xeb\x12}3\x00\x00\rlen\x00\x05\xe3\x12?\x08\x00\x00R\x13\x00\x00\x07\xb0\x17\x00\x00\x05\xe3\x12w\x00\x00\x00~\x13\x00\x00\x05\xba!\x00\x00\x05\xe3\x12d\x1a\x00\x00\t\xce\x08\x00\x00\xda\x08\x00\x00\np\x00\x05b\x15\x94\x07\x00\x00\x00\x00\x02\xaa2\x00\x00\xda\x08\x00\x00\xfc\x08\x00\x00\x05\xee\x12\x983\x00\x00\x0b\xbb2\x00\x00\x00\x00\t\xfc\x08\x00\x00\x18\t\x00\x00\x06\xd72\x00\x00\x15(\x1a\x00\x00\xfc\x08\x00\x00\x06\t\x00\x00\x05\xef\x12$$$\t\xfc\x08\x00\x00\x06\t\x00\x00\x0e\x92\x13\x00\x00\x00\x00\x00\x00n\xa7\x1f\x00\x00\x05\xec\x0f*\x00\x00\x00\x1e\t\x00\x000\t\x00\x00\x03\x92 \x02\x01\x084\x00\x00%pdu\x00\x05\xec\x0f\x14\x14\x00\x00\xc7\x13\x00\x00\x80\x01\xfd\x03\x00\x00\x05\xec\x0fw\x00\x00\x00\x01f\x00ZM \x00\x000\t\x00\x00d\t\x00\x00\xef\x13\x00\x00\x01x4\x00\x00\x01^ \x00\x008\x14\x00\x00\x04v \x00\x00n\x14\x00\x00\x04\x80 \x00\x00\x92\x14\x00\x00\x0bj \x00\x00\x04.@\t\x00\x00\xcb3\x00\x00]4\x00\x00\x03\x06h\x93\x01i\x93\x01\x02\x80\x00\x03\x01f\x014\x00*J\t\x00\x00\xcb3\x00\x00\x03\x06h\x93\x01i\x93\x01\x02\x80\x00\x03\x01f\x016\x00\x00\'#\x1f\x00\x00\x05}\x16\x01\x9e4\x00\x00\x0cbuf\x00\x05}\x16\xf6\n\x00\x00\x0clen\x00\x05}\x16*\x00\x00\x00\x00H\'\r\x00\x00\x05\\\nd\t\x00\x00\xc4\t\x00\x00\xc6\x14\x00\x00\x01\x045\x00\x00\rlen\x00\x05^\n5\x00\x00\x00\xf5\x14\x00\x00Mx4\x00\x00\xb6\t\x00\x008\x01\x00\x00\x05u\n\x01\x914\x00\x00\x1c\x15\x00\x00\x01\x854\x00\x00A\x15\x00\x00-\xc4\t\x00\x00\x01\xf3)\x00\x00\x03\x06h\x93\x01i\x93\x01\x05\x03\x92\x07\x80\x00\x00\x00\x00/^#\x00\x00\x05G\x10\xc4\t\x00\x00\xe2\t\x00\x00\x03\x92 \x02\x01\x046\x00\x00U\x98\x0c\x00\x00\x05G\x10w\x00\x00\x00Y\x15\x00\x00\x15\xaa\x19\x00\x00\xc4\t\x00\x00\xe2\t\x00\x00\x05H\x10 b7\x00\x05G\x10w\x00\x00\x00\x00 b6\x00\x05G\x10w\x00\x00\x00\x00 b5\x00\x05G\x10w\x00\x00\x00\x00 b4\x00\x05G\x10w\x00\x00\x00\x00 b3\x00\x05G\x10w\x00\x00\x00\x00 b2\x00\x05G\x10w\x00\x00\x00\x00\rb1\x00\x05G\x10w\x00\x00\x00\x86\x15\x00\x00cb0\x00\x05G\x10w\x00\x00\x00~ len\x00\x05G\x10w\x00\x00\x00\x02\t\xc4\t\x00\x00\xe2\t\x00\x00\x05\x8c\r\x00\x00\x05\xa9\n\x94\x07\x00\x00\x16\x046\x00\x00\xc4\t\x00\x00\xd0\t\x00\x00\x05\xa9\n\x02\x116\x00\x00\xd0\t\x00\x00\xd8\t\x00\x00\x05\xaf\n\xf75\x00\x00\rlen\x00\x05\xa8\n*\x00\x00\x00\xb3\x15\x00\x00\x00\x14\xe2\t\x00\x00\x01\x9e4\x00\x00\x00\x00\x00G\x1e\x11\x00\x00\x05\xa0\n\x94\x07\x00\x00\x01(\xc3\x04\x00\x00\x05\xa4\n\x01H\xe4\x1e\x00\x00\x05`\x0e\xe2\t\x00\x002\n\x00\x00\xc7\x15\x00\x00\x01\x0e7\x00\x00%pdu\x00\x05`\x0e\x14\x14\x00\x00\xe9\x15\x00\x00\x07 \x13\x00\x00\x05a\x0e\xdd\x0b\x00\x00\x0f\x16\x00\x00\x07\xa3\x07\x00\x00\x05b\x0eX\x1e\x00\x00C\x16\x00\x00\x07."\x00\x00\x05d\x0ew\x00\x00\x00c\x16\x00\x00\x02\x0e7\x00\x00\xfa\t\x00\x00\xfc\t\x00\x00\x05g\x0e\x986\x00\x00\x07\x17#\x00\x00\x05`\x0e\x83\x0e\x00\x00\x8f\x16\x00\x00\x00\x02\x111\x00\x00\x10\n\x00\x00.\n\x00\x00\x05n\x0e\xd46\x00\x00\x01"1\x00\x00\xa3\x16\x00\x00\t\x10\n\x00\x00.\n\x00\x00P.1\x00\x00\x0e\x8c\x00\x08\xff\x1a9\x1e\x03\xa0\x06\x80\x00"\x9f\x00\x00.\xea\t\x00\x00\xcb3\x00\x00\xf36\x00\x00\x03\x06h\x93\x01i\x93\x01\x03\xf3\x01h\x03\x01f\x012\x00\x14\x02\n\x00\x00\x01\x045\x00\x00*\x10\n\x00\x00\x045\x00\x00\x03\x01h\x02\x08"\x00\x00(\xbb%\x00\x00\x05\xb8\x0f\x01/T\x08\x00\x00\x05\xad\x0b2\n\x00\x008\n\x00\x00\x03\x92 \x02\x01Q7\x00\x00%pdu\x00\x05\xad\x0b\x14\x14\x00\x00\xb6\x16\x00\x00-8\n\x00\x00\x01\x045\x00\x00\x03\x01h\x010\x00\x00/\xf5\x1b\x00\x00\x05c\x0b8\n\x00\x00>\n\x00\x00\x03\x92 \x02\x01\x8c7\x00\x00%pdu\x00\x05c\x0b\x14\x14\x00\x00\xdc\x16\x00\x00->\n\x00\x00\x01\x045\x00\x00\x03\x01h\x02\x08 \x00\x00/\xd4\x1c\x00\x00\x05C\x10>\n\x00\x00X\n\x00\x00\x03\x92 \x02\x01y8\x00\x00\x15\xaa\x19\x00\x00>\n\x00\x00X\n\x00\x00\x05D\x10 b7\x00\x05C\x10w\x00\x00\x00\x00 b6\x00\x05C\x10w\x00\x00\x00\x00 b5\x00\x05C\x10w\x00\x00\x00\x00 b4\x00\x05C\x10w\x00\x00\x00\x00 b3\x00\x05C\x10w\x00\x00\x00\x00 b2\x00\x05C\x10w\x00\x00\x00\x00 b1\x00\x05C\x10w\x00\x00\x00\x00cb0\x00\x05C\x10w\x00\x00\x00\x7f len\x00\x05C\x10w\x00\x00\x00\x01\t>\n\x00\x00X\n\x00\x00\x05\x8c\r\x00\x00\x05\xa9\n\x94\x07\x00\x00\x16\x046\x00\x00>\n\x00\x00F\n\x00\x00\x05\xa9\n\x02\x116\x00\x00F\n\x00\x00N\n\x00\x00\x05\xaf\nl8\x00\x00\rlen\x00\x05\xa8\n*\x00\x00\x00\x02\x17\x00\x00\x00\x14X\n\x00\x00\x01\x9e4\x00\x00\x00\x00\x00>\x0e7\x00\x00X\n\x00\x00f\n\x00\x00\x03\x92 \x02\x01\xaa8\x00\x00\xa6\x01\x16\x17\x00\x00\x14b\n\x00\x00\x01\x8c7\x00\x00\x14f\n\x00\x00\x01\x045\x00\x00\x008\x9f\x1c\x00\x00\x01\x01\xe68\x00\x00\x0cpdu\x00\x05\xad\x0e\x14\x14\x00\x00\x05 \x13\x00\x00\x05\xae\x0e\xd1\x0b\x00\x00\x05\xd8\x03\x00\x00\x05\xaf\x0e\xe2\x0b\x00\x00\x05\xd0$\x00\x00\x05\xb0\x0e+\x0c\x00\x00\x003\xce\x11\x00\x00\x05,\x13\x83\x0e\x00\x00\x01@9\x00\x00\x12 \x13\x00\x00\x05-\x13\xd1\x0b\x00\x00\x12\xd8\x03\x00\x00\x05-\x13\xe2\x0b\x00\x00\x12\xd0$\x00\x00\x05-\x13+\x0c\x00\x00\nidx\x00\x05/\x13w\x00\x00\x00\nodt\x00\x050\x13\xe2\x0b\x00\x00\x05\x17#\x00\x00\x051\x13\x83\x0e\x00\x00\x00QT*\x00\x00\x83\x0e\x00\x00\x01\x01\x989\x00\x00\x12 \x13\x00\x00\x05-\x13\xd1\x0b\x00\x00\x12\xd8\x03\x00\x00\x05-\x13\xe2\x0b\x00\x00\x12\xd0$\x00\x00\x05-\x13+\x0c\x00\x00\nidx\x00\x05/\x13w\x00\x00\x00\nodt\x00\x050\x13\xe2\x0b\x00\x00\x05\x17#\x00\x00\x051\x13\x83\x0e\x00\x00\x00\'\r\x1f\x00\x00\x05\xad\x0e\x01\xee9\x00\x00\x0cpdu\x00\x05\xad\x0e\x14\x14\x00\x00\x05 \x13\x00\x00\x05\xae\x0e\xd1\x0b\x00\x00\x05\xd8\x03\x00\x00\x05\xaf\x0e\xe2\x0b\x00\x00\x05\xd0$\x00\x00\x05\xb0\x0e+\x0c\x00\x00\x1d\x13\xb58\x00\x00\x1d\x06\xc18\x00\x00\x06\xcd8\x00\x00\x06\xd98\x00\x00\x00\x00\x00Z\x989\x00\x00f\n\x00\x006\x0b\x00\x00Z\x17\x00\x00\x01|;\x00\x00\x01\xa59\x00\x00\x96\x17\x00\x007\xb19\x00\x00\x007\xbd9\x00\x00\x007\xc99\x00\x00\x00&\x0e7\x00\x00z\n\x00\x00P\x01\x00\x00\x05\xb2\x0eT:\x00\x00\x07\x17#\x00\x00\x05\xad\x0e\x83\x0e\x00\x00\x08\x18\x00\x00-\x86\n\x00\x00\x01\x045\x00\x00\x03\x01h\x01B\x00\x00F\xaa8\x00\x00h\x01\x00\x00\x01\xb58\x00\x00\x1c\x18\x00\x00\x1eh\x01\x00\x00\x04\xc18\x00\x00`\x18\x00\x00\x06\xcd8\x00\x00\x06\xd98\x00\x00&\xe68\x00\x00\x8e\n\x00\x00\x88\x01\x00\x00\x05\xb8\x0e#;\x00\x00\x01\x0f9\x00\x00\x89\x18\x00\x00\x01\x039\x00\x00\xdc\x18\x00\x00\x01\xf78\x00\x00`\x18\x00\x00\x1e\x88\x01\x00\x00\x06\x1b9\x00\x00\x06\'9\x00\x00\x0439\x00\x00/\x19\x00\x00\x02\xaa2\x00\x00\x8e\n\x00\x00\xa8\n\x00\x00\x053\x13\xe3:\x00\x00\x01\xbb2\x00\x00Q\x19\x00\x00\x00F@9\x00\x00\x90\x01\x00\x00\x01g9\x00\x00q\x19\x00\x00\x01[9\x00\x00\xb4\x19\x00\x00\x01O9\x00\x00\xf7\x19\x00\x00\x1e\x90\x01\x00\x00\x04s9\x00\x00\x15\x1a\x00\x00\x06\x7f9\x00\x00\x06\x8b9\x00\x00\x00\x00\x00\x00&|;\x00\x00\xa8\n\x00\x00\xb0\x01\x00\x00\x05\xb5\x0e:;\x00\x00$$\x00\x02|;\x00\x00\xac\n\x00\x00\xae\n\x00\x00\x05\xb6\x0eQ;\x00\x00$$\x00.\x8e\n\x00\x00\xcb3\x00\x00o;\x00\x00\x03\x06h\x93\x01i\x93\x01\x02\x8c\x00\x03\x01f\x012\x00\x14*\x0b\x00\x00\x01\x0e7\x00\x00\x00\x00\x00GZ\n\x00\x00\x05\xe8\x0fw\x00\x00\x00\x018d\x17\x00\x00\x01\x01\xb9;\x00\x00\x0cpdu\x00\x05\x9d\x0e\x14\x14\x00\x00\x05 \x13\x00\x00\x05\x9e\x0e\xd1\x0b\x00\x00\x05\x18\x12\x00\x00\x05\x9f\x0e\xe2\x0b\x00\x00\x003\x89\x08\x00\x00\x05\x12\x13\x83\x0e\x00\x00\x01\xfb;\x00\x00\x12 \x13\x00\x00\x05\x12\x13\xd1\x0b\x00\x00\x12\x18\x12\x00\x00\x05\x12\x13\xe2\x0b\x00\x00\nidx\x00\x05\x13\x13w\x00\x00\x00\x05\x17#\x00\x00\x05\x14\x13\x83\x0e\x00\x00\x00Q2)\x00\x00\x83\x0e\x00\x00\x01\x01;<\x00\x00\x12 \x13\x00\x00\x05\x12\x13\xd1\x0b\x00\x00\x12\x18\x12\x00\x00\x05\x12\x13\xe2\x0b\x00\x00\nidx\x00\x05\x13\x13w\x00\x00\x00\x05\x17#\x00\x00\x05\x14\x13\x83\x0e\x00\x00\x00\' \x06\x00\x00\x05\x9d\x0e\x01\x80<\x00\x00\x0cpdu\x00\x05\x9d\x0e\x14\x14\x00\x00\x05 \x13\x00\x00\x05\x9e\x0e\xd1\x0b\x00\x00\x05\x18\x12\x00\x00\x05\x9f\x0e\xe2\x0b\x00\x00\x1d\x13\x94;\x00\x00\x1d\x06\xa0;\x00\x00\x06\xac;\x00\x00\x00\x00\x00Z;<\x00\x006\x0b\x00\x00\xfc\x0b\x00\x00T\x1a\x00\x00\x01\xd0=\x00\x00\x01H<\x00\x00\x83\x1a\x00\x007T<\x00\x00\x007`<\x00\x00\x00&\x0e7\x00\x00H\x0b\x00\x00\xc8\x01\x00\x00\x05\xa1\x0e\xe0<\x00\x00\x07\x17#\x00\x00\x05\x9d\x0e\x83\x0e\x00\x00\xe7\x1a\x00\x00-R\x0b\x00\x00\x01\x045\x00\x00\x03\x01h\x01B\x00\x00F\x89;\x00\x00\xe0\x01\x00\x00\x01\x94;\x00\x00\xfb\x1a\x00\x00\x1e\xe0\x01\x00\x00\x04\xa0;\x00\x001\x1b\x00\x00\x06\xac;\x00\x00&\xb9;\x00\x00Z\x0b\x00\x00\x00\x02\x00\x00\x05\xa6\x0e\x8e=\x00\x00\x01\xd6;\x00\x00Z\x1b\x00\x00\x01\xca;\x00\x001\x1b\x00\x00\x1e\x00\x02\x00\x00\x06\xe2;\x00\x00\x04\xee;\x00\x00\x8e\x1b\x00\x00\x02\xaa2\x00\x00Z\x0b\x00\x00t\x0b\x00\x00\x05\x16\x13\\=\x00\x00\x01\xbb2\x00\x00\xb0\x1b\x00\x00\x00F\xfb;\x00\x00\x08\x02\x00\x00\x01\x16<\x00\x00\xd0\x1b\x00\x00\x01\n<\x00\x00\xf4\x1b\x00\x00\x1e\x08\x02\x00\x00\x04"<\x00\x00\x12\x1c\x00\x00\x06.<\x00\x00\x00\x00\x00\x00\x02|;\x00\x00t\x0b\x00\x00z\x0b\x00\x00\x05\xa4\x0e\xa5=\x00\x00$$\x00.Z\x0b\x00\x00\xcb3\x00\x00\xc3=\x00\x00\x03\x06h\x93\x01i\x93\x01\x02\x8c\x00\x03\x01f\x012\x00\x14\xf0\x0b\x00\x00\x01\x0e7\x00\x00\x00\x00\x008\xe3!\x00\x00\x01\x01\xf4=\x00\x00\x0cpdu\x00\x05\x8f\x0e\x14\x14\x00\x00\x05\xc8"\x00\x00\x05\x90\x0e\xd1\x0b\x00\x00\x003\xea\x03\x00\x00\x05\xf9\x12\x83\x0e\x00\x00\x01*>\x00\x00\x12\xc8"\x00\x00\x05\xf9\x12\xd1\x0b\x00\x00\nidx\x00\x05\xfa\x12w\x00\x00\x00\x05\x17#\x00\x00\x05\xfb\x12\x83\x0e\x00\x00\x00Q_\x06\x00\x00\x83\x0e\x00\x00\x01\x01^>\x00\x00\x12\xc8"\x00\x00\x05\xf9\x12\xd1\x0b\x00\x00\nidx\x00\x05\xfa\x12w\x00\x00\x00\x05\x17#\x00\x00\x05\xfb\x12\x83\x0e\x00\x00\x00\'\x81\x18\x00\x00\x05\x8f\x0e\x01\x92>\x00\x00\x0cpdu\x00\x05\x8f\x0e\x14\x14\x00\x00\x05\xc8"\x00\x00\x05\x90\x0e\xd1\x0b\x00\x00\x1d\x13\xdb=\x00\x00\x1d\x06\xe7=\x00\x00\x00\x00\x00>^>\x00\x00\xfc\x0b\x00\x00\x9a\x0c\x00\x00\x03\x92 \x02\x01\xaf?\x00\x00\x01k>\x00\x00;\x1c\x00\x007w>\x00\x00\x00\x02\x0e7\x00\x00\n\x0c\x00\x00\x10\x0c\x00\x00\x05\x92\x0e\xec>\x00\x00\x07\x17#\x00\x00\x05\x8f\x0e\x83\x0e\x00\x00\x7f\x1c\x00\x00-\x10\x0c\x00\x00\x01\x045\x00\x00\x03\x01h\x01B\x00\x00F\xd0=\x00\x00 \x02\x00\x00\x01\xdb=\x00\x00\x93\x1c\x00\x00\x1e \x02\x00\x00\x04\xe7=\x00\x00\xb9\x1c\x00\x00&\xf4=\x00\x00\x16\x0c\x00\x00@\x02\x00\x00\x05\x96\x0e\x83?\x00\x00\x01\x05>\x00\x00\xb9\x1c\x00\x00\x1e@\x02\x00\x00\x06\x11>\x00\x00\x04\x1d>\x00\x00\xe2\x1c\x00\x00\x02\xaa2\x00\x00\x16\x0c\x00\x000\x0c\x00\x00\x05\xfd\x12Z?\x00\x00\x01\xbb2\x00\x00\x04\x1d\x00\x00\x00F*>\x00\x00X\x02\x00\x00\x019>\x00\x00$\x1d\x00\x00\x1eX\x02\x00\x00\x04E>\x00\x00B\x1d\x00\x00\x06Q>\x00\x00\x00\x00\x00\x00.\x16\x0c\x00\x00\xcb3\x00\x00\xa2?\x00\x00\x03\x06h\x93\x01i\x93\x01\x03\xf3\x01h\x03\x01f\x012\x00\x14\x8e\x0c\x00\x00\x01\x0e7\x00\x00\x00\x00\x008\xe3\x07\x00\x00\x01\x01\xc7?\x00\x00\npdu\x00\x05\x84\x0e\x14\x14\x00\x00\x00\'\xb5\x06\x00\x00\x05\x84\x0e\x01\xe8?\x00\x00\x0cpdu\x00\x05\x84\x0e\x14\x14\x00\x00\x1d\x06\xba?\x00\x00\x00\x00>\xc7?\x00\x00\x9a\x0c\x00\x00\xb4\x0c\x00\x00\x03\x92 \x02\x01_@\x00\x00\x01\xd4?\x00\x00k\x1d\x00\x00\x02\x0e7\x00\x00\xa6\x0c\x00\x00\xac\x0c\x00\x00\x05\x87\x0e<@\x00\x00\x07\x17#\x00\x00\x05\x84\x0e\x83\x0e\x00\x00\x91\x1d\x00\x00-\xac\x0c\x00\x00\x01\x045\x00\x00\x03\x01h\x01B\x00\x00\t\xac\x0c\x00\x00\xb4\x0c\x00\x00\x06\xba?\x00\x00\x18\xb0\x0c\x00\x00\xe42\x00\x00\x14\xb4\x0c\x00\x00\x01\x0e7\x00\x00\x00\x00//(\x00\x00\x05{\x0f\xb4\x0c\x00\x00\xca\x0c\x00\x00\x03\x92 \x02\x01\xd5@\x00\x00%pdu\x00\x05{\x0f\x14\x14\x00\x00\xa5\x1d\x00\x00\x05\xf7\x11\x00\x00\x05|\x0f*\x00\x00\x00\x02\x0e7\x00\x00\xc0\x0c\x00\x00\xc6\x0c\x00\x00\x05\x7f\x0f\xca@\x00\x00\x07\x17#\x00\x00\x05{\x0f\x83\x0e\x00\x00\xcb\x1d\x00\x00-\xc6\x0c\x00\x00\x01\x045\x00\x00\x03\x01h\x02\x08)\x00\x00\x14\xca\x0c\x00\x00\x01\x8c7\x00\x00\x00/e\'\x00\x00\x05?\x0f\xce\x0c\x00\x00\xf0\x0c\x00\x00\x03\x92 \x02\x01zA\x00\x00%pdu\x00\x05?\x0f\x14\x14\x00\x00\xe0\x1d\x00\x00\x02\x0e7\x00\x00\xda\x0c\x00\x00\xe0\x0c\x00\x00\x05A\x0f4A\x00\x00\x07\x17#\x00\x00\x05?\x0f\x83\x0e\x00\x00\x06\x1e\x00\x00-\xe0\x0c\x00\x00\x01\x045\x00\x00\x03\x01h\x02\x08)\x00\x00\x02zA\x00\x00\xe0\x0c\x00\x00\xec\x0c\x00\x00\x05C\x0foA\x00\x00\x07\x8b(\x00\x00\x05?\x0f\xfd\x10\x00\x00\x1b\x1e\x00\x00\t\xe0\x0c\x00\x00\xec\x0c\x00\x00\x05\xf7"\x00\x00\x05\x99\x10\x83A\x00\x00\x00\x00\x14\xf0\x0c\x00\x00\x01\x8c7\x00\x00\x00(\x8c$\x00\x00\x05\x98\x10\x01\x1b\x02\xd9\x12\x00\x00/r\t\x00\x00\x05.\x0f\xf0\x0c\x00\x00:\r\x00\x00\x03\x92 \x02\x01<B\x00\x00%pdu\x00\x05.\x0f\x14\x14\x00\x00/\x1e\x00\x00\nlen\x00\x05/\x0fw\x00\x00\x00\rsrc\x00\x050\x0f\xf2\x0e\x00\x00\x83\x1e\x00\x00\x02\x0e7\x00\x00\xfe\x0c\x00\x00\x04\r\x00\x00\x054\x0f\x04B\x00\x00\x07\x17#\x00\x00\x05.\x0f\x83\x0e\x00\x00\xe3\x1e\x00\x00-\x04\r\x00\x00\x01\x045\x00\x00\x03\x01h\x02\x08)\x00\x00\x02|;\x00\x00\x04\r\x00\x00\x0c\r\x00\x00\x05/\x0f1B\x00\x00\x05\xfd\x03\x00\x00\x05.\x0fw\x00\x00\x00\npdu\x00\x05.\x0f\x14\x14\x00\x00\x00\x14:\r\x00\x00\x01\x8c7\x00\x00\x00/m\x1b\x00\x00\x05;\x0e:\r\x00\x00P\r\x00\x00\x03\x92 \x02\x01\xa5B\x00\x00%pdu\x00\x05;\x0e\x14\x14\x00\x00\xf8\x1e\x00\x00\x02\x0e7\x00\x00F\r\x00\x00L\r\x00\x00\x05=\x0e\x9aB\x00\x00\x07\x17#\x00\x00\x05;\x0e\x83\x0e\x00\x00\x1e\x1f\x00\x00-L\r\x00\x00\x01\x045\x00\x00\x03\x01h\x01B\x00\x00\x14P\r\x00\x00\x01\x8c7\x00\x00\x00(\xde\x16\x00\x00\x05\x8f\x14\x01/\xde\x1b\x00\x00\x05%\x0eT\r\x00\x00\xc0\r\x00\x00\x03\x92 \x02\x012D\x00\x00%pdu\x00\x05%\x0e\x14\x14\x00\x002\x1f\x00\x00\x05|#\x00\x00\x05&\x0e\x87\x00\x00\x00\x02|;\x00\x00T\r\x00\x00^\r\x00\x00\x05&\x0e\x18C\x00\x00\x07\xfd\x03\x00\x00\x05%\x0ew\x00\x00\x00\xd2\x1f\x00\x00\rpdu\x00\x05%\x0e\x14\x14\x00\x00\xe6\x1f\x00\x00\x00\x02\x0e7\x00\x00l\r\x00\x00n\r\x00\x00\x05)\x0e=C\x00\x00\x07\x17#\x00\x00\x05%\x0e\x83\x0e\x00\x00\xfe\x1f\x00\x00\x00&\xa5B\x00\x00v\r\x00\x00p\x02\x00\x00\x05-\x0e\x9dC\x00\x00M\xf11\x00\x00v\r\x00\x00p\x02\x00\x00\x05\x90\x14\x13\xfe1\x00\x00\x1ep\x02\x00\x00\x04\n2\x00\x00\x12 \x00\x00\x06\x162\x00\x00\x15\x902\x00\x00v\r\x00\x00~\r\x00\x00\x05\xbd\x14\x16\x9d2\x00\x00v\r\x00\x00~\r\x00\x00\x05\xd8\x13\x00\x00\x00\x00\x022D\x00\x00\x94\r\x00\x00\x98\r\x00\x00\x05.\x0e\xd8C\x00\x00\x07\x8b(\x00\x00\x05%\x0e\xaa\x11\x00\x00% \x00\x00\t\x94\r\x00\x00\x98\r\x00\x00\x05a\x13\x00\x00\x05\x87\x14\x83A\x00\x00\x00\x00&2D\x00\x00\x98\r\x00\x00\x88\x02\x00\x00\x051\x0e\x0fD\x00\x00\x07\x8b(\x00\x00\x05%\x0e\xaa\x11\x00\x009 \x00\x00\x1e\x88\x02\x00\x00\x05a\x13\x00\x00\x05\x87\x14\x83A\x00\x00\x00\x00\x14r\r\x00\x00\x01\x045\x00\x00\x14\xa4\r\x00\x00\x01\x8c7\x00\x00V\xac\r\x00\x00\x18\xba\r\x00\x00#2\x00\x00\x00(\xb8\x05\x00\x00\x05\x86\x14\x01H6$\x00\x00\x05\xc3\r\xc0\r\x00\x00f\x0e\x00\x00M \x00\x00\x01\xf2F\x00\x00%pdu\x00\x05\xc3\r\x14\x14\x00\x00\x89 \x00\x00\x07\x8c\x1d\x00\x00\x05\xc4\r^\x1e\x00\x00\xed \x00\x00\x05|#\x00\x00\x05\xc5\r\x87\x00\x00\x00\x07 \x13\x00\x00\x05\xc6\r\xdd\x0b\x00\x00\x01!\x00\x00\x07h&\x00\x00\x05\xc7\r5\x00\x00\x006!\x00\x00\x05}\x11\x00\x00\x05\xc8\r\x87\x00\x00\x00\x05t\x11\x00\x00\x05\xc9\r\x87\x00\x00\x00\x02\x0e7\x00\x00\xe6\r\x00\x00\xe8\r\x00\x00\x05\xd0\r\xddD\x00\x00\x07\x17#\x00\x00\x05\xc3\r\x83\x0e\x00\x00\x94!\x00\x00\x00&\x0e7\x00\x00\xee\r\x00\x00\xa0\x02\x00\x00\x05\xd1\r\x0cE\x00\x00\x07\x17#\x00\x00\x05\xc3\r\x83\x0e\x00\x00\xa8!\x00\x00\x14\xf2\r\x00\x00\x01\x045\x00\x00\x00\x02|;\x00\x00\x02\x0e\x00\x00\x0c\x0e\x00\x00\x05\xc5\r9E\x00\x00\x05\xfd\x03\x00\x00\x05\xc3\rw\x00\x00\x00\npdu\x00\x05\xc3\r\x14\x14\x00\x00\x00\x02\xf2F\x00\x00$\x0e\x00\x00(\x0e\x00\x00\x05\xf8\rnE\x00\x00\x07h&\x00\x00\x05\xc3\r*\x00\x00\x00\xbc!\x00\x00\x07 \x13\x00\x00\x05\xc3\r\xd1\x0b\x00\x00\xe7!\x00\x00\x00&\xfbF\x00\x00.\x0e\x00\x00\xb8\x02\x00\x00\x05\xfa\r\xafE\x00\x00\x07\'\x19\x00\x00\x05\xc3\rw\x00\x00\x00\xfa!\x00\x00\x05x\x04\x00\x00\x05\xc3\rw\x00\x00\x00\x07\x17#\x00\x00\x05\xc3\rw\x00\x00\x00\x1a"\x00\x00\x00&\xfbF\x00\x004\x0e\x00\x00\xd0\x02\x00\x00\x05\xfd\r\xf0E\x00\x00\x07\'\x19\x00\x00\x05\xc3\rw\x00\x00\x008"\x00\x00\x05x\x04\x00\x00\x05\xc3\rw\x00\x00\x00\x07\x17#\x00\x00\x05\xc3\rw\x00\x00\x00Z"\x00\x00\x00\x02\xfbF\x00\x008\x0e\x00\x00:\x0e\x00\x00\x05\xfc\r)F\x00\x00\x05\'\x19\x00\x00\x05\xc3\rw\x00\x00\x00\x05x\x04\x00\x00\x05\xc3\rw\x00\x00\x00\x05\x17#\x00\x00\x05\xc3\rw\x00\x00\x00\x00&\xfbF\x00\x00<\x0e\x00\x00\xf0\x02\x00\x00\x05\xfe\rjF\x00\x00\x07\'\x19\x00\x00\x05\xc3\rw\x00\x00\x00\x98"\x00\x00\x05x\x04\x00\x00\x05\xc3\rw\x00\x00\x00\x07\x17#\x00\x00\x05\xc3\rw\x00\x00\x00\xba"\x00\x00\x00&\xfbF\x00\x00B\x0e\x00\x00\x08\x03\x00\x00\x05\xff\r\xabF\x00\x00\x07\'\x19\x00\x00\x05\xc3\rw\x00\x00\x00\xd8"\x00\x00\x05x\x04\x00\x00\x05\xc3\rw\x00\x00\x00\x07\x17#\x00\x00\x05\xc3\rw\x00\x00\x00\xfa"\x00\x00\x00.\xce\r\x00\x00\xcb3\x00\x00\xc9F\x00\x00\x03\x06h\x93\x01i\x93\x01\x02\x8c\x00\x03\x01f\x012\x00.\xd8\r\x00\x00\xcb3\x00\x00\xe7F\x00\x00\x03\x06h\x93\x01i\x93\x01\x02\x8c\x00\x03\x01f\x014\x00\x14V\x0e\x00\x00\x01\x8c7\x00\x00\x00(c\x18\x00\x00\x05\x1c\x14\x01G`\x16\x00\x00\x05\x1a\x10w\x00\x00\x00\x018\xdf\x05\x00\x00\x01\x01PG\x00\x00\x12\xa4\'\x00\x00\x05\xa5\x10w\x00\x00\x00\x12\xe3\x11\x00\x00\x05\xa5\x10?\x08\x00\x00\x05\xb8"\x00\x00\x05\xa5\x10w\x00\x00\x00\x05\x16\x06\x00\x00\x05\xa5\x10w\x00\x00\x00\x05\x8c\x1d\x00\x00\x05\xa6\x10R\x1e\x00\x00\x003\xd0\x0e\x00\x00\x05u\x13R\x1e\x00\x00\x01\x9eG\x00\x00\x12 \x13\x00\x00\x05v\x13\xd1\x0b\x00\x00\x12\xd8\x03\x00\x00\x05v\x13\xe2\x0b\x00\x00\x12\xa6\x03\x00\x00\x05v\x13+\x0c\x00\x00\nodt\x00\x05x\x13L\x1e\x00\x00\nidx\x00\x05y\x13\xe2\x0b\x00\x00\x003\xd4\'\x00\x00\x05\xa8\x14L\x1e\x00\x00\x01\xdfG\x00\x00\x12 \x13\x00\x00\x05\xa8\x14\xd1\x0b\x00\x00\x12\xd8\x03\x00\x00\x05\xa8\x14\xe2\x0b\x00\x00\ndl\x00\x05\xa9\x14X\x1e\x00\x00\nidx\x00\x05\xaa\x14\xe2\x0b\x00\x00\x00H\xdb\x08\x00\x00\x05\x87\rf\x0e\x00\x00"\x0f\x00\x00\x18#\x00\x00\x01\xd5I\x00\x00%pdu\x00\x05\x87\r\x14\x14\x00\x00a#\x00\x00\x05\x16\x06\x00\x00\x05\x88\r\x87\x00\x00\x00\x05\xa4\'\x00\x00\x05\x89\r\x87\x00\x00\x00\x05\xb8"\x00\x00\x05\x8a\r\x87\x00\x00\x00\x07\xe3\x11\x00\x00\x05\x8b\rJ\x08\x00\x00\xb5#\x00\x00\x02\x0e7\x00\x00\x82\x0e\x00\x00\x84\x0e\x00\x00\x05\x8f\raH\x00\x00\x07\x17#\x00\x00\x05\x87\r\x83\x0e\x00\x00\xe9#\x00\x00\x00&\x0e7\x00\x00\x8c\x0e\x00\x00 \x03\x00\x00\x05\x90\r\x90H\x00\x00\x07\x17#\x00\x00\x05\x87\r\x83\x0e\x00\x00\xfd#\x00\x00\x14\x90\x0e\x00\x00\x01\x045\x00\x00\x00\x02|;\x00\x00\xa2\x0e\x00\x00\xa8\x0e\x00\x00\x05\x89\r\xbdH\x00\x00\x05\xfd\x03\x00\x00\x05\x87\rw\x00\x00\x00\npdu\x00\x05\x87\r\x14\x14\x00\x00\x00\x02\x08G\x00\x00\xa8\x0e\x00\x00\x16\x0f\x00\x00\x05\x99\r\xb1I\x00\x00\x01\x1fG\x00\x00\x11$\x00\x00\x13\x13G\x00\x00\t\xa8\x0e\x00\x00\x16\x0f\x00\x00\x06+G\x00\x00\x067G\x00\x00\x04CG\x00\x00/$\x00\x00\x15PG\x00\x00\xb0\x0e\x00\x00\xec\x0e\x00\x00\x05\xaa\x10\x01yG\x00\x00C$\x00\x00\x01mG\x00\x00V$\x00\x00\x01aG\x00\x00x$\x00\x00\t\xb0\x0e\x00\x00\xec\x0e\x00\x00\x04\x85G\x00\x00\x8f$\x00\x00\x04\x91G\x00\x00\xa3$\x00\x00\x15\x9eG\x00\x00\xb0\x0e\x00\x00\xde\x0e\x00\x00\x05~\x13\x01\xbbG\x00\x00\xfc$\x00\x00\x01\xafG\x00\x00\x0f%\x00\x00\t\xb0\x0e\x00\x00\xde\x0e\x00\x00\x04\xc7G\x00\x00\x8f$\x00\x00\x04\xd2G\x00\x00\x8f$\x00\x00\x15\x111\x00\x00\xb0\x0e\x00\x00\xdc\x0e\x00\x00\x05\xac\x14\x01"1\x00\x00\x0f%\x00\x00\t\xb0\x0e\x00\x00\xdc\x0e\x00\x00\x04.1\x00\x00&%\x00\x00\x00\x00\x00\x00\x00\x00\x00\x00.t\x0e\x00\x00\x084\x00\x00\xcaI\x00\x00\x03\x06h\x93\x01i\x93\x01\x02\x8c\x00\x00\x14"\x0f\x00\x00\x01\x8c7\x00\x00\x0082\x18\x00\x00\x01\x01\x11J\x00\x00\x0cpdu\x00\x05h\r\x14\x14\x00\x00\x05 \x0e\x00\x00\x05i\r\xd1\x0b\x00\x00\nodt\x00\x05j\r\xe2\x0b\x00\x00\x05[\x17\x00\x00\x05k\r+\x0c\x00\x00\x003\xd1\x0b\x00\x00\x05\xfe\x13\xd0\x03\x00\x00\x01kJ\x00\x00\x12 \x13\x00\x00\x05\xff\x13\xd1\x0b\x00\x00\x12\xd8\x03\x00\x00\x05\xff\x13\xe2\x0b\x00\x00\x12[\x17\x00\x00\x05\xff\x13+\x0c\x00\x00\x05 \x0e\x00\x00\x05\x01\x14X\x1e\x00\x00\nodt\x00\x05\x02\x14L\x1e\x00\x00\x05\x17#\x00\x00\x05\x03\x14\xd0\x03\x00\x00\x00Q\x1f \x00\x00\xd0\x03\x00\x00\x01\x01\xc3J\x00\x00\x12 \x13\x00\x00\x05\xff\x13\xd1\x0b\x00\x00\x12\xd8\x03\x00\x00\x05\xff\x13\xe2\x0b\x00\x00\x12[\x17\x00\x00\x05\xff\x13+\x0c\x00\x00\x05 \x0e\x00\x00\x05\x01\x14X\x1e\x00\x00\nodt\x00\x05\x02\x14L\x1e\x00\x00\x05\x17#\x00\x00\x05\x03\x14\xd0\x03\x00\x00\x00\'\xe3\x0e\x00\x00\x05h\r\x01\x19K\x00\x00\x0cpdu\x00\x05h\r\x14\x14\x00\x00\x05 \x0e\x00\x00\x05i\r\xd1\x0b\x00\x00\nodt\x00\x05j\r\xe2\x0b\x00\x00\x05[\x17\x00\x00\x05k\r+\x0c\x00\x00\x1d\x13\xe0I\x00\x00\x1d\x06\xecI\x00\x00\x06\xf8I\x00\x00\x06\x04J\x00\x00\x00\x00\x00Z\xc3J\x00\x00"\x0f\x00\x00\xce\x0f\x00\x00K%\x00\x00\x010M\x00\x00\x01\xd0J\x00\x00z%\x00\x007\xdcJ\x00\x00\x007\xe8J\x00\x00\x007\xf4J\x00\x00\x00\x02\x0e7\x00\x004\x0f\x00\x006\x0f\x00\x00\x05m\roK\x00\x00\x07\x17#\x00\x00\x05h\r\x83\x0e\x00\x00\xfc%\x00\x00\x00g\xd5I\x00\x008\x03\x00\x00\x0eM\x00\x00\x01\xe0I\x00\x00\x10&\x00\x00\x1e8\x03\x00\x00\x04\xecI\x00\x00F&\x00\x00\x06\xf8I\x00\x00\x06\x04J\x00\x00&\x11J\x00\x00^\x0f\x00\x00X\x03\x00\x00\x05v\r\x85L\x00\x00\x01:J\x00\x00d&\x00\x00\x01.J\x00\x00|&\x00\x00\x01"J\x00\x00\x94&\x00\x00\x1eX\x03\x00\x00\x04FJ\x00\x00\xb2&\x00\x007RJ\x00\x00\x00\x04^J\x00\x00\xc6&\x00\x00\x02\x111\x00\x00t\x0f\x00\x00\xa0\x0f\x00\x00\x05\x08\x14\x1aL\x00\x00\x01"1\x00\x00\xe6&\x00\x00\tt\x0f\x00\x00\xa0\x0f\x00\x00\x04.1\x00\x00\xf9&\x00\x00\x00\x00=kJ\x00\x00\xa4\x0f\x00\x00\xb6\x0f\x00\x00\x13\x92J\x00\x00\x13\x86J\x00\x00\x01zJ\x00\x00\x16\'\x00\x00\t\xa4\x0f\x00\x00\xb6\x0f\x00\x00\x06\x9eJ\x00\x00\x06\xaaJ\x00\x00\x06\xb6J\x00\x00\x15\x9eG\x00\x00\xa4\x0f\x00\x00\xa6\x0f\x00\x00\x05\x0c\x14\x13\xbbG\x00\x00\x13\xafG\x00\x00\t\xa4\x0f\x00\x00\xa6\x0f\x00\x00\x06\xc7G\x00\x00\x06\xd2G\x00\x00\x00\x00\x00\x00\x00\x00\x02|;\x00\x00l\x0f\x00\x00r\x0f\x00\x00\x05q\r\x9cL\x00\x00$$\x00\x02|;\x00\x00r\x0f\x00\x00t\x0f\x00\x00\x05r\r\xb3L\x00\x00$$\x00\x020M\x00\x00\xba\x0f\x00\x00\xc2\x0f\x00\x00\x05}\r\xdaL\x00\x00$$\x0e)\'\x00\x00\t\xba\x0f\x00\x00\xc2\x0f\x00\x00$\x00\x00\x14>\x0f\x00\x00\x01\x045\x00\x00.X\x0f\x00\x00\xcb3\x00\x00\x02M\x00\x00\x03\x06h\x93\x01i\x93\x01\x02\x8c\x00\x03\x01f\x012\x00\x14\xca\x0f\x00\x00\x01\x8c7\x00\x00\x00\x00\x15\x0e7\x00\x00L\x0f\x00\x00R\x0f\x00\x00\x05n\r\x07\x17#\x00\x00\x05h\r\x83\x0e\x00\x00<\'\x00\x00\x00\x00(E\x14\x00\x00\x05\xbd\x13\x01H\xc1\x1d\x00\x00\x05?\r\xce\x0f\x00\x00V\x10\x00\x00P\'\x00\x00\x01\x11N\x00\x00%pdu\x00\x05?\r\x14\x14\x00\x00\x99\'\x00\x00\x05f!\x00\x00\x05@\rw\x00\x00\x00\x07\xf3\x0f\x00\x00\x05A\r*\x00\x00\x00\xcf\'\x00\x00\x07\x94\r\x00\x00\x05B\r*\x00\x00\x00\xf7\'\x00\x00\rvp\x00\x05C\r\x11N\x00\x00\x0f(\x00\x00\x02|;\x00\x00\xf0\x0f\x00\x00\xf8\x0f\x00\x00\x05@\r\xcaM\x00\x00\x05\xfd\x03\x00\x00\x05?\rw\x00\x00\x00\npdu\x00\x05?\r\x14\x14\x00\x00\x00.\xde\x0f\x00\x00\xcb3\x00\x00\xe8M\x00\x00\x03\x06h\x93\x01i\x93\x01\x02\x80\x00\x03\x01f\x012\x00.\xe8\x0f\x00\x00\xcb3\x00\x00\x06N\x00\x00\x03\x06h\x93\x01i\x93\x01\x02\x80\x00\x03\x01f\x014\x00\x14V\x10\x00\x00\x01\x8c7\x00\x00\x00\x1b\x02?\x08\x00\x00Ha(\x00\x00\x05\x82\x0cV\x10\x00\x00~\x10\x00\x003(\x00\x00\x01\x9aN\x00\x00%pdu\x00\x05\x82\x0c\x14\x14\x00\x00b(\x00\x00\x02|;\x00\x00Z\x10\x00\x00d\x10\x00\x00\x05\x83\x0cuN\x00\x00\x07\xfd\x03\x00\x00\x05\x82\x0cw\x00\x00\x00\x88(\x00\x00\rpdu\x00\x05\x82\x0c\x14\x14\x00\x00\x9c(\x00\x00\x00.n\x10\x00\x00\x084\x00\x00\x8fN\x00\x00\x03\x06h\x93\x01i\x93\x01\x03\xf3\x01h\x00\x14~\x10\x00\x00\x01\x8c7\x00\x00\x00Hp\x13\x00\x00\x05\x07\x0e~\x10\x00\x00\x1c\x11\x00\x00\xb4(\x00\x00\x01XP\x00\x00%pdu\x00\x05\x07\x0e\x14\x14\x00\x00\x16)\x00\x00\x07\x8c\x1d\x00\x00\x05\x08\x0e^\x1e\x00\x00<)\x00\x00\x05|#\x00\x00\x05\t\x0e\x87\x00\x00\x00\x1f\xe0$\x00\x00\x05\n\x0e\xe2\x0b\x00\x00\x02\x8c\x01\x07 \x13\x00\x00\x05\x0b\x0e\xdd\x0b\x00\x00\\)\x00\x00\x02|;\x00\x00\x8c\x10\x00\x00\x96\x10\x00\x00\x05\t\x0e3O\x00\x00\x07\xfd\x03\x00\x00\x05\x07\x0ew\x00\x00\x00z)\x00\x00\rpdu\x00\x05\x07\x0e\x14\x14\x00\x00\x8e)\x00\x00\x00\x02\x0e7\x00\x00\xac\x10\x00\x00\xae\x10\x00\x00\x05\x0e\x0eXO\x00\x00\x07\x17#\x00\x00\x05\x07\x0e\x83\x0e\x00\x00\xa6)\x00\x00\x00\x02\xaa\x19\x00\x00\xec\x10\x00\x00\x18\x11\x00\x00\x05"\x0e\x00P\x00\x00\x01\xb7\x19\x00\x00\xba)\x00\x00\x01\xc3\x19\x00\x00\xce)\x00\x00\x01\x10\x1a\x00\x00\xe3)\x00\x00\x01\x05\x1a\x00\x00\xe3)\x00\x00\x01\xfa\x19\x00\x00\xe3)\x00\x00\x01\xef\x19\x00\x00\xe3)\x00\x00\x01\xe4\x19\x00\x00\xe3)\x00\x00\x01\xd9\x19\x00\x00\xe3)\x00\x00\x01\xce\x19\x00\x00\xf7)\x00\x00\t\xec\x10\x00\x00\x18\x11\x00\x00\x06\x1b\x1a\x00\x00\x16\x046\x00\x00\xec\x10\x00\x00\xf4\x10\x00\x00\x05\xa9\n\x02\x116\x00\x00\xf4\x10\x00\x00\x00\x11\x00\x00\x05\xaf\n\xf5O\x00\x00\x0e\x16*\x00\x00\x00\x18\x16\x11\x00\x00\x9e4\x00\x00\x00\x00.\x9e\x10\x00\x00\xcb3\x00\x00\x1fP\x00\x00\x03\x06h\x93\x01i\x93\x01\x03\xf3\x01h\x03\x01f\x012\x00\x18\xb2\x10\x00\x00\x045\x00\x00.\xcc\x10\x00\x00\x045\x00\x00<P\x00\x00\x03\x01h\x02\x08"\x00*\xea\x10\x00\x00@1\x00\x00\x03\x01h\x02\x81\x00\x03\x06f\x93\x01g\x93\x01\x02\x8c\x01\x00\x00/\xae\x16\x00\x00\x05X\x0f\x1c\x11\x00\x00j\x11\x00\x00\x03\x92 \x02\x01\xe4Q\x00\x00%pdu\x00\x05X\x0f\x14\x14\x00\x00**\x00\x00\x05|#\x00\x00\x05Y\x0fw\x00\x00\x00\x05\xeb\x1a\x00\x00\x05Z\x0fw\x00\x00\x00\x02|;\x00\x00\x1c\x11\x00\x00$\x11\x00\x00\x05Y\x0f\xceP\x00\x00\x07\xfd\x03\x00\x00\x05X\x0fw\x00\x00\x00~*\x00\x00\rpdu\x00\x05X\x0f\x14\x14\x00\x00\x92*\x00\x00\x00\x02|;\x00\x00$\x11\x00\x00&\x11\x00\x00\x05Z\x0f\x03Q\x00\x00\x07\xfd\x03\x00\x00\x05X\x0fw\x00\x00\x00\xaa*\x00\x00\rpdu\x00\x05X\x0f\x14\x14\x00\x00\xbe*\x00\x00\x00\x02\x0e7\x00\x00*\x11\x00\x00,\x11\x00\x00\x05a\x0f(Q\x00\x00\x07\x17#\x00\x00\x05X\x0f\x83\x0e\x00\x00\xd6*\x00\x00\x00&\x0e7\x00\x00,\x11\x00\x00p\x03\x00\x00\x05j\x0fWQ\x00\x00\x07\x17#\x00\x00\x05X\x0f\x83\x0e\x00\x00\xeb*\x00\x00\x140\x11\x00\x00\x01\x045\x00\x00\x00M\xaa\x19\x00\x00<\x11\x00\x00\x88\x03\x00\x00\x05n\x0f\x0b\xb7\x19\x00\x00\x08N\xc3\x19\x00\x00\x7f\x0b\x10\x1a\x00\x00\x00\x0b\x05\x1a\x00\x00\x00\x0b\xfa\x19\x00\x00\x00\x0b\xef\x19\x00\x00\x00\x0b\xe4\x19\x00\x00\x00\x01\xd9\x19\x00\x00\x00+\x00\x00\x01\xce\x19\x00\x00 +\x00\x00\x1e\x88\x03\x00\x00\x06\x1b\x1a\x00\x00\x16\x046\x00\x00<\x11\x00\x00D\x11\x00\x00\x05\xa9\n\x02\x116\x00\x00D\x11\x00\x00P\x11\x00\x00\x05\xaf\n\xd7Q\x00\x00\x0e?+\x00\x00\x00\x14j\x11\x00\x00\x01\x9e4\x00\x00\x00\x00\x00/\xb3\x1f\x00\x00\x05I\x0fj\x11\x00\x00\x8e\x11\x00\x00\x03\x92 \x02\x01\xe1R\x00\x00%pdu\x00\x05I\x0f\x14\x14\x00\x00S+\x00\x00\x15\xaa\x19\x00\x00j\x11\x00\x00\x8e\x11\x00\x00\x05M\x0f b7\x00\x05I\x0fw\x00\x00\x00\x00 b6\x00\x05I\x0fw\x00\x00\x00\x00 b5\x00\x05I\x0fw\x00\x00\x00\x00 b4\x00\x05I\x0fw\x00\x00\x00\x00 b3\x00\x05I\x0fw\x00\x00\x00\x00 b2\x00\x05I\x0fw\x00\x00\x00  b1\x00\x05I\x0fw\x00\x00\x00\x01cb0\x00\x05I\x0fw\x00\x00\x00\x7f len\x00\x05I\x0fw\x00\x00\x00\x03\tj\x11\x00\x00\x8e\x11\x00\x00\x05\x8c\r\x00\x00\x05\xa9\n\x94\x07\x00\x00\x16\x046\x00\x00j\x11\x00\x00v\x11\x00\x00\x05\xa9\n\x02\x116\x00\x00v\x11\x00\x00~\x11\x00\x00\x05\xaf\n\xd4R\x00\x00\rlen\x00\x05\xa8\n*\x00\x00\x00y+\x00\x00\x00\x14\x8e\x11\x00\x00\x01\x9e4\x00\x00\x00\x00\x008_"\x00\x00\x01\x01\xf9R\x00\x00\npdu\x00\x05\x13\x0f\x14\x14\x00\x00\x00\']\x11\x00\x00\x05\x13\x0f\x01\x1aS\x00\x00\x0cpdu\x00\x05\x13\x0f\x14\x14\x00\x00\x1d\x06\xecR\x00\x00\x00\x00>\xf9R\x00\x00\x8e\x11\x00\x00\xd6\x11\x00\x00\x03\x92 \x02\x01\x06T\x00\x00\x01\x06S\x00\x00\x8d+\x00\x00\x02\x0e7\x00\x00\x9a\x11\x00\x00\xa0\x11\x00\x00\x05\x16\x0fnS\x00\x00\x07\x17#\x00\x00\x05\x13\x0f\x83\x0e\x00\x00\xb3+\x00\x00-\xa0\x11\x00\x00\x01\x045\x00\x00\x03\x01h\x01A\x00\x00\t\xa0\x11\x00\x00\xd6\x11\x00\x00\x06\xecR\x00\x00\x02zA\x00\x00\xa0\x11\x00\x00\xac\x11\x00\x00\x05\x17\x0f\xa1S\x00\x00\x0e\xc7+\x00\x00\t\xa0\x11\x00\x00\xac\x11\x00\x00$\x00\x00\x15\xaa\x19\x00\x00\xac\x11\x00\x00\xd6\x11\x00\x00\x05\x19\x0fR\x00R\x00R\x00R\x00R@R\x00R\x00\xa7\x01\x7fR\x07\t\xac\x11\x00\x00\xd6\x11\x00\x00$\x16\x046\x00\x00\xac\x11\x00\x00\xb4\x11\x00\x00\x05\xa9\n\x02\x116\x00\x00\xb4\x11\x00\x00\xc0\x11\x00\x00\x05\xaf\n\xf8S\x00\x00\x0e\xdb+\x00\x00\x00\x14\xd6\x11\x00\x00\x01\x9e4\x00\x00\x00\x00\x00\x00/\x97\x0b\x00\x00\x05\xe7\x0e\xd6\x11\x00\x00f\x12\x00\x00\x03\x92 \x02\x01\xe9U\x00\x00%pdu\x00\x05\xe7\x0e\x14\x14\x00\x00\xef+\x00\x00\x07\x97\'\x00\x00\x05\xe8\x0e*\x00\x00\x00\x15,\x00\x00\x07\xd2!\x00\x00\x05\xe9\x0ew\x00\x00\x00=,\x00\x00\x07U\x17\x00\x00\x05\xea\x0e\xe9U\x00\x00h,\x00\x00\x02\x0e7\x00\x00\xe2\x11\x00\x00\xe8\x11\x00\x00\x05\xf0\x0e\x95T\x00\x00\x07\x17#\x00\x00\x05\xe7\x0e\x83\x0e\x00\x00|,\x00\x00-\xe8\x11\x00\x00\x01\x045\x00\x00\x03\x01h\x02\x08"\x00\x00\x02\x90\x19\x00\x00\n\x12\x00\x00\x0e\x12\x00\x00\x05\xf8\x0e\xb3T\x00\x00\x01\x9d\x19\x00\x00\x91,\x00\x00\x00\x02\xefU\x00\x00\x0e\x12\x00\x00&\x12\x00\x00\x05\xf8\x0e\xeaT\x00\x00\nptr\x00\x05\xe7\x0eL\x1b\x00\x00\t\x0e\x12\x00\x00&\x12\x00\x00\nmta\x00\x05U\n\xf2\x0e\x00\x00\x00\x00\x02\xaa\x19\x00\x00<\x12\x00\x00f\x12\x00\x00\x05\xfb\x0e\xcdU\x00\x00 b7\x00\x05\xe7\x0ew\x00\x00\x00\x00 b6\x00\x05\xe7\x0ew\x00\x00\x00\x00\rb5\x00\x05\xe7\x0ew\x00\x00\x00\xca,\x00\x00\rb4\x00\x05\xe7\x0ew\x00\x00\x00\xdd,\x00\x00\rb3\x00\x05\xe7\x0ew\x00\x00\x00\xf0,\x00\x00 b2\x00\x05\xe7\x0ew\x00\x00\x00\x01\rb1\x00\x05\xe7\x0ew\x00\x00\x00\x0f-\x00\x00cb0\x00\x05\xe7\x0ew\x00\x00\x00\x7f len\x00\x05\xe7\x0ew\x00\x00\x00\x07\t<\x12\x00\x00f\x12\x00\x00\x05\x8c\r\x00\x00\x05\xa9\n\x94\x07\x00\x00\x16\x046\x00\x00<\x12\x00\x00D\x12\x00\x00\x05\xa9\n\x02\x116\x00\x00D\x12\x00\x00P\x12\x00\x00\x05\xaf\n\xc1U\x00\x00\rlen\x00\x05\xa8\n*\x00\x00\x00.-\x00\x00\x00\x14f\x12\x00\x00\x01\x9e4\x00\x00\x00\x00*\xdc\x11\x00\x00\xcb3\x00\x00\x03\x06h\x93\x01i\x93\x01\x03\xf3\x01h\x03\x01f\x012\x00\x00\x1b\x02\xed\x18\x00\x00G^\x0b\x00\x00\x05T\n\xf2\x0e\x00\x00\x018\x00\x05\x00\x00\x01\x01\x14V\x00\x00\npdu\x00\x05\xd3\x0e\x14\x14\x00\x00\x00\'\x83!\x00\x00\x05\xd3\x0e\x015V\x00\x00\x0cpdu\x00\x05\xd3\x0e\x14\x14\x00\x00\x1d\x06\x07V\x00\x00\x00\x00>\x14V\x00\x00f\x12\x00\x00\xa8\x12\x00\x00\x03\x92 \x02\x01#W\x00\x00\x01!V\x00\x00B-\x00\x00\x02\x0e7\x00\x00r\x12\x00\x00x\x12\x00\x00\x05\xd5\x0e\x89V\x00\x00\x07\x17#\x00\x00\x05\xd3\x0e\x83\x0e\x00\x00h-\x00\x00-x\x12\x00\x00\x01\x045\x00\x00\x03\x01h\x01B\x00\x00\tx\x12\x00\x00\xa8\x12\x00\x00\x06\x07V\x00\x00\x15\xaa\x19\x00\x00x\x12\x00\x00\xa8\x12\x00\x00\x05\xd8\x0e\x0b\xb7\x19\x00\x00\x08N\xc3\x19\x00\x00\x7f\x0b\x10\x1a\x00\x00\x00\x0b\x05\x1a\x00\x00\x01\x0b\xfa\x19\x00\x004\x0b\xef\x19\x00\x00>\x0b\xe4\x19\x00\x00\x01\x0b\xd9\x19\x00\x00>\x0b\xce\x19\x00\x00\x01\tx\x12\x00\x00\xa8\x12\x00\x00\x06\x1b\x1a\x00\x00\x16\x046\x00\x00x\x12\x00\x00\x80\x12\x00\x00\x05\xa9\n\x02\x116\x00\x00\x80\x12\x00\x00\x8c\x12\x00\x00\x05\xaf\n\x15W\x00\x00\x0e|-\x00\x00\x00\x14\xa8\x12\x00\x00\x01\x9e4\x00\x00\x00\x00\x00\x008.\x13\x00\x00\x01\x01GW\x00\x00\x05\xcd#\x00\x00\x05\xc0\x0e?\x08\x00\x00\npdu\x00\x05\xbf\x0e\x14\x14\x00\x00\x00\';\x1f\x00\x00\x05\xbf\x0e\x01yW\x00\x00\x0cpdu\x00\x05\xbf\x0e\x14\x14\x00\x00\x05\xcd#\x00\x00\x05\xc0\x0e?\x08\x00\x00\x1d\x06.W\x00\x00\x06:W\x00\x00\x00\x00ZGW\x00\x00\xa8\x12\x00\x00\xfa\x12\x00\x00\x90-\x00\x00\x01\x94X\x00\x00\x01TW\x00\x00\xbf-\x00\x007`W\x00\x00\x00&\x0e7\x00\x00\xb8\x12\x00\x00\xa0\x03\x00\x00\x05\xc2\x0e\xd3W\x00\x00\x07\x17#\x00\x00\x05\xbf\x0e\x83\x0e\x00\x00\xe5-\x00\x00-\xc2\x12\x00\x00\x01\x045\x00\x00\x03\x01h\x01B\x00\x00\x1e\xb8\x03\x00\x00\x06.W\x00\x00\x06:W\x00\x00\x02\x94X\x00\x00\xc2\x12\x00\x00\xc6\x12\x00\x00\x05\xc7\x0e\x00X\x00\x00\x18\xc6\x12\x00\x00(%\x00\x00\x00M\xaa\x19\x00\x00\xcc\x12\x00\x00\xd0\x03\x00\x00\x05\xc9\x0e\x0b\xb7\x19\x00\x00\x08N\xc3\x19\x00\x00\x7f\x01\x10\x1a\x00\x00\xf9-\x00\x00\x01\x05\x1a\x00\x00\x0c.\x00\x00\x01\xfa\x19\x00\x00*.\x00\x00\x01\xef\x19\x00\x00=.\x00\x00\x0b\xe4\x19\x00\x00\x00\x0b\xd9\x19\x00\x00\x00\x0b\xce\x19\x00\x00\x00\x1e\xd0\x03\x00\x00\x06\x1b\x1a\x00\x00\x16\x046\x00\x00\xcc\x12\x00\x00\xd4\x12\x00\x00\x05\xa9\n\x02\x116\x00\x00\xd4\x12\x00\x00\xe0\x12\x00\x00\x05\xaf\n\x86X\x00\x00\x0eP.\x00\x00\x00\x14\xfa\x12\x00\x00\x01\x9e4\x00\x00\x00\x00\x00\x00G\x1e#\x00\x00\x05\xda\x16?\x08\x00\x00\x018\xef)\x00\x00\x01\x01\xd1X\x00\x00\x05."\x00\x00\x05F\x0ew\x00\x00\x00\x05\xe4\x0c\x00\x00\x05G\x0e\xd1\x0b\x00\x00\npdu\x00\x05E\x0e\x14\x14\x00\x00\x00\'\xaa#\x00\x00\x05E\x0e\x01\x14Y\x00\x00\x0cpdu\x00\x05E\x0e\x14\x14\x00\x00\x05."\x00\x00\x05F\x0ew\x00\x00\x00\x05\xe4\x0c\x00\x00\x05G\x0e\xd1\x0b\x00\x00\x1d\x06\xacX\x00\x00\x06\xb8X\x00\x00\x06\xc4X\x00\x00\x00\x00>\xd1X\x00\x00\xfa\x12\x00\x00>\x13\x00\x00\x03\x92 \x02\x01AZ\x00\x00\x01\xdeX\x00\x00d.\x00\x007\xeaX\x00\x00\x007\xf6X\x00\x00\x00\x02\x0e7\x00\x00\x06\x13\x00\x00\x0c\x13\x00\x00\x05J\x0etY\x00\x00\x07\x17#\x00\x00\x05E\x0e\x83\x0e\x00\x00\x8a.\x00\x00-\x0c\x13\x00\x00\x01\x045\x00\x00\x03\x01h\x01B\x00\x00\t\x0c\x13\x00\x00>\x13\x00\x007\xacX\x00\x00\x13\x06\xb8X\x00\x00\x06\xc4X\x00\x00\x02\x902\x00\x00\x0c\x13\x00\x00\x10\x13\x00\x00\x05N\x0e\xb2Y\x00\x00\x16\x9d2\x00\x00\x0c\x13\x00\x00\x10\x13\x00\x00\x05\xd8\x13\x00\x15\xaa\x19\x00\x00\x10\x13\x00\x00>\x13\x00\x00\x05P\x0e\x0b\xb7\x19\x00\x00\x08N\xc3\x19\x00\x00\x7f\x0b\x10\x1a\x00\x00\x00\x0b\x05\x1a\x00\x00\x00\x0b\xfa\x19\x00\x00\x00\x0b\xef\x19\x00\x00\x03\x0b\xe4\x19\x00\x00\x00\x01\xd9\x19\x00\x00\x9e.\x00\x00\x0b\xce\x19\x00\x00\x13\t\x10\x13\x00\x00>\x13\x00\x00\x06\x1b\x1a\x00\x00\x16\x046\x00\x00\x10\x13\x00\x00\x18\x13\x00\x00\x05\xa9\n\x02\x116\x00\x00\x18\x13\x00\x00$\x13\x00\x00\x05\xaf\n3Z\x00\x00\x0e\xc0.\x00\x00\x00\x14>\x13\x00\x00\x01\x9e4\x00\x00\x00\x00\x00\x00/\x04\x18\x00\x00\x05\x8f\x0c>\x13\x00\x00j\x13\x00\x00\x03\x92 \x02\x01\xf7Z\x00\x00Up\x1d\x00\x00\x05\x8f\x0c\xe1\x0c\x00\x00\xd4.\x00\x00M\xaa\x19\x00\x00>\x13\x00\x00\xf0\x03\x00\x00\x05\x90\x0c\x0b\xb7\x19\x00\x00\x08N\xc3\x19\x00\x00\x7f\x0b\x10\x1a\x00\x00\x00\x0b\x05\x1a\x00\x00\x00\x01\xfa\x19\x00\x00\xfa.\x00\x00\x01\xef\x19\x00\x00\r/\x00\x00\x0b\xe4\x19\x00\x00\x00\x0b\xd9\x19\x00\x00\x00\x0b\xce\x19\x00\x00\x08\x1e\xf0\x03\x00\x00\x06\x1b\x1a\x00\x00\x16\x046\x00\x00>\x13\x00\x00J\x13\x00\x00\x05\xa9\n\x02\x116\x00\x00J\x13\x00\x00R\x13\x00\x00\x05\xaf\n\xeaZ\x00\x00\x0e,/\x00\x00\x00\x14j\x13\x00\x00\x01\x9e4\x00\x00\x00\x00\x003\xf8\x16\x00\x00\x05\xca\x11\xe1\x0c\x00\x00\x01][\x00\x00\x0cptr\x00\x05\xca\x11\xf6\n\x00\x00\x12u#\x00\x00\x05\xca\x11?\x08\x00\x00\x12g\x19\x00\x00\x05\xca\x11\xe1\x0c\x00\x00\x12?#\x00\x00\x05\xca\x11\xd0\x03\x00\x00\x05\x17#\x00\x00\x05\xcb\x11\xe1\x0c\x00\x00\nidx\x00\x05\xcc\x11?\x08\x00\x00\x05\xf0\t\x00\x00\x05\xcf\x11w\x00\x00\x00\x00\'O\x1e\x00\x00\x05\x0e\x12\x01\x83[\x00\x00\x0cptr\x00\x05\x0e\x12\xf6\n\x00\x00\x12\x19\x1e\x00\x00\x05\x0e\x12?\x08\x00\x00\x008"!\x00\x00\x01\x01\xa7[\x00\x00\x0cptr\x00\x05\x0e\x12\xf6\n\x00\x00\x12\x19\x1e\x00\x00\x05\x0e\x12?\x08\x00\x00\x00H\x83%\x00\x00\x05\x9f\x0cj\x13\x00\x006\x14\x00\x00@/\x00\x00\x01\n]\x00\x00%pdu\x00\x05\x9f\x0c\x14\x14\x00\x00o/\x00\x00\x07(\x1d\x00\x00\x05\xa0\x0c?\x08\x00\x00\x95/\x00\x00\x07p\x1d\x00\x00\x05\xa1\x0c\xe1\x0c\x00\x00\xdf/\x00\x00\rptr\x00\x05\xa2\x0c\xf6\n\x00\x00\xff/\x00\x00&\x0e7\x00\x00\x80\x13\x00\x00\x08\x04\x00\x00\x05\xa6\x0c5\\\x00\x00\x07\x17#\x00\x00\x05\x9f\x0c\x83\x0e\x00\x00Q0\x00\x00-\x8a\x13\x00\x00\x01\x045\x00\x00\x03\x01h\x01B\x00\x00\x02\xf7Z\x00\x00\xac\x13\x00\x00\xda\x13\x00\x00\x05\xb8\x0c\x7f\\\x00\x00\x13,[\x00\x00\x13 [\x00\x00\x13\x14[\x00\x00\x13\x08[\x00\x00\t\xac\x13\x00\x00\xda\x13\x00\x00\x048[\x00\x00e0\x00\x00\x06D[\x00\x00\x04P[\x00\x00\x8d0\x00\x00\x00\x00\x02][\x00\x00\xe2\x13\x00\x000\x14\x00\x00\x05\xbb\x0c\xe5\\\x00\x00_v[\x00\x00\x0cf\x93\x01g\x93\x01h\x93\x01i\x93\x01\x01j[\x00\x00\xaa0\x00\x00=\x83[\x00\x00\xf6\x13\x00\x000\x14\x00\x00\x01\x9a[\x00\x00\xd10\x00\x00\x01\x8e[\x00\x00\xef0\x00\x00\x15\n]\x00\x00\xf6\x13\x00\x00\xfc\x13\x00\x00\x05\x14\x12\x0e\x161\x00\x00\x00\x00\x00.r\x13\x00\x00\x084\x00\x00\xff\\\x00\x00\x03\x06h\x93\x01i\x93\x01\x03\xf3\x01h\x00\x14\xe2\x13\x00\x00\x01AZ\x00\x00\x00(\x80\r\x00\x00\x05/\x10\x01/x\x15\x00\x00\x05\xcc\x0b6\x14\x00\x00\xb8\x14\x00\x00\x03\x92 \x02\x01\xa8^\x00\x00%pdu\x00\x05\xcc\x0b\x14\x14\x00\x00*1\x00\x00\x05\xac\x04\x00\x00\x05\xcd\x0bw\x00\x00\x00\x1fo%\x00\x00\x05\xce\x0b\xf6\n\x00\x00\x05\x03"\x05\x80\x00\x07\xb8\x0f\x00\x00\x05\xcf\x0b?\x08\x00\x00p1\x00\x00\x81\x01\\%\x00\x00\x05\xd0\x0b\xd0\x03\x00\x00\x01\x02|;\x00\x006\x14\x00\x00@\x14\x00\x00\x05\xcd\x0b\xad]\x00\x00\x07\xfd\x03\x00\x00\x05\xcc\x0bw\x00\x00\x00\xb51\x00\x00\rpdu\x00\x05\xcc\x0b\x14\x14\x00\x00\xc91\x00\x00\x00\x02\xefU\x00\x00R\x14\x00\x00b\x14\x00\x00\x05\xe9\x0b\xe8]\x00\x00\rptr\x00\x05\xcc\x0bL\x1b\x00\x00\xe11\x00\x00\tR\x14\x00\x00b\x14\x00\x00\nmta\x00\x05U\n\xf2\x0e\x00\x00\x00\x00\x02\x90\x19\x00\x00b\x14\x00\x00v\x14\x00\x00\x05\xe9\x0b\x06^\x00\x00\x01\x9d\x19\x00\x00\xf81\x00\x00\x00M\xaa\x19\x00\x00v\x14\x00\x00 \x04\x00\x00\x05\xeb\x0b\x01\xb7\x19\x00\x00\x1a2\x00\x00\x01\xc3\x19\x00\x00.2\x00\x00\x01\x10\x1a\x00\x00C2\x00\x00\x01\x05\x1a\x00\x00C2\x00\x00\x01\xfa\x19\x00\x00C2\x00\x00\x01\xef\x19\x00\x00W2\x00\x00\x01\xe4\x19\x00\x00C2\x00\x00\x01\xd9\x19\x00\x00C2\x00\x00\x01\xce\x19\x00\x00C2\x00\x00\x1e \x04\x00\x00\x06\x1b\x1a\x00\x00\x16\x046\x00\x00v\x14\x00\x00~\x14\x00\x00\x05\xa9\n\x02\x116\x00\x00~\x14\x00\x00\x8a\x14\x00\x00\x05\xaf\n\x9b^\x00\x00\x0ev2\x00\x00\x00\x14\xa0\x14\x00\x00\x01\x9e4\x00\x00\x00\x00\x00/\xb5\x03\x00\x00\x05\xb4\x0b\xb8\x14\x00\x00\xe4\x14\x00\x00\x03\x92 \x02\x01j_\x00\x00%pdu\x00\x05\xb4\x0b\x14\x14\x00\x00\x8a2\x00\x00\x81\x01F\x07\x00\x00\x05\xb5\x0bw\x00\x00\x00\x00\x15\xaa\x19\x00\x00\xb8\x14\x00\x00\xe4\x14\x00\x00\x05\xc1\x0b\x0b\xb7\x19\x00\x00\x08N\xc3\x19\x00\x00\x7f\x0b\x10\x1a\x00\x00\n\x0b\x05\x1a\x00\x00\x00\x0b\xfa\x19\x00\x00\x00N\xef\x19\x00\x00\x7f\x0b\xe4\x19\x00\x00\x00\x0b\xd9\x19\x00\x00\x00\x0b\xce\x19\x00\x00\x00\t\xb8\x14\x00\x00\xe4\x14\x00\x00\x06\x1b\x1a\x00\x00\x16\x046\x00\x00\xb8\x14\x00\x00\xc4\x14\x00\x00\x05\xa9\n\x02\x116\x00\x00\xc4\x14\x00\x00\xcc\x14\x00\x00\x05\xaf\n]_\x00\x00\x0e\xb02\x00\x00\x00\x14\xe4\x14\x00\x00\x01\x9e4\x00\x00\x00\x00\x00/N\r\x00\x00\x05\x9c\x0b\xe4\x14\x00\x00\n\x15\x00\x00\x03\x92 \x02\x01g`\x00\x00%pdu\x00\x05\x9c\x0b\x14\x14\x00\x00\xc42\x00\x00\x15\xaa\x19\x00\x00\xe4\x14\x00\x00\n\x15\x00\x00\x05\x9f\x0b b7\x00\x05\x9c\x0bw\x00\x00\x00\x00 b6\x00\x05\x9c\x0bw\x00\x00\x00\x00 b5\x00\x05\x9c\x0bw\x00\x00\x00\x00 b4\x00\x05\x9c\x0bw\x00\x00\x00\x00 b3\x00\x05\x9c\x0bw\x00\x00\x00\x00 b2\x00\x05\x9c\x0bw\x00\x00\x00\x00 b1\x00\x05\x9c\x0bw\x00\x00\x00\x00cb0\x00\x05\x9c\x0bw\x00\x00\x00\x7f len\x00\x05\x9c\x0bw\x00\x00\x00\x06\t\xe4\x14\x00\x00\n\x15\x00\x00\x05\x8c\r\x00\x00\x05\xa9\n\x94\x07\x00\x00\x16\x046\x00\x00\xe4\x14\x00\x00\xf0\x14\x00\x00\x05\xa9\n\x02\x116\x00\x00\xf0\x14\x00\x00\xf8\x14\x00\x00\x05\xaf\nZ`\x00\x00\rlen\x00\x05\xa8\n*\x00\x00\x00\xea2\x00\x00\x00\x14\n\x15\x00\x00\x01\x9e4\x00\x00\x00\x00\x00/\x00#\x00\x00\x05h\x0b\n\x15\x00\x00J\x15\x00\x00\x03\x92 \x02\x01;a\x00\x00%pdu\x00\x05h\x0b\x14\x14\x00\x00\xfe2\x00\x00\x07\xb3\x0e\x00\x00\x05i\x0bw\x00\x00\x00$3\x00\x00\x07J\x19\x00\x00\x05j\x0bw\x00\x00\x00D3\x00\x00\x15\xaa\x19\x00\x00\x18\x15\x00\x00J\x15\x00\x00\x05\x8b\x0b\x0b\xb7\x19\x00\x00\x08N\xc3\x19\x00\x00\x7f\x0b\x10\x1a\x00\x00\x01\x0b\x05\x1a\x00\x00\x01\x0b\xfa\x19\x00\x00\x00\x0b\xef\x19\x00\x00@\x0b\xe4\x19\x00\x00@N\xd9\x19\x00\x00@\x0b\xce\x19\x00\x00\x15\t\x18\x15\x00\x00J\x15\x00\x00\x06\x1b\x1a\x00\x00\x16\x046\x00\x00\x18\x15\x00\x00 \x15\x00\x00\x05\xa9\n\x02\x116\x00\x00 \x15\x00\x00,\x15\x00\x00\x05\xaf\n.a\x00\x00\x0ee3\x00\x00\x00\x14J\x15\x00\x00\x01\x9e4\x00\x00\x00\x00\x00\x1b\x02O\x08\x00\x00\x17;a\x00\x00a\xa6\x08\x00\x00J\x15\x00\x00\x9c\x15\x00\x00y3\x00\x00`a\x00\x00\x01\xb1a\x00\x00:b\x08\x00\x00Aa\x00\x00\x01\xa83\x00\x00`M$\x00\x00\x05(\xf6/\x00\x00\xee3\x00\x00<\xb1a\x00\x00R\x15\x00\x00V\x15\x00\x00\x05)\xa0a\x00\x00\xa8\x01b\x08\x00\x00Aa\x00\x00\x01$4\x00\x00\x00?h\x15\x00\x00\x03\x06h\x93\x01i\x93\x01\x011\x00\x00Y\xc2\x08\x00\x00\x03,\xe3\x08\x00\x00\x03\xc5a\x00\x00\xdba\x00\x00+b\x08\x00\x00Aa\x00\x00\x01"\x19\x1e\x00\x00\x05\x0e+\x01\x00\x00\x00I\x1e\x1e\x00\x00\t7d\x1a\x00\x00\x01\xf7a\x00\x00"\x19\x1e\x00\x00\t7\x03b\x00\x00\x00\xa9\x01std\x00\x16\x00\x0fb\x00\x004C\'\x00\x00\x14\'+\x01\x00\x00\x00I%\x18\x00\x00\t/d\x1a\x00\x00\x016b\x00\x00"\x19\x1e\x00\x00\t/\x03b\x00\x006res\x00\t0d\x1a\x00\x00\x00I\xfb\x1e\x00\x00\t\'d\x1a\x00\x00\x01Rb\x00\x00"\x19\x1e\x00\x00\t\'\x03b\x00\x00\x00q\x08 \x00\x00\x9c\x15\x00\x00\xa8\x16\x00\x00<4\x00\x00lb\x00\x00\x01\x80d\x00\x00\x01\x16 \x00\x00\xd24\x00\x00\x016 \x00\x00\x155\x00\x00\x01A \x00\x00K5\x00\x00\x0b+ \x00\x00@_  \x00\x00\x06\x039\x08\x80\x00\x9f<M!\x00\x00\xb8\x15\x00\x00\xe4\x15\x00\x00\x08pUc\x00\x00\x01e!\x00\x00w5\x00\x00\x01p!\x00\x00\x8b5\x00\x00\x01[!\x00\x00\xa05\x00\x00))!\x00\x00\xca\x15\x00\x00\xe4\x15\x00\x00\x08,\x01A!\x00\x00\xc85\x00\x00\x017!\x00\x00\xdd5\x00\x00)\xdba\x00\x00\xca\x15\x00\x00\xd2\x15\x00\x00\x05S\x01\xeba\x00\x00\xf25\x00\x00)\x0fb\x00\x00\xca\x15\x00\x00\xd2\x15\x00\x00\t8\x01\x1fb\x00\x00\xf25\x00\x00\t\xca\x15\x00\x00\xd2\x15\x00\x00\x06*b\x00\x00)6b\x00\x00\xca\x15\x00\x00\xd2\x15\x00\x00\t0\x01Fb\x00\x00\xf25\x00\x00?\xd2\x15\x00\x00\x03\x06h\x93\x01i\x93\x01\x02\x08@\x00\x00\x00\x00\x00\x00\x00E\xb7a\x00\x00\xfa\x15\x00\x008\x04\x00\x00\x08p\xd6c\x00\x00\x01\xcfa\x00\x00\x076\x00\x00\x01\xc5a\x00\x00\x1f6\x00\x00h\xdba\x00\x00\x00\x16\x00\x00P\x04\x00\x00\x05\x0f\x01\xeba\x00\x0046\x00\x00h\x0fb\x00\x00\x00\x16\x00\x00P\x04\x00\x00\t8\x01\x1fb\x00\x0046\x00\x00\x1eP\x04\x00\x00\x06*b\x00\x00h6b\x00\x00\x00\x16\x00\x00P\x04\x00\x00\t0\x01Fb\x00\x00[6\x00\x00V\x0c\x16\x00\x00\x00\x00\x00\x00\x00<\x80d\x00\x00.\x16\x00\x00h\x16\x00\x00\x08q\x1ed\x00\x00\x0es6\x00\x00$)\xb5 \x00\x00.\x16\x00\x00h\x16\x00\x00\x08;\x13\xc3 \x00\x00\x01\xcd \x00\x00\x9b6\x00\x00?D\x16\x00\x00\x03\x06h\x93\x01i\x93\x01\x011\x00\x00\x00)\xce\x1f\x00\x00z\x16\x00\x00\x92\x16\x00\x00\x08s_\xf1\x1f\x00\x00\x02\x8c\x01\x01\xe6\x1f\x00\x00\xb36\x00\x00\x01\xdc\x1f\x00\x00\xcb6\x00\x00=\xfc\x1f\x00\x00z\x16\x00\x00\x92\x16\x00\x00\x04\xfd\x1f\x00\x00\xf06\x00\x00*\x86\x16\x00\x00Fa\x00\x00\x03\x06h\x93\x01i\x93\x01\x02\x80\x00\x03\x06f\x93\x01g\x93\x01\x02\x8c\x01\x00\x00\x00\x00Y\xab\x02\x00\x00\x03,\xff\x08\x00\x00\x03\x94d\x00\x00\xa8d\x00\x00+b\x08\x00\x00Aa\x00\x00\x016x\x00\x05 ?\x00\x00\x00\x00a\xd8\t\x00\x00\xa8\x16\x00\x00\x8c\x17\x00\x00\x147\x00\x00\xc2d\x00\x00\x01Ue\x00\x00:b\x08\x00\x00\xc9\x1f\x00\x00\x01\x907\x00\x00`x\x04\x00\x00\x08w*\x00\x00\x00\xd87\x00\x00\t\xce\x16\x00\x00>\x17\x00\x00\x19\xbb)\x00\x00\x08y?\x00\x00\x00<\x86d\x00\x00\xda\x16\x00\x00*\x17\x00\x00\x08y3e\x00\x00\x01\x94d\x00\x00\x0c8\x00\x00\t\xda\x16\x00\x00*\x17\x00\x00\x04\x9ed\x00\x00A8\x00\x00?\xe8\x16\x00\x00\x03\x06h\x93\x01i\x93\x01\x011\x00\x00\x00*6\x17\x00\x00Fa\x00\x00\x03\x06h\x93\x01i\x93\x01\x02\x80\x13\x03\x06f\x93\x01g\x93\x01\x02\x8c\x01\x00\x00\x008\x82\x0c\x00\x00\x01\x01\x9be\x00\x00\x0cdst\x00\x05T\x15d\x1a\x00\x00\x0csrc\x00\x05T\x15F\x1b\x00\x00\x0clen\x00\x05T\x15?\x08\x00\x00\npd\x00\x05U\x15\x94\x07\x00\x00\nps\x00\x05V\x15\xf6\n\x00\x00\x00\'\xb3\x08\x00\x00\x05T\x15\x01\x00f\x00\x00\x0cdst\x00\x05T\x15d\x1a\x00\x00\x0csrc\x00\x05T\x15F\x1b\x00\x00\x0clen\x00\x05T\x15?\x08\x00\x00\npd\x00\x05U\x15\x94\x07\x00\x00\nps\x00\x05V\x15\xf6\n\x00\x00\x1d\x13xe\x00\x00\x13le\x00\x00\x13`e\x00\x00\x1d\x06\x84e\x00\x00\x06\x8fe\x00\x00\x00\x00\x00>\x9be\x00\x00\x8c\x17\x00\x00\xb4\x17\x00\x00\x03\x92 \x02\x01\x93f\x00\x00\x01\xa8e\x00\x00Y8\x00\x00\x01\xb4e\x00\x00\x9d8\x00\x00\x01\xc0e\x00\x00\xd38\x00\x00\x04\xcce\x00\x00#9\x00\x00\x04\xd7e\x00\x00g9\x00\x00LUe\x00\x00\xa2\x17\x00\x00\xb2\x17\x00\x00\x8df\x00\x00_xe\x00\x00\x0cb\x93\x01c\x93\x01d\x93\x01e\x93\x01\x13le\x00\x00\x13`e\x00\x00\t\xa2\x17\x00\x00\xb2\x17\x00\x00\x04\x84e\x00\x00\x9d9\x00\x00\x04\x8fe\x00\x00\xe39\x00\x00\x00\x00V\x94\x17\x00\x00\x00\xaa\x01\x0c\x14\x00\x00\x01\xb4\x17\x00\x00\x96\x18\x00\x00\x18:\x00\x00\x01/h\x00\x00\x05\x8c\r\x00\x00\x05\xe8\n\x94\x07\x00\x00\x07u#\x00\x00\x05\xe9\nw\x00\x00\x00n:\x00\x00\rdst\x00\x05\xea\n\xf2\x0e\x00\x00\x81:\x00\x00\x16\x046\x00\x00\xbe\x17\x00\x00\xc6\x17\x00\x00\x05\xef\n\x02\x116\x00\x00\xe6\x17\x00\x00\xee\x17\x00\x00\x05\xfa\n\x0cg\x00\x00\rlen\x00\x05\xe7\n*\x00\x00\x00\xd7:\x00\x00\x00\x02/h\x00\x00\xf6\x17\x00\x00\xfe\x17\x00\x00\x05\xfe\nZg\x00\x00\rlen\x00\x05\xe7\n?\x08\x00\x00\xf1:\x00\x00\rsrc\x00\x05\xe7\n\xf2\x0e\x00\x00\x0f;\x00\x00\rdst\x00\x05\xe7\n\xf2\x0e\x00\x00*;\x00\x00\x18\xfe\x17\x00\x00\x9be\x00\x00\x00\x028h\x00\x00<\x18\x00\x00D\x18\x00\x00\x05\x0b\x0b\xa0g\x00\x00\x07\xae \x00\x00\x05\xe7\n\xd0\x03\x00\x00G;\x00\x00\x15\n]\x00\x00<\x18\x00\x00@\x18\x00\x00\x05\xe1\n\x07<\'\x00\x00\x05\xdf\n\xd0\x03\x00\x00[;\x00\x00\x00\x00\x02\x116\x00\x00P\x18\x00\x00\\\x18\x00\x00\x05\x02\x0b\xc5g\x00\x00\rlen\x00\x05\xe7\n*\x00\x00\x00o;\x00\x00\x00\x02/h\x00\x00\\\x18\x00\x00h\x18\x00\x00\x05\x04\x0b%h\x00\x00\rlen\x00\x05\xe7\n?\x08\x00\x00\x84;\x00\x00\rsrc\x00\x05\xe7\n\xf2\x0e\x00\x00\x99;\x00\x00\rdst\x00\x05\xe7\n\xf2\x0e\x00\x00\xb4;\x00\x00*h\x18\x00\x00\x9be\x00\x00\x03\x0cb\x93\x01c\x93\x01d\x93\x01e\x93\x01\x02\x08?\x00\x00\x184\x18\x00\x00\x9e4\x00\x00\x00(\xe3\x14\x00\x00\x05\xc9\x0f\x01(\xcf)\x00\x00\x05\xdf\n\x01\'\xca \x00\x00\x05\x12\x0b\x01gh\x00\x00\x0clen\x00\x05\x12\x0bw\x00\x00\x00\x05\x8c\r\x00\x00\x05\x13\x0b\x94\x07\x00\x00\x00\'\xb4 \x00\x00\x05\xe7\n\x01\x99h\x00\x00\x05\x8c\r\x00\x00\x05\xe8\n\x94\x07\x00\x00\x05u#\x00\x00\x05\xe9\nw\x00\x00\x00\ndst\x00\x05\xea\n\xf2\x0e\x00\x00\x00H\xc7\x17\x00\x00\x05m\x0c\x96\x18\x00\x00\xee\x18\x00\x00\xd1;\x00\x00\x01\rj\x00\x00%pdu\x00\x05m\x0c\x14\x14\x00\x00\xf3;\x00\x00\nlen\x00\x05n\x0cw\x00\x00\x00\x02|;\x00\x00\x98\x18\x00\x00\xa2\x18\x00\x00\x05n\x0c\x03i\x00\x00\x07\xfd\x03\x00\x00\x05m\x0cw\x00\x00\x00g<\x00\x00\rpdu\x00\x05m\x0c\x14\x14\x00\x00{<\x00\x00\x00\x02\x0e7\x00\x00\xb0\x18\x00\x00\xb2\x18\x00\x00\x05r\x0c(i\x00\x00\x07\x17#\x00\x00\x05m\x0c\x83\x0e\x00\x00\x93<\x00\x00\x00\x02|;\x00\x00\xc0\x18\x00\x00\xc2\x18\x00\x00\x05y\x0c]i\x00\x00\x07\xfd\x03\x00\x00\x05m\x0cw\x00\x00\x00\xa7<\x00\x00\rpdu\x00\x05m\x0c\x14\x14\x00\x00\xbb<\x00\x00\x00&Ah\x00\x00\xda\x18\x00\x00h\x04\x00\x00\x05{\x0c\xeci\x00\x00\x01Nh\x00\x00\xd3<\x00\x00\x1eh\x04\x00\x00\x06Zh\x00\x00\x028h\x00\x00\xde\x18\x00\x00\xe8\x18\x00\x00\x05&\x0b\xb4i\x00\x00\x0e\xf5<\x00\x00\x15\n]\x00\x00\xde\x18\x00\x00\xe4\x18\x00\x00\x05\xe1\n\x0e\t=\x00\x00\x00\x00\x15gh\x00\x00\xea\x18\x00\x00\xee\x18\x00\x00\x05\'\x0b\t\xea\x18\x00\x00\xee\x18\x00\x007th\x00\x00\x007\x80h\x00\x00\x00\x06\x8ch\x00\x00\x14\xee\x18\x00\x00\x01\x93f\x00\x00\x00\x00\x00\x00\x14\xb8\x18\x00\x00\x01\x045\x00\x00*\xca\x18\x00\x00\x084\x00\x00\x03\x06h\x93\x01i\x93\x01\x03\xf3\x01h\x00\x00/\xa6\x10\x00\x00\x05V\x0c\xee\x18\x00\x00\x1e\x19\x00\x00\x03\x92 \x02\x014k\x00\x00%pdu\x00\x05V\x0c\x14\x14\x00\x00\x1d=\x00\x00\nlen\x00\x05W\x0cw\x00\x00\x00\x02\x0e7\x00\x00\xfc\x18\x00\x00\x02\x19\x00\x00\x05[\x0cwj\x00\x00\x07\x17#\x00\x00\x05V\x0c\x83\x0e\x00\x00q=\x00\x00-\x02\x19\x00\x00\x01\x045\x00\x00\x03\x01h\x01B\x00\x00\x02|;\x00\x00\x02\x19\x00\x00\x0c\x19\x00\x00\x05W\x0c\xa4j\x00\x00\x05\xfd\x03\x00\x00\x05V\x0cw\x00\x00\x00\npdu\x00\x05V\x0c\x14\x14\x00\x00\x00\x15Ah\x00\x00\x0c\x19\x00\x00\x1e\x19\x00\x00\x05f\x0c\x01Nh\x00\x00\x85=\x00\x00\t\x0c\x19\x00\x00\x1e\x19\x00\x00\x06Zh\x00\x00\x028h\x00\x00\x10\x19\x00\x00\x1a\x19\x00\x00\x05&\x0b\xfbj\x00\x00\x0e\x9d=\x00\x00\x15\n]\x00\x00\x10\x19\x00\x00\x16\x19\x00\x00\x05\xe1\n\x0e\xb1=\x00\x00\x00\x00\x15gh\x00\x00\x1a\x19\x00\x00\x1e\x19\x00\x00\x05\'\x0b\t\x1a\x19\x00\x00\x1e\x19\x00\x007th\x00\x00\x007\x80h\x00\x00\x00\x06\x8ch\x00\x00\x14\x1e\x19\x00\x00\x01\x93f\x00\x00\x00\x00\x00\x00\x00H\xd8\x06\x00\x00\x05 \r\x1e\x19\x00\x00\xb6\x19\x00\x00\xc5=\x00\x00\x01\x89l\x00\x00%pdu\x00\x05 \r\x14\x14\x00\x005>\x00\x00\nlen\x00\x05!\rw\x00\x00\x00\x056\x08\x00\x00\x05"\rw\x00\x00\x00\x1f\xe3\x11\x00\x00\x05#\r?\x08\x00\x00\x0ch\x93\x01i\x93\x01j\x93\x01k\x93\x01\rsrc\x00\x05$\r\xf2\x0e\x00\x00[>\x00\x00\ndst\x00\x05%\r\xf2\x0e\x00\x00\x02|;\x00\x00,\x19\x00\x006\x19\x00\x00\x05!\r\xdfk\x00\x00\x07\xfd\x03\x00\x00\x05 \rw\x00\x00\x00\x9e>\x00\x00\rpdu\x00\x05 \r\x14\x14\x00\x00\xb2>\x00\x00\x00\x02\x0e7\x00\x00J\x19\x00\x00L\x19\x00\x00\x05+\r\x04l\x00\x00\x07\x17#\x00\x00\x05 \r\x83\x0e\x00\x00\xca>\x00\x00\x00\x02/h\x00\x00n\x19\x00\x00|\x19\x00\x00\x054\rZl\x00\x00\rlen\x00\x05 \r?\x08\x00\x00\xde>\x00\x00\rsrc\x00\x05 \r\xf2\x0e\x00\x00\xfc>\x00\x00\ndst\x00\x05 \r\xf2\x0e\x00\x00*|\x19\x00\x00\x9be\x00\x00\x03\x06f\x93\x01g\x93\x01\x02\x80\x08\x00\x00.:\x19\x00\x00\x084\x00\x00tl\x00\x00\x03\x06h\x93\x01i\x93\x01\x03\xf3\x01h\x00\x14^\x19\x00\x00\x01\x045\x00\x00\x14\xb6\x19\x00\x00\x01\x8c7\x00\x00\x008>\x0f\x00\x00\x01\x01\xc5l\x00\x00\x12\xe3\x11\x00\x00\x05\x8d\x10?\x08\x00\x00\x0clen\x00\x05\x8d\x10?\x08\x00\x00\next\x00\x05\x8d\x10w\x00\x00\x00\nsrc\x00\x05\x8e\x10\xf2\x0e\x00\x00\x00H\x95\x10\x00\x00\x05\xd6\x0c\xb6\x19\x00\x00>\x1a\x00\x00-?\x00\x00\x01\xd8m\x00\x00%pdu\x00\x05\xd6\x0c\x14\x14\x00\x00v?\x00\x00\nlen\x00\x05\xd7\x0cw\x00\x00\x00\xab\x01\xc6\x14\x00\x00\x05\xd8\x0c5\x00\x00\x00\xc2=\x02|;\x00\x00\xbe\x19\x00\x00\xc8\x19\x00\x00\x05\xd7\x0c>m\x00\x00\x07\xfd\x03\x00\x00\x05\xd6\x0cw\x00\x00\x00\xca?\x00\x00\rpdu\x00\x05\xd6\x0c\x14\x14\x00\x00\xde?\x00\x00\x00\x02\x0e7\x00\x00\xd6\x19\x00\x00\xd8\x19\x00\x00\x05\xdb\x0ccm\x00\x00\x07\x17#\x00\x00\x05\xd6\x0c\x83\x0e\x00\x00\xf6?\x00\x00\x00\x02\x89l\x00\x00\xfa\x19\x00\x002\x1a\x00\x00\x05\xf2\x0c\xc3m\x00\x00\x01\xa0l\x00\x00\n@\x00\x00\x01\x94l\x00\x00(@\x00\x00\t\xfa\x19\x00\x002\x1a\x00\x00\x06\xacl\x00\x00\x06\xb8l\x00\x00\x15/h\x00\x00\xfa\x19\x00\x00\n\x1a\x00\x00\x05\x92\x10\x0eR@\x00\x00$\x0ep@\x00\x00\x18\n\x1a\x00\x00\x9be\x00\x00\x00\x00\x00\x14\xe4\x19\x00\x00\x01\x045\x00\x00\x14>\x1a\x00\x00\x01\x8c7\x00\x00\x008)&\x00\x00\x01\x01\xfcm\x00\x00\x0cpdu\x00\x05\x12\r\x14\x14\x00\x00\nsrc\x00\x05\x13\r\xf2\x0e\x00\x00\x00\'\xbe\x12\x00\x00\x05\x12\r\x010n\x00\x00\x0cpdu\x00\x05\x12\r\x14\x14\x00\x00\nsrc\x00\x05\x13\r\xf2\x0e\x00\x00\x1d\x13\xe3m\x00\x00\x1d\x06\xefm\x00\x00\x00\x00\x00>\xfcm\x00\x00>\x1a\x00\x00\x9a\x1a\x00\x00\x03\x92 \x02\x01,o\x00\x00\x01\tn\x00\x00\x8b@\x00\x00\x06\x15n\x00\x00\x02\x0e7\x00\x00L\x1a\x00\x00T\x1a\x00\x00\x05\x17\r\x89n\x00\x00\x07\x17#\x00\x00\x05\x12\r\x83\x0e\x00\x00\xdf@\x00\x00-R\x1a\x00\x00\x01\x045\x00\x00\x03\x01h\x01B\x00\x00=\xd8m\x00\x00T\x1a\x00\x00\x9a\x1a\x00\x00\x01\xe3m\x00\x00\xf3@\x00\x00\tT\x1a\x00\x00\x9a\x1a\x00\x00\x06\xefm\x00\x00\x02\x89l\x00\x00\\\x1a\x00\x00\x96\x1a\x00\x00\x05\x18\r\x1fo\x00\x00\x01\xa0l\x00\x00\x19A\x00\x00\x01\x94l\x00\x00.A\x00\x00\t\\\x1a\x00\x00\x96\x1a\x00\x00\x06\xacl\x00\x00\x06\xb8l\x00\x00\x15/h\x00\x00\\\x1a\x00\x00p\x1a\x00\x00\x05\x92\x10\x0e\\A\x00\x00$\x0eqA\x00\x00*p\x1a\x00\x00\x9be\x00\x00\x03\x0cb\x93\x01c\x93\x01d\x93\x01e\x93\x01\x02\x08?\x00\x00\x00\x00\x14\x9a\x1a\x00\x00\x01\x8c7\x00\x00\x00\x00\x00/.\x1b\x00\x00\x05\x05\x15\x9a\x1a\x00\x00\xe2\x1a\x00\x00\x03\x92 \x02\x01\x8do\x00\x00\ridx\x00\x05\x06\x15w\x00\x00\x00\x8cA\x00\x00\x15(\x1a\x00\x00\xa4\x1a\x00\x00\xe0\x1a\x00\x00\x05\x0b\x15\x01A\x1a\x00\x00\xd0A\x00\x00\x01M\x1a\x00\x00\xe4A\x00\x00\x135\x1a\x00\x00\t\xa4\x1a\x00\x00\xe0\x1a\x00\x00\x06Y\x1a\x00\x00\x00\x00\x00(e\x14\x00\x00\x05[\x13\x01/\x82\x03\x00\x00\x05\x94\x0b\xe2\x1a\x00\x00\x08\x1b\x00\x00\x03\x92 \x02\x017p\x00\x00%pdu\x00\x05\x94\x0b\x14\x14\x00\x00\xacB\x00\x00\x02\x0e7\x00\x00\xee\x1a\x00\x00\xf4\x1a\x00\x00\x05\x97\x0b\xf4o\x00\x00\x07\x17#\x00\x00\x05\x94\x0b\x83\x0e\x00\x00\xd2B\x00\x00-\xf4\x1a\x00\x00\x01\x045\x00\x00\x03\x01h\x01B\x00\x00\x027p\x00\x00\xf8\x1a\x00\x00\x08\x1b\x00\x00\x05\x99\x0b-p\x00\x00\x15\x8do\x00\x00\xf8\x1a\x00\x00\x08\x1b\x00\x00\x05>\n\x18\x04\x1b\x00\x00\xe42\x00\x00\x14\x08\x1b\x00\x00\x01,o\x00\x00\x00\x00\x18\xf8\x1a\x00\x00\x8c7\x00\x00\x00(i)\x00\x00\x05:\n\x01,\xc3\x01\x00\x00\x03Np\x00\x00Yp\x00\x00+b\x08\x00\x00\xaa \x00\x00\x01\x00S\xe6\x15\x00\x00\tZ\x01qp\x00\x005ptr\x00\tZd\x1a\x00\x00\x00Su \x00\x00\tW\x01\x89p\x00\x005ptr\x00\tWd\x1a\x00\x00\x00b\xcd\x02\x00\x00\x08\x1b\x00\x00 \x1b\x00\x00\x03\x92 \x02\xa3p\x00\x00\x01\x00q\x00\x00:b\x08\x00\x003\x03\x00\x00\x01\xe6B\x00\x00)@p\x00\x00\x12\x1b\x00\x00\x1e\x1b\x00\x00\x08/\x13Np\x00\x00)Yp\x00\x00\x1a\x1b\x00\x00\x1e\x1b\x00\x00\x05[\x01ep\x00\x00,C\x00\x00)qp\x00\x00\x1a\x1b\x00\x00\x1e\x1b\x00\x00\t[\x01}p\x00\x00,C\x00\x00\xac\x01\x1e\x1b\x00\x00\x01\x00\x00\x00\x00a\xe4\x02\x00\x00 \x1b\x00\x004\x1b\x00\x00DC\x00\x00\x1aq\x00\x00\x01jq\x00\x00:b\x08\x00\x003\x03\x00\x00\x01sC\x00\x00Eqp\x00\x00*\x1b\x00\x00\x80\x04\x00\x00\x080Xq\x00\x00\x01}p\x00\x00\xb9C\x00\x00d4\x1b\x00\x00\x01\x03\x06h\x93\x01i\x93\x01\x03\xf3\x01h\x00\x00?*\x1b\x00\x00\x03\x06h\x93\x01i\x93\x01\x02\x8c\x00\x00\x00\x82\x01\x9f\x03\x00\x00\x08R4\x1b\x00\x00B\x1b\x00\x00\x03\x92 \x02\x87q\x00\x00\x01\xadq\x00\x00:b\x08\x00\x00\x82!\x00\x00\x01\xefC\x00\x00-B\x1b\x00\x00\x01\x89p\x00\x00\x03\x06h\x93\x01i\x93\x01\x03\xf3\x01h\x00\x00i\xb5\x03\x00\x00\x08RB\x1b\x00\x00V\x1b\x00\x00\x15D\x00\x00\xc9q\x00\x00\x01\x19r\x00\x00:b\x08\x00\x00\x82!\x00\x00\x01DD\x00\x00Eqp\x00\x00L\x1b\x00\x00\x98\x04\x00\x00\x08R\x07r\x00\x00\x01}p\x00\x00\x8aD\x00\x00dV\x1b\x00\x00\x01\x03\x06h\x93\x01i\x93\x01\x03\xf3\x01h\x00\x00?L\x1b\x00\x00\x03\x06h\x93\x01i\x93\x01\x02\x8c\x00\x00\x00,\x1b\t\x00\x00\x03\'r\x00\x002r\x00\x00+b\x08\x00\x00Aa\x00\x00\x01\x00i\xfc\t\x00\x00\x08lV\x1b\x00\x00z\x1b\x00\x00\xc0D\x00\x00Nr\x00\x00\x01\xc8r\x00\x00:b\x08\x00\x00\xc9\x1f\x00\x00\x01\xefD\x00\x00<\x19r\x00\x00d\x1b\x00\x00p\x1b\x00\x00\x08l\xb0r\x00\x00\x01\'r\x00\x005E\x00\x00)Yp\x00\x00l\x1b\x00\x00p\x1b\x00\x00\x05\x19\x01ep\x00\x00JE\x00\x00)qp\x00\x00l\x1b\x00\x00p\x1b\x00\x00\t[\x01}p\x00\x00JE\x00\x00Vp\x1b\x00\x00\x00\x00\x00-z\x1b\x00\x00\x01\x89p\x00\x00\x03\x06h\x93\x01i\x93\x01\x03\xf3\x01h\x00\x00i\x12\n\x00\x00\x08lz\x1b\x00\x00\x8e\x1b\x00\x00bE\x00\x00\xe4r\x00\x00\x014s\x00\x00:b\x08\x00\x00\xc9\x1f\x00\x00\x01\x91E\x00\x00Eqp\x00\x00\x84\x1b\x00\x00\xb0\x04\x00\x00\x08l"s\x00\x00\x01}p\x00\x00\xd7E\x00\x00d\x8e\x1b\x00\x00\x01\x03\x06h\x93\x01i\x93\x01\x03\xf3\x01h\x00\x00?\x84\x1b\x00\x00\x03\x06h\x93\x01i\x93\x01\x02\x8c\x00\x00\x00\x82\x01f\x04\x00\x00\x08\x92\x8e\x1b\x00\x00\x9c\x1b\x00\x00\x03\x92 \x02Qs\x00\x00\x01ws\x00\x00:b\x08\x00\x00\xdf \x00\x00\x01\rF\x00\x00-\x9c\x1b\x00\x00\x01\x89p\x00\x00\x03\x06h\x93\x01i\x93\x01\x03\xf3\x01h\x00\x00i|\x04\x00\x00\x08\x92\x9c\x1b\x00\x00\xb0\x1b\x00\x003F\x00\x00\x93s\x00\x00\x01\xe3s\x00\x00:b\x08\x00\x00\xdf \x00\x00\x01bF\x00\x00Eqp\x00\x00\xa6\x1b\x00\x00\xc8\x04\x00\x00\x08\x92\xd1s\x00\x00\x01}p\x00\x00\xa8F\x00\x00d\xb0\x1b\x00\x00\x01\x03\x06h\x93\x01i\x93\x01\x03\xf3\x01h\x00\x00?\xa6\x1b\x00\x00\x03\x06h\x93\x01i\x93\x01\x02\x8c\x00\x00\x00~\x9b\x04\x00\x00\xb0\x1b\x00\x00 \x1c\x00\x00\xdeF\x00\x00\xfds\x00\x00\x01 t\x00\x00:b\x08\x00\x00\xdf \x00\x00\x01AG\x00\x00`x\x04\x00\x00\x08\x9e*\x00\x00\x00wG\x00\x00V\xce\x1b\x00\x00\x00e\xdc \x00\x00\x01\x01e\xf9\x15\x00\x00\x01\x01\xad\x01\x01\xfb\x0f\x00\x00\x04- \x1c\x00\x00\xb4\x1c\x00\x00\x9dG\x00\x00\x01ct\x00\x00mm\x00\x042(\x05\x00\x00\x1aH\x00\x00mf\x00\x043\x8c\x00\x00\x00\x8dH\x00\x00\x00;\xc5\x0f\x00\x00\x08\xac\x01;\xfe\n\x00\x00\n\x1c\x01;J\x16\x00\x00\x04\xf1\x01(E\x17\x00\x00\x01\xa8\x02\x03(\xda%\x00\x00\x05\xfe\t\x01(\xf3\x13\x00\x00\x05\xd2\x16\x01(\x95\x03\x00\x00\x05\x06\x12\x01(\x15\x0e\x00\x00\x051\x16\x01;\xd4\x1d\x00\x00\x08\xb7\x01((\x0e\x00\x00\x05B\n\x01\'E \x00\x00\x05:\x16\x01\xd3t\x00\x00\x05\xd4\x07\x00\x00\x05;\x16w\x00\x00\x00\x00\'\x9a\x1b\x00\x00\x05Z\x16\x01\xedt\x00\x00\x12\xd4\x07\x00\x00\x05Z\x16w\x00\x00\x00\x00(u\x0b\x00\x00\x05\xda\x15\x01(\xbb\x11\x00\x00\x05\xee\x15\x01(\x19\x17\x00\x00\x05M\x10\x01(L\t\x00\x00\x05\xe3\x15\x01(3\t\x00\x00\x05 \x12\x01e~\x04\x00\x00\x01\x013\\\x1d\x00\x00\x05\x17\x15\xd0\x03\x00\x00\x01Ku\x00\x00\x0clen\x00\x05\x17\x15*\x00\x00\x00\x12\xf0\t\x00\x00\x05\x17\x15\xf6\n\x00\x00\x00G\xcd\x1a\x00\x00\x05\x0f\x15\xd0\x03\x00\x00\x01Q\xb0\x13\x00\x00\xd0\x03\x00\x00\x01\x01\x80u\x00\x00\x0clen\x00\x05\x17\x15*\x00\x00\x00\x12\xf0\t\x00\x00\x05\x17\x15\xf6\n\x00\x00\x00\'\xa8(\x00\x00\x05\x9b\x14\x01\xa6u\x00\x00\nlen\x00\x05\x9c\x14*\x00\x00\x00\x05\x8c\r\x00\x00\x05\x9d\x14\x94\x07\x00\x00\x00G\xcc\x1b\x00\x00\x05\x13\x15\xd0\x03\x00\x00\x01\'9\x17\x00\x00\x05z\n\x01\xcdu\x00\x00\nlen\x00\x05|\n5\x00\x00\x00\x003\xc0\x07\x00\x00\x05%\x15\xd0\x03\x00\x00\x01\x03v\x00\x00\x0clen\x00\x05%\x15\x03v\x00\x00\x12\xf0\t\x00\x00\x05%\x15\x94\x07\x00\x00\x05\xe2\x03\x00\x00\x05&\x15*\x00\x00\x00\x00\x1b\x02*\x00\x00\x00Q\x7f\x07\x00\x00\xd0\x03\x00\x00\x01\x01=v\x00\x00\x0clen\x00\x05%\x15\x03v\x00\x00\x12\xf0\t\x00\x00\x05%\x15\x94\x07\x00\x00\x05\xe2\x03\x00\x00\x05&\x15*\x00\x00\x00\x00\xae\x01\x01x%\x00\x00\n!\x0e\x03\x00\x00\x01\x8c#\x00\x00\x8e-\x00\x00\xddH\x00\x00\x01^\x81\x00\x00Tst\x00\x00\xa2#\x00\x00j$\x00\x00\n#<\xe1\x1b\x00\x00j$\x00\x00\xc6$\x00\x00\n(\x9ev\x00\x00\x13\xef\x1b\x00\x00\x15{t\x00\x00v$\x00\x00\xb2$\x00\x00\x01>\x03\x18\x9c$\x00\x00u%\x00\x00\x00\x00<ct\x00\x00\xc6$\x00\x00\x06&\x00\x00\n+\xccx\x00\x00<\x84t\x00\x00\xc6$\x00\x00\xf2%\x00\x00\x08\xad\xc2x\x00\x00\x02\x8dt\x00\x00\xc6$\x00\x00\x08%\x00\x00\x05\x01\n\xd0w\x00\x00\x02\xfa\x1b\x00\x00\xca$\x00\x00\x08%\x00\x00\x05\xd4\x16\xc6w\x00\x00\x0b\x06\x1c\x00\x00\r\x0b\x11\x1c\x00\x00\x01\t\xca$\x00\x00\x08%\x00\x00\x04\x1c\x1c\x00\x00%I\x00\x00\x04\'\x1c\x00\x008I\x00\x00\x042\x1c\x00\x00KI\x00\x00\x06=\x1c\x00\x00L\xcf\x1c\x00\x00\xca$\x00\x00\xd0$\x00\x00Ew\x00\x00\x04\xd0\x1c\x00\x00cI\x00\x00\x04\xdb\x1c\x00\x00%I\x00\x00\x00L\xb3\x1c\x00\x00\xd0$\x00\x00\xd6$\x00\x00iw\x00\x00\x04\xb8\x1c\x00\x00{I\x00\x00\x04\xc3\x1c\x00\x008I\x00\x00\x00L\x97\x1c\x00\x00\xda$\x00\x00\xea$\x00\x00\x8dw\x00\x00\x04\x9c\x1c\x00\x00\x93I\x00\x00\x04\xa7\x1c\x00\x00KI\x00\x00\x00L{\x1c\x00\x00\xea$\x00\x00\xf4$\x00\x00\xadw\x00\x00\x04\x80\x1c\x00\x00\xabI\x00\x00\x06\x8b\x1c\x00\x00\x00=H\x1c\x00\x00\xf4$\x00\x00\x08%\x00\x00\x04M\x1c\x00\x00\xc3I\x00\x00\x00\x00\x00\x18\xca$\x00\x00\xad%\x00\x00\x00\x02(\x1a\x00\x00\x08%\x00\x00\x12%\x00\x00\x05\x02\n\xf7w\x00\x00$$$\t\x08%\x00\x00\x12%\x00\x00\x0e\xd6I\x00\x00\x00\x00\x02\x8do\x00\x00\x1e%\x00\x00.%\x00\x00\x05\x10\n\x1ex\x00\x00\x18*%\x00\x00\xe42\x00\x00\x18.%\x00\x00,o\x00\x00\x00\x020M\x00\x00:%\x00\x00F%\x00\x00\x05\x12\nMx\x00\x00\x0e\x0bJ\x00\x00\x0e\x0bJ\x00\x00\x0e\x0bJ\x00\x00\t:%\x00\x00F%\x00\x00$\x00\x00\x02\x9ft\x00\x00\x86%\x00\x00\xbe%\x00\x00\x05 \n\xb1x\x00\x00\x02\xf9\x1c\x00\x00\x86%\x00\x00\x92%\x00\x00\x052\x16\x84x\x00\x00\x13\x07\x1d\x00\x00\x01\x11\x1d\x00\x00\x1fJ\x00\x00\x00\x02\x17\x1d\x00\x00\x96%\x00\x00\xbe%\x00\x00\x054\x16\xa7x\x00\x00\x01$\x1d\x00\x007J\x00\x00\x130\x1d\x00\x00\x00\x18\x96%\x00\x00\xed%\x00\x00\x00\x16\x96t\x00\x00\xbe%\x00\x00\xf2%\x00\x00\x05#\n\x00\x18\xf6%\x00\x00\xad%\x00\x00\x00E\xa8t\x00\x00\x06&\x00\x00\xe0\x04\x00\x00\n.X\x81\x00\x00E\x90\x1d\x00\x00\x06&\x00\x00\x08\x05\x00\x00\x08\xc2;}\x00\x00\x01\x9d\x1d\x00\x00LJ\x00\x00\x1e\x08\x05\x00\x00\x04\xa9\x1d\x00\x00lJ\x00\x00\x04\xb5\x1d\x00\x00\x80J\x00\x00\x04\xc1\x1d\x00\x00\x9fJ\x00\x00P\xcd\x1d\x00\x00\x03\x8c\xc5\x00\x04\xd9\x1d\x00\x00\xc9J\x00\x00\x04\xe5\x1d\x00\x00\xf3J\x00\x00\x04\xf1\x1d\x00\x00\xf3J\x00\x00\x04\xfd\x1d\x00\x00\x07K\x00\x00\x04\t\x1e\x00\x00\x1bK\x00\x00P\x15\x1e\x00\x00\x02\x8c\x01\x04!\x1e\x00\x00\x7fK\x00\x00P-\x1e\x00\x00\x03\x8c\xc1\x00\x049\x1e\x00\x00\x93K\x00\x00&!u\x00\x00\x0c&\x00\x008\x05\x00\x00\x05e\x14\xd8y\x00\x00\x13>u\x00\x00\x012u\x00\x00\xc9K\x00\x00{Ku\x00\x00\x0c&\x00\x00X\x05\x00\x00\x05\x18\x15=Xu\x00\x00n,\x00\x00\xa6,\x00\x00\x13su\x00\x00\x01gu\x00\x00\xf1K\x00\x00*\xa0,\x00\x00\x9be\x00\x00\x03\x06f\x93\x01g\x93\x01\x02\x80\x00\x00\x00\x00\x02\x94X\x00\x000(\x00\x004(\x00\x00\x056\x14\xf6y\x00\x00\x184(\x00\x00(%\x00\x00\x00\x02\x111\x00\x00d(\x00\x00\x8a(\x00\x00\x05G\x14\'z\x00\x00\x01"1\x00\x00\tL\x00\x00\td(\x00\x00\x8a(\x00\x00\x04.1\x00\x00\x1cL\x00\x00\x00\x00&\x9eG\x00\x00\x8c(\x00\x00p\x05\x00\x00\x05P\x14\x83z\x00\x00\x01\xbbG\x00\x00<L\x00\x00\x13\xafG\x00\x00\x1ep\x05\x00\x00\x04\xc7G\x00\x00OL\x00\x00\x04\xd2G\x00\x00cL\x00\x00M\x111\x00\x00\x8c(\x00\x00\x88\x05\x00\x00\x05\xac\x14\x13"1\x00\x00\x1e\x88\x05\x00\x00\x06.1\x00\x00\x00\x00\x00\x00\x02^\x81\x00\x00\xd6(\x00\x00\xec(\x00\x00\x05V\x14\xd0z\x00\x00\x0e\x92L\x00\x00$$*\xec(\x00\x00\x9be\x00\x00\x03\x06h\x93\x01i\x93\x01\x02\x80\x01\x03\x06f\x93\x01g\x93\x01\x03\x80\xc0\x00\x03\x0cb\x93\x01c\x93\x01d\x93\x01e\x93\x01\x014\x00\x00\x02PG\x00\x00\x1c)\x00\x00D)\x00\x00\x05[\x14x{\x00\x00\x01yG\x00\x00\xa6L\x00\x00\x01mG\x00\x00\xb9L\x00\x00\x13aG\x00\x00\t\x1c)\x00\x00D)\x00\x00\x04\x85G\x00\x00\xccL\x00\x00\x04\x91G\x00\x00\xe0L\x00\x00\x15\x9eG\x00\x00\x1c)\x00\x006)\x00\x00\x05~\x13\x01\xbbG\x00\x009M\x00\x00\x13\xafG\x00\x00\t\x1c)\x00\x006)\x00\x00\x04\xc7G\x00\x00\xccL\x00\x00\x04\xd2G\x00\x00\xccL\x00\x00\x15\x111\x00\x00\x1c)\x00\x004)\x00\x00\x05\xac\x14\x13"1\x00\x00\t\x1c)\x00\x004)\x00\x00\x06.1\x00\x00\x00\x00\x00\x00\x00\x00\x02^\x81\x00\x00\x1c,\x00\x00*,\x00\x00\x05a\x14\xac{\x00\x00\x0eLM\x00\x00$$**,\x00\x00\x9be\x00\x00\x03\x06h\x93\x01i\x93\x01\x05\x80\x00z\x00"\x00\x00\x02\x80u\x00\x00\xa6,\x00\x00~-\x00\x00\x05h\x14\x14}\x00\x00\t\xa6,\x00\x00~-\x00\x00\x04\x8du\x00\x00jM\x00\x00\x06\x99u\x00\x00\x16g\x81\x00\x00\xa6,\x00\x00\xb6,\x00\x00\x05\x9d\x14&\xcdu\x00\x00\xb6,\x00\x00\xa0\x05\x00\x00\x05\x9f\x14s|\x00\x00\x01\xeau\x00\x00\x82M\x00\x00\x01\xdeu\x00\x00\x9aM\x00\x00\x1e\xa0\x05\x00\x00\x06\xf6u\x00\x00F\tv\x00\x00\xa0\x05\x00\x00\x01$v\x00\x00\x82M\x00\x00\x01\x18v\x00\x00\x9aM\x00\x00\x1e\xa0\x05\x00\x00\x040v\x00\x00\xb2M\x00\x00*\x02-\x00\x00\x9be\x00\x00\x03\x06h\x93\x01i\x93\x01\x02v\x00\x03\x06f\x93\x01g\x93\x01\x11x\x00\x08\xff\x1at\x00\x08\xff\x1a\x1e\x03\x96\x05\x80\x00"\x00\x00\x00\x00\x00\x16\xa6u\x00\x00\xba,\x00\x00\xbe,\x00\x00\x05\x9e\x14\x02t\x81\x00\x00\x10-\x00\x00\x18-\x00\x00\x05\xa0\x14\x9d|\x00\x00\x0e\xcaM\x00\x00\x00\x15\xb3u\x00\x00\x18-\x00\x00~-\x00\x00\x05\xa1\x14\t\x18-\x00\x00~-\x00\x00\x04\xc0u\x00\x00\xe2M\x00\x00\x15x4\x00\x00r-\x00\x00~-\x00\x00\x05\x93\n\x01\x914\x00\x00\xfaM\x00\x00\x01\x854\x00\x00,N\x00\x00*|-\x00\x00\xf3)\x00\x00\x03\x06h\x93\x01i\x93\x01\x05\x03\x92\x07\x80\x00\x03\x06f\x93\x01g\x93\x01\x02|\x00\x03\x06d\x93\x01e\x93\x01\x02z\x04\x00\x00\x00\x00\x00\x00.^(\x00\x00@1\x00\x004}\x00\x00\x03\x01h\x02|\x00\x03\x06f\x93\x01g\x93\x01\x03\x80\xc4\x00\x00Vv)\x00\x00\x00\x00<\x83\x81\x00\x00\xf4\'\x00\x00\x04(\x00\x00\x08\xc1P}\x00\x00$\x00E\xb9t\x00\x00\x12&\x00\x00\xb8\x05\x00\x00\x08\xb8A\x7f\x00\x00\x1e\xb8\x05\x00\x00\x04\xc6t\x00\x00TN\x00\x00&\xd3t\x00\x00,&\x00\x00\xd0\x05\x00\x00\x05@\x16\xb6~\x00\x00\x01\xe0t\x00\x00\x97N\x00\x00\x02\xedt\x00\x00V&\x00\x00p&\x00\x00\x05a\x16\xbd}\x00\x00\x15\x89\x81\x00\x00V&\x00\x00Z&\x00\x00\x05\xdb\x15\x18Z&\x00\x00\xad%\x00\x00\x00\x00\x02\xf6t\x00\x00\xaa)\x00\x00\xc0)\x00\x00\x05g\x16\xec}\x00\x00\x15\x89\x81\x00\x00\xaa)\x00\x00\xae)\x00\x00\x05\xef\x15\x18\xae)\x00\x00\xad%\x00\x00\x00\x00\x02\xf6t\x00\x00\xdc)\x00\x00\xf0)\x00\x00\x05m\x16\x1b~\x00\x00\x15\x89\x81\x00\x00\xdc)\x00\x00\xe0)\x00\x00\x05\xef\x15\x18\xe0)\x00\x00\xad%\x00\x00\x00\x00\x16\x96\x81\x00\x00\x0c*\x00\x00\x10*\x00\x00\x05q\x16\x02=\x1d\x00\x00,*\x00\x00\xe8*\x00\x00\x05t\x16\xac~\x00\x00\x13J\x1d\x00\x00\t,*\x00\x00\xe8*\x00\x00\x04V\x1d\x00\x00\xceN\x00\x00\x02\xfft\x00\x00@*\x00\x00n*\x00\x00\x059\x0bz~\x00\x00*l*\x00\x00\x045\x00\x00\x03\x01h\x01@\x00\x00j\xb0*\x00\x00\x92~\x00\x00\x03\x06h\x93\x01i\x93\x01\x05\x03\x12\x01\x80\x00\x00*\xe6*\x00\x00g`\x00\x00\x03\x06h\x93\x01i\x93\x01\x05\x03\x12\x01\x80\x00\x00\x00\x00\x18\x0c*\x00\x00\xed%\x00\x00\x00\x02\x08u\x00\x00\x94&\x00\x00\xd0&\x00\x00\x05D\x16\xe5~\x00\x00\x15\x89\x81\x00\x00\x9c&\x00\x00\xa0&\x00\x00\x05\xe7\x15\x18\xa0&\x00\x00\xad%\x00\x00\x00\x00.\x1a&\x00\x00o.\x00\x00\x01\x7f\x00\x00\x03\x06h\x93\x01i\x93\x01\x05\x03\x92\x07\x80\x00\x00.$&\x00\x00\xdc"\x00\x00\x14\x7f\x00\x00\x03\x01h\x011\x00.,&\x00\x006-\x00\x000\x7f\x00\x00\x03\x06h\x93\x01i\x93\x01\x05\x03\x92\x07\x80\x00\x00*\x94&\x00\x00\xdc"\x00\x00\x03\x01h\x010\x00\x00\x00E\xb0t\x00\x00\xd0&\x00\x00\xf0\x05\x00\x00\x08\xb9-\x81\x00\x00\x02gh\x00\x00\xd0&\x00\x00\xda&\x00\x00\x05E\n\x93\x7f\x00\x00\t\xd0&\x00\x00\xda&\x00\x00\x04th\x00\x00\xf7N\x00\x00\x04\x80h\x00\x00\xf7N\x00\x00\x06\x8ch\x00\x00\x18\xda&\x00\x00\x93f\x00\x00\x00\x00&\x11u\x00\x00\xda&\x00\x00\x08\x06\x00\x00\x05J\n\xe5\x80\x00\x00\x02\xf7Z\x00\x00\x08\'\x00\x004\'\x00\x00\x05$\x12\x05\x80\x00\x00\x01,[\x00\x00\x17O\x00\x00\x01 [\x00\x00+O\x00\x00\x01\x14[\x00\x00?O\x00\x00\x01\x08[\x00\x00TO\x00\x00\t\x08\'\x00\x004\'\x00\x00\x048[\x00\x00lO\x00\x00\x04D[\x00\x00\xa1O\x00\x00\x04P[\x00\x00\xb5O\x00\x00\x00\x00\x02\xf7Z\x00\x00\x0c+\x00\x008+\x00\x00\x05+\x12c\x80\x00\x00\x01,[\x00\x00\xdeO\x00\x00\x01 [\x00\x00\xf2O\x00\x00\x01\x14[\x00\x00\x19P\x00\x00\x01\x08[\x00\x00.P\x00\x00\t\x0c+\x00\x008+\x00\x00\x048[\x00\x00FP\x00\x00\x04D[\x00\x00nP\x00\x00\x04P[\x00\x00\x82P\x00\x00\x00\x00\x02\xf7Z\x00\x00\xc6+\x00\x00\xfa+\x00\x00\x058\x12\xc1\x80\x00\x00\x01,[\x00\x00\xabP\x00\x00\x01 [\x00\x00\xbfP\x00\x00\x01\x14[\x00\x00\xe6P\x00\x00\x01\x08[\x00\x00\x04Q\x00\x00\t\xc6+\x00\x00\xfa+\x00\x00\x048[\x00\x00\x1cQ\x00\x00\x04D[\x00\x00DQ\x00\x00\x04P[\x00\x00nQ\x00\x00\x00\x00\x02\n]\x00\x00\x02,\x00\x00\x06,\x00\x00\x05<\x12\xdb\x80\x00\x00\x0e\x97Q\x00\x00\x00\x18\n,\x00\x00AZ\x00\x00\x00\x15\x9f\x81\x00\x00\x88\'\x00\x00\x90\'\x00\x00\x05M\n\x0e\xabQ\x00\x00\x15y\x1d\x00\x00\x88\'\x00\x00\x90\'\x00\x00\x05\xfd\x16\x01\x85\x1d\x00\x00\xc7Q\x00\x00=c\x1d\x00\x00\x88\'\x00\x00\x90\'\x00\x00\x01n\x1d\x00\x00\xddQ\x00\x00\x00\x00\x00\x00\x18\x94\'\x00\x00\xad%\x00\x00\x18\xbc\'\x00\x00\xad%\x00\x00*\xd4\'\x00\x0070\x00\x00\x03\x06h\x93\x01i\x93\x01\x05\x039\x08\x80\x00\x00\x00V\x8c-\x00\x00\x00(/\x11\x00\x00\x05q\x14\x01G\xb5\r\x00\x00\x05\x96\n\x94\x07\x00\x00\x01(\x08%\x00\x00\x05\x9a\n\x01\x1b\x02\xdd\x04\x00\x00Y\xbf\x04\x00\x00\x03G\xf7\x08\x00\x00\x05\xe4\x16?\x08\x00\x00\x01(\xaf\x1d\x00\x00\x05\xdf\x15\x01(\x05!\x00\x00\x05\xfc\x16\x01\x83\x01\x01\xfb\x0e\x00\x00\x01\xf5\x02\xb4\x1c\x00\x00\x92\x1d\x00\x00\xf3Q\x00\x00\x01m\x82\x00\x00\x07\xac\x07\x00\x00\x01\xf7\x02\x17\x01\x00\x00<R\x00\x00\x02m\x82\x00\x00\xd4\x1c\x00\x00\xe8\x1c\x00\x00\x01\xfd\x02\x18\x82\x00\x00\x07\x19\x1e\x00\x00\x01\xf5\x02\x17\x01\x00\x00ZR\x00\x00\x07\xec\x04\x00\x00\x01\xf5\x02\x17\x01\x00\x00oR\x00\x00\x07\x8f\x10\x00\x00\x01\xf5\x02\x17\x01\x00\x00oR\x00\x00\x00\x15\xbd\x1b\x00\x00\xf6\x1c\x00\x00\n\x1d\x00\x00\x01\x05\x03\x01\xca\x1b\x00\x00\x83R\x00\x00\x02\x9e"\x00\x00\xf6\x1c\x00\x00\xfc\x1c\x00\x00\x01\x99\x02K\x82\x00\x00\x0e\x97R\x00\x00\x00\x16\xb2"\x00\x00\xfc\x1c\x00\x00\x00\x1d\x00\x00\x01\x9a\x02\x16\xff+\x00\x00\x04\x1d\x00\x00\n\x1d\x00\x00\x01\x9b\x02\x00\x00(\xf5\t\x00\x00\x01d\x01\x01;\xda"\x00\x00\x01\\\x033\x9d\x04\x00\x00\x01\x01\x02\xd0\x03\x00\x00\x01\xf6\x82\x00\x00\x12\xc5\x0f\x00\x00\x01\x01\x02\xf6\x82\x00\x00\nt\x00\x01\x03\x02\x17\x01\x00\x00\nret\x00\x01\t\x02\x0e\x03\x00\x00\x05\x01\x06\x00\x00\x01\x0f\x02S\x1b\x00\x00\x05p#\x00\x00\x01,\x02\x17\x01\x00\x00D\xe7\x82\x00\x00\x05\xb3\x04\x00\x00\x01,\x02*\x00\x00\x00\x05\x15#\x00\x00\x01,\x02w\x00\x00\x00\x00\x1d\x05\xe1"\x00\x00\x01!\x02\xfc\x82\x00\x00\x00\x00]\x02\xed\x0c\x00\x002\x0c\x83\x00\x00\x0c\x83\x00\x001?\x00\x00\x00\x13\x00@\x01\x06\xbe\x0b\x00\x00\x17\x0c\x83\x00\x00J\x13\x83\x00\x003\xd7#\x00\x00\x01\xf2\x01\xd0\x03\x00\x00\x01S\x83\x00\x00\x12T\x15\x00\x00\x01\xf2\x01\x0e\x03\x00\x00\x05;\x07\x00\x00\x01\xf6\x01\x17\x01\x00\x00\x05*\x0c\x00\x00\x01\xf7\x01\x04\x19\x00\x00\x00\'\xfe&\x00\x00\x01\x93\x01\x01m\x83\x00\x00\x0cend\x00\x01\x93\x01\x0e\x03\x00\x00\x00]\x02]\r\x00\x00,w\x0b\x00\x00\x01\x81\x83\x00\x00\xaf\x83\x00\x00+b\x08\x00\x00\x1d%\x00\x00\x01"\xc5\x0f\x00\x00\x03)m\x83\x00\x00\x19U\x0e\x00\x00\x03+\x01\x0b\x00\x00\x1d6ret\x00\x03-\x0e\x03\x00\x00\x00\x00\x1b\x02\x0c\x83\x00\x00,\x97\x0b\x00\x00\x01\xc3\x83\x00\x00\xe4\x83\x00\x00+b\x08\x00\x00\x1d%\x00\x00\x01"D\x04\x00\x00\x035\xaf\x83\x00\x00\x19U\x0e\x00\x00\x037\x01\x0b\x00\x00\x00\'\x1e\x1c\x00\x00\x01m\x01\x01\xfe\x83\x00\x00\x1d\ni\x00\x01o\x01\x17\x01\x00\x00\x00\x003\xd5\x0f\x00\x00\x01\x82\x01\xd0\x03\x00\x00\x01&\x84\x00\x00\x12\xc5\x0f\x00\x00\x01\x82\x01\xf6\x82\x00\x00\ni\x00\x01\x85\x01\x17\x01\x00\x00\x00I\xe9\x19\x00\x00\x06N\xd0\x03\x00\x00\x01V\x84\x00\x00"\xc5\x0f\x00\x00\x06Nm\x83\x00\x006r\x00\x06P\x17\x01\x00\x00\x19\xeb\x11\x00\x00\x06Q\x17\x01\x00\x00\x00;\xa8\x17\x00\x00\x01g\x03Q\xa8\t\x00\x00\xd0\x03\x00\x00\x01\x01\x9a\x84\x00\x00"\xc5\x0f\x00\x00\x06Nm\x83\x00\x006r\x00\x06P\x17\x01\x00\x00\x19\xeb\x11\x00\x00\x06Q\x17\x01\x00\x00\x1d\x19\xbc(\x00\x00\x06q*\x00\x00\x00\x00\x00Iq\x16\x00\x00\x06C\xd0\x03\x00\x00\x01\xc3\x84\x00\x00\x1d\x19\xb3\x04\x00\x00\x06E*\x00\x00\x00\x19\x15#\x00\x00\x06E*\x00\x00\x00\x00\x00,\xb3\x0b\x00\x00\x01\xd1\x84\x00\x00\xf2\x84\x00\x00+b\x08\x00\x00\x1d%\x00\x00\x01"\xc5\x0f\x00\x00\x03>m\x83\x00\x00\x19U\x0e\x00\x00\x03@\x01\x0b\x00\x00\x00\x83\x01\x01\x07\x0f\x00\x00\x013\x02\x92\x1d\x00\x00\xf6!\x00\x00\xabR\x00\x00\x01\x06\x8b\x00\x00\x1f\xc5\x0f\x00\x00\x019\x02\xed\x0c\x00\x00\x02\x8c\x15\x07\xeb\x11\x00\x00\x01=\x02\x17\x01\x00\x00\xf6S\x00\x00\rok\x00\x01C\x02\xd0\x03\x00\x00aT\x00\x00\x02\x9e"\x00\x00\xce\x1d\x00\x00\xd2\x1d\x00\x00\x015\x02_\x85\x00\x00\rep\x00\x013\x02\x17\x01\x00\x00\x98T\x00\x00\x00\x16\x06\x8b\x00\x00\xd2\x1d\x00\x00\xd6\x1d\x00\x00\x016\x02\x16\x12\x8b\x00\x00\xe4\x1d\x00\x00\xea\x1d\x00\x00\x01;\x02\x16v\x82\x00\x00\xf0\x1d\x00\x00\xf8\x1d\x00\x00\x01?\x02z \x06\x00\x00\xc0\x88\x00\x00\rr\x00\x01G\x02\x17\x01\x00\x00\xacT\x00\x00\x071\x0c\x00\x00\x01H\x020\x14\x00\x00\xe0T\x00\x00\x02~&\x00\x00\x16\x1e\x00\x00\x1a\x1e\x00\x00\x01M\x02\xd9\x85\x00\x00\rd\x00\x013\x02\x17\x01\x00\x00(U\x00\x00\x00\x02~&\x00\x00\x1a\x1e\x00\x00\x1e\x1e\x00\x00\x01U\x02\xfc\x85\x00\x00\rd\x00\x013\x02\x17\x01\x00\x00;U\x00\x00\x00\x02~&\x00\x00j\x1e\x00\x00p\x1e\x00\x00\x01T\x02\x1f\x86\x00\x00\rd\x00\x013\x02\x17\x01\x00\x00OU\x00\x00\x00\x16v\x82\x00\x00\xa4\x1e\x00\x00\xac\x1e\x00\x00\x01j\x02&~\x82\x00\x00\xbe\x1e\x00\x00`\x06\x00\x00\x01o\x02t\x88\x00\x00\x01\x8f\x82\x00\x00cU\x00\x00\x1e`\x06\x00\x00\x04\x9b\x82\x00\x00\x92U\x00\x00\x06\xa5\x82\x00\x00\x04\xb1\x82\x00\x00\xbbU\x00\x00\x04\xbd\x82\x00\x00\xf7U\x00\x00&\x1d\x83\x00\x00\xc0\x1e\x00\x00\x88\x06\x00\x00\x01\x05\x02D\x87\x00\x00\x01.\x83\x00\x00\nV\x00\x00\x1e\x88\x06\x00\x00\x04:\x83\x00\x00\x1eV\x00\x00PF\x83\x00\x00\x02\x8c\x01&S\x83\x00\x00\xc0\x1e\x00\x00\xa0\x06\x00\x00\x01\xf5\x01\xd8\x86\x00\x00\x01`\x83\x00\x001V\x00\x00\x15\x9e"\x00\x00\xc0\x1e\x00\x00\xc4\x1e\x00\x00\x01\x95\x01\x0eEV\x00\x00\x00\x00\x02S\x83\x00\x00\x02\x1f\x00\x00\x16\x1f\x00\x00\x01\xfa\x01\x08\x87\x00\x00\x13`\x83\x00\x00\x15\x9e"\x00\x00\x02\x1f\x00\x00\x06\x1f\x00\x00\x01\x95\x01\x0eYV\x00\x00\x00\x00\x18\xdc\x1e\x00\x00\x89(\x00\x00.&\x1f\x00\x00\x7f\'\x00\x009\x87\x00\x00\x03\x01h\x010\x03\x06f\x93\x01g\x93\x01\x02\x91O\x03\x06d\x93\x01e\x93\x01\x019\x00\x18*\x1f\x00\x00\x89(\x00\x00\x00\x00\x02S\x83\x00\x00,\x1f\x00\x004\x1f\x00\x00\x01\x07\x02^\x87\x00\x00\x13`\x83\x00\x00\x00\x02s\x83\x00\x008\x1f\x00\x00l\x1f\x00\x00\x01\t\x02\xc7\x87\x00\x00\x13\x8b\x83\x00\x00\x01\x81\x83\x00\x00mV\x00\x00\t8\x1f\x00\x00l\x1f\x00\x00\x04\x96\x83\x00\x00\x85V\x00\x00=\xa1\x83\x00\x00H\x1f\x00\x00d\x1f\x00\x00\x04\xa2\x83\x00\x00\x9dV\x00\x00?^\x1f\x00\x00\x03\x06h\x93\x01i\x93\x01\x02\x80\x00\x03\x06f\x93\x01g\x93\x01\x02\x91c\x00\x00\x00\x00g\xe7\x82\x00\x00\xb8\x06\x00\x00E\x88\x00\x00P\xe8\x82\x00\x00\x02\x8c\x01\x02\xb5\x83\x00\x00\xac\x1f\x00\x00\xe4\x1f\x00\x00\x01"\x022\x88\x00\x00\x01\xcd\x83\x00\x00\xb5V\x00\x00\x01\xc3\x83\x00\x00\xdaV\x00\x00\t\xac\x1f\x00\x00\xe4\x1f\x00\x00\x04\xd8\x83\x00\x00\xf2V\x00\x00?\xd4\x1f\x00\x00\x03\x06h\x93\x01i\x93\x01\x02~\x00\x03\x06f\x93\x01g\x93\x01\x02\x80\x00\x00\x00\x00\x18\x8a\x1f\x00\x00\x8e&\x00\x00\x18\xac\x1f\x00\x00\xc7$\x00\x00\x00L\xc9\x82\x00\x00\xfe\x1f\x00\x00\x02 \x00\x00i\x88\x00\x00\x04\xce\x82\x00\x00\nW\x00\x00\x04\xda\x82\x00\x00\xf7U\x00\x00\x00\x188\x1f\x00\x00\xc7$\x00\x00\x00\x00\x02~&\x00\x00\x16 \x00\x00\x1e \x00\x00\x01w\x02\x97\x88\x00\x00\rd\x00\x013\x02\x17\x01\x00\x00"W\x00\x00\x00\x15\xe4\x83\x00\x000 \x00\x00` \x00\x00\x01}\x02=\xf1\x83\x00\x000 \x00\x00V \x00\x00\x04\xf2\x83\x00\x006W\x00\x00\x00\x00\x00&\xfe\x83\x00\x00\x06 \x00\x00\xd0\x06\x00\x00\x01\x8c\x02\x87\x8a\x00\x00\x01\x0f\x84\x00\x00IW\x00\x00\x1e\xd0\x06\x00\x00\x04\x1b\x84\x00\x00^W\x00\x00&&\x84\x00\x00\x06 \x00\x00\xf8\x06\x00\x00\x01\x88\x01*\x8a\x00\x00\x016\x84\x00\x00\xa1W\x00\x00\x1e\xf8\x06\x00\x00\x04A\x84\x00\x00\xb6W\x00\x00\x04J\x84\x00\x002X\x00\x00<{\x1b\x00\x00\xc8 \x00\x00\xe2 \x00\x00\x06e\xa0\x89\x00\x00\x13\x8c\x1b\x00\x00\x13\x96\x1b\x00\x00\t\xc8 \x00\x00\xe2 \x00\x00\x04\xa2\x1b\x00\x00[X\x00\x00=\xae\x1b\x00\x00\xc8 \x00\x00\xe2 \x00\x00\x06\xaf\x1b\x00\x00\x16V\x84\x00\x00\xc8 \x00\x00\xd0 \x00\x00\x01\xd7\x01\x16\x1a\x8b\x00\x00\xda \x00\x00\xe2 \x00\x00\x01\xd9\x01*\xda \x00\x00x)\x00\x00\x03\x06h\x93\x01i\x93\x01\x05\x03\n\x01\x80\x00\x03\x01f\x017\x00\x00\x00\x00g^\x84\x00\x00 \x07\x00\x00\x1f\x8a\x00\x00\x01m\x84\x00\x00oX\x00\x00\x1e \x07\x00\x00\x06x\x84\x00\x00\x06\x81\x84\x00\x00F\x8c\x84\x00\x00 \x07\x00\x00\x04\x8d\x84\x00\x00\x84X\x00\x00<\x9a\x84\x00\x00\xee \x00\x00\xf6 \x00\x00\x06y\x07\x8a\x00\x00=\xaa\x84\x00\x00\xee \x00\x00\xf6 \x00\x00\x04\xab\x84\x00\x00\xc8X\x00\x00\x06\xb6\x84\x00\x00\x00\x00)"\x8b\x00\x00:!\x00\x00P!\x00\x00\x06\x8d\x0e\xdeX\x00\x00\x00\x00\x00\x00\x18\n \x00\x00\x7f\'\x00\x00\x00\x00\x02\xc3\x84\x00\x00\xae!\x00\x00\xe0!\x00\x00\x01\x8c\x01|\x8a\x00\x00\x13\xdb\x84\x00\x00\x01\xd1\x84\x00\x00\xf2X\x00\x00\t\xae!\x00\x00\xe0!\x00\x00\x04\xe6\x84\x00\x00\nY\x00\x00?\xd4!\x00\x00\x03\x06h\x93\x01i\x93\x01\x02\x80\x00\x03\x06f\x93\x01g\x93\x01\x02\x91c\x00\x00\x00\x18\xae!\x00\x00\xc7$\x00\x00\x00\x00\x02S\x83\x00\x00l \x00\x00\x80 \x00\x00\x01\x8b\x02\xbb\x8a\x00\x00\x01`\x83\x00\x00"Y\x00\x00\x15\x9e"\x00\x00l \x00\x00p \x00\x00\x01\x95\x01\x0e:Y\x00\x00\x00\x00\x16\x86&\x00\x00\x1e\x1e\x00\x00$\x1e\x00\x00\x01\x90\x02\x16\x86&\x00\x00b\x1e\x00\x00j\x1e\x00\x00\x01A\x02\x16+\x8b\x00\x00\x8e\x1f\x00\x00\x96\x1f\x00\x00\x01\x93\x02*\xe4\x1d\x00\x00x)\x00\x00\x03\x06h\x93\x01i\x93\x01\x02\x91c\x03\x01f\x018\x00\x00^\xf3(\x00\x00\x01\x99\x17\x01\x00\x00\x03;~\x1f\x00\x00\x01\x9e\x03;\xf1\x04\x00\x00\x01t\x03(8\'\x00\x00\x0b\xc4\x01\x03;\x01\x13\x00\x00\x01\xa3\x038\x92\x1e\x00\x00\x01\x01U\x8b\x00\x00\x19r\x11\x00\x00\x08\xc5\x0e\x03\x00\x00\x19q\x14\x00\x00\x08\xc5\x0e\x03\x00\x00\x00\xaf\x01\x12\x07\x00\x00\x01\x8e-\x00\x00\xae-\x00\x00\x03\x92 \x02\x01\t\x8c\x00\x00)\xb6!\x00\x00\x8e-\x00\x00\xae-\x00\x00\x08\xc5\xb0\x01r\x11\x00\x00\x08\xc5\x0e\x03\x00\x00\x7f\xb1\x01q\x14\x00\x00\x08\xc5\x0e\x03\x00\x00\x00\t\x8e-\x00\x00\xae-\x00\x00\x06>\x8b\x00\x00\x06I\x8b\x00\x00j\x96-\x00\x00\xc1\x8b\x00\x00\x03\x06h\x93\x01i\x93\x01\x05\x03\xe2\x07\x80\x00\x00j\x9e-\x00\x00\xd9\x8b\x00\x00\x03\x06h\x93\x01i\x93\x01\x05\x03\xff\x07\x80\x00\x00j\xa6-\x00\x00\xf1\x8b\x00\x00\x03\x06h\x93\x01i\x93\x01\x05\x03\x1c\x08\x80\x00\x00d\xae-\x00\x00\x01\x03\x06h\x93\x01i\x93\x01\x05\x039\x08\x80\x00\x00\x00\x00\x002\x18\x83\x00\x00\x19\x8c\x00\x001?\x00\x00\x00\x19\x00\x17\t\x8c\x00\x00J\x19\x8c\x00\x00fepk\x00\x08\x0c\x1e\x8c\x00\x00\x05\x03\x00\x00\x00\x00#\xd6&\x00\x00\x08#:\x00\x00\x00\x05\x03T\x04\x80\x00#G\x08\x00\x00\x08$:\x00\x00\x00\x05\x03\x00\x01\x80\x002w\x00\x00\x00f\x8c\x00\x001?\x00\x00\x00C\x00\x1f\x8e\x1c\x00\x00\x05\xb2\x07V\x8c\x00\x00\x05\x03V\x04\x80\x00\x1f\x17\r\x00\x00\x05\xb3\x07V\x8c\x00\x00\x05\x03\x9a\x04\x80\x00\x1f\xa0!\x00\x00\x05\xbc\x07V\x8c\x00\x00\x05\x03\xde\x04\x80\x002\xed\x18\x00\x00\xac\x8c\x00\x001?\x00\x00\x00\x02\x00\x17\x9c\x8c\x00\x00#\x14(\x00\x00\x08\x0f\xac\x8c\x00\x00\x05\x03 \x01\x80\x002\x87\x00\x00\x00\xd8\x8c\x00\x001?\x00\x00\x00\x041?\x00\x00\x00\x03\x00\x17\xc2\x8c\x00\x00\x1fZ\x0e\x00\x00\x05\xb1\x12\xd8\x8c\x00\x00\x05\x032\x01\x80\x00\x1f\xf5 \x00\x00\x05\xcb\x12w\x00\x00\x00\x05\x03$\x05\x80\x00\x1f\x9b)\x00\x00\x05\xc9\x12w\x00\x00\x00\x05\x03%\x05\x80\x00\x1fF(\x00\x00\x05\xca\x12w\x00\x00\x00\x05\x03&\x05\x80\x00\x1f\x94#\x00\x00\x05\xb9\x07\x9a\x07\x00\x00\x05\x03\x02\x01\x80\x00#\x08\x16\x00\x00\x061\xe4\x17\x00\x00\x05\x03\xca\x00\x00\x002;\x14\x00\x00X\x8d\x00\x001?\x00\x00\x00\x01\x00\x17H\x8d\x00\x00#y\x08\x00\x00\x01\'X\x8d\x00\x00\x05\x03\x0c\x01\x00\x00#\xf5\r\x00\x00\x01JR\x14\x00\x00\x05\x03\x10\x01\x00\x002!\x01\x00\x00\x8f\x8d\x00\x001?\x00\x00\x00\x0b\x00\x17\x7f\x8d\x00\x00#*\x15\x00\x00\x01B\x8f\x8d\x00\x00\x05\x03"\x01\x00\x002!\x01\x00\x00\xb5\x8d\x00\x001?\x00\x00\x00\x10\x00\x17\xa5\x8d\x00\x00#\x88\x0b\x00\x00\x011\xb5\x8d\x00\x00\x05\x03.\x01\x00\x002\x17\x01\x00\x00\xdb\x8d\x00\x001?\x00\x00\x00\x06\x00\x17\xcb\x8d\x00\x00\x1fx)\x00\x00\x01R\x01\xdb\x8d\x00\x00\x05\x03F\x01\x80\x00\x1f}%\x00\x00\x01\x92\x01\x0e\x03\x00\x00\x05\x03\'\x05\x80\x00\x1f\xad\'\x00\x00\x01\x91\x01\x0e\x03\x00\x00\x05\x03)\x05\x80\x00#O!\x00\x00\x06,\x17\x01\x00\x00\x05\x03+\x05\x80\x00#\xcf\x1f\x00\x00\x06*$\x14\x00\x00\x05\x03\x06\x01\x80\x00#.\x1f\x00\x00\x06)\xe3\x07\x00\x00\x05\x03\n\x01\x80\x00#\x9f#\x00\x00\x01\x1c&\x01\x00\x00\x05\x03,\x05\x80\x00#\'\x10\x00\x00\x01Z&\x01\x00\x00\x05\x03-\x05\x80\x00#\xe0\x12\x00\x00\x01Y&\x01\x00\x00\x05\x03.\x05\x80\x0025\x00\x00\x00\x8c\x8e\x00\x001?\x00\x00\x00\x06\x00\x17|\x8e\x00\x00#1\x06\x00\x00\x15\xcf\x8c\x8e\x00\x00\x05\x03?\x01\x00\x00\x1f\x00\x07\x00\x00\x05\xc6\x12v\x0f\x00\x00\x05\x03/\x05\x80\x002\xf7\x13\x00\x00\xc4\x8e\x00\x001?\x00\x00\x008\x00\x17\xb4\x8e\x00\x00\x1f\xc5\x06\x00\x00\x05\xfd\x08\xc4\x8e\x00\x00\x05\x03M\x01\x80\x00\x1f!\x07\x00\x00\x05\xb8\x07\x9a\x07\x00\x00\x05\x03\x12\x01\x80\x00\x1fX\x19\x00\x00\x05+\x16\x0b\x01\x00\x00\x05\x031\x05\x80\x00\x1f9\x0e\x00\x00\x05\xd1\x15\xab\x0f\x00\x00\x05\x03\x81\x05\x80\x00\x1f\x04\x19\x00\x00\x05\xd0\x15?\x08\x00\x00\x05\x03\x83\x05\x80\x00\x1fa\x12\x00\x00\x05\xd2\x15\xd0\x03\x00\x00\x05\x03\x87\x05\x80\x0025\x00\x00\x00E\x8f\x00\x001?\x00\x00\x00\xff\x00\x175\x8f\x00\x00\x1fz\x03\x00\x00\x05<\x11E\x8f\x00\x00\x05\x03\xbf\x01\x80\x00\x1f/\x14\x00\x00\x05\x04\x12@\x10\x00\x00\x05\x03\x88\x05\x80\x00\x1fv\x12\x00\x00\x05\xbd\x07\x9a\x07\x00\x00\x05\x03\x16\x01\x80\x002\x9e\x13\x00\x00\x90\x8f\x00\x001?\x00\x00\x00\x03\x00\x1f\x9d*\x00\x00\x05\xd0\x12\x80\x8f\x00\x00\x05\x03\x95\x05\x80\x00\x1fb%\x00\x00\x05\xcf\x129\x0f\x00\x00\x05\x03\x99\x06\x80\x00\x1f\xe9\x0b\x00\x00\x05\xc8\x12\x1a\x0c\x00\x00\x05\x03\x9c\x06\x80\x002\x92\x13\x00\x00\xd6\x8f\x00\x001?\x00\x00\x00\x13\x00\x1f\x80\x14\x00\x00\x05\xc3\x12\xc6\x8f\x00\x00\x05\x03\x9f\x06\x80\x00\x1f\xe3%\x00\x00\x05\xc7\x12\x9f\x0f\x00\x00\x05\x03S\x07\x80\x002w\x00\x00\x00\n\x90\x00\x001?\x00\x00\x00\x02\x00\x1f,\x1c\x00\x00\x05\xd4\x12\xfa\x8f\x00\x00\x05\x03T\x07\x80\x00\x1f\x99%\x00\x00\x05\xb0\x07\xd9\x12\x00\x00\x05\x03W\x07\x80\x00#W(\x00\x00\x08 F\x90\x00\x00\x05\x03T\x04\x80\x00@\x04\x043\x17\x00\x00J?\x90\x00\x00#g\x08\x00\x00\x08\x1f\x82\x00\x00\x00\x05\x03X\x04\x80\x00#\xc3\n\x00\x00\x08\x1e\x82\x00\x00\x00\x05\x03Y\x04\x80\x00#\xf4%\x00\x00\x08\x1d:\x00\x00\x00\x05\x03Z\x04\x80\x00#\xc5)\x00\x00\x08&(\x05\x00\x00\x05\x03w\x07\x80\x00#\xc2\x08\x00\x00\x04(\x8c\x00\x00\x00\x05\x03{\x07\x80\x00#\xce\x10\x00\x00\x04\'\xb8\x90\x00\x00\x05\x03|\x07\x80\x00@\x04\x07=\x1e\x00\x00J\xb1\x90\x00\x00#>\x15\x00\x00\x04&\xb8\x90\x00\x00\x05\x03\x80\x07\x80\x00#\xf9\x1f\x00\x00\x01\x1d&\x01\x00\x00\x05\x03\x90\x07\x80\x00#\xee\x06\x00\x00\x01X&\x01\x00\x00\x05\x03\x91\x07\x80\x00##$\x00\x00\x15\xd9\x8c\x8e\x00\x00\x05\x03M\x01\x00\x002\x87\x00\x00\x00\x11\x91\x00\x001?\x00\x00\x00\x1e\x00\x17\x01\x91\x00\x00#R$\x00\x00\x15\xed\x11\x91\x00\x00\x05\x03[\x01\x00\x00\x1f:\x1d\x00\x00\x15\x13\x01\x11\x91\x00\x00\x05\x03z\x01\x00\x00\x1f\xb5\x10\x00\x00\x159\x01\x11\x91\x00\x00\x05\x03\x99\x01\x00\x00\x1f\xc5\x15\x00\x00\x063\x01\x92\x05\x00\x00\x05\x03\x92\x07\x80\x00#\x10#\x00\x00\x08\xb5\xd7\x03\x00\x00\x05\x03\xe2\x07\x80\x00#\x8a\t\x00\x00\x08\xb45\t\x00\x00\x05\x03\xff\x07\x80\x00#\x82\t\x00\x00\x08\xb35\t\x00\x00\x05\x03\x1c\x08\x80\x00#\xb1!\x00\x00\x08\xb28\x03\x00\x00\x05\x039\x08\x80\x00\x00\xb7\x00\x00\x00\x02\x00\x86\x13\x00\x00\x04\x01\x14%\x00\x00H5\x00\x00L5\x00\x00../../../../gcc/libgcc/config/avr/lib1funcs.S\x00/home/jenkins-mingw32/workspace/avr-gcc-staging/label/Ubuntu14.04x64-mingw32/gcc-build/avr/avr5/libgcc\x00GNU AS 2.26\x00\x01\x80\xb7\x00\x00\x00\x02\x00\x9a\x13\x00\x00\x04\x01v%\x00\x00\x822\x00\x00\xaa2\x00\x00../../../../gcc/libgcc/config/avr/lib1funcs.S\x00/home/jenkins-mingw32/workspace/avr-gcc-staging/label/Ubuntu14.04x64-mingw32/gcc-build/avr/avr5/libgcc\x00GNU AS 2.26\x00\x01\x80\xb7\x00\x00\x00\x02\x00\xae\x13\x00\x00\x04\x01D&\x00\x00\xaa2\x00\x00\xd22\x00\x00../../../../gcc/libgcc/config/avr/lib1funcs.S\x00/home/jenkins-mingw32/workspace/avr-gcc-staging/label/Ubuntu14.04x64-mingw32/gcc-build/avr/avr5/libgcc\x00GNU AS 2.26\x00\x01\x80\xb7\x00\x00\x00\x02\x00\xc2\x13\x00\x00\x04\x01\x0c\'\x00\x00\xd22\x00\x00\xde2\x00\x00../../../../gcc/libgcc/config/avr/lib1funcs.S\x00/home/jenkins-mingw32/workspace/avr-gcc-staging/label/Ubuntu14.04x64-mingw32/gcc-build/avr/avr5/libgcc\x00GNU AS 2.26\x00\x01\x80\xb7\x00\x00\x00\x02\x00\xd6\x13\x00\x00\x04\x01\x86\'\x00\x00\xc8\x01\x00\x00\xde\x01\x00\x00../../../../gcc/libgcc/config/avr/lib1funcs.S\x00/home/jenkins-mingw32/workspace/avr-gcc-staging/label/Ubuntu14.04x64-mingw32/gcc-build/avr/avr5/libgcc\x00GNU AS 2.26\x00\x01\x80\xb7\x00\x00\x00\x02\x00\xea\x13\x00\x00\x04\x01\x1e(\x00\x00\xde\x01\x00\x00\xee\x01\x00\x00../../../../gcc/libgcc/config/avr/lib1funcs.S\x00/home/jenkins-mingw32/workspace/avr-gcc-staging/label/Ubuntu14.04x64-mingw32/gcc-build/avr/avr5/libgcc\x00GNU AS 2.26\x00\x01\x80\xb7\x00\x00\x00\x02\x00\xfe\x13\x00\x00\x04\x01\xa4(\x00\x00\xee\x01\x00\x00\x04\x02\x00\x00../../../../gcc/libgcc/config/avr/lib1funcs.S\x00/home/jenkins-mingw32/workspace/avr-gcc-staging/label/Ubuntu14.04x64-mingw32/gcc-build/avr/avr5/libgcc\x00GNU AS 2.26\x00\x01\x80\xb7\x00\x00\x00\x02\x00\x12\x14\x00\x00\x04\x016)\x00\x0025\x00\x00H5\x00\x00../../../../gcc/libgcc/config/avr/lib1funcs.S\x00/home/jenkins-mingw32/workspace/avr-gcc-staging/label/Ubuntu14.04x64-mingw32/gcc-build/avr/avr5/libgcc\x00GNU AS 2.26\x00\x01\x80', rid = 9), image=b'\xf0\t\x00\x00\x02\x00\x00\x00\x00\x00\x04\x01\x00\x00\x00\x00\x00\x00\x00\x00\x02\x0f\x00\x00\x00\x01\x08\x03\x17\x00\x00\x00\x02\x07\x04\x14\x00\x00\x00\x05\x1b\x00\x00\x00\xff\x03\x00\x06 \x00\x00\x00\x00\x00"\x00\x00\x00\x01\x05\x03\x00\x00\x81\x00\x07)\x00\x00\x00\x00\x00\x14\x00\x00\x00\x01\x05\x03`\x00\x80\x00\x080\x00\x00\x00\x00\x00\x14\x00\x00\x00\x01\x05\x03+\x00\x80\x00\t6\x00\x00\x00\x00\x00\x14\x00\x00\x00\x01\x05\x03*\x00\x80\x00\n;\x00\x00\x00\x00\x00\x14\x00\x00\x00\x01\x05\x03)\x00\x80\x00\x0b@\x00\x00\x00\x00\x00\x14\x00\x00\x00\x01\x05\x03L\x00\x80\x00\x0cE\x00\x00\x00\x00\x00\x14\x00\x00\x00\x01\x05\x03M\x00\x80\x00\rJ\x00\x00\x00\x00\x00\x14\x00\x00\x00\x01\x05\x03N\x00\x80\x00\x0eO\x00\x00\x00\x00\x00\x14\x00\x00\x00\x01\x05\x03\xce\x00\x80\x00\x0fT\x00\x00\x00\x00\x00\x14\x00\x00\x00\x01\x05\x03\xc8\x00\x80\x00\x10[\x00\x00\x00\x00\x00\x14\x00\x00\x00\x01\x05\x03\xc9\x00\x80\x00\x11b\x00\x00\x00\x00\x00\x14\x00\x00\x00\x01\x05\x03\xca\x00\x80\x00\x12i\x00\x00\x00\x00\x00\x1b\x00\x00\x00\x01\x05\x03\xcc\x00\x80\x00\x13o\x00\x00\x00\x00\x00\x14\x00\x00\x00\x01\x05\x03W\x00\x80\x00\x14v\x00\x00\x00\x00\x00\x1b\x00\x00\x00\x01\x05\x03A\x00\x80\x00\x15{\x00\x00\x00\x00\x00\x14\x00\x00\x00\x01\x05\x03@\x00\x80\x00\x16\x80\x00\x00\x00\x00\x00\x14\x00\x00\x00\x01\x05\x03?\x00\x80\x00\x17\x85\x00\x00\x00\x00\x00\x14\x00\x00\x00\x01\x05\x03H\x00\x80\x00\x18\x8b\x00\x00\x00\x00\x00\x14\x00\x00\x00\x01\x05\x03G\x00\x80\x00\x19\x91\x00\x00\x00\x00\x00\x14\x00\x00\x00\x01\x05\x03F\x00\x80\x00\x1a\x97\x00\x00\x00\x00\x00\x14\x00\x00\x00\x01\x05\x03E\x00\x80\x00\x1b\x9e\x00\x00\x00\x00\x00\x14\x00\x00\x00\x01\x05\x03D\x00\x80\x00\x1c\xa5\x00\x00\x00\x00\x00\x14\x00\x00\x00\x01\x05\x03n\x00\x80\x00\x1d\xac\x00\x00\x00\x00\x00\x14\x00\x00\x00\x01\x05\x035\x00\x80\x00\x1e\xb2\x00\x00\x00\x00\x00\x14\x00\x00\x00\x01\x05\x03C\x00\x80\x00\x1f\xb8\x00\x00\x00\x00\x00\x14\x00\x00\x00\x01\x05\x03\x90\x00\x80\x00 \xbf\x00\x00\x00\x00\x00\x14\x00\x00\x00\x01\x05\x03\x91\x00\x80\x00!\xc6\x00\x00\x00\x00\x00\x14\x00\x00\x00\x01\x05\x03\x92\x00\x80\x00"\xcd\x00\x00\x00\x00\x00\x1b\x00\x00\x00\x01\x05\x03\x94\x00\x80\x00#\xd3\x00\x00\x00\x00\x00\x1b\x00\x00\x00\x01\x05\x03\x98\x00\x80\x00$\xd9\x00\x00\x00\x00\x00\x1b\x00\x00\x00\x01\x05\x03\x9a\x00\x80\x00%\xdf\x00\x00\x00\x00\x00\x1b\x00\x00\x00\x01\x05\x03\x9c\x00\x80\x00&\xe5\x00\x00\x00\x00\x00\x1b\x00\x00\x00\x01\x05\x03\x96\x00\x80\x00\'\xea\x00\x00\x00\x00\x00\x14\x00\x00\x00\x01\x05\x03q\x00\x80\x00(\xf1\x00\x00\x00\x00\x00\x14\x00\x00\x00\x01\x05\x038\x00\x80\x00)\xf7\x00\x00\x00\x00\x00\x14\x00\x00\x00\x01\x05\x03\x80\x00\x80\x00*\xfe\x00\x00\x00\x00\x00\x14\x00\x00\x00\x01\x05\x03\x81\x00\x80\x00+\x05\x01\x00\x00\x00\x00\x14\x00\x00\x00\x01\x05\x03\x82\x00\x80\x00,\x0c\x01\x00\x00\x00\x00\x1b\x00\x00\x00\x01\x05\x03\x84\x00\x80\x00-\x12\x01\x00\x00\x00\x00\x1b\x00\x00\x00\x01\x05\x03\x88\x00\x80\x00.\x18\x01\x00\x00\x00\x00\x1b\x00\x00\x00\x01\x05\x03\x8a\x00\x80\x00/\x1e\x01\x00\x00\x00\x00\x1b\x00\x00\x00\x01\x05\x03\x8c\x00\x80\x000$\x01\x00\x00\x00\x00\x1b\x00\x00\x00\x01\x05\x03\x86\x00\x80\x001)\x01\x00\x00\x00\x00\x14\x00\x00\x00\x01\x05\x03o\x00\x80\x0020\x01\x00\x00\x00\x00\x14\x00\x00\x00\x01\x05\x036\x00\x80\x0036\x01\x00\x00\x00\x00\x14\x00\x00\x00\x01\x05\x03Q\x00\x80\x004;\x01\x00\x00\x00\x00\x14\x00\x00\x00\x01\x05\x03U\x00\x80\x005A\x01\x00\x00\x00\x00\x14\x00\x00\x00\x01\x05\x03T\x00\x80\x006G\x01\x00\x00\x00\x00\x14\x00\x00\x00\x01\x05\x03i\x00\x80\x007M\x01\x00\x00\x00\x00\x14\x00\x00\x00\x01\x05\x03j\x00\x80\x008S\x01\x00\x00\x00\x00\x14\x00\x00\x00\x01\x05\x03=\x00\x80\x009Y\x01\x00\x00\x00\x00\x14\x00\x00\x00\x01\x05\x03<\x00\x80\x00:^\x01\x00\x00\x00\x00\x14\x00\x00\x00\x01\x05\x03k\x00\x80\x00;e\x01\x00\x00\x00\x00\x14\x00\x00\x00\x01\x05\x03;\x00\x80\x00<k\x01\x00\x00\x00\x00\x14\x00\x00\x00\x01\x05\x03h\x00\x80\x00=q\x01\x00\x00\x00\x00\x14\x00\x00\x00\x01\x05\x03\xc0\x00\x80\x00>x\x01\x00\x00\x00\x00\x14\x00\x00\x00\x01\x05\x03\xc1\x00\x80\x00?\x7f\x01\x00\x00\x00\x00\x14\x00\x00\x00\x01\x05\x03\xc2\x00\x80\x00@\x86\x01\x00\x00\x00\x00\x14\x00\x00\x00\x01\x05\x03\xc3\x00\x80\x00A\x8d\x01\x00\x00\x00\x00\x14\x00\x00\x00\x01\x05\x03\xc4\x00\x80\x00B\x94\x01\x00\x00\x00\x00\x14\x00\x00\x00\x01\x05\x03\xbe\x00\x80\x00C\x9a\x01\x00\x00\x00\x00\x14\x00\x00\x00\x01\x05\x03\xbf\x00\x80\x00D\x9f\x01\x00\x00\x00\x00\x14\x00\x00\x00\x01\x05\x03\xcf\x00\x80\x00E\xa5\x01\x00\x00\x00\x00\x14\x00\x00\x00\x01\x05\x03\xd0\x00\x80\x00F\xab\x01\x00\x00\x00\x00\x14\x00\x00\x00\x01\x05\x03\xd1\x00\x80\x00G\xb1\x01\x00\x00\x00\x00\x14\x00\x00\x00\x01\x05\x03\xd2\x00\x80\x00H\xb7\x01\x00\x00\x00\x00\x14\x00\x00\x00\x01\x05\x03r\x00\x80\x00I\xbe\x01\x00\x00\x00\x00\x14\x00\x00\x00\x01\x05\x039\x00\x80\x00J\xc4\x01\x00\x00\x00\x00\x14\x00\x00\x00\x01\x05\x03\xd4\x00\x80\x00K\xc8\x01\x00\x00\x00\x00\x14\x00\x00\x00\x01\x05\x03%\x00\x80\x00L\xce\x01\x00\x00\x00\x00\x14\x00\x00\x00\x01\x05\x03$\x00\x80\x00M\xd3\x01\x00\x00\x00\x00\x14\x00\x00\x00\x01\x05\x03#\x00\x80\x00N\xd8\x01\x00\x00\x00\x00\x14\x00\x00\x00\x01\x05\x03(\x00\x80\x00O\xde\x01\x00\x00\x00\x00\x14\x00\x00\x00\x01\x05\x03\'\x00\x80\x00P\xe3\x01\x00\x00\x00\x00\x14\x00\x00\x00\x01\x05\x03&\x00\x80\x00Q\xe8\x01\x00\x00\x00\x00\x14\x00\x00\x00\x01\x05\x03.\x00\x80\x00R\xee\x01\x00\x00\x00\x00\x14\x00\x00\x00\x01\x05\x03-\x00\x80\x00S\xf3\x01\x00\x00\x00\x00\x14\x00\x00\x00\x01\x05\x03,\x00\x80\x00T\xf8\x01\x00\x00\x00\x00\x14\x00\x00\x00\x01\x05\x031\x00\x80\x00U\xfe\x01\x00\x00\x00\x00\x14\x00\x00\x00\x01\x05\x030\x00\x80\x00V\x03\x02\x00\x00\x00\x00\x14\x00\x00\x00\x01\x05\x03/\x00\x80\x00W\x08\x02\x00\x00\x00\x00\x14\x00\x00\x00\x01\x05\x03\xbd\x00\x80\x00X\x0e\x02\x00\x00\x00\x00\x14\x00\x00\x00\x01\x05\x03\xb8\x00\x80\x00Y\x13\x02\x00\x00\x00\x00\x14\x00\x00\x00\x01\x05\x03\xbc\x00\x80\x00Z\x18\x02\x00\x00\x00\x00\x14\x00\x00\x00\x01\x05\x03\xb9\x00\x80\x00[\x1d\x02\x00\x00\x00\x00\x14\x00\x00\x00\x01\x05\x03\xbb\x00\x80\x00\\"\x02\x00\x00\x00\x00\x14\x00\x00\x00\x01\x05\x03\xba\x00\x80\x00]\'\x02\x00\x00\x00\x00\x14\x00\x00\x00\x01\x05\x03|\x00\x80\x00^-\x02\x00\x00\x00\x00\x14\x00\x00\x00\x01\x05\x03z\x00\x80\x00_4\x02\x00\x00\x00\x00\x1b\x00\x00\x00\x01\x05\x03x\x00\x80\x00`8\x02\x00\x00\x00\x00\x14\x00\x00\x00\x01\x05\x03{\x00\x80\x00a?\x02\x00\x00\x00\x00\x14\x00\x00\x00\x01\x05\x03~\x00\x80\x00bE\x02\x00\x00\x00\x00\x14\x00\x00\x00\x01\x05\x03}\x00\x80\x00cK\x02\x00\x00\x00\x00\x14\x00\x00\x00\x01\x05\x03{\x00\x80\x00dR\x02\x00\x00\x00\x00\x14\x00\x00\x00\x01\x05\x03P\x00\x80\x00eW\x02\x00\x00\x00\x00\x14\x00\x00\x00\x01\x05\x03\x7f\x00\x80\x00f]\x02\x00\x00\x00\x00\x14\x00\x00\x00\x01\x05\x03_\x00\x80\x00gb\x02\x00\x00\x00\x00\x1b\x00\x00\x00\x01\x05\x03]\x00\x80\x00he\x02\x00\x00\x00\x00\x14\x00\x00\x00\x01\x05\x03U\x00\x80\x00ik\x02\x00\x00\x00\x00\x14\x00\x00\x00\x01\x05\x03T\x00\x80\x00jq\x02\x00\x00\x00\x00\x14\x00\x00\x00\x01\x05\x03f\x00\x80\x00kx\x02\x00\x00\x00\x00\x14\x00\x00\x00\x01\x05\x03g\x00\x80\x00l\x7f\x02\x00\x00\x00\x00\x14\x00\x00\x00\x01\x05\x03a\x00\x80\x00m\x85\x02\x00\x00\x00\x00\x14\x00\x00\x00\x01\x05\x03S\x00\x80\x00n\x8a\x02\x00\x00\x00\x00\x14\x00\x00\x00\x01\x05\x03\\\x00\x80\x00o\x8f\x02\x00\x00\x00\x00\x14\x00\x00\x00\x01\x05\x03K\x00\x80\x00p\x96\x02\x00\x00\x00\x00\x14\x00\x00\x00\x01\x05\x03J\x00\x80\x00q\x9d\x02\x00\x00\x00\x00\x14\x00\x00\x00\x01\x05\x03>\x00\x80\x00r\xa4\x02\x00\x00\x00\x00\x14\x00\x00\x00\x01\x05\x03e\x00\x80\x00s\xa9\x02\x00\x00\x00\x00\x14\x00\x00\x00\x01\x05\x03d\x00\x80\x00t\xae\x02\x00\x00\x00\x00\x14\x00\x00\x00\x01\x05\x03\xc7\x00\x80\x00u\xb5\x02\x00\x00\x00\x00\x14\x00\x00\x00\x01\x05\x03\xc6\x00\x80\x00v\xbd\x02\x00\x00\x00\x00\x14\x00\x00\x00\x01\x05\x03\xc5\x00\x80\x00w\xc5\x02\x00\x00\x00\x00\x14\x00\x00\x00\x01\x05\x03I\x00\x80\x00x\xcc\x02\x00\x00\x00\x00\x14\x00\x00\x00\x01\x05\x03R\x00\x80\x00y\xd3\x02\x00\x00\x00\x00\x14\x00\x00\x00\x01\x05\x03\xf4\x00\x80\x00z\xd9\x02\x00\x00\x00\x00\x14\x00\x00\x00\x01\x05\x03\xf3\x00\x80\x00{\xe0\x02\x00\x00\x00\x00\x14\x00\x00\x00\x01\x05\x03\xf2\x00\x80\x00|\xe7\x02\x00\x00\x00\x00\x14\x00\x00\x00\x01\x05\x03\xf1\x00\x80\x00}\xee\x02\x00\x00\x00\x00\x14\x00\x00\x00\x01\x05\x03\xf0\x00\x80\x00~\xf5\x02\x00\x00\x00\x00\x14\x00\x00\x00\x01\x05\x03\xef\x00\x80\x00\x7f\xfd\x02\x00\x00\x00\x00\x14\x00\x00\x00\x01\x05\x03\xee\x00\x80\x00\x80\x01\x05\x03\x00\x00\x00\x00\x14\x00\x00\x00\x01\x05\x03\xed\x00\x80\x00\x81\x01\r\x03\x00\x00\x00\x00\x14\x00\x00\x00\x01\x05\x03\xec\x00\x80\x00\x82\x01\x15\x03\x00\x00\x00\x00\x14\x00\x00\x00\x01\x05\x03\xeb\x00\x80\x00\x83\x01\x1c\x03\x00\x00\x00\x00\x14\x00\x00\x00\x01\x05\x03\xea\x00\x80\x00\x84\x01"\x03\x00\x00\x00\x00\x14\x00\x00\x00\x01\x05\x03\xe9\x00\x80\x00\x85\x01(\x03\x00\x00\x00\x00\x14\x00\x00\x00\x01\x05\x03\xe8\x00\x80\x00\x86\x01/\x03\x00\x00\x00\x00\x14\x00\x00\x00\x01\x05\x03\xe6\x00\x80\x00\x87\x015\x03\x00\x00\x00\x00\x1b\x00\x00\x00\x01\x05\x03\xe4\x00\x80\x00\x88\x01<\x03\x00\x00\x00\x00\x14\x00\x00\x00\x01\x05\x03\xe3\x00\x80\x00\x89\x01C\x03\x00\x00\x00\x00\x14\x00\x00\x00\x01\x05\x03\xe2\x00\x80\x00\x8a\x01I\x03\x00\x00\x00\x00\x14\x00\x00\x00\x01\x05\x03\xe1\x00\x80\x00\x8b\x01O\x03\x00\x00\x00\x00\x14\x00\x00\x00\x01\x05\x03\xe0\x00\x80\x00\x8c\x01U\x03\x00\x00\x00\x00\x14\x00\x00\x00\x01\x05\x03\xd8\x00\x80\x00\x8d\x01\\\x03\x00\x00\x00\x00\x14\x00\x00\x00\x01\x05\x03\xda\x00\x80\x00\x8e\x01c\x03\x00\x00\x00\x00\x14\x00\x00\x00\x01\x05\x03\xd9\x00\x80\x00\x8f\x01j\x03\x00\x00\x00\x00\x14\x00\x00\x00\x01\x05\x03\xd7\x00\x80\x00\x00\x9e\x91\x00\x00\x02\x00j\t\x00\x00\x04\x84\x01\xf3\x19\x00\x00\x048\x10\x00\x00\xd2\x18\x00\x00@\x07\x00\x00\x00\x00\x00\x00\x00\x00\x00\x00\x1a\x00\x00\x004\x89\x1e\x00\x00\x0c\x80?\x00\x00\x00\x17*\x00\x00\x00J*\x00\x00\x00@\x02\x07B\x1e\x00\x00K\xc6\t\x00\x00\x07\x02?\x00\x00\x00\x05\x1c\x16k\x00\x00\x00\x11\xf8\x1a\x00\x00\x00\x11\xae\x0c\x00\x00\x01\x11\xc3\x0c\x00\x00\x02\x00\x1a\xc9\t\x00\x00\x05 \x16F\x00\x00\x004\x9c\n\x00\x00\x0c~\x8c\x00\x00\x00Jw\x00\x00\x00\x17w\x00\x00\x00@\x01\x08\xb5\x0b\x00\x000\x92\t\x00\x00P\x05"\x16\xfb\x00\x00\x00\x0f \r\x00\x00\x05#\x16\xfb\x00\x00\x00\x02#\x00\x0f\x9d%\x00\x00\x05$\x16k\x00\x00\x00\x02#F\x0fw\x1e\x00\x00\x05%\x16*\x00\x00\x00\x02#H\x0ff\n\x00\x00\x05&\x16*\x00\x00\x00\x02#JADlc\x00\x05\'\x16*\x00\x00\x00\x02#LACtr\x00\x05(\x16*\x00\x00\x00\x02#N\x002w\x00\x00\x00\x0b\x01\x00\x001?\x00\x00\x00E\x00\x1a\x95\t\x00\x00\x05)\x16\x93\x00\x00\x00ku8\x00\x10\x1d\x8c\x00\x00\x00\x17\x17\x01\x00\x00J\x17\x01\x00\x004C\'\x00\x00\r\xd8?\x00\x00\x00[l\x1e\x00\x00\x06\x05O\xd7\x01\x00\x00rarr\x00\x05v\'\x03\x00\x00\x02#\x00\x03!"\x0f\x00\x00\x05w+\x01\x00\x00\x02#\x02\x03!\x7f\x1c\x00\x00\x05x+\x01\x00\x00\x02#\x04\x039\xac\x0e\x00\x00\x05^\x01\x7f\x01\x00\x00\x8b\x01\x00\x00\x10\xa4 \x00\x00\x01\x1c\xaf \x00\x00\x009n\x0f\x00\x00\x05R\x01\x9b\x01\x00\x00\xa7\x01\x00\x00\x10\xa4 \x00\x00\x01\x1c+\x01\x00\x00\x009\xd9\x1d\x00\x00\x05n\x01\xb7\x01\x00\x00\xc3\x01\x00\x00\x10\xa4 \x00\x00\x01\x1c\xf6/\x00\x00\x00sQ\x0b\x00\x00\x05Z\x01\xcf\x01\x00\x00\x10\xa4 \x00\x00\x01\x00\x00OQ#\x00\x00\x0e\x08)\xd7\x01\x00\x00\x01\x03\x00\x00tK#\x00\x00\x16\x03\x00\x00\x02#\x00\x01!\x87\x1c\x00\x00\x08L*\x00\x00\x00\x02#\x02\x02! \x08\x00\x00\x08M*\x00\x00\x00\x02#\x04\x02!?\x14\x00\x00\x08N*\x00\x00\x00\x02#\x06\x02!\xa7\x15\x00\x00\x08O6\x01\x00\x00\x02#\x08\x029n\x0f\x00\x00\x08,\x01@\x02\x00\x00Q\x02\x00\x00\x10-\x03\x00\x00\x01\x1c*\x00\x00\x00\x1c*\x00\x00\x00\x009\x11!\x00\x00\x08>\x01a\x02\x00\x00h\x02\x00\x00\x10-\x03\x00\x00\x01\x00W{\x0c\x00\x00\x08G\x01\x02\x10\x03\xd7\x01\x00\x00\x01\x80\x02\x00\x00\x8c\x02\x00\x00\x10-\x03\x00\x00\x01\x1c*\x00\x00\x00\x00W\xa9\x0c\x00\x00\x084\x01\x02\x10\x02\xd7\x01\x00\x00\x01\xa4\x02\x00\x00\xab\x02\x00\x00\x10-\x03\x00\x00\x01\x00\x85\x01\x01\x82\x16\x00\x00\x08:\x85 \x00\x00\x01\xc1\x02\x00\x00\xcd\x02\x00\x00\x10-\x03\x00\x00\x01\x1c-\x03\x00\x00\x009Q\x0b\x00\x00\x08/\x01\xdd\x02\x00\x00\xe4\x02\x00\x00\x10-\x03\x00\x00\x01\x00\x86\x01\x1d\x1b\x00\x00\x08/\x01\x02\x10\x01\xd7\x01\x00\x00\x01\xf9\x02\x00\x00\x10-\x03\x00\x00\x01\x00\x00\x87\x01\x0e\x03\x00\x00\x0e\x03\x00\x00\x88\x01\x00\x89\x01\x02\x05int\x00\x1b\x02\x1c\x03\x00\x00\x8a\x01\x02\xe1\x04\x00\x00\x01\x03\x00\x00\x1b\x02-\x03\x00\x00\x1b\x02\xd7\x01\x00\x00\x17-\x03\x00\x00O\xde\x1a\x00\x00\x0f\x08R\xd7\x01\x00\x00\xd0\x03\x00\x00X\xd7\x01\x00\x00\x02#\x00\x01\x08\x0e\x17\x00\x00\x08i\xd0\x03\x00\x00\x02#\x0e9n\x0f\x00\x00\x08U\x01o\x03\x00\x00\x80\x03\x00\x00\x10|!\x00\x00\x01\x1c*\x00\x00\x00\x1c*\x00\x00\x00\x00W\xa9\x0c\x00\x00\x08X\x01\x02\x10\x028\x03\x00\x00\x01\x98\x03\x00\x00\x9f\x03\x00\x00\x10|!\x00\x00\x01\x00lQ\x0b\x00\x00\x01\x01\xae\x03\x00\x00\xb5\x03\x00\x00\x10|!\x00\x00\x01\x00u\x1d\x1b\x00\x00\x01\x02\x10\x018\x03\x00\x00\x01\x01\xc8\x03\x00\x00\x10|!\x00\x00\x01\x00\x00@\x01\x02\xad\x1b\x00\x00OE\x10\x00\x00\x1d\x08\x92\xd7\x01\x00\x00\xdd\x04\x00\x00X\xd7\x01\x00\x00\x02#\x00\x01!J\'\x00\x00\x08\xa5*\x00\x00\x00\x02#\x0e\x03!r\x19\x00\x00\x08\xa6\xe2\x04\x00\x00\x02#\x10\x03!\xee\x0c\x00\x00\x08\xa7\xd0\x03\x00\x00\x02#\x14\x03!:\x12\x00\x00\x08\xa8\xe2\x04\x00\x00\x02#\x15\x03!v\x04\x00\x00\x08\xa9\xe2\x04\x00\x00\x02#\x19\x039n\x0f\x00\x00\x08\x95\x01K\x04\x00\x00f\x04\x00\x00\x10\xd9 \x00\x00\x01\x1c-\x03\x00\x00\x1c*\x00\x00\x00\x1c\xe2\x04\x00\x00\x1c\xd0\x03\x00\x00\x00lQ\x0b\x00\x00\x01\x01u\x04\x00\x00|\x04\x00\x00\x10\xd9 \x00\x00\x01\x00\x8b\x01\x1d\x1b\x00\x00\x01\x02\x10\x01\xd7\x03\x00\x00\x01\x01\x94\x04\x00\x00\x9b\x04\x00\x00\x10\xd9 \x00\x00\x01\x00W{\x0c\x00\x00\x08\x9e\x01\x02\x10\x03\xd7\x03\x00\x00\x01\xb3\x04\x00\x00\xbf\x04\x00\x00\x10\xd9 \x00\x00\x01\x1c*\x00\x00\x00\x00\x8c\x01\x01\xf4\x17\x00\x00\x08\x9a@\x1c\x00\x00\xe2\x04\x00\x00\x01\xd5\x04\x00\x00\x10}\x81\x00\x00\x01\x00\x00\x17\xd7\x03\x00\x00@\x04\x043\x17\x00\x00O\xab"\x00\x00\x0c\x0e1!\x05\x00\x00!\x05\x00\x00X!\x05\x00\x00\x02#\x00\x01!X\x12\x00\x00\x0e4(\x05\x00\x00\x02#\x04\x02!\xa4&\x00\x00\x0e5(\x05\x00\x00\x02#\x08\x02\x00\x8d\x01\x83&\x00\x00\x01@\x04\x07=\x1e\x00\x00O\xab"\x00\x00\x0c\x0f1g\x05\x00\x00g\x05\x00\x00Xg\x05\x00\x00\x02#\x00\x01!X\x12\x00\x00\x0f4(\x05\x00\x00\x02#\x04\x02!\xa4&\x00\x00\x0f5(\x05\x00\x00\x02#\x08\x02\x00\x8e\x01\x83&\x00\x00\x01\x92\x05\x00\x00\x8f\x01\x01\x9a(\x00\x00\x07,p(\x00\x00\x02\x01\x85\x05\x00\x00\x10\x07,\x00\x00\x01\x1c\x0e\x03\x00\x00\x00\x00O\x1f\x19\x00\x00P\x10Zg\x05\x00\x00X\x07\x00\x00X/\x05\x00\x00\x02#\x00\x01!j$\x00\x00\x10]\x0e\x03\x00\x00\x02#\x0c\x03\x08p\x05\x00\x00\x10n\x82\x00\x00\x00\x02#\x0e\x08,\x19\x00\x00\x10o\x82\x00\x00\x00\x02#\x0f\x08[\x15\x00\x00\x10pX\x07\x00\x00\x02#\x109V\x1d\x00\x00\x06\xae\x01\xf4\x05\x00\x00\x00\x06\x00\x00\x10\xee\x1c\x00\x00\x01\x1c(\x05\x00\x00\x009n\x0f\x00\x00\x10_\x01\x10\x06\x00\x00\x17\x06\x00\x00\x10\xee\x1c\x00\x00\x01\x00\x90\x01`\x1f\x00\x00+\x01\x00\x00\x01\x02\x10\x01\x92\x05\x00\x00\x01\x013\x06\x00\x00D\x06\x00\x00\x10\xee\x1c\x00\x00\x01\x1c\xf6\n\x00\x00\x1c+\x01\x00\x00\x00\\\xfa\x04\x00\x00\x06\xe4+\x01\x00\x00\x01\x02\x10\x01\x92\x05\x00\x00\x01`\x06\x00\x00q\x06\x00\x00\x10\xee\x1c\x00\x00\x01\x1c\xf6\n\x00\x00\x1c+\x01\x00\x00\x00\\\xfa\x04\x00\x00\x06\xdf+\x01\x00\x00\x01\x02\x10\x00\x92\x05\x00\x00\x01\x8d\x06\x00\x00\x99\x06\x00\x00\x10\xee\x1c\x00\x00\x01\x1cw\x00\x00\x00\x00W\xda\x1f\x00\x00\x06\xda\x01\x02\x10\x03\x92\x05\x00\x00\x01\xb1\x06\x00\x00\xb8\x06\x00\x00\x10\xee\x1c\x00\x00\x01\x00\\\xe1\x13\x00\x00\x06\xd5\x0e\x03\x00\x00\x01\x02\x10\x02\x92\x05\x00\x00\x01\xd4\x06\x00\x00\xdb\x06\x00\x00\x10\xee\x1c\x00\x00\x01\x00v\xcc\x15\x00\x00\x0e\x03\x00\x00\x01\x01\\\xa3\x17\x00\x00\x06\xcb\x0e\x03\x00\x00\x01\x02\x10\x05\x92\x05\x00\x00\x01\x02\x07\x00\x00\t\x07\x00\x00\x10\xee\x1c\x00\x00\x01\x00\\{\x0f\x00\x00\x06\xc4\x0e\x03\x00\x00\x01\x02\x10\x06\x92\x05\x00\x00\x01%\x07\x00\x00,\x07\x00\x00\x10\xee\x1c\x00\x00\x01\x00v\xa4\n\x00\x00\x0e\x03\x00\x00\x01\x01\x91\x01\xb4\x12\x00\x00\x06\xbc\x0e\x03\x00\x00\x01\x02\x10\x04\x92\x05\x00\x00\x01P\x07\x00\x00\x10\xee\x1c\x00\x00\x01\x00\x002\x8c\x00\x00\x00h\x07\x00\x001?\x00\x00\x00?\x000\xcc\x14\x00\x00\x04\x05\x8f\x05\x94\x07\x00\x00Alen\x00\x05\x90\x05*\x00\x00\x00\x02#\x00\x0f\xf0\t\x00\x00\x05\x91\x05\x94\x07\x00\x00\x02#\x02\x00\x1b\x02w\x00\x00\x00\x1a\xcf\x08\x00\x00\x05\x92\x05h\x07\x00\x00\x17\x9a\x07\x00\x00[~\x19\x00\x00\x01\x10:\xcd\x07\x00\x00\x92\x01z\x18\x00\x00\x019\x03\x01\xc5\x07\x00\x00\x10\xd6\x1b\x00\x00\x01\x00\x00ku32\x00\x10\x1f(\x05\x00\x004/\x1e\x00\x00\x06\'\xe8\x07\x00\x00J\xd8\x07\x00\x00B/\x1e\x00\x00\x08\x06!.\x1e\x00\x00?\x08\x00\x00\x083*\x00\x00\x06"\xcd\x07\x00\x00\x02#\x00\x08\n\'\x00\x00\x06#\x17\x01\x00\x00\x02#\x04\x08\x06$\x00\x00\x06$\x17\x01\x00\x00\x02#\x05\x08\x1d\x10\x00\x00\x06%\x17\x01\x00\x00\x02#\x06\x08\x80\x0f\x00\x00\x06&\x17\x01\x00\x00\x02#\x07\x004\xb8&\x00\x00\x0c\x82(\x05\x00\x00\x17?\x08\x00\x00[i%\x00\x00\n\x05\x0b/\t\x00\x00rarr\x00\x05G/\t\x00\x00\x02#\x00\x03!"\x0f\x00\x00\x05H+\x01\x00\x00\x02#\x02\x03!\x90\x14\x00\x00\x05I\x0e\x03\x00\x00\x02#\x04\x03!\xd5 \x00\x00\x05J\x0e\x03\x00\x00\x02#\x06\x03!\x7f\x1c\x00\x00\x05K+\x01\x00\x00\x02#\x08\x039\x98\x04\x00\x00\x05(\x01\xb6\x08\x00\x00\xc2\x08\x00\x00\x10;a\x00\x00\x01\x1c\xf6/\x00\x00\x00\x93\x01\x01\x06\x1f\x00\x00\x05A\x07\x10\x00\x00\xd0\x03\x00\x00\x01\xdc\x08\x00\x00\xe3\x08\x00\x00\x10;a\x00\x00\x01\x009n\x0f\x00\x00\x05\x0e\x01\xf3\x08\x00\x00\xff\x08\x00\x00\x10;a\x00\x00\x01\x1c+\x01\x00\x00\x00\x94\x01pop\x00\x05\x1c?\x00\x00\x00\x01\x14\t\x00\x00\x1b\t\x00\x00\x10;a\x00\x00\x01\x00sQ\x0b\x00\x00\x05\x18\x01\'\t\x00\x00\x10;a\x00\x00\x01\x00\x00\x1b\x02?\x00\x00\x00O\x0b\x06\x00\x00\x1d\x08l\xd7\x01\x00\x00-\n\x00\x00X\xd7\x01\x00\x00\x02#\x00\x01!{&\x00\x00\x08\x8c*\x00\x00\x00\x02#\x0e\x03!\x89\x19\x00\x00\x08\x8d*\x00\x00\x00\x02#\x10\x03!\x94\x17\x00\x00\x08\x8e\xd0\x03\x00\x00\x02#\x12\x03!\x99\x19\x00\x00\x08\x8fO\x08\x00\x00\x02#\x13\x03\x95\x01\xd2\x12\x00\x00\x08\x86\x03\x01\x9c\t\x00\x00\xad\t\x00\x00\x10\xc3\x1f\x00\x00\x01\x1c*\x00\x00\x00\x1c*\x00\x00\x00\x009n\x0f\x00\x00\x08o\x01\xbd\t\x00\x00\xd8\t\x00\x00\x10\xc3\x1f\x00\x00\x01\x1c-\x03\x00\x00\x1c*\x00\x00\x00\x1c*\x00\x00\x00\x1c\xd0\x03\x00\x00\x00W{\x0c\x00\x00\x08w\x01\x02\x10\x035\t\x00\x00\x01\xf0\t\x00\x00\xfc\t\x00\x00\x10\xc3\x1f\x00\x00\x01\x1c*\x00\x00\x00\x00lQ\x0b\x00\x00\x01\x01\x0b\n\x00\x00\x12\n\x00\x00\x10\xc3\x1f\x00\x00\x01\x00u\x1d\x1b\x00\x00\x01\x02\x10\x015\t\x00\x00\x01\x01%\n\x00\x00\x10\xc3\x1f\x00\x00\x01\x00\x00[\xb1&\x00\x00\x01\x01\xcf~\n\x00\x00!\xf5\x0e\x00\x00\x01\xd1\x17\x01\x00\x00\x02#\x00\x039n\x0f\x00\x00\x01\xd3\x01X\n\x00\x00d\n\x00\x00\x10\xd8!\x00\x00\x01\x1c\x17\x01\x00\x00\x00\x96\x01\x01Q\x0b\x00\x00\x01\xd8_\x0f\x00\x00\x01v\n\x00\x00\x10\xd8!\x00\x00\x01\x00\x00O\xa5\x14\x00\x00\n\x11\x1c~\n\x00\x00\xf6\n\x00\x00t\x9f\x14\x00\x00\x16\x03\x00\x00\x02#\x00\x01!O\x16\x00\x00\x11(w\x00\x00\x00\x02#\x02\x02!\xd9\x19\x00\x00\x11)w\x00\x00\x00\x02#\x03\x02!\x8f\n\x00\x00\x11+\x87\x00\x00\x00\x02#\x04\x02!\xa6\x12\x00\x00\x11,\x87\x00\x00\x00\x02#\x05\x02!"(\x00\x00\x11-\xf6\n\x00\x00\x02#\x06\x02!\x87)\x00\x00\x11/\x01\x0b\x00\x00\x02#\x08\x02\x00\x1b\x02\x87\x00\x00\x00\x17\xf6\n\x00\x00\x1b\x02~\n\x00\x00[\x12\x08\x00\x00\x04\x114\xd1\x0b\x00\x00!\xbc\x04\x00\x00\x11>w\x00\x00\x00\x02#\x00\x03!\x90\'\x00\x00\x11?w\x00\x00\x00\x02#\x01\x03!q\x03\x00\x00\x11@\x01\x0b\x00\x00\x02#\x02\x039n\x0f\x00\x00\x03j\x01P\x0b\x00\x00W\x0b\x00\x00\x10\x17%\x00\x00\x01\x00w\xbf\x19\x00\x00\x03\x1c\x0e\x03\x00\x00\x01k\x0b\x00\x00w\x0b\x00\x00\x10\x17%\x00\x00\x01\x1c\x94\x07\x00\x00\x00w\xfe\x13\x00\x00\x03)\x0e\x03\x00\x00\x01\x8b\x0b\x00\x00\x97\x0b\x00\x00\x10\x17%\x00\x00\x01\x1cm\x83\x00\x00\x009<\x05\x00\x00\x035\x01\xa7\x0b\x00\x00\xb3\x0b\x00\x00\x10\x17%\x00\x00\x01\x1c\xaf\x83\x00\x00\x00\x97\x01\xc5\x0f\x00\x00\x03>\xd0\x03\x00\x00\x01\xc4\x0b\x00\x00\x10\x17%\x00\x00\x01\x1cm\x83\x00\x00\x00\x00\x1a\x16\x16\x00\x00\x05\x8c\x04w\x00\x00\x00\x17\xd1\x0b\x00\x00\x1az\'\x00\x00\x05\x8d\x04w\x00\x00\x000\xde\n\x00\x00\x03\x05\xb8\x05\x1a\x0c\x00\x00\x0f\xec\x17\x00\x00\x05\xb9\x05\xe2\x0b\x00\x00\x02#\x00\x0f**\x00\x00\x05\xba\x05*\x00\x00\x00\x02#\x01\x00\x1a\xe1\n\x00\x00\x05\xbb\x05\xee\x0b\x00\x00\x17\x1a\x0c\x00\x00\x1a\xe3&\x00\x00\x05\x8e\x04w\x00\x00\x000q!\x00\x00\x03\x05\xa2\x05c\x0c\x00\x00\x0f\x9f\x11\x00\x00\x05\xa3\x05+\x0c\x00\x00\x02#\x00\x0fW\x14\x00\x00\x05\xa4\x05*\x00\x00\x00\x02#\x01\x00\x1at!\x00\x00\x05\xa5\x057\x0c\x00\x00\x17c\x0c\x00\x00\x1a\n\x11\x00\x00\x05\x8e\x01?\x08\x00\x000\x94\x12\x00\x00\x04\x05*\x05\x9d\x0c\x00\x00\x0f\xe3\x11\x00\x00\x05.\x05t\x0c\x00\x00\x02#\x00\x00\x1a\x97\x12\x00\x00\x05/\x05\x80\x0c\x00\x000=*\x00\x00\x08\x05\x9a\x05\xd5\x0c\x00\x00Amta\x00\x05\x9b\x05\x9d\x0c\x00\x00\x02#\x00\x0fu#\x00\x00\x05\x9f\x05?\x08\x00\x00\x02#\x04\x00\x1a@*\x00\x00\x05\xa0\x05\xa9\x0c\x00\x00\x1a-\x0f\x00\x00\x05*\x07*\x00\x00\x004\x93\x1d\x00\x00\x10\xaa\xf8\x0c\x00\x00B\x93\x1d\x00\x00\x08\x10\xa3\x92\x1d\x00\x00]\r\x00\x00\x08\xc3\x0b\x00\x00\x10\xa4w\x00\x00\x00\x02#\x00\x08\xa1\x19\x00\x00\x10\xa5w\x00\x00\x00\x02#\x01\x083\x07\x00\x00\x10\xa6w\x00\x00\x00\x02#\x02\x08+\x07\x00\x00\x10\xa7w\x00\x00\x00\x02#\x03\x08v\x1e\x00\x00\x10\xa8*\x00\x00\x00\x02#\x04\x08\xeb\x0f\x00\x00\x10\xa9*\x00\x00\x00\x02#\x06\x004\x93\x1d\x00\x00\x10\xaah\r\x00\x00B\x93\x1d\x00\x00\x08\x10\xa3\x92\x1d\x00\x00\xcd\r\x00\x00\x08\xc3\x0b\x00\x00\x10\xa4w\x00\x00\x00\x02#\x00\x08\xa1\x19\x00\x00\x10\xa5w\x00\x00\x00\x02#\x01\x083\x07\x00\x00\x10\xa6w\x00\x00\x00\x02#\x02\x08+\x07\x00\x00\x10\xa7w\x00\x00\x00\x02#\x03\x08v\x1e\x00\x00\x10\xa8*\x00\x00\x00\x02#\x04\x08\xeb\x0f\x00\x00\x10\xa9*\x00\x00\x00\x02#\x06\x00K\x9b\x0f\x00\x00\x07\x02?\x00\x00\x00\x05\x8c\x12\xec\r\x00\x00\x11p\n\x00\x00\x00\x11\x07\x13\x00\x00\x01\x00\x1a\x9e\x0f\x00\x00\x05\x8f\x12\xcd\r\x00\x00K \n\x00\x00\x07\x02?\x00\x00\x00\x05\xfc\x04\x83\x0e\x00\x00\x11<\x19\x00\x00\x00\x11n\x10\x00\x00\x10\x11\x87\x11\x00\x00\x11\x11_\x10\x00\x00\x12\x11&\x08\x00\x00 \x11\xf2\x12\x00\x00!\x11\x8a\x0f\x00\x00"\x11\xc6\r\x00\x00#\x11f\x15\x00\x00$\x11\xb3\x15\x00\x00%\x11\t\x15\x00\x00&\x11\x81#\x00\x00\'\x11\x84\x1b\x00\x00(\x11\x16\'\x00\x00)\x11\xe0\x1f\x00\x00*\x11\x13"\x00\x000\x11\x02\x0c\x00\x001\x11\xe9#\x00\x002\x119"\x00\x003\x11}\x1e\x00\x00\xff\x00\x1a#\n\x00\x00\x05\x1b\x05\xf8\r\x00\x00Ka\x1c\x00\x00\x07\x02?\x00\x00\x00\x05\x85\x12\xba\x0e\x00\x00\x11\x92&\x00\x00\x00\x11\x81\x12\x00\x00\x01\x11\xbf!\x00\x00\x02\x11f\x07\x00\x00\x03\x00\x1a\xb6$\x00\x00\x05\x8a\x12\x8f\x0e\x00\x000\xfb\x0c\x00\x00\x05\x05$\x05\xf2\x0e\x00\x00Aext\x00\x05%\x05w\x00\x00\x00\x02#\x00\x0f\xe3\x11\x00\x00\x05&\x05t\x0c\x00\x00\x02#\x01\x00\x1a\xfe\x0c\x00\x00\x05\'\x05\xc6\x0e\x00\x000=\x0b\x00\x00\x03\x05\x92\x129\x0f\x00\x00\x0f{\x05\x00\x00\x05\x93\x12w\x00\x00\x00\x02#\x00\x0f7\x19\x00\x00\x05\x94\x12w\x00\x00\x00\x02#\x01\x0f\x89&\x00\x00\x05\x95\x12\xd0\x03\x00\x00\x02#\x02\x00\x1a@\x0b\x00\x00\x05\x96\x12\xfe\x0e\x00\x00K\xb9\x18\x00\x00\x07\x02?\x00\x00\x00\x05}\x12v\x0f\x00\x00\x11\xd5\x1e\x00\x00\x00\x11m\r\x00\x00\x01\x11\x02\x04\x00\x00\x02\x11\xbc\x0e\x00\x00\x03\x11O)\x00\x00\x04\x00\x1a\xbc\x18\x00\x00\x05\x83\x12E\x0f\x00\x000\xa3%\x00\x00\x01\x05\xbd\x05\x9f\x0f\x00\x00\x0f|#\x00\x00\x05\xbe\x05w\x00\x00\x00\x02#\x00\x00\x1a\xa6%\x00\x00\x05\xc3\x05\x82\x0f\x00\x00\x1a\xd3\x13\x00\x00\x05\xce\x15\xb7\x0f\x00\x00\x1b\x02\xbd\x0f\x00\x00\x98\x01K\xe9\x1c\x00\x00\x07\x02?\x00\x00\x00\x05\xe6\x10\xea\x0f\x00\x00\x11\x93"\x00\x00\x00\x11\x05\x1d\x00\x00\x01\x11\xe2\'\x00\x00\x02\x119\n\x00\x00\x03\x00\x1a\xec\x1c\x00\x00\x05\xeb\x10\xbf\x0f\x00\x000^ \x00\x00\r\x05\xed\x10@\x10\x00\x00\x0f\x8b(\x00\x00\x05\xee\x10\xea\x0f\x00\x00\x02#\x00Amta\x00\x05\xef\x10\xf2\x0e\x00\x00\x02#\x02\x0f\x19\x1e\x00\x00\x05\xf0\x10?\x08\x00\x00\x02#\x07\x0f\x00\x12\x00\x00\x05\xf1\x10\xe1\x0c\x00\x00\x02#\x0b\x00\x1aa \x00\x00\x05\xf2\x10\xf6\x0f\x00\x00K\x80\x05\x00\x00\x07\x02?\x00\x00\x00\x05\x84\x05k\x10\x00\x00\x11\x12$\x00\x00\x00\x11\x92\x18\x00\x00\x01\x00\x1a\x83\x05\x00\x00\x05\x87\x05L\x10\x00\x000\x13\x0f\x00\x00\x04\x05\xcc\x16\x94\x10\x00\x00\x0f\x07(\x00\x00\x05\xcd\x16?\x08\x00\x00\x02#\x00\x00\x1a\x16\x0f\x00\x00\x05\xce\x16w\x10\x00\x000\x99\x08\x00\x00\x02\x05Q\x05\xcc\x10\x00\x00\x0f{\x10\x00\x00\x05R\x05\xd0\x03\x00\x00\x02#\x00\x0fD\r\x00\x00\x05S\x05w\x00\x00\x00\x02#\x01\x00\x1a\x9c\x08\x00\x00\x05T\x05\xa0\x10\x00\x00K\x89\x13\x00\x00\x07\x02?\x00\x00\x00\x05E\x05\xfd\x10\x00\x00\x11\xc1&\x00\x00\x00\x117\x04\x00\x00\x01\x11v\x0e\x00\x00\x02\x00\x1a\x8c\x13\x00\x00\x05I\x05\xd8\x10\x00\x000\x05\x1b\x00\x00\x02\x05K\x05&\x11\x00\x00\x0f\x8b(\x00\x00\x05L\x05\xfd\x10\x00\x00\x02#\x00\x00\x1a\x08\x1b\x00\x00\x05M\x05\t\x11\x00\x000B\x12\x00\x00\x03\x05=\x05m\x11\x00\x00\x0f \x0e\x00\x00\x05>\x05\xd1\x0b\x00\x00\x02#\x00Aodt\x00\x05?\x05\xe2\x0b\x00\x00\x02#\x01\x0f[\x17\x00\x00\x05@\x05+\x0c\x00\x00\x02#\x02\x00\x1aE\x12\x00\x00\x05A\x052\x11\x00\x00KO\x04\x00\x00\x07\x02?\x00\x00\x00\x051\x05\xaa\x11\x00\x00\x11\x02&\x00\x00\x00\x11$%\x00\x00\x01\x11\x04 \x00\x00\x02\x11v$\x00\x00\x03\x11\x16\x04\x00\x00\x04\x00\x1aR\x04\x00\x00\x057\x05y\x11\x00\x0008\x0c\x00\x00\x02\x059\x05\xd3\x11\x00\x00\x0f\x8b(\x00\x00\x05:\x05\xaa\x11\x00\x00\x02#\x00\x00\x1a;\x0c\x00\x00\x05;\x05\xb6\x11\x00\x000\x1d\t\x00\x00\x0c\x05X\x05\x1a\x12\x00\x00\x0f\xba\x17\x00\x00\x05Y\x05?\x08\x00\x00\x02#\x00\x0f\x91(\x00\x00\x05Z\x05?\x08\x00\x00\x02#\x04\x0f\xda!\x00\x00\x05[\x05?\x08\x00\x00\x02#\x08\x00\x1a \t\x00\x00\x05\\\x05\xdf\x11\x00\x000\xe6"\x00\x00 \x05_\x05\xd9\x12\x00\x00\x0f\x91)\x00\x00\x05a\x05\xd0\x03\x00\x00\x02#\x00\x0f\x8c)\x00\x00\x05b\x05\xd0\x03\x00\x00\x02#\x01\x0f\xa5$\x00\x00\x05c\x05\xd0\x03\x00\x00\x02#\x02\x0f\n\r\x00\x00\x05e\x05\xd3\x11\x00\x00\x02#\x03\x0f\x13\x0b\x00\x00\x05f\x05m\x11\x00\x00\x02#\x05\x0f\xd4\x04\x00\x00\x05i\x05&\x11\x00\x00\x02#\x08\x0f\x01\x15\x00\x00\x05l\x05*\x00\x00\x00\x02#\n\x0f|#\x00\x00\x05n\x05w\x00\x00\x00\x02#\x0cAmta\x00\x05s\x05\xf2\x0e\x00\x00\x02#\r\x0f\xa4\x05\x00\x00\x05u\x05\xcc\x10\x00\x00\x02#\x12\x0f\x19%\x00\x00\x05{\x05\x1a\x12\x00\x00\x02#\x14\x00\x1a\xe9"\x00\x00\x05}\x05&\x12\x00\x00\x17\xd9\x12\x00\x000\x86\x15\x00\x00\x04\x05\xae\x05%\x13\x00\x00\x0f\xec\x17\x00\x00\x05\xaf\x05\xe2\x0b\x00\x00\x02#\x00\x0f**\x00\x00\x05\xb0\x05*\x00\x00\x00\x02#\x01\x0f|#\x00\x00\x05\xb1\x05w\x00\x00\x00\x02#\x03\x00\x1a\x90\x15\x00\x00\x05\xb6\x05\xea\x12\x00\x00\x17%\x13\x00\x000\x97\x0e\x00\x00\t\x05\xcc\x05\x92\x13\x00\x00\x0f\xb4\'\x00\x00\x05\xcd\x05w\x00\x00\x00\x02#\x00\x99\x01\x08\x05\xce\x05\x82\x13\x00\x00x[\x17\x00\x00\x05\xcf\x05\xd5\x0c\x00\x00\x9a\x01odt\x00\x05\xd0\x05c\x0c\x00\x00x \x0e\x00\x00\x05\xd1\x05%\x13\x00\x00\x00\x0f\xc1"\x00\x00\x05\xd2\x05R\x13\x00\x00\x02#\x01\x00\x1a\x9a\x0e\x00\x00\x05\xd3\x056\x13\x00\x00\x1aQ\x1f\x00\x00\x05v\x12\xaa\x13\x00\x00\x9b\x01Q\x1f\x00\x00A\x05s\x12O\x1f\x00\x00\xdb\x13\x00\x00Alen\x00\x05t\x12w\x00\x00\x00\x02#\x00\x0f\xf0\t\x00\x00\x05u\x12\xdb\x13\x00\x00\x02#\x01\x002w\x00\x00\x00\xeb\x13\x00\x001?\x00\x00\x00?\x00\x1aA\x11\x00\x00\x05\xf2\x05\xfc\x13\x00\x00\x17\xeb\x13\x00\x00\x1b\x02\x02\x14\x00\x00\x9c\x01\x0e\x14\x00\x00\x1c\x0e\x14\x00\x00\x00\x1b\x02\xa6\x07\x00\x00\x17\x0e\x14\x00\x004\xb9&\x00\x00\x0c\x81)\x14\x00\x00J\x19\x14\x00\x00@\x04\x05p\x08\x00\x00ku16\x00\x10\x1e@\x14\x00\x00\x170\x14\x00\x00@\x02\x07_\t\x00\x004T\'\x00\x00\x12\x98W\x14\x00\x00\x17G\x14\x00\x00BT\'\x00\x00\x12\x12\x89R\'\x00\x00,\x15\x00\x00Clen\x00\x12\x8a\x17\x01\x00\x00\x02#\x00\x08\xb2"\x00\x00\x12\x8b\x17\x01\x00\x00\x02#\x01\x08,\x04\x00\x00\x12\x8c0\x14\x00\x00\x02#\x02\x08\\&\x00\x00\x12\x8d\x17\x01\x00\x00\x02#\x04\x08\xd5\x0c\x00\x00\x12\x8e\x17\x01\x00\x00\x02#\x05\x08\xe0\x1d\x00\x00\x12\x8f\x17\x01\x00\x00\x02#\x06\x08\x0e\x0c\x00\x00\x12\x90\x17\x01\x00\x00\x02#\x07\x08\x90\x19\x00\x00\x12\x910\x14\x00\x00\x02#\x08\x08\xef\x1f\x00\x00\x12\x920\x14\x00\x00\x02#\n\x08\x0f\t\x00\x00\x12\x930\x14\x00\x00\x02#\x0c\x08\xd0\x16\x00\x00\x12\x94\x17\x01\x00\x00\x02#\x0e\x08\x17&\x00\x00\x12\x95\x17\x01\x00\x00\x02#\x0f\x08\xad\x11\x00\x00\x12\x96\x17\x01\x00\x00\x02#\x10\x08y\x1d\x00\x00\x12\x97\x17\x01\x00\x00\x02#\x11\x004\xe0(\x00\x00\x12\xbf7\x15\x00\x00B\xe0(\x00\x00\x07\x12\xb8\xde(\x00\x00\x9c\x15\x00\x00Clen\x00\x12\xb9\x17\x01\x00\x00\x02#\x00\x08\xb2"\x00\x00\x12\xba\x17\x01\x00\x00\x02#\x01\x08\x06\x06\x00\x00\x12\xbb\x17\x01\x00\x00\x02#\x02\x08\xda\r\x00\x00\x12\xbc\x17\x01\x00\x00\x02#\x03\x08\xec\x08\x00\x00\x12\xbd0\x14\x00\x00\x02#\x04\x08\xda\x07\x00\x00\x12\xbe\x17\x01\x00\x00\x02#\x06\x004\\\x05\x00\x00\x12\xb4\xa7\x15\x00\x00B\\\x05\x00\x00\t\x12\xaaZ\x05\x00\x006\x16\x00\x00Clen\x00\x12\xab\x17\x01\x00\x00\x02#\x00\x08\xb2"\x00\x00\x12\xac\x17\x01\x00\x00\x02#\x01\x08\'"\x00\x00\x12\xad\x17\x01\x00\x00\x02#\x02\x08J\x1b\x00\x00\x12\xae\x17\x01\x00\x00\x02#\x03\x08\x8f\n\x00\x00\x12\xaf\x17\x01\x00\x00\x02#\x04\x08W\x07\x00\x00\x12\xb0\x17\x01\x00\x00\x02#\x05\x08\x85\x0e\x00\x00\x12\xb1\x17\x01\x00\x00\x02#\x06\x08\xb8\x14\x00\x00\x12\xb2\x17\x01\x00\x00\x02#\x07\x08[!\x00\x00\x12\xb3\x17\x01\x00\x00\x02#\x08\x004\xbb\'\x00\x00\x12\xd7A\x16\x00\x00B\xbb\'\x00\x00\x05\x12\xd1\xb9\'\x00\x00\x96\x16\x00\x00Clen\x00\x12\xd2\x17\x01\x00\x00\x02#\x00\x08\xb2"\x00\x00\x12\xd3\x17\x01\x00\x00\x02#\x01\x08\xdf\r\x00\x00\x12\xd4\x17\x01\x00\x00\x02#\x02Cd0\x00\x12\xd5\x17\x01\x00\x00\x02#\x03Cd1\x00\x12\xd6\x17\x01\x00\x00\x02#\x04\x004\xb4\x1b\x00\x00\x12\xf0\xa1\x16\x00\x00B\xb4\x1b\x00\x00\x04\x12\xeb\xb2\x1b\x00\x00\xea\x16\x00\x00Clen\x00\x12\xec\x17\x01\x00\x00\x02#\x00\x08\xb2"\x00\x00\x12\xed\x17\x01\x00\x00\x02#\x01\x08\xdf\r\x00\x00\x12\xee\x17\x01\x00\x00\x02#\x02\x08\xf9$\x00\x00\x12\xef\x17\x01\x00\x00\x02#\x03\x004\x9e\x06\x00\x00\x12\xe8\xf5\x16\x00\x00B\x9e\x06\x00\x00\x05\x12\xe2\x9c\x06\x00\x00L\x17\x00\x00Clen\x00\x12\xe3\x17\x01\x00\x00\x02#\x00\x08\xb2"\x00\x00\x12\xe4\x17\x01\x00\x00\x02#\x01\x08\xdf\r\x00\x00\x12\xe5\x17\x01\x00\x00\x02#\x02\x08\xf9$\x00\x00\x12\xe6\x17\x01\x00\x00\x02#\x03\x08P\x0c\x00\x00\x12\xe7\x17\x01\x00\x00\x02#\x04\x004\xde\x10\x00\x00\x12\xcdW\x17\x00\x00B\xde\x10\x00\x00\x08\x12\xc4\xdc\x10\x00\x00\xd8\x17\x00\x00Clen\x00\x12\xc5\x17\x01\x00\x00\x02#\x00\x08\xb2"\x00\x00\x12\xc6\x17\x01\x00\x00\x02#\x01\x08\x8c\x1f\x00\x00\x12\xc7\x17\x01\x00\x00\x02#\x02\x08\xf2\x14\x00\x00\x12\xc8\x17\x01\x00\x00\x02#\x03\x08-\x16\x00\x00\x12\xc9\x17\x01\x00\x00\x02#\x04\x08\xec\x10\x00\x00\x12\xca\x17\x01\x00\x00\x02#\x05\x08N\x10\x00\x00\x12\xcb\x17\x01\x00\x00\x02#\x06\x08[!\x00\x00\x12\xcc\x17\x01\x00\x00\x02#\x07\x00\x1a\xeb$\x00\x00\x12\x03\x01\xe9\x17\x00\x00\x17\xd8\x17\x00\x00B\xeb$\x00\x00B\x12\xf3\xe9$\x00\x00\x88\x18\x00\x00Ciad\x00\x12\xf5L\x17\x00\x00\x02#\x00Ccif\x00\x12\xf8\x9c\x15\x00\x00\x02#\x08\x08\xa2\x0c\x00\x00\x12\xf96\x16\x00\x00\x02#\x11\x08\x1a\x0c\x00\x00\x12\xfa\xea\x16\x00\x00\x02#\x16\x08\x8b*\x00\x00\x12\xfb\x96\x16\x00\x00\x02#\x1b\x08#\'\x00\x00\x12\xfc6\x16\x00\x00\x02#\x1f\x08O\x0e\x00\x00\x12\xfd,\x15\x00\x00\x02#$Adif\x00\x12\x00\x01\x9c\x15\x00\x00\x02#+Ain\x00\x12\x01\x01,\x15\x00\x00\x02#4Aout\x00\x12\x02\x01,\x15\x00\x00\x02#;\x000\x0c\n\x00\x00\x06\x05\xd5\x05\xe1\x18\x00\x00\x0f\xe1"\x00\x00\x05\xd6\x05\xfc\n\x00\x00\x02#\x00\x0f\xd2!\x00\x00\x05\xd7\x05w\x00\x00\x00\x02#\x02\x0f."\x00\x00\x05\xd8\x05w\x00\x00\x00\x02#\x03\x0f\x96\x11\x00\x00\x05\xd9\x05w\x00\x00\x00\x02#\x04\x0f\xaf\x0b\x00\x00\x05\xda\x05w\x00\x00\x00\x02#\x05\x00\x1a\x0f\n\x00\x00\x05\xdc\x05\x88\x18\x00\x00\x17\xe1\x18\x00\x004\n\x0b\x00\x00\x0c\x85\xfd\x18\x00\x00@\x08\x078\x1e\x00\x004N\x06\x00\x00\x12\xa4\x0f\x19\x00\x00BN\x06\x00\x00\t\x12\x9bL\x06\x00\x00\x90\x19\x00\x00Clen\x00\x12\x9c\x17\x01\x00\x00\x02#\x00\x08\xb2"\x00\x00\x12\x9d\x17\x01\x00\x00\x02#\x01\x08\x8a\n\x00\x00\x12\x9e0\x14\x00\x00\x02#\x02\x08\xa6\x12\x00\x00\x12\x9f\x17\x01\x00\x00\x02#\x04\x08*\x0c\x00\x00\x12\xa0\x17\x01\x00\x00\x02#\x05\x08)\x0c\x00\x00\x12\xa1\x17\x01\x00\x00\x02#\x06\x084#\x00\x00\x12\xa2\x17\x01\x00\x00\x02#\x07\x08 &\x00\x00\x12\xa3\x17\x01\x00\x00\x02#\x08\x00\'\xca\x1e\x00\x00\x05P\n\x01\xaa\x19\x00\x00\x0cmta\x00\x05P\n\xf2\x0e\x00\x00\x00\'\xcb\x0f\x00\x00\x05\xa8\n\x01(\x1a\x00\x00\x0clen\x00\x05\xa8\nw\x00\x00\x00\x0cb0\x00\x05\xa8\nw\x00\x00\x00\x0cb1\x00\x05\xa8\nw\x00\x00\x00\x0cb2\x00\x05\xa8\nw\x00\x00\x00\x0cb3\x00\x05\xa8\nw\x00\x00\x00\x0cb4\x00\x05\xa8\nw\x00\x00\x00\x0cb5\x00\x05\xa8\nw\x00\x00\x00\x0cb6\x00\x05\xa8\nw\x00\x00\x00\x0cb7\x00\x05\xa8\nw\x00\x00\x00\x05\x8c\r\x00\x00\x05\xa9\n\x94\x07\x00\x00\x00\'\xd1\x05\x00\x00\x05a\x15\x01d\x1a\x00\x00\x12\xba!\x00\x00\x05a\x15d\x1a\x00\x00\x12\xb0\x17\x00\x00\x05a\x15w\x00\x00\x00\x0clen\x00\x05a\x15?\x08\x00\x00\np\x00\x05b\x15\x94\x07\x00\x00\x00\x9d\x01\x02I\xfc\x10\x00\x00\x01\xdf\x17\x01\x00\x00\x01\x8d\x1a\x00\x005ep\x00\x01\xdf\x17\x01\x00\x00\x19\xc5 \x00\x00\x01\xe1-\n\x00\x00\x00I*\x17\x00\x00\x01\xfa\x0e\x03\x00\x00\x01\xb1\x1a\x00\x005ep\x00\x01\xfa\x17\x01\x00\x006c\x00\x01\xfc\x17\x01\x00\x00\x003\x9b\x05\x00\x00\x01\x0c\x01\x0e\x03\x00\x00\x01F\x1b\x00\x00\x0cep\x00\x01\x0c\x01\x17\x01\x00\x00\x0cd\x00\x01\x0c\x01F\x1b\x00\x00\x0clen\x00\x01\x0c\x01\x0e\x03\x00\x00\nr\x00\x01\x16\x01\x0e\x03\x00\x00\x05\xf0\t\x00\x00\x01\x17\x01S\x1b\x00\x00\x05Y\x12\x00\x00\x01\x18\x01\x17\x01\x00\x00\x05\xed\r\x00\x00\x01\x19\x01\xd0\x03\x00\x00\x1d\nn\x00\x01\x1d\x01\x17\x01\x00\x00\x1d\x05\xc5 \x00\x00\x01+\x01-\n\x00\x00\x1d\x05\xb3\x04\x00\x00\x019\x01*\x00\x00\x00\x05\x15#\x00\x00\x019\x01w\x00\x00\x00\x00\x00\x00\x00\x1b\x02Q\x1b\x00\x00\x17F\x1b\x00\x00\x9e\x01\x1b\x02!\x01\x00\x00I\xdb\x17\x00\x00\x06H\x0e\x03\x00\x00\x01u\x1b\x00\x00"\x8b\x04\x00\x00\x06Hu\x1b\x00\x00\x00\x1b\x02\x17\x01\x00\x003\xca%\x00\x00\x01\xca\x01\x0e\x03\x00\x00\x01\xbd\x1b\x00\x00\x0cd\x00\x01\xca\x01d\x1a\x00\x00\x0clen\x00\x01\xca\x01\x0e\x03\x00\x00\x05u#\x00\x00\x01\xcc\x01\x0e\x03\x00\x00\x1d\x05?\x1b\x00\x00\x01\xd1\x01\x0e\x03\x00\x00\x00\x00\'B\x06\x00\x00\x01\x97\x02\x01\xd6\x1b\x00\x00\x0cep\x00\x01\x97\x02\x17\x01\x00\x00\x00\x1b\x02\xab\x07\x00\x00\x17\xd6\x1b\x00\x00,\xb7\x07\x00\x00\x01\xef\x1b\x00\x00\xfa\x1b\x00\x00+b\x08\x00\x00\xdc\x1b\x00\x00\x01\x00S\xdb\x14\x00\x00\x02\x1d\x01\xe8\x1c\x00\x005pin\x00\x02\x1dw\x00\x00\x00"|#\x00\x00\x02\x1dw\x00\x00\x006bit\x00\x02\x1fw\x00\x00\x00\x19\xc8\x1a\x00\x00\x02 w\x00\x00\x006reg\x00\x02!\xe8\x1c\x00\x006out\x00\x02!\xe8\x1c\x00\x00DY\x1c\x00\x00\x19\r\x0e\x00\x00\x026w\x00\x00\x00\x00Dj\x1c\x00\x00\x19\r\x0e\x00\x00\x020w\x00\x00\x00\x00D{\x1c\x00\x00\x19\r\x0e\x00\x00\x02*w\x00\x00\x00\x00D\x97\x1c\x00\x00\x19\xb3\x04\x00\x00\x02\'*\x00\x00\x00\x19\x15#\x00\x00\x02\'*\x00\x00\x00\x00D\xb3\x1c\x00\x00\x19\xb3\x04\x00\x00\x02&*\x00\x00\x00\x19\x15#\x00\x00\x02&*\x00\x00\x00\x00D\xcf\x1c\x00\x00\x19\xb3\x04\x00\x00\x02 *\x00\x00\x00\x19\x15#\x00\x00\x02 w\x00\x00\x00\x00\x1d\x19\xb3\x04\x00\x00\x02\x1f*\x00\x00\x00\x19\x15#\x00\x00\x02\x1fw\x00\x00\x00\x00\x00\x1b\x02\x82\x00\x00\x00\x1b\x02\x92\x05\x00\x00\x17\xee\x1c\x00\x00,\xe4\x05\x00\x00\x01\x07\x1d\x00\x00\x17\x1d\x00\x00+b\x08\x00\x00\xf4\x1c\x00\x00\x01\x1c(\x05\x00\x00\x00\'\xcc\n\x00\x00\x05\xd4\x15\x01=\x1d\x00\x00\x12\x1c\x15\x00\x00\x05\xd4\x15*\x00\x00\x00\x123\r\x00\x00\x05\xd4\x15\xb7\x0f\x00\x00\x00\'w*\x00\x00\x051\x0b\x01c\x1d\x00\x00\x0cpdu\x00\x051\x0b\x14\x14\x00\x00\ncmd\x00\x052\x0b\x87\x00\x00\x00\x008!\x12\x00\x00\x01\x01y\x1d\x00\x005us\x00\x04x?\x00\x00\x00\x00S\xf4#\x00\x00\x04x\x01\x90\x1d\x00\x005us\x00\x04x?\x00\x00\x00\x00\'\xca(\x00\x00\x05&\x14\x01F\x1e\x00\x00\x12h&\x00\x00\x05&\x14w\x00\x00\x00\x05\x8b(\x00\x00\x05\'\x14F\x1e\x00\x00\x05 \x13\x00\x00\x05(\x14\xd1\x0b\x00\x00\x05\x98\x14\x00\x00\x05)\x14\xe2\x0b\x00\x00\npid\x00\x05*\x14\xe2\x0b\x00\x00\x05\xc4\x16\x00\x00\x05+\x14+\x0c\x00\x00\nodt\x00\x05,\x14L\x1e\x00\x00\x05\x8c\x1d\x00\x00\x05-\x14R\x1e\x00\x00\x05\xa3\x07\x00\x00\x05.\x14X\x1e\x00\x00\x05\xb8\x19\x00\x00\x05/\x14*\x00\x00\x00\x05\xf0\t\x00\x00\x050\x14\xdb\x13\x00\x00\x05\xa6\x13\x00\x00\x052\x14^\x1e\x00\x00\x05\xcd#\x00\x00\x053\x14?\x08\x00\x00\x05\xc6#\x00\x00\x054\x14\xd0\x03\x00\x00\x00\x1b\x02\xe5\x12\x00\x00\x1b\x02o\x0c\x00\x00\x1b\x02\xd5\x0c\x00\x00\x1b\x02&\x0c\x00\x00\x1b\x02\x9f\x0f\x00\x00I*\x17\x00\x00\x01\xe7\x0e\x03\x00\x00\x01\xb2\x1e\x00\x005ep\x00\x01\xe7\x17\x01\x00\x005d\x00\x01\xe7d\x1a\x00\x005len\x00\x01\xe7\x0e\x03\x00\x00\x19\xc5 \x00\x00\x01\xec-\n\x00\x006n\x00\x01\xed\x17\x01\x00\x006dst\x00\x01\xf0u\x1b\x00\x00\x00S\xae)\x00\x00\x02\x8a\x01x\x1f\x00\x005pin\x00\x02\x8aw\x00\x00\x005val\x00\x02\x8aw\x00\x00\x00\x19\x94\x16\x00\x00\x02\x8cw\x00\x00\x006bit\x00\x02\x8dw\x00\x00\x00\x19\xc8\x1a\x00\x00\x02\x8ew\x00\x00\x006out\x00\x02\x8f\xe8\x1c\x00\x00\x19\r\x0e\x00\x00\x02\x99w\x00\x00\x00D\'\x1f\x00\x00\x19\xb3\x04\x00\x00\x02\x97*\x00\x00\x00\x19\x15#\x00\x00\x02\x97*\x00\x00\x00\x00DC\x1f\x00\x00\x19\xb3\x04\x00\x00\x02\x8e*\x00\x00\x00\x19\x15#\x00\x00\x02\x8ew\x00\x00\x00\x00D_\x1f\x00\x00\x19\xb3\x04\x00\x00\x02\x8d*\x00\x00\x00\x19\x15#\x00\x00\x02\x8dw\x00\x00\x00\x00\x1d\x19\xb3\x04\x00\x00\x02\x8c*\x00\x00\x00\x19\x15#\x00\x00\x02\x8cw\x00\x00\x00\x00\x003\xb2\x07\x00\x00\x01\x03\x01\x17\x01\x00\x00\x01\xa1\x1f\x00\x00\x0cep\x00\x01\x03\x01\x17\x01\x00\x00\x05\xc5 \x00\x00\x01\x05\x01-\n\x00\x00\x00Sj\x13\x00\x00\x04j\x01\xc3\x1f\x00\x005ms\x00\x04j(\x05\x00\x00\x19\xf7\x03\x00\x00\x04l?\x08\x00\x00\x00\x1b\x025\t\x00\x00\x17\xc3\x1f\x00\x00,\x8a\t\x00\x00\x03\xdc\x1f\x00\x00\x08 \x00\x00+b\x08\x00\x00\xc9\x1f\x00\x00\x01"\x19\x1e\x00\x00\x08\x86*\x00\x00\x00"x\x04\x00\x00\x08\x86*\x00\x00\x00\x1d6i\x00\x08\x87\x0e\x03\x00\x00\x00\x00,\xad\t\x00\x00\x03\x16 \x00\x00M \x00\x00+b\x08\x00\x00\xc9\x1f\x00\x00\x01"\xc7\n\x00\x00\x08o-\x03\x00\x00"}&\x00\x00\x08o*\x00\x00\x00"\x8b\x19\x00\x00\x08o*\x00\x00\x00"\x96\x17\x00\x00\x08o\xd0\x03\x00\x00\x003`\r\x00\x00\x05\xf4\x0f?\x08\x00\x00\x01\x8b \x00\x00\x0cpdu\x00\x05\xf4\x0f\x14\x14\x00\x00\x12\xfd\x03\x00\x00\x05\xf4\x0fw\x00\x00\x00\nh\x00\x05\xf5\x0f*\x00\x00\x00\nl\x00\x05\xf6\x0f*\x00\x00\x00\x00,\x00\x06\x00\x00\x03\x99 \x00\x00\xa4 \x00\x00+b\x08\x00\x00\xf4\x1c\x00\x00\x01\x00\x1b\x026\x01\x00\x00\x17\xa4 \x00\x00]\x023\x03\x00\x00,o\x01\x00\x00\x03\xc3 \x00\x00\xd9 \x00\x00+b\x08\x00\x00\xaa \x00\x00\x01"M$\x00\x00\x05^\xaf \x00\x00\x00\x1b\x02\xd7\x03\x00\x00\x17\xd9 \x00\x00,;\x04\x00\x00\x03\xf2 \x00\x00)!\x00\x00+b\x08\x00\x00\xdf \x00\x00\x01"\xc7\n\x00\x00\x08\x95-\x03\x00\x00"L\'\x00\x00\x08\x95*\x00\x00\x00"t\x19\x00\x00\x08\x95\xe2\x04\x00\x00"\xf0\x0c\x00\x00\x08\x95\xd0\x03\x00\x00\x00,\x8b\x01\x00\x00\x037!\x00\x00M!\x00\x00+b\x08\x00\x00\xaa \x00\x00\x01"\x19\x1e\x00\x00\x05R+\x01\x00\x00\x00,0\x02\x00\x00\x03[!\x00\x00|!\x00\x00+b\x08\x00\x003\x03\x00\x00\x015min\x00\x08,*\x00\x00\x005max\x00\x08,*\x00\x00\x00\x00\x1b\x028\x03\x00\x00\x17|!\x00\x00,_\x03\x00\x00\x03\x95!\x00\x00\xb6!\x00\x00+b\x08\x00\x00\x82!\x00\x00\x015min\x00\x08U*\x00\x00\x005max\x00\x08U*\x00\x00\x00\x008\xef\x1d\x00\x00\x01\x01\xd8!\x00\x00"q\x14\x00\x00\x08\xc5\x0e\x03\x00\x00"r\x11\x00\x00\x08\xc5\x0e\x03\x00\x00\x00\x1b\x02-\n\x00\x00\x17\xd8!\x00\x00,H\n\x00\x00\x03\xf1!\x00\x00\x06"\x00\x00+b\x08\x00\x00\xde!\x00\x00\x015ep\x00\x01\xd3\x17\x01\x00\x00\x00>x\x1f\x00\x00\x10\x02\x00\x002\x02\x00\x00\x03\x92 \x02\x01\x9e"\x00\x00\x04\x94\x1f\x00\x00\x00\x00\x00\x00\x0b\x89\x1f\x00\x00\x03\x02\xe3!\x00\x00\x10\x02\x00\x00\x1a\x02\x00\x00\x01\x05\x01g"\x00\x00\x01\xfb!\x00\x00\x15\x00\x00\x00\x01\xf1!\x00\x00)\x00\x00\x00)\x9e"\x00\x00\x14\x02\x00\x00\x1a\x02\x00\x00\x01\xd6\x0eA\x00\x00\x00\x00\x00\x16\xa6"\x00\x00\x1a\x02\x00\x00\x1e\x02\x00\x00\x01\x06\x01\x16\xb2"\x00\x00&\x02\x00\x00*\x02\x00\x00\x01\x08\x01\x15\xbe"\x00\x00.\x02\x00\x000\x02\x00\x00\x01\x05\x01\x0eU\x00\x00\x00\x00\x00;W\x11\x00\x00\x01\x8f\x03^I\x05\x00\x00\x01\xa8\x17\x01\x00\x00\x03^\x04)\x00\x00\x01\x94\x17\x01\x00\x00\x03Yd\n\x00\x00\x03S\x13\x1c\x00\x00\x02K\x01\xdc"\x00\x00"\x94\x16\x00\x00\x02Kw\x00\x00\x00\x00>\xb2\x1e\x00\x002\x02\x00\x00\n\x03\x00\x00\x03\x92 \x02\x01\xd6#\x00\x00_\xc9\x1e\x00\x00\x01h\x04\xd4\x1e\x00\x00m\x00\x00\x00\x04\xdf\x1e\x00\x00\x0f\x01\x00\x00\x04\xea\x1e\x00\x00;\x01\x00\x00\x04\xf5\x1e\x00\x00Y\x01\x00\x00\x04\x00\x1f\x00\x00\x81\x01\x00\x00\x0b\xbe\x1e\x00\x00\rL_\x1f\x00\x002\x02\x00\x008\x02\x00\x00P#\x00\x00\x04`\x1f\x00\x00\x9f\x01\x00\x00\x04k\x1f\x00\x00m\x00\x00\x00\x00LC\x1f\x00\x008\x02\x00\x00>\x02\x00\x00t#\x00\x00\x04H\x1f\x00\x00\xb7\x01\x00\x00\x04S\x1f\x00\x00\x0f\x01\x00\x00\x00L\'\x1f\x00\x00>\x02\x00\x00D\x02\x00\x00\x98#\x00\x00\x04,\x1f\x00\x00\xcf\x01\x00\x00\x047\x1f\x00\x00;\x01\x00\x00\x00E\xc4"\x00\x00N\x02\x00\x00\x00\x00\x00\x00\x02\x95\xb5#\x00\x00\x01\xd0"\x00\x00\xe7\x01\x00\x00\x00=\x0b\x1f\x00\x00\x88\x02\x00\x00\x98\x02\x00\x00\x04\x10\x1f\x00\x00\x89\x02\x00\x00\x04\x1b\x1f\x00\x00Y\x01\x00\x00\x00\x00^X \x00\x00\x01\x82\x17\x01\x00\x00\x03>d\x1e\x00\x00\n\x03\x00\x00^\x03\x00\x00\x03\x92 \x02\x01\xb8$\x00\x00\x01~\x1e\x00\x00\xa1\x02\x00\x00\x04\x92\x1e\x00\x00\xc9\x02\x00\x00\x04\x9d\x1e\x00\x00\xde\x02\x00\x00\x04\xa6\x1e\x00\x00\xf3\x02\x00\x00\x01\x87\x1e\x00\x00\x18\x03\x00\x00\x0bt\x1e\x00\x00\x02<\xe3!\x00\x00\x14\x03\x00\x00\x1e\x03\x00\x00\x01\xecf$\x00\x00\x01\xfb!\x00\x00H\x03\x00\x00\x01\xf1!\x00\x00\\\x03\x00\x00)\x9e"\x00\x00\x18\x03\x00\x00\x1e\x03\x00\x00\x01\xd6\x0et\x03\x00\x00\x00\x00T\xb2"\x00\x00\x1e\x03\x00\x00"\x03\x00\x00\x01\xedT\xd6#\x00\x004\x03\x00\x00@\x03\x00\x00\x01\xf2T\xb2"\x00\x00F\x03\x00\x00J\x03\x00\x00\x01\xf3T\xb8$\x00\x00N\x03\x00\x00T\x03\x00\x00\x01\xf4)\xbe"\x00\x00T\x03\x00\x00X\x03\x00\x00\x01\xec\x0e\x88\x03\x00\x00\x00\x00;\x12)\x00\x00\x01\xb7\x03ex\x06\x00\x00\x01\x01I\xcc\x19\x00\x00\x03d\xe9$\x00\x00\x01\xe9$\x00\x00fobj\x00\x03f\x07\x0b\x00\x00\x05\x03\x84\x07\x80\x00\x00]\x02\x07\x0b\x00\x00>\xc7$\x00\x00^\x03\x00\x00\x86\x03\x00\x00\x03\x92 \x02\x01\x17%\x00\x00)"%\x00\x00f\x03\x00\x00z\x03\x00\x00\x03f$\x00\x00\x1b\x02\x07\x0b\x00\x00\x17\x17%\x00\x00Y@\x0b\x00\x00\x01y2\n\x00\x00\x04O(\x05\x00\x00\x86\x03\x00\x00\xd0\x03\x00\x00\x03\x92 \x02\x01m%\x00\x00mm\x00\x04P(\x05\x00\x00\xa0\x03\x00\x00\x9f\x01\r\x0e\x00\x00\x04Qw\x00\x00\x00\xbe\x03\x00\x00ft\x00\x04Qw\x00\x00\x00\x01b\x00;\x10\x12\x00\x00\x13\x1c\x01Z\xa1\x1f\x00\x00\xd0\x03\x00\x00\x00\x04\x00\x00\xdd\x03\x00\x00\x01\xad%\x00\x00\x04\xb7\x1f\x00\x00&\x04\x00\x00\x0b\xad\x1f\x00\x00\x01\x18\xdc\x03\x00\x00(%\x00\x00\x18\xe4\x03\x00\x00(%\x00\x00\x00y\xd5\x10\x00\x00\x04A(\x05\x00\x00\x00\x04\x00\x00\x18\x04\x00\x00\x03\x92 \x02\x01\xed%\x00\x00fm\x00\x04C(\x05\x00\x00\x0cf\x93\x01g\x93\x01h\x93\x01i\x93\x01#\r\x0e\x00\x00\x04Dw\x00\x00\x00\x01b\x00\xa0\x01\xaa\x19\x00\x00\x05O\x16\x18\x04\x00\x00B\x04\x00\x00\x03\x92 \x02\x01^;\x16\x00\x00\x01m\x17\x01\x00\x00\x03n\x00\n\x00\x00\x01\x9b\x01\xd0\x03\x00\x00B\x04\x00\x00\x9e\x04\x00\x00\x03\x92 \x02\x01~&\x00\x00%d\x00\x01\x9b\x01\x17\x01\x00\x00D\x04\x00\x00\x16\x03&\x00\x00X\x04\x00\x00d\x04\x00\x00\x01\x9f\x01\x02~&\x00\x00h\x04\x00\x00l\x04\x00\x00\x01\xa1\x01m&\x00\x00\rd\x00\x01\x9b\x01\x17\x01\x00\x00\x8a\x04\x00\x00\x00\x16\x86&\x00\x00~\x04\x00\x00\x84\x04\x00\x00\x01\xa3\x01\x00;\xcf\x0f\x00\x00\x01\x8a\x03;2\x1d\x00\x00\x01b\x03o\xa0\x18\x00\x00\x01\xbb\x01\xd0\x03\x00\x00\x9e\x04\x00\x00\x04\x05\x00\x00\x9d\x04\x00\x00\x01\x7f\'\x00\x00U>\x08\x00\x00\x01\xbb\x01S\x1b\x00\x00\x00\x05\x00\x00U\x91\x06\x00\x00\x01\xbb\x01\x17\x01\x00\x00&\x05\x00\x00U\xe7\r\x00\x00\x01\xbb\x01w\x00\x00\x00R\x05\x00\x00\rpgm\x00\x01\xbe\x01\xd0\x03\x00\x00\x89\x05\x00\x00z\x18\x00\x00\x00Y\'\x00\x00\ri\x00\x01\xbf\x01\x17\x01\x00\x00\xc5\x05\x00\x00\x1e0\x00\x00\x00\rr\x00\x01\xc0\x01\xd0\x03\x00\x00\r\x06\x00\x00p\xd6\x04\x00\x00\xda\x04\x00\x00?\'\x00\x00\x07\xb3\x04\x00\x00\x01\xc0\x01*\x00\x00\x00+\x06\x00\x00\x05\x15#\x00\x00\x01\xc0\x01w\x00\x00\x00\x00\x18\xde\x04\x00\x00\x0f&\x00\x00*\xe6\x04\x00\x00\x0f&\x00\x00\x03\x01h\x010\x00\x00\x00.\xbc\x04\x00\x00\x0f&\x00\x00o\'\x00\x00\x03\x01h\x04~\x011$\x00*\xc2\x04\x00\x00\x0f&\x00\x00\x03\x01h\x013\x00\x00o\xfc\t\x00\x00\x01\xaa\x01\x0e\x03\x00\x00\x04\x05\x00\x00P\x05\x00\x00C\x06\x00\x00\x01B(\x00\x00U\xe7\r\x00\x00\x01\xaa\x01\x17\x01\x00\x00\xb3\x06\x00\x00%d\x00\x01\xaa\x01F\x1b\x00\x00\xea\x06\x00\x00%len\x00\x01\xaa\x01\x0e\x03\x00\x00\x10\x07\x00\x00\x07\xc1\x14\x00\x00\x01\xac\x01\x0e\x03\x00\x00f\x07\x00\x00\x07\xf0\t\x00\x00\x01\xad\x01S\x1b\x00\x00\xac\x07\x00\x00\rpgm\x00\x01\xae\x01\xd0\x03\x00\x00\xfe\x07\x00\x00\x1eH\x00\x00\x00\rc\x00\x01\xb1\x01\x17\x01\x00\x00K\x08\x00\x00p(\x05\x00\x00,\x05\x00\x007(\x00\x00\x07\xb3\x04\x00\x00\x01\xb1\x01*\x00\x00\x00^\x08\x00\x00\x05\x15#\x00\x00\x01\xb1\x01w\x00\x00\x00\x00\x180\x05\x00\x00\x0f&\x00\x00\x00\x00,W\x0b\x00\x00\x01P(\x00\x00\x89(\x00\x00+b\x08\x00\x00\x1d%\x00\x00\x01"\xf2\x14\x00\x00\x03\x1c\x94\x07\x00\x00\x19\xc1\x14\x00\x00\x03\x1e\x0e\x03\x00\x00\x19U\x0e\x00\x00\x03\x1f\x01\x0b\x00\x00\x1d6res\x00\x03!\x0e\x03\x00\x00\x00\x00o\xe1\t\x00\x00\x01\xdf\x01\x17\x01\x00\x00P\x05\x00\x00\xb2\x05\x00\x00v\x08\x00\x00\x01x)\x00\x00\x1f;\x07\x00\x00\x01\xe1\x01\x17\x01\x00\x00\x02\x8c\x01\x02Y\x1b\x00\x00^\x05\x00\x00p\x05\x00\x00\x01\xe4\x01\xfc(\x00\x00\x01i\x1b\x00\x00\xd8\x08\x00\x00*p\x05\x00\x00\x7f\'\x00\x00\x03\x01h\x02\t\x80\x03\x06f\x93\x01g\x93\x01\x05\x03\xca\x00\x00\x00\x03\x06d\x93\x01e\x93\x01\x02\x08B\x00\x00\x02B(\x00\x00t\x05\x00\x00\xa4\x05\x00\x00\x01\xe8\x01n)\x00\x00\x13Z(\x00\x00\x01P(\x00\x00\xed\x08\x00\x00\tt\x05\x00\x00\xa4\x05\x00\x00\x04e(\x00\x00\x05\t\x00\x00\x04p(\x00\x00\x19\t\x00\x00={(\x00\x00\x82\x05\x00\x00\x9c\x05\x00\x00\x04|(\x00\x001\t\x00\x00?\x98\x05\x00\x00\x03\x06h\x93\x01i\x93\x01\x02\x80\x00\x03\x06f\x93\x01g\x93\x01\x02\x8c\x01\x00\x00\x00\x00\x18t\x05\x00\x00\xc7$\x00\x00\x00\xa1\x01.\x17\x00\x00\x01y\xb2\x05\x00\x00\xcc\x05\x00\x00\x03\x92 \x02\x01\xb0)\x00\x00`\xf0\t\x00\x00\x01y\xb0)\x00\x00I\t\x00\x00`\x81\x1c\x00\x00\x01y\x17\x01\x00\x00\xaa\t\x00\x00\x00\x1b\x02&\x01\x00\x00\xa2\x01\x17\x06\x00\x00\x06\xe4\x01\xc7)\x00\x00\xf3)\x00\x00+b\x08\x00\x00\xf4\x1c\x00\x00\x01"o$\x00\x00\x06\xe4\xf6\n\x00\x00"\x19\x1e\x00\x00\x06\xe4+\x01\x00\x00\x1d6r\x00\x06\xf0\x0e\x03\x00\x00\x00\x00,D\x06\x00\x00\x01\x01*\x00\x00:*\x00\x00+b\x08\x00\x00\xf4\x1c\x00\x00\x01"o$\x00\x00\x06\xe4\xf6\n\x00\x00"\x19\x1e\x00\x00\x06\xe4+\x01\x00\x00\x1d\x13\xdc)\x00\x00\x13\xd1)\x00\x00\x13\xc7)\x00\x00\x1d\x06\xe8)\x00\x00\x00\x00\x00q\xf3)\x00\x00\xcc\x05\x00\x00\xce\x06\x00\x00\xd6\t\x00\x00T*\x00\x00\x01\xff+\x00\x00\x01\x01*\x00\x00\x87\n\x00\x00\x01\x0b*\x00\x00\xbd\n\x00\x00\x01\x16*\x00\x00\xe3\n\x00\x00F\xb6)\x00\x00`\x00\x00\x00\x01\xdc)\x00\x00\x19\x0b\x00\x00\x01\xd1)\x00\x00A\x0b\x00\x00\x01\xc7)\x00\x00g\x0b\x00\x00F\xe7)\x00\x00`\x00\x00\x00\x06\xe8)\x00\x00E\xb1\x1a\x00\x00\xf4\x05\x00\x00x\x00\x00\x00\x06\xf0\xe2+\x00\x00\x01\xc2\x1a\x00\x00\x7f\x0b\x00\x00\x01\xd7\x1a\x00\x00\x93\x0b\x00\x00\x01\xcd\x1a\x00\x00\xbb\x0b\x00\x00\x1ex\x00\x00\x00\x06\xe3\x1a\x00\x00\x04\xed\x1a\x00\x00\xe1\x0b\x00\x00\x04\xf9\x1a\x00\x006\x0c\x00\x00\x04\x05\x1b\x00\x00I\x0c\x00\x00F\x11\x1b\x00\x00\x90\x00\x00\x00\x04\x12\x1b\x00\x00r\x0c\x00\x00g\x1c\x1b\x00\x00\xa8\x00\x00\x00\xcd+\x00\x00\x04\x1d\x1b\x00\x00\xa6\x0c\x00\x00&\xe3!\x00\x00\x18\x06\x00\x00\xc0\x00\x00\x00\x01+\x01X+\x00\x00\x01\xfb!\x00\x00\xc8\x0c\x00\x00\x01\xf1!\x00\x00\xdc\x0c\x00\x00h\x9e"\x00\x00\x18\x06\x00\x00\xd8\x00\x00\x00\x01\xd6\x0e\xf4\x0c\x00\x00\x00\x00{\xff+\x00\x00\x1c\x06\x00\x00\xf0\x00\x00\x00\x01E\x01\x16\xa6"\x00\x00N\x06\x00\x00R\x06\x00\x00\x01-\x01\x02\xbe"\x00\x00V\x06\x00\x00Z\x06\x00\x00\x01+\x01\x92+\x00\x00\x0e\x08\r\x00\x00\x00\x02~&\x00\x00j\x06\x00\x00t\x06\x00\x00\x01>\x01\xac+\x00\x00\x0e \r\x00\x00\x00\x16\xff+\x00\x00x\x06\x00\x00|\x06\x00\x00\x01B\x01\x16\xa6"\x00\x00\x80\x06\x00\x00\x84\x06\x00\x00\x01D\x01\x00\x18,\x06\x00\x00\x06"\x00\x00\x18:\x06\x00\x00u%\x00\x00\x00\x00\x00)\r,\x00\x00\xa4\x06\x00\x00\xae\x06\x00\x00\x06\xf4\x0e3\r\x00\x00\x0eK\r\x00\x00\x00\x00\x00\x00;l\x04\x00\x00\x01\xbc\x03\x1b\x02g\x05\x00\x00Yr\x05\x00\x00\x03aq\x06\x00\x00\xce\x06\x00\x00\xfa\x06\x00\x00_\r\x00\x00-,\x00\x00\x01q,\x00\x00:b\x08\x00\x00\xf4\x1c\x00\x00\x01\xa7\r\x00\x00\xa3\x01c\x00\x06\xdfw\x00\x00\x00\xcd\r\x00\x00?\xf2\x06\x00\x00\x03\x06h\x93\x01i\x93\x01\x03\xf3\x01h\x03\x06f\x93\x01g\x93\x01\x02\x8c\x01\x03\x06d\x93\x01e\x93\x01\x011\x00\x00b\x99\x06\x00\x00\xfa\x06\x00\x00\x10\x07\x00\x00\x03\x92 \x02\x8b,\x00\x00\x01\xed,\x00\x00:b\x08\x00\x00\xf4\x1c\x00\x00\x01\xec\r\x00\x00)\xbd\x1b\x00\x00\xfa\x06\x00\x00\x0e\x07\x00\x00\x06\xdc\x01\xca\x1b\x00\x00\x12\x0e\x00\x00\x02\x9e"\x00\x00\xfa\x06\x00\x00\x00\x07\x00\x00\x01\x99\x02\xcb,\x00\x00\x0e&\x0e\x00\x00\x00\x16\xb2"\x00\x00\x00\x07\x00\x00\x04\x07\x00\x00\x01\x9a\x02\x16\xff+\x00\x00\x08\x07\x00\x00\x0e\x07\x00\x00\x01\x9b\x02\x00\x00b\xb8\x06\x00\x00\x10\x07\x00\x00\x18\x07\x00\x00\x03\x92 \x02\x07-\x00\x00\x01\x1f-\x00\x00:b\x08\x00\x00\xf4\x1c\x00\x00\x01:\x0e\x00\x00\x18\x14\x07\x00\x00\x06"\x00\x00\x00|\xdb\x06\x00\x00\x06\xcb\x016-\x00\x00}b\x08\x00\x00\xf4\x1c\x00\x00\x01\x00,\xe6\x06\x00\x00\x01D-\x00\x00e-\x00\x00+b\x08\x00\x00\xf4\x1c\x00\x00\x01DY-\x00\x00\x06+-\x00\x00\x00\x1d6c\x00\x06\xce\x0e\x03\x00\x00\x00\x00q6-\x00\x00\x18\x07\x00\x00T\x07\x00\x00`\x0e\x00\x00\x7f-\x00\x00\x01\xef-\x00\x00\x01D-\x00\x00\xa8\x0e\x00\x00p,\x07\x00\x004\x07\x00\x00\x9f-\x00\x00\x04Z-\x00\x00\xfc\x0e\x00\x00\x00\t<\x07\x00\x00N\x07\x00\x00\x06+-\x00\x00)\x8d\x1a\x00\x00<\x07\x00\x00N\x07\x00\x00\x06\xd2\x01\x9d\x1a\x00\x00\x14\x0f\x00\x00\t<\x07\x00\x00N\x07\x00\x00P\xa7\x1a\x00\x00\x02\x8c\x01*D\x07\x00\x00\xe2#\x00\x00\x03\x06h\x93\x01i\x93\x01\x02\x8c\x01\x00\x00\x00\x00\x00a\t\x07\x00\x00T\x07\x00\x00\x9c\x07\x00\x00(\x0f\x00\x00\t.\x00\x00\x01X.\x00\x00:b\x08\x00\x00\xf4\x1c\x00\x00\x01\x8a\x0f\x00\x00)\x8d\x1a\x00\x00n\x07\x00\x00~\x07\x00\x00\x06\xc7\x01\x9d\x1a\x00\x00\xd2\x0f\x00\x00\tn\x07\x00\x00~\x07\x00\x00P\xa7\x1a\x00\x00\x02\x8c\x01*v\x07\x00\x00\xe2#\x00\x00\x03\x06h\x93\x01i\x93\x01\x02\x8c\x01\x00\x00\x00\x00|,\x07\x00\x00\x06\xbc\x01o.\x00\x00}b\x08\x00\x00\xf4\x1c\x00\x00\x01\x00,7\x07\x00\x00\x01}.\x00\x00\x8f.\x00\x00+b\x08\x00\x00\xf4\x1c\x00\x00\x01\x1d\x06d.\x00\x00\x00\x00\xa4\x01o.\x00\x00\x9c\x07\x00\x00\xd0\x07\x00\x00\x03\x92 \x02\xaa.\x00\x00\x01\xdd/\x00\x00\x01}.\x00\x00\xf2\x0f\x00\x00<g\x1a\x00\x00\xa6\x07\x00\x00\xb6\x07\x00\x00\x06\xbfB/\x00\x00\x01w\x1a\x00\x00\x1a\x10\x00\x00\t\xa6\x07\x00\x00\xb6\x07\x00\x00\x04\x81\x1a\x00\x00.\x10\x00\x00<\xe3!\x00\x00\xa6\x07\x00\x00\xb0\x07\x00\x00\x01\xe1\x1c/\x00\x00\x01\xfb!\x00\x00C\x10\x00\x00\x01\xf1!\x00\x00W\x10\x00\x00)\x9e"\x00\x00\xaa\x07\x00\x00\xb0\x07\x00\x00\x01\xd6\x0eo\x10\x00\x00\x00\x00T\xb2"\x00\x00\xb0\x07\x00\x00\xb4\x07\x00\x00\x01\xe2)\xbe"\x00\x00\xb4\x07\x00\x00\xb6\x07\x00\x00\x01\xe1\x0e\x83\x10\x00\x00\x00\x00\x00\t\xbc\x07\x00\x00\xce\x07\x00\x00\x06d.\x00\x00)g\x1a\x00\x00\xbc\x07\x00\x00\xcc\x07\x00\x00\x06\xc1\x01w\x1a\x00\x00\x9b\x10\x00\x00\t\xbc\x07\x00\x00\xcc\x07\x00\x00\x04\x81\x1a\x00\x00\xaf\x10\x00\x00<\xe3!\x00\x00\xbc\x07\x00\x00\xc6\x07\x00\x00\x01\xe1\xb5/\x00\x00\x01\xfb!\x00\x00\xc4\x10\x00\x00\x01\xf1!\x00\x00\xd8\x10\x00\x00)\x9e"\x00\x00\xc0\x07\x00\x00\xc6\x07\x00\x00\x01\xd6\x0e\xf0\x10\x00\x00\x00\x00T\xb2"\x00\x00\xc6\x07\x00\x00\xca\x07\x00\x00\x01\xe2)\xbe"\x00\x00\xca\x07\x00\x00\xcc\x07\x00\x00\x01\xe1\x0e\x04\x11\x00\x00\x00\x00\x00\x00\x00,Q\x02\x00\x00\x03\xeb/\x00\x00\xf6/\x00\x00+b\x08\x00\x003\x03\x00\x00\x01\x00]\x02\x030\x00\x00@\x02\x07B\x1e\x00\x00\x17\xfc/\x00\x00,\xa7\x01\x00\x00\x03\x160\x00\x0070\x00\x00+b\x08\x00\x00\xaa \x00\x00\x01"x\x04\x00\x00\x05n\xf6/\x00\x00\x1d6i\x00\x05o+\x01\x00\x00\x00\x00~\x80\x03\x00\x00\xd0\x07\x00\x00R\x08\x00\x00\x1c\x11\x00\x00Q0\x00\x00\x01\xa60\x00\x00:b\x08\x00\x00\x82!\x00\x00\x01e\x11\x00\x00)\xdd/\x00\x00\xfe\x07\x00\x002\x08\x00\x00\x08f\x13\xeb/\x00\x00)\x080\x00\x00\xfe\x07\x00\x002\x08\x00\x00\x08?\x13 0\x00\x00\x13\x160\x00\x00=+0\x00\x00\xfe\x07\x00\x002\x08\x00\x00\x04,0\x00\x00\x9b\x11\x00\x00\x00\x00\x00\x00bh\x02\x00\x00R\x08\x00\x00T\x08\x00\x00\x03\x92 \x02\xc00\x00\x00\x01\xe50\x00\x00\x7fb\x08\x00\x003\x03\x00\x00\x01\x06h\x93\x01i\x93\x01\xa5\x01x\x04\x00\x00\x08G*\x00\x00\x00\x06f\x93\x01g\x93\x01\x00b\x8c\x02\x00\x00T\x08\x00\x00V\x08\x00\x00\x03\x92 \x02\xff0\x00\x00\x01\x111\x00\x00\x7fb\x08\x00\x003\x03\x00\x00\x01\x06h\x93\x01i\x93\x01\x003_\x0c\x00\x00\x05\x8b\x13X\x1e\x00\x00\x01:1\x00\x00\x12 \x13\x00\x00\x05\x8b\x13\xd1\x0b\x00\x00\ndl\x00\x05\x93\x13:1\x00\x00\x00\x1b\x021\x13\x00\x00n\x9c\x1d\x00\x00\x05\xd3\x14\xd0\x03\x00\x00V\x08\x00\x00\xa6\x08\x00\x00\x03\x92 \x02\x01\xeb1\x00\x00U \x13\x00\x00\x05\xd3\x14\xd1\x0b\x00\x00\xc3\x11\x00\x00\x80\x01\xd1"\x00\x00\x05\xd3\x14\xeb1\x00\x00\x06f\x93\x01g\x93\x01\x07\x17\x19\x00\x00\x05\xd4\x14\xd1\x0b\x00\x00\xfd\x11\x00\x00\x07 \x0e\x00\x00\x05\xd5\x14X\x1e\x00\x00(\x12\x00\x00\x07\x17#\x00\x00\x05\xd6\x14\xd0\x03\x00\x00H\x12\x00\x00\rtmp\x00\x05\xd7\x14\xe2\x0b\x00\x00s\x12\x00\x00M\x111\x00\x00~\x08\x00\x00\x08\x01\x00\x00\x05\xdd\x14\x01"1\x00\x00\x9e\x12\x00\x00\x1e\x08\x01\x00\x00\x04.1\x00\x00\xb1\x12\x00\x00\x00\x00\x00\x1b\x02\xe2\x0b\x00\x00\'\x1c)\x00\x00\x05\xb9\x14\x01#2\x00\x00\x12\xcd\x03\x00\x00\x05\xb9\x14\xec\r\x00\x00\nidx\x00\x05\xba\x14\xd1\x0b\x00\x00\x05\x8c\x1d\x00\x00\x05\xbb\x14^\x1e\x00\x00\x00/T\x1b\x00\x00\x05\x93\x14\xa6\x08\x00\x00\xc2\x08\x00\x00\x03\x92 \x02\x01\x902\x00\x00M\xf11\x00\x00\xa6\x08\x00\x00 \x01\x00\x00\x05\x94\x14\x01\xfe1\x00\x00\xe9\x12\x00\x00\x1e \x01\x00\x00\x04\n2\x00\x00\xfd\x12\x00\x00\x04\x162\x00\x00\x1c\x13\x00\x00\x15\x902\x00\x00\xa6\x08\x00\x00\xae\x08\x00\x00\x05\xbd\x14\x16\x9d2\x00\x00\xa6\x08\x00\x00\xae\x08\x00\x00\x05\xd8\x13\x00\x00\x00\x00G\x9a\x16\x00\x00\x05\xd5\x13\xd1\x0b\x00\x00\x01GA%\x00\x00\x05R\x13\xd1\x0b\x00\x00\x013\x1e\x0b\x00\x00\x05I\x13\xd0\x03\x00\x00\x01\xc82\x00\x00\x12\xcd\x03\x00\x00\x05I\x13\xba\x0e\x00\x00\x00Q\x9c\r\x00\x00\x83\x0e\x00\x00\x01\x01\xe42\x00\x00\x05\x17#\x00\x00\x05\xe4\x12\x83\x0e\x00\x00\x003\x9b\x1f\x00\x00\x05\xe3\x12\x83\x0e\x00\x00\x01\t3\x00\x00\x05\x17#\x00\x00\x05\xe4\x12\x83\x0e\x00\x00\x1d\x06\xd72\x00\x00\x00\x00>\xe42\x00\x00\xc2\x08\x00\x00\x1e\t\x00\x00\x03\x92 \x02\x01\xcb3\x00\x00\x04\xf52\x00\x000\x13\x00\x00\x02(\x1a\x00\x00\xce\x08\x00\x00\xda\x08\x00\x00\x05\xeb\x12}3\x00\x00\rlen\x00\x05\xe3\x12?\x08\x00\x00R\x13\x00\x00\x07\xb0\x17\x00\x00\x05\xe3\x12w\x00\x00\x00~\x13\x00\x00\x05\xba!\x00\x00\x05\xe3\x12d\x1a\x00\x00\t\xce\x08\x00\x00\xda\x08\x00\x00\np\x00\x05b\x15\x94\x07\x00\x00\x00\x00\x02\xaa2\x00\x00\xda\x08\x00\x00\xfc\x08\x00\x00\x05\xee\x12\x983\x00\x00\x0b\xbb2\x00\x00\x00\x00\t\xfc\x08\x00\x00\x18\t\x00\x00\x06\xd72\x00\x00\x15(\x1a\x00\x00\xfc\x08\x00\x00\x06\t\x00\x00\x05\xef\x12$$$\t\xfc\x08\x00\x00\x06\t\x00\x00\x0e\x92\x13\x00\x00\x00\x00\x00\x00n\xa7\x1f\x00\x00\x05\xec\x0f*\x00\x00\x00\x1e\t\x00\x000\t\x00\x00\x03\x92 \x02\x01\x084\x00\x00%pdu\x00\x05\xec\x0f\x14\x14\x00\x00\xc7\x13\x00\x00\x80\x01\xfd\x03\x00\x00\x05\xec\x0fw\x00\x00\x00\x01f\x00ZM \x00\x000\t\x00\x00d\t\x00\x00\xef\x13\x00\x00\x01x4\x00\x00\x01^ \x00\x008\x14\x00\x00\x04v \x00\x00n\x14\x00\x00\x04\x80 \x00\x00\x92\x14\x00\x00\x0bj \x00\x00\x04.@\t\x00\x00\xcb3\x00\x00]4\x00\x00\x03\x06h\x93\x01i\x93\x01\x02\x80\x00\x03\x01f\x014\x00*J\t\x00\x00\xcb3\x00\x00\x03\x06h\x93\x01i\x93\x01\x02\x80\x00\x03\x01f\x016\x00\x00\'#\x1f\x00\x00\x05}\x16\x01\x9e4\x00\x00\x0cbuf\x00\x05}\x16\xf6\n\x00\x00\x0clen\x00\x05}\x16*\x00\x00\x00\x00H\'\r\x00\x00\x05\\\nd\t\x00\x00\xc4\t\x00\x00\xc6\x14\x00\x00\x01\x045\x00\x00\rlen\x00\x05^\n5\x00\x00\x00\xf5\x14\x00\x00Mx4\x00\x00\xb6\t\x00\x008\x01\x00\x00\x05u\n\x01\x914\x00\x00\x1c\x15\x00\x00\x01\x854\x00\x00A\x15\x00\x00-\xc4\t\x00\x00\x01\xf3)\x00\x00\x03\x06h\x93\x01i\x93\x01\x05\x03\x92\x07\x80\x00\x00\x00\x00/^#\x00\x00\x05G\x10\xc4\t\x00\x00\xe2\t\x00\x00\x03\x92 \x02\x01\x046\x00\x00U\x98\x0c\x00\x00\x05G\x10w\x00\x00\x00Y\x15\x00\x00\x15\xaa\x19\x00\x00\xc4\t\x00\x00\xe2\t\x00\x00\x05H\x10 b7\x00\x05G\x10w\x00\x00\x00\x00 b6\x00\x05G\x10w\x00\x00\x00\x00 b5\x00\x05G\x10w\x00\x00\x00\x00 b4\x00\x05G\x10w\x00\x00\x00\x00 b3\x00\x05G\x10w\x00\x00\x00\x00 b2\x00\x05G\x10w\x00\x00\x00\x00\rb1\x00\x05G\x10w\x00\x00\x00\x86\x15\x00\x00cb0\x00\x05G\x10w\x00\x00\x00~ len\x00\x05G\x10w\x00\x00\x00\x02\t\xc4\t\x00\x00\xe2\t\x00\x00\x05\x8c\r\x00\x00\x05\xa9\n\x94\x07\x00\x00\x16\x046\x00\x00\xc4\t\x00\x00\xd0\t\x00\x00\x05\xa9\n\x02\x116\x00\x00\xd0\t\x00\x00\xd8\t\x00\x00\x05\xaf\n\xf75\x00\x00\rlen\x00\x05\xa8\n*\x00\x00\x00\xb3\x15\x00\x00\x00\x14\xe2\t\x00\x00\x01\x9e4\x00\x00\x00\x00\x00G\x1e\x11\x00\x00\x05\xa0\n\x94\x07\x00\x00\x01(\xc3\x04\x00\x00\x05\xa4\n\x01H\xe4\x1e\x00\x00\x05`\x0e\xe2\t\x00\x002\n\x00\x00\xc7\x15\x00\x00\x01\x0e7\x00\x00%pdu\x00\x05`\x0e\x14\x14\x00\x00\xe9\x15\x00\x00\x07 \x13\x00\x00\x05a\x0e\xdd\x0b\x00\x00\x0f\x16\x00\x00\x07\xa3\x07\x00\x00\x05b\x0eX\x1e\x00\x00C\x16\x00\x00\x07."\x00\x00\x05d\x0ew\x00\x00\x00c\x16\x00\x00\x02\x0e7\x00\x00\xfa\t\x00\x00\xfc\t\x00\x00\x05g\x0e\x986\x00\x00\x07\x17#\x00\x00\x05`\x0e\x83\x0e\x00\x00\x8f\x16\x00\x00\x00\x02\x111\x00\x00\x10\n\x00\x00.\n\x00\x00\x05n\x0e\xd46\x00\x00\x01"1\x00\x00\xa3\x16\x00\x00\t\x10\n\x00\x00.\n\x00\x00P.1\x00\x00\x0e\x8c\x00\x08\xff\x1a9\x1e\x03\xa0\x06\x80\x00"\x9f\x00\x00.\xea\t\x00\x00\xcb3\x00\x00\xf36\x00\x00\x03\x06h\x93\x01i\x93\x01\x03\xf3\x01h\x03\x01f\x012\x00\x14\x02\n\x00\x00\x01\x045\x00\x00*\x10\n\x00\x00\x045\x00\x00\x03\x01h\x02\x08"\x00\x00(\xbb%\x00\x00\x05\xb8\x0f\x01/T\x08\x00\x00\x05\xad\x0b2\n\x00\x008\n\x00\x00\x03\x92 \x02\x01Q7\x00\x00%pdu\x00\x05\xad\x0b\x14\x14\x00\x00\xb6\x16\x00\x00-8\n\x00\x00\x01\x045\x00\x00\x03\x01h\x010\x00\x00/\xf5\x1b\x00\x00\x05c\x0b8\n\x00\x00>\n\x00\x00\x03\x92 \x02\x01\x8c7\x00\x00%pdu\x00\x05c\x0b\x14\x14\x00\x00\xdc\x16\x00\x00->\n\x00\x00\x01\x045\x00\x00\x03\x01h\x02\x08 \x00\x00/\xd4\x1c\x00\x00\x05C\x10>\n\x00\x00X\n\x00\x00\x03\x92 \x02\x01y8\x00\x00\x15\xaa\x19\x00\x00>\n\x00\x00X\n\x00\x00\x05D\x10 b7\x00\x05C\x10w\x00\x00\x00\x00 b6\x00\x05C\x10w\x00\x00\x00\x00 b5\x00\x05C\x10w\x00\x00\x00\x00 b4\x00\x05C\x10w\x00\x00\x00\x00 b3\x00\x05C\x10w\x00\x00\x00\x00 b2\x00\x05C\x10w\x00\x00\x00\x00 b1\x00\x05C\x10w\x00\x00\x00\x00cb0\x00\x05C\x10w\x00\x00\x00\x7f len\x00\x05C\x10w\x00\x00\x00\x01\t>\n\x00\x00X\n\x00\x00\x05\x8c\r\x00\x00\x05\xa9\n\x94\x07\x00\x00\x16\x046\x00\x00>\n\x00\x00F\n\x00\x00\x05\xa9\n\x02\x116\x00\x00F\n\x00\x00N\n\x00\x00\x05\xaf\nl8\x00\x00\rlen\x00\x05\xa8\n*\x00\x00\x00\x02\x17\x00\x00\x00\x14X\n\x00\x00\x01\x9e4\x00\x00\x00\x00\x00>\x0e7\x00\x00X\n\x00\x00f\n\x00\x00\x03\x92 \x02\x01\xaa8\x00\x00\xa6\x01\x16\x17\x00\x00\x14b\n\x00\x00\x01\x8c7\x00\x00\x14f\n\x00\x00\x01\x045\x00\x00\x008\x9f\x1c\x00\x00\x01\x01\xe68\x00\x00\x0cpdu\x00\x05\xad\x0e\x14\x14\x00\x00\x05 \x13\x00\x00\x05\xae\x0e\xd1\x0b\x00\x00\x05\xd8\x03\x00\x00\x05\xaf\x0e\xe2\x0b\x00\x00\x05\xd0$\x00\x00\x05\xb0\x0e+\x0c\x00\x00\x003\xce\x11\x00\x00\x05,\x13\x83\x0e\x00\x00\x01@9\x00\x00\x12 \x13\x00\x00\x05-\x13\xd1\x0b\x00\x00\x12\xd8\x03\x00\x00\x05-\x13\xe2\x0b\x00\x00\x12\xd0$\x00\x00\x05-\x13+\x0c\x00\x00\nidx\x00\x05/\x13w\x00\x00\x00\nodt\x00\x050\x13\xe2\x0b\x00\x00\x05\x17#\x00\x00\x051\x13\x83\x0e\x00\x00\x00QT*\x00\x00\x83\x0e\x00\x00\x01\x01\x989\x00\x00\x12 \x13\x00\x00\x05-\x13\xd1\x0b\x00\x00\x12\xd8\x03\x00\x00\x05-\x13\xe2\x0b\x00\x00\x12\xd0$\x00\x00\x05-\x13+\x0c\x00\x00\nidx\x00\x05/\x13w\x00\x00\x00\nodt\x00\x050\x13\xe2\x0b\x00\x00\x05\x17#\x00\x00\x051\x13\x83\x0e\x00\x00\x00\'\r\x1f\x00\x00\x05\xad\x0e\x01\xee9\x00\x00\x0cpdu\x00\x05\xad\x0e\x14\x14\x00\x00\x05 \x13\x00\x00\x05\xae\x0e\xd1\x0b\x00\x00\x05\xd8\x03\x00\x00\x05\xaf\x0e\xe2\x0b\x00\x00\x05\xd0$\x00\x00\x05\xb0\x0e+\x0c\x00\x00\x1d\x13\xb58\x00\x00\x1d\x06\xc18\x00\x00\x06\xcd8\x00\x00\x06\xd98\x00\x00\x00\x00\x00Z\x989\x00\x00f\n\x00\x006\x0b\x00\x00Z\x17\x00\x00\x01|;\x00\x00\x01\xa59\x00\x00\x96\x17\x00\x007\xb19\x00\x00\x007\xbd9\x00\x00\x007\xc99\x00\x00\x00&\x0e7\x00\x00z\n\x00\x00P\x01\x00\x00\x05\xb2\x0eT:\x00\x00\x07\x17#\x00\x00\x05\xad\x0e\x83\x0e\x00\x00\x08\x18\x00\x00-\x86\n\x00\x00\x01\x045\x00\x00\x03\x01h\x01B\x00\x00F\xaa8\x00\x00h\x01\x00\x00\x01\xb58\x00\x00\x1c\x18\x00\x00\x1eh\x01\x00\x00\x04\xc18\x00\x00`\x18\x00\x00\x06\xcd8\x00\x00\x06\xd98\x00\x00&\xe68\x00\x00\x8e\n\x00\x00\x88\x01\x00\x00\x05\xb8\x0e#;\x00\x00\x01\x0f9\x00\x00\x89\x18\x00\x00\x01\x039\x00\x00\xdc\x18\x00\x00\x01\xf78\x00\x00`\x18\x00\x00\x1e\x88\x01\x00\x00\x06\x1b9\x00\x00\x06\'9\x00\x00\x0439\x00\x00/\x19\x00\x00\x02\xaa2\x00\x00\x8e\n\x00\x00\xa8\n\x00\x00\x053\x13\xe3:\x00\x00\x01\xbb2\x00\x00Q\x19\x00\x00\x00F@9\x00\x00\x90\x01\x00\x00\x01g9\x00\x00q\x19\x00\x00\x01[9\x00\x00\xb4\x19\x00\x00\x01O9\x00\x00\xf7\x19\x00\x00\x1e\x90\x01\x00\x00\x04s9\x00\x00\x15\x1a\x00\x00\x06\x7f9\x00\x00\x06\x8b9\x00\x00\x00\x00\x00\x00&|;\x00\x00\xa8\n\x00\x00\xb0\x01\x00\x00\x05\xb5\x0e:;\x00\x00$$\x00\x02|;\x00\x00\xac\n\x00\x00\xae\n\x00\x00\x05\xb6\x0eQ;\x00\x00$$\x00.\x8e\n\x00\x00\xcb3\x00\x00o;\x00\x00\x03\x06h\x93\x01i\x93\x01\x02\x8c\x00\x03\x01f\x012\x00\x14*\x0b\x00\x00\x01\x0e7\x00\x00\x00\x00\x00GZ\n\x00\x00\x05\xe8\x0fw\x00\x00\x00\x018d\x17\x00\x00\x01\x01\xb9;\x00\x00\x0cpdu\x00\x05\x9d\x0e\x14\x14\x00\x00\x05 \x13\x00\x00\x05\x9e\x0e\xd1\x0b\x00\x00\x05\x18\x12\x00\x00\x05\x9f\x0e\xe2\x0b\x00\x00\x003\x89\x08\x00\x00\x05\x12\x13\x83\x0e\x00\x00\x01\xfb;\x00\x00\x12 \x13\x00\x00\x05\x12\x13\xd1\x0b\x00\x00\x12\x18\x12\x00\x00\x05\x12\x13\xe2\x0b\x00\x00\nidx\x00\x05\x13\x13w\x00\x00\x00\x05\x17#\x00\x00\x05\x14\x13\x83\x0e\x00\x00\x00Q2)\x00\x00\x83\x0e\x00\x00\x01\x01;<\x00\x00\x12 \x13\x00\x00\x05\x12\x13\xd1\x0b\x00\x00\x12\x18\x12\x00\x00\x05\x12\x13\xe2\x0b\x00\x00\nidx\x00\x05\x13\x13w\x00\x00\x00\x05\x17#\x00\x00\x05\x14\x13\x83\x0e\x00\x00\x00\' \x06\x00\x00\x05\x9d\x0e\x01\x80<\x00\x00\x0cpdu\x00\x05\x9d\x0e\x14\x14\x00\x00\x05 \x13\x00\x00\x05\x9e\x0e\xd1\x0b\x00\x00\x05\x18\x12\x00\x00\x05\x9f\x0e\xe2\x0b\x00\x00\x1d\x13\x94;\x00\x00\x1d\x06\xa0;\x00\x00\x06\xac;\x00\x00\x00\x00\x00Z;<\x00\x006\x0b\x00\x00\xfc\x0b\x00\x00T\x1a\x00\x00\x01\xd0=\x00\x00\x01H<\x00\x00\x83\x1a\x00\x007T<\x00\x00\x007`<\x00\x00\x00&\x0e7\x00\x00H\x0b\x00\x00\xc8\x01\x00\x00\x05\xa1\x0e\xe0<\x00\x00\x07\x17#\x00\x00\x05\x9d\x0e\x83\x0e\x00\x00\xe7\x1a\x00\x00-R\x0b\x00\x00\x01\x045\x00\x00\x03\x01h\x01B\x00\x00F\x89;\x00\x00\xe0\x01\x00\x00\x01\x94;\x00\x00\xfb\x1a\x00\x00\x1e\xe0\x01\x00\x00\x04\xa0;\x00\x001\x1b\x00\x00\x06\xac;\x00\x00&\xb9;\x00\x00Z\x0b\x00\x00\x00\x02\x00\x00\x05\xa6\x0e\x8e=\x00\x00\x01\xd6;\x00\x00Z\x1b\x00\x00\x01\xca;\x00\x001\x1b\x00\x00\x1e\x00\x02\x00\x00\x06\xe2;\x00\x00\x04\xee;\x00\x00\x8e\x1b\x00\x00\x02\xaa2\x00\x00Z\x0b\x00\x00t\x0b\x00\x00\x05\x16\x13\\=\x00\x00\x01\xbb2\x00\x00\xb0\x1b\x00\x00\x00F\xfb;\x00\x00\x08\x02\x00\x00\x01\x16<\x00\x00\xd0\x1b\x00\x00\x01\n<\x00\x00\xf4\x1b\x00\x00\x1e\x08\x02\x00\x00\x04"<\x00\x00\x12\x1c\x00\x00\x06.<\x00\x00\x00\x00\x00\x00\x02|;\x00\x00t\x0b\x00\x00z\x0b\x00\x00\x05\xa4\x0e\xa5=\x00\x00$$\x00.Z\x0b\x00\x00\xcb3\x00\x00\xc3=\x00\x00\x03\x06h\x93\x01i\x93\x01\x02\x8c\x00\x03\x01f\x012\x00\x14\xf0\x0b\x00\x00\x01\x0e7\x00\x00\x00\x00\x008\xe3!\x00\x00\x01\x01\xf4=\x00\x00\x0cpdu\x00\x05\x8f\x0e\x14\x14\x00\x00\x05\xc8"\x00\x00\x05\x90\x0e\xd1\x0b\x00\x00\x003\xea\x03\x00\x00\x05\xf9\x12\x83\x0e\x00\x00\x01*>\x00\x00\x12\xc8"\x00\x00\x05\xf9\x12\xd1\x0b\x00\x00\nidx\x00\x05\xfa\x12w\x00\x00\x00\x05\x17#\x00\x00\x05\xfb\x12\x83\x0e\x00\x00\x00Q_\x06\x00\x00\x83\x0e\x00\x00\x01\x01^>\x00\x00\x12\xc8"\x00\x00\x05\xf9\x12\xd1\x0b\x00\x00\nidx\x00\x05\xfa\x12w\x00\x00\x00\x05\x17#\x00\x00\x05\xfb\x12\x83\x0e\x00\x00\x00\'\x81\x18\x00\x00\x05\x8f\x0e\x01\x92>\x00\x00\x0cpdu\x00\x05\x8f\x0e\x14\x14\x00\x00\x05\xc8"\x00\x00\x05\x90\x0e\xd1\x0b\x00\x00\x1d\x13\xdb=\x00\x00\x1d\x06\xe7=\x00\x00\x00\x00\x00>^>\x00\x00\xfc\x0b\x00\x00\x9a\x0c\x00\x00\x03\x92 \x02\x01\xaf?\x00\x00\x01k>\x00\x00;\x1c\x00\x007w>\x00\x00\x00\x02\x0e7\x00\x00\n\x0c\x00\x00\x10\x0c\x00\x00\x05\x92\x0e\xec>\x00\x00\x07\x17#\x00\x00\x05\x8f\x0e\x83\x0e\x00\x00\x7f\x1c\x00\x00-\x10\x0c\x00\x00\x01\x045\x00\x00\x03\x01h\x01B\x00\x00F\xd0=\x00\x00 \x02\x00\x00\x01\xdb=\x00\x00\x93\x1c\x00\x00\x1e \x02\x00\x00\x04\xe7=\x00\x00\xb9\x1c\x00\x00&\xf4=\x00\x00\x16\x0c\x00\x00@\x02\x00\x00\x05\x96\x0e\x83?\x00\x00\x01\x05>\x00\x00\xb9\x1c\x00\x00\x1e@\x02\x00\x00\x06\x11>\x00\x00\x04\x1d>\x00\x00\xe2\x1c\x00\x00\x02\xaa2\x00\x00\x16\x0c\x00\x000\x0c\x00\x00\x05\xfd\x12Z?\x00\x00\x01\xbb2\x00\x00\x04\x1d\x00\x00\x00F*>\x00\x00X\x02\x00\x00\x019>\x00\x00$\x1d\x00\x00\x1eX\x02\x00\x00\x04E>\x00\x00B\x1d\x00\x00\x06Q>\x00\x00\x00\x00\x00\x00.\x16\x0c\x00\x00\xcb3\x00\x00\xa2?\x00\x00\x03\x06h\x93\x01i\x93\x01\x03\xf3\x01h\x03\x01f\x012\x00\x14\x8e\x0c\x00\x00\x01\x0e7\x00\x00\x00\x00\x008\xe3\x07\x00\x00\x01\x01\xc7?\x00\x00\npdu\x00\x05\x84\x0e\x14\x14\x00\x00\x00\'\xb5\x06\x00\x00\x05\x84\x0e\x01\xe8?\x00\x00\x0cpdu\x00\x05\x84\x0e\x14\x14\x00\x00\x1d\x06\xba?\x00\x00\x00\x00>\xc7?\x00\x00\x9a\x0c\x00\x00\xb4\x0c\x00\x00\x03\x92 \x02\x01_@\x00\x00\x01\xd4?\x00\x00k\x1d\x00\x00\x02\x0e7\x00\x00\xa6\x0c\x00\x00\xac\x0c\x00\x00\x05\x87\x0e<@\x00\x00\x07\x17#\x00\x00\x05\x84\x0e\x83\x0e\x00\x00\x91\x1d\x00\x00-\xac\x0c\x00\x00\x01\x045\x00\x00\x03\x01h\x01B\x00\x00\t\xac\x0c\x00\x00\xb4\x0c\x00\x00\x06\xba?\x00\x00\x18\xb0\x0c\x00\x00\xe42\x00\x00\x14\xb4\x0c\x00\x00\x01\x0e7\x00\x00\x00\x00//(\x00\x00\x05{\x0f\xb4\x0c\x00\x00\xca\x0c\x00\x00\x03\x92 \x02\x01\xd5@\x00\x00%pdu\x00\x05{\x0f\x14\x14\x00\x00\xa5\x1d\x00\x00\x05\xf7\x11\x00\x00\x05|\x0f*\x00\x00\x00\x02\x0e7\x00\x00\xc0\x0c\x00\x00\xc6\x0c\x00\x00\x05\x7f\x0f\xca@\x00\x00\x07\x17#\x00\x00\x05{\x0f\x83\x0e\x00\x00\xcb\x1d\x00\x00-\xc6\x0c\x00\x00\x01\x045\x00\x00\x03\x01h\x02\x08)\x00\x00\x14\xca\x0c\x00\x00\x01\x8c7\x00\x00\x00/e\'\x00\x00\x05?\x0f\xce\x0c\x00\x00\xf0\x0c\x00\x00\x03\x92 \x02\x01zA\x00\x00%pdu\x00\x05?\x0f\x14\x14\x00\x00\xe0\x1d\x00\x00\x02\x0e7\x00\x00\xda\x0c\x00\x00\xe0\x0c\x00\x00\x05A\x0f4A\x00\x00\x07\x17#\x00\x00\x05?\x0f\x83\x0e\x00\x00\x06\x1e\x00\x00-\xe0\x0c\x00\x00\x01\x045\x00\x00\x03\x01h\x02\x08)\x00\x00\x02zA\x00\x00\xe0\x0c\x00\x00\xec\x0c\x00\x00\x05C\x0foA\x00\x00\x07\x8b(\x00\x00\x05?\x0f\xfd\x10\x00\x00\x1b\x1e\x00\x00\t\xe0\x0c\x00\x00\xec\x0c\x00\x00\x05\xf7"\x00\x00\x05\x99\x10\x83A\x00\x00\x00\x00\x14\xf0\x0c\x00\x00\x01\x8c7\x00\x00\x00(\x8c$\x00\x00\x05\x98\x10\x01\x1b\x02\xd9\x12\x00\x00/r\t\x00\x00\x05.\x0f\xf0\x0c\x00\x00:\r\x00\x00\x03\x92 \x02\x01<B\x00\x00%pdu\x00\x05.\x0f\x14\x14\x00\x00/\x1e\x00\x00\nlen\x00\x05/\x0fw\x00\x00\x00\rsrc\x00\x050\x0f\xf2\x0e\x00\x00\x83\x1e\x00\x00\x02\x0e7\x00\x00\xfe\x0c\x00\x00\x04\r\x00\x00\x054\x0f\x04B\x00\x00\x07\x17#\x00\x00\x05.\x0f\x83\x0e\x00\x00\xe3\x1e\x00\x00-\x04\r\x00\x00\x01\x045\x00\x00\x03\x01h\x02\x08)\x00\x00\x02|;\x00\x00\x04\r\x00\x00\x0c\r\x00\x00\x05/\x0f1B\x00\x00\x05\xfd\x03\x00\x00\x05.\x0fw\x00\x00\x00\npdu\x00\x05.\x0f\x14\x14\x00\x00\x00\x14:\r\x00\x00\x01\x8c7\x00\x00\x00/m\x1b\x00\x00\x05;\x0e:\r\x00\x00P\r\x00\x00\x03\x92 \x02\x01\xa5B\x00\x00%pdu\x00\x05;\x0e\x14\x14\x00\x00\xf8\x1e\x00\x00\x02\x0e7\x00\x00F\r\x00\x00L\r\x00\x00\x05=\x0e\x9aB\x00\x00\x07\x17#\x00\x00\x05;\x0e\x83\x0e\x00\x00\x1e\x1f\x00\x00-L\r\x00\x00\x01\x045\x00\x00\x03\x01h\x01B\x00\x00\x14P\r\x00\x00\x01\x8c7\x00\x00\x00(\xde\x16\x00\x00\x05\x8f\x14\x01/\xde\x1b\x00\x00\x05%\x0eT\r\x00\x00\xc0\r\x00\x00\x03\x92 \x02\x012D\x00\x00%pdu\x00\x05%\x0e\x14\x14\x00\x002\x1f\x00\x00\x05|#\x00\x00\x05&\x0e\x87\x00\x00\x00\x02|;\x00\x00T\r\x00\x00^\r\x00\x00\x05&\x0e\x18C\x00\x00\x07\xfd\x03\x00\x00\x05%\x0ew\x00\x00\x00\xd2\x1f\x00\x00\rpdu\x00\x05%\x0e\x14\x14\x00\x00\xe6\x1f\x00\x00\x00\x02\x0e7\x00\x00l\r\x00\x00n\r\x00\x00\x05)\x0e=C\x00\x00\x07\x17#\x00\x00\x05%\x0e\x83\x0e\x00\x00\xfe\x1f\x00\x00\x00&\xa5B\x00\x00v\r\x00\x00p\x02\x00\x00\x05-\x0e\x9dC\x00\x00M\xf11\x00\x00v\r\x00\x00p\x02\x00\x00\x05\x90\x14\x13\xfe1\x00\x00\x1ep\x02\x00\x00\x04\n2\x00\x00\x12 \x00\x00\x06\x162\x00\x00\x15\x902\x00\x00v\r\x00\x00~\r\x00\x00\x05\xbd\x14\x16\x9d2\x00\x00v\r\x00\x00~\r\x00\x00\x05\xd8\x13\x00\x00\x00\x00\x022D\x00\x00\x94\r\x00\x00\x98\r\x00\x00\x05.\x0e\xd8C\x00\x00\x07\x8b(\x00\x00\x05%\x0e\xaa\x11\x00\x00% \x00\x00\t\x94\r\x00\x00\x98\r\x00\x00\x05a\x13\x00\x00\x05\x87\x14\x83A\x00\x00\x00\x00&2D\x00\x00\x98\r\x00\x00\x88\x02\x00\x00\x051\x0e\x0fD\x00\x00\x07\x8b(\x00\x00\x05%\x0e\xaa\x11\x00\x009 \x00\x00\x1e\x88\x02\x00\x00\x05a\x13\x00\x00\x05\x87\x14\x83A\x00\x00\x00\x00\x14r\r\x00\x00\x01\x045\x00\x00\x14\xa4\r\x00\x00\x01\x8c7\x00\x00V\xac\r\x00\x00\x18\xba\r\x00\x00#2\x00\x00\x00(\xb8\x05\x00\x00\x05\x86\x14\x01H6$\x00\x00\x05\xc3\r\xc0\r\x00\x00f\x0e\x00\x00M \x00\x00\x01\xf2F\x00\x00%pdu\x00\x05\xc3\r\x14\x14\x00\x00\x89 \x00\x00\x07\x8c\x1d\x00\x00\x05\xc4\r^\x1e\x00\x00\xed \x00\x00\x05|#\x00\x00\x05\xc5\r\x87\x00\x00\x00\x07 \x13\x00\x00\x05\xc6\r\xdd\x0b\x00\x00\x01!\x00\x00\x07h&\x00\x00\x05\xc7\r5\x00\x00\x006!\x00\x00\x05}\x11\x00\x00\x05\xc8\r\x87\x00\x00\x00\x05t\x11\x00\x00\x05\xc9\r\x87\x00\x00\x00\x02\x0e7\x00\x00\xe6\r\x00\x00\xe8\r\x00\x00\x05\xd0\r\xddD\x00\x00\x07\x17#\x00\x00\x05\xc3\r\x83\x0e\x00\x00\x94!\x00\x00\x00&\x0e7\x00\x00\xee\r\x00\x00\xa0\x02\x00\x00\x05\xd1\r\x0cE\x00\x00\x07\x17#\x00\x00\x05\xc3\r\x83\x0e\x00\x00\xa8!\x00\x00\x14\xf2\r\x00\x00\x01\x045\x00\x00\x00\x02|;\x00\x00\x02\x0e\x00\x00\x0c\x0e\x00\x00\x05\xc5\r9E\x00\x00\x05\xfd\x03\x00\x00\x05\xc3\rw\x00\x00\x00\npdu\x00\x05\xc3\r\x14\x14\x00\x00\x00\x02\xf2F\x00\x00$\x0e\x00\x00(\x0e\x00\x00\x05\xf8\rnE\x00\x00\x07h&\x00\x00\x05\xc3\r*\x00\x00\x00\xbc!\x00\x00\x07 \x13\x00\x00\x05\xc3\r\xd1\x0b\x00\x00\xe7!\x00\x00\x00&\xfbF\x00\x00.\x0e\x00\x00\xb8\x02\x00\x00\x05\xfa\r\xafE\x00\x00\x07\'\x19\x00\x00\x05\xc3\rw\x00\x00\x00\xfa!\x00\x00\x05x\x04\x00\x00\x05\xc3\rw\x00\x00\x00\x07\x17#\x00\x00\x05\xc3\rw\x00\x00\x00\x1a"\x00\x00\x00&\xfbF\x00\x004\x0e\x00\x00\xd0\x02\x00\x00\x05\xfd\r\xf0E\x00\x00\x07\'\x19\x00\x00\x05\xc3\rw\x00\x00\x008"\x00\x00\x05x\x04\x00\x00\x05\xc3\rw\x00\x00\x00\x07\x17#\x00\x00\x05\xc3\rw\x00\x00\x00Z"\x00\x00\x00\x02\xfbF\x00\x008\x0e\x00\x00:\x0e\x00\x00\x05\xfc\r)F\x00\x00\x05\'\x19\x00\x00\x05\xc3\rw\x00\x00\x00\x05x\x04\x00\x00\x05\xc3\rw\x00\x00\x00\x05\x17#\x00\x00\x05\xc3\rw\x00\x00\x00\x00&\xfbF\x00\x00<\x0e\x00\x00\xf0\x02\x00\x00\x05\xfe\rjF\x00\x00\x07\'\x19\x00\x00\x05\xc3\rw\x00\x00\x00\x98"\x00\x00\x05x\x04\x00\x00\x05\xc3\rw\x00\x00\x00\x07\x17#\x00\x00\x05\xc3\rw\x00\x00\x00\xba"\x00\x00\x00&\xfbF\x00\x00B\x0e\x00\x00\x08\x03\x00\x00\x05\xff\r\xabF\x00\x00\x07\'\x19\x00\x00\x05\xc3\rw\x00\x00\x00\xd8"\x00\x00\x05x\x04\x00\x00\x05\xc3\rw\x00\x00\x00\x07\x17#\x00\x00\x05\xc3\rw\x00\x00\x00\xfa"\x00\x00\x00.\xce\r\x00\x00\xcb3\x00\x00\xc9F\x00\x00\x03\x06h\x93\x01i\x93\x01\x02\x8c\x00\x03\x01f\x012\x00.\xd8\r\x00\x00\xcb3\x00\x00\xe7F\x00\x00\x03\x06h\x93\x01i\x93\x01\x02\x8c\x00\x03\x01f\x014\x00\x14V\x0e\x00\x00\x01\x8c7\x00\x00\x00(c\x18\x00\x00\x05\x1c\x14\x01G`\x16\x00\x00\x05\x1a\x10w\x00\x00\x00\x018\xdf\x05\x00\x00\x01\x01PG\x00\x00\x12\xa4\'\x00\x00\x05\xa5\x10w\x00\x00\x00\x12\xe3\x11\x00\x00\x05\xa5\x10?\x08\x00\x00\x05\xb8"\x00\x00\x05\xa5\x10w\x00\x00\x00\x05\x16\x06\x00\x00\x05\xa5\x10w\x00\x00\x00\x05\x8c\x1d\x00\x00\x05\xa6\x10R\x1e\x00\x00\x003\xd0\x0e\x00\x00\x05u\x13R\x1e\x00\x00\x01\x9eG\x00\x00\x12 \x13\x00\x00\x05v\x13\xd1\x0b\x00\x00\x12\xd8\x03\x00\x00\x05v\x13\xe2\x0b\x00\x00\x12\xa6\x03\x00\x00\x05v\x13+\x0c\x00\x00\nodt\x00\x05x\x13L\x1e\x00\x00\nidx\x00\x05y\x13\xe2\x0b\x00\x00\x003\xd4\'\x00\x00\x05\xa8\x14L\x1e\x00\x00\x01\xdfG\x00\x00\x12 \x13\x00\x00\x05\xa8\x14\xd1\x0b\x00\x00\x12\xd8\x03\x00\x00\x05\xa8\x14\xe2\x0b\x00\x00\ndl\x00\x05\xa9\x14X\x1e\x00\x00\nidx\x00\x05\xaa\x14\xe2\x0b\x00\x00\x00H\xdb\x08\x00\x00\x05\x87\rf\x0e\x00\x00"\x0f\x00\x00\x18#\x00\x00\x01\xd5I\x00\x00%pdu\x00\x05\x87\r\x14\x14\x00\x00a#\x00\x00\x05\x16\x06\x00\x00\x05\x88\r\x87\x00\x00\x00\x05\xa4\'\x00\x00\x05\x89\r\x87\x00\x00\x00\x05\xb8"\x00\x00\x05\x8a\r\x87\x00\x00\x00\x07\xe3\x11\x00\x00\x05\x8b\rJ\x08\x00\x00\xb5#\x00\x00\x02\x0e7\x00\x00\x82\x0e\x00\x00\x84\x0e\x00\x00\x05\x8f\raH\x00\x00\x07\x17#\x00\x00\x05\x87\r\x83\x0e\x00\x00\xe9#\x00\x00\x00&\x0e7\x00\x00\x8c\x0e\x00\x00 \x03\x00\x00\x05\x90\r\x90H\x00\x00\x07\x17#\x00\x00\x05\x87\r\x83\x0e\x00\x00\xfd#\x00\x00\x14\x90\x0e\x00\x00\x01\x045\x00\x00\x00\x02|;\x00\x00\xa2\x0e\x00\x00\xa8\x0e\x00\x00\x05\x89\r\xbdH\x00\x00\x05\xfd\x03\x00\x00\x05\x87\rw\x00\x00\x00\npdu\x00\x05\x87\r\x14\x14\x00\x00\x00\x02\x08G\x00\x00\xa8\x0e\x00\x00\x16\x0f\x00\x00\x05\x99\r\xb1I\x00\x00\x01\x1fG\x00\x00\x11$\x00\x00\x13\x13G\x00\x00\t\xa8\x0e\x00\x00\x16\x0f\x00\x00\x06+G\x00\x00\x067G\x00\x00\x04CG\x00\x00/$\x00\x00\x15PG\x00\x00\xb0\x0e\x00\x00\xec\x0e\x00\x00\x05\xaa\x10\x01yG\x00\x00C$\x00\x00\x01mG\x00\x00V$\x00\x00\x01aG\x00\x00x$\x00\x00\t\xb0\x0e\x00\x00\xec\x0e\x00\x00\x04\x85G\x00\x00\x8f$\x00\x00\x04\x91G\x00\x00\xa3$\x00\x00\x15\x9eG\x00\x00\xb0\x0e\x00\x00\xde\x0e\x00\x00\x05~\x13\x01\xbbG\x00\x00\xfc$\x00\x00\x01\xafG\x00\x00\x0f%\x00\x00\t\xb0\x0e\x00\x00\xde\x0e\x00\x00\x04\xc7G\x00\x00\x8f$\x00\x00\x04\xd2G\x00\x00\x8f$\x00\x00\x15\x111\x00\x00\xb0\x0e\x00\x00\xdc\x0e\x00\x00\x05\xac\x14\x01"1\x00\x00\x0f%\x00\x00\t\xb0\x0e\x00\x00\xdc\x0e\x00\x00\x04.1\x00\x00&%\x00\x00\x00\x00\x00\x00\x00\x00\x00\x00.t\x0e\x00\x00\x084\x00\x00\xcaI\x00\x00\x03\x06h\x93\x01i\x93\x01\x02\x8c\x00\x00\x14"\x0f\x00\x00\x01\x8c7\x00\x00\x0082\x18\x00\x00\x01\x01\x11J\x00\x00\x0cpdu\x00\x05h\r\x14\x14\x00\x00\x05 \x0e\x00\x00\x05i\r\xd1\x0b\x00\x00\nodt\x00\x05j\r\xe2\x0b\x00\x00\x05[\x17\x00\x00\x05k\r+\x0c\x00\x00\x003\xd1\x0b\x00\x00\x05\xfe\x13\xd0\x03\x00\x00\x01kJ\x00\x00\x12 \x13\x00\x00\x05\xff\x13\xd1\x0b\x00\x00\x12\xd8\x03\x00\x00\x05\xff\x13\xe2\x0b\x00\x00\x12[\x17\x00\x00\x05\xff\x13+\x0c\x00\x00\x05 \x0e\x00\x00\x05\x01\x14X\x1e\x00\x00\nodt\x00\x05\x02\x14L\x1e\x00\x00\x05\x17#\x00\x00\x05\x03\x14\xd0\x03\x00\x00\x00Q\x1f \x00\x00\xd0\x03\x00\x00\x01\x01\xc3J\x00\x00\x12 \x13\x00\x00\x05\xff\x13\xd1\x0b\x00\x00\x12\xd8\x03\x00\x00\x05\xff\x13\xe2\x0b\x00\x00\x12[\x17\x00\x00\x05\xff\x13+\x0c\x00\x00\x05 \x0e\x00\x00\x05\x01\x14X\x1e\x00\x00\nodt\x00\x05\x02\x14L\x1e\x00\x00\x05\x17#\x00\x00\x05\x03\x14\xd0\x03\x00\x00\x00\'\xe3\x0e\x00\x00\x05h\r\x01\x19K\x00\x00\x0cpdu\x00\x05h\r\x14\x14\x00\x00\x05 \x0e\x00\x00\x05i\r\xd1\x0b\x00\x00\nodt\x00\x05j\r\xe2\x0b\x00\x00\x05[\x17\x00\x00\x05k\r+\x0c\x00\x00\x1d\x13\xe0I\x00\x00\x1d\x06\xecI\x00\x00\x06\xf8I\x00\x00\x06\x04J\x00\x00\x00\x00\x00Z\xc3J\x00\x00"\x0f\x00\x00\xce\x0f\x00\x00K%\x00\x00\x010M\x00\x00\x01\xd0J\x00\x00z%\x00\x007\xdcJ\x00\x00\x007\xe8J\x00\x00\x007\xf4J\x00\x00\x00\x02\x0e7\x00\x004\x0f\x00\x006\x0f\x00\x00\x05m\roK\x00\x00\x07\x17#\x00\x00\x05h\r\x83\x0e\x00\x00\xfc%\x00\x00\x00g\xd5I\x00\x008\x03\x00\x00\x0eM\x00\x00\x01\xe0I\x00\x00\x10&\x00\x00\x1e8\x03\x00\x00\x04\xecI\x00\x00F&\x00\x00\x06\xf8I\x00\x00\x06\x04J\x00\x00&\x11J\x00\x00^\x0f\x00\x00X\x03\x00\x00\x05v\r\x85L\x00\x00\x01:J\x00\x00d&\x00\x00\x01.J\x00\x00|&\x00\x00\x01"J\x00\x00\x94&\x00\x00\x1eX\x03\x00\x00\x04FJ\x00\x00\xb2&\x00\x007RJ\x00\x00\x00\x04^J\x00\x00\xc6&\x00\x00\x02\x111\x00\x00t\x0f\x00\x00\xa0\x0f\x00\x00\x05\x08\x14\x1aL\x00\x00\x01"1\x00\x00\xe6&\x00\x00\tt\x0f\x00\x00\xa0\x0f\x00\x00\x04.1\x00\x00\xf9&\x00\x00\x00\x00=kJ\x00\x00\xa4\x0f\x00\x00\xb6\x0f\x00\x00\x13\x92J\x00\x00\x13\x86J\x00\x00\x01zJ\x00\x00\x16\'\x00\x00\t\xa4\x0f\x00\x00\xb6\x0f\x00\x00\x06\x9eJ\x00\x00\x06\xaaJ\x00\x00\x06\xb6J\x00\x00\x15\x9eG\x00\x00\xa4\x0f\x00\x00\xa6\x0f\x00\x00\x05\x0c\x14\x13\xbbG\x00\x00\x13\xafG\x00\x00\t\xa4\x0f\x00\x00\xa6\x0f\x00\x00\x06\xc7G\x00\x00\x06\xd2G\x00\x00\x00\x00\x00\x00\x00\x00\x02|;\x00\x00l\x0f\x00\x00r\x0f\x00\x00\x05q\r\x9cL\x00\x00$$\x00\x02|;\x00\x00r\x0f\x00\x00t\x0f\x00\x00\x05r\r\xb3L\x00\x00$$\x00\x020M\x00\x00\xba\x0f\x00\x00\xc2\x0f\x00\x00\x05}\r\xdaL\x00\x00$$\x0e)\'\x00\x00\t\xba\x0f\x00\x00\xc2\x0f\x00\x00$\x00\x00\x14>\x0f\x00\x00\x01\x045\x00\x00.X\x0f\x00\x00\xcb3\x00\x00\x02M\x00\x00\x03\x06h\x93\x01i\x93\x01\x02\x8c\x00\x03\x01f\x012\x00\x14\xca\x0f\x00\x00\x01\x8c7\x00\x00\x00\x00\x15\x0e7\x00\x00L\x0f\x00\x00R\x0f\x00\x00\x05n\r\x07\x17#\x00\x00\x05h\r\x83\x0e\x00\x00<\'\x00\x00\x00\x00(E\x14\x00\x00\x05\xbd\x13\x01H\xc1\x1d\x00\x00\x05?\r\xce\x0f\x00\x00V\x10\x00\x00P\'\x00\x00\x01\x11N\x00\x00%pdu\x00\x05?\r\x14\x14\x00\x00\x99\'\x00\x00\x05f!\x00\x00\x05@\rw\x00\x00\x00\x07\xf3\x0f\x00\x00\x05A\r*\x00\x00\x00\xcf\'\x00\x00\x07\x94\r\x00\x00\x05B\r*\x00\x00\x00\xf7\'\x00\x00\rvp\x00\x05C\r\x11N\x00\x00\x0f(\x00\x00\x02|;\x00\x00\xf0\x0f\x00\x00\xf8\x0f\x00\x00\x05@\r\xcaM\x00\x00\x05\xfd\x03\x00\x00\x05?\rw\x00\x00\x00\npdu\x00\x05?\r\x14\x14\x00\x00\x00.\xde\x0f\x00\x00\xcb3\x00\x00\xe8M\x00\x00\x03\x06h\x93\x01i\x93\x01\x02\x80\x00\x03\x01f\x012\x00.\xe8\x0f\x00\x00\xcb3\x00\x00\x06N\x00\x00\x03\x06h\x93\x01i\x93\x01\x02\x80\x00\x03\x01f\x014\x00\x14V\x10\x00\x00\x01\x8c7\x00\x00\x00\x1b\x02?\x08\x00\x00Ha(\x00\x00\x05\x82\x0cV\x10\x00\x00~\x10\x00\x003(\x00\x00\x01\x9aN\x00\x00%pdu\x00\x05\x82\x0c\x14\x14\x00\x00b(\x00\x00\x02|;\x00\x00Z\x10\x00\x00d\x10\x00\x00\x05\x83\x0cuN\x00\x00\x07\xfd\x03\x00\x00\x05\x82\x0cw\x00\x00\x00\x88(\x00\x00\rpdu\x00\x05\x82\x0c\x14\x14\x00\x00\x9c(\x00\x00\x00.n\x10\x00\x00\x084\x00\x00\x8fN\x00\x00\x03\x06h\x93\x01i\x93\x01\x03\xf3\x01h\x00\x14~\x10\x00\x00\x01\x8c7\x00\x00\x00Hp\x13\x00\x00\x05\x07\x0e~\x10\x00\x00\x1c\x11\x00\x00\xb4(\x00\x00\x01XP\x00\x00%pdu\x00\x05\x07\x0e\x14\x14\x00\x00\x16)\x00\x00\x07\x8c\x1d\x00\x00\x05\x08\x0e^\x1e\x00\x00<)\x00\x00\x05|#\x00\x00\x05\t\x0e\x87\x00\x00\x00\x1f\xe0$\x00\x00\x05\n\x0e\xe2\x0b\x00\x00\x02\x8c\x01\x07 \x13\x00\x00\x05\x0b\x0e\xdd\x0b\x00\x00\\)\x00\x00\x02|;\x00\x00\x8c\x10\x00\x00\x96\x10\x00\x00\x05\t\x0e3O\x00\x00\x07\xfd\x03\x00\x00\x05\x07\x0ew\x00\x00\x00z)\x00\x00\rpdu\x00\x05\x07\x0e\x14\x14\x00\x00\x8e)\x00\x00\x00\x02\x0e7\x00\x00\xac\x10\x00\x00\xae\x10\x00\x00\x05\x0e\x0eXO\x00\x00\x07\x17#\x00\x00\x05\x07\x0e\x83\x0e\x00\x00\xa6)\x00\x00\x00\x02\xaa\x19\x00\x00\xec\x10\x00\x00\x18\x11\x00\x00\x05"\x0e\x00P\x00\x00\x01\xb7\x19\x00\x00\xba)\x00\x00\x01\xc3\x19\x00\x00\xce)\x00\x00\x01\x10\x1a\x00\x00\xe3)\x00\x00\x01\x05\x1a\x00\x00\xe3)\x00\x00\x01\xfa\x19\x00\x00\xe3)\x00\x00\x01\xef\x19\x00\x00\xe3)\x00\x00\x01\xe4\x19\x00\x00\xe3)\x00\x00\x01\xd9\x19\x00\x00\xe3)\x00\x00\x01\xce\x19\x00\x00\xf7)\x00\x00\t\xec\x10\x00\x00\x18\x11\x00\x00\x06\x1b\x1a\x00\x00\x16\x046\x00\x00\xec\x10\x00\x00\xf4\x10\x00\x00\x05\xa9\n\x02\x116\x00\x00\xf4\x10\x00\x00\x00\x11\x00\x00\x05\xaf\n\xf5O\x00\x00\x0e\x16*\x00\x00\x00\x18\x16\x11\x00\x00\x9e4\x00\x00\x00\x00.\x9e\x10\x00\x00\xcb3\x00\x00\x1fP\x00\x00\x03\x06h\x93\x01i\x93\x01\x03\xf3\x01h\x03\x01f\x012\x00\x18\xb2\x10\x00\x00\x045\x00\x00.\xcc\x10\x00\x00\x045\x00\x00<P\x00\x00\x03\x01h\x02\x08"\x00*\xea\x10\x00\x00@1\x00\x00\x03\x01h\x02\x81\x00\x03\x06f\x93\x01g\x93\x01\x02\x8c\x01\x00\x00/\xae\x16\x00\x00\x05X\x0f\x1c\x11\x00\x00j\x11\x00\x00\x03\x92 \x02\x01\xe4Q\x00\x00%pdu\x00\x05X\x0f\x14\x14\x00\x00**\x00\x00\x05|#\x00\x00\x05Y\x0fw\x00\x00\x00\x05\xeb\x1a\x00\x00\x05Z\x0fw\x00\x00\x00\x02|;\x00\x00\x1c\x11\x00\x00$\x11\x00\x00\x05Y\x0f\xceP\x00\x00\x07\xfd\x03\x00\x00\x05X\x0fw\x00\x00\x00~*\x00\x00\rpdu\x00\x05X\x0f\x14\x14\x00\x00\x92*\x00\x00\x00\x02|;\x00\x00$\x11\x00\x00&\x11\x00\x00\x05Z\x0f\x03Q\x00\x00\x07\xfd\x03\x00\x00\x05X\x0fw\x00\x00\x00\xaa*\x00\x00\rpdu\x00\x05X\x0f\x14\x14\x00\x00\xbe*\x00\x00\x00\x02\x0e7\x00\x00*\x11\x00\x00,\x11\x00\x00\x05a\x0f(Q\x00\x00\x07\x17#\x00\x00\x05X\x0f\x83\x0e\x00\x00\xd6*\x00\x00\x00&\x0e7\x00\x00,\x11\x00\x00p\x03\x00\x00\x05j\x0fWQ\x00\x00\x07\x17#\x00\x00\x05X\x0f\x83\x0e\x00\x00\xeb*\x00\x00\x140\x11\x00\x00\x01\x045\x00\x00\x00M\xaa\x19\x00\x00<\x11\x00\x00\x88\x03\x00\x00\x05n\x0f\x0b\xb7\x19\x00\x00\x08N\xc3\x19\x00\x00\x7f\x0b\x10\x1a\x00\x00\x00\x0b\x05\x1a\x00\x00\x00\x0b\xfa\x19\x00\x00\x00\x0b\xef\x19\x00\x00\x00\x0b\xe4\x19\x00\x00\x00\x01\xd9\x19\x00\x00\x00+\x00\x00\x01\xce\x19\x00\x00 +\x00\x00\x1e\x88\x03\x00\x00\x06\x1b\x1a\x00\x00\x16\x046\x00\x00<\x11\x00\x00D\x11\x00\x00\x05\xa9\n\x02\x116\x00\x00D\x11\x00\x00P\x11\x00\x00\x05\xaf\n\xd7Q\x00\x00\x0e?+\x00\x00\x00\x14j\x11\x00\x00\x01\x9e4\x00\x00\x00\x00\x00/\xb3\x1f\x00\x00\x05I\x0fj\x11\x00\x00\x8e\x11\x00\x00\x03\x92 \x02\x01\xe1R\x00\x00%pdu\x00\x05I\x0f\x14\x14\x00\x00S+\x00\x00\x15\xaa\x19\x00\x00j\x11\x00\x00\x8e\x11\x00\x00\x05M\x0f b7\x00\x05I\x0fw\x00\x00\x00\x00 b6\x00\x05I\x0fw\x00\x00\x00\x00 b5\x00\x05I\x0fw\x00\x00\x00\x00 b4\x00\x05I\x0fw\x00\x00\x00\x00 b3\x00\x05I\x0fw\x00\x00\x00\x00 b2\x00\x05I\x0fw\x00\x00\x00  b1\x00\x05I\x0fw\x00\x00\x00\x01cb0\x00\x05I\x0fw\x00\x00\x00\x7f len\x00\x05I\x0fw\x00\x00\x00\x03\tj\x11\x00\x00\x8e\x11\x00\x00\x05\x8c\r\x00\x00\x05\xa9\n\x94\x07\x00\x00\x16\x046\x00\x00j\x11\x00\x00v\x11\x00\x00\x05\xa9\n\x02\x116\x00\x00v\x11\x00\x00~\x11\x00\x00\x05\xaf\n\xd4R\x00\x00\rlen\x00\x05\xa8\n*\x00\x00\x00y+\x00\x00\x00\x14\x8e\x11\x00\x00\x01\x9e4\x00\x00\x00\x00\x008_"\x00\x00\x01\x01\xf9R\x00\x00\npdu\x00\x05\x13\x0f\x14\x14\x00\x00\x00\']\x11\x00\x00\x05\x13\x0f\x01\x1aS\x00\x00\x0cpdu\x00\x05\x13\x0f\x14\x14\x00\x00\x1d\x06\xecR\x00\x00\x00\x00>\xf9R\x00\x00\x8e\x11\x00\x00\xd6\x11\x00\x00\x03\x92 \x02\x01\x06T\x00\x00\x01\x06S\x00\x00\x8d+\x00\x00\x02\x0e7\x00\x00\x9a\x11\x00\x00\xa0\x11\x00\x00\x05\x16\x0fnS\x00\x00\x07\x17#\x00\x00\x05\x13\x0f\x83\x0e\x00\x00\xb3+\x00\x00-\xa0\x11\x00\x00\x01\x045\x00\x00\x03\x01h\x01A\x00\x00\t\xa0\x11\x00\x00\xd6\x11\x00\x00\x06\xecR\x00\x00\x02zA\x00\x00\xa0\x11\x00\x00\xac\x11\x00\x00\x05\x17\x0f\xa1S\x00\x00\x0e\xc7+\x00\x00\t\xa0\x11\x00\x00\xac\x11\x00\x00$\x00\x00\x15\xaa\x19\x00\x00\xac\x11\x00\x00\xd6\x11\x00\x00\x05\x19\x0fR\x00R\x00R\x00R\x00R@R\x00R\x00\xa7\x01\x7fR\x07\t\xac\x11\x00\x00\xd6\x11\x00\x00$\x16\x046\x00\x00\xac\x11\x00\x00\xb4\x11\x00\x00\x05\xa9\n\x02\x116\x00\x00\xb4\x11\x00\x00\xc0\x11\x00\x00\x05\xaf\n\xf8S\x00\x00\x0e\xdb+\x00\x00\x00\x14\xd6\x11\x00\x00\x01\x9e4\x00\x00\x00\x00\x00\x00/\x97\x0b\x00\x00\x05\xe7\x0e\xd6\x11\x00\x00f\x12\x00\x00\x03\x92 \x02\x01\xe9U\x00\x00%pdu\x00\x05\xe7\x0e\x14\x14\x00\x00\xef+\x00\x00\x07\x97\'\x00\x00\x05\xe8\x0e*\x00\x00\x00\x15,\x00\x00\x07\xd2!\x00\x00\x05\xe9\x0ew\x00\x00\x00=,\x00\x00\x07U\x17\x00\x00\x05\xea\x0e\xe9U\x00\x00h,\x00\x00\x02\x0e7\x00\x00\xe2\x11\x00\x00\xe8\x11\x00\x00\x05\xf0\x0e\x95T\x00\x00\x07\x17#\x00\x00\x05\xe7\x0e\x83\x0e\x00\x00|,\x00\x00-\xe8\x11\x00\x00\x01\x045\x00\x00\x03\x01h\x02\x08"\x00\x00\x02\x90\x19\x00\x00\n\x12\x00\x00\x0e\x12\x00\x00\x05\xf8\x0e\xb3T\x00\x00\x01\x9d\x19\x00\x00\x91,\x00\x00\x00\x02\xefU\x00\x00\x0e\x12\x00\x00&\x12\x00\x00\x05\xf8\x0e\xeaT\x00\x00\nptr\x00\x05\xe7\x0eL\x1b\x00\x00\t\x0e\x12\x00\x00&\x12\x00\x00\nmta\x00\x05U\n\xf2\x0e\x00\x00\x00\x00\x02\xaa\x19\x00\x00<\x12\x00\x00f\x12\x00\x00\x05\xfb\x0e\xcdU\x00\x00 b7\x00\x05\xe7\x0ew\x00\x00\x00\x00 b6\x00\x05\xe7\x0ew\x00\x00\x00\x00\rb5\x00\x05\xe7\x0ew\x00\x00\x00\xca,\x00\x00\rb4\x00\x05\xe7\x0ew\x00\x00\x00\xdd,\x00\x00\rb3\x00\x05\xe7\x0ew\x00\x00\x00\xf0,\x00\x00 b2\x00\x05\xe7\x0ew\x00\x00\x00\x01\rb1\x00\x05\xe7\x0ew\x00\x00\x00\x0f-\x00\x00cb0\x00\x05\xe7\x0ew\x00\x00\x00\x7f len\x00\x05\xe7\x0ew\x00\x00\x00\x07\t<\x12\x00\x00f\x12\x00\x00\x05\x8c\r\x00\x00\x05\xa9\n\x94\x07\x00\x00\x16\x046\x00\x00<\x12\x00\x00D\x12\x00\x00\x05\xa9\n\x02\x116\x00\x00D\x12\x00\x00P\x12\x00\x00\x05\xaf\n\xc1U\x00\x00\rlen\x00\x05\xa8\n*\x00\x00\x00.-\x00\x00\x00\x14f\x12\x00\x00\x01\x9e4\x00\x00\x00\x00*\xdc\x11\x00\x00\xcb3\x00\x00\x03\x06h\x93\x01i\x93\x01\x03\xf3\x01h\x03\x01f\x012\x00\x00\x1b\x02\xed\x18\x00\x00G^\x0b\x00\x00\x05T\n\xf2\x0e\x00\x00\x018\x00\x05\x00\x00\x01\x01\x14V\x00\x00\npdu\x00\x05\xd3\x0e\x14\x14\x00\x00\x00\'\x83!\x00\x00\x05\xd3\x0e\x015V\x00\x00\x0cpdu\x00\x05\xd3\x0e\x14\x14\x00\x00\x1d\x06\x07V\x00\x00\x00\x00>\x14V\x00\x00f\x12\x00\x00\xa8\x12\x00\x00\x03\x92 \x02\x01#W\x00\x00\x01!V\x00\x00B-\x00\x00\x02\x0e7\x00\x00r\x12\x00\x00x\x12\x00\x00\x05\xd5\x0e\x89V\x00\x00\x07\x17#\x00\x00\x05\xd3\x0e\x83\x0e\x00\x00h-\x00\x00-x\x12\x00\x00\x01\x045\x00\x00\x03\x01h\x01B\x00\x00\tx\x12\x00\x00\xa8\x12\x00\x00\x06\x07V\x00\x00\x15\xaa\x19\x00\x00x\x12\x00\x00\xa8\x12\x00\x00\x05\xd8\x0e\x0b\xb7\x19\x00\x00\x08N\xc3\x19\x00\x00\x7f\x0b\x10\x1a\x00\x00\x00\x0b\x05\x1a\x00\x00\x01\x0b\xfa\x19\x00\x004\x0b\xef\x19\x00\x00>\x0b\xe4\x19\x00\x00\x01\x0b\xd9\x19\x00\x00>\x0b\xce\x19\x00\x00\x01\tx\x12\x00\x00\xa8\x12\x00\x00\x06\x1b\x1a\x00\x00\x16\x046\x00\x00x\x12\x00\x00\x80\x12\x00\x00\x05\xa9\n\x02\x116\x00\x00\x80\x12\x00\x00\x8c\x12\x00\x00\x05\xaf\n\x15W\x00\x00\x0e|-\x00\x00\x00\x14\xa8\x12\x00\x00\x01\x9e4\x00\x00\x00\x00\x00\x008.\x13\x00\x00\x01\x01GW\x00\x00\x05\xcd#\x00\x00\x05\xc0\x0e?\x08\x00\x00\npdu\x00\x05\xbf\x0e\x14\x14\x00\x00\x00\';\x1f\x00\x00\x05\xbf\x0e\x01yW\x00\x00\x0cpdu\x00\x05\xbf\x0e\x14\x14\x00\x00\x05\xcd#\x00\x00\x05\xc0\x0e?\x08\x00\x00\x1d\x06.W\x00\x00\x06:W\x00\x00\x00\x00ZGW\x00\x00\xa8\x12\x00\x00\xfa\x12\x00\x00\x90-\x00\x00\x01\x94X\x00\x00\x01TW\x00\x00\xbf-\x00\x007`W\x00\x00\x00&\x0e7\x00\x00\xb8\x12\x00\x00\xa0\x03\x00\x00\x05\xc2\x0e\xd3W\x00\x00\x07\x17#\x00\x00\x05\xbf\x0e\x83\x0e\x00\x00\xe5-\x00\x00-\xc2\x12\x00\x00\x01\x045\x00\x00\x03\x01h\x01B\x00\x00\x1e\xb8\x03\x00\x00\x06.W\x00\x00\x06:W\x00\x00\x02\x94X\x00\x00\xc2\x12\x00\x00\xc6\x12\x00\x00\x05\xc7\x0e\x00X\x00\x00\x18\xc6\x12\x00\x00(%\x00\x00\x00M\xaa\x19\x00\x00\xcc\x12\x00\x00\xd0\x03\x00\x00\x05\xc9\x0e\x0b\xb7\x19\x00\x00\x08N\xc3\x19\x00\x00\x7f\x01\x10\x1a\x00\x00\xf9-\x00\x00\x01\x05\x1a\x00\x00\x0c.\x00\x00\x01\xfa\x19\x00\x00*.\x00\x00\x01\xef\x19\x00\x00=.\x00\x00\x0b\xe4\x19\x00\x00\x00\x0b\xd9\x19\x00\x00\x00\x0b\xce\x19\x00\x00\x00\x1e\xd0\x03\x00\x00\x06\x1b\x1a\x00\x00\x16\x046\x00\x00\xcc\x12\x00\x00\xd4\x12\x00\x00\x05\xa9\n\x02\x116\x00\x00\xd4\x12\x00\x00\xe0\x12\x00\x00\x05\xaf\n\x86X\x00\x00\x0eP.\x00\x00\x00\x14\xfa\x12\x00\x00\x01\x9e4\x00\x00\x00\x00\x00\x00G\x1e#\x00\x00\x05\xda\x16?\x08\x00\x00\x018\xef)\x00\x00\x01\x01\xd1X\x00\x00\x05."\x00\x00\x05F\x0ew\x00\x00\x00\x05\xe4\x0c\x00\x00\x05G\x0e\xd1\x0b\x00\x00\npdu\x00\x05E\x0e\x14\x14\x00\x00\x00\'\xaa#\x00\x00\x05E\x0e\x01\x14Y\x00\x00\x0cpdu\x00\x05E\x0e\x14\x14\x00\x00\x05."\x00\x00\x05F\x0ew\x00\x00\x00\x05\xe4\x0c\x00\x00\x05G\x0e\xd1\x0b\x00\x00\x1d\x06\xacX\x00\x00\x06\xb8X\x00\x00\x06\xc4X\x00\x00\x00\x00>\xd1X\x00\x00\xfa\x12\x00\x00>\x13\x00\x00\x03\x92 \x02\x01AZ\x00\x00\x01\xdeX\x00\x00d.\x00\x007\xeaX\x00\x00\x007\xf6X\x00\x00\x00\x02\x0e7\x00\x00\x06\x13\x00\x00\x0c\x13\x00\x00\x05J\x0etY\x00\x00\x07\x17#\x00\x00\x05E\x0e\x83\x0e\x00\x00\x8a.\x00\x00-\x0c\x13\x00\x00\x01\x045\x00\x00\x03\x01h\x01B\x00\x00\t\x0c\x13\x00\x00>\x13\x00\x007\xacX\x00\x00\x13\x06\xb8X\x00\x00\x06\xc4X\x00\x00\x02\x902\x00\x00\x0c\x13\x00\x00\x10\x13\x00\x00\x05N\x0e\xb2Y\x00\x00\x16\x9d2\x00\x00\x0c\x13\x00\x00\x10\x13\x00\x00\x05\xd8\x13\x00\x15\xaa\x19\x00\x00\x10\x13\x00\x00>\x13\x00\x00\x05P\x0e\x0b\xb7\x19\x00\x00\x08N\xc3\x19\x00\x00\x7f\x0b\x10\x1a\x00\x00\x00\x0b\x05\x1a\x00\x00\x00\x0b\xfa\x19\x00\x00\x00\x0b\xef\x19\x00\x00\x03\x0b\xe4\x19\x00\x00\x00\x01\xd9\x19\x00\x00\x9e.\x00\x00\x0b\xce\x19\x00\x00\x13\t\x10\x13\x00\x00>\x13\x00\x00\x06\x1b\x1a\x00\x00\x16\x046\x00\x00\x10\x13\x00\x00\x18\x13\x00\x00\x05\xa9\n\x02\x116\x00\x00\x18\x13\x00\x00$\x13\x00\x00\x05\xaf\n3Z\x00\x00\x0e\xc0.\x00\x00\x00\x14>\x13\x00\x00\x01\x9e4\x00\x00\x00\x00\x00\x00/\x04\x18\x00\x00\x05\x8f\x0c>\x13\x00\x00j\x13\x00\x00\x03\x92 \x02\x01\xf7Z\x00\x00Up\x1d\x00\x00\x05\x8f\x0c\xe1\x0c\x00\x00\xd4.\x00\x00M\xaa\x19\x00\x00>\x13\x00\x00\xf0\x03\x00\x00\x05\x90\x0c\x0b\xb7\x19\x00\x00\x08N\xc3\x19\x00\x00\x7f\x0b\x10\x1a\x00\x00\x00\x0b\x05\x1a\x00\x00\x00\x01\xfa\x19\x00\x00\xfa.\x00\x00\x01\xef\x19\x00\x00\r/\x00\x00\x0b\xe4\x19\x00\x00\x00\x0b\xd9\x19\x00\x00\x00\x0b\xce\x19\x00\x00\x08\x1e\xf0\x03\x00\x00\x06\x1b\x1a\x00\x00\x16\x046\x00\x00>\x13\x00\x00J\x13\x00\x00\x05\xa9\n\x02\x116\x00\x00J\x13\x00\x00R\x13\x00\x00\x05\xaf\n\xeaZ\x00\x00\x0e,/\x00\x00\x00\x14j\x13\x00\x00\x01\x9e4\x00\x00\x00\x00\x003\xf8\x16\x00\x00\x05\xca\x11\xe1\x0c\x00\x00\x01][\x00\x00\x0cptr\x00\x05\xca\x11\xf6\n\x00\x00\x12u#\x00\x00\x05\xca\x11?\x08\x00\x00\x12g\x19\x00\x00\x05\xca\x11\xe1\x0c\x00\x00\x12?#\x00\x00\x05\xca\x11\xd0\x03\x00\x00\x05\x17#\x00\x00\x05\xcb\x11\xe1\x0c\x00\x00\nidx\x00\x05\xcc\x11?\x08\x00\x00\x05\xf0\t\x00\x00\x05\xcf\x11w\x00\x00\x00\x00\'O\x1e\x00\x00\x05\x0e\x12\x01\x83[\x00\x00\x0cptr\x00\x05\x0e\x12\xf6\n\x00\x00\x12\x19\x1e\x00\x00\x05\x0e\x12?\x08\x00\x00\x008"!\x00\x00\x01\x01\xa7[\x00\x00\x0cptr\x00\x05\x0e\x12\xf6\n\x00\x00\x12\x19\x1e\x00\x00\x05\x0e\x12?\x08\x00\x00\x00H\x83%\x00\x00\x05\x9f\x0cj\x13\x00\x006\x14\x00\x00@/\x00\x00\x01\n]\x00\x00%pdu\x00\x05\x9f\x0c\x14\x14\x00\x00o/\x00\x00\x07(\x1d\x00\x00\x05\xa0\x0c?\x08\x00\x00\x95/\x00\x00\x07p\x1d\x00\x00\x05\xa1\x0c\xe1\x0c\x00\x00\xdf/\x00\x00\rptr\x00\x05\xa2\x0c\xf6\n\x00\x00\xff/\x00\x00&\x0e7\x00\x00\x80\x13\x00\x00\x08\x04\x00\x00\x05\xa6\x0c5\\\x00\x00\x07\x17#\x00\x00\x05\x9f\x0c\x83\x0e\x00\x00Q0\x00\x00-\x8a\x13\x00\x00\x01\x045\x00\x00\x03\x01h\x01B\x00\x00\x02\xf7Z\x00\x00\xac\x13\x00\x00\xda\x13\x00\x00\x05\xb8\x0c\x7f\\\x00\x00\x13,[\x00\x00\x13 [\x00\x00\x13\x14[\x00\x00\x13\x08[\x00\x00\t\xac\x13\x00\x00\xda\x13\x00\x00\x048[\x00\x00e0\x00\x00\x06D[\x00\x00\x04P[\x00\x00\x8d0\x00\x00\x00\x00\x02][\x00\x00\xe2\x13\x00\x000\x14\x00\x00\x05\xbb\x0c\xe5\\\x00\x00_v[\x00\x00\x0cf\x93\x01g\x93\x01h\x93\x01i\x93\x01\x01j[\x00\x00\xaa0\x00\x00=\x83[\x00\x00\xf6\x13\x00\x000\x14\x00\x00\x01\x9a[\x00\x00\xd10\x00\x00\x01\x8e[\x00\x00\xef0\x00\x00\x15\n]\x00\x00\xf6\x13\x00\x00\xfc\x13\x00\x00\x05\x14\x12\x0e\x161\x00\x00\x00\x00\x00.r\x13\x00\x00\x084\x00\x00\xff\\\x00\x00\x03\x06h\x93\x01i\x93\x01\x03\xf3\x01h\x00\x14\xe2\x13\x00\x00\x01AZ\x00\x00\x00(\x80\r\x00\x00\x05/\x10\x01/x\x15\x00\x00\x05\xcc\x0b6\x14\x00\x00\xb8\x14\x00\x00\x03\x92 \x02\x01\xa8^\x00\x00%pdu\x00\x05\xcc\x0b\x14\x14\x00\x00*1\x00\x00\x05\xac\x04\x00\x00\x05\xcd\x0bw\x00\x00\x00\x1fo%\x00\x00\x05\xce\x0b\xf6\n\x00\x00\x05\x03"\x05\x80\x00\x07\xb8\x0f\x00\x00\x05\xcf\x0b?\x08\x00\x00p1\x00\x00\x81\x01\\%\x00\x00\x05\xd0\x0b\xd0\x03\x00\x00\x01\x02|;\x00\x006\x14\x00\x00@\x14\x00\x00\x05\xcd\x0b\xad]\x00\x00\x07\xfd\x03\x00\x00\x05\xcc\x0bw\x00\x00\x00\xb51\x00\x00\rpdu\x00\x05\xcc\x0b\x14\x14\x00\x00\xc91\x00\x00\x00\x02\xefU\x00\x00R\x14\x00\x00b\x14\x00\x00\x05\xe9\x0b\xe8]\x00\x00\rptr\x00\x05\xcc\x0bL\x1b\x00\x00\xe11\x00\x00\tR\x14\x00\x00b\x14\x00\x00\nmta\x00\x05U\n\xf2\x0e\x00\x00\x00\x00\x02\x90\x19\x00\x00b\x14\x00\x00v\x14\x00\x00\x05\xe9\x0b\x06^\x00\x00\x01\x9d\x19\x00\x00\xf81\x00\x00\x00M\xaa\x19\x00\x00v\x14\x00\x00 \x04\x00\x00\x05\xeb\x0b\x01\xb7\x19\x00\x00\x1a2\x00\x00\x01\xc3\x19\x00\x00.2\x00\x00\x01\x10\x1a\x00\x00C2\x00\x00\x01\x05\x1a\x00\x00C2\x00\x00\x01\xfa\x19\x00\x00C2\x00\x00\x01\xef\x19\x00\x00W2\x00\x00\x01\xe4\x19\x00\x00C2\x00\x00\x01\xd9\x19\x00\x00C2\x00\x00\x01\xce\x19\x00\x00C2\x00\x00\x1e \x04\x00\x00\x06\x1b\x1a\x00\x00\x16\x046\x00\x00v\x14\x00\x00~\x14\x00\x00\x05\xa9\n\x02\x116\x00\x00~\x14\x00\x00\x8a\x14\x00\x00\x05\xaf\n\x9b^\x00\x00\x0ev2\x00\x00\x00\x14\xa0\x14\x00\x00\x01\x9e4\x00\x00\x00\x00\x00/\xb5\x03\x00\x00\x05\xb4\x0b\xb8\x14\x00\x00\xe4\x14\x00\x00\x03\x92 \x02\x01j_\x00\x00%pdu\x00\x05\xb4\x0b\x14\x14\x00\x00\x8a2\x00\x00\x81\x01F\x07\x00\x00\x05\xb5\x0bw\x00\x00\x00\x00\x15\xaa\x19\x00\x00\xb8\x14\x00\x00\xe4\x14\x00\x00\x05\xc1\x0b\x0b\xb7\x19\x00\x00\x08N\xc3\x19\x00\x00\x7f\x0b\x10\x1a\x00\x00\n\x0b\x05\x1a\x00\x00\x00\x0b\xfa\x19\x00\x00\x00N\xef\x19\x00\x00\x7f\x0b\xe4\x19\x00\x00\x00\x0b\xd9\x19\x00\x00\x00\x0b\xce\x19\x00\x00\x00\t\xb8\x14\x00\x00\xe4\x14\x00\x00\x06\x1b\x1a\x00\x00\x16\x046\x00\x00\xb8\x14\x00\x00\xc4\x14\x00\x00\x05\xa9\n\x02\x116\x00\x00\xc4\x14\x00\x00\xcc\x14\x00\x00\x05\xaf\n]_\x00\x00\x0e\xb02\x00\x00\x00\x14\xe4\x14\x00\x00\x01\x9e4\x00\x00\x00\x00\x00/N\r\x00\x00\x05\x9c\x0b\xe4\x14\x00\x00\n\x15\x00\x00\x03\x92 \x02\x01g`\x00\x00%pdu\x00\x05\x9c\x0b\x14\x14\x00\x00\xc42\x00\x00\x15\xaa\x19\x00\x00\xe4\x14\x00\x00\n\x15\x00\x00\x05\x9f\x0b b7\x00\x05\x9c\x0bw\x00\x00\x00\x00 b6\x00\x05\x9c\x0bw\x00\x00\x00\x00 b5\x00\x05\x9c\x0bw\x00\x00\x00\x00 b4\x00\x05\x9c\x0bw\x00\x00\x00\x00 b3\x00\x05\x9c\x0bw\x00\x00\x00\x00 b2\x00\x05\x9c\x0bw\x00\x00\x00\x00 b1\x00\x05\x9c\x0bw\x00\x00\x00\x00cb0\x00\x05\x9c\x0bw\x00\x00\x00\x7f len\x00\x05\x9c\x0bw\x00\x00\x00\x06\t\xe4\x14\x00\x00\n\x15\x00\x00\x05\x8c\r\x00\x00\x05\xa9\n\x94\x07\x00\x00\x16\x046\x00\x00\xe4\x14\x00\x00\xf0\x14\x00\x00\x05\xa9\n\x02\x116\x00\x00\xf0\x14\x00\x00\xf8\x14\x00\x00\x05\xaf\nZ`\x00\x00\rlen\x00\x05\xa8\n*\x00\x00\x00\xea2\x00\x00\x00\x14\n\x15\x00\x00\x01\x9e4\x00\x00\x00\x00\x00/\x00#\x00\x00\x05h\x0b\n\x15\x00\x00J\x15\x00\x00\x03\x92 \x02\x01;a\x00\x00%pdu\x00\x05h\x0b\x14\x14\x00\x00\xfe2\x00\x00\x07\xb3\x0e\x00\x00\x05i\x0bw\x00\x00\x00$3\x00\x00\x07J\x19\x00\x00\x05j\x0bw\x00\x00\x00D3\x00\x00\x15\xaa\x19\x00\x00\x18\x15\x00\x00J\x15\x00\x00\x05\x8b\x0b\x0b\xb7\x19\x00\x00\x08N\xc3\x19\x00\x00\x7f\x0b\x10\x1a\x00\x00\x01\x0b\x05\x1a\x00\x00\x01\x0b\xfa\x19\x00\x00\x00\x0b\xef\x19\x00\x00@\x0b\xe4\x19\x00\x00@N\xd9\x19\x00\x00@\x0b\xce\x19\x00\x00\x15\t\x18\x15\x00\x00J\x15\x00\x00\x06\x1b\x1a\x00\x00\x16\x046\x00\x00\x18\x15\x00\x00 \x15\x00\x00\x05\xa9\n\x02\x116\x00\x00 \x15\x00\x00,\x15\x00\x00\x05\xaf\n.a\x00\x00\x0ee3\x00\x00\x00\x14J\x15\x00\x00\x01\x9e4\x00\x00\x00\x00\x00\x1b\x02O\x08\x00\x00\x17;a\x00\x00a\xa6\x08\x00\x00J\x15\x00\x00\x9c\x15\x00\x00y3\x00\x00`a\x00\x00\x01\xb1a\x00\x00:b\x08\x00\x00Aa\x00\x00\x01\xa83\x00\x00`M$\x00\x00\x05(\xf6/\x00\x00\xee3\x00\x00<\xb1a\x00\x00R\x15\x00\x00V\x15\x00\x00\x05)\xa0a\x00\x00\xa8\x01b\x08\x00\x00Aa\x00\x00\x01$4\x00\x00\x00?h\x15\x00\x00\x03\x06h\x93\x01i\x93\x01\x011\x00\x00Y\xc2\x08\x00\x00\x03,\xe3\x08\x00\x00\x03\xc5a\x00\x00\xdba\x00\x00+b\x08\x00\x00Aa\x00\x00\x01"\x19\x1e\x00\x00\x05\x0e+\x01\x00\x00\x00I\x1e\x1e\x00\x00\t7d\x1a\x00\x00\x01\xf7a\x00\x00"\x19\x1e\x00\x00\t7\x03b\x00\x00\x00\xa9\x01std\x00\x16\x00\x0fb\x00\x004C\'\x00\x00\x14\'+\x01\x00\x00\x00I%\x18\x00\x00\t/d\x1a\x00\x00\x016b\x00\x00"\x19\x1e\x00\x00\t/\x03b\x00\x006res\x00\t0d\x1a\x00\x00\x00I\xfb\x1e\x00\x00\t\'d\x1a\x00\x00\x01Rb\x00\x00"\x19\x1e\x00\x00\t\'\x03b\x00\x00\x00q\x08 \x00\x00\x9c\x15\x00\x00\xa8\x16\x00\x00<4\x00\x00lb\x00\x00\x01\x80d\x00\x00\x01\x16 \x00\x00\xd24\x00\x00\x016 \x00\x00\x155\x00\x00\x01A \x00\x00K5\x00\x00\x0b+ \x00\x00@_  \x00\x00\x06\x039\x08\x80\x00\x9f<M!\x00\x00\xb8\x15\x00\x00\xe4\x15\x00\x00\x08pUc\x00\x00\x01e!\x00\x00w5\x00\x00\x01p!\x00\x00\x8b5\x00\x00\x01[!\x00\x00\xa05\x00\x00))!\x00\x00\xca\x15\x00\x00\xe4\x15\x00\x00\x08,\x01A!\x00\x00\xc85\x00\x00\x017!\x00\x00\xdd5\x00\x00)\xdba\x00\x00\xca\x15\x00\x00\xd2\x15\x00\x00\x05S\x01\xeba\x00\x00\xf25\x00\x00)\x0fb\x00\x00\xca\x15\x00\x00\xd2\x15\x00\x00\t8\x01\x1fb\x00\x00\xf25\x00\x00\t\xca\x15\x00\x00\xd2\x15\x00\x00\x06*b\x00\x00)6b\x00\x00\xca\x15\x00\x00\xd2\x15\x00\x00\t0\x01Fb\x00\x00\xf25\x00\x00?\xd2\x15\x00\x00\x03\x06h\x93\x01i\x93\x01\x02\x08@\x00\x00\x00\x00\x00\x00\x00E\xb7a\x00\x00\xfa\x15\x00\x008\x04\x00\x00\x08p\xd6c\x00\x00\x01\xcfa\x00\x00\x076\x00\x00\x01\xc5a\x00\x00\x1f6\x00\x00h\xdba\x00\x00\x00\x16\x00\x00P\x04\x00\x00\x05\x0f\x01\xeba\x00\x0046\x00\x00h\x0fb\x00\x00\x00\x16\x00\x00P\x04\x00\x00\t8\x01\x1fb\x00\x0046\x00\x00\x1eP\x04\x00\x00\x06*b\x00\x00h6b\x00\x00\x00\x16\x00\x00P\x04\x00\x00\t0\x01Fb\x00\x00[6\x00\x00V\x0c\x16\x00\x00\x00\x00\x00\x00\x00<\x80d\x00\x00.\x16\x00\x00h\x16\x00\x00\x08q\x1ed\x00\x00\x0es6\x00\x00$)\xb5 \x00\x00.\x16\x00\x00h\x16\x00\x00\x08;\x13\xc3 \x00\x00\x01\xcd \x00\x00\x9b6\x00\x00?D\x16\x00\x00\x03\x06h\x93\x01i\x93\x01\x011\x00\x00\x00)\xce\x1f\x00\x00z\x16\x00\x00\x92\x16\x00\x00\x08s_\xf1\x1f\x00\x00\x02\x8c\x01\x01\xe6\x1f\x00\x00\xb36\x00\x00\x01\xdc\x1f\x00\x00\xcb6\x00\x00=\xfc\x1f\x00\x00z\x16\x00\x00\x92\x16\x00\x00\x04\xfd\x1f\x00\x00\xf06\x00\x00*\x86\x16\x00\x00Fa\x00\x00\x03\x06h\x93\x01i\x93\x01\x02\x80\x00\x03\x06f\x93\x01g\x93\x01\x02\x8c\x01\x00\x00\x00\x00Y\xab\x02\x00\x00\x03,\xff\x08\x00\x00\x03\x94d\x00\x00\xa8d\x00\x00+b\x08\x00\x00Aa\x00\x00\x016x\x00\x05 ?\x00\x00\x00\x00a\xd8\t\x00\x00\xa8\x16\x00\x00\x8c\x17\x00\x00\x147\x00\x00\xc2d\x00\x00\x01Ue\x00\x00:b\x08\x00\x00\xc9\x1f\x00\x00\x01\x907\x00\x00`x\x04\x00\x00\x08w*\x00\x00\x00\xd87\x00\x00\t\xce\x16\x00\x00>\x17\x00\x00\x19\xbb)\x00\x00\x08y?\x00\x00\x00<\x86d\x00\x00\xda\x16\x00\x00*\x17\x00\x00\x08y3e\x00\x00\x01\x94d\x00\x00\x0c8\x00\x00\t\xda\x16\x00\x00*\x17\x00\x00\x04\x9ed\x00\x00A8\x00\x00?\xe8\x16\x00\x00\x03\x06h\x93\x01i\x93\x01\x011\x00\x00\x00*6\x17\x00\x00Fa\x00\x00\x03\x06h\x93\x01i\x93\x01\x02\x80\x13\x03\x06f\x93\x01g\x93\x01\x02\x8c\x01\x00\x00\x008\x82\x0c\x00\x00\x01\x01\x9be\x00\x00\x0cdst\x00\x05T\x15d\x1a\x00\x00\x0csrc\x00\x05T\x15F\x1b\x00\x00\x0clen\x00\x05T\x15?\x08\x00\x00\npd\x00\x05U\x15\x94\x07\x00\x00\nps\x00\x05V\x15\xf6\n\x00\x00\x00\'\xb3\x08\x00\x00\x05T\x15\x01\x00f\x00\x00\x0cdst\x00\x05T\x15d\x1a\x00\x00\x0csrc\x00\x05T\x15F\x1b\x00\x00\x0clen\x00\x05T\x15?\x08\x00\x00\npd\x00\x05U\x15\x94\x07\x00\x00\nps\x00\x05V\x15\xf6\n\x00\x00\x1d\x13xe\x00\x00\x13le\x00\x00\x13`e\x00\x00\x1d\x06\x84e\x00\x00\x06\x8fe\x00\x00\x00\x00\x00>\x9be\x00\x00\x8c\x17\x00\x00\xb4\x17\x00\x00\x03\x92 \x02\x01\x93f\x00\x00\x01\xa8e\x00\x00Y8\x00\x00\x01\xb4e\x00\x00\x9d8\x00\x00\x01\xc0e\x00\x00\xd38\x00\x00\x04\xcce\x00\x00#9\x00\x00\x04\xd7e\x00\x00g9\x00\x00LUe\x00\x00\xa2\x17\x00\x00\xb2\x17\x00\x00\x8df\x00\x00_xe\x00\x00\x0cb\x93\x01c\x93\x01d\x93\x01e\x93\x01\x13le\x00\x00\x13`e\x00\x00\t\xa2\x17\x00\x00\xb2\x17\x00\x00\x04\x84e\x00\x00\x9d9\x00\x00\x04\x8fe\x00\x00\xe39\x00\x00\x00\x00V\x94\x17\x00\x00\x00\xaa\x01\x0c\x14\x00\x00\x01\xb4\x17\x00\x00\x96\x18\x00\x00\x18:\x00\x00\x01/h\x00\x00\x05\x8c\r\x00\x00\x05\xe8\n\x94\x07\x00\x00\x07u#\x00\x00\x05\xe9\nw\x00\x00\x00n:\x00\x00\rdst\x00\x05\xea\n\xf2\x0e\x00\x00\x81:\x00\x00\x16\x046\x00\x00\xbe\x17\x00\x00\xc6\x17\x00\x00\x05\xef\n\x02\x116\x00\x00\xe6\x17\x00\x00\xee\x17\x00\x00\x05\xfa\n\x0cg\x00\x00\rlen\x00\x05\xe7\n*\x00\x00\x00\xd7:\x00\x00\x00\x02/h\x00\x00\xf6\x17\x00\x00\xfe\x17\x00\x00\x05\xfe\nZg\x00\x00\rlen\x00\x05\xe7\n?\x08\x00\x00\xf1:\x00\x00\rsrc\x00\x05\xe7\n\xf2\x0e\x00\x00\x0f;\x00\x00\rdst\x00\x05\xe7\n\xf2\x0e\x00\x00*;\x00\x00\x18\xfe\x17\x00\x00\x9be\x00\x00\x00\x028h\x00\x00<\x18\x00\x00D\x18\x00\x00\x05\x0b\x0b\xa0g\x00\x00\x07\xae \x00\x00\x05\xe7\n\xd0\x03\x00\x00G;\x00\x00\x15\n]\x00\x00<\x18\x00\x00@\x18\x00\x00\x05\xe1\n\x07<\'\x00\x00\x05\xdf\n\xd0\x03\x00\x00[;\x00\x00\x00\x00\x02\x116\x00\x00P\x18\x00\x00\\\x18\x00\x00\x05\x02\x0b\xc5g\x00\x00\rlen\x00\x05\xe7\n*\x00\x00\x00o;\x00\x00\x00\x02/h\x00\x00\\\x18\x00\x00h\x18\x00\x00\x05\x04\x0b%h\x00\x00\rlen\x00\x05\xe7\n?\x08\x00\x00\x84;\x00\x00\rsrc\x00\x05\xe7\n\xf2\x0e\x00\x00\x99;\x00\x00\rdst\x00\x05\xe7\n\xf2\x0e\x00\x00\xb4;\x00\x00*h\x18\x00\x00\x9be\x00\x00\x03\x0cb\x93\x01c\x93\x01d\x93\x01e\x93\x01\x02\x08?\x00\x00\x184\x18\x00\x00\x9e4\x00\x00\x00(\xe3\x14\x00\x00\x05\xc9\x0f\x01(\xcf)\x00\x00\x05\xdf\n\x01\'\xca \x00\x00\x05\x12\x0b\x01gh\x00\x00\x0clen\x00\x05\x12\x0bw\x00\x00\x00\x05\x8c\r\x00\x00\x05\x13\x0b\x94\x07\x00\x00\x00\'\xb4 \x00\x00\x05\xe7\n\x01\x99h\x00\x00\x05\x8c\r\x00\x00\x05\xe8\n\x94\x07\x00\x00\x05u#\x00\x00\x05\xe9\nw\x00\x00\x00\ndst\x00\x05\xea\n\xf2\x0e\x00\x00\x00H\xc7\x17\x00\x00\x05m\x0c\x96\x18\x00\x00\xee\x18\x00\x00\xd1;\x00\x00\x01\rj\x00\x00%pdu\x00\x05m\x0c\x14\x14\x00\x00\xf3;\x00\x00\nlen\x00\x05n\x0cw\x00\x00\x00\x02|;\x00\x00\x98\x18\x00\x00\xa2\x18\x00\x00\x05n\x0c\x03i\x00\x00\x07\xfd\x03\x00\x00\x05m\x0cw\x00\x00\x00g<\x00\x00\rpdu\x00\x05m\x0c\x14\x14\x00\x00{<\x00\x00\x00\x02\x0e7\x00\x00\xb0\x18\x00\x00\xb2\x18\x00\x00\x05r\x0c(i\x00\x00\x07\x17#\x00\x00\x05m\x0c\x83\x0e\x00\x00\x93<\x00\x00\x00\x02|;\x00\x00\xc0\x18\x00\x00\xc2\x18\x00\x00\x05y\x0c]i\x00\x00\x07\xfd\x03\x00\x00\x05m\x0cw\x00\x00\x00\xa7<\x00\x00\rpdu\x00\x05m\x0c\x14\x14\x00\x00\xbb<\x00\x00\x00&Ah\x00\x00\xda\x18\x00\x00h\x04\x00\x00\x05{\x0c\xeci\x00\x00\x01Nh\x00\x00\xd3<\x00\x00\x1eh\x04\x00\x00\x06Zh\x00\x00\x028h\x00\x00\xde\x18\x00\x00\xe8\x18\x00\x00\x05&\x0b\xb4i\x00\x00\x0e\xf5<\x00\x00\x15\n]\x00\x00\xde\x18\x00\x00\xe4\x18\x00\x00\x05\xe1\n\x0e\t=\x00\x00\x00\x00\x15gh\x00\x00\xea\x18\x00\x00\xee\x18\x00\x00\x05\'\x0b\t\xea\x18\x00\x00\xee\x18\x00\x007th\x00\x00\x007\x80h\x00\x00\x00\x06\x8ch\x00\x00\x14\xee\x18\x00\x00\x01\x93f\x00\x00\x00\x00\x00\x00\x14\xb8\x18\x00\x00\x01\x045\x00\x00*\xca\x18\x00\x00\x084\x00\x00\x03\x06h\x93\x01i\x93\x01\x03\xf3\x01h\x00\x00/\xa6\x10\x00\x00\x05V\x0c\xee\x18\x00\x00\x1e\x19\x00\x00\x03\x92 \x02\x014k\x00\x00%pdu\x00\x05V\x0c\x14\x14\x00\x00\x1d=\x00\x00\nlen\x00\x05W\x0cw\x00\x00\x00\x02\x0e7\x00\x00\xfc\x18\x00\x00\x02\x19\x00\x00\x05[\x0cwj\x00\x00\x07\x17#\x00\x00\x05V\x0c\x83\x0e\x00\x00q=\x00\x00-\x02\x19\x00\x00\x01\x045\x00\x00\x03\x01h\x01B\x00\x00\x02|;\x00\x00\x02\x19\x00\x00\x0c\x19\x00\x00\x05W\x0c\xa4j\x00\x00\x05\xfd\x03\x00\x00\x05V\x0cw\x00\x00\x00\npdu\x00\x05V\x0c\x14\x14\x00\x00\x00\x15Ah\x00\x00\x0c\x19\x00\x00\x1e\x19\x00\x00\x05f\x0c\x01Nh\x00\x00\x85=\x00\x00\t\x0c\x19\x00\x00\x1e\x19\x00\x00\x06Zh\x00\x00\x028h\x00\x00\x10\x19\x00\x00\x1a\x19\x00\x00\x05&\x0b\xfbj\x00\x00\x0e\x9d=\x00\x00\x15\n]\x00\x00\x10\x19\x00\x00\x16\x19\x00\x00\x05\xe1\n\x0e\xb1=\x00\x00\x00\x00\x15gh\x00\x00\x1a\x19\x00\x00\x1e\x19\x00\x00\x05\'\x0b\t\x1a\x19\x00\x00\x1e\x19\x00\x007th\x00\x00\x007\x80h\x00\x00\x00\x06\x8ch\x00\x00\x14\x1e\x19\x00\x00\x01\x93f\x00\x00\x00\x00\x00\x00\x00H\xd8\x06\x00\x00\x05 \r\x1e\x19\x00\x00\xb6\x19\x00\x00\xc5=\x00\x00\x01\x89l\x00\x00%pdu\x00\x05 \r\x14\x14\x00\x005>\x00\x00\nlen\x00\x05!\rw\x00\x00\x00\x056\x08\x00\x00\x05"\rw\x00\x00\x00\x1f\xe3\x11\x00\x00\x05#\r?\x08\x00\x00\x0ch\x93\x01i\x93\x01j\x93\x01k\x93\x01\rsrc\x00\x05$\r\xf2\x0e\x00\x00[>\x00\x00\ndst\x00\x05%\r\xf2\x0e\x00\x00\x02|;\x00\x00,\x19\x00\x006\x19\x00\x00\x05!\r\xdfk\x00\x00\x07\xfd\x03\x00\x00\x05 \rw\x00\x00\x00\x9e>\x00\x00\rpdu\x00\x05 \r\x14\x14\x00\x00\xb2>\x00\x00\x00\x02\x0e7\x00\x00J\x19\x00\x00L\x19\x00\x00\x05+\r\x04l\x00\x00\x07\x17#\x00\x00\x05 \r\x83\x0e\x00\x00\xca>\x00\x00\x00\x02/h\x00\x00n\x19\x00\x00|\x19\x00\x00\x054\rZl\x00\x00\rlen\x00\x05 \r?\x08\x00\x00\xde>\x00\x00\rsrc\x00\x05 \r\xf2\x0e\x00\x00\xfc>\x00\x00\ndst\x00\x05 \r\xf2\x0e\x00\x00*|\x19\x00\x00\x9be\x00\x00\x03\x06f\x93\x01g\x93\x01\x02\x80\x08\x00\x00.:\x19\x00\x00\x084\x00\x00tl\x00\x00\x03\x06h\x93\x01i\x93\x01\x03\xf3\x01h\x00\x14^\x19\x00\x00\x01\x045\x00\x00\x14\xb6\x19\x00\x00\x01\x8c7\x00\x00\x008>\x0f\x00\x00\x01\x01\xc5l\x00\x00\x12\xe3\x11\x00\x00\x05\x8d\x10?\x08\x00\x00\x0clen\x00\x05\x8d\x10?\x08\x00\x00\next\x00\x05\x8d\x10w\x00\x00\x00\nsrc\x00\x05\x8e\x10\xf2\x0e\x00\x00\x00H\x95\x10\x00\x00\x05\xd6\x0c\xb6\x19\x00\x00>\x1a\x00\x00-?\x00\x00\x01\xd8m\x00\x00%pdu\x00\x05\xd6\x0c\x14\x14\x00\x00v?\x00\x00\nlen\x00\x05\xd7\x0cw\x00\x00\x00\xab\x01\xc6\x14\x00\x00\x05\xd8\x0c5\x00\x00\x00\xc2=\x02|;\x00\x00\xbe\x19\x00\x00\xc8\x19\x00\x00\x05\xd7\x0c>m\x00\x00\x07\xfd\x03\x00\x00\x05\xd6\x0cw\x00\x00\x00\xca?\x00\x00\rpdu\x00\x05\xd6\x0c\x14\x14\x00\x00\xde?\x00\x00\x00\x02\x0e7\x00\x00\xd6\x19\x00\x00\xd8\x19\x00\x00\x05\xdb\x0ccm\x00\x00\x07\x17#\x00\x00\x05\xd6\x0c\x83\x0e\x00\x00\xf6?\x00\x00\x00\x02\x89l\x00\x00\xfa\x19\x00\x002\x1a\x00\x00\x05\xf2\x0c\xc3m\x00\x00\x01\xa0l\x00\x00\n@\x00\x00\x01\x94l\x00\x00(@\x00\x00\t\xfa\x19\x00\x002\x1a\x00\x00\x06\xacl\x00\x00\x06\xb8l\x00\x00\x15/h\x00\x00\xfa\x19\x00\x00\n\x1a\x00\x00\x05\x92\x10\x0eR@\x00\x00$\x0ep@\x00\x00\x18\n\x1a\x00\x00\x9be\x00\x00\x00\x00\x00\x14\xe4\x19\x00\x00\x01\x045\x00\x00\x14>\x1a\x00\x00\x01\x8c7\x00\x00\x008)&\x00\x00\x01\x01\xfcm\x00\x00\x0cpdu\x00\x05\x12\r\x14\x14\x00\x00\nsrc\x00\x05\x13\r\xf2\x0e\x00\x00\x00\'\xbe\x12\x00\x00\x05\x12\r\x010n\x00\x00\x0cpdu\x00\x05\x12\r\x14\x14\x00\x00\nsrc\x00\x05\x13\r\xf2\x0e\x00\x00\x1d\x13\xe3m\x00\x00\x1d\x06\xefm\x00\x00\x00\x00\x00>\xfcm\x00\x00>\x1a\x00\x00\x9a\x1a\x00\x00\x03\x92 \x02\x01,o\x00\x00\x01\tn\x00\x00\x8b@\x00\x00\x06\x15n\x00\x00\x02\x0e7\x00\x00L\x1a\x00\x00T\x1a\x00\x00\x05\x17\r\x89n\x00\x00\x07\x17#\x00\x00\x05\x12\r\x83\x0e\x00\x00\xdf@\x00\x00-R\x1a\x00\x00\x01\x045\x00\x00\x03\x01h\x01B\x00\x00=\xd8m\x00\x00T\x1a\x00\x00\x9a\x1a\x00\x00\x01\xe3m\x00\x00\xf3@\x00\x00\tT\x1a\x00\x00\x9a\x1a\x00\x00\x06\xefm\x00\x00\x02\x89l\x00\x00\\\x1a\x00\x00\x96\x1a\x00\x00\x05\x18\r\x1fo\x00\x00\x01\xa0l\x00\x00\x19A\x00\x00\x01\x94l\x00\x00.A\x00\x00\t\\\x1a\x00\x00\x96\x1a\x00\x00\x06\xacl\x00\x00\x06\xb8l\x00\x00\x15/h\x00\x00\\\x1a\x00\x00p\x1a\x00\x00\x05\x92\x10\x0e\\A\x00\x00$\x0eqA\x00\x00*p\x1a\x00\x00\x9be\x00\x00\x03\x0cb\x93\x01c\x93\x01d\x93\x01e\x93\x01\x02\x08?\x00\x00\x00\x00\x14\x9a\x1a\x00\x00\x01\x8c7\x00\x00\x00\x00\x00/.\x1b\x00\x00\x05\x05\x15\x9a\x1a\x00\x00\xe2\x1a\x00\x00\x03\x92 \x02\x01\x8do\x00\x00\ridx\x00\x05\x06\x15w\x00\x00\x00\x8cA\x00\x00\x15(\x1a\x00\x00\xa4\x1a\x00\x00\xe0\x1a\x00\x00\x05\x0b\x15\x01A\x1a\x00\x00\xd0A\x00\x00\x01M\x1a\x00\x00\xe4A\x00\x00\x135\x1a\x00\x00\t\xa4\x1a\x00\x00\xe0\x1a\x00\x00\x06Y\x1a\x00\x00\x00\x00\x00(e\x14\x00\x00\x05[\x13\x01/\x82\x03\x00\x00\x05\x94\x0b\xe2\x1a\x00\x00\x08\x1b\x00\x00\x03\x92 \x02\x017p\x00\x00%pdu\x00\x05\x94\x0b\x14\x14\x00\x00\xacB\x00\x00\x02\x0e7\x00\x00\xee\x1a\x00\x00\xf4\x1a\x00\x00\x05\x97\x0b\xf4o\x00\x00\x07\x17#\x00\x00\x05\x94\x0b\x83\x0e\x00\x00\xd2B\x00\x00-\xf4\x1a\x00\x00\x01\x045\x00\x00\x03\x01h\x01B\x00\x00\x027p\x00\x00\xf8\x1a\x00\x00\x08\x1b\x00\x00\x05\x99\x0b-p\x00\x00\x15\x8do\x00\x00\xf8\x1a\x00\x00\x08\x1b\x00\x00\x05>\n\x18\x04\x1b\x00\x00\xe42\x00\x00\x14\x08\x1b\x00\x00\x01,o\x00\x00\x00\x00\x18\xf8\x1a\x00\x00\x8c7\x00\x00\x00(i)\x00\x00\x05:\n\x01,\xc3\x01\x00\x00\x03Np\x00\x00Yp\x00\x00+b\x08\x00\x00\xaa \x00\x00\x01\x00S\xe6\x15\x00\x00\tZ\x01qp\x00\x005ptr\x00\tZd\x1a\x00\x00\x00Su \x00\x00\tW\x01\x89p\x00\x005ptr\x00\tWd\x1a\x00\x00\x00b\xcd\x02\x00\x00\x08\x1b\x00\x00 \x1b\x00\x00\x03\x92 \x02\xa3p\x00\x00\x01\x00q\x00\x00:b\x08\x00\x003\x03\x00\x00\x01\xe6B\x00\x00)@p\x00\x00\x12\x1b\x00\x00\x1e\x1b\x00\x00\x08/\x13Np\x00\x00)Yp\x00\x00\x1a\x1b\x00\x00\x1e\x1b\x00\x00\x05[\x01ep\x00\x00,C\x00\x00)qp\x00\x00\x1a\x1b\x00\x00\x1e\x1b\x00\x00\t[\x01}p\x00\x00,C\x00\x00\xac\x01\x1e\x1b\x00\x00\x01\x00\x00\x00\x00a\xe4\x02\x00\x00 \x1b\x00\x004\x1b\x00\x00DC\x00\x00\x1aq\x00\x00\x01jq\x00\x00:b\x08\x00\x003\x03\x00\x00\x01sC\x00\x00Eqp\x00\x00*\x1b\x00\x00\x80\x04\x00\x00\x080Xq\x00\x00\x01}p\x00\x00\xb9C\x00\x00d4\x1b\x00\x00\x01\x03\x06h\x93\x01i\x93\x01\x03\xf3\x01h\x00\x00?*\x1b\x00\x00\x03\x06h\x93\x01i\x93\x01\x02\x8c\x00\x00\x00\x82\x01\x9f\x03\x00\x00\x08R4\x1b\x00\x00B\x1b\x00\x00\x03\x92 \x02\x87q\x00\x00\x01\xadq\x00\x00:b\x08\x00\x00\x82!\x00\x00\x01\xefC\x00\x00-B\x1b\x00\x00\x01\x89p\x00\x00\x03\x06h\x93\x01i\x93\x01\x03\xf3\x01h\x00\x00i\xb5\x03\x00\x00\x08RB\x1b\x00\x00V\x1b\x00\x00\x15D\x00\x00\xc9q\x00\x00\x01\x19r\x00\x00:b\x08\x00\x00\x82!\x00\x00\x01DD\x00\x00Eqp\x00\x00L\x1b\x00\x00\x98\x04\x00\x00\x08R\x07r\x00\x00\x01}p\x00\x00\x8aD\x00\x00dV\x1b\x00\x00\x01\x03\x06h\x93\x01i\x93\x01\x03\xf3\x01h\x00\x00?L\x1b\x00\x00\x03\x06h\x93\x01i\x93\x01\x02\x8c\x00\x00\x00,\x1b\t\x00\x00\x03\'r\x00\x002r\x00\x00+b\x08\x00\x00Aa\x00\x00\x01\x00i\xfc\t\x00\x00\x08lV\x1b\x00\x00z\x1b\x00\x00\xc0D\x00\x00Nr\x00\x00\x01\xc8r\x00\x00:b\x08\x00\x00\xc9\x1f\x00\x00\x01\xefD\x00\x00<\x19r\x00\x00d\x1b\x00\x00p\x1b\x00\x00\x08l\xb0r\x00\x00\x01\'r\x00\x005E\x00\x00)Yp\x00\x00l\x1b\x00\x00p\x1b\x00\x00\x05\x19\x01ep\x00\x00JE\x00\x00)qp\x00\x00l\x1b\x00\x00p\x1b\x00\x00\t[\x01}p\x00\x00JE\x00\x00Vp\x1b\x00\x00\x00\x00\x00-z\x1b\x00\x00\x01\x89p\x00\x00\x03\x06h\x93\x01i\x93\x01\x03\xf3\x01h\x00\x00i\x12\n\x00\x00\x08lz\x1b\x00\x00\x8e\x1b\x00\x00bE\x00\x00\xe4r\x00\x00\x014s\x00\x00:b\x08\x00\x00\xc9\x1f\x00\x00\x01\x91E\x00\x00Eqp\x00\x00\x84\x1b\x00\x00\xb0\x04\x00\x00\x08l"s\x00\x00\x01}p\x00\x00\xd7E\x00\x00d\x8e\x1b\x00\x00\x01\x03\x06h\x93\x01i\x93\x01\x03\xf3\x01h\x00\x00?\x84\x1b\x00\x00\x03\x06h\x93\x01i\x93\x01\x02\x8c\x00\x00\x00\x82\x01f\x04\x00\x00\x08\x92\x8e\x1b\x00\x00\x9c\x1b\x00\x00\x03\x92 \x02Qs\x00\x00\x01ws\x00\x00:b\x08\x00\x00\xdf \x00\x00\x01\rF\x00\x00-\x9c\x1b\x00\x00\x01\x89p\x00\x00\x03\x06h\x93\x01i\x93\x01\x03\xf3\x01h\x00\x00i|\x04\x00\x00\x08\x92\x9c\x1b\x00\x00\xb0\x1b\x00\x003F\x00\x00\x93s\x00\x00\x01\xe3s\x00\x00:b\x08\x00\x00\xdf \x00\x00\x01bF\x00\x00Eqp\x00\x00\xa6\x1b\x00\x00\xc8\x04\x00\x00\x08\x92\xd1s\x00\x00\x01}p\x00\x00\xa8F\x00\x00d\xb0\x1b\x00\x00\x01\x03\x06h\x93\x01i\x93\x01\x03\xf3\x01h\x00\x00?\xa6\x1b\x00\x00\x03\x06h\x93\x01i\x93\x01\x02\x8c\x00\x00\x00~\x9b\x04\x00\x00\xb0\x1b\x00\x00 \x1c\x00\x00\xdeF\x00\x00\xfds\x00\x00\x01 t\x00\x00:b\x08\x00\x00\xdf \x00\x00\x01AG\x00\x00`x\x04\x00\x00\x08\x9e*\x00\x00\x00wG\x00\x00V\xce\x1b\x00\x00\x00e\xdc \x00\x00\x01\x01e\xf9\x15\x00\x00\x01\x01\xad\x01\x01\xfb\x0f\x00\x00\x04- \x1c\x00\x00\xb4\x1c\x00\x00\x9dG\x00\x00\x01ct\x00\x00mm\x00\x042(\x05\x00\x00\x1aH\x00\x00mf\x00\x043\x8c\x00\x00\x00\x8dH\x00\x00\x00;\xc5\x0f\x00\x00\x08\xac\x01;\xfe\n\x00\x00\n\x1c\x01;J\x16\x00\x00\x04\xf1\x01(E\x17\x00\x00\x01\xa8\x02\x03(\xda%\x00\x00\x05\xfe\t\x01(\xf3\x13\x00\x00\x05\xd2\x16\x01(\x95\x03\x00\x00\x05\x06\x12\x01(\x15\x0e\x00\x00\x051\x16\x01;\xd4\x1d\x00\x00\x08\xb7\x01((\x0e\x00\x00\x05B\n\x01\'E \x00\x00\x05:\x16\x01\xd3t\x00\x00\x05\xd4\x07\x00\x00\x05;\x16w\x00\x00\x00\x00\'\x9a\x1b\x00\x00\x05Z\x16\x01\xedt\x00\x00\x12\xd4\x07\x00\x00\x05Z\x16w\x00\x00\x00\x00(u\x0b\x00\x00\x05\xda\x15\x01(\xbb\x11\x00\x00\x05\xee\x15\x01(\x19\x17\x00\x00\x05M\x10\x01(L\t\x00\x00\x05\xe3\x15\x01(3\t\x00\x00\x05 \x12\x01e~\x04\x00\x00\x01\x013\\\x1d\x00\x00\x05\x17\x15\xd0\x03\x00\x00\x01Ku\x00\x00\x0clen\x00\x05\x17\x15*\x00\x00\x00\x12\xf0\t\x00\x00\x05\x17\x15\xf6\n\x00\x00\x00G\xcd\x1a\x00\x00\x05\x0f\x15\xd0\x03\x00\x00\x01Q\xb0\x13\x00\x00\xd0\x03\x00\x00\x01\x01\x80u\x00\x00\x0clen\x00\x05\x17\x15*\x00\x00\x00\x12\xf0\t\x00\x00\x05\x17\x15\xf6\n\x00\x00\x00\'\xa8(\x00\x00\x05\x9b\x14\x01\xa6u\x00\x00\nlen\x00\x05\x9c\x14*\x00\x00\x00\x05\x8c\r\x00\x00\x05\x9d\x14\x94\x07\x00\x00\x00G\xcc\x1b\x00\x00\x05\x13\x15\xd0\x03\x00\x00\x01\'9\x17\x00\x00\x05z\n\x01\xcdu\x00\x00\nlen\x00\x05|\n5\x00\x00\x00\x003\xc0\x07\x00\x00\x05%\x15\xd0\x03\x00\x00\x01\x03v\x00\x00\x0clen\x00\x05%\x15\x03v\x00\x00\x12\xf0\t\x00\x00\x05%\x15\x94\x07\x00\x00\x05\xe2\x03\x00\x00\x05&\x15*\x00\x00\x00\x00\x1b\x02*\x00\x00\x00Q\x7f\x07\x00\x00\xd0\x03\x00\x00\x01\x01=v\x00\x00\x0clen\x00\x05%\x15\x03v\x00\x00\x12\xf0\t\x00\x00\x05%\x15\x94\x07\x00\x00\x05\xe2\x03\x00\x00\x05&\x15*\x00\x00\x00\x00\xae\x01\x01x%\x00\x00\n!\x0e\x03\x00\x00\x01\x8c#\x00\x00\x8e-\x00\x00\xddH\x00\x00\x01^\x81\x00\x00Tst\x00\x00\xa2#\x00\x00j$\x00\x00\n#<\xe1\x1b\x00\x00j$\x00\x00\xc6$\x00\x00\n(\x9ev\x00\x00\x13\xef\x1b\x00\x00\x15{t\x00\x00v$\x00\x00\xb2$\x00\x00\x01>\x03\x18\x9c$\x00\x00u%\x00\x00\x00\x00<ct\x00\x00\xc6$\x00\x00\x06&\x00\x00\n+\xccx\x00\x00<\x84t\x00\x00\xc6$\x00\x00\xf2%\x00\x00\x08\xad\xc2x\x00\x00\x02\x8dt\x00\x00\xc6$\x00\x00\x08%\x00\x00\x05\x01\n\xd0w\x00\x00\x02\xfa\x1b\x00\x00\xca$\x00\x00\x08%\x00\x00\x05\xd4\x16\xc6w\x00\x00\x0b\x06\x1c\x00\x00\r\x0b\x11\x1c\x00\x00\x01\t\xca$\x00\x00\x08%\x00\x00\x04\x1c\x1c\x00\x00%I\x00\x00\x04\'\x1c\x00\x008I\x00\x00\x042\x1c\x00\x00KI\x00\x00\x06=\x1c\x00\x00L\xcf\x1c\x00\x00\xca$\x00\x00\xd0$\x00\x00Ew\x00\x00\x04\xd0\x1c\x00\x00cI\x00\x00\x04\xdb\x1c\x00\x00%I\x00\x00\x00L\xb3\x1c\x00\x00\xd0$\x00\x00\xd6$\x00\x00iw\x00\x00\x04\xb8\x1c\x00\x00{I\x00\x00\x04\xc3\x1c\x00\x008I\x00\x00\x00L\x97\x1c\x00\x00\xda$\x00\x00\xea$\x00\x00\x8dw\x00\x00\x04\x9c\x1c\x00\x00\x93I\x00\x00\x04\xa7\x1c\x00\x00KI\x00\x00\x00L{\x1c\x00\x00\xea$\x00\x00\xf4$\x00\x00\xadw\x00\x00\x04\x80\x1c\x00\x00\xabI\x00\x00\x06\x8b\x1c\x00\x00\x00=H\x1c\x00\x00\xf4$\x00\x00\x08%\x00\x00\x04M\x1c\x00\x00\xc3I\x00\x00\x00\x00\x00\x18\xca$\x00\x00\xad%\x00\x00\x00\x02(\x1a\x00\x00\x08%\x00\x00\x12%\x00\x00\x05\x02\n\xf7w\x00\x00$$$\t\x08%\x00\x00\x12%\x00\x00\x0e\xd6I\x00\x00\x00\x00\x02\x8do\x00\x00\x1e%\x00\x00.%\x00\x00\x05\x10\n\x1ex\x00\x00\x18*%\x00\x00\xe42\x00\x00\x18.%\x00\x00,o\x00\x00\x00\x020M\x00\x00:%\x00\x00F%\x00\x00\x05\x12\nMx\x00\x00\x0e\x0bJ\x00\x00\x0e\x0bJ\x00\x00\x0e\x0bJ\x00\x00\t:%\x00\x00F%\x00\x00$\x00\x00\x02\x9ft\x00\x00\x86%\x00\x00\xbe%\x00\x00\x05 \n\xb1x\x00\x00\x02\xf9\x1c\x00\x00\x86%\x00\x00\x92%\x00\x00\x052\x16\x84x\x00\x00\x13\x07\x1d\x00\x00\x01\x11\x1d\x00\x00\x1fJ\x00\x00\x00\x02\x17\x1d\x00\x00\x96%\x00\x00\xbe%\x00\x00\x054\x16\xa7x\x00\x00\x01$\x1d\x00\x007J\x00\x00\x130\x1d\x00\x00\x00\x18\x96%\x00\x00\xed%\x00\x00\x00\x16\x96t\x00\x00\xbe%\x00\x00\xf2%\x00\x00\x05#\n\x00\x18\xf6%\x00\x00\xad%\x00\x00\x00E\xa8t\x00\x00\x06&\x00\x00\xe0\x04\x00\x00\n.X\x81\x00\x00E\x90\x1d\x00\x00\x06&\x00\x00\x08\x05\x00\x00\x08\xc2;}\x00\x00\x01\x9d\x1d\x00\x00LJ\x00\x00\x1e\x08\x05\x00\x00\x04\xa9\x1d\x00\x00lJ\x00\x00\x04\xb5\x1d\x00\x00\x80J\x00\x00\x04\xc1\x1d\x00\x00\x9fJ\x00\x00P\xcd\x1d\x00\x00\x03\x8c\xc5\x00\x04\xd9\x1d\x00\x00\xc9J\x00\x00\x04\xe5\x1d\x00\x00\xf3J\x00\x00\x04\xf1\x1d\x00\x00\xf3J\x00\x00\x04\xfd\x1d\x00\x00\x07K\x00\x00\x04\t\x1e\x00\x00\x1bK\x00\x00P\x15\x1e\x00\x00\x02\x8c\x01\x04!\x1e\x00\x00\x7fK\x00\x00P-\x1e\x00\x00\x03\x8c\xc1\x00\x049\x1e\x00\x00\x93K\x00\x00&!u\x00\x00\x0c&\x00\x008\x05\x00\x00\x05e\x14\xd8y\x00\x00\x13>u\x00\x00\x012u\x00\x00\xc9K\x00\x00{Ku\x00\x00\x0c&\x00\x00X\x05\x00\x00\x05\x18\x15=Xu\x00\x00n,\x00\x00\xa6,\x00\x00\x13su\x00\x00\x01gu\x00\x00\xf1K\x00\x00*\xa0,\x00\x00\x9be\x00\x00\x03\x06f\x93\x01g\x93\x01\x02\x80\x00\x00\x00\x00\x02\x94X\x00\x000(\x00\x004(\x00\x00\x056\x14\xf6y\x00\x00\x184(\x00\x00(%\x00\x00\x00\x02\x111\x00\x00d(\x00\x00\x8a(\x00\x00\x05G\x14\'z\x00\x00\x01"1\x00\x00\tL\x00\x00\td(\x00\x00\x8a(\x00\x00\x04.1\x00\x00\x1cL\x00\x00\x00\x00&\x9eG\x00\x00\x8c(\x00\x00p\x05\x00\x00\x05P\x14\x83z\x00\x00\x01\xbbG\x00\x00<L\x00\x00\x13\xafG\x00\x00\x1ep\x05\x00\x00\x04\xc7G\x00\x00OL\x00\x00\x04\xd2G\x00\x00cL\x00\x00M\x111\x00\x00\x8c(\x00\x00\x88\x05\x00\x00\x05\xac\x14\x13"1\x00\x00\x1e\x88\x05\x00\x00\x06.1\x00\x00\x00\x00\x00\x00\x02^\x81\x00\x00\xd6(\x00\x00\xec(\x00\x00\x05V\x14\xd0z\x00\x00\x0e\x92L\x00\x00$$*\xec(\x00\x00\x9be\x00\x00\x03\x06h\x93\x01i\x93\x01\x02\x80\x01\x03\x06f\x93\x01g\x93\x01\x03\x80\xc0\x00\x03\x0cb\x93\x01c\x93\x01d\x93\x01e\x93\x01\x014\x00\x00\x02PG\x00\x00\x1c)\x00\x00D)\x00\x00\x05[\x14x{\x00\x00\x01yG\x00\x00\xa6L\x00\x00\x01mG\x00\x00\xb9L\x00\x00\x13aG\x00\x00\t\x1c)\x00\x00D)\x00\x00\x04\x85G\x00\x00\xccL\x00\x00\x04\x91G\x00\x00\xe0L\x00\x00\x15\x9eG\x00\x00\x1c)\x00\x006)\x00\x00\x05~\x13\x01\xbbG\x00\x009M\x00\x00\x13\xafG\x00\x00\t\x1c)\x00\x006)\x00\x00\x04\xc7G\x00\x00\xccL\x00\x00\x04\xd2G\x00\x00\xccL\x00\x00\x15\x111\x00\x00\x1c)\x00\x004)\x00\x00\x05\xac\x14\x13"1\x00\x00\t\x1c)\x00\x004)\x00\x00\x06.1\x00\x00\x00\x00\x00\x00\x00\x00\x02^\x81\x00\x00\x1c,\x00\x00*,\x00\x00\x05a\x14\xac{\x00\x00\x0eLM\x00\x00$$**,\x00\x00\x9be\x00\x00\x03\x06h\x93\x01i\x93\x01\x05\x80\x00z\x00"\x00\x00\x02\x80u\x00\x00\xa6,\x00\x00~-\x00\x00\x05h\x14\x14}\x00\x00\t\xa6,\x00\x00~-\x00\x00\x04\x8du\x00\x00jM\x00\x00\x06\x99u\x00\x00\x16g\x81\x00\x00\xa6,\x00\x00\xb6,\x00\x00\x05\x9d\x14&\xcdu\x00\x00\xb6,\x00\x00\xa0\x05\x00\x00\x05\x9f\x14s|\x00\x00\x01\xeau\x00\x00\x82M\x00\x00\x01\xdeu\x00\x00\x9aM\x00\x00\x1e\xa0\x05\x00\x00\x06\xf6u\x00\x00F\tv\x00\x00\xa0\x05\x00\x00\x01$v\x00\x00\x82M\x00\x00\x01\x18v\x00\x00\x9aM\x00\x00\x1e\xa0\x05\x00\x00\x040v\x00\x00\xb2M\x00\x00*\x02-\x00\x00\x9be\x00\x00\x03\x06h\x93\x01i\x93\x01\x02v\x00\x03\x06f\x93\x01g\x93\x01\x11x\x00\x08\xff\x1at\x00\x08\xff\x1a\x1e\x03\x96\x05\x80\x00"\x00\x00\x00\x00\x00\x16\xa6u\x00\x00\xba,\x00\x00\xbe,\x00\x00\x05\x9e\x14\x02t\x81\x00\x00\x10-\x00\x00\x18-\x00\x00\x05\xa0\x14\x9d|\x00\x00\x0e\xcaM\x00\x00\x00\x15\xb3u\x00\x00\x18-\x00\x00~-\x00\x00\x05\xa1\x14\t\x18-\x00\x00~-\x00\x00\x04\xc0u\x00\x00\xe2M\x00\x00\x15x4\x00\x00r-\x00\x00~-\x00\x00\x05\x93\n\x01\x914\x00\x00\xfaM\x00\x00\x01\x854\x00\x00,N\x00\x00*|-\x00\x00\xf3)\x00\x00\x03\x06h\x93\x01i\x93\x01\x05\x03\x92\x07\x80\x00\x03\x06f\x93\x01g\x93\x01\x02|\x00\x03\x06d\x93\x01e\x93\x01\x02z\x04\x00\x00\x00\x00\x00\x00.^(\x00\x00@1\x00\x004}\x00\x00\x03\x01h\x02|\x00\x03\x06f\x93\x01g\x93\x01\x03\x80\xc4\x00\x00Vv)\x00\x00\x00\x00<\x83\x81\x00\x00\xf4\'\x00\x00\x04(\x00\x00\x08\xc1P}\x00\x00$\x00E\xb9t\x00\x00\x12&\x00\x00\xb8\x05\x00\x00\x08\xb8A\x7f\x00\x00\x1e\xb8\x05\x00\x00\x04\xc6t\x00\x00TN\x00\x00&\xd3t\x00\x00,&\x00\x00\xd0\x05\x00\x00\x05@\x16\xb6~\x00\x00\x01\xe0t\x00\x00\x97N\x00\x00\x02\xedt\x00\x00V&\x00\x00p&\x00\x00\x05a\x16\xbd}\x00\x00\x15\x89\x81\x00\x00V&\x00\x00Z&\x00\x00\x05\xdb\x15\x18Z&\x00\x00\xad%\x00\x00\x00\x00\x02\xf6t\x00\x00\xaa)\x00\x00\xc0)\x00\x00\x05g\x16\xec}\x00\x00\x15\x89\x81\x00\x00\xaa)\x00\x00\xae)\x00\x00\x05\xef\x15\x18\xae)\x00\x00\xad%\x00\x00\x00\x00\x02\xf6t\x00\x00\xdc)\x00\x00\xf0)\x00\x00\x05m\x16\x1b~\x00\x00\x15\x89\x81\x00\x00\xdc)\x00\x00\xe0)\x00\x00\x05\xef\x15\x18\xe0)\x00\x00\xad%\x00\x00\x00\x00\x16\x96\x81\x00\x00\x0c*\x00\x00\x10*\x00\x00\x05q\x16\x02=\x1d\x00\x00,*\x00\x00\xe8*\x00\x00\x05t\x16\xac~\x00\x00\x13J\x1d\x00\x00\t,*\x00\x00\xe8*\x00\x00\x04V\x1d\x00\x00\xceN\x00\x00\x02\xfft\x00\x00@*\x00\x00n*\x00\x00\x059\x0bz~\x00\x00*l*\x00\x00\x045\x00\x00\x03\x01h\x01@\x00\x00j\xb0*\x00\x00\x92~\x00\x00\x03\x06h\x93\x01i\x93\x01\x05\x03\x12\x01\x80\x00\x00*\xe6*\x00\x00g`\x00\x00\x03\x06h\x93\x01i\x93\x01\x05\x03\x12\x01\x80\x00\x00\x00\x00\x18\x0c*\x00\x00\xed%\x00\x00\x00\x02\x08u\x00\x00\x94&\x00\x00\xd0&\x00\x00\x05D\x16\xe5~\x00\x00\x15\x89\x81\x00\x00\x9c&\x00\x00\xa0&\x00\x00\x05\xe7\x15\x18\xa0&\x00\x00\xad%\x00\x00\x00\x00.\x1a&\x00\x00o.\x00\x00\x01\x7f\x00\x00\x03\x06h\x93\x01i\x93\x01\x05\x03\x92\x07\x80\x00\x00.$&\x00\x00\xdc"\x00\x00\x14\x7f\x00\x00\x03\x01h\x011\x00.,&\x00\x006-\x00\x000\x7f\x00\x00\x03\x06h\x93\x01i\x93\x01\x05\x03\x92\x07\x80\x00\x00*\x94&\x00\x00\xdc"\x00\x00\x03\x01h\x010\x00\x00\x00E\xb0t\x00\x00\xd0&\x00\x00\xf0\x05\x00\x00\x08\xb9-\x81\x00\x00\x02gh\x00\x00\xd0&\x00\x00\xda&\x00\x00\x05E\n\x93\x7f\x00\x00\t\xd0&\x00\x00\xda&\x00\x00\x04th\x00\x00\xf7N\x00\x00\x04\x80h\x00\x00\xf7N\x00\x00\x06\x8ch\x00\x00\x18\xda&\x00\x00\x93f\x00\x00\x00\x00&\x11u\x00\x00\xda&\x00\x00\x08\x06\x00\x00\x05J\n\xe5\x80\x00\x00\x02\xf7Z\x00\x00\x08\'\x00\x004\'\x00\x00\x05$\x12\x05\x80\x00\x00\x01,[\x00\x00\x17O\x00\x00\x01 [\x00\x00+O\x00\x00\x01\x14[\x00\x00?O\x00\x00\x01\x08[\x00\x00TO\x00\x00\t\x08\'\x00\x004\'\x00\x00\x048[\x00\x00lO\x00\x00\x04D[\x00\x00\xa1O\x00\x00\x04P[\x00\x00\xb5O\x00\x00\x00\x00\x02\xf7Z\x00\x00\x0c+\x00\x008+\x00\x00\x05+\x12c\x80\x00\x00\x01,[\x00\x00\xdeO\x00\x00\x01 [\x00\x00\xf2O\x00\x00\x01\x14[\x00\x00\x19P\x00\x00\x01\x08[\x00\x00.P\x00\x00\t\x0c+\x00\x008+\x00\x00\x048[\x00\x00FP\x00\x00\x04D[\x00\x00nP\x00\x00\x04P[\x00\x00\x82P\x00\x00\x00\x00\x02\xf7Z\x00\x00\xc6+\x00\x00\xfa+\x00\x00\x058\x12\xc1\x80\x00\x00\x01,[\x00\x00\xabP\x00\x00\x01 [\x00\x00\xbfP\x00\x00\x01\x14[\x00\x00\xe6P\x00\x00\x01\x08[\x00\x00\x04Q\x00\x00\t\xc6+\x00\x00\xfa+\x00\x00\x048[\x00\x00\x1cQ\x00\x00\x04D[\x00\x00DQ\x00\x00\x04P[\x00\x00nQ\x00\x00\x00\x00\x02\n]\x00\x00\x02,\x00\x00\x06,\x00\x00\x05<\x12\xdb\x80\x00\x00\x0e\x97Q\x00\x00\x00\x18\n,\x00\x00AZ\x00\x00\x00\x15\x9f\x81\x00\x00\x88\'\x00\x00\x90\'\x00\x00\x05M\n\x0e\xabQ\x00\x00\x15y\x1d\x00\x00\x88\'\x00\x00\x90\'\x00\x00\x05\xfd\x16\x01\x85\x1d\x00\x00\xc7Q\x00\x00=c\x1d\x00\x00\x88\'\x00\x00\x90\'\x00\x00\x01n\x1d\x00\x00\xddQ\x00\x00\x00\x00\x00\x00\x18\x94\'\x00\x00\xad%\x00\x00\x18\xbc\'\x00\x00\xad%\x00\x00*\xd4\'\x00\x0070\x00\x00\x03\x06h\x93\x01i\x93\x01\x05\x039\x08\x80\x00\x00\x00V\x8c-\x00\x00\x00(/\x11\x00\x00\x05q\x14\x01G\xb5\r\x00\x00\x05\x96\n\x94\x07\x00\x00\x01(\x08%\x00\x00\x05\x9a\n\x01\x1b\x02\xdd\x04\x00\x00Y\xbf\x04\x00\x00\x03G\xf7\x08\x00\x00\x05\xe4\x16?\x08\x00\x00\x01(\xaf\x1d\x00\x00\x05\xdf\x15\x01(\x05!\x00\x00\x05\xfc\x16\x01\x83\x01\x01\xfb\x0e\x00\x00\x01\xf5\x02\xb4\x1c\x00\x00\x92\x1d\x00\x00\xf3Q\x00\x00\x01m\x82\x00\x00\x07\xac\x07\x00\x00\x01\xf7\x02\x17\x01\x00\x00<R\x00\x00\x02m\x82\x00\x00\xd4\x1c\x00\x00\xe8\x1c\x00\x00\x01\xfd\x02\x18\x82\x00\x00\x07\x19\x1e\x00\x00\x01\xf5\x02\x17\x01\x00\x00ZR\x00\x00\x07\xec\x04\x00\x00\x01\xf5\x02\x17\x01\x00\x00oR\x00\x00\x07\x8f\x10\x00\x00\x01\xf5\x02\x17\x01\x00\x00oR\x00\x00\x00\x15\xbd\x1b\x00\x00\xf6\x1c\x00\x00\n\x1d\x00\x00\x01\x05\x03\x01\xca\x1b\x00\x00\x83R\x00\x00\x02\x9e"\x00\x00\xf6\x1c\x00\x00\xfc\x1c\x00\x00\x01\x99\x02K\x82\x00\x00\x0e\x97R\x00\x00\x00\x16\xb2"\x00\x00\xfc\x1c\x00\x00\x00\x1d\x00\x00\x01\x9a\x02\x16\xff+\x00\x00\x04\x1d\x00\x00\n\x1d\x00\x00\x01\x9b\x02\x00\x00(\xf5\t\x00\x00\x01d\x01\x01;\xda"\x00\x00\x01\\\x033\x9d\x04\x00\x00\x01\x01\x02\xd0\x03\x00\x00\x01\xf6\x82\x00\x00\x12\xc5\x0f\x00\x00\x01\x01\x02\xf6\x82\x00\x00\nt\x00\x01\x03\x02\x17\x01\x00\x00\nret\x00\x01\t\x02\x0e\x03\x00\x00\x05\x01\x06\x00\x00\x01\x0f\x02S\x1b\x00\x00\x05p#\x00\x00\x01,\x02\x17\x01\x00\x00D\xe7\x82\x00\x00\x05\xb3\x04\x00\x00\x01,\x02*\x00\x00\x00\x05\x15#\x00\x00\x01,\x02w\x00\x00\x00\x00\x1d\x05\xe1"\x00\x00\x01!\x02\xfc\x82\x00\x00\x00\x00]\x02\xed\x0c\x00\x002\x0c\x83\x00\x00\x0c\x83\x00\x001?\x00\x00\x00\x13\x00@\x01\x06\xbe\x0b\x00\x00\x17\x0c\x83\x00\x00J\x13\x83\x00\x003\xd7#\x00\x00\x01\xf2\x01\xd0\x03\x00\x00\x01S\x83\x00\x00\x12T\x15\x00\x00\x01\xf2\x01\x0e\x03\x00\x00\x05;\x07\x00\x00\x01\xf6\x01\x17\x01\x00\x00\x05*\x0c\x00\x00\x01\xf7\x01\x04\x19\x00\x00\x00\'\xfe&\x00\x00\x01\x93\x01\x01m\x83\x00\x00\x0cend\x00\x01\x93\x01\x0e\x03\x00\x00\x00]\x02]\r\x00\x00,w\x0b\x00\x00\x01\x81\x83\x00\x00\xaf\x83\x00\x00+b\x08\x00\x00\x1d%\x00\x00\x01"\xc5\x0f\x00\x00\x03)m\x83\x00\x00\x19U\x0e\x00\x00\x03+\x01\x0b\x00\x00\x1d6ret\x00\x03-\x0e\x03\x00\x00\x00\x00\x1b\x02\x0c\x83\x00\x00,\x97\x0b\x00\x00\x01\xc3\x83\x00\x00\xe4\x83\x00\x00+b\x08\x00\x00\x1d%\x00\x00\x01"D\x04\x00\x00\x035\xaf\x83\x00\x00\x19U\x0e\x00\x00\x037\x01\x0b\x00\x00\x00\'\x1e\x1c\x00\x00\x01m\x01\x01\xfe\x83\x00\x00\x1d\ni\x00\x01o\x01\x17\x01\x00\x00\x00\x003\xd5\x0f\x00\x00\x01\x82\x01\xd0\x03\x00\x00\x01&\x84\x00\x00\x12\xc5\x0f\x00\x00\x01\x82\x01\xf6\x82\x00\x00\ni\x00\x01\x85\x01\x17\x01\x00\x00\x00I\xe9\x19\x00\x00\x06N\xd0\x03\x00\x00\x01V\x84\x00\x00"\xc5\x0f\x00\x00\x06Nm\x83\x00\x006r\x00\x06P\x17\x01\x00\x00\x19\xeb\x11\x00\x00\x06Q\x17\x01\x00\x00\x00;\xa8\x17\x00\x00\x01g\x03Q\xa8\t\x00\x00\xd0\x03\x00\x00\x01\x01\x9a\x84\x00\x00"\xc5\x0f\x00\x00\x06Nm\x83\x00\x006r\x00\x06P\x17\x01\x00\x00\x19\xeb\x11\x00\x00\x06Q\x17\x01\x00\x00\x1d\x19\xbc(\x00\x00\x06q*\x00\x00\x00\x00\x00Iq\x16\x00\x00\x06C\xd0\x03\x00\x00\x01\xc3\x84\x00\x00\x1d\x19\xb3\x04\x00\x00\x06E*\x00\x00\x00\x19\x15#\x00\x00\x06E*\x00\x00\x00\x00\x00,\xb3\x0b\x00\x00\x01\xd1\x84\x00\x00\xf2\x84\x00\x00+b\x08\x00\x00\x1d%\x00\x00\x01"\xc5\x0f\x00\x00\x03>m\x83\x00\x00\x19U\x0e\x00\x00\x03@\x01\x0b\x00\x00\x00\x83\x01\x01\x07\x0f\x00\x00\x013\x02\x92\x1d\x00\x00\xf6!\x00\x00\xabR\x00\x00\x01\x06\x8b\x00\x00\x1f\xc5\x0f\x00\x00\x019\x02\xed\x0c\x00\x00\x02\x8c\x15\x07\xeb\x11\x00\x00\x01=\x02\x17\x01\x00\x00\xf6S\x00\x00\rok\x00\x01C\x02\xd0\x03\x00\x00aT\x00\x00\x02\x9e"\x00\x00\xce\x1d\x00\x00\xd2\x1d\x00\x00\x015\x02_\x85\x00\x00\rep\x00\x013\x02\x17\x01\x00\x00\x98T\x00\x00\x00\x16\x06\x8b\x00\x00\xd2\x1d\x00\x00\xd6\x1d\x00\x00\x016\x02\x16\x12\x8b\x00\x00\xe4\x1d\x00\x00\xea\x1d\x00\x00\x01;\x02\x16v\x82\x00\x00\xf0\x1d\x00\x00\xf8\x1d\x00\x00\x01?\x02z \x06\x00\x00\xc0\x88\x00\x00\rr\x00\x01G\x02\x17\x01\x00\x00\xacT\x00\x00\x071\x0c\x00\x00\x01H\x020\x14\x00\x00\xe0T\x00\x00\x02~&\x00\x00\x16\x1e\x00\x00\x1a\x1e\x00\x00\x01M\x02\xd9\x85\x00\x00\rd\x00\x013\x02\x17\x01\x00\x00(U\x00\x00\x00\x02~&\x00\x00\x1a\x1e\x00\x00\x1e\x1e\x00\x00\x01U\x02\xfc\x85\x00\x00\rd\x00\x013\x02\x17\x01\x00\x00;U\x00\x00\x00\x02~&\x00\x00j\x1e\x00\x00p\x1e\x00\x00\x01T\x02\x1f\x86\x00\x00\rd\x00\x013\x02\x17\x01\x00\x00OU\x00\x00\x00\x16v\x82\x00\x00\xa4\x1e\x00\x00\xac\x1e\x00\x00\x01j\x02&~\x82\x00\x00\xbe\x1e\x00\x00`\x06\x00\x00\x01o\x02t\x88\x00\x00\x01\x8f\x82\x00\x00cU\x00\x00\x1e`\x06\x00\x00\x04\x9b\x82\x00\x00\x92U\x00\x00\x06\xa5\x82\x00\x00\x04\xb1\x82\x00\x00\xbbU\x00\x00\x04\xbd\x82\x00\x00\xf7U\x00\x00&\x1d\x83\x00\x00\xc0\x1e\x00\x00\x88\x06\x00\x00\x01\x05\x02D\x87\x00\x00\x01.\x83\x00\x00\nV\x00\x00\x1e\x88\x06\x00\x00\x04:\x83\x00\x00\x1eV\x00\x00PF\x83\x00\x00\x02\x8c\x01&S\x83\x00\x00\xc0\x1e\x00\x00\xa0\x06\x00\x00\x01\xf5\x01\xd8\x86\x00\x00\x01`\x83\x00\x001V\x00\x00\x15\x9e"\x00\x00\xc0\x1e\x00\x00\xc4\x1e\x00\x00\x01\x95\x01\x0eEV\x00\x00\x00\x00\x02S\x83\x00\x00\x02\x1f\x00\x00\x16\x1f\x00\x00\x01\xfa\x01\x08\x87\x00\x00\x13`\x83\x00\x00\x15\x9e"\x00\x00\x02\x1f\x00\x00\x06\x1f\x00\x00\x01\x95\x01\x0eYV\x00\x00\x00\x00\x18\xdc\x1e\x00\x00\x89(\x00\x00.&\x1f\x00\x00\x7f\'\x00\x009\x87\x00\x00\x03\x01h\x010\x03\x06f\x93\x01g\x93\x01\x02\x91O\x03\x06d\x93\x01e\x93\x01\x019\x00\x18*\x1f\x00\x00\x89(\x00\x00\x00\x00\x02S\x83\x00\x00,\x1f\x00\x004\x1f\x00\x00\x01\x07\x02^\x87\x00\x00\x13`\x83\x00\x00\x00\x02s\x83\x00\x008\x1f\x00\x00l\x1f\x00\x00\x01\t\x02\xc7\x87\x00\x00\x13\x8b\x83\x00\x00\x01\x81\x83\x00\x00mV\x00\x00\t8\x1f\x00\x00l\x1f\x00\x00\x04\x96\x83\x00\x00\x85V\x00\x00=\xa1\x83\x00\x00H\x1f\x00\x00d\x1f\x00\x00\x04\xa2\x83\x00\x00\x9dV\x00\x00?^\x1f\x00\x00\x03\x06h\x93\x01i\x93\x01\x02\x80\x00\x03\x06f\x93\x01g\x93\x01\x02\x91c\x00\x00\x00\x00g\xe7\x82\x00\x00\xb8\x06\x00\x00E\x88\x00\x00P\xe8\x82\x00\x00\x02\x8c\x01\x02\xb5\x83\x00\x00\xac\x1f\x00\x00\xe4\x1f\x00\x00\x01"\x022\x88\x00\x00\x01\xcd\x83\x00\x00\xb5V\x00\x00\x01\xc3\x83\x00\x00\xdaV\x00\x00\t\xac\x1f\x00\x00\xe4\x1f\x00\x00\x04\xd8\x83\x00\x00\xf2V\x00\x00?\xd4\x1f\x00\x00\x03\x06h\x93\x01i\x93\x01\x02~\x00\x03\x06f\x93\x01g\x93\x01\x02\x80\x00\x00\x00\x00\x18\x8a\x1f\x00\x00\x8e&\x00\x00\x18\xac\x1f\x00\x00\xc7$\x00\x00\x00L\xc9\x82\x00\x00\xfe\x1f\x00\x00\x02 \x00\x00i\x88\x00\x00\x04\xce\x82\x00\x00\nW\x00\x00\x04\xda\x82\x00\x00\xf7U\x00\x00\x00\x188\x1f\x00\x00\xc7$\x00\x00\x00\x00\x02~&\x00\x00\x16 \x00\x00\x1e \x00\x00\x01w\x02\x97\x88\x00\x00\rd\x00\x013\x02\x17\x01\x00\x00"W\x00\x00\x00\x15\xe4\x83\x00\x000 \x00\x00` \x00\x00\x01}\x02=\xf1\x83\x00\x000 \x00\x00V \x00\x00\x04\xf2\x83\x00\x006W\x00\x00\x00\x00\x00&\xfe\x83\x00\x00\x06 \x00\x00\xd0\x06\x00\x00\x01\x8c\x02\x87\x8a\x00\x00\x01\x0f\x84\x00\x00IW\x00\x00\x1e\xd0\x06\x00\x00\x04\x1b\x84\x00\x00^W\x00\x00&&\x84\x00\x00\x06 \x00\x00\xf8\x06\x00\x00\x01\x88\x01*\x8a\x00\x00\x016\x84\x00\x00\xa1W\x00\x00\x1e\xf8\x06\x00\x00\x04A\x84\x00\x00\xb6W\x00\x00\x04J\x84\x00\x002X\x00\x00<{\x1b\x00\x00\xc8 \x00\x00\xe2 \x00\x00\x06e\xa0\x89\x00\x00\x13\x8c\x1b\x00\x00\x13\x96\x1b\x00\x00\t\xc8 \x00\x00\xe2 \x00\x00\x04\xa2\x1b\x00\x00[X\x00\x00=\xae\x1b\x00\x00\xc8 \x00\x00\xe2 \x00\x00\x06\xaf\x1b\x00\x00\x16V\x84\x00\x00\xc8 \x00\x00\xd0 \x00\x00\x01\xd7\x01\x16\x1a\x8b\x00\x00\xda \x00\x00\xe2 \x00\x00\x01\xd9\x01*\xda \x00\x00x)\x00\x00\x03\x06h\x93\x01i\x93\x01\x05\x03\n\x01\x80\x00\x03\x01f\x017\x00\x00\x00\x00g^\x84\x00\x00 \x07\x00\x00\x1f\x8a\x00\x00\x01m\x84\x00\x00oX\x00\x00\x1e \x07\x00\x00\x06x\x84\x00\x00\x06\x81\x84\x00\x00F\x8c\x84\x00\x00 \x07\x00\x00\x04\x8d\x84\x00\x00\x84X\x00\x00<\x9a\x84\x00\x00\xee \x00\x00\xf6 \x00\x00\x06y\x07\x8a\x00\x00=\xaa\x84\x00\x00\xee \x00\x00\xf6 \x00\x00\x04\xab\x84\x00\x00\xc8X\x00\x00\x06\xb6\x84\x00\x00\x00\x00)"\x8b\x00\x00:!\x00\x00P!\x00\x00\x06\x8d\x0e\xdeX\x00\x00\x00\x00\x00\x00\x18\n \x00\x00\x7f\'\x00\x00\x00\x00\x02\xc3\x84\x00\x00\xae!\x00\x00\xe0!\x00\x00\x01\x8c\x01|\x8a\x00\x00\x13\xdb\x84\x00\x00\x01\xd1\x84\x00\x00\xf2X\x00\x00\t\xae!\x00\x00\xe0!\x00\x00\x04\xe6\x84\x00\x00\nY\x00\x00?\xd4!\x00\x00\x03\x06h\x93\x01i\x93\x01\x02\x80\x00\x03\x06f\x93\x01g\x93\x01\x02\x91c\x00\x00\x00\x18\xae!\x00\x00\xc7$\x00\x00\x00\x00\x02S\x83\x00\x00l \x00\x00\x80 \x00\x00\x01\x8b\x02\xbb\x8a\x00\x00\x01`\x83\x00\x00"Y\x00\x00\x15\x9e"\x00\x00l \x00\x00p \x00\x00\x01\x95\x01\x0e:Y\x00\x00\x00\x00\x16\x86&\x00\x00\x1e\x1e\x00\x00$\x1e\x00\x00\x01\x90\x02\x16\x86&\x00\x00b\x1e\x00\x00j\x1e\x00\x00\x01A\x02\x16+\x8b\x00\x00\x8e\x1f\x00\x00\x96\x1f\x00\x00\x01\x93\x02*\xe4\x1d\x00\x00x)\x00\x00\x03\x06h\x93\x01i\x93\x01\x02\x91c\x03\x01f\x018\x00\x00^\xf3(\x00\x00\x01\x99\x17\x01\x00\x00\x03;~\x1f\x00\x00\x01\x9e\x03;\xf1\x04\x00\x00\x01t\x03(8\'\x00\x00\x0b\xc4\x01\x03;\x01\x13\x00\x00\x01\xa3\x038\x92\x1e\x00\x00\x01\x01U\x8b\x00\x00\x19r\x11\x00\x00\x08\xc5\x0e\x03\x00\x00\x19q\x14\x00\x00\x08\xc5\x0e\x03\x00\x00\x00\xaf\x01\x12\x07\x00\x00\x01\x8e-\x00\x00\xae-\x00\x00\x03\x92 \x02\x01\t\x8c\x00\x00)\xb6!\x00\x00\x8e-\x00\x00\xae-\x00\x00\x08\xc5\xb0\x01r\x11\x00\x00\x08\xc5\x0e\x03\x00\x00\x7f\xb1\x01q\x14\x00\x00\x08\xc5\x0e\x03\x00\x00\x00\t\x8e-\x00\x00\xae-\x00\x00\x06>\x8b\x00\x00\x06I\x8b\x00\x00j\x96-\x00\x00\xc1\x8b\x00\x00\x03\x06h\x93\x01i\x93\x01\x05\x03\xe2\x07\x80\x00\x00j\x9e-\x00\x00\xd9\x8b\x00\x00\x03\x06h\x93\x01i\x93\x01\x05\x03\xff\x07\x80\x00\x00j\xa6-\x00\x00\xf1\x8b\x00\x00\x03\x06h\x93\x01i\x93\x01\x05\x03\x1c\x08\x80\x00\x00d\xae-\x00\x00\x01\x03\x06h\x93\x01i\x93\x01\x05\x039\x08\x80\x00\x00\x00\x00\x002\x18\x83\x00\x00\x19\x8c\x00\x001?\x00\x00\x00\x19\x00\x17\t\x8c\x00\x00J\x19\x8c\x00\x00fepk\x00\x08\x0c\x1e\x8c\x00\x00\x05\x03\x00\x00\x00\x00#\xd6&\x00\x00\x08#:\x00\x00\x00\x05\x03T\x04\x80\x00#G\x08\x00\x00\x08$:\x00\x00\x00\x05\x03\x00\x01\x80\x002w\x00\x00\x00f\x8c\x00\x001?\x00\x00\x00C\x00\x1f\x8e\x1c\x00\x00\x05\xb2\x07V\x8c\x00\x00\x05\x03V\x04\x80\x00\x1f\x17\r\x00\x00\x05\xb3\x07V\x8c\x00\x00\x05\x03\x9a\x04\x80\x00\x1f\xa0!\x00\x00\x05\xbc\x07V\x8c\x00\x00\x05\x03\xde\x04\x80\x002\xed\x18\x00\x00\xac\x8c\x00\x001?\x00\x00\x00\x02\x00\x17\x9c\x8c\x00\x00#\x14(\x00\x00\x08\x0f\xac\x8c\x00\x00\x05\x03 \x01\x80\x002\x87\x00\x00\x00\xd8\x8c\x00\x001?\x00\x00\x00\x041?\x00\x00\x00\x03\x00\x17\xc2\x8c\x00\x00\x1fZ\x0e\x00\x00\x05\xb1\x12\xd8\x8c\x00\x00\x05\x032\x01\x80\x00\x1f\xf5 \x00\x00\x05\xcb\x12w\x00\x00\x00\x05\x03$\x05\x80\x00\x1f\x9b)\x00\x00\x05\xc9\x12w\x00\x00\x00\x05\x03%\x05\x80\x00\x1fF(\x00\x00\x05\xca\x12w\x00\x00\x00\x05\x03&\x05\x80\x00\x1f\x94#\x00\x00\x05\xb9\x07\x9a\x07\x00\x00\x05\x03\x02\x01\x80\x00#\x08\x16\x00\x00\x061\xe4\x17\x00\x00\x05\x03\xca\x00\x00\x002;\x14\x00\x00X\x8d\x00\x001?\x00\x00\x00\x01\x00\x17H\x8d\x00\x00#y\x08\x00\x00\x01\'X\x8d\x00\x00\x05\x03\x0c\x01\x00\x00#\xf5\r\x00\x00\x01JR\x14\x00\x00\x05\x03\x10\x01\x00\x002!\x01\x00\x00\x8f\x8d\x00\x001?\x00\x00\x00\x0b\x00\x17\x7f\x8d\x00\x00#*\x15\x00\x00\x01B\x8f\x8d\x00\x00\x05\x03"\x01\x00\x002!\x01\x00\x00\xb5\x8d\x00\x001?\x00\x00\x00\x10\x00\x17\xa5\x8d\x00\x00#\x88\x0b\x00\x00\x011\xb5\x8d\x00\x00\x05\x03.\x01\x00\x002\x17\x01\x00\x00\xdb\x8d\x00\x001?\x00\x00\x00\x06\x00\x17\xcb\x8d\x00\x00\x1fx)\x00\x00\x01R\x01\xdb\x8d\x00\x00\x05\x03F\x01\x80\x00\x1f}%\x00\x00\x01\x92\x01\x0e\x03\x00\x00\x05\x03\'\x05\x80\x00\x1f\xad\'\x00\x00\x01\x91\x01\x0e\x03\x00\x00\x05\x03)\x05\x80\x00#O!\x00\x00\x06,\x17\x01\x00\x00\x05\x03+\x05\x80\x00#\xcf\x1f\x00\x00\x06*$\x14\x00\x00\x05\x03\x06\x01\x80\x00#.\x1f\x00\x00\x06)\xe3\x07\x00\x00\x05\x03\n\x01\x80\x00#\x9f#\x00\x00\x01\x1c&\x01\x00\x00\x05\x03,\x05\x80\x00#\'\x10\x00\x00\x01Z&\x01\x00\x00\x05\x03-\x05\x80\x00#\xe0\x12\x00\x00\x01Y&\x01\x00\x00\x05\x03.\x05\x80\x0025\x00\x00\x00\x8c\x8e\x00\x001?\x00\x00\x00\x06\x00\x17|\x8e\x00\x00#1\x06\x00\x00\x15\xcf\x8c\x8e\x00\x00\x05\x03?\x01\x00\x00\x1f\x00\x07\x00\x00\x05\xc6\x12v\x0f\x00\x00\x05\x03/\x05\x80\x002\xf7\x13\x00\x00\xc4\x8e\x00\x001?\x00\x00\x008\x00\x17\xb4\x8e\x00\x00\x1f\xc5\x06\x00\x00\x05\xfd\x08\xc4\x8e\x00\x00\x05\x03M\x01\x80\x00\x1f!\x07\x00\x00\x05\xb8\x07\x9a\x07\x00\x00\x05\x03\x12\x01\x80\x00\x1fX\x19\x00\x00\x05+\x16\x0b\x01\x00\x00\x05\x031\x05\x80\x00\x1f9\x0e\x00\x00\x05\xd1\x15\xab\x0f\x00\x00\x05\x03\x81\x05\x80\x00\x1f\x04\x19\x00\x00\x05\xd0\x15?\x08\x00\x00\x05\x03\x83\x05\x80\x00\x1fa\x12\x00\x00\x05\xd2\x15\xd0\x03\x00\x00\x05\x03\x87\x05\x80\x0025\x00\x00\x00E\x8f\x00\x001?\x00\x00\x00\xff\x00\x175\x8f\x00\x00\x1fz\x03\x00\x00\x05<\x11E\x8f\x00\x00\x05\x03\xbf\x01\x80\x00\x1f/\x14\x00\x00\x05\x04\x12@\x10\x00\x00\x05\x03\x88\x05\x80\x00\x1fv\x12\x00\x00\x05\xbd\x07\x9a\x07\x00\x00\x05\x03\x16\x01\x80\x002\x9e\x13\x00\x00\x90\x8f\x00\x001?\x00\x00\x00\x03\x00\x1f\x9d*\x00\x00\x05\xd0\x12\x80\x8f\x00\x00\x05\x03\x95\x05\x80\x00\x1fb%\x00\x00\x05\xcf\x129\x0f\x00\x00\x05\x03\x99\x06\x80\x00\x1f\xe9\x0b\x00\x00\x05\xc8\x12\x1a\x0c\x00\x00\x05\x03\x9c\x06\x80\x002\x92\x13\x00\x00\xd6\x8f\x00\x001?\x00\x00\x00\x13\x00\x1f\x80\x14\x00\x00\x05\xc3\x12\xc6\x8f\x00\x00\x05\x03\x9f\x06\x80\x00\x1f\xe3%\x00\x00\x05\xc7\x12\x9f\x0f\x00\x00\x05\x03S\x07\x80\x002w\x00\x00\x00\n\x90\x00\x001?\x00\x00\x00\x02\x00\x1f,\x1c\x00\x00\x05\xd4\x12\xfa\x8f\x00\x00\x05\x03T\x07\x80\x00\x1f\x99%\x00\x00\x05\xb0\x07\xd9\x12\x00\x00\x05\x03W\x07\x80\x00#W(\x00\x00\x08 F\x90\x00\x00\x05\x03T\x04\x80\x00@\x04\x043\x17\x00\x00J?\x90\x00\x00#g\x08\x00\x00\x08\x1f\x82\x00\x00\x00\x05\x03X\x04\x80\x00#\xc3\n\x00\x00\x08\x1e\x82\x00\x00\x00\x05\x03Y\x04\x80\x00#\xf4%\x00\x00\x08\x1d:\x00\x00\x00\x05\x03Z\x04\x80\x00#\xc5)\x00\x00\x08&(\x05\x00\x00\x05\x03w\x07\x80\x00#\xc2\x08\x00\x00\x04(\x8c\x00\x00\x00\x05\x03{\x07\x80\x00#\xce\x10\x00\x00\x04\'\xb8\x90\x00\x00\x05\x03|\x07\x80\x00@\x04\x07=\x1e\x00\x00J\xb1\x90\x00\x00#>\x15\x00\x00\x04&\xb8\x90\x00\x00\x05\x03\x80\x07\x80\x00#\xf9\x1f\x00\x00\x01\x1d&\x01\x00\x00\x05\x03\x90\x07\x80\x00#\xee\x06\x00\x00\x01X&\x01\x00\x00\x05\x03\x91\x07\x80\x00##$\x00\x00\x15\xd9\x8c\x8e\x00\x00\x05\x03M\x01\x00\x002\x87\x00\x00\x00\x11\x91\x00\x001?\x00\x00\x00\x1e\x00\x17\x01\x91\x00\x00#R$\x00\x00\x15\xed\x11\x91\x00\x00\x05\x03[\x01\x00\x00\x1f:\x1d\x00\x00\x15\x13\x01\x11\x91\x00\x00\x05\x03z\x01\x00\x00\x1f\xb5\x10\x00\x00\x159\x01\x11\x91\x00\x00\x05\x03\x99\x01\x00\x00\x1f\xc5\x15\x00\x00\x063\x01\x92\x05\x00\x00\x05\x03\x92\x07\x80\x00#\x10#\x00\x00\x08\xb5\xd7\x03\x00\x00\x05\x03\xe2\x07\x80\x00#\x8a\t\x00\x00\x08\xb45\t\x00\x00\x05\x03\xff\x07\x80\x00#\x82\t\x00\x00\x08\xb35\t\x00\x00\x05\x03\x1c\x08\x80\x00#\xb1!\x00\x00\x08\xb28\x03\x00\x00\x05\x039\x08\x80\x00\x00\xb7\x00\x00\x00\x02\x00\x86\x13\x00\x00\x04\x01\x14%\x00\x00H5\x00\x00L5\x00\x00../../../../gcc/libgcc/config/avr/lib1funcs.S\x00/home/jenkins-mingw32/workspace/avr-gcc-staging/label/Ubuntu14.04x64-mingw32/gcc-build/avr/avr5/libgcc\x00GNU AS 2.26\x00\x01\x80\xb7\x00\x00\x00\x02\x00\x9a\x13\x00\x00\x04\x01v%\x00\x00\x822\x00\x00\xaa2\x00\x00../../../../gcc/libgcc/config/avr/lib1funcs.S\x00/home/jenkins-mingw32/workspace/avr-gcc-staging/label/Ubuntu14.04x64-mingw32/gcc-build/avr/avr5/libgcc\x00GNU AS 2.26\x00\x01\x80\xb7\x00\x00\x00\x02\x00\xae\x13\x00\x00\x04\x01D&\x00\x00\xaa2\x00\x00\xd22\x00\x00../../../../gcc/libgcc/config/avr/lib1funcs.S\x00/home/jenkins-mingw32/workspace/avr-gcc-staging/label/Ubuntu14.04x64-mingw32/gcc-build/avr/avr5/libgcc\x00GNU AS 2.26\x00\x01\x80\xb7\x00\x00\x00\x02\x00\xc2\x13\x00\x00\x04\x01\x0c\'\x00\x00\xd22\x00\x00\xde2\x00\x00../../../../gcc/libgcc/config/avr/lib1funcs.S\x00/home/jenkins-mingw32/workspace/avr-gcc-staging/label/Ubuntu14.04x64-mingw32/gcc-build/avr/avr5/libgcc\x00GNU AS 2.26\x00\x01\x80\xb7\x00\x00\x00\x02\x00\xd6\x13\x00\x00\x04\x01\x86\'\x00\x00\xc8\x01\x00\x00\xde\x01\x00\x00../../../../gcc/libgcc/config/avr/lib1funcs.S\x00/home/jenkins-mingw32/workspace/avr-gcc-staging/label/Ubuntu14.04x64-mingw32/gcc-build/avr/avr5/libgcc\x00GNU AS 2.26\x00\x01\x80\xb7\x00\x00\x00\x02\x00\xea\x13\x00\x00\x04\x01\x1e(\x00\x00\xde\x01\x00\x00\xee\x01\x00\x00../../../../gcc/libgcc/config/avr/lib1funcs.S\x00/home/jenkins-mingw32/workspace/avr-gcc-staging/label/Ubuntu14.04x64-mingw32/gcc-build/avr/avr5/libgcc\x00GNU AS 2.26\x00\x01\x80\xb7\x00\x00\x00\x02\x00\xfe\x13\x00\x00\x04\x01\xa4(\x00\x00\xee\x01\x00\x00\x04\x02\x00\x00../../../../gcc/libgcc/config/avr/lib1funcs.S\x00/home/jenkins-mingw32/workspace/avr-gcc-staging/label/Ubuntu14.04x64-mingw32/gcc-build/avr/avr5/libgcc\x00GNU AS 2.26\x00\x01\x80\xb7\x00\x00\x00\x02\x00\x12\x14\x00\x00\x04\x016)\x00\x0025\x00\x00H5\x00\x00../../../../gcc/libgcc/config/avr/lib1funcs.S\x00/home/jenkins-mingw32/workspace/avr-gcc-staging/label/Ubuntu14.04x64-mingw32/gcc-build/avr/avr5/libgcc\x00GNU AS 2.26\x00\x01\x80'), '.debug_abbrev': DebugInfo(section=Elf_Section(index = 9, sh_name = 119, sh_type = 1, sh_flags = 0, sh_addr = 0, sh_offset = 56366, sh_size = 5158, sh_link = 0, sh_info = 0, sh_addralign = 1, sh_entsize = 0, section_name = '.debug_abbrev', section_image = b'\x01\x11\x01%\x0e\x10\x06\x00\x00\x02$\x00\x03\x0e\x0b\x0b>\x0b\x00\x00\x03$\x00\x03\x0e\x0b\x0b>\x0b\x00\x00\x04\x01\x01I\x13\x00\x00\x05!\x00I\x13/\x05\x00\x00\x064\x00\x03\x0e:\x0b;\x0bI\x13?\x0c\x02\n\x00\x00\x074\x00\x03\x0e:\x0b;\x0bI\x13?\x0c\x02\n\x00\x00\x084\x00\x03\x0e:\x0b;\x0bI\x13?\x0c\x02\n\x00\x00\t4\x00\x03\x0e:\x0b;\x0bI\x13?\x0c\x02\n\x00\x00\n4\x00\x03\x0e:\x0b;\x0bI\x13?\x0c\x02\n\x00\x00\x0b4\x00\x03\x0e:\x0b;\x0bI\x13?\x0c\x02\n\x00\x00\x0c4\x00\x03\x0e:\x0b;\x0bI\x13?\x0c\x02\n\x00\x00\r4\x00\x03\x0e:\x0b;\x0bI\x13?\x0c\x02\n\x00\x00\x0e4\x00\x03\x0e:\x0b;\x0bI\x13?\x0c\x02\n\x00\x00\x0f4\x00\x03\x0e:\x0b;\x0bI\x13?\x0c\x02\n\x00\x00\x104\x00\x03\x0e:\x0b;\x0bI\x13?\x0c\x02\n\x00\x00\x114\x00\x03\x0e:\x0b;\x0bI\x13?\x0c\x02\n\x00\x00\x124\x00\x03\x0e:\x0b;\x0bI\x13?\x0c\x02\n\x00\x00\x134\x00\x03\x0e:\x0b;\x0bI\x13?\x0c\x02\n\x00\x00\x144\x00\x03\x0e:\x0b;\x0bI\x13?\x0c\x02\n\x00\x00\x154\x00\x03\x0e:\x0b;\x0bI\x13?\x0c\x02\n\x00\x00\x164\x00\x03\x0e:\x0b;\x0bI\x13?\x0c\x02\n\x00\x00\x174\x00\x03\x0e:\x0b;\x0bI\x13?\x0c\x02\n\x00\x00\x184\x00\x03\x0e:\x0b;\x0bI\x13?\x0c\x02\n\x00\x00\x194\x00\x03\x0e:\x0b;\x0bI\x13?\x0c\x02\n\x00\x00\x1a4\x00\x03\x0e:\x0b;\x0bI\x13?\x0c\x02\n\x00\x00\x1b4\x00\x03\x0e:\x0b;\x0bI\x13?\x0c\x02\n\x00\x00\x1c4\x00\x03\x0e:\x0b;\x0bI\x13?\x0c\x02\n\x00\x00\x1d4\x00\x03\x0e:\x0b;\x0bI\x13?\x0c\x02\n\x00\x00\x1e4\x00\x03\x0e:\x0b;\x0bI\x13?\x0c\x02\n\x00\x00\x1f4\x00\x03\x0e:\x0b;\x0bI\x13?\x0c\x02\n\x00\x00 4\x00\x03\x0e:\x0b;\x0bI\x13?\x0c\x02\n\x00\x00!4\x00\x03\x0e:\x0b;\x0bI\x13?\x0c\x02\n\x00\x00"4\x00\x03\x0e:\x0b;\x0bI\x13?\x0c\x02\n\x00\x00#4\x00\x03\x0e:\x0b;\x0bI\x13?\x0c\x02\n\x00\x00$4\x00\x03\x0e:\x0b;\x0bI\x13?\x0c\x02\n\x00\x00%4\x00\x03\x0e:\x0b;\x0bI\x13?\x0c\x02\n\x00\x00&4\x00\x03\x0e:\x0b;\x0bI\x13?\x0c\x02\n\x00\x00\'4\x00\x03\x0e:\x0b;\x0bI\x13?\x0c\x02\n\x00\x00(4\x00\x03\x0e:\x0b;\x0bI\x13?\x0c\x02\n\x00\x00)4\x00\x03\x0e:\x0b;\x0bI\x13?\x0c\x02\n\x00\x00*4\x00\x03\x0e:\x0b;\x0bI\x13?\x0c\x02\n\x00\x00+4\x00\x03\x0e:\x0b;\x0bI\x13?\x0c\x02\n\x00\x00,4\x00\x03\x0e:\x0b;\x0bI\x13?\x0c\x02\n\x00\x00-4\x00\x03\x0e:\x0b;\x0bI\x13?\x0c\x02\n\x00\x00.4\x00\x03\x0e:\x0b;\x0bI\x13?\x0c\x02\n\x00\x00/4\x00\x03\x0e:\x0b;\x0bI\x13?\x0c\x02\n\x00\x0004\x00\x03\x0e:\x0b;\x0bI\x13?\x0c\x02\n\x00\x0014\x00\x03\x0e:\x0b;\x0bI\x13?\x0c\x02\n\x00\x0024\x00\x03\x0e:\x0b;\x0bI\x13?\x0c\x02\n\x00\x0034\x00\x03\x0e:\x0b;\x0bI\x13?\x0c\x02\n\x00\x0044\x00\x03\x0e:\x0b;\x0bI\x13?\x0c\x02\n\x00\x0054\x00\x03\x0e:\x0b;\x0bI\x13?\x0c\x02\n\x00\x0064\x00\x03\x0e:\x0b;\x0bI\x13?\x0c\x02\n\x00\x0074\x00\x03\x0e:\x0b;\x0bI\x13?\x0c\x02\n\x00\x0084\x00\x03\x0e:\x0b;\x0bI\x13?\x0c\x02\n\x00\x0094\x00\x03\x0e:\x0b;\x0bI\x13?\x0c\x02\n\x00\x00:4\x00\x03\x0e:\x0b;\x0bI\x13?\x0c\x02\n\x00\x00;4\x00\x03\x0e:\x0b;\x0bI\x13?\x0c\x02\n\x00\x00<4\x00\x03\x0e:\x0b;\x0bI\x13?\x0c\x02\n\x00\x00=4\x00\x03\x0e:\x0b;\x0bI\x13?\x0c\x02\n\x00\x00>4\x00\x03\x0e:\x0b;\x0bI\x13?\x0c\x02\n\x00\x00?4\x00\x03\x0e:\x0b;\x0bI\x13?\x0c\x02\n\x00\x00@4\x00\x03\x0e:\x0b;\x0bI\x13?\x0c\x02\n\x00\x00A4\x00\x03\x0e:\x0b;\x0bI\x13?\x0c\x02\n\x00\x00B4\x00\x03\x0e:\x0b;\x0bI\x13?\x0c\x02\n\x00\x00C4\x00\x03\x0e:\x0b;\x0bI\x13?\x0c\x02\n\x00\x00D4\x00\x03\x0e:\x0b;\x0bI\x13?\x0c\x02\n\x00\x00E4\x00\x03\x0e:\x0b;\x0bI\x13?\x0c\x02\n\x00\x00F4\x00\x03\x0e:\x0b;\x0bI\x13?\x0c\x02\n\x00\x00G4\x00\x03\x0e:\x0b;\x0bI\x13?\x0c\x02\n\x00\x00H4\x00\x03\x0e:\x0b;\x0bI\x13?\x0c\x02\n\x00\x00I4\x00\x03\x0e:\x0b;\x0bI\x13?\x0c\x02\n\x00\x00J4\x00\x03\x0e:\x0b;\x0bI\x13?\x0c\x02\n\x00\x00K4\x00\x03\x0e:\x0b;\x0bI\x13?\x0c\x02\n\x00\x00L4\x00\x03\x0e:\x0b;\x0bI\x13?\x0c\x02\n\x00\x00M4\x00\x03\x0e:\x0b;\x0bI\x13?\x0c\x02\n\x00\x00N4\x00\x03\x0e:\x0b;\x0bI\x13?\x0c\x02\n\x00\x00O4\x00\x03\x0e:\x0b;\x0bI\x13?\x0c\x02\n\x00\x00P4\x00\x03\x0e:\x0b;\x0bI\x13?\x0c\x02\n\x00\x00Q4\x00\x03\x0e:\x0b;\x0bI\x13?\x0c\x02\n\x00\x00R4\x00\x03\x0e:\x0b;\x0bI\x13?\x0c\x02\n\x00\x00S4\x00\x03\x0e:\x0b;\x0bI\x13?\x0c\x02\n\x00\x00T4\x00\x03\x0e:\x0b;\x0bI\x13?\x0c\x02\n\x00\x00U4\x00\x03\x0e:\x0b;\x0bI\x13?\x0c\x02\n\x00\x00V4\x00\x03\x0e:\x0b;\x0bI\x13?\x0c\x02\n\x00\x00W4\x00\x03\x0e:\x0b;\x0bI\x13?\x0c\x02\n\x00\x00X4\x00\x03\x0e:\x0b;\x0bI\x13?\x0c\x02\n\x00\x00Y4\x00\x03\x0e:\x0b;\x0bI\x13?\x0c\x02\n\x00\x00Z4\x00\x03\x0e:\x0b;\x0bI\x13?\x0c\x02\n\x00\x00[4\x00\x03\x0e:\x0b;\x0bI\x13?\x0c\x02\n\x00\x00\\4\x00\x03\x0e:\x0b;\x0bI\x13?\x0c\x02\n\x00\x00]4\x00\x03\x0e:\x0b;\x0bI\x13?\x0c\x02\n\x00\x00^4\x00\x03\x0e:\x0b;\x0bI\x13?\x0c\x02\n\x00\x00_4\x00\x03\x0e:\x0b;\x0bI\x13?\x0c\x02\n\x00\x00`4\x00\x03\x0e:\x0b;\x0bI\x13?\x0c\x02\n\x00\x00a4\x00\x03\x0e:\x0b;\x0bI\x13?\x0c\x02\n\x00\x00b4\x00\x03\x0e:\x0b;\x0bI\x13?\x0c\x02\n\x00\x00c4\x00\x03\x0e:\x0b;\x0bI\x13?\x0c\x02\n\x00\x00d4\x00\x03\x0e:\x0b;\x0bI\x13?\x0c\x02\n\x00\x00e4\x00\x03\x0e:\x0b;\x0bI\x13?\x0c\x02\n\x00\x00f4\x00\x03\x0e:\x0b;\x0bI\x13?\x0c\x02\n\x00\x00g4\x00\x03\x0e:\x0b;\x0bI\x13?\x0c\x02\n\x00\x00h4\x00\x03\x0e:\x0b;\x0bI\x13?\x0c\x02\n\x00\x00i4\x00\x03\x0e:\x0b;\x0bI\x13?\x0c\x02\n\x00\x00j4\x00\x03\x0e:\x0b;\x0bI\x13?\x0c\x02\n\x00\x00k4\x00\x03\x0e:\x0b;\x0bI\x13?\x0c\x02\n\x00\x00l4\x00\x03\x0e:\x0b;\x0bI\x13?\x0c\x02\n\x00\x00m4\x00\x03\x0e:\x0b;\x0bI\x13?\x0c\x02\n\x00\x00n4\x00\x03\x0e:\x0b;\x0bI\x13?\x0c\x02\n\x00\x00o4\x00\x03\x0e:\x0b;\x0bI\x13?\x0c\x02\n\x00\x00p4\x00\x03\x0e:\x0b;\x0bI\x13?\x0c\x02\n\x00\x00q4\x00\x03\x0e:\x0b;\x0bI\x13?\x0c\x02\n\x00\x00r4\x00\x03\x0e:\x0b;\x0bI\x13?\x0c\x02\n\x00\x00s4\x00\x03\x0e:\x0b;\x0bI\x13?\x0c\x02\n\x00\x00t4\x00\x03\x0e:\x0b;\x0bI\x13?\x0c\x02\n\x00\x00u4\x00\x03\x0e:\x0b;\x0bI\x13?\x0c\x02\n\x00\x00v4\x00\x03\x0e:\x0b;\x0bI\x13?\x0c\x02\n\x00\x00w4\x00\x03\x0e:\x0b;\x0bI\x13?\x0c\x02\n\x00\x00x4\x00\x03\x0e:\x0b;\x0bI\x13?\x0c\x02\n\x00\x00y4\x00\x03\x0e:\x0b;\x0bI\x13?\x0c\x02\n\x00\x00z4\x00\x03\x0e:\x0b;\x0bI\x13?\x0c\x02\n\x00\x00{4\x00\x03\x0e:\x0b;\x0bI\x13?\x0c\x02\n\x00\x00|4\x00\x03\x0e:\x0b;\x0bI\x13?\x0c\x02\n\x00\x00}4\x00\x03\x0e:\x0b;\x0bI\x13?\x0c\x02\n\x00\x00~4\x00\x03\x0e:\x0b;\x0bI\x13?\x0c\x02\n\x00\x00\x7f4\x00\x03\x0e:\x0b;\x0bI\x13?\x0c\x02\n\x00\x00\x80\x014\x00\x03\x0e:\x0b;\x0bI\x13?\x0c\x02\n\x00\x00\x81\x014\x00\x03\x0e:\x0b;\x0bI\x13?\x0c\x02\n\x00\x00\x82\x014\x00\x03\x0e:\x0b;\x0bI\x13?\x0c\x02\n\x00\x00\x83\x014\x00\x03\x0e:\x0b;\x0bI\x13?\x0c\x02\n\x00\x00\x84\x014\x00\x03\x0e:\x0b;\x0bI\x13?\x0c\x02\n\x00\x00\x85\x014\x00\x03\x0e:\x0b;\x0bI\x13?\x0c\x02\n\x00\x00\x86\x014\x00\x03\x0e:\x0b;\x0bI\x13?\x0c\x02\n\x00\x00\x87\x014\x00\x03\x0e:\x0b;\x0bI\x13?\x0c\x02\n\x00\x00\x88\x014\x00\x03\x0e:\x0b;\x0bI\x13?\x0c\x02\n\x00\x00\x89\x014\x00\x03\x0e:\x0b;\x0bI\x13?\x0c\x02\n\x00\x00\x8a\x014\x00\x03\x0e:\x0b;\x0bI\x13?\x0c\x02\n\x00\x00\x8b\x014\x00\x03\x0e:\x0b;\x0bI\x13?\x0c\x02\n\x00\x00\x8c\x014\x00\x03\x0e:\x0b;\x0bI\x13?\x0c\x02\n\x00\x00\x8d\x014\x00\x03\x0e:\x0b;\x0bI\x13?\x0c\x02\n\x00\x00\x8e\x014\x00\x03\x0e:\x0b;\x0bI\x13?\x0c\x02\n\x00\x00\x8f\x014\x00\x03\x0e:\x0b;\x0bI\x13?\x0c\x02\n\x00\x00\x00\x01\x05\x001\x13\x02\x06\x00\x00\x02\x1d\x011\x13\x11\x01\x12\x01X\x0bY\x05\x01\x13\x00\x00\x03\x8a\x82\x01\x00\x02\n\x91B\n\x00\x00\x044\x001\x13\x02\x06\x00\x00\x054\x00\x03\x0e:\x0b;\x05I\x13\x00\x00\x064\x001\x13\x00\x00\x074\x00\x03\x0e:\x0b;\x05I\x13\x02\x06\x00\x00\x08\r\x00\x03\x0e:\x0b;\x0bI\x138\n\x00\x00\t\x0b\x01\x11\x01\x12\x01\x00\x00\n4\x00\x03\x08:\x0b;\x05I\x13\x00\x00\x0b\x05\x001\x13\x1c\x0b\x00\x00\x0c\x05\x00\x03\x08:\x0b;\x05I\x13\x00\x00\r4\x00\x03\x08:\x0b;\x05I\x13\x02\x06\x00\x00\x0e4\x00\x02\x06\x00\x00\x0f\r\x00\x03\x0e:\x0b;\x05I\x138\n\x00\x00\x10\x05\x00I\x134\x0c\x00\x00\x11(\x00\x03\x0e\x1c\x0b\x00\x00\x12\x05\x00\x03\x0e:\x0b;\x05I\x13\x00\x00\x13\x05\x001\x13\x00\x00\x14\x89\x82\x01\x00\x11\x01\x95B\x0c1\x13\x00\x00\x15\x1d\x011\x13\x11\x01\x12\x01X\x0bY\x05\x00\x00\x16\x1d\x001\x13\x11\x01\x12\x01X\x0bY\x05\x00\x00\x17&\x00I\x13\x00\x00\x18\x89\x82\x01\x00\x11\x011\x13\x00\x00\x194\x00\x03\x0e:\x0b;\x0bI\x13\x00\x00\x1a\x16\x00\x03\x0e:\x0b;\x05I\x13\x00\x00\x1b\x0f\x00\x0b\x0bI\x13\x00\x00\x1c\x05\x00I\x13\x00\x00\x1d\x0b\x01\x00\x00\x1e\x0b\x01U\x06\x00\x00\x1f4\x00\x03\x0e:\x0b;\x05I\x13\x02\n\x00\x00 4\x00\x03\x08:\x0b;\x05I\x13\x1c\x0b\x00\x00!\r\x00\x03\x0e:\x0b;\x0bI\x138\n2\x0b\x00\x00"\x05\x00\x03\x0e:\x0b;\x0bI\x13\x00\x00#4\x00\x03\x0e:\x0b;\x0bI\x13\x02\n\x00\x00$4\x00\x00\x00%\x05\x00\x03\x08:\x0b;\x05I\x13\x02\x06\x00\x00&\x1d\x011\x13R\x01U\x06X\x0bY\x05\x01\x13\x00\x00\'.\x01\x03\x0e:\x0b;\x05 \x0b\x01\x13\x00\x00(.\x00\x03\x0e:\x0b;\x05 \x0b\x00\x00)\x1d\x011\x13\x11\x01\x12\x01X\x0bY\x0b\x00\x00*\x89\x82\x01\x01\x11\x011\x13\x00\x00+\x05\x00\x03\x0eI\x134\x0c\x00\x00,.\x01G\x13 \x0bd\x13\x01\x13\x00\x00-\x89\x82\x01\x01\x11\x01\x95B\x0c1\x13\x00\x00.\x89\x82\x01\x01\x11\x011\x13\x01\x13\x00\x00/.\x01\x03\x0e:\x0b;\x05\x11\x01\x12\x01@\n\x97B\x0c\x01\x13\x00\x000\x13\x01\x03\x0e\x0b\x0b:\x0b;\x05\x01\x13\x00\x001!\x00I\x13/\x0b\x00\x002\x01\x01I\x13\x01\x13\x00\x003.\x01\x03\x0e:\x0b;\x05I\x13 \x0b\x01\x13\x00\x004\x16\x00\x03\x0e:\x0b;\x0bI\x13\x00\x005\x05\x00\x03\x08:\x0b;\x0bI\x13\x00\x0064\x00\x03\x08:\x0b;\x0bI\x13\x00\x0074\x001\x13\x1c\x0b\x00\x008.\x01\x03\x0e4\x0c \x0b\x01\x13\x00\x009.\x01\x03\x0e:\x0b;\x0b<\x0cd\x13\x01\x13\x00\x00:\x05\x00\x03\x0eI\x134\x0c\x02\x06\x00\x00;.\x00\x03\x0e:\x0b;\x0b \x0b\x00\x00<\x1d\x011\x13\x11\x01\x12\x01X\x0bY\x0b\x01\x13\x00\x00=\x0b\x011\x13\x11\x01\x12\x01\x00\x00>.\x011\x13\x11\x01\x12\x01@\n\x97B\x0c\x01\x13\x00\x00?\x89\x82\x01\x01\x11\x01\x00\x00@$\x00\x0b\x0b>\x0b\x03\x0e\x00\x00A\r\x00\x03\x08:\x0b;\x05I\x138\n\x00\x00B\x13\x01\x03\x0e\x0b\x0b:\x0b;\x0b\x87@\x0e\x01\x13\x00\x00C\r\x00\x03\x08:\x0b;\x0bI\x138\n\x00\x00D\x0b\x01\x01\x13\x00\x00E\x1d\x011\x13R\x01U\x06X\x0bY\x0b\x01\x13\x00\x00F\x0b\x011\x13U\x06\x00\x00G.\x00\x03\x0e:\x0b;\x05I\x13 \x0b\x00\x00H.\x01\x03\x0e:\x0b;\x05\x11\x01\x12\x01@\x06\x97B\x0c\x01\x13\x00\x00I.\x01\x03\x0e:\x0b;\x0bI\x13 \x0b\x01\x13\x00\x00J5\x00I\x13\x00\x00K\x04\x01\x03\x0e>\x0b\x0b\x0bI\x13:\x0b;\x05\x01\x13\x00\x00L\x0b\x011\x13\x11\x01\x12\x01\x01\x13\x00\x00M\x1d\x011\x13R\x01U\x06X\x0bY\x05\x00\x00N\x05\x001\x13\x1c\r\x00\x00O\x13\x01\x03\x0e\x0b\x0b:\x0b;\x0b\x1d\x13\x01\x13\x00\x00P4\x001\x13\x02\n\x00\x00Q.\x01\x03\x0eI\x134\x0c \x0b\x01\x13\x00\x00R4\x00\x1c\x0b\x00\x00S.\x01\x03\x0e:\x0b;\x0b \x0b\x01\x13\x00\x00T\x1d\x001\x13\x11\x01\x12\x01X\x0bY\x0b\x00\x00U\x05\x00\x03\x0e:\x0b;\x05I\x13\x02\x06\x00\x00V\x89\x82\x01\x00\x11\x01\x00\x00W.\x01\x03\x0e:\x0b;\x0bL\x0bM\n\x1d\x13<\x0cd\x13\x01\x13\x00\x00X\x1c\x00I\x138\n2\x0b\x00\x00Y.\x00G\x13 \x0b\x00\x00Z.\x011\x13\x11\x01\x12\x01@\x06\x97B\x0c\x01\x13\x00\x00[\x13\x01\x03\x0e\x0b\x0b:\x0b;\x0b\x01\x13\x00\x00\\.\x01\x03\x0e:\x0b;\x0bI\x13L\x0bM\n\x1d\x13<\x0cd\x13\x01\x13\x00\x00]\x10\x00\x0b\x0bI\x13\x00\x00^.\x00\x03\x0e:\x0b;\x0bI\x13 \x0b\x00\x00_\x05\x001\x13\x02\n\x00\x00`\x05\x00\x03\x0e:\x0b;\x0bI\x13\x02\x06\x00\x00a.\x01G\x13\x11\x01\x12\x01@\x06d\x13\x97B\x0c\x01\x13\x00\x00b.\x01G\x13\x11\x01\x12\x01@\nd\x13\x97B\x0c\x01\x13\x00\x00c4\x00\x03\x08:\x0b;\x05I\x13\x1c\r\x00\x00d\x89\x82\x01\x01\x11\x01\x95B\x0c\x00\x00e.\x00\x03\x0e4\x0c \x0b\x00\x00f4\x00\x03\x08:\x0b;\x0bI\x13\x02\n\x00\x00g\x0b\x011\x13U\x06\x01\x13\x00\x00h\x1d\x011\x13R\x01U\x06X\x0bY\x0b\x00\x00i.\x01G\x13:\x0b;\x0b\x11\x01\x12\x01@\x06d\x13\x97B\x0c\x01\x13\x00\x00j\x89\x82\x01\x01\x11\x01\x01\x13\x00\x00k\x16\x00\x03\x08:\x0b;\x0bI\x13\x00\x00l.\x01\x03\x0e4\x0c<\x0cd\x13\x01\x13\x00\x00m4\x00\x03\x08:\x0b;\x0bI\x13\x02\x06\x00\x00n.\x01\x03\x0e:\x0b;\x05I\x13\x11\x01\x12\x01@\n\x97B\x0c\x01\x13\x00\x00o.\x01\x03\x0e:\x0b;\x05I\x13\x11\x01\x12\x01@\x06\x97B\x0c\x01\x13\x00\x00p\x0b\x01\x11\x01\x12\x01\x01\x13\x00\x00q.\x011\x13\x11\x01\x12\x01@\x06d\x13\x97B\x0c\x01\x13\x00\x00r\r\x00\x03\x08:\x0b;\x0bI\x138\n2\x0b\x00\x00s.\x01\x03\x0e:\x0b;\x0b<\x0cd\x13\x00\x00t\r\x00\x03\x0eI\x138\n4\x0c\x00\x00u.\x01\x03\x0eL\x0bM\n\x1d\x134\x0c<\x0cd\x13\x00\x00v.\x00\x03\x0eI\x134\x0c<\x0c\x00\x00w.\x01\x03\x0e:\x0b;\x0bI\x13<\x0cd\x13\x01\x13\x00\x00x\r\x00\x03\x0e:\x0b;\x05I\x13\x00\x00y.\x01\x03\x0e:\x0b;\x0bI\x13\x11\x01\x12\x01@\n\x97B\x0c\x01\x13\x00\x00z\x0b\x01U\x06\x01\x13\x00\x00{\x1d\x001\x13R\x01U\x06X\x0bY\x05\x00\x00|.\x01G\x13:\x0b;\x0b \x0b\x01\x13\x00\x00}4\x00\x03\x0eI\x134\x0c\x00\x00~.\x01G\x13\x11\x01\x12\x01@\x06d\x13\x96B\x0c\x01\x13\x00\x00\x7f\x05\x00\x03\x0eI\x134\x0c\x02\n\x00\x00\x80\x01\x05\x00\x03\x0e:\x0b;\x05I\x13\x02\n\x00\x00\x81\x014\x00\x03\x0e:\x0b;\x05I\x13\x1c\x0b\x00\x00\x82\x01.\x01G\x13:\x0b;\x0b\x11\x01\x12\x01@\nd\x13\x97B\x0c\x01\x13\x00\x00\x83\x01.\x01?\x0c\x03\x0e:\x0b;\x05\x11\x01\x12\x01@\x06\x97B\x0c\x01\x13\x00\x00\x84\x01\x11\x01%\x0e\x13\x0b\x03\x0e\x1b\x0eU\x06\x11\x01R\x01\x10\x06\x00\x00\x85\x01.\x01?\x0c\x03\x0e:\x0b;\x0b\x87@\x0e<\x0cd\x13\x01\x13\x00\x00\x86\x01.\x01\x03\x0e:\x0b;\x0bL\x0bM\n\x1d\x13<\x0cd\x13\x00\x00\x87\x01\x15\x01I\x13\x01\x13\x00\x00\x88\x01\x18\x00\x00\x00\x89\x01$\x00\x0b\x0b>\x0b\x03\x08\x00\x00\x8a\x01\x0f\x00\x0b\x0b\x03\x0eI\x13\x00\x00\x8b\x01.\x01\x03\x0eL\x0bM\n\x1d\x134\x0c<\x0cd\x13\x01\x13\x00\x00\x8c\x01.\x01?\x0c\x03\x0e:\x0b;\x0b\x87@\x0eI\x13<\x0cd\x13\x00\x00\x8d\x01\x13\x00\x03\x0e<\x0c\x00\x00\x8e\x01\x13\x01\x03\x0e<\x0c\x01\x13\x00\x00\x8f\x01.\x01?\x0c\x03\x0e:\x0b;\x0b\x87@\x0e2\x0b<\x0cd\x13\x00\x00\x90\x01.\x01\x03\x0eI\x13L\x0bM\n\x1d\x134\x0c<\x0cd\x13\x01\x13\x00\x00\x91\x01.\x01\x03\x0e:\x0b;\x0bI\x13L\x0bM\n\x1d\x13<\x0cd\x13\x00\x00\x92\x01.\x01\x03\x0e:\x0b;\x05<\x0cd\x13\x00\x00\x93\x01.\x01?\x0c\x03\x0e:\x0b;\x0b\x87@\x0eI\x13<\x0cd\x13\x01\x13\x00\x00\x94\x01.\x01\x03\x08:\x0b;\x0bI\x13<\x0cd\x13\x01\x13\x00\x00\x95\x01.\x01\x03\x0e:\x0b;\x0b2\x0b<\x0cd\x13\x01\x13\x00\x00\x96\x01.\x01?\x0c\x03\x0e:\x0b;\x0b\x87@\x0e<\x0cd\x13\x00\x00\x97\x01.\x01\x03\x0e:\x0b;\x0bI\x13<\x0cd\x13\x00\x00\x98\x01\x15\x00\x00\x00\x99\x01\x17\x01\x0b\x0b:\x0b;\x05\x01\x13\x00\x00\x9a\x01\r\x00\x03\x08:\x0b;\x05I\x13\x00\x00\x9b\x01\x13\x01\x03\x0e\x0b\x0b:\x0b;\x05\x87@\x0e\x01\x13\x00\x00\x9c\x01\x15\x01\x01\x13\x00\x00\x9d\x01\x0f\x00\x0b\x0b\x00\x00\x9e\x01&\x00\x00\x00\x9f\x014\x00\x03\x0e:\x0b;\x0bI\x13\x02\x06\x00\x00\xa0\x01.\x00\x03\x0e:\x0b;\x05\x11\x01\x12\x01@\n\x97B\x0c\x00\x00\xa1\x01.\x01\x03\x0e:\x0b;\x0b\x11\x01\x12\x01@\n\x97B\x0c\x01\x13\x00\x00\xa2\x01.\x01G\x13:\x0b;\x0b \x0bd\x13\x01\x13\x00\x00\xa3\x01\x05\x00\x03\x08:\x0b;\x0bI\x13\x02\x06\x00\x00\xa4\x01.\x011\x13\x11\x01\x12\x01@\nd\x13\x97B\x0c\x01\x13\x00\x00\xa5\x01\x05\x00\x03\x0e:\x0b;\x0bI\x13\x02\n\x00\x00\xa6\x01\x05\x00\x02\x06\x00\x00\xa7\x014\x00\x1c\r\x00\x00\xa8\x014\x00\x03\x0eI\x134\x0c\x02\x06\x00\x00\xa9\x019\x01\x03\x08:\x0b;\x0b\x01\x13\x00\x00\xaa\x01.\x01\x03\x0e4\x0c\x11\x01\x12\x01@\x06\x97B\x0c\x01\x13\x00\x00\xab\x014\x00\x03\x0e:\x0b;\x05I\x13\x1c\x05\x00\x00\xac\x01\x89\x82\x01\x00\x11\x01\x95B\x0c\x00\x00\xad\x01.\x01?\x0c\x03\x0e:\x0b;\x0b\x11\x01\x12\x01@\x06\x97B\x0c\x01\x13\x00\x00\xae\x01.\x01?\x0c\x03\x0e:\x0b;\x0bI\x13\x87\x01\x0c\x11\x01\x12\x01@\x06\x96B\x0c\x01\x13\x00\x00\xaf\x01.\x01\x03\x0e4\x0c\x11\x01\x12\x01@\n\x97B\x0c\x01\x13\x00\x00\xb0\x014\x00\x03\x0e:\x0b;\x0bI\x13\x1c\r\x00\x00\xb1\x014\x00\x03\x0e:\x0b;\x0bI\x13\x1c\x0b\x00\x00\x00\x01\x11\x00\x10\x06\x11\x01\x12\x01\x03\x08\x1b\x08%\x08\x13\x05\x00\x00\x00\x01\x11\x00\x10\x06\x11\x01\x12\x01\x03\x08\x1b\x08%\x08\x13\x05\x00\x00\x00\x01\x11\x00\x10\x06\x11\x01\x12\x01\x03\x08\x1b\x08%\x08\x13\x05\x00\x00\x00\x01\x11\x00\x10\x06\x11\x01\x12\x01\x03\x08\x1b\x08%\x08\x13\x05\x00\x00\x00\x01\x11\x00\x10\x06\x11\x01\x12\x01\x03\x08\x1b\x08%\x08\x13\x05\x00\x00\x00\x01\x11\x00\x10\x06\x11\x01\x12\x01\x03\x08\x1b\x08%\x08\x13\x05\x00\x00\x00\x01\x11\x00\x10\x06\x11\x01\x12\x01\x03\x08\x1b\x08%\x08\x13\x05\x00\x00\x00\x01\x11\x00\x10\x06\x11\x01\x12\x01\x03\x08\x1b\x08%\x08\x13\x05\x00\x00\x00', rid = 10), image=b'\x01\x11\x01%\x0e\x10\x06\x00\x00\x02$\x00\x03\x0e\x0b\x0b>\x0b\x00\x00\x03$\x00\x03\x0e\x0b\x0b>\x0b\x00\x00\x04\x01\x01I\x13\x00\x00\x05!\x00I\x13/\x05\x00\x00\x064\x00\x03\x0e:\x0b;\x0bI\x13?\x0c\x02\n\x00\x00\x074\x00\x03\x0e:\x0b;\x0bI\x13?\x0c\x02\n\x00\x00\x084\x00\x03\x0e:\x0b;\x0bI\x13?\x0c\x02\n\x00\x00\t4\x00\x03\x0e:\x0b;\x0bI\x13?\x0c\x02\n\x00\x00\n4\x00\x03\x0e:\x0b;\x0bI\x13?\x0c\x02\n\x00\x00\x0b4\x00\x03\x0e:\x0b;\x0bI\x13?\x0c\x02\n\x00\x00\x0c4\x00\x03\x0e:\x0b;\x0bI\x13?\x0c\x02\n\x00\x00\r4\x00\x03\x0e:\x0b;\x0bI\x13?\x0c\x02\n\x00\x00\x0e4\x00\x03\x0e:\x0b;\x0bI\x13?\x0c\x02\n\x00\x00\x0f4\x00\x03\x0e:\x0b;\x0bI\x13?\x0c\x02\n\x00\x00\x104\x00\x03\x0e:\x0b;\x0bI\x13?\x0c\x02\n\x00\x00\x114\x00\x03\x0e:\x0b;\x0bI\x13?\x0c\x02\n\x00\x00\x124\x00\x03\x0e:\x0b;\x0bI\x13?\x0c\x02\n\x00\x00\x134\x00\x03\x0e:\x0b;\x0bI\x13?\x0c\x02\n\x00\x00\x144\x00\x03\x0e:\x0b;\x0bI\x13?\x0c\x02\n\x00\x00\x154\x00\x03\x0e:\x0b;\x0bI\x13?\x0c\x02\n\x00\x00\x164\x00\x03\x0e:\x0b;\x0bI\x13?\x0c\x02\n\x00\x00\x174\x00\x03\x0e:\x0b;\x0bI\x13?\x0c\x02\n\x00\x00\x184\x00\x03\x0e:\x0b;\x0bI\x13?\x0c\x02\n\x00\x00\x194\x00\x03\x0e:\x0b;\x0bI\x13?\x0c\x02\n\x00\x00\x1a4\x00\x03\x0e:\x0b;\x0bI\x13?\x0c\x02\n\x00\x00\x1b4\x00\x03\x0e:\x0b;\x0bI\x13?\x0c\x02\n\x00\x00\x1c4\x00\x03\x0e:\x0b;\x0bI\x13?\x0c\x02\n\x00\x00\x1d4\x00\x03\x0e:\x0b;\x0bI\x13?\x0c\x02\n\x00\x00\x1e4\x00\x03\x0e:\x0b;\x0bI\x13?\x0c\x02\n\x00\x00\x1f4\x00\x03\x0e:\x0b;\x0bI\x13?\x0c\x02\n\x00\x00 4\x00\x03\x0e:\x0b;\x0bI\x13?\x0c\x02\n\x00\x00!4\x00\x03\x0e:\x0b;\x0bI\x13?\x0c\x02\n\x00\x00"4\x00\x03\x0e:\x0b;\x0bI\x13?\x0c\x02\n\x00\x00#4\x00\x03\x0e:\x0b;\x0bI\x13?\x0c\x02\n\x00\x00$4\x00\x03\x0e:\x0b;\x0bI\x13?\x0c\x02\n\x00\x00%4\x00\x03\x0e:\x0b;\x0bI\x13?\x0c\x02\n\x00\x00&4\x00\x03\x0e:\x0b;\x0bI\x13?\x0c\x02\n\x00\x00\'4\x00\x03\x0e:\x0b;\x0bI\x13?\x0c\x02\n\x00\x00(4\x00\x03\x0e:\x0b;\x0bI\x13?\x0c\x02\n\x00\x00)4\x00\x03\x0e:\x0b;\x0bI\x13?\x0c\x02\n\x00\x00*4\x00\x03\x0e:\x0b;\x0bI\x13?\x0c\x02\n\x00\x00+4\x00\x03\x0e:\x0b;\x0bI\x13?\x0c\x02\n\x00\x00,4\x00\x03\x0e:\x0b;\x0bI\x13?\x0c\x02\n\x00\x00-4\x00\x03\x0e:\x0b;\x0bI\x13?\x0c\x02\n\x00\x00.4\x00\x03\x0e:\x0b;\x0bI\x13?\x0c\x02\n\x00\x00/4\x00\x03\x0e:\x0b;\x0bI\x13?\x0c\x02\n\x00\x0004\x00\x03\x0e:\x0b;\x0bI\x13?\x0c\x02\n\x00\x0014\x00\x03\x0e:\x0b;\x0bI\x13?\x0c\x02\n\x00\x0024\x00\x03\x0e:\x0b;\x0bI\x13?\x0c\x02\n\x00\x0034\x00\x03\x0e:\x0b;\x0bI\x13?\x0c\x02\n\x00\x0044\x00\x03\x0e:\x0b;\x0bI\x13?\x0c\x02\n\x00\x0054\x00\x03\x0e:\x0b;\x0bI\x13?\x0c\x02\n\x00\x0064\x00\x03\x0e:\x0b;\x0bI\x13?\x0c\x02\n\x00\x0074\x00\x03\x0e:\x0b;\x0bI\x13?\x0c\x02\n\x00\x0084\x00\x03\x0e:\x0b;\x0bI\x13?\x0c\x02\n\x00\x0094\x00\x03\x0e:\x0b;\x0bI\x13?\x0c\x02\n\x00\x00:4\x00\x03\x0e:\x0b;\x0bI\x13?\x0c\x02\n\x00\x00;4\x00\x03\x0e:\x0b;\x0bI\x13?\x0c\x02\n\x00\x00<4\x00\x03\x0e:\x0b;\x0bI\x13?\x0c\x02\n\x00\x00=4\x00\x03\x0e:\x0b;\x0bI\x13?\x0c\x02\n\x00\x00>4\x00\x03\x0e:\x0b;\x0bI\x13?\x0c\x02\n\x00\x00?4\x00\x03\x0e:\x0b;\x0bI\x13?\x0c\x02\n\x00\x00@4\x00\x03\x0e:\x0b;\x0bI\x13?\x0c\x02\n\x00\x00A4\x00\x03\x0e:\x0b;\x0bI\x13?\x0c\x02\n\x00\x00B4\x00\x03\x0e:\x0b;\x0bI\x13?\x0c\x02\n\x00\x00C4\x00\x03\x0e:\x0b;\x0bI\x13?\x0c\x02\n\x00\x00D4\x00\x03\x0e:\x0b;\x0bI\x13?\x0c\x02\n\x00\x00E4\x00\x03\x0e:\x0b;\x0bI\x13?\x0c\x02\n\x00\x00F4\x00\x03\x0e:\x0b;\x0bI\x13?\x0c\x02\n\x00\x00G4\x00\x03\x0e:\x0b;\x0bI\x13?\x0c\x02\n\x00\x00H4\x00\x03\x0e:\x0b;\x0bI\x13?\x0c\x02\n\x00\x00I4\x00\x03\x0e:\x0b;\x0bI\x13?\x0c\x02\n\x00\x00J4\x00\x03\x0e:\x0b;\x0bI\x13?\x0c\x02\n\x00\x00K4\x00\x03\x0e:\x0b;\x0bI\x13?\x0c\x02\n\x00\x00L4\x00\x03\x0e:\x0b;\x0bI\x13?\x0c\x02\n\x00\x00M4\x00\x03\x0e:\x0b;\x0bI\x13?\x0c\x02\n\x00\x00N4\x00\x03\x0e:\x0b;\x0bI\x13?\x0c\x02\n\x00\x00O4\x00\x03\x0e:\x0b;\x0bI\x13?\x0c\x02\n\x00\x00P4\x00\x03\x0e:\x0b;\x0bI\x13?\x0c\x02\n\x00\x00Q4\x00\x03\x0e:\x0b;\x0bI\x13?\x0c\x02\n\x00\x00R4\x00\x03\x0e:\x0b;\x0bI\x13?\x0c\x02\n\x00\x00S4\x00\x03\x0e:\x0b;\x0bI\x13?\x0c\x02\n\x00\x00T4\x00\x03\x0e:\x0b;\x0bI\x13?\x0c\x02\n\x00\x00U4\x00\x03\x0e:\x0b;\x0bI\x13?\x0c\x02\n\x00\x00V4\x00\x03\x0e:\x0b;\x0bI\x13?\x0c\x02\n\x00\x00W4\x00\x03\x0e:\x0b;\x0bI\x13?\x0c\x02\n\x00\x00X4\x00\x03\x0e:\x0b;\x0bI\x13?\x0c\x02\n\x00\x00Y4\x00\x03\x0e:\x0b;\x0bI\x13?\x0c\x02\n\x00\x00Z4\x00\x03\x0e:\x0b;\x0bI\x13?\x0c\x02\n\x00\x00[4\x00\x03\x0e:\x0b;\x0bI\x13?\x0c\x02\n\x00\x00\\4\x00\x03\x0e:\x0b;\x0bI\x13?\x0c\x02\n\x00\x00]4\x00\x03\x0e:\x0b;\x0bI\x13?\x0c\x02\n\x00\x00^4\x00\x03\x0e:\x0b;\x0bI\x13?\x0c\x02\n\x00\x00_4\x00\x03\x0e:\x0b;\x0bI\x13?\x0c\x02\n\x00\x00`4\x00\x03\x0e:\x0b;\x0bI\x13?\x0c\x02\n\x00\x00a4\x00\x03\x0e:\x0b;\x0bI\x13?\x0c\x02\n\x00\x00b4\x00\x03\x0e:\x0b;\x0bI\x13?\x0c\x02\n\x00\x00c4\x00\x03\x0e:\x0b;\x0bI\x13?\x0c\x02\n\x00\x00d4\x00\x03\x0e:\x0b;\x0bI\x13?\x0c\x02\n\x00\x00e4\x00\x03\x0e:\x0b;\x0bI\x13?\x0c\x02\n\x00\x00f4\x00\x03\x0e:\x0b;\x0bI\x13?\x0c\x02\n\x00\x00g4\x00\x03\x0e:\x0b;\x0bI\x13?\x0c\x02\n\x00\x00h4\x00\x03\x0e:\x0b;\x0bI\x13?\x0c\x02\n\x00\x00i4\x00\x03\x0e:\x0b;\x0bI\x13?\x0c\x02\n\x00\x00j4\x00\x03\x0e:\x0b;\x0bI\x13?\x0c\x02\n\x00\x00k4\x00\x03\x0e:\x0b;\x0bI\x13?\x0c\x02\n\x00\x00l4\x00\x03\x0e:\x0b;\x0bI\x13?\x0c\x02\n\x00\x00m4\x00\x03\x0e:\x0b;\x0bI\x13?\x0c\x02\n\x00\x00n4\x00\x03\x0e:\x0b;\x0bI\x13?\x0c\x02\n\x00\x00o4\x00\x03\x0e:\x0b;\x0bI\x13?\x0c\x02\n\x00\x00p4\x00\x03\x0e:\x0b;\x0bI\x13?\x0c\x02\n\x00\x00q4\x00\x03\x0e:\x0b;\x0bI\x13?\x0c\x02\n\x00\x00r4\x00\x03\x0e:\x0b;\x0bI\x13?\x0c\x02\n\x00\x00s4\x00\x03\x0e:\x0b;\x0bI\x13?\x0c\x02\n\x00\x00t4\x00\x03\x0e:\x0b;\x0bI\x13?\x0c\x02\n\x00\x00u4\x00\x03\x0e:\x0b;\x0bI\x13?\x0c\x02\n\x00\x00v4\x00\x03\x0e:\x0b;\x0bI\x13?\x0c\x02\n\x00\x00w4\x00\x03\x0e:\x0b;\x0bI\x13?\x0c\x02\n\x00\x00x4\x00\x03\x0e:\x0b;\x0bI\x13?\x0c\x02\n\x00\x00y4\x00\x03\x0e:\x0b;\x0bI\x13?\x0c\x02\n\x00\x00z4\x00\x03\x0e:\x0b;\x0bI\x13?\x0c\x02\n\x00\x00{4\x00\x03\x0e:\x0b;\x0bI\x13?\x0c\x02\n\x00\x00|4\x00\x03\x0e:\x0b;\x0bI\x13?\x0c\x02\n\x00\x00}4\x00\x03\x0e:\x0b;\x0bI\x13?\x0c\x02\n\x00\x00~4\x00\x03\x0e:\x0b;\x0bI\x13?\x0c\x02\n\x00\x00\x7f4\x00\x03\x0e:\x0b;\x0bI\x13?\x0c\x02\n\x00\x00\x80\x014\x00\x03\x0e:\x0b;\x0bI\x13?\x0c\x02\n\x00\x00\x81\x014\x00\x03\x0e:\x0b;\x0bI\x13?\x0c\x02\n\x00\x00\x82\x014\x00\x03\x0e:\x0b;\x0bI\x13?\x0c\x02\n\x00\x00\x83\x014\x00\x03\x0e:\x0b;\x0bI\x13?\x0c\x02\n\x00\x00\x84\x014\x00\x03\x0e:\x0b;\x0bI\x13?\x0c\x02\n\x00\x00\x85\x014\x00\x03\x0e:\x0b;\x0bI\x13?\x0c\x02\n\x00\x00\x86\x014\x00\x03\x0e:\x0b;\x0bI\x13?\x0c\x02\n\x00\x00\x87\x014\x00\x03\x0e:\x0b;\x0bI\x13?\x0c\x02\n\x00\x00\x88\x014\x00\x03\x0e:\x0b;\x0bI\x13?\x0c\x02\n\x00\x00\x89\x014\x00\x03\x0e:\x0b;\x0bI\x13?\x0c\x02\n\x00\x00\x8a\x014\x00\x03\x0e:\x0b;\x0bI\x13?\x0c\x02\n\x00\x00\x8b\x014\x00\x03\x0e:\x0b;\x0bI\x13?\x0c\x02\n\x00\x00\x8c\x014\x00\x03\x0e:\x0b;\x0bI\x13?\x0c\x02\n\x00\x00\x8d\x014\x00\x03\x0e:\x0b;\x0bI\x13?\x0c\x02\n\x00\x00\x8e\x014\x00\x03\x0e:\x0b;\x0bI\x13?\x0c\x02\n\x00\x00\x8f\x014\x00\x03\x0e:\x0b;\x0bI\x13?\x0c\x02\n\x00\x00\x00\x01\x05\x001\x13\x02\x06\x00\x00\x02\x1d\x011\x13\x11\x01\x12\x01X\x0bY\x05\x01\x13\x00\x00\x03\x8a\x82\x01\x00\x02\n\x91B\n\x00\x00\x044\x001\x13\x02\x06\x00\x00\x054\x00\x03\x0e:\x0b;\x05I\x13\x00\x00\x064\x001\x13\x00\x00\x074\x00\x03\x0e:\x0b;\x05I\x13\x02\x06\x00\x00\x08\r\x00\x03\x0e:\x0b;\x0bI\x138\n\x00\x00\t\x0b\x01\x11\x01\x12\x01\x00\x00\n4\x00\x03\x08:\x0b;\x05I\x13\x00\x00\x0b\x05\x001\x13\x1c\x0b\x00\x00\x0c\x05\x00\x03\x08:\x0b;\x05I\x13\x00\x00\r4\x00\x03\x08:\x0b;\x05I\x13\x02\x06\x00\x00\x0e4\x00\x02\x06\x00\x00\x0f\r\x00\x03\x0e:\x0b;\x05I\x138\n\x00\x00\x10\x05\x00I\x134\x0c\x00\x00\x11(\x00\x03\x0e\x1c\x0b\x00\x00\x12\x05\x00\x03\x0e:\x0b;\x05I\x13\x00\x00\x13\x05\x001\x13\x00\x00\x14\x89\x82\x01\x00\x11\x01\x95B\x0c1\x13\x00\x00\x15\x1d\x011\x13\x11\x01\x12\x01X\x0bY\x05\x00\x00\x16\x1d\x001\x13\x11\x01\x12\x01X\x0bY\x05\x00\x00\x17&\x00I\x13\x00\x00\x18\x89\x82\x01\x00\x11\x011\x13\x00\x00\x194\x00\x03\x0e:\x0b;\x0bI\x13\x00\x00\x1a\x16\x00\x03\x0e:\x0b;\x05I\x13\x00\x00\x1b\x0f\x00\x0b\x0bI\x13\x00\x00\x1c\x05\x00I\x13\x00\x00\x1d\x0b\x01\x00\x00\x1e\x0b\x01U\x06\x00\x00\x1f4\x00\x03\x0e:\x0b;\x05I\x13\x02\n\x00\x00 4\x00\x03\x08:\x0b;\x05I\x13\x1c\x0b\x00\x00!\r\x00\x03\x0e:\x0b;\x0bI\x138\n2\x0b\x00\x00"\x05\x00\x03\x0e:\x0b;\x0bI\x13\x00\x00#4\x00\x03\x0e:\x0b;\x0bI\x13\x02\n\x00\x00$4\x00\x00\x00%\x05\x00\x03\x08:\x0b;\x05I\x13\x02\x06\x00\x00&\x1d\x011\x13R\x01U\x06X\x0bY\x05\x01\x13\x00\x00\'.\x01\x03\x0e:\x0b;\x05 \x0b\x01\x13\x00\x00(.\x00\x03\x0e:\x0b;\x05 \x0b\x00\x00)\x1d\x011\x13\x11\x01\x12\x01X\x0bY\x0b\x00\x00*\x89\x82\x01\x01\x11\x011\x13\x00\x00+\x05\x00\x03\x0eI\x134\x0c\x00\x00,.\x01G\x13 \x0bd\x13\x01\x13\x00\x00-\x89\x82\x01\x01\x11\x01\x95B\x0c1\x13\x00\x00.\x89\x82\x01\x01\x11\x011\x13\x01\x13\x00\x00/.\x01\x03\x0e:\x0b;\x05\x11\x01\x12\x01@\n\x97B\x0c\x01\x13\x00\x000\x13\x01\x03\x0e\x0b\x0b:\x0b;\x05\x01\x13\x00\x001!\x00I\x13/\x0b\x00\x002\x01\x01I\x13\x01\x13\x00\x003.\x01\x03\x0e:\x0b;\x05I\x13 \x0b\x01\x13\x00\x004\x16\x00\x03\x0e:\x0b;\x0bI\x13\x00\x005\x05\x00\x03\x08:\x0b;\x0bI\x13\x00\x0064\x00\x03\x08:\x0b;\x0bI\x13\x00\x0074\x001\x13\x1c\x0b\x00\x008.\x01\x03\x0e4\x0c \x0b\x01\x13\x00\x009.\x01\x03\x0e:\x0b;\x0b<\x0cd\x13\x01\x13\x00\x00:\x05\x00\x03\x0eI\x134\x0c\x02\x06\x00\x00;.\x00\x03\x0e:\x0b;\x0b \x0b\x00\x00<\x1d\x011\x13\x11\x01\x12\x01X\x0bY\x0b\x01\x13\x00\x00=\x0b\x011\x13\x11\x01\x12\x01\x00\x00>.\x011\x13\x11\x01\x12\x01@\n\x97B\x0c\x01\x13\x00\x00?\x89\x82\x01\x01\x11\x01\x00\x00@$\x00\x0b\x0b>\x0b\x03\x0e\x00\x00A\r\x00\x03\x08:\x0b;\x05I\x138\n\x00\x00B\x13\x01\x03\x0e\x0b\x0b:\x0b;\x0b\x87@\x0e\x01\x13\x00\x00C\r\x00\x03\x08:\x0b;\x0bI\x138\n\x00\x00D\x0b\x01\x01\x13\x00\x00E\x1d\x011\x13R\x01U\x06X\x0bY\x0b\x01\x13\x00\x00F\x0b\x011\x13U\x06\x00\x00G.\x00\x03\x0e:\x0b;\x05I\x13 \x0b\x00\x00H.\x01\x03\x0e:\x0b;\x05\x11\x01\x12\x01@\x06\x97B\x0c\x01\x13\x00\x00I.\x01\x03\x0e:\x0b;\x0bI\x13 \x0b\x01\x13\x00\x00J5\x00I\x13\x00\x00K\x04\x01\x03\x0e>\x0b\x0b\x0bI\x13:\x0b;\x05\x01\x13\x00\x00L\x0b\x011\x13\x11\x01\x12\x01\x01\x13\x00\x00M\x1d\x011\x13R\x01U\x06X\x0bY\x05\x00\x00N\x05\x001\x13\x1c\r\x00\x00O\x13\x01\x03\x0e\x0b\x0b:\x0b;\x0b\x1d\x13\x01\x13\x00\x00P4\x001\x13\x02\n\x00\x00Q.\x01\x03\x0eI\x134\x0c \x0b\x01\x13\x00\x00R4\x00\x1c\x0b\x00\x00S.\x01\x03\x0e:\x0b;\x0b \x0b\x01\x13\x00\x00T\x1d\x001\x13\x11\x01\x12\x01X\x0bY\x0b\x00\x00U\x05\x00\x03\x0e:\x0b;\x05I\x13\x02\x06\x00\x00V\x89\x82\x01\x00\x11\x01\x00\x00W.\x01\x03\x0e:\x0b;\x0bL\x0bM\n\x1d\x13<\x0cd\x13\x01\x13\x00\x00X\x1c\x00I\x138\n2\x0b\x00\x00Y.\x00G\x13 \x0b\x00\x00Z.\x011\x13\x11\x01\x12\x01@\x06\x97B\x0c\x01\x13\x00\x00[\x13\x01\x03\x0e\x0b\x0b:\x0b;\x0b\x01\x13\x00\x00\\.\x01\x03\x0e:\x0b;\x0bI\x13L\x0bM\n\x1d\x13<\x0cd\x13\x01\x13\x00\x00]\x10\x00\x0b\x0bI\x13\x00\x00^.\x00\x03\x0e:\x0b;\x0bI\x13 \x0b\x00\x00_\x05\x001\x13\x02\n\x00\x00`\x05\x00\x03\x0e:\x0b;\x0bI\x13\x02\x06\x00\x00a.\x01G\x13\x11\x01\x12\x01@\x06d\x13\x97B\x0c\x01\x13\x00\x00b.\x01G\x13\x11\x01\x12\x01@\nd\x13\x97B\x0c\x01\x13\x00\x00c4\x00\x03\x08:\x0b;\x05I\x13\x1c\r\x00\x00d\x89\x82\x01\x01\x11\x01\x95B\x0c\x00\x00e.\x00\x03\x0e4\x0c \x0b\x00\x00f4\x00\x03\x08:\x0b;\x0bI\x13\x02\n\x00\x00g\x0b\x011\x13U\x06\x01\x13\x00\x00h\x1d\x011\x13R\x01U\x06X\x0bY\x0b\x00\x00i.\x01G\x13:\x0b;\x0b\x11\x01\x12\x01@\x06d\x13\x97B\x0c\x01\x13\x00\x00j\x89\x82\x01\x01\x11\x01\x01\x13\x00\x00k\x16\x00\x03\x08:\x0b;\x0bI\x13\x00\x00l.\x01\x03\x0e4\x0c<\x0cd\x13\x01\x13\x00\x00m4\x00\x03\x08:\x0b;\x0bI\x13\x02\x06\x00\x00n.\x01\x03\x0e:\x0b;\x05I\x13\x11\x01\x12\x01@\n\x97B\x0c\x01\x13\x00\x00o.\x01\x03\x0e:\x0b;\x05I\x13\x11\x01\x12\x01@\x06\x97B\x0c\x01\x13\x00\x00p\x0b\x01\x11\x01\x12\x01\x01\x13\x00\x00q.\x011\x13\x11\x01\x12\x01@\x06d\x13\x97B\x0c\x01\x13\x00\x00r\r\x00\x03\x08:\x0b;\x0bI\x138\n2\x0b\x00\x00s.\x01\x03\x0e:\x0b;\x0b<\x0cd\x13\x00\x00t\r\x00\x03\x0eI\x138\n4\x0c\x00\x00u.\x01\x03\x0eL\x0bM\n\x1d\x134\x0c<\x0cd\x13\x00\x00v.\x00\x03\x0eI\x134\x0c<\x0c\x00\x00w.\x01\x03\x0e:\x0b;\x0bI\x13<\x0cd\x13\x01\x13\x00\x00x\r\x00\x03\x0e:\x0b;\x05I\x13\x00\x00y.\x01\x03\x0e:\x0b;\x0bI\x13\x11\x01\x12\x01@\n\x97B\x0c\x01\x13\x00\x00z\x0b\x01U\x06\x01\x13\x00\x00{\x1d\x001\x13R\x01U\x06X\x0bY\x05\x00\x00|.\x01G\x13:\x0b;\x0b \x0b\x01\x13\x00\x00}4\x00\x03\x0eI\x134\x0c\x00\x00~.\x01G\x13\x11\x01\x12\x01@\x06d\x13\x96B\x0c\x01\x13\x00\x00\x7f\x05\x00\x03\x0eI\x134\x0c\x02\n\x00\x00\x80\x01\x05\x00\x03\x0e:\x0b;\x05I\x13\x02\n\x00\x00\x81\x014\x00\x03\x0e:\x0b;\x05I\x13\x1c\x0b\x00\x00\x82\x01.\x01G\x13:\x0b;\x0b\x11\x01\x12\x01@\nd\x13\x97B\x0c\x01\x13\x00\x00\x83\x01.\x01?\x0c\x03\x0e:\x0b;\x05\x11\x01\x12\x01@\x06\x97B\x0c\x01\x13\x00\x00\x84\x01\x11\x01%\x0e\x13\x0b\x03\x0e\x1b\x0eU\x06\x11\x01R\x01\x10\x06\x00\x00\x85\x01.\x01?\x0c\x03\x0e:\x0b;\x0b\x87@\x0e<\x0cd\x13\x01\x13\x00\x00\x86\x01.\x01\x03\x0e:\x0b;\x0bL\x0bM\n\x1d\x13<\x0cd\x13\x00\x00\x87\x01\x15\x01I\x13\x01\x13\x00\x00\x88\x01\x18\x00\x00\x00\x89\x01$\x00\x0b\x0b>\x0b\x03\x08\x00\x00\x8a\x01\x0f\x00\x0b\x0b\x03\x0eI\x13\x00\x00\x8b\x01.\x01\x03\x0eL\x0bM\n\x1d\x134\x0c<\x0cd\x13\x01\x13\x00\x00\x8c\x01.\x01?\x0c\x03\x0e:\x0b;\x0b\x87@\x0eI\x13<\x0cd\x13\x00\x00\x8d\x01\x13\x00\x03\x0e<\x0c\x00\x00\x8e\x01\x13\x01\x03\x0e<\x0c\x01\x13\x00\x00\x8f\x01.\x01?\x0c\x03\x0e:\x0b;\x0b\x87@\x0e2\x0b<\x0cd\x13\x00\x00\x90\x01.\x01\x03\x0eI\x13L\x0bM\n\x1d\x134\x0c<\x0cd\x13\x01\x13\x00\x00\x91\x01.\x01\x03\x0e:\x0b;\x0bI\x13L\x0bM\n\x1d\x13<\x0cd\x13\x00\x00\x92\x01.\x01\x03\x0e:\x0b;\x05<\x0cd\x13\x00\x00\x93\x01.\x01?\x0c\x03\x0e:\x0b;\x0b\x87@\x0eI\x13<\x0cd\x13\x01\x13\x00\x00\x94\x01.\x01\x03\x08:\x0b;\x0bI\x13<\x0cd\x13\x01\x13\x00\x00\x95\x01.\x01\x03\x0e:\x0b;\x0b2\x0b<\x0cd\x13\x01\x13\x00\x00\x96\x01.\x01?\x0c\x03\x0e:\x0b;\x0b\x87@\x0e<\x0cd\x13\x00\x00\x97\x01.\x01\x03\x0e:\x0b;\x0bI\x13<\x0cd\x13\x00\x00\x98\x01\x15\x00\x00\x00\x99\x01\x17\x01\x0b\x0b:\x0b;\x05\x01\x13\x00\x00\x9a\x01\r\x00\x03\x08:\x0b;\x05I\x13\x00\x00\x9b\x01\x13\x01\x03\x0e\x0b\x0b:\x0b;\x05\x87@\x0e\x01\x13\x00\x00\x9c\x01\x15\x01\x01\x13\x00\x00\x9d\x01\x0f\x00\x0b\x0b\x00\x00\x9e\x01&\x00\x00\x00\x9f\x014\x00\x03\x0e:\x0b;\x0bI\x13\x02\x06\x00\x00\xa0\x01.\x00\x03\x0e:\x0b;\x05\x11\x01\x12\x01@\n\x97B\x0c\x00\x00\xa1\x01.\x01\x03\x0e:\x0b;\x0b\x11\x01\x12\x01@\n\x97B\x0c\x01\x13\x00\x00\xa2\x01.\x01G\x13:\x0b;\x0b \x0bd\x13\x01\x13\x00\x00\xa3\x01\x05\x00\x03\x08:\x0b;\x0bI\x13\x02\x06\x00\x00\xa4\x01.\x011\x13\x11\x01\x12\x01@\nd\x13\x97B\x0c\x01\x13\x00\x00\xa5\x01\x05\x00\x03\x0e:\x0b;\x0bI\x13\x02\n\x00\x00\xa6\x01\x05\x00\x02\x06\x00\x00\xa7\x014\x00\x1c\r\x00\x00\xa8\x014\x00\x03\x0eI\x134\x0c\x02\x06\x00\x00\xa9\x019\x01\x03\x08:\x0b;\x0b\x01\x13\x00\x00\xaa\x01.\x01\x03\x0e4\x0c\x11\x01\x12\x01@\x06\x97B\x0c\x01\x13\x00\x00\xab\x014\x00\x03\x0e:\x0b;\x05I\x13\x1c\x05\x00\x00\xac\x01\x89\x82\x01\x00\x11\x01\x95B\x0c\x00\x00\xad\x01.\x01?\x0c\x03\x0e:\x0b;\x0b\x11\x01\x12\x01@\x06\x97B\x0c\x01\x13\x00\x00\xae\x01.\x01?\x0c\x03\x0e:\x0b;\x0bI\x13\x87\x01\x0c\x11\x01\x12\x01@\x06\x96B\x0c\x01\x13\x00\x00\xaf\x01.\x01\x03\x0e4\x0c\x11\x01\x12\x01@\n\x97B\x0c\x01\x13\x00\x00\xb0\x014\x00\x03\x0e:\x0b;\x0bI\x13\x1c\r\x00\x00\xb1\x014\x00\x03\x0e:\x0b;\x0bI\x13\x1c\x0b\x00\x00\x00\x01\x11\x00\x10\x06\x11\x01\x12\x01\x03\x08\x1b\x08%\x08\x13\x05\x00\x00\x00\x01\x11\x00\x10\x06\x11\x01\x12\x01\x03\x08\x1b\x08%\x08\x13\x05\x00\x00\x00\x01\x11\x00\x10\x06\x11\x01\x12\x01\x03\x08\x1b\x08%\x08\x13\x05\x00\x00\x00\x01\x11\x00\x10\x06\x11\x01\x12\x01\x03\x08\x1b\x08%\x08\x13\x05\x00\x00\x00\x01\x11\x00\x10\x06\x11\x01\x12\x01\x03\x08\x1b\x08%\x08\x13\x05\x00\x00\x00\x01\x11\x00\x10\x06\x11\x01\x12\x01\x03\x08\x1b\x08%\x08\x13\x05\x00\x00\x00\x01\x11\x00\x10\x06\x11\x01\x12\x01\x03\x08\x1b\x08%\x08\x13\x05\x00\x00\x00\x01\x11\x00\x10\x06\x11\x01\x12\x01\x03\x08\x1b\x08%\x08\x13\x05\x00\x00\x00'), '.debug_line': DebugInfo(section=Elf_Section(index = 10, sh_name = 133, sh_type = 1, sh_flags = 0, sh_addr = 0, sh_offset = 61524, sh_size = 10696, sh_link = 0, sh_info = 0, sh_addralign = 1, sh_entsize = 0, section_name = '.debug_line', section_image = b'\x16\x00\x00\x00\x02\x00\x10\x00\x00\x00\x02\x01\xfb\x0e\n\x00\x01\x01\x01\x01\x00\x00\x00\x01\x00\x00\xf6$\x00\x00\x02\x00g\x03\x00\x00\x02\x01\xfb\x0e\n\x00\x01\x01\x01\x01\x00\x00\x00\x01C:\\Users\\Chris\\AppData\\Local\\Arduino15\\packages\\arduino\\hardware\\avr\\1.8.6\\cores\\arduino\x00C:\\csProjects\\cxcp\\tools\\arduino\\hello_xcp\x00c:\\users\\chris\\appdata\\local\\arduino15\\packages\\arduino\\tools\\avr-gcc\\7.3.0-atmel3.6.1-arduino7\\avr\\include\\avr\x00c:\\users\\chris\\appdata\\local\\arduino15\\packages\\arduino\\tools\\avr-gcc\\7.3.0-atmel3.6.1-arduino7\\avr\\include\x00c:\\users\\chris\\appdata\\local\\arduino15\\packages\\arduino\\tools\\avr-gcc\\7.3.0-atmel3.6.1-arduino7\\lib\\gcc\\avr\\7.3.0\\include\x00C:\\Users\\Chris\\AppData\\Local\\Arduino15\\packages\\arduino\\hardware\\avr\\1.8.6\\variants\\leonardo\x00\x00USBCore.cpp\x00\x01\x00\x00wiring_digital.c\x00\x01\x00\x00PluggableUSB.cpp\x00\x01\x00\x00wiring.c\x00\x01\x00\x00xcp.h\x00\x02\x00\x00CDC.cpp\x00\x01\x00\x00Print.h\x00\x01\x00\x00hello_xcp.ino\x00\x02\x00\x00new.cpp\x00\x01\x00\x00main.cpp\x00\x01\x00\x00wdt.h\x00\x03\x00\x00stdint.h\x00\x04\x00\x00stddef.h\x00\x05\x00\x00Stream.h\x00\x01\x00\x00Stream.h\x00\x01\x00\x00USBAPI.h\x00\x01\x00\x00PluggableUSB.h\x00\x01\x00\x00USBCore.h\x00\x01\x00\x00hooks.c\x00\x01\x00\x00new\x00\x01\x00\x00pins_arduino.h\x00\x06\x00\x00<built-in>\x00\x00\x00\x00\x00\x00\x05\x02\x10\x02\x00\x00\x03\x82\x02\x01\x03P\t\x00\x00\x01\x03\x02\t\x02\x00\x01\x03\xbc\x7f\t\x02\x00\x01\x03\x19\t\x06\x00\x01\x03\xdc\x00\t\x04\x00\x01\x03\x90\x7f\t\x08\x00\x01\x03\xf2\x00\t\x04\x00\x01\x03R\t\x04\x00\x01\x03/\t\x02\x00\x01\x04\x02\x03\x81\x7f\t\x02\x00\x01\x03\x02\t\x00\x00\x01\x03\x01\t\x06\x00\x01\x03\x01\t\x06\x00\x01\x03\x03\t\x06\x00\x01\x03\x04\t\x06\x00\x01\x03\xb8\x7f\t\x04\x00\x01\x03\x03\t0\x00\x01\x03\x06\t\x06\x00\x01\x03\xc1\x00\t\x04\x00\x01\x03\x02\t\x10\x00\x01\x03\x01\t\x02\x00\x01\x03\x03\t\x02\x00\x01\x03\x7f\t\x02\x00\x01\x03\x01\t\x04\x00\x01\x03\x02\t\x04\x00\x01\x03\x03\t\x02\x00\x01\x03\x01\t\x02\x00\x01\x03\xb0\x7f\t\x02\x00\x01\x03\x03\t\x08\x00\x01\x03\x08\t\x08\x00\x01\x03\x04\t\x04\x00\x01\x03\n\t\n\x00\x01\x03\x06\t\x06\x00\x01\x03}\t\x06\x00\x01\x03\x03\t\x08\x00\x01\x03\x04\t\x08\x00\x01\x03\x03\t\x06\x00\x01\x03\x06\t\x0e\x00\x01\x03 \t\x0c\x00\x01\x04\x01\x03\xc8\x00\t\x04\x00\x01\x03\x02\t\x02\x00\x01\x03j\t\x08\x00\x01\x03\x02\t\x02\x00\x01\x03\xbc\x7f\t\x02\x00\x01\x03\x05\t\x06\x00\x01\x03\xd8\x00\t\x04\x00\x01\x03\x03\t\x0e\x00\x01\x03\x93\x7f\t\x04\x00\x01\x03\x01\t\x02\x00\x01\x03\x02\t\x06\x00\x01\x03\xeb\x00\t\x04\x00\x01\x03\x01\t\x02\x00\x01\x03\xa3\x7f\t\x04\x00\x01\x03\xdd\x00\t\x04\x00\x01\x03F\t\x04\x00\x01\x03!\t\x06\x00\x01\x03\x10\t\x04\x00\x01\x03\r\t\x04\x00\x01\x04\x03\x03\xee~\t\x02\x00\x01\x03\x01\t\x00\x00\x01\x03\x06\t\x08\x00\x01\x03z\t\x14\x00\x01\x03\x02\t\x06\x00\x01\x04\x04\x03g\t\x06\x00\x01\x03\x02\t\x00\x00\x01\x03\x02\t\x02\x00\x01\x03\x01\t\x02\x00\x01\x03\x02\t\x10\x00\x01\x03\x08\t\x02\x00\x01\x03\x01\t\x08\x00\x01\x03\x06\t\x06\x00\x01\x03\x02\t\x02\x00\x01\x03\x01\t"\x00\x01\x03\x02\t\x02\x00\x01\x03\x02\t\x08\x00\x01\x03\x04\t\x08\x00\x01\x03\x05\t\x16\x00\x01\x03M\t\n\x00\x01\x03\x02\t\x00\x00\x01\x03\x04\t\x02\x00\x01\x03\x01\t\x02\x00\x01\x03\x01\t\x10\x00\x01\x03\x03\t\x02\x00\x01\x04\x05\x03\x82,\t\x02\x00\x01\x03\x01\t\x00\x00\x01\x03\x01\t\x08\x00\x01\x03\x01\t\x08\x00\x01\x03\x01\t\x08\x00\x01\x03\x01\t\x08\x00\x01\x03\x01\t\x08\x00\x01\x04\x01\x03\xc7V\t\x02\x00\x01\x03\x01\t\x00\x00\x01\x03\xd2}\t\x16\x00\x01\x03\x02\t\x08\x00\x01\x03\xae\x02\t\x04\x00\x01\x03\xed}\t\x04\x00\x01\x03\x96\x02\t\x04\x00\x01\x03\xc2}\t\x12\x00\x01\x03\xc1\x02\t\x06\x00\x01\x03\x01\t\x12\x00\x01\x03z\t\x04\x00\x01\x03\x07\t\x02\x00\x01\x03\x14\t\x02\x00\x01\x03\x01\t\x14\x00\x01\x03\x01\t\n\x00\x01\x03\x02\t\x10\x00\x01\x03\x01\t\x06\x00\x01\x03\x01\t\x0e\x00\x01\x03\x01\t\n\x00\x01\x03\x05\t\x04\x00\x01\x03y\t\x0e\x00\x01\x03\x06\t\x04\x00\x01\x03e\t\x04\x00\x01\x03\x04\t\x1a\x00\x01\x03\x02\t\x06\x00\x01\x03\x01\t\x08\x00\x01\x03\x01\t\n\x00\x01\x03\x03\t\x04\x00\x01\x03{\t\x12\x00\x01\x03/\t\x04\x00\x01\x04\x06\x03\xea|\t\x0e\x00\x01\x03\x01\t\x04\x00\x01\x04\x01\x03\x9d\x03\t\x0e\x00\x01\x04\x03\x03\xb8|\t\x04\x00\x01\x03\x01\t\x0e\x00\x01\x03\x01\t\x16\x00\x01\x03~\t\x04\x00\x01\x04\x01\x03\xcc\x03\t\x08\x00\x01\x03\x8e}\t\x0e\x00\x01\x03\x01\t\x00\x00\x01\x03\x01\t\x04\x00\x01\x03\x02\t\x0c\x00\x01\x03\x01\t\x02\x00\x01\x03\x01\t\x06\x00\x01\x04\x06\x03\xe5\x00\t\x02\x00\x01\x03\n\t\x1e\x00\x01\x04\x01\x03\x1f\t\n\x00\x01\x03\x03\t\n\x00\x01\x03\x02\t\x08\x00\x01\x04\x06\x03R\t\n\x00\x01\x04\x01\x03\xac\x7f\t\x08\x00\x01\x03-\t\x04\x00\x01\x03\xdd\x00\t\x04\x00\x01\x03\x02\t\x08\x00\x01\x03\x01\t\x04\x00\x01\x03\x02\t\x04\x00\x01\x03\x02\t\x06\x00\x01\x03\x04\t\x06\x00\x01\x03\x01\t\x08\x00\x01\x03\xac\x7f\t\x02\x00\x01\x03\x02\t\x02\x00\x01\x03\xbc\x7f\t\x02\x00\x01\x03\x19\t\x04\x00\x01\x03\x83\x01\t\x04\x00\x01\x03\xad\x7f\t\x04\x00\x01\x03\xd6\x00\t\x04\x00\x01\x03\r\t\n\x00\x01\x03\x01\t\x04\x00\x01\x03\xce~\t\x02\x00\x01\x03\xb5\x01\t\n\x00\x01\x03\xfd~\t\x04\x00\x01\x03\x88\x01\t\x04\x00\x01\x03\xe4~\t\x04\x00\x01\x03\x9a\x01\t\x04\x00\x01\x03\xfa~\t\x04\x00\x01\x03\x88\x01\t\x04\x00\x01\x03\x07\t\n\x00\x01\x03\x01\t\x02\x00\x01\x04\x06\x03\xa3\x7f\t\x06\x00\x01\x04\x07\x03\xbb~\t\x06\x00\x01\x04\x06\x03\xc9\x01\t\n\x00\x01\x03\x05\t\x04\x00\x01\x03f\t\x1c\x00\x01\x03\x01\t\x0c\x00\x01\x03\x01\t\x18\x00\x01\x03y\t\x08\x00\x01\x04\x01\x03\xb6\x7f\t\x00\x00\x01\x03\x05\t\x06\x00\x01\x03\x84\x04\t\x04\x00\x01\x03\xa4|\t\x04\x00\x01\x04\x06\x03\x1f\t\x06\x00\x01\x03y\t\x02\x00\x01\x03\x01\t\x00\x00\x01\x03\x01\t\x04\x00\x01\x03t\t\x04\x00\x01\x03\x01\t\x0c\x00\x01\x03\x02\t\x08\x00\x01\x03\x04\t\x08\x00\x01\x04\x01\x03*\t\x08\x00\x01\x03\x02\t\x0c\x00\x01\x03\x7f\t\x06\x00\x01\x04\x06\x03G\t\x06\x00\x01\x03\x01\t\x10\x00\x01\x04\x01\x037\t\n\x00\x01\x03\x02\t\x0c\x00\x01\x04\x06\x03H\t\x04\x00\x01\x03\x02\t\x06\x00\x01\x04\x01\x035\t\x12\x00\x01\x04\x06\x03\xbf\x7f\t\x06\x00\x01\x03\x01\t\x00\x00\x01\x04\x01\x03\x15\t\n\x00\x01\x03\x02\t\x02\x00\x01\x03\xbc\x7f\t\x02\x00\x01\x03\x05\t\x06\x00\x01\x03\xc4\x00\t\x04\x00\x01\x04\x06\x03e\t\x02\x00\x01\x04\x01\x03\x14\t\x06\x00\x01\x03\x02\t\x02\x00\x01\x03\xbc\x7f\t\x02\x00\x01\x03\x05\t\x06\x00\x01\x03\xc4\x00\t\x04\x00\x01\x04\x06\x03g\t\x02\x00\x01\x03\x01\t\x02\x00\x01\x04\x08\x03\x96\x7f\t\x02\x00\x01\x03\x01\t\x0e\x00\x01\x03\x01\t\x06\x00\x01\x03\x01\t\x06\x00\x01\x03\x01\t\n\x00\x01\x03\x07\t\x02\x00\x01\x03u\t\x04\x00\x01\x04\x05\x03\x17\t\x04\x00\x01\x03\x01\t\n\x00\x01\x03\x7f\t$\x00\x01\x04\x08\x03q\t\x06\x00\x01\x03\x01\t\x06\x00\x01\x03\x01\t\n\x00\x01\x03\x05\t\x06\x00\x01\x03`\t\n\x00\x01\x03\x01\t\x00\x00\x01\x03l\t\x02\x00\x01\x03\x00\t\x00\x00\x01\x04\x05\x03\x9f)\t\x02\x00\x01\x03\x06\t\x00\x00\x01\x03~\t \x00\x01\x03\x05\t\x02\x00\x01\x03\xba}\t\x06\x00\x01\x03\xc8\x02\t\x02\x00\x01\x03~\t\x02\x00\x01\x03\xb9}\t\x02\x00\x01\x03\xc1\x02\t\x14\x00\x01\x03\x0b\t\x02\x00\x01\x03\x02\t\x04\x00\x01\x03t\t\x02\x00\x01\x03\x03\t\x02\x00\x01\x03\xb9\x7f\t\x04\x00\x01\x03\xc0}\t\x00\x00\x01\x03\xea\x02\t\x08\x00\x01\x03\x02\t\x06\x00\x01\x03\x0f\t\x02\x00\x01\x03o\t\x02\x00\x01\x03X\t\x08\x00\x01\x03\xce|\t\x02\x00\x01\x03\x03\t\x00\x00\x01\x03\x01\t\x04\x00\x01\x03\x01\t\x04\x00\x01\x03\xff\x04\t\x04\x00\x01\x03\xe4{\t\x0c\x00\x01\x03\x9b\x04\t"\x00\x01\x03\x01\t\x06\x00\x01\x03\x8b{\t\x04\x00\x01\x03\x02\t\x12\x00\x01\x03\x03\t\x04\x00\x01\x03\xf5y\t\x02\x00\x01\x03\x02\t\x00\x00\x01\x03\x04\t\x10\x00\x01\x03\x02\t\x02\x00\x01\x03\x05\t\n\x00\x01\x03\x01\t\x08\x00\x01\x03\x05\t\x08\x00\x01\x03\x01\t\x10\x00\x01\x03\xdct\t\n\x00\x01\x03\x02\t\x04\x00\x01\x03\x06\t\x08\x00\x01\x03\x01\t\x06\x00\x01\x03\x07\t\x06\x00\x01\x03\x01\t\x0c\x00\x01\x03\x01\t\x08\x00\x01\x03\x04\t\n\x00\x01\x03\x03\t\x18\x00\x01\x03\x8b\x18\t\x04\x00\x01\x03\xf6g\t\x06\x00\x01\x03\x8a\x18\t\x04\x00\x01\x03\xc7s\t\x04\x00\x01\x03\xdat\t\x00\x00\x01\x03\x04\t\x0c\x00\x01\x03(\t\x08\x00\x01\x03\x04\t\x02\x00\x01\x03\x06\t\x04\x00\x01\x03\x89\x07\t\x04\x00\x01\x03\x01\t\x02\x00\x01\x03\x06\t\x08\x00\x01\x03\xd5\x02\t\x0e\x00\x01\x03\xc2}\t\x02\x00\x01\x03~\t\x02\x00\x01\x03n\t\x04\x00\x01\x03\x01\t\x08\x00\x01\x03\xaa\n\t\x06\x00\x01\x03\x01\t\x18\x00\x01\x03\xe6u\t\x06\x00\x01\x03\xb1z\t\x04\x00\x01\x03\x02\t\x00\x00\x01\x03\xb4\x7f\t\x06\x00\x01\x03\x02\t\x00\x00\x01\x03\xde\t\t\x06\x00\x01\x03\xdet\t\x00\x00\x01\x03\x04\t\x08\x00\x01\x03,\t\x08\x00\x01\x03\x06\t\x06\x00\x01\x03\xe1\t\t\x04\x00\x01\x03\x01\t\x00\x00\x01\x03\x01\t\x06\x00\x01\x03\x02\t\x04\x00\x01\x03\xf1}\t\x04\x00\x01\x03\x05\t\x06\x00\x01\x03\x8a\x02\t\x0e\x00\x01\x03\xfd}\t\x02\x00\x01\x03\x83\x02\t\x06\x00\x01\x03\xf8}\t\x06\x00\x01\x03\x97\t\t\x06\x00\x01\x03\x9ey\t\x1a\x00\x01\x03\xd0\x06\t\x06\x00\x01\x03\xb0y\t\x14\x00\x01\x03\xd1\x06\t\x02\x00\x01\x03\x01\t\x0c\x00\x01\x03\x01\t\x02\x00\x01\x03\x7f\t\x04\x00\x01\x03\x01\t\n\x00\x01\x03\x7f\t\x10\x00\x01\x03\x03\t\x04\x00\x01\x03\x01\t\x12\x00\x01\x03\x01\t\x0e\x00\x01\x03\x01\t\x02\x00\x01\x03p\t\x06\x00\x01\x03\x88w\t\x04\x00\x01\x03\x7f\t\x06\x00\x01\x03\xff\x08\t\x04\x00\x01\x03\x0c\t\x06\x00\x01\x03\xdav\t\x06\x00\x01\x03\x04\t\x04\x00\x01\x03\x9b\x02\t\x0e\x00\x01\x03\xeb}\t\x02\x00\x01\x03\x95\x02\t\x04\x00\x01\x03\xe7}\t\x06\x00\x01\x03\xa8\t\t\x06\x00\x01\x03\x9ey\t\x1a\x00\x01\x03\xb3\x06\t\x06\x00\x01\x03\x01\t\x14\x00\x01\x03\x01\t\x0c\x00\x01\x03\x01\t\x02\x00\x01\x03\x7f\t\x04\x00\x01\x03\x01\t\n\x00\x01\x03\x7f\t\x10\x00\x01\x03\x03\t\x04\x00\x01\x03\x01\t\x12\x00\x01\x03\x01\t\x04\x00\x01\x03\x01\t\n\x00\x01\x03p\t\x06\x00\x01\x03\x93w\t\x04\x00\x01\x03\x7f\t\x04\x00\x01\x03\xf4\x08\t\x04\x00\x01\x03\x0c\t\x06\x00\x01\x03\xe9v\t\x06\x00\x01\x03\x03\t\x00\x00\x01\x03\xaa\x02\t\x0e\x00\x01\x03\xd8}\t\x06\x00\x01\x03\xb7\t\t\x06\x00\x01\x03\xb8\x7f\t\x1a\x00\x01\x03\x01\t\x14\x00\x01\x03\x01\t\x0c\x00\x01\x03\x01\t\x02\x00\x01\x03\x7f\t\x04\x00\x01\x03\x01\t\n\x00\x01\x03\x01\t\x10\x00\x01\x03~\t\x02\x00\x01\x03\x04\t\x04\x00\x01\x03\x01\t\n\x00\x01\x03q\t\x06\x00\x01\x03\x9bw\t\x04\x00\x01\x03\xeb\x08\t\x04\x00\x01\x03\x0b\t\x06\x00\x01\x03\xf8v\t\x06\x00\x01\x03\x03\t\x00\x00\x01\x03\xb5\x02\t\x0c\x00\x01\x03\xcc}\t\x06\x00\x01\x03\xf3\x01\t\x08\x00\x01\x03\x04\t\x00\x00\x01\x03=\t\x0c\x00\x01\x03E\t\x06\x00\x01\x03\xbe\x7f\t\x08\x00\x01\x03\x02\t\x00\x00\x01\x03\xfb\x00\t\x0c\x00\x01\x03\xe1\x01\t\x06\x00\x01\x03\xa7}\t\x0c\x00\x01\x03j\t\x04\x00\x01\x03\x06\t\x00\x00\x01\x03\x88\x01\t\x0e\x00\x01\x03-\t\x06\x00\x01\x03\xd1~\t\x08\x00\x01\x03\x02\t*\x00\x01\x03\xff}\t\x04\x00\x01\x03\x02\t\x00\x00\x01\x03\xff\x02\t\x0c\x00\x01\x03\x84}\t\x06\x00\x01\x03e\t\x08\x00\x01\x03\xc4\x03\t\x00\x00\x01\x03\xc0|\t\n\x00\x01\x03\x93\x03\t\x0e\x00\x01\x03\xf9|\t\x02\x00\x01\x03w\t\x04\x00\x01\x03\xa7\n\t\x04\x00\x01\x03\xea\x02\t\x08\x00\x01\x03\x02\t\x06\x00\x01\x03\x0f\t\x04\x00\x01\x03o\t\x04\x00\x01\x03N\t\x08\x00\x01\x03\xads\t\x0c\x00\x01\x03w\t\x04\x00\x01\x03\x01\t\x04\x00\x01\x03\xdb\x0c\t\x04\x00\x01\x03\xa7s\t\x06\x00\x01\x03\x01\t\x04\x00\x01\x03\x02\t\x06\x00\x01\x03\x8e\x7f\t\x04\x00\x01\x03\x03\t\x08\x00\x01\x03\x01\t\x08\x00\x01\x03\t\t\n\x00\x01\x03\xec\x03\t\x0c\x00\x01\x03\xc9|\t\x02\x00\x01\x03\xb7\x03\t\x06\x00\x01\x03\x95|\t\x04\x00\x01\x03\xeb\x03\t\x0c\x00\x01\x03-\t\x04\x00\x01\x03\xec{\t\n\x00\x01\x03\x01\t\x04\x00\x01\x03\t\t\x04\x00\x01\x03\x12\t\x04\x00\x01\x03\x01\t\x08\x00\x01\x03\xac\x0c\t\x04\x00\x01\x03\xa8s\t\x04\x00\x01\x034\t\x02\x00\x01\x03\xa1\x04\t\x04\x00\x01\x03\x01\t\x04\x00\x01\x03\x7f\t\x02\x00\x01\x03\x03\t\x04\x00\x01\x03~\t\x02\x00\x01\x03\x7f\t\x02\x00\x01\x03\x01\t\x04\x00\x01\x03\x7f\t\x02\x00\x01\x03\x01\t\x04\x00\x01\x03\xe3{\t\x02\x00\x01\x03\x06\t\x04\x00\x01\x03\x7f\t\x06\x00\x01\x03\x9a\x04\t\x04\x00\x01\x03\xe9z\t\x10\x00\x01\x03\x04\t\n\x00\x01\x03\x04\t\x04\x00\x01\x03\xad\x04\t\x0e\x00\x01\x03\xdf{\t\x02\x00\x01\x03\xa1\x04\t\x08\x00\x01\x03\xd4{\t\x04\x00\x01\x03\xac\x04\t\x0e\x00\x01\x03-\t\x04\x00\x01\x03\xc1\x01\t\x06\x00\x01\x03\xe9\x05\t\x08\x00\x01\x03\x02\t\x04\x00\x01\x03\x01\t \x00\x01\x03\x97\x02\t\x08\x00\x01\x03\xd2}\t\x02\x00\x01\x03\xb0z\t\x0e\x00\x01\x03\x01\t\x1a\x00\x01\x03\t\t\x08\x00\x01\x03\xe2y\t\x08\x00\x01\x03\x7f\t\x08\x00\x01\x03N\t\x04\x00\x01\x03\x05\t\x04\x00\x01\x03\xcf\x04\t\x0e\x00\x01\x03\xc9{\t\x02\x00\x01\x03t\t\x04\x00\x01\x03u\t\x04\x00\x01\x03\xce\x04\t\x0e\x00\x01\x03\xb4{\t\x06\x00\x01\x03\x95\r\t\x0c\x00\x01\x03\xe4w\t\x0e\x00\x01\x03\xac\x07\t\x08\x00\x01\x03\x01\t$\x00\x01\x03\xf3\x00\t\x08\x00\x01\x03\xa4\x01\t\x04\x00\x01\x03\xe0~\t\x02\x00\x01\x03\xe3r\t\x10\x00\x01\x03\xd4\x0c\t\x04\x00\x01\x03\x01\t\x04\x00\x01\x03\xc0s\t\x04\x00\x01\x03\x7f\t\x04\x00\x01\x03u\t\x04\x00\x01\x03F\t\x04\x00\x01\x03\x02\t\n\x00\x01\x03\x01\t\x08\x00\x01\x03\t\t\x08\x00\x01\x03\x9e\x05\t\x08\x00\x01\x03\xe3z\t\x08\x00\x01\x03\x03\tR\x00\x01\x03\x7f\t\x08\x00\x01\x03\xb4~\t\x04\x00\x01\x03\xe7\x06\t\x04\x00\x01\x03\x9ay\t\n\x00\x01\x03\x01\t\x06\x00\x01\x03\x05\t\x0c\x00\x01\x03\x7f\t\x04\x00\x01\x03\xff\x02\t\x04\x00\x01\x03\xe2\x03\t\x0e\x00\x01\x03\xa1|\t\n\x00\x01\x03\x01\t\x02\x00\x01\x03\x03\t\x08\x00\x01\x03\xae\x03\t\x0c\x00\x01\x03\xe0|\t\x02\x00\x01\x03\x07\t\x04\x00\x01\x03n\t\x0c\x00\x01\x03\x01\t\x08\x00\x01\x03\x05\t\x06\x00\x01\x03\x02\t\x04\x00\x01\x03\x01\t\x04\x00\x01\x03\x06\t\n\x00\x01\x03\x02\t\x0c\x00\x01\x03\xffx\t\x02\x00\x01\x03\x04\t\x08\x00\x01\x03\x10\t\x0c\x00\x01\x03\x04\t\x02\x00\x01\x03\x04\t\x02\x00\x01\x03\x04\t\x02\x00\x01\x03\x04\t\x02\x00\x01\x03\x04\t\x02\x00\x01\x03\x04\t\x02\x00\x01\x03\x04\t\x02\x00\x01\x03\x06\t\x04\x00\x01\x03\xc5\x06\t\x06\x00\x01\x03\xbc\x02\t\x04\x00\x01\x03\x91\x01\t\x00\x00\x01\x03\xf7~\t\n\x00\x01\x03\xdc\x00\t\x04\x00\x01\x03\xa9\x7f\t\x06\x00\x01\x03\xd7\x00\t\x06\x00\x01\x03\xb2\x7f\t\x04\x00\x01\x03\xb3v\t\x02\x00\x01\x03\x04\t\x08\x00\x01\x03\x10\t\x0c\x00\x01\x03\x04\t\x02\x00\x01\x03\x04\t\x02\x00\x01\x03\x04\t\x02\x00\x01\x03\x04\t\x02\x00\x01\x03\xa9\t\t\x02\x00\x01\x03\xdbv\t\x04\x00\x01\x03\x04\t\x02\x00\x01\x03\x04\t\x02\x00\x01\x03\x06\t\x04\x00\x01\x03\xf2\x08\t\x04\x00\x01\x03\xd8v\t\x00\x00\x01\x03\x04\t\x0c\x00\x01\x03$\t\x08\x00\x01\x03\x04\t\x04\x00\x01\x03\x04\t\x04\x00\x01\x03\x06\t\x04\x00\x01\x03\xbc\x08\t\x04\x00\x01\x03\x03\t\x00\x00\x01\x03\xa6\x01\t\x0c\x00\x01\x03\xe1\x01\t\x06\x00\x01\x03\x84t\t\x0c\x00\x01\x03\x04\t\x08\x00\x01\x03\x14\t\x0c\x00\x01\x03\x04\t\x02\x00\x01\x03\x04\t\x02\x00\x01\x03\x04\t\x02\x00\x01\x03\x04\t\x04\x00\x01\x03\x04\t\x02\x00\x01\x03\x04\t\x02\x00\x01\x03\x06\t\x04\x00\x01\x03\x90\x08\t\x04\x00\x01\x03\x01\t\x00\x00\x01\x03\x07\t\x08\x00\x01\x03\xcd\x01\t\x04\x00\x01\x03\xb8~\t\x06\x00\x01\x03\x01\t\x14\x00\x01\x03\x7f\t\x02\x00\x01\x03\xddv\t\x0c\x00\x01\x03\x07\t\x04\x00\x01\x03\xa9\t\t\x18\x00\x01\x03\x7f\t\x12\x00\x01\x03|\t\x02\x00\x01\x03\xa5w\t\x02\x00\x01\x03\x04\t\x08\x00\x01\x03\x14\t\x0c\x00\x01\x03\x04\t\x02\x00\x01\x03\x04\t\x02\x00\x01\x03\x04\t\x02\x00\x01\x03\x04\t\x02\x00\x01\x03\x04\t\x04\x00\x01\x03\x04\t\x02\x00\x01\x03\x06\t\x04\x00\x01\x03\xfc\x07\t\x04\x00\x01\x03\x02\t\x00\x00\x01\x03\xe7\x01\t\x0c\x00\x01\x03\xe5u\t\x06\x00\x01\x03\x04\t\x08\x00\x01\x03\x10\t\x0c\x00\x01\x03\x04\t\x02\x00\x01\x03\x04\t\x04\x00\x01\x03\x04\t\x04\x00\x01\x03\x04\t\x04\x00\x01\x03\x04\t\x02\x00\x01\x03\x04\t\x02\x00\x01\x03\x04\t\x02\x00\x01\x03\x06\t\x04\x00\x01\x03\xe8\x07\t\x04\x00\x01\x03\x03\t\x04\x00\x01\x03\xfa\x01\t\x0c\x00\x01\x03\x91~\t\x02\x00\x01\x03\xef\x01\t\x04\x00\x01\x03\xa0\x0e\t\x04\x00\x01\x03\xefo\t\x04\x00\x01\x03\xd6w\t\x06\x00\x01\x03\x04\t\x08\x00\x01\x03\xa4\x08\t\x0c\x00\x01\x03\xfcw\t\x08\x00\x01\x03\x04\t\x02\x00\x01\x03\x04\t\x02\x00\x01\x03\x04\t\x02\x00\x01\x03\xfc\x07\t\x04\x00\x01\x03\x8ax\t\x04\x00\x01\x03\xee\x06\t\x04\x00\x01\x03\x05\t\x00\x00\x01\x03\xf2\x02\t\x0c\x00\x01\x03\x97\x07\t\x06\x00\x01\x03\xcen\t\x04\x00\x01\x03\x04\t\x08\x00\x01\x03\x10\t\x0c\x00\x01\x03\x04\t\x02\x00\x01\x03\x04\t\x02\x00\x01\x03\x04\t\x02\x00\x01\x03\x04\t\x04\x00\x01\x03\x04\t\x02\x00\x01\x03\x04\t\x02\x00\x01\x03\x04\t\x04\x00\x01\x03\x06\t\x04\x00\x01\x03\xb8\x03\t\x04\x00\x01\x03\x92|\t\x00\x00\x01\x03\x04\t\x0c\x00\x01\x03\x10\t\x08\x00\x01\x03\x04\t\x02\x00\x01\x03\xd7\x03\t\x02\x00\x01\x03\xb5|\t\x04\x00\x01\x03\x04\t\x02\x00\x01\x03\x04\t\x02\x00\x01\x03\x04\t\x04\x00\x01\x03\x06\t\x04\x00\x01\x03\xc8\x03\t\x04\x00\x01\x03\x01\t\x04\x00\x01\x03\x06\t\x04\x00\x01\x03\x96\x06\t\x0e\x00\x01\x03\x82z\t\x02\x00\x01\x03\xfe\x05\t\x04\x00\x01\x03\xf4y\t\x04\x00\x01\x03\x07\t\x10\x00\x01\x03\xa0\n\t\x12\x00\x01\x03\x01\t\x06\x00\x01\x03\x01\t\n\x00\x01\x03\xe5u\t\x1e\x00\x01\x03{\t\x04\x00\x01\x03\xd7\n\t\x04\x00\x01\x03\xa1|\t\x14\x00\x01\x03\xe4\x03\t\x06\x00\x01\x03\x02\t\x0c\x00\x01\x03\x01\t\x18\x00\x01\x03\xa6u\t\x10\x00\x01\x03\x8e~\t\x06\x00\x01\x03\x9d\x08\t\x00\x00\x01\x03\xebw\t\n\x00\x01\x03\x01\t\x04\x00\x01\x03\x01\t\x0c\x00\x01\x03\x82}\t\x02\x00\x01\x03y\t\x10\x00\x01\x03\xd0\x00\t\x14\x00\x01\x03\x04\t\x08\x00\x01\x03\x10\t\x0c\x00\x01\x03\x04\t\x02\x00\x01\x03\x04\t\x02\x00\x01\x03\xae\x02\t\x02\x00\x01\x03\xda}\t\x02\x00\x01\x03\x04\t\x02\x00\x01\x03\x04\t\x02\x00\x01\x03\x04\t\x02\x00\x01\x03\x06\t\x04\x00\x01\x03\x80\x02\t\x04\x00\x01\x03\x01\t\x04\x00\x01\x03\x01\t\x0c\x00\x01\x03\x0b\t\x04\x00\x01\x03P\t\x04\x00\x01\x03\xed}\t\x00\x00\x01\x03\x04\t\x0c\x00\x01\x03\x10\t\x08\x00\x01\x03\x04\t\x04\x00\x01\x03\x04\t\x02\x00\x01\x03\x04\t\x02\x00\x01\x03\x04\t\x04\x00\x01\x03\x04\t\x02\x00\x01\x03\x04\t\x02\x00\x01\x03\x04\t\x02\x00\x01\x03\x06\t\x02\x00\x01\x03\xc5\x01\t\x04\x00\x01\x03\x85~\t\x00\x00\x01\x03\x04\t\x0c\x00\x01\x03\x18\t\x08\x00\x01\x03\x04\t\x02\x00\x01\x03\x04\t\x02\x00\x01\x03\x04\t\x02\x00\x01\x03\x04\t\x02\x00\x01\x03\x04\t\x02\x00\x01\x03\x06\t\x04\x00\x01\x03\x91\x01\t\x04\x00\x01\x03\x06\t\x00\x00\x01\x03\x01\t\x08\x00\x01\x03\xb2~\t\x06\x00\x01\x03\x04\t\x08\x00\x01\x03\x10\t\x0c\x00\x01\x03\x04\t\x04\x00\x01\x03\x04\t\x02\x00\x01\x03\x04\t\x02\x00\x01\x03\x04\t\x04\x00\x01\x03\x04\t\x02\x00\x01\x03\x04\t\x04\x00\x01\x03\x04\t\x04\x00\x01\x03\x06\t\x04\x00\x01\x03\xd1j\t\x04\x00\x01\x03\x1a\t\x08\x00\x01\x03g\t\x04\x00\x01\x03\x01\t\n\x00\x01\x03\x03\t\x08\x00\x01\x03\x01\t\x0e\x00\x01\x03\x01\t\x16\x00\x01\x03\x01\t\n\x00\x01\x04\x08\x03?\t\x06\x00\x01\x03\xbd\x7f\t\x1c\x00\x01\x04\t\x03\x00\t\x12\x00\x01\x04\x05\x03\'\t\x08\x00\x01\x03\x01\t\x06\x00\x01\x03\x01\t\x08\x00\x01\x04\x08\x03\x1b\t\x04\x00\x01\x04\x05\x03\x9f\x7f\t\x16\x00\x01\x04\t\x03\x1b\t\x06\x00\x01\x03\x01\t\x04\x00\x01\x03\x01\t\x04\x00\x01\x04\x05\x03c\t\x04\x00\x01\x03\x01\t\x06\x00\x01\x03\x01\t\x04\x00\x01\x03\x01\t\x04\x00\x01\x03\x01\t\x08\x00\x01\x03\xcc\x00\t\x0c\x00\x01\x03\x01\t\x0e\x00\x01\x03\x02\t\x08\x00\x01\x04\x08\x03\x10\t$\x00\x01\x03\x15\t\n\x00\x01\x03i\t\x04\x00\x01\x03\x18\t\x04\x00\x01\x03\x7f\t\x0c\x00\x01\x03n\t\x0c\x00\x01\x03\x02\t\x16\x00\x01\x03\x01\t\x18\x00\x01\x03\x01\t\x0e\x00\x01\x04\x05\x03\xa4\x7f\t\x0c\x00\x01\x03\x01\t\x06\x00\x01\x03\x02\t\x08\x00\x01\x03\x02\t\x1e\x00\x01\x03\x01\t\x18\x00\x01\x04\x08\x03\xd7\x00\t\x0c\x00\x01\x03\x01\t\x0c\x00\x01\x03\x02\t\x08\x00\x01\x03\x01\t\x0e\x00\x01\x03\x04\t\x0e\x00\x01\x03|\t\x12\x00\x01\x03\x02\t\x06\x00\x01\x04\x05\x03\xd4)\t\x1a\x00\x01\x03\x04\t\x00\x00\x01\x03\x02\t\x08\x00\x01\x03\x02\t\x0e\x00\x01\x03\x01\t\n\x00\x01\x03\x02\t\x06\x00\x01\x03\x88k\t\x02\x00\x01\x03\xba\x7f\t\n\x00\x01\x03\xcf\x00\t\x08\x00\x01\x03\x01\t\x06\x00\x01\x03\x03\t\x02\x00\x01\x03\x06\t\x10\x00\x01\x03\xab\x7f\t\x08\x00\x01\x03\xd9\x00\t\x08\x00\x01\x03\xe4\t\t\x08\x00\x01\x03\x9dv\t\x08\x00\x01\x03\x01\t(\x00\x01\x03\x06\t\x06\x00\x01\x03\x03\t\x04\x00\x01\x03\x01\t\x04\x00\x01\x03\xa7\n\t\x08\x00\x01\x03\xb2u\t\x04\x00\x01\x03,\t\x04\x00\x01\x03\x96\x7f\t\x0c\x00\x01\x03\xbd\n\t\x0c\x00\x01\x03\xa3v\t\x0c\x00\x01\x03\x01\t&\x00\x01\x03\xe7\x02\t\x08\x00\x01\x03\xfc\x06\t\x02\x00\x01\x03\x89y\t\n\x00\x01\x03\xca\x06\t\x0e\x00\x01\x03\xc0y\t\x02\x00\x01\x03y\t\x02\x00\x01\x03\x7f\t\x04\x00\x01\x03\x01\t\x04\x00\x01\x03\xf4\x06\t\x04\x00\x01\x03\x90y\t\x02\x00\x01\x03\x01\t\x04\x00\x01\x03\xa9}\t\x14\x00\x01\x03\x8e\n\t\x04\x00\x01\x03\xb2u\t\x06\x00\x01\x03\x99\x03\t\x04\x00\x01\x03Z\t\x06\x00\x01\x03\x05\t\x00\x00\x01\x03\xe1\x06\t\x0e\x00\x01\x03-\t\x06\x00\x01\x03\xbav\t\n\x00\x01\x03\x8e\n\t\x04\x00\x01\x03\xb2u\t\x06\x00\x01\x03\xbd\x04\t\x08\x00\x01\x03\xc9\x05\t\x0e\x00\x01\x03\xbaz\t\n\x00\x01\x03\x08\t\x06\x00\x01\x03\x91\x05\t\x0e\x00\x01\x03\xfdz\t\x02\x00\x01\x03u\t\x0e\x00\x01\x03\x7f\t\x04\x00\x01\x03\x01\t\x04\x00\x01\x03\x06\t\x04\x00\x01\x03\xae\x05\t\x08\x00\x01\x03\xd4z\t\x0e\x00\x01\x03\x03\t(\x00\x01\x03\x7f\t\x0e\x00\x01\x03\x9e\x7f\t\x04\x00\x01\x03\x93\x06\t\x08\x00\x01\x03\xf2y\t\n\x00\x01\x03\xe1\x05\t\x0e\x00\x01\x03\xb8z\t\x02\x00\x01\x03z\t\x08\x00\x01\x03\x7f\t\x04\x00\x01\x03\x01\t\x04\x00\x01\x03\x04\t\x04\x00\x01\x03\xf0\x05\t\x0e\x00\x01\x03\xb1\x01\t\x10\x00\x01\x03\xe1x\t(\x00\x01\x03\x7f\t\x08\x00\x01\x03\x1f\t\x04\x00\x01\x03\x05\t\x00\x00\x01\x03\xa5\x05\t\x0e\x00\x01\x03\xdcz\t\x08\x00\x01\x03\xca\x05\t\x08\x00\x01\x03\xb1\x01\t\x14\x00\x01\x03\x86y\t&\x00\x01\x03\xec\x0f\t\x04\x00\x01\x03\x03\t\x00\x00\x01\x03\x01\t\x08\x00\x01\x03\xde\x00\t\x02\x00\x01\x03\xa6\x7f\t<\x00\x01\x03\x87m\t\x02\x00\x01\x03\x03\t\x00\x00\x01\x03\xa5\x08\t\x0c\x00\x01\x03\xdcw\t\x06\x00\x01\x03\xd4\x0f\t\x04\x00\x01\x03\x01\t\x08\x00\x01\x03\x04\t\x04\x00\x01\x04\x08\x03\xbeY\t\x04\x00\x01\x03\x00\t\x00\x00\x01\x04\x05\x03,\t\n\x00\x01\x04\t\x03}\t\x08\x00\x01\x04\x08\x03X\t\x04\x00\x01\x03\x7f\t\x02\x00\x01\x03\x01\t\x06\x00\x01\x04\t\x03(\t\x04\x00\x01\x04\x08\x03X\t\x02\x00\x01\x04\t\x03(\t\x04\x00\x01\x04\x08\x03z\t\x04\x00\x01\x03\x00\t\x00\x00\x01\x03\x00\t\x0e\x00\x01\x03\x00\t\x06\x00\x01\x04\t\x03\x06\t\x04\x00\x01\x04\x08\x03z\t\x02\x00\x01\x04\t\x03\x06\t\x04\x00\x01\x04\x08\x03\x14\t\x04\x00\x01\x03\x00\t\x06\x00\x01\x04\x05\x03\xad\x7f\t\x08\x00\x01\x04\t\x03?\t\x08\x00\x01\x04\x08\x03\x14\t\x04\x00\x01\x03\x00\t\n\x00\x01\x03\x00\t\x06\x00\x01\x04\t\x03l\t\x04\x00\x01\x04\x08\x03\x14\t\x02\x00\x01\x04\t\x03l\t\x04\x00\x01\x04\x08\x03:\t\x04\x00\x01\x03\x00\t\x00\x00\x01\x03\x00\t\x0e\x00\x01\x03\x00\t\x06\x00\x01\x04\t\x03F\t\x04\x00\x01\x04\x08\x03:\t\x02\x00\x01\x04\t\x03F\t\x04\x00\x01\x04\x08\x03\xc6\x00\t\x04\x00\x01\x03\x01\t\x0e\x00\x01\x03\x01\t(\x00\x01\x03\x01\t,\x00\x01\x04\x04\x03\x8e\x7f\t\x0e\x00\x01\x03\x00\t\x00\x00\x01\x03\x03\t\x16\x00\x01\x03\x01\t\x10\x00\x01\x03\x03\t\x04\x00\x01\x03\x01\t\x04\x00\x01\x03~\t\x04\x00\x01\x03\x07\t\x06\x00\x01\x03\x01\t\x04\x00\x01\x03\x01\t\x10\x00\x01\x03\x01\t&\x00\x01\x03y\t\x16\x00\x01\x03\x01\t\x04\x00\x01\x04\x01\x03\xbd\x05\t\x08\x00\x01\x03\x01\t\x0e\x00\x01\x03\x01\t\x04\x00\x01\x03\x03\t\n\x00\x01\x03\xeb|\t\x04\x00\x01\x03\x01\t\x04\x00\x01\x03\x01\t\x06\x00\x01\x03\x01\t\x04\x00\x01\x03\x95\x03\t\x06\x00\x01\x03\x01\t\x04\x00\x01\x03\x04\t\x06\x00\x01\x03\x8e{\t\x04\x00\x01\x03\x05\t\x06\x00\x01\x03\x84\x04\t\x04\x00\x01\x03\xa4|\t\x04\x00\x01\x03\xca\x04\t\x06\x00\x01\x03\x01\t\x16\x00\x01\x03\x01\t\x02\x00\x01\x03\x01\t\x16\x00\x01\x03\x06\t\x02\x00\x01\x03\x02\t\x04\x00\x01\x03\x05\t\x0c\x00\x01\x03\x01\t\n\x00\x01\x03\n\t\x08\x00\x01\x03\x02\t\x04\x00\x01\x03v\t\x0e\x00\x01\x03\x02\t\x04\x00\x01\x03\x05\t\x0c\x00\x01\x03\x01\t\n\x00\x01\x03\x91~\t\n\x00\x01\x03\xdd|\t<\x00\x01\x03\n\t\x04\x00\x01\x03\x9b\x03\t\x04\x00\x01\x03\x04\t\x04\x00\x01\x03\xe6|\t\n\x00\x01\x03\x9d\x03\t\x06\x00\x01\x03\x01\t\x02\x00\x01\x03\xa0|\t\x04\x00\x01\x03\xe6\x03\t\x08\x00\x01\x03\x03\t\x08\x00\x01\x03\x01\t\x06\x00\x01\x03\x01\t\x04\x00\x01\x03\x02\t\x04\x00\x01\x03\x02\t\x04\x00\x01\x03\xbf|\t\x04\x00\x01\x03X\t\x08\x00\x01\x03\xb1\x04\t\x06\x00\x01\x03\xcf{\t>\x00\x01\x03(\t\x08\x00\x01\x03\xcc\x03\t\x06\x00\x01\x03\x02\t\x04\x00\x01\x03\x01\t\x04\x00\x01\x03\x02\t\x06\x00\x01\x03\x08\t\x06\x00\x01\x03{\t\x06\x00\x01\x03\x02\t\x04\x00\x01\x03\x01\t\x04\x00\x01\x03\x02\t\x06\x00\x01\x03\x03\t\x08\x00\x01\x03\xf6{\t\x04\x00\x01\x03\x8d\x04\t\x08\x00\x01\x03\x02\t\x08\x00\x01\x03\x97\x7f\t\n\x00\x01\x03\x8d}\t\x02\x00\x01\x03\x85\x02\t\x04\x00\x01\x03\xee\x00\t\x08\x00\x01\x03\x93\x7f\t\x04\x00\x01\x03\xdf\x00\t\x08\x00\x01\x03\x01\t\x04\x00\x01\x03\x9a}\t&\x00\x01\x03\x85\x02\t\x04\x00\x01\x03\x01\t\x08\x00\x01\x03\xe4\x00\t\x08\x00\x01\x03\x01\t\x10\x00\x01\x03\x9b\x7f\t\x06\x00\x01\x03\xf2\x00\t\x08\x00\x01\x04\x03\x03\xa3|\t\x04\x00\x01\x03\x01\t\x10\x00\x01\x03\x02\t\x16\x00\x01\x03}\t\x06\x00\x01\x04\x01\x03\xe8\x03\t\x08\x00\x01\x03\x02\t\x06\x00\x01\x03\x03\t\x08\x00\x01\x03\x01\t\x04\x00\x01\x03\t\t\x08\x00\x01\x03\xec\x00\t\x04\x00\x01\x03\x96|\t\x04\x00\x01\x03\xf7\x02\t\x08\x00\x01\x03\x01\t\x04\x00\x01\x03\x02\t\n\x00\x01\x03\x03\t\x04\x00\x01\x04\x03\x03\x96|\t\x04\x00\x01\x03\x01\t\x16\x00\x01\x03\x7f\t\x16\x00\x01\x03\x03\t\x08\x00\x01\x04\x01\x03\xe8\x03\t\x04\x00\x01\x03t\t\x16\x00\x01\x03\x15\t\x04\x00\x01\x03\x02\t\x04\x00\x01\x04\x06\x03\xa9|\t\x04\x00\x01\x04\x01\x03\x9a\x04\t\x06\x00\x01\x03\x04\t\x06\x00\x01\x03\x97|\t\x04\x00\x01\x03\xed\x03\t\x08\x00\x01\x03\x02\t\x06\x00\x01\x03\xf4}\t\n\x00\x01\x03\x03\t\x02\x00\x01\x03\x05\t\x02\x00\x01\x03x\t\x02\x00\x01\x03\x02\t\x06\x00\x01\x03\x01\t\x04\x00\x01\x03\x01\t\x04\x00\x01\x03\x04\t\n\x00\x01\x03x\t\x04\x00\x01\x03\r\t\x06\x00\x01\x03\x01\t\x06\x00\x01\x03\x81\x02\t\x04\x00\x01\x03\r\t\x08\x00\x01\x03\x86|\t\x04\x00\x01\x03\x85\x02\t\x04\x00\x01\x03\x01\t\x08\x00\x01\x03p\t\x08\x00\x01\x04\x06\x03\xc9}\t\x06\x00\x01\x03\x01\t\x02\x00\x01\x03\x02\t\x02\x00\x01\x03\x02\t\x04\x00\x01\x03\x02\t\x06\x00\x01\x03\x05\t\x0c\x00\x01\x03\x02\t\x06\x00\x01\x03\x02\t\x04\x00\x01\x03\x03\t\x1a\x00\x01\x04\x01\x03\x06\t\x04\x00\x01\x03\xef\x02\t\x08\x00\x01\x03\x9e}\t\n\x00\x01\x04\x06\x03r\t\x08\x00\x01\x03\x02\t\x06\x00\x01\x03[\t\x06\x00\x01\x034\t\x08\x00\x01\x03x\t\x06\x00\x01\x03\x0f\t\x04\x00\x01\x03\x05\t"\x00\x01\x03\x05\t\x08\x00\x01\x03\x02\t\x08\x00\x01\x04\x0b\x03\xda\x02\t\x08\x00\x01\x04\x06\x03\x95}\t\x16\x00\x01\x03\x14\t\x06\x00\x01\x03\t\t\x0c\x00\x01\x03\x02\t\x02\x00\x01\x03\x01\t\n\x00\x01\x03\x03\t\x08\x00\x01\x03\x01\t\x08\x00\x01\x03f\t\x0e\x00\x01\x03\x01\t\n\x00\x01\x03\x1e\t\n\x00\x01\x04\x01\x03\xe8\x01\t\n\x00\x01\x04\x03\x03\xb5}\t\x04\x00\x01\x03\x01\t\x10\x00\x01\x03\x7f\t\x1a\x00\x01\x04\x01\x03\xca\x03\t\x08\x00\x01\x03\x05\t\n\x00\x01\x03\x02\t\x06\x00\x01\t\x06\x00\x00\x01\x01\x04\n\x00\x05\x02\x8c#\x00\x00\x03!\x01\x04\x04\x03\xd3\x01\t\x16\x00\x01\x03\x06\t\x02\x00\x01\x03\x01\t\x06\x00\x01\x03\r\t\x06\x00\x01\x03\x01\t\x06\x00\x01\x03\r\t\x06\x00\x01\x03\x0b\t\n\x00\x01\x03\x03\t\x04\x00\x01\x03\x02\t\n\x00\x01\x03\n\t\n\x00\x01\x03\x16\t\n\x00\x01\x03\x01\t\n\x00\x01\x03\x01\t\n\x00\x01\x03\x04\t\n\x00\x01\x03\x01\t\n\x00\x01\x03\x01\t\n\x00\x01\x03\x01\t\n\x00\x01\x03\x01\t\n\x00\x01\x03\x01\t\n\x00\x01\x03\x12\t\n\x00\x01\x03\x01\t\n\x00\x01\x03\x01\t\n\x00\x01\x03\x17\t\n\x00\x01\x04\x01\x03\xbe\x03\t\n\x00\x01\x03\x01\t\x04\x00\x01\x03\x01\t\x04\x00\x01\x03\xee~\t\x04\x00\x01\x03\x02\t\n\x00\x01\x03\x05\t\x06\x00\x01\x03\'\t\x06\x00\x01\x03\x01\t\x06\x00\x01\x03\x07\t\x06\x00\x01\x03\x02\t\x04\x00\x01\x03\x07\t\x0c\x00\x01\x03\xd6\x00\t\n\x00\x01\x03\x01\t\n\x00\x01\x03\x02\t\x06\x00\x01\x04\x05\x03\x90\'\t\x04\x00\x01\x04\x02\x03\xccR\t\x04\x00\x01\x03\x01\t\x06\x00\x01\x03\x03\t\x06\x00\x01\x03\x03\t\x04\x00\x01\x03\x01\t\x10\x00\x01\x03\x0f\t\n\x00\x01\x03\x01\t\x02\x00\x01\x03\x01\t\x02\x00\x01\x03\x01\t\x06\x00\x01\x04\x05\x03\xad*\t\n\x00\x01\x03\x01\t\x06\x00\x01\x03\x9ci\t\x04\x00\x01\x03\x05\t\x04\x00\x01\x03\x01\t\x04\x00\x01\x03\xe3\x12\t\x04\x00\x01\x03\x01\t\x08\x00\x01\x03\x04\t\x04\x00\x01\x03\xa0m\t\x04\x00\x01\x03\xb2\x13\t\x0c\x00\x01\x03\x01\t\x04\x00\x01\x03\x01\t\x04\x00\x01\x03\xd0l\t\x04\x00\x01\x03\x03\t\x08\x00\x01\x03\x04\t\x08\x00\x01\x03\x01\t\x10\x00\x01\x03\x01\t\x10\x00\x01\x04\x06\x03\x92m\t\x10\x00\x01\x04\x05\x03\x83+\t\x0c\x00\x01\x03\xa2\x7f\t\x04\x00\x01\x03\x01\t\x18\x00\x01\x03\x01\t\x04\x00\x01\x03\xb0x\t\x0c\x00\x01\x03\x01\t\x10\x00\x01\x03\x01\t\x04\x00\x01\x03\x01\t\x08\x00\x01\x03\x01\t\x10\x00\x01\x04\x08\x03\xa4]\t\x08\x00\x01\x04\x05\x03\x81\'\t\x14\x00\x01\x03\xe0\x01\t\x06\x00\x01\x03\xad\x02\t\x06\x00\x01\x03\x01\t\x0c\x00\x01\x03\x01\t\x06\x00\x01\x03\x1e\t\x08\x00\x01\x03b\t\x0e\x00\x01\x03 \t\x02\x00\x01\x03\x01\t\x0e\x00\x01\x03\x85\x01\t\x0c\x00\x01\x03\xf6}\t\x04\x00\x01\x03\x01\t\x10\x00\x01\x03\x9b\x01\t\x06\x00\x01\x03\x01\t\x0c\x00\x01\x03J\t\x12\x00\x01\x03\xa2\x7f\t\x06\x00\x01\x03\x81\x02\t\x08\x00\x01\x03\x82~\t\x04\x00\x01\x03\x01\t"\x00\x01\x03\x01\t\x0c\x00\x01\x03\x83j\t\x02\x00\x01\x03\xb5\x0e\t\n\x00\x01\x03\x02\t\x0e\x00\x01\x03\x02\t\x08\x00\x01\x03\xb3\x7f\t\x18\x00\x01\x03\x01\t\n\x00\x01\x03~\t\x1c\x00\x01\x03\xcd\x00\t\x06\x00\x01\x03\x03\t\x08\x00\x01\x03\x01\t(\x00\x01\x03\x01\t\x18\x00\x01\x03\n\t\x04\x00\x01\x04\x04\x03\xb7]\t\x08\x00\x01\x04\x08\x03Q\t\x08\x00\x01\x03\x01\t(\x00\x01\x03\x01\t\x14\x00\x01\x03\x01\t\x10\x00\x01\x03\x01\t\x08\x00\x01\x03\x01\t\x08\x00\x01\x03[\t\x08\x00\x01\x03&\t\x10\x00\x01\x04\x05\x03\xe9&\t\x10\x00\x01\x03\x06\t\x06\x00\x01\x03\x03\t\n\x00\x01\x03\xa9\x05\t\x0c\x00\x01\x03\xdaz\t\x04\x00\x01\x03\x03\t\x0c\x00\x01\x03\x08\t\x0e\x00\x01\x03\x03\t\x04\x00\x01\x03\xd1~\t\x12\x00\x01\x03\x01\t\x18\x00\x01\x03\xb8\x01\t\x0e\x00\x01\x03\xc7~\t\x02\x00\x01\x03\x01\t\x0c\x00\x01\x03\xb8\x01\t\x06\x00\x01\x03\xc7~\t\n\x00\x01\x03\x01\t\x10\x00\x01\x03\x97\x02\t\x08\x00\x01\x03\x03\t\x02\x00\x01\x03\xa2\x7f\t\x02\x00\x01\x03\x03\t\x08\x00\x01\x03\x1d\t\n\x00\x01\x03e\t\x16\x00\x01\x03|\t\x06\x00\x01\x03\x07\t\x02\x00\x01\x03\xbb~\t(\x00\x01\x03\x01\t\x10\x00\x01\x03\x97\x02\t\x08\x00\x01\x03\xd2}\t\x02\x00\x01\x03\xe1\x01\t\x0e\x00\x01\x03\x82\x04\t2\x00\x01\x03\x01\t\x06\x00\x01\x03\x01\t\x10\x00\x01\x03\x01\t\x08\x00\x01\x03\x01\t\x0c\x00\x01\x03\xff\x00\t\n\x00\x01\x03\x8a~\t\x04\x00\x01\x03\xfa\x00\t\x12\x00\x01\x03\x01\t\x06\x00\x01\x03\x01\t\x06\x00\x01\x03\xfa\x00\t\x10\x00\x01\x03\x8a~\t\x04\x00\x01\x03\xff\x00\t\x10\x00\x01\x03\x01\t\x12\x00\x01\x03\x01\t\x06\x00\x01\x03\xf0~\t\x04\x00\x01\x03\x92\x01\t\x04\x00\x01\x03\x01\t\x10\x00\x01\x03\xbfi\t\x0c\x00\x01\x03\x03\t\x04\x00\x01\x03\x03\t\x08\x00\x01\x03\x97\n\t\x08\x00\x01\x03\x02\t&\x00\x01\x03\xecu\t\x08\x00\x01\x03\x02\t&\x00\x01\x03\x04\t\x1e\x00\x01\x03\x02\t&\x00\x01\x03\x01\t\x06\x00\x01\x03\xe4\r\t\n\x00\x01\x03\x01\t\x08\x00\x01\x03\x01\t\x08\x00\x01\x03\xac\x7f\t\x14\x00\x01\x03\x01\t\n\x00\x01\x03~\t\x1c\x00\x01\x03\xd4\x00\t\x06\x00\x01\x03\x05\t\x08\x00\x01\x03\x01\t(\x00\x01\x03\x01\t\x18\x00\x01\x03\x01\t\x0c\x00\x01\x03\x02\t\x06\x00\x01\x03\x03\t\x06\x00\x01\x03\x01\t\x18\x00\x01\x03\x9e\x7f\t\x16\x00\x01\x03\x01\t\n\x00\x01\x03\x01\t\n\x00\x01\x03~\t\x16\x00\x01\x03\xe1\x00\t\n\x00\x01\x03\xf9{\t\x08\x00\x01\x03\x8c\x04\t\x04\x00\x01\x03\x01\t\x04\x00\x01\x03\x95\x04\t\n\x00\x01\x03\x1f\t\x08\x00\x01\x03p\t\x0e\x00\x01\x03x\t\n\x00\x01\x03\n\t\x04\x00\x01\x03\xac\x01\t\x0e\x00\x01\x03\x08\t\x18\x00\x01\x03\x01\t\x06\x00\x01\x03\xb5~\t\x06\x00\x01\x03\xcf\x01\t\x04\x00\x01\x03\x02\t\x12\x00\x01\x03\x01\t\n\x00\x01\x03\x01\t\x16\x00\x01\x03\xf6j\t\x06\x00\x01\x03\x94\x15\t\x10\x00\x01\x03i\t\x04\x00\x01\x03\x8a\x7f\t\x04\x00\x01\x03\x8d\x01\t\n\x00\x01\x03\x01\t\x18\x00\x01\x03\x02\t\n\x00\x01\x03\x01\t\x18\x00\x01\x03\xecj\t\x0e\x00\x01\x03g\t\x08\x00\x01\x03\x01\t\x04\x00\x01\x03\x07\t\x06\x00\x01\x03\x01\t\n\x00\x01\x03\x01\t\x08\x00\x01\x03\x04\t\x12\x00\x01\x03\x03\t&\x00\x01\x03\xed\x17\t\x06\x00\x01\x04\n\x03\xafS\t\x0c\x00\x01\t\x10\x00\x00\x01\x01\x04\x08\x00\x05\x02\x8e-\x00\x00\x03\xc4\x01\x01\x03p\t\x00\x00\x01\x03\x7f\t\x08\x00\x01\x03\x7f\t\x08\x00\x01\x03\x7f\t\x08\x00\x01\t\x08\x00\x00\x01\x01^\x00\x00\x00\x02\x00A\x00\x00\x00\x02\x01\xfb\x0e\n\x00\x01\x01\x01\x01\x00\x00\x00\x01../../../../gcc/libgcc/config/avr\x00\x00lib1funcs.S\x00\x01\x00\x00\x00\x00\x05\x02H5\x00\x00\x03\xe5\x11\x01\x03\x02\t\x02\x00\x01\t\x02\x00\x00\x01\x01\xca\x00\x00\x00\x02\x00A\x00\x00\x00\x02\x01\xfb\x0e\n\x00\x01\x01\x01\x01\x00\x00\x00\x01../../../../gcc/libgcc/config/avr\x00\x00lib1funcs.S\x00\x01\x00\x00\x00\x00\x05\x02\x822\x00\x00\x03\xff\n\x01\x03\x01\t\x02\x00\x01\x03\x01\t\x02\x00\x01\x03\x01\t\x02\x00\x01\x03\x02\t\x02\x00\x01\x03\x01\t\x02\x00\x01\x03\x01\t\x02\x00\x01\x03\x01\t\x02\x00\x01\x03\x01\t\x02\x00\x01\x03\x01\t\x02\x00\x01\x03\x01\t\x02\x00\x01\x03\x02\t\x02\x00\x01\x03\x01\t\x02\x00\x01\x03\x01\t\x02\x00\x01\x03\x01\t\x02\x00\x01\x03\x01\t\x02\x00\x01\x03\x01\t\x02\x00\x01\x03\x02\t\x02\x00\x01\x03\x02\t\x02\x00\x01\x03\x02\t\x02\x00\x01\t\x02\x00\x00\x01\x01\xc4\x00\x00\x00\x02\x00A\x00\x00\x00\x02\x01\xfb\x0e\n\x00\x01\x01\x01\x01\x00\x00\x00\x01../../../../gcc/libgcc/config/avr\x00\x00lib1funcs.S\x00\x01\x00\x00\x00\x00\x05\x02\xaa2\x00\x00\x03\x9f\x0b\x01\x03\x01\t\x02\x00\x01\x03\x01\t\x02\x00\x01\x03\x01\t\x02\x00\x01\x03\x01\t\x02\x00\x01\x03\x02\t\x02\x00\x01\x03\x01\t\x02\x00\x01\x03\x01\t\x02\x00\x01\x03\x01\t\x04\x00\x01\x03\x01\t\x02\x00\x01\x03\x01\t\x02\x00\x01\x03\x03\t\x02\x00\x01\x03\x01\t\x02\x00\x01\x03\x01\t\x02\x00\x01\x03\x01\t\x02\x00\x01\x03\x03\t\x02\x00\x01\x03\x01\t\x02\x00\x01\x03\x01\t\x02\x00\x01\x03\x02\t\x02\x00\x01\t\x02\x00\x00\x01\x01v\x00\x00\x00\x02\x00A\x00\x00\x00\x02\x01\xfb\x0e\n\x00\x01\x01\x01\x01\x00\x00\x00\x01../../../../gcc/libgcc/config/avr\x00\x00lib1funcs.S\x00\x01\x00\x00\x00\x00\x05\x02\xd22\x00\x00\x03\xf7\x11\x01\x03\x01\t\x02\x00\x01\x03\x1f\t\x02\x00\x01\x03\x01\t\x02\x00\x01\x03\x01\t\x02\x00\x01\x03\x01\t\x02\x00\x01\t\x02\x00\x00\x01\x01\x94\x00\x00\x00\x02\x00A\x00\x00\x00\x02\x01\xfb\x0e\n\x00\x01\x01\x01\x01\x00\x00\x00\x01../../../../gcc/libgcc/config/avr\x00\x00lib1funcs.S\x00\x01\x00\x00\x00\x00\x05\x02\xc8\x01\x00\x00\x03\xe8\x12\x01\x03\x01\t\x02\x00\x01\x03\x01\t\x02\x00\x01\x03\x01\t\x02\x00\x01\x03\x01\t\x02\x00\x01\x03\x01\t\x02\x00\x01\x03\x03\t\x02\x00\x01\x03\x05\t\x02\x00\x01\x03\x02\t\x02\x00\x01\x03\x01\t\x02\x00\x01\x03\x01\t\x02\x00\x01\t\x02\x00\x00\x01\x01\x82\x00\x00\x00\x02\x00A\x00\x00\x00\x02\x01\xfb\x0e\n\x00\x01\x01\x01\x01\x00\x00\x00\x01../../../../gcc/libgcc/config/avr\x00\x00lib1funcs.S\x00\x01\x00\x00\x00\x00\x05\x02\xde\x01\x00\x00\x03\x88\x13\x01\x03\x01\t\x02\x00\x01\x03\x01\t\x02\x00\x01\x03\x01\t\x02\x00\x01\x03\x02\t\x02\x00\x01\x03\x02\t\x02\x00\x01\x03\x01\t\x02\x00\x01\x03\x01\t\x02\x00\x01\t\x02\x00\x00\x01\x01\x8e\x00\x00\x00\x02\x00A\x00\x00\x00\x02\x01\xfb\x0e\n\x00\x01\x01\x01\x01\x00\x00\x00\x01../../../../gcc/libgcc/config/avr\x00\x00lib1funcs.S\x00\x01\x00\x00\x00\x00\x05\x02\xee\x01\x00\x00\x03\xa1\x13\x01\x03\x01\t\x02\x00\x01\x03\x01\t\x02\x00\x01\x03\x04\t\x02\x00\x01\x03\x02\t\x02\x00\x01\x03\x06\t\x02\x00\x01\x03\x01\t\x02\x00\x01\x03\x02\t\x04\x00\x01\x03\x01\t\x02\x00\x01\x03\x05\t\x02\x00\x01\t\x02\x00\x00\x01\x01\x8e\x00\x00\x00\x02\x00A\x00\x00\x00\x02\x01\xfb\x0e\n\x00\x01\x01\x01\x01\x00\x00\x00\x01../../../../gcc/libgcc/config/avr\x00\x00lib1funcs.S\x00\x01\x00\x00\x00\x00\x05\x0225\x00\x00\x03\xbf\x13\x01\x03\x01\t\x02\x00\x01\x03\x01\t\x02\x00\x01\x03\x04\t\x02\x00\x01\x03\x06\t\x02\x00\x01\x03\x01\t\x02\x00\x01\x03\x01\t\x04\x00\x01\x03\x05\t\x02\x00\x01\x03\x01\t\x02\x00\x01\x03\x05\t\x02\x00\x01\t\x02\x00\x00\x01\x01', rid = 11), image=b'\x16\x00\x00\x00\x02\x00\x10\x00\x00\x00\x02\x01\xfb\x0e\n\x00\x01\x01\x01\x01\x00\x00\x00\x01\x00\x00\xf6$\x00\x00\x02\x00g\x03\x00\x00\x02\x01\xfb\x0e\n\x00\x01\x01\x01\x01\x00\x00\x00\x01C:\\Users\\Chris\\AppData\\Local\\Arduino15\\packages\\arduino\\hardware\\avr\\1.8.6\\cores\\arduino\x00C:\\csProjects\\cxcp\\tools\\arduino\\hello_xcp\x00c:\\users\\chris\\appdata\\local\\arduino15\\packages\\arduino\\tools\\avr-gcc\\7.3.0-atmel3.6.1-arduino7\\avr\\include\\avr\x00c:\\users\\chris\\appdata\\local\\arduino15\\packages\\arduino\\tools\\avr-gcc\\7.3.0-atmel3.6.1-arduino7\\avr\\include\x00c:\\users\\chris\\appdata\\local\\arduino15\\packages\\arduino\\tools\\avr-gcc\\7.3.0-atmel3.6.1-arduino7\\lib\\gcc\\avr\\7.3.0\\include\x00C:\\Users\\Chris\\AppData\\Local\\Arduino15\\packages\\arduino\\hardware\\avr\\1.8.6\\variants\\leonardo\x00\x00USBCore.cpp\x00\x01\x00\x00wiring_digital.c\x00\x01\x00\x00PluggableUSB.cpp\x00\x01\x00\x00wiring.c\x00\x01\x00\x00xcp.h\x00\x02\x00\x00CDC.cpp\x00\x01\x00\x00Print.h\x00\x01\x00\x00hello_xcp.ino\x00\x02\x00\x00new.cpp\x00\x01\x00\x00main.cpp\x00\x01\x00\x00wdt.h\x00\x03\x00\x00stdint.h\x00\x04\x00\x00stddef.h\x00\x05\x00\x00Stream.h\x00\x01\x00\x00Stream.h\x00\x01\x00\x00USBAPI.h\x00\x01\x00\x00PluggableUSB.h\x00\x01\x00\x00USBCore.h\x00\x01\x00\x00hooks.c\x00\x01\x00\x00new\x00\x01\x00\x00pins_arduino.h\x00\x06\x00\x00<built-in>\x00\x00\x00\x00\x00\x00\x05\x02\x10\x02\x00\x00\x03\x82\x02\x01\x03P\t\x00\x00\x01\x03\x02\t\x02\x00\x01\x03\xbc\x7f\t\x02\x00\x01\x03\x19\t\x06\x00\x01\x03\xdc\x00\t\x04\x00\x01\x03\x90\x7f\t\x08\x00\x01\x03\xf2\x00\t\x04\x00\x01\x03R\t\x04\x00\x01\x03/\t\x02\x00\x01\x04\x02\x03\x81\x7f\t\x02\x00\x01\x03\x02\t\x00\x00\x01\x03\x01\t\x06\x00\x01\x03\x01\t\x06\x00\x01\x03\x03\t\x06\x00\x01\x03\x04\t\x06\x00\x01\x03\xb8\x7f\t\x04\x00\x01\x03\x03\t0\x00\x01\x03\x06\t\x06\x00\x01\x03\xc1\x00\t\x04\x00\x01\x03\x02\t\x10\x00\x01\x03\x01\t\x02\x00\x01\x03\x03\t\x02\x00\x01\x03\x7f\t\x02\x00\x01\x03\x01\t\x04\x00\x01\x03\x02\t\x04\x00\x01\x03\x03\t\x02\x00\x01\x03\x01\t\x02\x00\x01\x03\xb0\x7f\t\x02\x00\x01\x03\x03\t\x08\x00\x01\x03\x08\t\x08\x00\x01\x03\x04\t\x04\x00\x01\x03\n\t\n\x00\x01\x03\x06\t\x06\x00\x01\x03}\t\x06\x00\x01\x03\x03\t\x08\x00\x01\x03\x04\t\x08\x00\x01\x03\x03\t\x06\x00\x01\x03\x06\t\x0e\x00\x01\x03 \t\x0c\x00\x01\x04\x01\x03\xc8\x00\t\x04\x00\x01\x03\x02\t\x02\x00\x01\x03j\t\x08\x00\x01\x03\x02\t\x02\x00\x01\x03\xbc\x7f\t\x02\x00\x01\x03\x05\t\x06\x00\x01\x03\xd8\x00\t\x04\x00\x01\x03\x03\t\x0e\x00\x01\x03\x93\x7f\t\x04\x00\x01\x03\x01\t\x02\x00\x01\x03\x02\t\x06\x00\x01\x03\xeb\x00\t\x04\x00\x01\x03\x01\t\x02\x00\x01\x03\xa3\x7f\t\x04\x00\x01\x03\xdd\x00\t\x04\x00\x01\x03F\t\x04\x00\x01\x03!\t\x06\x00\x01\x03\x10\t\x04\x00\x01\x03\r\t\x04\x00\x01\x04\x03\x03\xee~\t\x02\x00\x01\x03\x01\t\x00\x00\x01\x03\x06\t\x08\x00\x01\x03z\t\x14\x00\x01\x03\x02\t\x06\x00\x01\x04\x04\x03g\t\x06\x00\x01\x03\x02\t\x00\x00\x01\x03\x02\t\x02\x00\x01\x03\x01\t\x02\x00\x01\x03\x02\t\x10\x00\x01\x03\x08\t\x02\x00\x01\x03\x01\t\x08\x00\x01\x03\x06\t\x06\x00\x01\x03\x02\t\x02\x00\x01\x03\x01\t"\x00\x01\x03\x02\t\x02\x00\x01\x03\x02\t\x08\x00\x01\x03\x04\t\x08\x00\x01\x03\x05\t\x16\x00\x01\x03M\t\n\x00\x01\x03\x02\t\x00\x00\x01\x03\x04\t\x02\x00\x01\x03\x01\t\x02\x00\x01\x03\x01\t\x10\x00\x01\x03\x03\t\x02\x00\x01\x04\x05\x03\x82,\t\x02\x00\x01\x03\x01\t\x00\x00\x01\x03\x01\t\x08\x00\x01\x03\x01\t\x08\x00\x01\x03\x01\t\x08\x00\x01\x03\x01\t\x08\x00\x01\x03\x01\t\x08\x00\x01\x04\x01\x03\xc7V\t\x02\x00\x01\x03\x01\t\x00\x00\x01\x03\xd2}\t\x16\x00\x01\x03\x02\t\x08\x00\x01\x03\xae\x02\t\x04\x00\x01\x03\xed}\t\x04\x00\x01\x03\x96\x02\t\x04\x00\x01\x03\xc2}\t\x12\x00\x01\x03\xc1\x02\t\x06\x00\x01\x03\x01\t\x12\x00\x01\x03z\t\x04\x00\x01\x03\x07\t\x02\x00\x01\x03\x14\t\x02\x00\x01\x03\x01\t\x14\x00\x01\x03\x01\t\n\x00\x01\x03\x02\t\x10\x00\x01\x03\x01\t\x06\x00\x01\x03\x01\t\x0e\x00\x01\x03\x01\t\n\x00\x01\x03\x05\t\x04\x00\x01\x03y\t\x0e\x00\x01\x03\x06\t\x04\x00\x01\x03e\t\x04\x00\x01\x03\x04\t\x1a\x00\x01\x03\x02\t\x06\x00\x01\x03\x01\t\x08\x00\x01\x03\x01\t\n\x00\x01\x03\x03\t\x04\x00\x01\x03{\t\x12\x00\x01\x03/\t\x04\x00\x01\x04\x06\x03\xea|\t\x0e\x00\x01\x03\x01\t\x04\x00\x01\x04\x01\x03\x9d\x03\t\x0e\x00\x01\x04\x03\x03\xb8|\t\x04\x00\x01\x03\x01\t\x0e\x00\x01\x03\x01\t\x16\x00\x01\x03~\t\x04\x00\x01\x04\x01\x03\xcc\x03\t\x08\x00\x01\x03\x8e}\t\x0e\x00\x01\x03\x01\t\x00\x00\x01\x03\x01\t\x04\x00\x01\x03\x02\t\x0c\x00\x01\x03\x01\t\x02\x00\x01\x03\x01\t\x06\x00\x01\x04\x06\x03\xe5\x00\t\x02\x00\x01\x03\n\t\x1e\x00\x01\x04\x01\x03\x1f\t\n\x00\x01\x03\x03\t\n\x00\x01\x03\x02\t\x08\x00\x01\x04\x06\x03R\t\n\x00\x01\x04\x01\x03\xac\x7f\t\x08\x00\x01\x03-\t\x04\x00\x01\x03\xdd\x00\t\x04\x00\x01\x03\x02\t\x08\x00\x01\x03\x01\t\x04\x00\x01\x03\x02\t\x04\x00\x01\x03\x02\t\x06\x00\x01\x03\x04\t\x06\x00\x01\x03\x01\t\x08\x00\x01\x03\xac\x7f\t\x02\x00\x01\x03\x02\t\x02\x00\x01\x03\xbc\x7f\t\x02\x00\x01\x03\x19\t\x04\x00\x01\x03\x83\x01\t\x04\x00\x01\x03\xad\x7f\t\x04\x00\x01\x03\xd6\x00\t\x04\x00\x01\x03\r\t\n\x00\x01\x03\x01\t\x04\x00\x01\x03\xce~\t\x02\x00\x01\x03\xb5\x01\t\n\x00\x01\x03\xfd~\t\x04\x00\x01\x03\x88\x01\t\x04\x00\x01\x03\xe4~\t\x04\x00\x01\x03\x9a\x01\t\x04\x00\x01\x03\xfa~\t\x04\x00\x01\x03\x88\x01\t\x04\x00\x01\x03\x07\t\n\x00\x01\x03\x01\t\x02\x00\x01\x04\x06\x03\xa3\x7f\t\x06\x00\x01\x04\x07\x03\xbb~\t\x06\x00\x01\x04\x06\x03\xc9\x01\t\n\x00\x01\x03\x05\t\x04\x00\x01\x03f\t\x1c\x00\x01\x03\x01\t\x0c\x00\x01\x03\x01\t\x18\x00\x01\x03y\t\x08\x00\x01\x04\x01\x03\xb6\x7f\t\x00\x00\x01\x03\x05\t\x06\x00\x01\x03\x84\x04\t\x04\x00\x01\x03\xa4|\t\x04\x00\x01\x04\x06\x03\x1f\t\x06\x00\x01\x03y\t\x02\x00\x01\x03\x01\t\x00\x00\x01\x03\x01\t\x04\x00\x01\x03t\t\x04\x00\x01\x03\x01\t\x0c\x00\x01\x03\x02\t\x08\x00\x01\x03\x04\t\x08\x00\x01\x04\x01\x03*\t\x08\x00\x01\x03\x02\t\x0c\x00\x01\x03\x7f\t\x06\x00\x01\x04\x06\x03G\t\x06\x00\x01\x03\x01\t\x10\x00\x01\x04\x01\x037\t\n\x00\x01\x03\x02\t\x0c\x00\x01\x04\x06\x03H\t\x04\x00\x01\x03\x02\t\x06\x00\x01\x04\x01\x035\t\x12\x00\x01\x04\x06\x03\xbf\x7f\t\x06\x00\x01\x03\x01\t\x00\x00\x01\x04\x01\x03\x15\t\n\x00\x01\x03\x02\t\x02\x00\x01\x03\xbc\x7f\t\x02\x00\x01\x03\x05\t\x06\x00\x01\x03\xc4\x00\t\x04\x00\x01\x04\x06\x03e\t\x02\x00\x01\x04\x01\x03\x14\t\x06\x00\x01\x03\x02\t\x02\x00\x01\x03\xbc\x7f\t\x02\x00\x01\x03\x05\t\x06\x00\x01\x03\xc4\x00\t\x04\x00\x01\x04\x06\x03g\t\x02\x00\x01\x03\x01\t\x02\x00\x01\x04\x08\x03\x96\x7f\t\x02\x00\x01\x03\x01\t\x0e\x00\x01\x03\x01\t\x06\x00\x01\x03\x01\t\x06\x00\x01\x03\x01\t\n\x00\x01\x03\x07\t\x02\x00\x01\x03u\t\x04\x00\x01\x04\x05\x03\x17\t\x04\x00\x01\x03\x01\t\n\x00\x01\x03\x7f\t$\x00\x01\x04\x08\x03q\t\x06\x00\x01\x03\x01\t\x06\x00\x01\x03\x01\t\n\x00\x01\x03\x05\t\x06\x00\x01\x03`\t\n\x00\x01\x03\x01\t\x00\x00\x01\x03l\t\x02\x00\x01\x03\x00\t\x00\x00\x01\x04\x05\x03\x9f)\t\x02\x00\x01\x03\x06\t\x00\x00\x01\x03~\t \x00\x01\x03\x05\t\x02\x00\x01\x03\xba}\t\x06\x00\x01\x03\xc8\x02\t\x02\x00\x01\x03~\t\x02\x00\x01\x03\xb9}\t\x02\x00\x01\x03\xc1\x02\t\x14\x00\x01\x03\x0b\t\x02\x00\x01\x03\x02\t\x04\x00\x01\x03t\t\x02\x00\x01\x03\x03\t\x02\x00\x01\x03\xb9\x7f\t\x04\x00\x01\x03\xc0}\t\x00\x00\x01\x03\xea\x02\t\x08\x00\x01\x03\x02\t\x06\x00\x01\x03\x0f\t\x02\x00\x01\x03o\t\x02\x00\x01\x03X\t\x08\x00\x01\x03\xce|\t\x02\x00\x01\x03\x03\t\x00\x00\x01\x03\x01\t\x04\x00\x01\x03\x01\t\x04\x00\x01\x03\xff\x04\t\x04\x00\x01\x03\xe4{\t\x0c\x00\x01\x03\x9b\x04\t"\x00\x01\x03\x01\t\x06\x00\x01\x03\x8b{\t\x04\x00\x01\x03\x02\t\x12\x00\x01\x03\x03\t\x04\x00\x01\x03\xf5y\t\x02\x00\x01\x03\x02\t\x00\x00\x01\x03\x04\t\x10\x00\x01\x03\x02\t\x02\x00\x01\x03\x05\t\n\x00\x01\x03\x01\t\x08\x00\x01\x03\x05\t\x08\x00\x01\x03\x01\t\x10\x00\x01\x03\xdct\t\n\x00\x01\x03\x02\t\x04\x00\x01\x03\x06\t\x08\x00\x01\x03\x01\t\x06\x00\x01\x03\x07\t\x06\x00\x01\x03\x01\t\x0c\x00\x01\x03\x01\t\x08\x00\x01\x03\x04\t\n\x00\x01\x03\x03\t\x18\x00\x01\x03\x8b\x18\t\x04\x00\x01\x03\xf6g\t\x06\x00\x01\x03\x8a\x18\t\x04\x00\x01\x03\xc7s\t\x04\x00\x01\x03\xdat\t\x00\x00\x01\x03\x04\t\x0c\x00\x01\x03(\t\x08\x00\x01\x03\x04\t\x02\x00\x01\x03\x06\t\x04\x00\x01\x03\x89\x07\t\x04\x00\x01\x03\x01\t\x02\x00\x01\x03\x06\t\x08\x00\x01\x03\xd5\x02\t\x0e\x00\x01\x03\xc2}\t\x02\x00\x01\x03~\t\x02\x00\x01\x03n\t\x04\x00\x01\x03\x01\t\x08\x00\x01\x03\xaa\n\t\x06\x00\x01\x03\x01\t\x18\x00\x01\x03\xe6u\t\x06\x00\x01\x03\xb1z\t\x04\x00\x01\x03\x02\t\x00\x00\x01\x03\xb4\x7f\t\x06\x00\x01\x03\x02\t\x00\x00\x01\x03\xde\t\t\x06\x00\x01\x03\xdet\t\x00\x00\x01\x03\x04\t\x08\x00\x01\x03,\t\x08\x00\x01\x03\x06\t\x06\x00\x01\x03\xe1\t\t\x04\x00\x01\x03\x01\t\x00\x00\x01\x03\x01\t\x06\x00\x01\x03\x02\t\x04\x00\x01\x03\xf1}\t\x04\x00\x01\x03\x05\t\x06\x00\x01\x03\x8a\x02\t\x0e\x00\x01\x03\xfd}\t\x02\x00\x01\x03\x83\x02\t\x06\x00\x01\x03\xf8}\t\x06\x00\x01\x03\x97\t\t\x06\x00\x01\x03\x9ey\t\x1a\x00\x01\x03\xd0\x06\t\x06\x00\x01\x03\xb0y\t\x14\x00\x01\x03\xd1\x06\t\x02\x00\x01\x03\x01\t\x0c\x00\x01\x03\x01\t\x02\x00\x01\x03\x7f\t\x04\x00\x01\x03\x01\t\n\x00\x01\x03\x7f\t\x10\x00\x01\x03\x03\t\x04\x00\x01\x03\x01\t\x12\x00\x01\x03\x01\t\x0e\x00\x01\x03\x01\t\x02\x00\x01\x03p\t\x06\x00\x01\x03\x88w\t\x04\x00\x01\x03\x7f\t\x06\x00\x01\x03\xff\x08\t\x04\x00\x01\x03\x0c\t\x06\x00\x01\x03\xdav\t\x06\x00\x01\x03\x04\t\x04\x00\x01\x03\x9b\x02\t\x0e\x00\x01\x03\xeb}\t\x02\x00\x01\x03\x95\x02\t\x04\x00\x01\x03\xe7}\t\x06\x00\x01\x03\xa8\t\t\x06\x00\x01\x03\x9ey\t\x1a\x00\x01\x03\xb3\x06\t\x06\x00\x01\x03\x01\t\x14\x00\x01\x03\x01\t\x0c\x00\x01\x03\x01\t\x02\x00\x01\x03\x7f\t\x04\x00\x01\x03\x01\t\n\x00\x01\x03\x7f\t\x10\x00\x01\x03\x03\t\x04\x00\x01\x03\x01\t\x12\x00\x01\x03\x01\t\x04\x00\x01\x03\x01\t\n\x00\x01\x03p\t\x06\x00\x01\x03\x93w\t\x04\x00\x01\x03\x7f\t\x04\x00\x01\x03\xf4\x08\t\x04\x00\x01\x03\x0c\t\x06\x00\x01\x03\xe9v\t\x06\x00\x01\x03\x03\t\x00\x00\x01\x03\xaa\x02\t\x0e\x00\x01\x03\xd8}\t\x06\x00\x01\x03\xb7\t\t\x06\x00\x01\x03\xb8\x7f\t\x1a\x00\x01\x03\x01\t\x14\x00\x01\x03\x01\t\x0c\x00\x01\x03\x01\t\x02\x00\x01\x03\x7f\t\x04\x00\x01\x03\x01\t\n\x00\x01\x03\x01\t\x10\x00\x01\x03~\t\x02\x00\x01\x03\x04\t\x04\x00\x01\x03\x01\t\n\x00\x01\x03q\t\x06\x00\x01\x03\x9bw\t\x04\x00\x01\x03\xeb\x08\t\x04\x00\x01\x03\x0b\t\x06\x00\x01\x03\xf8v\t\x06\x00\x01\x03\x03\t\x00\x00\x01\x03\xb5\x02\t\x0c\x00\x01\x03\xcc}\t\x06\x00\x01\x03\xf3\x01\t\x08\x00\x01\x03\x04\t\x00\x00\x01\x03=\t\x0c\x00\x01\x03E\t\x06\x00\x01\x03\xbe\x7f\t\x08\x00\x01\x03\x02\t\x00\x00\x01\x03\xfb\x00\t\x0c\x00\x01\x03\xe1\x01\t\x06\x00\x01\x03\xa7}\t\x0c\x00\x01\x03j\t\x04\x00\x01\x03\x06\t\x00\x00\x01\x03\x88\x01\t\x0e\x00\x01\x03-\t\x06\x00\x01\x03\xd1~\t\x08\x00\x01\x03\x02\t*\x00\x01\x03\xff}\t\x04\x00\x01\x03\x02\t\x00\x00\x01\x03\xff\x02\t\x0c\x00\x01\x03\x84}\t\x06\x00\x01\x03e\t\x08\x00\x01\x03\xc4\x03\t\x00\x00\x01\x03\xc0|\t\n\x00\x01\x03\x93\x03\t\x0e\x00\x01\x03\xf9|\t\x02\x00\x01\x03w\t\x04\x00\x01\x03\xa7\n\t\x04\x00\x01\x03\xea\x02\t\x08\x00\x01\x03\x02\t\x06\x00\x01\x03\x0f\t\x04\x00\x01\x03o\t\x04\x00\x01\x03N\t\x08\x00\x01\x03\xads\t\x0c\x00\x01\x03w\t\x04\x00\x01\x03\x01\t\x04\x00\x01\x03\xdb\x0c\t\x04\x00\x01\x03\xa7s\t\x06\x00\x01\x03\x01\t\x04\x00\x01\x03\x02\t\x06\x00\x01\x03\x8e\x7f\t\x04\x00\x01\x03\x03\t\x08\x00\x01\x03\x01\t\x08\x00\x01\x03\t\t\n\x00\x01\x03\xec\x03\t\x0c\x00\x01\x03\xc9|\t\x02\x00\x01\x03\xb7\x03\t\x06\x00\x01\x03\x95|\t\x04\x00\x01\x03\xeb\x03\t\x0c\x00\x01\x03-\t\x04\x00\x01\x03\xec{\t\n\x00\x01\x03\x01\t\x04\x00\x01\x03\t\t\x04\x00\x01\x03\x12\t\x04\x00\x01\x03\x01\t\x08\x00\x01\x03\xac\x0c\t\x04\x00\x01\x03\xa8s\t\x04\x00\x01\x034\t\x02\x00\x01\x03\xa1\x04\t\x04\x00\x01\x03\x01\t\x04\x00\x01\x03\x7f\t\x02\x00\x01\x03\x03\t\x04\x00\x01\x03~\t\x02\x00\x01\x03\x7f\t\x02\x00\x01\x03\x01\t\x04\x00\x01\x03\x7f\t\x02\x00\x01\x03\x01\t\x04\x00\x01\x03\xe3{\t\x02\x00\x01\x03\x06\t\x04\x00\x01\x03\x7f\t\x06\x00\x01\x03\x9a\x04\t\x04\x00\x01\x03\xe9z\t\x10\x00\x01\x03\x04\t\n\x00\x01\x03\x04\t\x04\x00\x01\x03\xad\x04\t\x0e\x00\x01\x03\xdf{\t\x02\x00\x01\x03\xa1\x04\t\x08\x00\x01\x03\xd4{\t\x04\x00\x01\x03\xac\x04\t\x0e\x00\x01\x03-\t\x04\x00\x01\x03\xc1\x01\t\x06\x00\x01\x03\xe9\x05\t\x08\x00\x01\x03\x02\t\x04\x00\x01\x03\x01\t \x00\x01\x03\x97\x02\t\x08\x00\x01\x03\xd2}\t\x02\x00\x01\x03\xb0z\t\x0e\x00\x01\x03\x01\t\x1a\x00\x01\x03\t\t\x08\x00\x01\x03\xe2y\t\x08\x00\x01\x03\x7f\t\x08\x00\x01\x03N\t\x04\x00\x01\x03\x05\t\x04\x00\x01\x03\xcf\x04\t\x0e\x00\x01\x03\xc9{\t\x02\x00\x01\x03t\t\x04\x00\x01\x03u\t\x04\x00\x01\x03\xce\x04\t\x0e\x00\x01\x03\xb4{\t\x06\x00\x01\x03\x95\r\t\x0c\x00\x01\x03\xe4w\t\x0e\x00\x01\x03\xac\x07\t\x08\x00\x01\x03\x01\t$\x00\x01\x03\xf3\x00\t\x08\x00\x01\x03\xa4\x01\t\x04\x00\x01\x03\xe0~\t\x02\x00\x01\x03\xe3r\t\x10\x00\x01\x03\xd4\x0c\t\x04\x00\x01\x03\x01\t\x04\x00\x01\x03\xc0s\t\x04\x00\x01\x03\x7f\t\x04\x00\x01\x03u\t\x04\x00\x01\x03F\t\x04\x00\x01\x03\x02\t\n\x00\x01\x03\x01\t\x08\x00\x01\x03\t\t\x08\x00\x01\x03\x9e\x05\t\x08\x00\x01\x03\xe3z\t\x08\x00\x01\x03\x03\tR\x00\x01\x03\x7f\t\x08\x00\x01\x03\xb4~\t\x04\x00\x01\x03\xe7\x06\t\x04\x00\x01\x03\x9ay\t\n\x00\x01\x03\x01\t\x06\x00\x01\x03\x05\t\x0c\x00\x01\x03\x7f\t\x04\x00\x01\x03\xff\x02\t\x04\x00\x01\x03\xe2\x03\t\x0e\x00\x01\x03\xa1|\t\n\x00\x01\x03\x01\t\x02\x00\x01\x03\x03\t\x08\x00\x01\x03\xae\x03\t\x0c\x00\x01\x03\xe0|\t\x02\x00\x01\x03\x07\t\x04\x00\x01\x03n\t\x0c\x00\x01\x03\x01\t\x08\x00\x01\x03\x05\t\x06\x00\x01\x03\x02\t\x04\x00\x01\x03\x01\t\x04\x00\x01\x03\x06\t\n\x00\x01\x03\x02\t\x0c\x00\x01\x03\xffx\t\x02\x00\x01\x03\x04\t\x08\x00\x01\x03\x10\t\x0c\x00\x01\x03\x04\t\x02\x00\x01\x03\x04\t\x02\x00\x01\x03\x04\t\x02\x00\x01\x03\x04\t\x02\x00\x01\x03\x04\t\x02\x00\x01\x03\x04\t\x02\x00\x01\x03\x04\t\x02\x00\x01\x03\x06\t\x04\x00\x01\x03\xc5\x06\t\x06\x00\x01\x03\xbc\x02\t\x04\x00\x01\x03\x91\x01\t\x00\x00\x01\x03\xf7~\t\n\x00\x01\x03\xdc\x00\t\x04\x00\x01\x03\xa9\x7f\t\x06\x00\x01\x03\xd7\x00\t\x06\x00\x01\x03\xb2\x7f\t\x04\x00\x01\x03\xb3v\t\x02\x00\x01\x03\x04\t\x08\x00\x01\x03\x10\t\x0c\x00\x01\x03\x04\t\x02\x00\x01\x03\x04\t\x02\x00\x01\x03\x04\t\x02\x00\x01\x03\x04\t\x02\x00\x01\x03\xa9\t\t\x02\x00\x01\x03\xdbv\t\x04\x00\x01\x03\x04\t\x02\x00\x01\x03\x04\t\x02\x00\x01\x03\x06\t\x04\x00\x01\x03\xf2\x08\t\x04\x00\x01\x03\xd8v\t\x00\x00\x01\x03\x04\t\x0c\x00\x01\x03$\t\x08\x00\x01\x03\x04\t\x04\x00\x01\x03\x04\t\x04\x00\x01\x03\x06\t\x04\x00\x01\x03\xbc\x08\t\x04\x00\x01\x03\x03\t\x00\x00\x01\x03\xa6\x01\t\x0c\x00\x01\x03\xe1\x01\t\x06\x00\x01\x03\x84t\t\x0c\x00\x01\x03\x04\t\x08\x00\x01\x03\x14\t\x0c\x00\x01\x03\x04\t\x02\x00\x01\x03\x04\t\x02\x00\x01\x03\x04\t\x02\x00\x01\x03\x04\t\x04\x00\x01\x03\x04\t\x02\x00\x01\x03\x04\t\x02\x00\x01\x03\x06\t\x04\x00\x01\x03\x90\x08\t\x04\x00\x01\x03\x01\t\x00\x00\x01\x03\x07\t\x08\x00\x01\x03\xcd\x01\t\x04\x00\x01\x03\xb8~\t\x06\x00\x01\x03\x01\t\x14\x00\x01\x03\x7f\t\x02\x00\x01\x03\xddv\t\x0c\x00\x01\x03\x07\t\x04\x00\x01\x03\xa9\t\t\x18\x00\x01\x03\x7f\t\x12\x00\x01\x03|\t\x02\x00\x01\x03\xa5w\t\x02\x00\x01\x03\x04\t\x08\x00\x01\x03\x14\t\x0c\x00\x01\x03\x04\t\x02\x00\x01\x03\x04\t\x02\x00\x01\x03\x04\t\x02\x00\x01\x03\x04\t\x02\x00\x01\x03\x04\t\x04\x00\x01\x03\x04\t\x02\x00\x01\x03\x06\t\x04\x00\x01\x03\xfc\x07\t\x04\x00\x01\x03\x02\t\x00\x00\x01\x03\xe7\x01\t\x0c\x00\x01\x03\xe5u\t\x06\x00\x01\x03\x04\t\x08\x00\x01\x03\x10\t\x0c\x00\x01\x03\x04\t\x02\x00\x01\x03\x04\t\x04\x00\x01\x03\x04\t\x04\x00\x01\x03\x04\t\x04\x00\x01\x03\x04\t\x02\x00\x01\x03\x04\t\x02\x00\x01\x03\x04\t\x02\x00\x01\x03\x06\t\x04\x00\x01\x03\xe8\x07\t\x04\x00\x01\x03\x03\t\x04\x00\x01\x03\xfa\x01\t\x0c\x00\x01\x03\x91~\t\x02\x00\x01\x03\xef\x01\t\x04\x00\x01\x03\xa0\x0e\t\x04\x00\x01\x03\xefo\t\x04\x00\x01\x03\xd6w\t\x06\x00\x01\x03\x04\t\x08\x00\x01\x03\xa4\x08\t\x0c\x00\x01\x03\xfcw\t\x08\x00\x01\x03\x04\t\x02\x00\x01\x03\x04\t\x02\x00\x01\x03\x04\t\x02\x00\x01\x03\xfc\x07\t\x04\x00\x01\x03\x8ax\t\x04\x00\x01\x03\xee\x06\t\x04\x00\x01\x03\x05\t\x00\x00\x01\x03\xf2\x02\t\x0c\x00\x01\x03\x97\x07\t\x06\x00\x01\x03\xcen\t\x04\x00\x01\x03\x04\t\x08\x00\x01\x03\x10\t\x0c\x00\x01\x03\x04\t\x02\x00\x01\x03\x04\t\x02\x00\x01\x03\x04\t\x02\x00\x01\x03\x04\t\x04\x00\x01\x03\x04\t\x02\x00\x01\x03\x04\t\x02\x00\x01\x03\x04\t\x04\x00\x01\x03\x06\t\x04\x00\x01\x03\xb8\x03\t\x04\x00\x01\x03\x92|\t\x00\x00\x01\x03\x04\t\x0c\x00\x01\x03\x10\t\x08\x00\x01\x03\x04\t\x02\x00\x01\x03\xd7\x03\t\x02\x00\x01\x03\xb5|\t\x04\x00\x01\x03\x04\t\x02\x00\x01\x03\x04\t\x02\x00\x01\x03\x04\t\x04\x00\x01\x03\x06\t\x04\x00\x01\x03\xc8\x03\t\x04\x00\x01\x03\x01\t\x04\x00\x01\x03\x06\t\x04\x00\x01\x03\x96\x06\t\x0e\x00\x01\x03\x82z\t\x02\x00\x01\x03\xfe\x05\t\x04\x00\x01\x03\xf4y\t\x04\x00\x01\x03\x07\t\x10\x00\x01\x03\xa0\n\t\x12\x00\x01\x03\x01\t\x06\x00\x01\x03\x01\t\n\x00\x01\x03\xe5u\t\x1e\x00\x01\x03{\t\x04\x00\x01\x03\xd7\n\t\x04\x00\x01\x03\xa1|\t\x14\x00\x01\x03\xe4\x03\t\x06\x00\x01\x03\x02\t\x0c\x00\x01\x03\x01\t\x18\x00\x01\x03\xa6u\t\x10\x00\x01\x03\x8e~\t\x06\x00\x01\x03\x9d\x08\t\x00\x00\x01\x03\xebw\t\n\x00\x01\x03\x01\t\x04\x00\x01\x03\x01\t\x0c\x00\x01\x03\x82}\t\x02\x00\x01\x03y\t\x10\x00\x01\x03\xd0\x00\t\x14\x00\x01\x03\x04\t\x08\x00\x01\x03\x10\t\x0c\x00\x01\x03\x04\t\x02\x00\x01\x03\x04\t\x02\x00\x01\x03\xae\x02\t\x02\x00\x01\x03\xda}\t\x02\x00\x01\x03\x04\t\x02\x00\x01\x03\x04\t\x02\x00\x01\x03\x04\t\x02\x00\x01\x03\x06\t\x04\x00\x01\x03\x80\x02\t\x04\x00\x01\x03\x01\t\x04\x00\x01\x03\x01\t\x0c\x00\x01\x03\x0b\t\x04\x00\x01\x03P\t\x04\x00\x01\x03\xed}\t\x00\x00\x01\x03\x04\t\x0c\x00\x01\x03\x10\t\x08\x00\x01\x03\x04\t\x04\x00\x01\x03\x04\t\x02\x00\x01\x03\x04\t\x02\x00\x01\x03\x04\t\x04\x00\x01\x03\x04\t\x02\x00\x01\x03\x04\t\x02\x00\x01\x03\x04\t\x02\x00\x01\x03\x06\t\x02\x00\x01\x03\xc5\x01\t\x04\x00\x01\x03\x85~\t\x00\x00\x01\x03\x04\t\x0c\x00\x01\x03\x18\t\x08\x00\x01\x03\x04\t\x02\x00\x01\x03\x04\t\x02\x00\x01\x03\x04\t\x02\x00\x01\x03\x04\t\x02\x00\x01\x03\x04\t\x02\x00\x01\x03\x06\t\x04\x00\x01\x03\x91\x01\t\x04\x00\x01\x03\x06\t\x00\x00\x01\x03\x01\t\x08\x00\x01\x03\xb2~\t\x06\x00\x01\x03\x04\t\x08\x00\x01\x03\x10\t\x0c\x00\x01\x03\x04\t\x04\x00\x01\x03\x04\t\x02\x00\x01\x03\x04\t\x02\x00\x01\x03\x04\t\x04\x00\x01\x03\x04\t\x02\x00\x01\x03\x04\t\x04\x00\x01\x03\x04\t\x04\x00\x01\x03\x06\t\x04\x00\x01\x03\xd1j\t\x04\x00\x01\x03\x1a\t\x08\x00\x01\x03g\t\x04\x00\x01\x03\x01\t\n\x00\x01\x03\x03\t\x08\x00\x01\x03\x01\t\x0e\x00\x01\x03\x01\t\x16\x00\x01\x03\x01\t\n\x00\x01\x04\x08\x03?\t\x06\x00\x01\x03\xbd\x7f\t\x1c\x00\x01\x04\t\x03\x00\t\x12\x00\x01\x04\x05\x03\'\t\x08\x00\x01\x03\x01\t\x06\x00\x01\x03\x01\t\x08\x00\x01\x04\x08\x03\x1b\t\x04\x00\x01\x04\x05\x03\x9f\x7f\t\x16\x00\x01\x04\t\x03\x1b\t\x06\x00\x01\x03\x01\t\x04\x00\x01\x03\x01\t\x04\x00\x01\x04\x05\x03c\t\x04\x00\x01\x03\x01\t\x06\x00\x01\x03\x01\t\x04\x00\x01\x03\x01\t\x04\x00\x01\x03\x01\t\x08\x00\x01\x03\xcc\x00\t\x0c\x00\x01\x03\x01\t\x0e\x00\x01\x03\x02\t\x08\x00\x01\x04\x08\x03\x10\t$\x00\x01\x03\x15\t\n\x00\x01\x03i\t\x04\x00\x01\x03\x18\t\x04\x00\x01\x03\x7f\t\x0c\x00\x01\x03n\t\x0c\x00\x01\x03\x02\t\x16\x00\x01\x03\x01\t\x18\x00\x01\x03\x01\t\x0e\x00\x01\x04\x05\x03\xa4\x7f\t\x0c\x00\x01\x03\x01\t\x06\x00\x01\x03\x02\t\x08\x00\x01\x03\x02\t\x1e\x00\x01\x03\x01\t\x18\x00\x01\x04\x08\x03\xd7\x00\t\x0c\x00\x01\x03\x01\t\x0c\x00\x01\x03\x02\t\x08\x00\x01\x03\x01\t\x0e\x00\x01\x03\x04\t\x0e\x00\x01\x03|\t\x12\x00\x01\x03\x02\t\x06\x00\x01\x04\x05\x03\xd4)\t\x1a\x00\x01\x03\x04\t\x00\x00\x01\x03\x02\t\x08\x00\x01\x03\x02\t\x0e\x00\x01\x03\x01\t\n\x00\x01\x03\x02\t\x06\x00\x01\x03\x88k\t\x02\x00\x01\x03\xba\x7f\t\n\x00\x01\x03\xcf\x00\t\x08\x00\x01\x03\x01\t\x06\x00\x01\x03\x03\t\x02\x00\x01\x03\x06\t\x10\x00\x01\x03\xab\x7f\t\x08\x00\x01\x03\xd9\x00\t\x08\x00\x01\x03\xe4\t\t\x08\x00\x01\x03\x9dv\t\x08\x00\x01\x03\x01\t(\x00\x01\x03\x06\t\x06\x00\x01\x03\x03\t\x04\x00\x01\x03\x01\t\x04\x00\x01\x03\xa7\n\t\x08\x00\x01\x03\xb2u\t\x04\x00\x01\x03,\t\x04\x00\x01\x03\x96\x7f\t\x0c\x00\x01\x03\xbd\n\t\x0c\x00\x01\x03\xa3v\t\x0c\x00\x01\x03\x01\t&\x00\x01\x03\xe7\x02\t\x08\x00\x01\x03\xfc\x06\t\x02\x00\x01\x03\x89y\t\n\x00\x01\x03\xca\x06\t\x0e\x00\x01\x03\xc0y\t\x02\x00\x01\x03y\t\x02\x00\x01\x03\x7f\t\x04\x00\x01\x03\x01\t\x04\x00\x01\x03\xf4\x06\t\x04\x00\x01\x03\x90y\t\x02\x00\x01\x03\x01\t\x04\x00\x01\x03\xa9}\t\x14\x00\x01\x03\x8e\n\t\x04\x00\x01\x03\xb2u\t\x06\x00\x01\x03\x99\x03\t\x04\x00\x01\x03Z\t\x06\x00\x01\x03\x05\t\x00\x00\x01\x03\xe1\x06\t\x0e\x00\x01\x03-\t\x06\x00\x01\x03\xbav\t\n\x00\x01\x03\x8e\n\t\x04\x00\x01\x03\xb2u\t\x06\x00\x01\x03\xbd\x04\t\x08\x00\x01\x03\xc9\x05\t\x0e\x00\x01\x03\xbaz\t\n\x00\x01\x03\x08\t\x06\x00\x01\x03\x91\x05\t\x0e\x00\x01\x03\xfdz\t\x02\x00\x01\x03u\t\x0e\x00\x01\x03\x7f\t\x04\x00\x01\x03\x01\t\x04\x00\x01\x03\x06\t\x04\x00\x01\x03\xae\x05\t\x08\x00\x01\x03\xd4z\t\x0e\x00\x01\x03\x03\t(\x00\x01\x03\x7f\t\x0e\x00\x01\x03\x9e\x7f\t\x04\x00\x01\x03\x93\x06\t\x08\x00\x01\x03\xf2y\t\n\x00\x01\x03\xe1\x05\t\x0e\x00\x01\x03\xb8z\t\x02\x00\x01\x03z\t\x08\x00\x01\x03\x7f\t\x04\x00\x01\x03\x01\t\x04\x00\x01\x03\x04\t\x04\x00\x01\x03\xf0\x05\t\x0e\x00\x01\x03\xb1\x01\t\x10\x00\x01\x03\xe1x\t(\x00\x01\x03\x7f\t\x08\x00\x01\x03\x1f\t\x04\x00\x01\x03\x05\t\x00\x00\x01\x03\xa5\x05\t\x0e\x00\x01\x03\xdcz\t\x08\x00\x01\x03\xca\x05\t\x08\x00\x01\x03\xb1\x01\t\x14\x00\x01\x03\x86y\t&\x00\x01\x03\xec\x0f\t\x04\x00\x01\x03\x03\t\x00\x00\x01\x03\x01\t\x08\x00\x01\x03\xde\x00\t\x02\x00\x01\x03\xa6\x7f\t<\x00\x01\x03\x87m\t\x02\x00\x01\x03\x03\t\x00\x00\x01\x03\xa5\x08\t\x0c\x00\x01\x03\xdcw\t\x06\x00\x01\x03\xd4\x0f\t\x04\x00\x01\x03\x01\t\x08\x00\x01\x03\x04\t\x04\x00\x01\x04\x08\x03\xbeY\t\x04\x00\x01\x03\x00\t\x00\x00\x01\x04\x05\x03,\t\n\x00\x01\x04\t\x03}\t\x08\x00\x01\x04\x08\x03X\t\x04\x00\x01\x03\x7f\t\x02\x00\x01\x03\x01\t\x06\x00\x01\x04\t\x03(\t\x04\x00\x01\x04\x08\x03X\t\x02\x00\x01\x04\t\x03(\t\x04\x00\x01\x04\x08\x03z\t\x04\x00\x01\x03\x00\t\x00\x00\x01\x03\x00\t\x0e\x00\x01\x03\x00\t\x06\x00\x01\x04\t\x03\x06\t\x04\x00\x01\x04\x08\x03z\t\x02\x00\x01\x04\t\x03\x06\t\x04\x00\x01\x04\x08\x03\x14\t\x04\x00\x01\x03\x00\t\x06\x00\x01\x04\x05\x03\xad\x7f\t\x08\x00\x01\x04\t\x03?\t\x08\x00\x01\x04\x08\x03\x14\t\x04\x00\x01\x03\x00\t\n\x00\x01\x03\x00\t\x06\x00\x01\x04\t\x03l\t\x04\x00\x01\x04\x08\x03\x14\t\x02\x00\x01\x04\t\x03l\t\x04\x00\x01\x04\x08\x03:\t\x04\x00\x01\x03\x00\t\x00\x00\x01\x03\x00\t\x0e\x00\x01\x03\x00\t\x06\x00\x01\x04\t\x03F\t\x04\x00\x01\x04\x08\x03:\t\x02\x00\x01\x04\t\x03F\t\x04\x00\x01\x04\x08\x03\xc6\x00\t\x04\x00\x01\x03\x01\t\x0e\x00\x01\x03\x01\t(\x00\x01\x03\x01\t,\x00\x01\x04\x04\x03\x8e\x7f\t\x0e\x00\x01\x03\x00\t\x00\x00\x01\x03\x03\t\x16\x00\x01\x03\x01\t\x10\x00\x01\x03\x03\t\x04\x00\x01\x03\x01\t\x04\x00\x01\x03~\t\x04\x00\x01\x03\x07\t\x06\x00\x01\x03\x01\t\x04\x00\x01\x03\x01\t\x10\x00\x01\x03\x01\t&\x00\x01\x03y\t\x16\x00\x01\x03\x01\t\x04\x00\x01\x04\x01\x03\xbd\x05\t\x08\x00\x01\x03\x01\t\x0e\x00\x01\x03\x01\t\x04\x00\x01\x03\x03\t\n\x00\x01\x03\xeb|\t\x04\x00\x01\x03\x01\t\x04\x00\x01\x03\x01\t\x06\x00\x01\x03\x01\t\x04\x00\x01\x03\x95\x03\t\x06\x00\x01\x03\x01\t\x04\x00\x01\x03\x04\t\x06\x00\x01\x03\x8e{\t\x04\x00\x01\x03\x05\t\x06\x00\x01\x03\x84\x04\t\x04\x00\x01\x03\xa4|\t\x04\x00\x01\x03\xca\x04\t\x06\x00\x01\x03\x01\t\x16\x00\x01\x03\x01\t\x02\x00\x01\x03\x01\t\x16\x00\x01\x03\x06\t\x02\x00\x01\x03\x02\t\x04\x00\x01\x03\x05\t\x0c\x00\x01\x03\x01\t\n\x00\x01\x03\n\t\x08\x00\x01\x03\x02\t\x04\x00\x01\x03v\t\x0e\x00\x01\x03\x02\t\x04\x00\x01\x03\x05\t\x0c\x00\x01\x03\x01\t\n\x00\x01\x03\x91~\t\n\x00\x01\x03\xdd|\t<\x00\x01\x03\n\t\x04\x00\x01\x03\x9b\x03\t\x04\x00\x01\x03\x04\t\x04\x00\x01\x03\xe6|\t\n\x00\x01\x03\x9d\x03\t\x06\x00\x01\x03\x01\t\x02\x00\x01\x03\xa0|\t\x04\x00\x01\x03\xe6\x03\t\x08\x00\x01\x03\x03\t\x08\x00\x01\x03\x01\t\x06\x00\x01\x03\x01\t\x04\x00\x01\x03\x02\t\x04\x00\x01\x03\x02\t\x04\x00\x01\x03\xbf|\t\x04\x00\x01\x03X\t\x08\x00\x01\x03\xb1\x04\t\x06\x00\x01\x03\xcf{\t>\x00\x01\x03(\t\x08\x00\x01\x03\xcc\x03\t\x06\x00\x01\x03\x02\t\x04\x00\x01\x03\x01\t\x04\x00\x01\x03\x02\t\x06\x00\x01\x03\x08\t\x06\x00\x01\x03{\t\x06\x00\x01\x03\x02\t\x04\x00\x01\x03\x01\t\x04\x00\x01\x03\x02\t\x06\x00\x01\x03\x03\t\x08\x00\x01\x03\xf6{\t\x04\x00\x01\x03\x8d\x04\t\x08\x00\x01\x03\x02\t\x08\x00\x01\x03\x97\x7f\t\n\x00\x01\x03\x8d}\t\x02\x00\x01\x03\x85\x02\t\x04\x00\x01\x03\xee\x00\t\x08\x00\x01\x03\x93\x7f\t\x04\x00\x01\x03\xdf\x00\t\x08\x00\x01\x03\x01\t\x04\x00\x01\x03\x9a}\t&\x00\x01\x03\x85\x02\t\x04\x00\x01\x03\x01\t\x08\x00\x01\x03\xe4\x00\t\x08\x00\x01\x03\x01\t\x10\x00\x01\x03\x9b\x7f\t\x06\x00\x01\x03\xf2\x00\t\x08\x00\x01\x04\x03\x03\xa3|\t\x04\x00\x01\x03\x01\t\x10\x00\x01\x03\x02\t\x16\x00\x01\x03}\t\x06\x00\x01\x04\x01\x03\xe8\x03\t\x08\x00\x01\x03\x02\t\x06\x00\x01\x03\x03\t\x08\x00\x01\x03\x01\t\x04\x00\x01\x03\t\t\x08\x00\x01\x03\xec\x00\t\x04\x00\x01\x03\x96|\t\x04\x00\x01\x03\xf7\x02\t\x08\x00\x01\x03\x01\t\x04\x00\x01\x03\x02\t\n\x00\x01\x03\x03\t\x04\x00\x01\x04\x03\x03\x96|\t\x04\x00\x01\x03\x01\t\x16\x00\x01\x03\x7f\t\x16\x00\x01\x03\x03\t\x08\x00\x01\x04\x01\x03\xe8\x03\t\x04\x00\x01\x03t\t\x16\x00\x01\x03\x15\t\x04\x00\x01\x03\x02\t\x04\x00\x01\x04\x06\x03\xa9|\t\x04\x00\x01\x04\x01\x03\x9a\x04\t\x06\x00\x01\x03\x04\t\x06\x00\x01\x03\x97|\t\x04\x00\x01\x03\xed\x03\t\x08\x00\x01\x03\x02\t\x06\x00\x01\x03\xf4}\t\n\x00\x01\x03\x03\t\x02\x00\x01\x03\x05\t\x02\x00\x01\x03x\t\x02\x00\x01\x03\x02\t\x06\x00\x01\x03\x01\t\x04\x00\x01\x03\x01\t\x04\x00\x01\x03\x04\t\n\x00\x01\x03x\t\x04\x00\x01\x03\r\t\x06\x00\x01\x03\x01\t\x06\x00\x01\x03\x81\x02\t\x04\x00\x01\x03\r\t\x08\x00\x01\x03\x86|\t\x04\x00\x01\x03\x85\x02\t\x04\x00\x01\x03\x01\t\x08\x00\x01\x03p\t\x08\x00\x01\x04\x06\x03\xc9}\t\x06\x00\x01\x03\x01\t\x02\x00\x01\x03\x02\t\x02\x00\x01\x03\x02\t\x04\x00\x01\x03\x02\t\x06\x00\x01\x03\x05\t\x0c\x00\x01\x03\x02\t\x06\x00\x01\x03\x02\t\x04\x00\x01\x03\x03\t\x1a\x00\x01\x04\x01\x03\x06\t\x04\x00\x01\x03\xef\x02\t\x08\x00\x01\x03\x9e}\t\n\x00\x01\x04\x06\x03r\t\x08\x00\x01\x03\x02\t\x06\x00\x01\x03[\t\x06\x00\x01\x034\t\x08\x00\x01\x03x\t\x06\x00\x01\x03\x0f\t\x04\x00\x01\x03\x05\t"\x00\x01\x03\x05\t\x08\x00\x01\x03\x02\t\x08\x00\x01\x04\x0b\x03\xda\x02\t\x08\x00\x01\x04\x06\x03\x95}\t\x16\x00\x01\x03\x14\t\x06\x00\x01\x03\t\t\x0c\x00\x01\x03\x02\t\x02\x00\x01\x03\x01\t\n\x00\x01\x03\x03\t\x08\x00\x01\x03\x01\t\x08\x00\x01\x03f\t\x0e\x00\x01\x03\x01\t\n\x00\x01\x03\x1e\t\n\x00\x01\x04\x01\x03\xe8\x01\t\n\x00\x01\x04\x03\x03\xb5}\t\x04\x00\x01\x03\x01\t\x10\x00\x01\x03\x7f\t\x1a\x00\x01\x04\x01\x03\xca\x03\t\x08\x00\x01\x03\x05\t\n\x00\x01\x03\x02\t\x06\x00\x01\t\x06\x00\x00\x01\x01\x04\n\x00\x05\x02\x8c#\x00\x00\x03!\x01\x04\x04\x03\xd3\x01\t\x16\x00\x01\x03\x06\t\x02\x00\x01\x03\x01\t\x06\x00\x01\x03\r\t\x06\x00\x01\x03\x01\t\x06\x00\x01\x03\r\t\x06\x00\x01\x03\x0b\t\n\x00\x01\x03\x03\t\x04\x00\x01\x03\x02\t\n\x00\x01\x03\n\t\n\x00\x01\x03\x16\t\n\x00\x01\x03\x01\t\n\x00\x01\x03\x01\t\n\x00\x01\x03\x04\t\n\x00\x01\x03\x01\t\n\x00\x01\x03\x01\t\n\x00\x01\x03\x01\t\n\x00\x01\x03\x01\t\n\x00\x01\x03\x01\t\n\x00\x01\x03\x12\t\n\x00\x01\x03\x01\t\n\x00\x01\x03\x01\t\n\x00\x01\x03\x17\t\n\x00\x01\x04\x01\x03\xbe\x03\t\n\x00\x01\x03\x01\t\x04\x00\x01\x03\x01\t\x04\x00\x01\x03\xee~\t\x04\x00\x01\x03\x02\t\n\x00\x01\x03\x05\t\x06\x00\x01\x03\'\t\x06\x00\x01\x03\x01\t\x06\x00\x01\x03\x07\t\x06\x00\x01\x03\x02\t\x04\x00\x01\x03\x07\t\x0c\x00\x01\x03\xd6\x00\t\n\x00\x01\x03\x01\t\n\x00\x01\x03\x02\t\x06\x00\x01\x04\x05\x03\x90\'\t\x04\x00\x01\x04\x02\x03\xccR\t\x04\x00\x01\x03\x01\t\x06\x00\x01\x03\x03\t\x06\x00\x01\x03\x03\t\x04\x00\x01\x03\x01\t\x10\x00\x01\x03\x0f\t\n\x00\x01\x03\x01\t\x02\x00\x01\x03\x01\t\x02\x00\x01\x03\x01\t\x06\x00\x01\x04\x05\x03\xad*\t\n\x00\x01\x03\x01\t\x06\x00\x01\x03\x9ci\t\x04\x00\x01\x03\x05\t\x04\x00\x01\x03\x01\t\x04\x00\x01\x03\xe3\x12\t\x04\x00\x01\x03\x01\t\x08\x00\x01\x03\x04\t\x04\x00\x01\x03\xa0m\t\x04\x00\x01\x03\xb2\x13\t\x0c\x00\x01\x03\x01\t\x04\x00\x01\x03\x01\t\x04\x00\x01\x03\xd0l\t\x04\x00\x01\x03\x03\t\x08\x00\x01\x03\x04\t\x08\x00\x01\x03\x01\t\x10\x00\x01\x03\x01\t\x10\x00\x01\x04\x06\x03\x92m\t\x10\x00\x01\x04\x05\x03\x83+\t\x0c\x00\x01\x03\xa2\x7f\t\x04\x00\x01\x03\x01\t\x18\x00\x01\x03\x01\t\x04\x00\x01\x03\xb0x\t\x0c\x00\x01\x03\x01\t\x10\x00\x01\x03\x01\t\x04\x00\x01\x03\x01\t\x08\x00\x01\x03\x01\t\x10\x00\x01\x04\x08\x03\xa4]\t\x08\x00\x01\x04\x05\x03\x81\'\t\x14\x00\x01\x03\xe0\x01\t\x06\x00\x01\x03\xad\x02\t\x06\x00\x01\x03\x01\t\x0c\x00\x01\x03\x01\t\x06\x00\x01\x03\x1e\t\x08\x00\x01\x03b\t\x0e\x00\x01\x03 \t\x02\x00\x01\x03\x01\t\x0e\x00\x01\x03\x85\x01\t\x0c\x00\x01\x03\xf6}\t\x04\x00\x01\x03\x01\t\x10\x00\x01\x03\x9b\x01\t\x06\x00\x01\x03\x01\t\x0c\x00\x01\x03J\t\x12\x00\x01\x03\xa2\x7f\t\x06\x00\x01\x03\x81\x02\t\x08\x00\x01\x03\x82~\t\x04\x00\x01\x03\x01\t"\x00\x01\x03\x01\t\x0c\x00\x01\x03\x83j\t\x02\x00\x01\x03\xb5\x0e\t\n\x00\x01\x03\x02\t\x0e\x00\x01\x03\x02\t\x08\x00\x01\x03\xb3\x7f\t\x18\x00\x01\x03\x01\t\n\x00\x01\x03~\t\x1c\x00\x01\x03\xcd\x00\t\x06\x00\x01\x03\x03\t\x08\x00\x01\x03\x01\t(\x00\x01\x03\x01\t\x18\x00\x01\x03\n\t\x04\x00\x01\x04\x04\x03\xb7]\t\x08\x00\x01\x04\x08\x03Q\t\x08\x00\x01\x03\x01\t(\x00\x01\x03\x01\t\x14\x00\x01\x03\x01\t\x10\x00\x01\x03\x01\t\x08\x00\x01\x03\x01\t\x08\x00\x01\x03[\t\x08\x00\x01\x03&\t\x10\x00\x01\x04\x05\x03\xe9&\t\x10\x00\x01\x03\x06\t\x06\x00\x01\x03\x03\t\n\x00\x01\x03\xa9\x05\t\x0c\x00\x01\x03\xdaz\t\x04\x00\x01\x03\x03\t\x0c\x00\x01\x03\x08\t\x0e\x00\x01\x03\x03\t\x04\x00\x01\x03\xd1~\t\x12\x00\x01\x03\x01\t\x18\x00\x01\x03\xb8\x01\t\x0e\x00\x01\x03\xc7~\t\x02\x00\x01\x03\x01\t\x0c\x00\x01\x03\xb8\x01\t\x06\x00\x01\x03\xc7~\t\n\x00\x01\x03\x01\t\x10\x00\x01\x03\x97\x02\t\x08\x00\x01\x03\x03\t\x02\x00\x01\x03\xa2\x7f\t\x02\x00\x01\x03\x03\t\x08\x00\x01\x03\x1d\t\n\x00\x01\x03e\t\x16\x00\x01\x03|\t\x06\x00\x01\x03\x07\t\x02\x00\x01\x03\xbb~\t(\x00\x01\x03\x01\t\x10\x00\x01\x03\x97\x02\t\x08\x00\x01\x03\xd2}\t\x02\x00\x01\x03\xe1\x01\t\x0e\x00\x01\x03\x82\x04\t2\x00\x01\x03\x01\t\x06\x00\x01\x03\x01\t\x10\x00\x01\x03\x01\t\x08\x00\x01\x03\x01\t\x0c\x00\x01\x03\xff\x00\t\n\x00\x01\x03\x8a~\t\x04\x00\x01\x03\xfa\x00\t\x12\x00\x01\x03\x01\t\x06\x00\x01\x03\x01\t\x06\x00\x01\x03\xfa\x00\t\x10\x00\x01\x03\x8a~\t\x04\x00\x01\x03\xff\x00\t\x10\x00\x01\x03\x01\t\x12\x00\x01\x03\x01\t\x06\x00\x01\x03\xf0~\t\x04\x00\x01\x03\x92\x01\t\x04\x00\x01\x03\x01\t\x10\x00\x01\x03\xbfi\t\x0c\x00\x01\x03\x03\t\x04\x00\x01\x03\x03\t\x08\x00\x01\x03\x97\n\t\x08\x00\x01\x03\x02\t&\x00\x01\x03\xecu\t\x08\x00\x01\x03\x02\t&\x00\x01\x03\x04\t\x1e\x00\x01\x03\x02\t&\x00\x01\x03\x01\t\x06\x00\x01\x03\xe4\r\t\n\x00\x01\x03\x01\t\x08\x00\x01\x03\x01\t\x08\x00\x01\x03\xac\x7f\t\x14\x00\x01\x03\x01\t\n\x00\x01\x03~\t\x1c\x00\x01\x03\xd4\x00\t\x06\x00\x01\x03\x05\t\x08\x00\x01\x03\x01\t(\x00\x01\x03\x01\t\x18\x00\x01\x03\x01\t\x0c\x00\x01\x03\x02\t\x06\x00\x01\x03\x03\t\x06\x00\x01\x03\x01\t\x18\x00\x01\x03\x9e\x7f\t\x16\x00\x01\x03\x01\t\n\x00\x01\x03\x01\t\n\x00\x01\x03~\t\x16\x00\x01\x03\xe1\x00\t\n\x00\x01\x03\xf9{\t\x08\x00\x01\x03\x8c\x04\t\x04\x00\x01\x03\x01\t\x04\x00\x01\x03\x95\x04\t\n\x00\x01\x03\x1f\t\x08\x00\x01\x03p\t\x0e\x00\x01\x03x\t\n\x00\x01\x03\n\t\x04\x00\x01\x03\xac\x01\t\x0e\x00\x01\x03\x08\t\x18\x00\x01\x03\x01\t\x06\x00\x01\x03\xb5~\t\x06\x00\x01\x03\xcf\x01\t\x04\x00\x01\x03\x02\t\x12\x00\x01\x03\x01\t\n\x00\x01\x03\x01\t\x16\x00\x01\x03\xf6j\t\x06\x00\x01\x03\x94\x15\t\x10\x00\x01\x03i\t\x04\x00\x01\x03\x8a\x7f\t\x04\x00\x01\x03\x8d\x01\t\n\x00\x01\x03\x01\t\x18\x00\x01\x03\x02\t\n\x00\x01\x03\x01\t\x18\x00\x01\x03\xecj\t\x0e\x00\x01\x03g\t\x08\x00\x01\x03\x01\t\x04\x00\x01\x03\x07\t\x06\x00\x01\x03\x01\t\n\x00\x01\x03\x01\t\x08\x00\x01\x03\x04\t\x12\x00\x01\x03\x03\t&\x00\x01\x03\xed\x17\t\x06\x00\x01\x04\n\x03\xafS\t\x0c\x00\x01\t\x10\x00\x00\x01\x01\x04\x08\x00\x05\x02\x8e-\x00\x00\x03\xc4\x01\x01\x03p\t\x00\x00\x01\x03\x7f\t\x08\x00\x01\x03\x7f\t\x08\x00\x01\x03\x7f\t\x08\x00\x01\t\x08\x00\x00\x01\x01^\x00\x00\x00\x02\x00A\x00\x00\x00\x02\x01\xfb\x0e\n\x00\x01\x01\x01\x01\x00\x00\x00\x01../../../../gcc/libgcc/config/avr\x00\x00lib1funcs.S\x00\x01\x00\x00\x00\x00\x05\x02H5\x00\x00\x03\xe5\x11\x01\x03\x02\t\x02\x00\x01\t\x02\x00\x00\x01\x01\xca\x00\x00\x00\x02\x00A\x00\x00\x00\x02\x01\xfb\x0e\n\x00\x01\x01\x01\x01\x00\x00\x00\x01../../../../gcc/libgcc/config/avr\x00\x00lib1funcs.S\x00\x01\x00\x00\x00\x00\x05\x02\x822\x00\x00\x03\xff\n\x01\x03\x01\t\x02\x00\x01\x03\x01\t\x02\x00\x01\x03\x01\t\x02\x00\x01\x03\x02\t\x02\x00\x01\x03\x01\t\x02\x00\x01\x03\x01\t\x02\x00\x01\x03\x01\t\x02\x00\x01\x03\x01\t\x02\x00\x01\x03\x01\t\x02\x00\x01\x03\x01\t\x02\x00\x01\x03\x02\t\x02\x00\x01\x03\x01\t\x02\x00\x01\x03\x01\t\x02\x00\x01\x03\x01\t\x02\x00\x01\x03\x01\t\x02\x00\x01\x03\x01\t\x02\x00\x01\x03\x02\t\x02\x00\x01\x03\x02\t\x02\x00\x01\x03\x02\t\x02\x00\x01\t\x02\x00\x00\x01\x01\xc4\x00\x00\x00\x02\x00A\x00\x00\x00\x02\x01\xfb\x0e\n\x00\x01\x01\x01\x01\x00\x00\x00\x01../../../../gcc/libgcc/config/avr\x00\x00lib1funcs.S\x00\x01\x00\x00\x00\x00\x05\x02\xaa2\x00\x00\x03\x9f\x0b\x01\x03\x01\t\x02\x00\x01\x03\x01\t\x02\x00\x01\x03\x01\t\x02\x00\x01\x03\x01\t\x02\x00\x01\x03\x02\t\x02\x00\x01\x03\x01\t\x02\x00\x01\x03\x01\t\x02\x00\x01\x03\x01\t\x04\x00\x01\x03\x01\t\x02\x00\x01\x03\x01\t\x02\x00\x01\x03\x03\t\x02\x00\x01\x03\x01\t\x02\x00\x01\x03\x01\t\x02\x00\x01\x03\x01\t\x02\x00\x01\x03\x03\t\x02\x00\x01\x03\x01\t\x02\x00\x01\x03\x01\t\x02\x00\x01\x03\x02\t\x02\x00\x01\t\x02\x00\x00\x01\x01v\x00\x00\x00\x02\x00A\x00\x00\x00\x02\x01\xfb\x0e\n\x00\x01\x01\x01\x01\x00\x00\x00\x01../../../../gcc/libgcc/config/avr\x00\x00lib1funcs.S\x00\x01\x00\x00\x00\x00\x05\x02\xd22\x00\x00\x03\xf7\x11\x01\x03\x01\t\x02\x00\x01\x03\x1f\t\x02\x00\x01\x03\x01\t\x02\x00\x01\x03\x01\t\x02\x00\x01\x03\x01\t\x02\x00\x01\t\x02\x00\x00\x01\x01\x94\x00\x00\x00\x02\x00A\x00\x00\x00\x02\x01\xfb\x0e\n\x00\x01\x01\x01\x01\x00\x00\x00\x01../../../../gcc/libgcc/config/avr\x00\x00lib1funcs.S\x00\x01\x00\x00\x00\x00\x05\x02\xc8\x01\x00\x00\x03\xe8\x12\x01\x03\x01\t\x02\x00\x01\x03\x01\t\x02\x00\x01\x03\x01\t\x02\x00\x01\x03\x01\t\x02\x00\x01\x03\x01\t\x02\x00\x01\x03\x03\t\x02\x00\x01\x03\x05\t\x02\x00\x01\x03\x02\t\x02\x00\x01\x03\x01\t\x02\x00\x01\x03\x01\t\x02\x00\x01\t\x02\x00\x00\x01\x01\x82\x00\x00\x00\x02\x00A\x00\x00\x00\x02\x01\xfb\x0e\n\x00\x01\x01\x01\x01\x00\x00\x00\x01../../../../gcc/libgcc/config/avr\x00\x00lib1funcs.S\x00\x01\x00\x00\x00\x00\x05\x02\xde\x01\x00\x00\x03\x88\x13\x01\x03\x01\t\x02\x00\x01\x03\x01\t\x02\x00\x01\x03\x01\t\x02\x00\x01\x03\x02\t\x02\x00\x01\x03\x02\t\x02\x00\x01\x03\x01\t\x02\x00\x01\x03\x01\t\x02\x00\x01\t\x02\x00\x00\x01\x01\x8e\x00\x00\x00\x02\x00A\x00\x00\x00\x02\x01\xfb\x0e\n\x00\x01\x01\x01\x01\x00\x00\x00\x01../../../../gcc/libgcc/config/avr\x00\x00lib1funcs.S\x00\x01\x00\x00\x00\x00\x05\x02\xee\x01\x00\x00\x03\xa1\x13\x01\x03\x01\t\x02\x00\x01\x03\x01\t\x02\x00\x01\x03\x04\t\x02\x00\x01\x03\x02\t\x02\x00\x01\x03\x06\t\x02\x00\x01\x03\x01\t\x02\x00\x01\x03\x02\t\x04\x00\x01\x03\x01\t\x02\x00\x01\x03\x05\t\x02\x00\x01\t\x02\x00\x00\x01\x01\x8e\x00\x00\x00\x02\x00A\x00\x00\x00\x02\x01\xfb\x0e\n\x00\x01\x01\x01\x01\x00\x00\x00\x01../../../../gcc/libgcc/config/avr\x00\x00lib1funcs.S\x00\x01\x00\x00\x00\x00\x05\x0225\x00\x00\x03\xbf\x13\x01\x03\x01\t\x02\x00\x01\x03\x01\t\x02\x00\x01\x03\x04\t\x02\x00\x01\x03\x06\t\x02\x00\x01\x03\x01\t\x02\x00\x01\x03\x01\t\x04\x00\x01\x03\x05\t\x02\x00\x01\x03\x01\t\x02\x00\x01\x03\x05\t\x02\x00\x01\t\x02\x00\x00\x01\x01'), '.debug_frame': DebugInfo(section=Elf_Section(index = 11, sh_name = 145, sh_type = 1, sh_flags = 0, sh_addr = 0, sh_offset = 72220, sh_size = 2456, sh_link = 0, sh_info = 0, sh_addralign = 4, sh_entsize = 0, section_name = '.debug_frame', section_image = b'\x10\x00\x00\x00\xff\xff\xff\xff\x01\x00\x02\x7f$\x0c \x02\xa4\x01\x00\x00\x0c\x00\x00\x00\x00\x00\x00\x00\x10\x02\x00\x00"\x00\x00\x00\x0c\x00\x00\x00\x00\x00\x00\x002\x02\x00\x00\xd8\x00\x00\x00\x0c\x00\x00\x00\x00\x00\x00\x00\n\x03\x00\x00T\x00\x00\x00\x0c\x00\x00\x00\x00\x00\x00\x00^\x03\x00\x00(\x00\x00\x00\x0c\x00\x00\x00\x00\x00\x00\x00\x86\x03\x00\x00J\x00\x00\x00 \x00\x00\x00\x00\x00\x00\x00\xd0\x03\x00\x000\x00\x00\x00A\x0e\x03\x8c\x02A\x0e\x04\x8d\x03A\x0e\x05\x8e\x04A\x0e\x06\x8f\x05\x0c\x00\x00\x00\x00\x00\x00\x00\x00\x04\x00\x00\x18\x00\x00\x00\x0c\x00\x00\x00\x00\x00\x00\x00\x18\x04\x00\x00*\x00\x00\x00\x0c\x00\x00\x00\x00\x00\x00\x00B\x04\x00\x00\\\x00\x00\x00,\x00\x00\x00\x00\x00\x00\x00\x9e\x04\x00\x00f\x00\x00\x00A\x0e\x03\x8e\x02A\x0e\x04\x8f\x03A\x0e\x05\x90\x04A\x0e\x06\x91\x05A\x0e\x07\x9c\x06A\x0e\x08\x9d\x07\x00\x000\x00\x00\x00\x00\x00\x00\x00\x04\x05\x00\x00L\x00\x00\x00A\x0e\x03\x8d\x02A\x0e\x04\x8e\x03A\x0e\x05\x8f\x04A\x0e\x06\x90\x05A\x0e\x07\x91\x06A\x0e\x08\x9c\x07A\x0e\t\x9d\x08\x00(\x00\x00\x00\x00\x00\x00\x00P\x05\x00\x00b\x00\x00\x00A\x0e\x03\x90\x02A\x0e\x04\x91\x03A\x0e\x05\x9c\x04A\x0e\x06\x9d\x05A\x0e\x07B\r\x1c\x00\x00\x0c\x00\x00\x00\x00\x00\x00\x00\xb2\x05\x00\x00\x1a\x00\x00\x00H\x00\x00\x00\x00\x00\x00\x00\xcc\x05\x00\x00\x02\x01\x00\x00A\x0e\x03\x88\x02A\x0e\x04\x89\x03A\x0e\x05\x8a\x04A\x0e\x06\x8b\x05A\x0e\x07\x8c\x06A\x0e\x08\x8d\x07A\x0e\t\x8e\x08A\x0e\n\x8f\tA\x0e\x0b\x90\nA\x0e\x0c\x91\x0bA\x0e\r\x9c\x0cA\x0e\x0e\x9d\r\x1c\x00\x00\x00\x00\x00\x00\x00\xce\x06\x00\x00,\x00\x00\x00A\x0e\x03\x9c\x02A\x0e\x04\x9d\x03A\x0e\x05B\r\x1c\x0c\x00\x00\x00\x00\x00\x00\x00\xfa\x06\x00\x00\x16\x00\x00\x00\x0c\x00\x00\x00\x00\x00\x00\x00\x10\x07\x00\x00\x08\x00\x00\x00\x1c\x00\x00\x00\x00\x00\x00\x00\x18\x07\x00\x00<\x00\x00\x00A\x0e\x03\x9c\x02A\x0e\x04\x9d\x03A\x0e\x05B\r\x1c(\x00\x00\x00\x00\x00\x00\x00T\x07\x00\x00H\x00\x00\x00A\x0e\x03\x90\x02A\x0e\x04\x91\x03A\x0e\x05\x9c\x04A\x0e\x06\x9d\x05A\x0e\x07B\r\x1c\x00\x00\x0c\x00\x00\x00\x00\x00\x00\x00\x9c\x07\x00\x004\x00\x00\x00 \x00\x00\x00\x00\x00\x00\x00\xd0\x07\x00\x00\x82\x00\x00\x00A\x0e\x03\x90\x02A\x0e\x04\x91\x03A\x0e\x05\x9c\x04A\x0e\x06\x9d\x05\x0c\x00\x00\x00\x00\x00\x00\x00R\x08\x00\x00\x02\x00\x00\x00\x0c\x00\x00\x00\x00\x00\x00\x00T\x08\x00\x00\x02\x00\x00\x00\x0c\x00\x00\x00\x00\x00\x00\x00V\x08\x00\x00P\x00\x00\x00\x0c\x00\x00\x00\x00\x00\x00\x00\xa6\x08\x00\x00\x1c\x00\x00\x00\x0c\x00\x00\x00\x00\x00\x00\x00\xc2\x08\x00\x00\\\x00\x00\x00\x0c\x00\x00\x00\x00\x00\x00\x00\x1e\t\x00\x00\x12\x00\x00\x00 \x00\x00\x00\x00\x00\x00\x000\t\x00\x004\x00\x00\x00A\x0e\x03\x90\x02A\x0e\x04\x91\x03A\x0e\x05\x9c\x04A\x0e\x06\x9d\x05\x18\x00\x00\x00\x00\x00\x00\x00d\t\x00\x00`\x00\x00\x00A\x0e\x03\x90\x02A\x0e\x04\x91\x03\x00\x00\x0c\x00\x00\x00\x00\x00\x00\x00\xc4\t\x00\x00\x1e\x00\x00\x00\x14\x00\x00\x00\x00\x00\x00\x00\xe2\t\x00\x00P\x00\x00\x00A\x0e\x03\x9c\x02\x00\x00\x00\x0c\x00\x00\x00\x00\x00\x00\x002\n\x00\x00\x06\x00\x00\x00\x0c\x00\x00\x00\x00\x00\x00\x008\n\x00\x00\x06\x00\x00\x00\x0c\x00\x00\x00\x00\x00\x00\x00>\n\x00\x00\x1a\x00\x00\x00\x0c\x00\x00\x00\x00\x00\x00\x00X\n\x00\x00\x0e\x00\x00\x00\x1c\x00\x00\x00\x00\x00\x00\x00f\n\x00\x00\xd0\x00\x00\x00A\x0e\x03\x91\x02A\x0e\x04\x9c\x03A\x0e\x05\x9d\x04\x00\x18\x00\x00\x00\x00\x00\x00\x006\x0b\x00\x00\xc6\x00\x00\x00A\x0e\x03\x9c\x02A\x0e\x04\x9d\x03\x00\x00\x0c\x00\x00\x00\x00\x00\x00\x00\xfc\x0b\x00\x00\x9e\x00\x00\x00\x0c\x00\x00\x00\x00\x00\x00\x00\x9a\x0c\x00\x00\x1a\x00\x00\x00\x0c\x00\x00\x00\x00\x00\x00\x00\xb4\x0c\x00\x00\x16\x00\x00\x00\x0c\x00\x00\x00\x00\x00\x00\x00\xca\x0c\x00\x00\x04\x00\x00\x00\x0c\x00\x00\x00\x00\x00\x00\x00\xce\x0c\x00\x00"\x00\x00\x00\x0c\x00\x00\x00\x00\x00\x00\x00\xf0\x0c\x00\x00J\x00\x00\x00\x0c\x00\x00\x00\x00\x00\x00\x00:\r\x00\x00\x16\x00\x00\x00\x0c\x00\x00\x00\x00\x00\x00\x00P\r\x00\x00\x04\x00\x00\x00\x0c\x00\x00\x00\x00\x00\x00\x00T\r\x00\x00l\x00\x00\x00\x1c\x00\x00\x00\x00\x00\x00\x00\xc0\r\x00\x00\xa6\x00\x00\x00A\x0e\x03\x91\x02A\x0e\x04\x9c\x03A\x0e\x05\x9d\x04\x00 \x00\x00\x00\x00\x00\x00\x00f\x0e\x00\x00\xbc\x00\x00\x00A\x0e\x03\x90\x02A\x0e\x04\x91\x03A\x0e\x05\x9c\x04A\x0e\x06\x9d\x05\x18\x00\x00\x00\x00\x00\x00\x00"\x0f\x00\x00\xac\x00\x00\x00A\x0e\x03\x9c\x02A\x0e\x04\x9d\x03\x00\x00 \x00\x00\x00\x00\x00\x00\x00\xce\x0f\x00\x00\x88\x00\x00\x00A\x0e\x03\x90\x02A\x0e\x04\x91\x03A\x0e\x05\x9c\x04A\x0e\x06\x9d\x05\x18\x00\x00\x00\x00\x00\x00\x00V\x10\x00\x00(\x00\x00\x00A\x0e\x03\x9c\x02A\x0e\x04\x9d\x03\x00\x00(\x00\x00\x00\x00\x00\x00\x00~\x10\x00\x00\x9e\x00\x00\x00A\x0e\x03\x90\x02A\x0e\x04\x91\x03A\x0e\x05\x9c\x04A\x0e\x06\x9d\x05A\x0e\x07B\r\x1c\x00\x00\x0c\x00\x00\x00\x00\x00\x00\x00\x1c\x11\x00\x00N\x00\x00\x00\x0c\x00\x00\x00\x00\x00\x00\x00j\x11\x00\x00$\x00\x00\x00\x0c\x00\x00\x00\x00\x00\x00\x00\x8e\x11\x00\x00H\x00\x00\x00\x0c\x00\x00\x00\x00\x00\x00\x00\xd6\x11\x00\x00\x90\x00\x00\x00\x0c\x00\x00\x00\x00\x00\x00\x00f\x12\x00\x00B\x00\x00\x00\x18\x00\x00\x00\x00\x00\x00\x00\xa8\x12\x00\x00R\x00\x00\x00A\x0e\x03\x90\x02A\x0e\x04\x91\x03\x00\x00\x0c\x00\x00\x00\x00\x00\x00\x00\xfa\x12\x00\x00D\x00\x00\x00\x0c\x00\x00\x00\x00\x00\x00\x00>\x13\x00\x00,\x00\x00\x00\x18\x00\x00\x00\x00\x00\x00\x00j\x13\x00\x00\xcc\x00\x00\x00A\x0e\x03\x90\x02A\x0e\x04\x91\x03\x00\x00\x0c\x00\x00\x00\x00\x00\x00\x006\x14\x00\x00\x82\x00\x00\x00\x0c\x00\x00\x00\x00\x00\x00\x00\xb8\x14\x00\x00,\x00\x00\x00\x0c\x00\x00\x00\x00\x00\x00\x00\xe4\x14\x00\x00&\x00\x00\x00\x0c\x00\x00\x00\x00\x00\x00\x00\n\x15\x00\x00@\x00\x00\x00\x18\x00\x00\x00\x00\x00\x00\x00J\x15\x00\x00R\x00\x00\x00A\x0e\x03\x9c\x02A\x0e\x04\x9d\x03\x00\x00<\x00\x00\x00\x00\x00\x00\x00\x9c\x15\x00\x00\x0c\x01\x00\x00A\x0e\x03\x8c\x02A\x0e\x04\x8d\x03A\x0e\x05\x8e\x04A\x0e\x06\x8f\x05A\x0e\x07\x90\x06A\x0e\x08\x91\x07A\x0e\t\x9c\x08A\x0e\n\x9d\tA\x0e\x0cB\r\x1c\x00\x000\x00\x00\x00\x00\x00\x00\x00\xa8\x16\x00\x00\xe4\x00\x00\x00A\x0e\x03\x8e\x02A\x0e\x04\x8f\x03A\x0e\x05\x90\x04A\x0e\x06\x91\x05A\x0e\x07\x9c\x06A\x0e\x08\x9d\x07A\x0e\nB\r\x1c\x0c\x00\x00\x00\x00\x00\x00\x00\x8c\x17\x00\x00(\x00\x00\x00(\x00\x00\x00\x00\x00\x00\x00\xb4\x17\x00\x00\xe2\x00\x00\x00A\x0e\x03\x8c\x02A\x0e\x04\x8d\x03A\x0e\x05\x8e\x04A\x0e\x06\x8f\x05A\x0e\x07\x9c\x06\x00\x00\x00\x14\x00\x00\x00\x00\x00\x00\x00\x96\x18\x00\x00X\x00\x00\x00A\x0e\x03\x9c\x02\x00\x00\x00\x0c\x00\x00\x00\x00\x00\x00\x00\xee\x18\x00\x000\x00\x00\x000\x00\x00\x00\x00\x00\x00\x00\x1e\x19\x00\x00\x98\x00\x00\x00A\x0e\x03\x8c\x02A\x0e\x04\x8d\x03A\x0e\x05\x8e\x04A\x0e\x06\x8f\x05A\x0e\x07\x90\x06A\x0e\x08\x91\x07A\x0e\t\x9c\x08\x00 \x00\x00\x00\x00\x00\x00\x00\xb6\x19\x00\x00\x88\x00\x00\x00A\x0e\x03\x8c\x02A\x0e\x04\x8d\x03A\x0e\x05\x8e\x04A\x0e\x06\x8f\x05\x0c\x00\x00\x00\x00\x00\x00\x00>\x1a\x00\x00\\\x00\x00\x00\x0c\x00\x00\x00\x00\x00\x00\x00\x9a\x1a\x00\x00H\x00\x00\x00\x0c\x00\x00\x00\x00\x00\x00\x00\xe2\x1a\x00\x00&\x00\x00\x00\x0c\x00\x00\x00\x00\x00\x00\x00\x08\x1b\x00\x00\x18\x00\x00\x00\x18\x00\x00\x00\x00\x00\x00\x00 \x1b\x00\x00\x14\x00\x00\x00A\x0e\x03\x9c\x02A\x0e\x04\x9d\x03\x00\x00\x0c\x00\x00\x00\x00\x00\x00\x004\x1b\x00\x00\x0e\x00\x00\x00\x18\x00\x00\x00\x00\x00\x00\x00B\x1b\x00\x00\x14\x00\x00\x00A\x0e\x03\x9c\x02A\x0e\x04\x9d\x03\x00\x00\x18\x00\x00\x00\x00\x00\x00\x00V\x1b\x00\x00$\x00\x00\x00A\x0e\x03\x9c\x02A\x0e\x04\x9d\x03\x00\x00\x18\x00\x00\x00\x00\x00\x00\x00z\x1b\x00\x00\x14\x00\x00\x00A\x0e\x03\x9c\x02A\x0e\x04\x9d\x03\x00\x00\x0c\x00\x00\x00\x00\x00\x00\x00\x8e\x1b\x00\x00\x0e\x00\x00\x00\x18\x00\x00\x00\x00\x00\x00\x00\x9c\x1b\x00\x00\x14\x00\x00\x00A\x0e\x03\x9c\x02A\x0e\x04\x9d\x03\x00\x00,\x00\x00\x00\x00\x00\x00\x00\xb0\x1b\x00\x00p\x00\x00\x00A\x0e\x03\x8c\x02A\x0e\x04\x8d\x03A\x0e\x05\x8e\x04A\x0e\x06\x8f\x05A\x0e\x07\x9c\x06A\x0e\x08\x9d\x07\x00\x000\x00\x00\x00\x00\x00\x00\x00\xf6!\x00\x00\x96\x01\x00\x00A\x0e\x03\x8c\x02A\x0e\x04\x8d\x03A\x0e\x05\x8e\x04A\x0e\x06\x8f\x05A\x0e\x07\x90\x06A\x0e\x08\x91\x07A\x0e\t\x9c\x08\x004\x00\x00\x00\x00\x00\x00\x00 \x1c\x00\x00\x94\x00\x00\x00A\x0e\x03\x81\x02A\x0e\x04\x80\x03D\x0e\x05\x92\x04A\x0e\x06\x93\x05A\x0e\x07\x98\x06A\x0e\x08\x99\x07A\x0e\t\x9a\x08A\x0e\n\x9b\t\x1c\x00\x00\x00\x00\x00\x00\x00\x8c#\x00\x00\x02\n\x00\x00A\x0e\x03\x9c\x02A\x0e\x04\x9d\x03B\r\x1cB\x0eK \x00\x00\x00\x00\x00\x00\x00\xb4\x1c\x00\x00\xde\x00\x00\x00A\x0e\x03\x81\x02A\x0e\x04\x80\x03D\x0e\x05\x98\x04A\x0e\x06\x99\x05\x80\x00\x00\x00\x00\x00\x00\x00\x92\x1d\x00\x00d\x04\x00\x00A\x0e\x03\x81\x02A\x0e\x04\x80\x03D\x0e\x05\x8c\x04A\x0e\x06\x8d\x05A\x0e\x07\x8e\x06A\x0e\x08\x8f\x07A\x0e\t\x90\x08A\x0e\n\x91\tA\x0e\x0b\x92\nA\x0e\x0c\x93\x0bA\x0e\r\x94\x0cA\x0e\x0e\x95\rA\x0e\x0f\x96\x0eA\x0e\x10\x97\x0fA\x0e\x11\x98\x10A\x0e\x12\x99\x11A\x0e\x13\x9a\x12A\x0e\x14\x9b\x13A\x0e\x15\x9e\x14A\x0e\x16\x9f\x15A\x0e\x17\x9c\x16A\x0e\x18\x9d\x17B\r\x1cA\x0e4\x0c\x00\x00\x00\x00\x00\x00\x00\x8e-\x00\x00 \x00\x00\x00', rid = 12), image=b'\x10\x00\x00\x00\xff\xff\xff\xff\x01\x00\x02\x7f$\x0c \x02\xa4\x01\x00\x00\x0c\x00\x00\x00\x00\x00\x00\x00\x10\x02\x00\x00"\x00\x00\x00\x0c\x00\x00\x00\x00\x00\x00\x002\x02\x00\x00\xd8\x00\x00\x00\x0c\x00\x00\x00\x00\x00\x00\x00\n\x03\x00\x00T\x00\x00\x00\x0c\x00\x00\x00\x00\x00\x00\x00^\x03\x00\x00(\x00\x00\x00\x0c\x00\x00\x00\x00\x00\x00\x00\x86\x03\x00\x00J\x00\x00\x00 \x00\x00\x00\x00\x00\x00\x00\xd0\x03\x00\x000\x00\x00\x00A\x0e\x03\x8c\x02A\x0e\x04\x8d\x03A\x0e\x05\x8e\x04A\x0e\x06\x8f\x05\x0c\x00\x00\x00\x00\x00\x00\x00\x00\x04\x00\x00\x18\x00\x00\x00\x0c\x00\x00\x00\x00\x00\x00\x00\x18\x04\x00\x00*\x00\x00\x00\x0c\x00\x00\x00\x00\x00\x00\x00B\x04\x00\x00\\\x00\x00\x00,\x00\x00\x00\x00\x00\x00\x00\x9e\x04\x00\x00f\x00\x00\x00A\x0e\x03\x8e\x02A\x0e\x04\x8f\x03A\x0e\x05\x90\x04A\x0e\x06\x91\x05A\x0e\x07\x9c\x06A\x0e\x08\x9d\x07\x00\x000\x00\x00\x00\x00\x00\x00\x00\x04\x05\x00\x00L\x00\x00\x00A\x0e\x03\x8d\x02A\x0e\x04\x8e\x03A\x0e\x05\x8f\x04A\x0e\x06\x90\x05A\x0e\x07\x91\x06A\x0e\x08\x9c\x07A\x0e\t\x9d\x08\x00(\x00\x00\x00\x00\x00\x00\x00P\x05\x00\x00b\x00\x00\x00A\x0e\x03\x90\x02A\x0e\x04\x91\x03A\x0e\x05\x9c\x04A\x0e\x06\x9d\x05A\x0e\x07B\r\x1c\x00\x00\x0c\x00\x00\x00\x00\x00\x00\x00\xb2\x05\x00\x00\x1a\x00\x00\x00H\x00\x00\x00\x00\x00\x00\x00\xcc\x05\x00\x00\x02\x01\x00\x00A\x0e\x03\x88\x02A\x0e\x04\x89\x03A\x0e\x05\x8a\x04A\x0e\x06\x8b\x05A\x0e\x07\x8c\x06A\x0e\x08\x8d\x07A\x0e\t\x8e\x08A\x0e\n\x8f\tA\x0e\x0b\x90\nA\x0e\x0c\x91\x0bA\x0e\r\x9c\x0cA\x0e\x0e\x9d\r\x1c\x00\x00\x00\x00\x00\x00\x00\xce\x06\x00\x00,\x00\x00\x00A\x0e\x03\x9c\x02A\x0e\x04\x9d\x03A\x0e\x05B\r\x1c\x0c\x00\x00\x00\x00\x00\x00\x00\xfa\x06\x00\x00\x16\x00\x00\x00\x0c\x00\x00\x00\x00\x00\x00\x00\x10\x07\x00\x00\x08\x00\x00\x00\x1c\x00\x00\x00\x00\x00\x00\x00\x18\x07\x00\x00<\x00\x00\x00A\x0e\x03\x9c\x02A\x0e\x04\x9d\x03A\x0e\x05B\r\x1c(\x00\x00\x00\x00\x00\x00\x00T\x07\x00\x00H\x00\x00\x00A\x0e\x03\x90\x02A\x0e\x04\x91\x03A\x0e\x05\x9c\x04A\x0e\x06\x9d\x05A\x0e\x07B\r\x1c\x00\x00\x0c\x00\x00\x00\x00\x00\x00\x00\x9c\x07\x00\x004\x00\x00\x00 \x00\x00\x00\x00\x00\x00\x00\xd0\x07\x00\x00\x82\x00\x00\x00A\x0e\x03\x90\x02A\x0e\x04\x91\x03A\x0e\x05\x9c\x04A\x0e\x06\x9d\x05\x0c\x00\x00\x00\x00\x00\x00\x00R\x08\x00\x00\x02\x00\x00\x00\x0c\x00\x00\x00\x00\x00\x00\x00T\x08\x00\x00\x02\x00\x00\x00\x0c\x00\x00\x00\x00\x00\x00\x00V\x08\x00\x00P\x00\x00\x00\x0c\x00\x00\x00\x00\x00\x00\x00\xa6\x08\x00\x00\x1c\x00\x00\x00\x0c\x00\x00\x00\x00\x00\x00\x00\xc2\x08\x00\x00\\\x00\x00\x00\x0c\x00\x00\x00\x00\x00\x00\x00\x1e\t\x00\x00\x12\x00\x00\x00 \x00\x00\x00\x00\x00\x00\x000\t\x00\x004\x00\x00\x00A\x0e\x03\x90\x02A\x0e\x04\x91\x03A\x0e\x05\x9c\x04A\x0e\x06\x9d\x05\x18\x00\x00\x00\x00\x00\x00\x00d\t\x00\x00`\x00\x00\x00A\x0e\x03\x90\x02A\x0e\x04\x91\x03\x00\x00\x0c\x00\x00\x00\x00\x00\x00\x00\xc4\t\x00\x00\x1e\x00\x00\x00\x14\x00\x00\x00\x00\x00\x00\x00\xe2\t\x00\x00P\x00\x00\x00A\x0e\x03\x9c\x02\x00\x00\x00\x0c\x00\x00\x00\x00\x00\x00\x002\n\x00\x00\x06\x00\x00\x00\x0c\x00\x00\x00\x00\x00\x00\x008\n\x00\x00\x06\x00\x00\x00\x0c\x00\x00\x00\x00\x00\x00\x00>\n\x00\x00\x1a\x00\x00\x00\x0c\x00\x00\x00\x00\x00\x00\x00X\n\x00\x00\x0e\x00\x00\x00\x1c\x00\x00\x00\x00\x00\x00\x00f\n\x00\x00\xd0\x00\x00\x00A\x0e\x03\x91\x02A\x0e\x04\x9c\x03A\x0e\x05\x9d\x04\x00\x18\x00\x00\x00\x00\x00\x00\x006\x0b\x00\x00\xc6\x00\x00\x00A\x0e\x03\x9c\x02A\x0e\x04\x9d\x03\x00\x00\x0c\x00\x00\x00\x00\x00\x00\x00\xfc\x0b\x00\x00\x9e\x00\x00\x00\x0c\x00\x00\x00\x00\x00\x00\x00\x9a\x0c\x00\x00\x1a\x00\x00\x00\x0c\x00\x00\x00\x00\x00\x00\x00\xb4\x0c\x00\x00\x16\x00\x00\x00\x0c\x00\x00\x00\x00\x00\x00\x00\xca\x0c\x00\x00\x04\x00\x00\x00\x0c\x00\x00\x00\x00\x00\x00\x00\xce\x0c\x00\x00"\x00\x00\x00\x0c\x00\x00\x00\x00\x00\x00\x00\xf0\x0c\x00\x00J\x00\x00\x00\x0c\x00\x00\x00\x00\x00\x00\x00:\r\x00\x00\x16\x00\x00\x00\x0c\x00\x00\x00\x00\x00\x00\x00P\r\x00\x00\x04\x00\x00\x00\x0c\x00\x00\x00\x00\x00\x00\x00T\r\x00\x00l\x00\x00\x00\x1c\x00\x00\x00\x00\x00\x00\x00\xc0\r\x00\x00\xa6\x00\x00\x00A\x0e\x03\x91\x02A\x0e\x04\x9c\x03A\x0e\x05\x9d\x04\x00 \x00\x00\x00\x00\x00\x00\x00f\x0e\x00\x00\xbc\x00\x00\x00A\x0e\x03\x90\x02A\x0e\x04\x91\x03A\x0e\x05\x9c\x04A\x0e\x06\x9d\x05\x18\x00\x00\x00\x00\x00\x00\x00"\x0f\x00\x00\xac\x00\x00\x00A\x0e\x03\x9c\x02A\x0e\x04\x9d\x03\x00\x00 \x00\x00\x00\x00\x00\x00\x00\xce\x0f\x00\x00\x88\x00\x00\x00A\x0e\x03\x90\x02A\x0e\x04\x91\x03A\x0e\x05\x9c\x04A\x0e\x06\x9d\x05\x18\x00\x00\x00\x00\x00\x00\x00V\x10\x00\x00(\x00\x00\x00A\x0e\x03\x9c\x02A\x0e\x04\x9d\x03\x00\x00(\x00\x00\x00\x00\x00\x00\x00~\x10\x00\x00\x9e\x00\x00\x00A\x0e\x03\x90\x02A\x0e\x04\x91\x03A\x0e\x05\x9c\x04A\x0e\x06\x9d\x05A\x0e\x07B\r\x1c\x00\x00\x0c\x00\x00\x00\x00\x00\x00\x00\x1c\x11\x00\x00N\x00\x00\x00\x0c\x00\x00\x00\x00\x00\x00\x00j\x11\x00\x00$\x00\x00\x00\x0c\x00\x00\x00\x00\x00\x00\x00\x8e\x11\x00\x00H\x00\x00\x00\x0c\x00\x00\x00\x00\x00\x00\x00\xd6\x11\x00\x00\x90\x00\x00\x00\x0c\x00\x00\x00\x00\x00\x00\x00f\x12\x00\x00B\x00\x00\x00\x18\x00\x00\x00\x00\x00\x00\x00\xa8\x12\x00\x00R\x00\x00\x00A\x0e\x03\x90\x02A\x0e\x04\x91\x03\x00\x00\x0c\x00\x00\x00\x00\x00\x00\x00\xfa\x12\x00\x00D\x00\x00\x00\x0c\x00\x00\x00\x00\x00\x00\x00>\x13\x00\x00,\x00\x00\x00\x18\x00\x00\x00\x00\x00\x00\x00j\x13\x00\x00\xcc\x00\x00\x00A\x0e\x03\x90\x02A\x0e\x04\x91\x03\x00\x00\x0c\x00\x00\x00\x00\x00\x00\x006\x14\x00\x00\x82\x00\x00\x00\x0c\x00\x00\x00\x00\x00\x00\x00\xb8\x14\x00\x00,\x00\x00\x00\x0c\x00\x00\x00\x00\x00\x00\x00\xe4\x14\x00\x00&\x00\x00\x00\x0c\x00\x00\x00\x00\x00\x00\x00\n\x15\x00\x00@\x00\x00\x00\x18\x00\x00\x00\x00\x00\x00\x00J\x15\x00\x00R\x00\x00\x00A\x0e\x03\x9c\x02A\x0e\x04\x9d\x03\x00\x00<\x00\x00\x00\x00\x00\x00\x00\x9c\x15\x00\x00\x0c\x01\x00\x00A\x0e\x03\x8c\x02A\x0e\x04\x8d\x03A\x0e\x05\x8e\x04A\x0e\x06\x8f\x05A\x0e\x07\x90\x06A\x0e\x08\x91\x07A\x0e\t\x9c\x08A\x0e\n\x9d\tA\x0e\x0cB\r\x1c\x00\x000\x00\x00\x00\x00\x00\x00\x00\xa8\x16\x00\x00\xe4\x00\x00\x00A\x0e\x03\x8e\x02A\x0e\x04\x8f\x03A\x0e\x05\x90\x04A\x0e\x06\x91\x05A\x0e\x07\x9c\x06A\x0e\x08\x9d\x07A\x0e\nB\r\x1c\x0c\x00\x00\x00\x00\x00\x00\x00\x8c\x17\x00\x00(\x00\x00\x00(\x00\x00\x00\x00\x00\x00\x00\xb4\x17\x00\x00\xe2\x00\x00\x00A\x0e\x03\x8c\x02A\x0e\x04\x8d\x03A\x0e\x05\x8e\x04A\x0e\x06\x8f\x05A\x0e\x07\x9c\x06\x00\x00\x00\x14\x00\x00\x00\x00\x00\x00\x00\x96\x18\x00\x00X\x00\x00\x00A\x0e\x03\x9c\x02\x00\x00\x00\x0c\x00\x00\x00\x00\x00\x00\x00\xee\x18\x00\x000\x00\x00\x000\x00\x00\x00\x00\x00\x00\x00\x1e\x19\x00\x00\x98\x00\x00\x00A\x0e\x03\x8c\x02A\x0e\x04\x8d\x03A\x0e\x05\x8e\x04A\x0e\x06\x8f\x05A\x0e\x07\x90\x06A\x0e\x08\x91\x07A\x0e\t\x9c\x08\x00 \x00\x00\x00\x00\x00\x00\x00\xb6\x19\x00\x00\x88\x00\x00\x00A\x0e\x03\x8c\x02A\x0e\x04\x8d\x03A\x0e\x05\x8e\x04A\x0e\x06\x8f\x05\x0c\x00\x00\x00\x00\x00\x00\x00>\x1a\x00\x00\\\x00\x00\x00\x0c\x00\x00\x00\x00\x00\x00\x00\x9a\x1a\x00\x00H\x00\x00\x00\x0c\x00\x00\x00\x00\x00\x00\x00\xe2\x1a\x00\x00&\x00\x00\x00\x0c\x00\x00\x00\x00\x00\x00\x00\x08\x1b\x00\x00\x18\x00\x00\x00\x18\x00\x00\x00\x00\x00\x00\x00 \x1b\x00\x00\x14\x00\x00\x00A\x0e\x03\x9c\x02A\x0e\x04\x9d\x03\x00\x00\x0c\x00\x00\x00\x00\x00\x00\x004\x1b\x00\x00\x0e\x00\x00\x00\x18\x00\x00\x00\x00\x00\x00\x00B\x1b\x00\x00\x14\x00\x00\x00A\x0e\x03\x9c\x02A\x0e\x04\x9d\x03\x00\x00\x18\x00\x00\x00\x00\x00\x00\x00V\x1b\x00\x00$\x00\x00\x00A\x0e\x03\x9c\x02A\x0e\x04\x9d\x03\x00\x00\x18\x00\x00\x00\x00\x00\x00\x00z\x1b\x00\x00\x14\x00\x00\x00A\x0e\x03\x9c\x02A\x0e\x04\x9d\x03\x00\x00\x0c\x00\x00\x00\x00\x00\x00\x00\x8e\x1b\x00\x00\x0e\x00\x00\x00\x18\x00\x00\x00\x00\x00\x00\x00\x9c\x1b\x00\x00\x14\x00\x00\x00A\x0e\x03\x9c\x02A\x0e\x04\x9d\x03\x00\x00,\x00\x00\x00\x00\x00\x00\x00\xb0\x1b\x00\x00p\x00\x00\x00A\x0e\x03\x8c\x02A\x0e\x04\x8d\x03A\x0e\x05\x8e\x04A\x0e\x06\x8f\x05A\x0e\x07\x9c\x06A\x0e\x08\x9d\x07\x00\x000\x00\x00\x00\x00\x00\x00\x00\xf6!\x00\x00\x96\x01\x00\x00A\x0e\x03\x8c\x02A\x0e\x04\x8d\x03A\x0e\x05\x8e\x04A\x0e\x06\x8f\x05A\x0e\x07\x90\x06A\x0e\x08\x91\x07A\x0e\t\x9c\x08\x004\x00\x00\x00\x00\x00\x00\x00 \x1c\x00\x00\x94\x00\x00\x00A\x0e\x03\x81\x02A\x0e\x04\x80\x03D\x0e\x05\x92\x04A\x0e\x06\x93\x05A\x0e\x07\x98\x06A\x0e\x08\x99\x07A\x0e\t\x9a\x08A\x0e\n\x9b\t\x1c\x00\x00\x00\x00\x00\x00\x00\x8c#\x00\x00\x02\n\x00\x00A\x0e\x03\x9c\x02A\x0e\x04\x9d\x03B\r\x1cB\x0eK \x00\x00\x00\x00\x00\x00\x00\xb4\x1c\x00\x00\xde\x00\x00\x00A\x0e\x03\x81\x02A\x0e\x04\x80\x03D\x0e\x05\x98\x04A\x0e\x06\x99\x05\x80\x00\x00\x00\x00\x00\x00\x00\x92\x1d\x00\x00d\x04\x00\x00A\x0e\x03\x81\x02A\x0e\x04\x80\x03D\x0e\x05\x8c\x04A\x0e\x06\x8d\x05A\x0e\x07\x8e\x06A\x0e\x08\x8f\x07A\x0e\t\x90\x08A\x0e\n\x91\tA\x0e\x0b\x92\nA\x0e\x0c\x93\x0bA\x0e\r\x94\x0cA\x0e\x0e\x95\rA\x0e\x0f\x96\x0eA\x0e\x10\x97\x0fA\x0e\x11\x98\x10A\x0e\x12\x99\x11A\x0e\x13\x9a\x12A\x0e\x14\x9b\x13A\x0e\x15\x9e\x14A\x0e\x16\x9f\x15A\x0e\x17\x9c\x16A\x0e\x18\x9d\x17B\r\x1cA\x0e4\x0c\x00\x00\x00\x00\x00\x00\x00\x8e-\x00\x00 \x00\x00\x00'), '.debug_str': DebugInfo(section=Elf_Section(index = 12, sh_name = 158, sh_type = 1, sh_flags = 0, sh_addr = 0, sh_offset = 74676, sh_size = 10926, sh_link = 0, sh_info = 0, sh_addralign = 1, sh_entsize = 0, section_name = '.debug_str', section_image = b'avr-libc 2.0.0\x00uint8_t\x00uint16_t\x00__eeprom\x00WDTCSR\x00PORTD\x00DDRD\x00PIND\x00SPCR\x00SPSR\x00SPDR\x00UDR1\x00UCSR1A\x00UCSR1B\x00UCSR1C\x00UBRR1\x00SPMCSR\x00EEAR\x00EEDR\x00EECR\x00OCR0B\x00OCR0A\x00TCNT0\x00TCCR0B\x00TCCR0A\x00TIMSK0\x00TIFR0\x00GTCCR\x00TCCR3A\x00TCCR3B\x00TCCR3C\x00TCNT3\x00OCR3A\x00OCR3B\x00OCR3C\x00ICR3\x00TIMSK3\x00TIFR3\x00TCCR1A\x00TCCR1B\x00TCCR1C\x00TCNT1\x00OCR1A\x00OCR1B\x00OCR1C\x00ICR1\x00TIMSK1\x00TIFR1\x00OCDR\x00MCUCR\x00MCUSR\x00EICRA\x00EICRB\x00EIMSK\x00EIFR\x00PCMSK0\x00PCIFR\x00PCICR\x00TCCR4A\x00TCCR4B\x00TCCR4C\x00TCCR4D\x00TCCR4E\x00TCNT4\x00TC4H\x00OCR4A\x00OCR4B\x00OCR4C\x00OCR4D\x00TIMSK4\x00TIFR4\x00DT4\x00PORTB\x00DDRB\x00PINB\x00PORTC\x00DDRC\x00PINC\x00PORTE\x00DDRE\x00PINE\x00PORTF\x00DDRF\x00PINF\x00TWAMR\x00TWBR\x00TWCR\x00TWSR\x00TWDR\x00TWAR\x00ADMUX\x00ADCSRA\x00ADC\x00ADCSRB\x00DIDR0\x00DIDR2\x00ADCSRB\x00ACSR\x00DIDR1\x00SREG\x00SP\x00MCUCR\x00MCUSR\x00OSCCAL\x00RCCTRL\x00CLKPR\x00SMCR\x00EIND\x00GPIOR2\x00GPIOR1\x00GPIOR0\x00PRR1\x00PRR0\x00CLKSTA\x00CLKSEL1\x00CLKSEL0\x00PLLCSR\x00PLLFRQ\x00UEINT\x00UEBCHX\x00UEBCLX\x00UEDATX\x00UEIENX\x00UESTA1X\x00UESTA0X\x00UECFG1X\x00UECFG0X\x00UECONX\x00UERST\x00UENUM\x00UEINTX\x00UDMFN\x00UDFNUM\x00UDADDR\x00UDIEN\x00UDINT\x00UDCON\x00USBCON\x00USBINT\x00USBSTA\x00UHWCON\x00rootNode\x00CRC_TAB\x00Xcp_Disconnect_Res\x00Xcp_ChecksumInit\x00odtEntryNumber\x00Xcp_GetCommModeInfo_Res\x00transition\x00odtNumber\x00dto_len\x00XcpDaq_Alloc\x00start\x00offs\x00XCP_AFTER_ALLOC_DAQ\x00XCP_DAQ_STATE_RUNNING\x00usbVersion\x00XCP_PGM_IDLE\x00iSerialNum\x00tagXcpDaq_ProcessorStateType\x00ReleaseTX\x00m_value\x00loop.part.29\x00interfaceNum\x00push\x00SendDescriptor\x00idType\x00__addr16\x00lastIf\x00Xcp_SetCtoOutLen\x00pgmProcessor\x00__vtbl_ptr_type\x00ClearOUT\x00write\x00_ZL28Xcp_GetDaqResolutionInfo_ResPK14tagXcp_PDUType.part.25\x00getShortName\x00ReadWriteAllowed\x0019InterfaceDescriptor\x00_rx_buffer_head\x00tagXcp_ConnectionStateType\x00USB_Send\x00slaveBlockModeState\x00XcpDaq_SetProcessorState\x00XcpUtl_MemSet\x00_ZL17Xcp_WriteDaqEntryhhhm.isra.4\x00desc_addr\x00SquareWave\x00bitOffset\x00Xcp_AllocOdt_Res\x00port_to_mode_PGM\x00USB_Flush\x0016ConfigDescriptor\x00_Z12XcpDaq_Alloch.part.1\x00_Z12PluggableUSBv.part.1\x00string_len\x0022CMFunctionalDescriptor\x00Xcp_FreeDaq_Res\x00Xcp_ServerCommands\x00Xcp_ShortDownload_Res\x00_usbConfiguration\x00XcpDaq_AllocState\x00_GLOBAL__sub_D_Xcp_CtoIn\x00wValueH\x00wValueL\x00interfaces\x00commModeOptional\x00interfaceClass\x00XCP_CALL_ALLOC_ODT_ENTRY\x00_Z19XcpDaq_QueueDequeuePjPh.part.10\x00listConf\x00udint\x00USB_SendSpace\x00XcpDaq_QueueDequeue\x00octet\x00interval\x00_ZL15Xcp_FreeDaq_ResPK14tagXcp_PDUType.part.21\x00PluggableUSB_\x00m_min\x00ERR_CMD_UNKNOWN\x00addrExt\x00string_P\x00triangle_max\x00Xcp_Synch_Res\x00this\x00sq1_wave\x00long int\x00STRING_LANGUAGE\x00XcpDaq_AllocOdt\x00tagXcp_BlockModeStateType\x00XcpUtl_MemCopy\x00timer0_fract\x00Xcp_PduType\x00Xcp_WriteDaq_Res\x00packetSize\x00XcpHw_GetTimerCounterMS\x00deviceVersion\x00tagXcp_StatisticsType\x00Xcp_ChecksumMainFunction\x00XcpTl_TimeoutCheck\x00short unsigned int\x00Xcp_Program_Res\x00square0\x00square1\x00tagXcpTl_ReceiverType\x00_Z9CDC_SetupR8USBSetup.part.5\x00tagXcpTl_ReceiverStateType\x00SendInterfaces\x00data\x00InitEP\x00USB_SendControl\x00tagXcpDaq_EventType\x00tagXcp_ReturnType\x00micros\x00XCP_CHECKSUM_STATE_RUNNING_FINAL\x00Xcp_GetByte\x00Remaining\x00DAQ_LIST_TRANSITION_START\x00clen\x00numEndpoints\x00uint8_t\x00_ZN7Serial_9availableEv.part.1\x00sq0_wave\x00XcpTl_TimeoutInit\x00tagXcpDaq_ListConfigurationType\x00initVariant\x00uint64_t\x00daqPointer\x00XcpDaq_AllocValidateTransition\x00tagXcpDaq_QueueType\x00__base_dtor \x00Xcp_GetNonPagedAddress\x00XcpTl_TimeoutStart\x00STRING_PRODUCT\x00Xcp_GetDaqEventInfo_Res\x00cycle\x00unsigned char\x00bmRequestType\x00XcpDaq_ValidateOdtEntry\x00XcpDaq_ListConfiguration\x00ERR_GENERIC\x00packetSize0\x00callManagement\x00iconfig\x00wValue\x00tagXcpDaq_ProcessorType\x00bDataInterface\x00XcpDaq_GetListConfiguration\x00update\x00XcpUtl_MemCopy.part.7\x00errorCode\x00header\x00step\x00XCP_RCV_UNTIL_LENGTH\x00XCP_RCV_REMAINING\x00deviceSubClass\x00listCount\x00m_symetrical\x00tagXcp_MtaType\x00daqProcessor\x00Xcp_CtoInBuffer\x00Xcp_SendCto\x00timeout_function\x00remaining\x00Xcp_GetStatus_Res\x00Xcp_GetDWord\x00XCP_AFTER_FREE_DAQ\x00Xcp_SetBusy\x00dataOut\x00xorMask\x00_Z11XcpDaq_Freev.part.11\x00Xcp_GetDtoOutPtr\x00ERR_WRITE_PROTECTED\x00attr\x00subtype\x00flags\x00sendZlp\x00USB_DeviceDescriptorIAD\x00oldSREG\x00XcpTl_Init\x00daqList\x00Xcp_MainFunction\x00XcpTl_TimeoutFunction\x00cifin\x00node\x00XcpDaq_AllocTransitionTable\x00XCP_PGM_ACTIVE\x00interfaceSubClass\x00tagXcpDaq_EntityType\x00append\x00resource\x00XCP_AFTER_ALLOC_ODT\x00XcpDaq_GetOdtEntry\x00Xcp_SetDaqPtr_Res\x00_sreg\x00__vector_10\x00__vector_11\x00tagHwStateType\x00m_capacity\x00Xcp_ChecksumType\x00_ZL17Xcp_Download_Copymhm.isra.8\x00_ZN6LockEPD2Ev\x00__base_ctor \x00peek\x00lineState\x00ERR_OUT_OF_RANGE\x00tagXcpDaq_ListTransitionType\x00response_len\x00setup\x00Xcp_Send8\x00ClassInterfaceRequest\x00wLength\x00andMask\x00__vector_23\x00_ZN5QueueIjE6isFullEv\x00bDataBits\x00_usbSuspendState\x00<artificial>\x00SineWave\x00functionProtocol\x00ERR_PGM_ACTIVE\x00ERR_CMD_BUSY\x00blockTransferActive\x00index\x00Xcp_Download_Res\x00Xcp_Upload_Res\x00digital_pin_to_timer_PGM\x00timer0_millis\x0013IADDescriptor\x00funtionSubClass\x00USB_Available\x00Xcp_PointerSizeType\x00Xcp_GetCtoOutPtr\x00XcpDaq_CopyMemory\x00Xcp_ServerCommandType\x00SetEP\x00Xcp_ProgramStart_Res\x00__priority\x00prescaler\x00ERR_DAQ_ACTIVE\x00timeunit\x00numOdtEntries\x00iSerialNumber\x00XcpTl_TimeoutReset\x00XcpDaq_AllocOdtEntry\x00address\x00requestType\x00codeSize\x00interimChecksum\x00__empty\x00odtCount\x00delayMicroseconds.part.0\x00m_angle\x00tagXcpDaq_PointerType\x00_timeout\x00XcpTl_TimeoutRunning\x00Xcp_DtoOut\x00XCP_CALL_ALLOC_DAQ\x00tagXcpDaq_MtaType\x00numInterfaces\x00available\x00Xcp_DownloadMax_Res\x00prefill_queue\x00_usbCurrentStatus\x00ERR_CMD_SYNTAX\x00Stall\x00DAQ_LIST_TRANSITION_STOP\x00daqListNumber\x00_ZL19Xcp_GetDaqClock_ResPK14tagXcp_PDUType.part.27\x00stateVar\x00delay\x00Xcp_StartStopDaqList_Res\x00tagXcpPgm_ProcessorStateType\x00listState\x00_Z19XcpDaq_QueueEnqueuejPKh.part.9\x00void_function\x00availableForWrite\x00XcpHw_Init\x00getDescriptor\x00_Z21Xcp_UploadSingleBlockv.part.28\x00Xcp_ChecksumJob\x00m_max\x00XcpDaq_SetPointer\x00firstOdtEntry\x00XcpDaq_Init\x00__initialize_p\x00XcpDaq_Entities\x00m_front\x00odtIdx\x00_vptr.PluggableUSBModule\x00protocol\x00sent\x00LIMIT\x00tagXcp_PDUType\x00pinMode\x00Xcp_CopyMemory\x00interfaceCount\x00counter\x00ERR_PAGE_NOT_VALID\x00timeout_value\x00STRING_MANUFACTURER\x00timer0_overflow_count\x00maxlen\x00_rx_buffer\x00ERR_ACCESS_DENIED\x00Xcp_GetId_Res\x00tagXcpDaq_XcpDaq_DynamicListType\x00m_observers\x00ERR_ACCESS_LOCKED\x00Serial\x00_ZN7Serial_4readEv.part.2\x00operator delete []\x00_GLOBAL__sub_I__cdcInterface\x00XcpDaq_ListIntegerType\x00functionClass\x00WaitForINOrOUT\x00init\x00pluggedInterface\x00Xcp_SetResetBit8\x00isLUFAbootloader\x00register_observer\x00timer\x00XcpDaq_GetListCount\x00Xcp_GetSectorInfo_Res\x00odtEntryIdx\x00iManufacturer\x00XcpDaq_StartSelectedLists\x00Xcp_CalculateChecksum\x00m_positive\x00Xcp_BusyResponse\x00USB_Recv\x00float\x00Xcp_SendDto\x00USB_ClockEnable\x00event\x00odtEntry\x00_ZL16Xcp_AllocOdt_ResPK14tagXcp_PDUType.part.19\x00m_raising_edge\x00read\x00WaitOUT\x00fill_char\x00ctosReceived\x00Xcp_ShortUpload_Res\x00CDC_GetInterface\x00numOdts\x00get_float_value\x00Xcp_SendChecksumPositiveResponse\x00operator new\x00_ZL17Xcp_SetDaqPtr_ResPK14tagXcp_PDUType.part.22\x00XcpDaq_AddEventChannel\x00attach\x00Xcp_AllocDaq_Res\x00XCP_CONNECTED\x00USB_SendStringDescriptor\x00tagXcpDaq_AllocStateType\x00C:\\Users\\Chris\\AppData\\Local\\Programs\\Arduino IDE\x00XcpTl_TimeoutValue\x00listIdx\x00Serial_\x00flag\x00_rx_buffer_tail\x00ERR_CMD_SYNCH\x00commModeBasic\x00XcpTl_Receiver\x00startValue\x00m_amplitude\x00USBDevice_\x00m_skew\x00idVendor\x00m_queue\x00bRequest\x00XcpTl_ResetSM\x00offset\x00getInterface\x00PluggableUSB\x00pluggedEndpoint\x00CDC_Setup\x00GNU GIMPLE 7.3.0 -mn-flash=1 -mmcu=avr5 -mn-flash=1 -mno-skip-bug -mmcu=avr5 -g -Os -Os -fmath-errno -fsigned-zeros -ftrapping-math -fno-trapv -fno-openmp -fno-openacc -fno-exceptions -fuse-linker-plugin -fltrans\x00port\x00XcpDaq_QueueFull\x00TriangleWave\x00sectorNumber\x00XCP_RCV_IDLE\x00tagXcpPgm_ProcessorType\x00__deleting_dtor \x00XcpDaq_QueueInit\x00recvLength\x00alternate\x00XcpDaq_StopSelectedLists\x00Xcp_GetDaqListMode_Res\x00ERR_SEGMENT_NOT_VALID\x00XcpTl_FeedReceiver\x00bool\x0023ACMFunctionalDescriptor\x00XcpDaq_QueueEmpty\x00Xcp_StartStopSynch_Res\x00Xcp_CommandNotImplemented_Res\x00turnOffPWM\x00InitEndpoints\x00XcpDaq_ListForEvent\x00_ZNK8SineWave15get_float_valueEv\x00tagXcpDaq_AllocTransitionType\x00m_count\x00m_wave\x00Xcp_CtoOutBuffer\x00_ZL21Xcp_AllocOdtEntry_ResPK14tagXcp_PDUType.part.18\x00Xcp_PositiveResponse\x00tagXcp_ChecksumJobStateType\x00XCP_CHECKSUM_STATE_RUNNING_INITIAL\x00blockSize\x00ClearIN\x00digital_pin_to_bit_mask_PGM\x00begin\x00XcpDaq_QueueEnqueue\x00checksum\x00bNumConfigurations\x00entry\x008USBSetup\x00XcpDaq_GetFirstPid\x00XcpTl_TimeoutStop\x00Xcp_ModifyBits_Res\x00loop\x00notify\x00deviceProtocol\x00__static_initialization_and_destruction_0\x00size\x00operator new []\x008LineInfo\x00long long unsigned int\x00Xcp_StartChecksumCalculation\x00Observers\x00wIndex\x00ERR_SUCCESS\x00uint16_t\x00_Z41__static_initialization_and_destruction_0ii.part.17\x00Xcp_SetMta\x00XCP_ALLOC_IDLE\x00Xcp_GetDaqListInfo_Res\x00new_helper\x00isFull\x00Xcp_AllocOdtEntry_Res\x00XcpTl_Send\x00_usbLineInfo\x00Xcp_GetDaqClock_Res\x0014XcpDaq_OdtType\x00_ZN7Serial_5writeEPKhj.part.4\x00ClearSetupInt\x00firstInterface\x00XcpDaq_Free\x00Xcp_GetWord\x00Xcp_GetPgmProcessorInfo_Res\x00breakValue\x00flush\x00ERR_DAQ_CONFIG\x00idProduct\x00RxLEDPulse\x00XCP_DAQ_STATE_CONFIG_VALID\x00_Z23XcpDaq_ValidateOdtEntryhhh.part.6\x00XcpTl_MainFunction\x00Recv8\x00tagXcp_ChecksumJobType\x00operator delete\x00_ZN12AbstractWave17register_observerEPS_\x00onOff\x00Xcp_UploadSingleBlock\x00Xcp_Upload\x00m_rear\x00_GLOBAL__sub_I_Xcp_CtoIn\x00XcpDaq_OdtCount\x00XcpHw_Sleep\x00notify_observers\x00_Z28Xcp_StartChecksumCalculationPKhm.part.13\x00wdtcsr_save\x00iInterface\x00shiftValue\x00tagXcpDaq_ODTType\x00Xcp_GetDaqResolutionInfo_Res\x00Xcp_DtoOutBuffer\x00triangle\x00dest\x00XCP_CALL_ALLOC_ODT\x00nameLen\x00crosBusy\x00_ZL16Xcp_AllocDaq_ResPK14tagXcp_PDUType.part.20\x00ERR_MEMORY_OVERFLOW\x00number\x00properties\x00ERR_RESOURCE_TEMPORARY_NOT_ACCESSIBLE\x00_ZL20Xcp_ProgramStart_ResPK14tagXcp_PDUType.part.24\x00XCP_CHECKSUM_STATE_IDLE\x00Stream\x00dtype\x00adddrExt\x00entity\x00daqCount\x00firstPID\x00WaitIN\x00name\x00tagXcp_StateType\x00tmpState\x00Xcp_Connect_Res\x00sin0\x00__result\x00XcpHw_GetTimerCounter\x00attributes\x00isFirstCall\x00_vptr.AbstractWave\x00Xcp_ErrorResponse\x00desc_length\x00mode\x00ERR_MODE_NOT_VALID\x00Xcp_CtoOut\x00TxLEDPulse\x00Xcp_GetDaqProcessorInfo_Res\x00insert_timestamp\x00SendConfiguration\x00ERR_VERIFY\x00delayMicroseconds\x00bParityType\x00XCP_DISCONNECTED\x00port_to_output_PGM\x00Xcp_SetDaqListMode_Res\x00item\x00digital_pin_to_port_PGM\x00peek_buffer\x00XCP_DAQ_STATE_STOPPED\x00XcpPgm_SetProcessorState\x00programming\x00void\x00XcpDaq_AllocTransitionype\x00odtEntriesCount\x00firstPid\x0013CDCDescriptor\x00bmCapabilities\x00Xcp_SetDtoOutLen\x00statistics\x00XCP_DAQ_STATE_CONFIG_INVALID\x00XcpDaq_GetDynamicListCount\x00valid\x00XcpDaq_Queue\x00response\x00main\x00_cend\x00Xcp_BuildChecksum_Res\x00Xcp_State\x00tagXcpDaq_ListStateType\x00Xcp_SendResult\x00USB_RecvControl\x00Xcp_Init\x00XcpDaq_ListState\x00triangle_wave\x00XCP_DAQ_STATE_UNINIT\x00iProduct\x00maxPower\x00_ZL19Xcp_DownloadMax_ResPK14tagXcp_PDUType.part.23\x00deviceClass\x00eventChannelNumber\x00m_level\x00Print\x00overload\x00XCP_CALL_FREE_DAQ\x00_startMillis\x00LockEP\x00uint32_t\x00XCP_PGM_STATE_UNINIT\x00triangle_min\x00XcpDaq_ODTEntryIntegerType\x00InitControl\x00bCharFormat\x00ERR_SEQUENCE\x00functionalDescriptor\x00wdt_enable\x00size_t\x00m_steps\x0016DeviceDescriptor\x00Xcp_ProgramReset_Res\x00XcpDaq_ODTIntegerType\x00lastEp\x00eventChannel\x00elemSize\x00_cmark\x00kind\x0024CDCCSInterfaceDescriptor\x00XcpDaq_GetOdt\x00XCP_CHECKSUM_STATE_RUNNING_REMAINING\x00StartingTime\x00XcpDaq_Events\x00endpointType\x00Xcp_ProgramPrepare_Res\x00XcpDaq_ListCount\x00sine_wave\x00Xcp_SetMta_Res\x00_ZN5Print13setWriteErrorEi\x00state\x00crosSend\x00setWriteError\x00XcpDaq_TransmitDtos\x00magic_key_pos\x00XcpDaq_TriggerEvent\x0018EndpointDescriptor\x00ReceivedSetupInt\x00FifoByteCount\x00ReleaseRX\x00XcpDaq_StartStopLists\x00_Z15XcpDaq_AllocOdthh.part.2\x00XCP_AFTER_ALLOC_ODT_ENTRY\x00Xcp_Disconnect\x00_initEndpoints\x00next\x00busy\x00connected\x00XcpDaq_EntityCount\x00digitalWrite\x00tmp_value\x00startTime\x00Xcp_SlaveBlockTransferSetActive\x00_ZL27Xcp_GetDaqProcessorInfo_ResPK14tagXcp_PDUType.part.26\x00firstOdt\x00dwDTERate\x00tagXcpDaq_ODTEntryType\x00_Z20XcpDaq_AllocOdtEntryhhh.part.3\x00Xcp_DispatchCommand\x00controlManagement\x00XcpDaq_QueueDTOs\x00', rid = 13), image=b'avr-libc 2.0.0\x00uint8_t\x00uint16_t\x00__eeprom\x00WDTCSR\x00PORTD\x00DDRD\x00PIND\x00SPCR\x00SPSR\x00SPDR\x00UDR1\x00UCSR1A\x00UCSR1B\x00UCSR1C\x00UBRR1\x00SPMCSR\x00EEAR\x00EEDR\x00EECR\x00OCR0B\x00OCR0A\x00TCNT0\x00TCCR0B\x00TCCR0A\x00TIMSK0\x00TIFR0\x00GTCCR\x00TCCR3A\x00TCCR3B\x00TCCR3C\x00TCNT3\x00OCR3A\x00OCR3B\x00OCR3C\x00ICR3\x00TIMSK3\x00TIFR3\x00TCCR1A\x00TCCR1B\x00TCCR1C\x00TCNT1\x00OCR1A\x00OCR1B\x00OCR1C\x00ICR1\x00TIMSK1\x00TIFR1\x00OCDR\x00MCUCR\x00MCUSR\x00EICRA\x00EICRB\x00EIMSK\x00EIFR\x00PCMSK0\x00PCIFR\x00PCICR\x00TCCR4A\x00TCCR4B\x00TCCR4C\x00TCCR4D\x00TCCR4E\x00TCNT4\x00TC4H\x00OCR4A\x00OCR4B\x00OCR4C\x00OCR4D\x00TIMSK4\x00TIFR4\x00DT4\x00PORTB\x00DDRB\x00PINB\x00PORTC\x00DDRC\x00PINC\x00PORTE\x00DDRE\x00PINE\x00PORTF\x00DDRF\x00PINF\x00TWAMR\x00TWBR\x00TWCR\x00TWSR\x00TWDR\x00TWAR\x00ADMUX\x00ADCSRA\x00ADC\x00ADCSRB\x00DIDR0\x00DIDR2\x00ADCSRB\x00ACSR\x00DIDR1\x00SREG\x00SP\x00MCUCR\x00MCUSR\x00OSCCAL\x00RCCTRL\x00CLKPR\x00SMCR\x00EIND\x00GPIOR2\x00GPIOR1\x00GPIOR0\x00PRR1\x00PRR0\x00CLKSTA\x00CLKSEL1\x00CLKSEL0\x00PLLCSR\x00PLLFRQ\x00UEINT\x00UEBCHX\x00UEBCLX\x00UEDATX\x00UEIENX\x00UESTA1X\x00UESTA0X\x00UECFG1X\x00UECFG0X\x00UECONX\x00UERST\x00UENUM\x00UEINTX\x00UDMFN\x00UDFNUM\x00UDADDR\x00UDIEN\x00UDINT\x00UDCON\x00USBCON\x00USBINT\x00USBSTA\x00UHWCON\x00rootNode\x00CRC_TAB\x00Xcp_Disconnect_Res\x00Xcp_ChecksumInit\x00odtEntryNumber\x00Xcp_GetCommModeInfo_Res\x00transition\x00odtNumber\x00dto_len\x00XcpDaq_Alloc\x00start\x00offs\x00XCP_AFTER_ALLOC_DAQ\x00XCP_DAQ_STATE_RUNNING\x00usbVersion\x00XCP_PGM_IDLE\x00iSerialNum\x00tagXcpDaq_ProcessorStateType\x00ReleaseTX\x00m_value\x00loop.part.29\x00interfaceNum\x00push\x00SendDescriptor\x00idType\x00__addr16\x00lastIf\x00Xcp_SetCtoOutLen\x00pgmProcessor\x00__vtbl_ptr_type\x00ClearOUT\x00write\x00_ZL28Xcp_GetDaqResolutionInfo_ResPK14tagXcp_PDUType.part.25\x00getShortName\x00ReadWriteAllowed\x0019InterfaceDescriptor\x00_rx_buffer_head\x00tagXcp_ConnectionStateType\x00USB_Send\x00slaveBlockModeState\x00XcpDaq_SetProcessorState\x00XcpUtl_MemSet\x00_ZL17Xcp_WriteDaqEntryhhhm.isra.4\x00desc_addr\x00SquareWave\x00bitOffset\x00Xcp_AllocOdt_Res\x00port_to_mode_PGM\x00USB_Flush\x0016ConfigDescriptor\x00_Z12XcpDaq_Alloch.part.1\x00_Z12PluggableUSBv.part.1\x00string_len\x0022CMFunctionalDescriptor\x00Xcp_FreeDaq_Res\x00Xcp_ServerCommands\x00Xcp_ShortDownload_Res\x00_usbConfiguration\x00XcpDaq_AllocState\x00_GLOBAL__sub_D_Xcp_CtoIn\x00wValueH\x00wValueL\x00interfaces\x00commModeOptional\x00interfaceClass\x00XCP_CALL_ALLOC_ODT_ENTRY\x00_Z19XcpDaq_QueueDequeuePjPh.part.10\x00listConf\x00udint\x00USB_SendSpace\x00XcpDaq_QueueDequeue\x00octet\x00interval\x00_ZL15Xcp_FreeDaq_ResPK14tagXcp_PDUType.part.21\x00PluggableUSB_\x00m_min\x00ERR_CMD_UNKNOWN\x00addrExt\x00string_P\x00triangle_max\x00Xcp_Synch_Res\x00this\x00sq1_wave\x00long int\x00STRING_LANGUAGE\x00XcpDaq_AllocOdt\x00tagXcp_BlockModeStateType\x00XcpUtl_MemCopy\x00timer0_fract\x00Xcp_PduType\x00Xcp_WriteDaq_Res\x00packetSize\x00XcpHw_GetTimerCounterMS\x00deviceVersion\x00tagXcp_StatisticsType\x00Xcp_ChecksumMainFunction\x00XcpTl_TimeoutCheck\x00short unsigned int\x00Xcp_Program_Res\x00square0\x00square1\x00tagXcpTl_ReceiverType\x00_Z9CDC_SetupR8USBSetup.part.5\x00tagXcpTl_ReceiverStateType\x00SendInterfaces\x00data\x00InitEP\x00USB_SendControl\x00tagXcpDaq_EventType\x00tagXcp_ReturnType\x00micros\x00XCP_CHECKSUM_STATE_RUNNING_FINAL\x00Xcp_GetByte\x00Remaining\x00DAQ_LIST_TRANSITION_START\x00clen\x00numEndpoints\x00uint8_t\x00_ZN7Serial_9availableEv.part.1\x00sq0_wave\x00XcpTl_TimeoutInit\x00tagXcpDaq_ListConfigurationType\x00initVariant\x00uint64_t\x00daqPointer\x00XcpDaq_AllocValidateTransition\x00tagXcpDaq_QueueType\x00__base_dtor \x00Xcp_GetNonPagedAddress\x00XcpTl_TimeoutStart\x00STRING_PRODUCT\x00Xcp_GetDaqEventInfo_Res\x00cycle\x00unsigned char\x00bmRequestType\x00XcpDaq_ValidateOdtEntry\x00XcpDaq_ListConfiguration\x00ERR_GENERIC\x00packetSize0\x00callManagement\x00iconfig\x00wValue\x00tagXcpDaq_ProcessorType\x00bDataInterface\x00XcpDaq_GetListConfiguration\x00update\x00XcpUtl_MemCopy.part.7\x00errorCode\x00header\x00step\x00XCP_RCV_UNTIL_LENGTH\x00XCP_RCV_REMAINING\x00deviceSubClass\x00listCount\x00m_symetrical\x00tagXcp_MtaType\x00daqProcessor\x00Xcp_CtoInBuffer\x00Xcp_SendCto\x00timeout_function\x00remaining\x00Xcp_GetStatus_Res\x00Xcp_GetDWord\x00XCP_AFTER_FREE_DAQ\x00Xcp_SetBusy\x00dataOut\x00xorMask\x00_Z11XcpDaq_Freev.part.11\x00Xcp_GetDtoOutPtr\x00ERR_WRITE_PROTECTED\x00attr\x00subtype\x00flags\x00sendZlp\x00USB_DeviceDescriptorIAD\x00oldSREG\x00XcpTl_Init\x00daqList\x00Xcp_MainFunction\x00XcpTl_TimeoutFunction\x00cifin\x00node\x00XcpDaq_AllocTransitionTable\x00XCP_PGM_ACTIVE\x00interfaceSubClass\x00tagXcpDaq_EntityType\x00append\x00resource\x00XCP_AFTER_ALLOC_ODT\x00XcpDaq_GetOdtEntry\x00Xcp_SetDaqPtr_Res\x00_sreg\x00__vector_10\x00__vector_11\x00tagHwStateType\x00m_capacity\x00Xcp_ChecksumType\x00_ZL17Xcp_Download_Copymhm.isra.8\x00_ZN6LockEPD2Ev\x00__base_ctor \x00peek\x00lineState\x00ERR_OUT_OF_RANGE\x00tagXcpDaq_ListTransitionType\x00response_len\x00setup\x00Xcp_Send8\x00ClassInterfaceRequest\x00wLength\x00andMask\x00__vector_23\x00_ZN5QueueIjE6isFullEv\x00bDataBits\x00_usbSuspendState\x00<artificial>\x00SineWave\x00functionProtocol\x00ERR_PGM_ACTIVE\x00ERR_CMD_BUSY\x00blockTransferActive\x00index\x00Xcp_Download_Res\x00Xcp_Upload_Res\x00digital_pin_to_timer_PGM\x00timer0_millis\x0013IADDescriptor\x00funtionSubClass\x00USB_Available\x00Xcp_PointerSizeType\x00Xcp_GetCtoOutPtr\x00XcpDaq_CopyMemory\x00Xcp_ServerCommandType\x00SetEP\x00Xcp_ProgramStart_Res\x00__priority\x00prescaler\x00ERR_DAQ_ACTIVE\x00timeunit\x00numOdtEntries\x00iSerialNumber\x00XcpTl_TimeoutReset\x00XcpDaq_AllocOdtEntry\x00address\x00requestType\x00codeSize\x00interimChecksum\x00__empty\x00odtCount\x00delayMicroseconds.part.0\x00m_angle\x00tagXcpDaq_PointerType\x00_timeout\x00XcpTl_TimeoutRunning\x00Xcp_DtoOut\x00XCP_CALL_ALLOC_DAQ\x00tagXcpDaq_MtaType\x00numInterfaces\x00available\x00Xcp_DownloadMax_Res\x00prefill_queue\x00_usbCurrentStatus\x00ERR_CMD_SYNTAX\x00Stall\x00DAQ_LIST_TRANSITION_STOP\x00daqListNumber\x00_ZL19Xcp_GetDaqClock_ResPK14tagXcp_PDUType.part.27\x00stateVar\x00delay\x00Xcp_StartStopDaqList_Res\x00tagXcpPgm_ProcessorStateType\x00listState\x00_Z19XcpDaq_QueueEnqueuejPKh.part.9\x00void_function\x00availableForWrite\x00XcpHw_Init\x00getDescriptor\x00_Z21Xcp_UploadSingleBlockv.part.28\x00Xcp_ChecksumJob\x00m_max\x00XcpDaq_SetPointer\x00firstOdtEntry\x00XcpDaq_Init\x00__initialize_p\x00XcpDaq_Entities\x00m_front\x00odtIdx\x00_vptr.PluggableUSBModule\x00protocol\x00sent\x00LIMIT\x00tagXcp_PDUType\x00pinMode\x00Xcp_CopyMemory\x00interfaceCount\x00counter\x00ERR_PAGE_NOT_VALID\x00timeout_value\x00STRING_MANUFACTURER\x00timer0_overflow_count\x00maxlen\x00_rx_buffer\x00ERR_ACCESS_DENIED\x00Xcp_GetId_Res\x00tagXcpDaq_XcpDaq_DynamicListType\x00m_observers\x00ERR_ACCESS_LOCKED\x00Serial\x00_ZN7Serial_4readEv.part.2\x00operator delete []\x00_GLOBAL__sub_I__cdcInterface\x00XcpDaq_ListIntegerType\x00functionClass\x00WaitForINOrOUT\x00init\x00pluggedInterface\x00Xcp_SetResetBit8\x00isLUFAbootloader\x00register_observer\x00timer\x00XcpDaq_GetListCount\x00Xcp_GetSectorInfo_Res\x00odtEntryIdx\x00iManufacturer\x00XcpDaq_StartSelectedLists\x00Xcp_CalculateChecksum\x00m_positive\x00Xcp_BusyResponse\x00USB_Recv\x00float\x00Xcp_SendDto\x00USB_ClockEnable\x00event\x00odtEntry\x00_ZL16Xcp_AllocOdt_ResPK14tagXcp_PDUType.part.19\x00m_raising_edge\x00read\x00WaitOUT\x00fill_char\x00ctosReceived\x00Xcp_ShortUpload_Res\x00CDC_GetInterface\x00numOdts\x00get_float_value\x00Xcp_SendChecksumPositiveResponse\x00operator new\x00_ZL17Xcp_SetDaqPtr_ResPK14tagXcp_PDUType.part.22\x00XcpDaq_AddEventChannel\x00attach\x00Xcp_AllocDaq_Res\x00XCP_CONNECTED\x00USB_SendStringDescriptor\x00tagXcpDaq_AllocStateType\x00C:\\Users\\Chris\\AppData\\Local\\Programs\\Arduino IDE\x00XcpTl_TimeoutValue\x00listIdx\x00Serial_\x00flag\x00_rx_buffer_tail\x00ERR_CMD_SYNCH\x00commModeBasic\x00XcpTl_Receiver\x00startValue\x00m_amplitude\x00USBDevice_\x00m_skew\x00idVendor\x00m_queue\x00bRequest\x00XcpTl_ResetSM\x00offset\x00getInterface\x00PluggableUSB\x00pluggedEndpoint\x00CDC_Setup\x00GNU GIMPLE 7.3.0 -mn-flash=1 -mmcu=avr5 -mn-flash=1 -mno-skip-bug -mmcu=avr5 -g -Os -Os -fmath-errno -fsigned-zeros -ftrapping-math -fno-trapv -fno-openmp -fno-openacc -fno-exceptions -fuse-linker-plugin -fltrans\x00port\x00XcpDaq_QueueFull\x00TriangleWave\x00sectorNumber\x00XCP_RCV_IDLE\x00tagXcpPgm_ProcessorType\x00__deleting_dtor \x00XcpDaq_QueueInit\x00recvLength\x00alternate\x00XcpDaq_StopSelectedLists\x00Xcp_GetDaqListMode_Res\x00ERR_SEGMENT_NOT_VALID\x00XcpTl_FeedReceiver\x00bool\x0023ACMFunctionalDescriptor\x00XcpDaq_QueueEmpty\x00Xcp_StartStopSynch_Res\x00Xcp_CommandNotImplemented_Res\x00turnOffPWM\x00InitEndpoints\x00XcpDaq_ListForEvent\x00_ZNK8SineWave15get_float_valueEv\x00tagXcpDaq_AllocTransitionType\x00m_count\x00m_wave\x00Xcp_CtoOutBuffer\x00_ZL21Xcp_AllocOdtEntry_ResPK14tagXcp_PDUType.part.18\x00Xcp_PositiveResponse\x00tagXcp_ChecksumJobStateType\x00XCP_CHECKSUM_STATE_RUNNING_INITIAL\x00blockSize\x00ClearIN\x00digital_pin_to_bit_mask_PGM\x00begin\x00XcpDaq_QueueEnqueue\x00checksum\x00bNumConfigurations\x00entry\x008USBSetup\x00XcpDaq_GetFirstPid\x00XcpTl_TimeoutStop\x00Xcp_ModifyBits_Res\x00loop\x00notify\x00deviceProtocol\x00__static_initialization_and_destruction_0\x00size\x00operator new []\x008LineInfo\x00long long unsigned int\x00Xcp_StartChecksumCalculation\x00Observers\x00wIndex\x00ERR_SUCCESS\x00uint16_t\x00_Z41__static_initialization_and_destruction_0ii.part.17\x00Xcp_SetMta\x00XCP_ALLOC_IDLE\x00Xcp_GetDaqListInfo_Res\x00new_helper\x00isFull\x00Xcp_AllocOdtEntry_Res\x00XcpTl_Send\x00_usbLineInfo\x00Xcp_GetDaqClock_Res\x0014XcpDaq_OdtType\x00_ZN7Serial_5writeEPKhj.part.4\x00ClearSetupInt\x00firstInterface\x00XcpDaq_Free\x00Xcp_GetWord\x00Xcp_GetPgmProcessorInfo_Res\x00breakValue\x00flush\x00ERR_DAQ_CONFIG\x00idProduct\x00RxLEDPulse\x00XCP_DAQ_STATE_CONFIG_VALID\x00_Z23XcpDaq_ValidateOdtEntryhhh.part.6\x00XcpTl_MainFunction\x00Recv8\x00tagXcp_ChecksumJobType\x00operator delete\x00_ZN12AbstractWave17register_observerEPS_\x00onOff\x00Xcp_UploadSingleBlock\x00Xcp_Upload\x00m_rear\x00_GLOBAL__sub_I_Xcp_CtoIn\x00XcpDaq_OdtCount\x00XcpHw_Sleep\x00notify_observers\x00_Z28Xcp_StartChecksumCalculationPKhm.part.13\x00wdtcsr_save\x00iInterface\x00shiftValue\x00tagXcpDaq_ODTType\x00Xcp_GetDaqResolutionInfo_Res\x00Xcp_DtoOutBuffer\x00triangle\x00dest\x00XCP_CALL_ALLOC_ODT\x00nameLen\x00crosBusy\x00_ZL16Xcp_AllocDaq_ResPK14tagXcp_PDUType.part.20\x00ERR_MEMORY_OVERFLOW\x00number\x00properties\x00ERR_RESOURCE_TEMPORARY_NOT_ACCESSIBLE\x00_ZL20Xcp_ProgramStart_ResPK14tagXcp_PDUType.part.24\x00XCP_CHECKSUM_STATE_IDLE\x00Stream\x00dtype\x00adddrExt\x00entity\x00daqCount\x00firstPID\x00WaitIN\x00name\x00tagXcp_StateType\x00tmpState\x00Xcp_Connect_Res\x00sin0\x00__result\x00XcpHw_GetTimerCounter\x00attributes\x00isFirstCall\x00_vptr.AbstractWave\x00Xcp_ErrorResponse\x00desc_length\x00mode\x00ERR_MODE_NOT_VALID\x00Xcp_CtoOut\x00TxLEDPulse\x00Xcp_GetDaqProcessorInfo_Res\x00insert_timestamp\x00SendConfiguration\x00ERR_VERIFY\x00delayMicroseconds\x00bParityType\x00XCP_DISCONNECTED\x00port_to_output_PGM\x00Xcp_SetDaqListMode_Res\x00item\x00digital_pin_to_port_PGM\x00peek_buffer\x00XCP_DAQ_STATE_STOPPED\x00XcpPgm_SetProcessorState\x00programming\x00void\x00XcpDaq_AllocTransitionype\x00odtEntriesCount\x00firstPid\x0013CDCDescriptor\x00bmCapabilities\x00Xcp_SetDtoOutLen\x00statistics\x00XCP_DAQ_STATE_CONFIG_INVALID\x00XcpDaq_GetDynamicListCount\x00valid\x00XcpDaq_Queue\x00response\x00main\x00_cend\x00Xcp_BuildChecksum_Res\x00Xcp_State\x00tagXcpDaq_ListStateType\x00Xcp_SendResult\x00USB_RecvControl\x00Xcp_Init\x00XcpDaq_ListState\x00triangle_wave\x00XCP_DAQ_STATE_UNINIT\x00iProduct\x00maxPower\x00_ZL19Xcp_DownloadMax_ResPK14tagXcp_PDUType.part.23\x00deviceClass\x00eventChannelNumber\x00m_level\x00Print\x00overload\x00XCP_CALL_FREE_DAQ\x00_startMillis\x00LockEP\x00uint32_t\x00XCP_PGM_STATE_UNINIT\x00triangle_min\x00XcpDaq_ODTEntryIntegerType\x00InitControl\x00bCharFormat\x00ERR_SEQUENCE\x00functionalDescriptor\x00wdt_enable\x00size_t\x00m_steps\x0016DeviceDescriptor\x00Xcp_ProgramReset_Res\x00XcpDaq_ODTIntegerType\x00lastEp\x00eventChannel\x00elemSize\x00_cmark\x00kind\x0024CDCCSInterfaceDescriptor\x00XcpDaq_GetOdt\x00XCP_CHECKSUM_STATE_RUNNING_REMAINING\x00StartingTime\x00XcpDaq_Events\x00endpointType\x00Xcp_ProgramPrepare_Res\x00XcpDaq_ListCount\x00sine_wave\x00Xcp_SetMta_Res\x00_ZN5Print13setWriteErrorEi\x00state\x00crosSend\x00setWriteError\x00XcpDaq_TransmitDtos\x00magic_key_pos\x00XcpDaq_TriggerEvent\x0018EndpointDescriptor\x00ReceivedSetupInt\x00FifoByteCount\x00ReleaseRX\x00XcpDaq_StartStopLists\x00_Z15XcpDaq_AllocOdthh.part.2\x00XCP_AFTER_ALLOC_ODT_ENTRY\x00Xcp_Disconnect\x00_initEndpoints\x00next\x00busy\x00connected\x00XcpDaq_EntityCount\x00digitalWrite\x00tmp_value\x00startTime\x00Xcp_SlaveBlockTransferSetActive\x00_ZL27Xcp_GetDaqProcessorInfo_ResPK14tagXcp_PDUType.part.26\x00firstOdt\x00dwDTERate\x00tagXcpDaq_ODTEntryType\x00_Z20XcpDaq_AllocOdtEntryhhh.part.3\x00Xcp_DispatchCommand\x00controlManagement\x00XcpDaq_QueueDTOs\x00'), '.debug_loc': DebugInfo(section=Elf_Section(index = 13, sh_name = 169, sh_type = 1, sh_flags = 0, sh_addr = 0, sh_offset = 85602, sh_size = 22862, sh_link = 0, sh_info = 0, sh_addralign = 1, sh_entsize = 0, section_name = '.debug_loc', section_image = b'\x12\x02\x00\x000\x02\x00\x00\x03\x00b\x93\x01\x00\x00\x00\x00\x00\x00\x00\x00\x10\x02\x00\x00\x1a\x02\x00\x00\x02\x003\x9f\x00\x00\x00\x00\x00\x00\x00\x00\x10\x02\x00\x00\x1a\x02\x00\x00\x06\x00\xf2\x10,\x00\x00\x00\x00\x00\x00\x00\x00\x00\x00\x00\x14\x02\x00\x00\x1a\x02\x00\x00\x02\x003\x9f\x00\x00\x00\x00\x00\x00\x00\x00.\x02\x00\x000\x02\x00\x00\x06\x00\xf2\x10,\x00\x00\x00\x00\x00\x00\x00\x00\x00\x00\x008\x02\x00\x00P\x02\x00\x00\x01\x00bP\x02\x00\x00\x82\x02\x00\x00\x03\x00\x82\x01\x9f\xac\x02\x00\x00\xb0\x02\x00\x00\x03\x00\x82\x01\x9f\xb4\x02\x00\x00\xb8\x02\x00\x00\x03\x00\x82\x01\x9f\xbc\x02\x00\x00\xbe\x02\x00\x00\x03\x00\x82\x01\x9f\xc4\x02\x00\x00\xc6\x02\x00\x00\x03\x00\x82\x01\x9f\xca\x02\x00\x00\xce\x02\x00\x00\x03\x00\x82\x01\x9f\xd6\x02\x00\x00\xda\x02\x00\x00\x03\x00\x82\x01\x9f\xde\x02\x00\x00\xe2\x02\x00\x00\x03\x00\x82\x01\x9f\xe6\x02\x00\x00\xea\x02\x00\x00\x03\x00\x82\x01\x9f\xf2\x02\x00\x00\xf6\x02\x00\x00\x03\x00\x82\x01\x9f\xfa\x02\x00\x00\xfe\x02\x00\x00\x03\x00\x82\x01\x9f\x00\x00\x00\x00\x00\x00\x00\x00>\x02\x00\x00\xa4\x02\x00\x00\x01\x00c\xa4\x02\x00\x00\xa6\x02\x00\x00\x04\x00\x83\x00 \x9f\xac\x02\x00\x00\x08\x03\x00\x00\x01\x00c\x00\x00\x00\x00\x00\x00\x00\x00D\x02\x00\x00\x90\x02\x00\x00\x01\x00i\xac\x02\x00\x00\x06\x03\x00\x00\x01\x00i\x00\x00\x00\x00\x00\x00\x00\x00\x98\x02\x00\x00\xaa\x02\x00\x00\x06\x00j\x93\x01k\x93\x01\x06\x03\x00\x00\n\x03\x00\x00\x06\x00j\x93\x01k\x93\x01\x00\x00\x00\x00\x00\x00\x00\x00\x9a\x02\x00\x00\xaa\x02\x00\x00\x01\x00i\x06\x03\x00\x00\n\x03\x00\x00\x01\x00i\x00\x00\x00\x00\x00\x00\x00\x006\x02\x00\x00<\x02\x00\x00\x06\x00n\x93\x01o\x93\x01\x00\x00\x00\x00\x00\x00\x00\x00<\x02\x00\x00B\x02\x00\x00\x06\x00n\x93\x01o\x93\x01\x00\x00\x00\x00\x00\x00\x00\x00B\x02\x00\x00V\x02\x00\x00\x06\x00n\x93\x01o\x93\x01\x00\x00\x00\x00\x00\x00\x00\x00N\x02\x00\x00P\x02\x00\x00\x01\x00bP\x02\x00\x00\x82\x02\x00\x00\x03\x00\x82\x01\x9f\xac\x02\x00\x00\xb0\x02\x00\x00\x03\x00\x82\x01\x9f\xb4\x02\x00\x00\xb8\x02\x00\x00\x03\x00\x82\x01\x9f\xbc\x02\x00\x00\xbe\x02\x00\x00\x03\x00\x82\x01\x9f\xc4\x02\x00\x00\xc6\x02\x00\x00\x03\x00\x82\x01\x9f\xca\x02\x00\x00\xce\x02\x00\x00\x03\x00\x82\x01\x9f\xd6\x02\x00\x00\xda\x02\x00\x00\x03\x00\x82\x01\x9f\xde\x02\x00\x00\xe2\x02\x00\x00\x03\x00\x82\x01\x9f\xe6\x02\x00\x00\xea\x02\x00\x00\x03\x00\x82\x01\x9f\xf2\x02\x00\x00\xf6\x02\x00\x00\x03\x00\x82\x01\x9f\xfa\x02\x00\x00\xfe\x02\x00\x00\x03\x00\x82\x01\x9f\x00\x00\x00\x00\x00\x00\x00\x00\x94\x02\x00\x00\x98\x02\x00\x00\x06\x00n\x93\x01o\x93\x01\x00\x00\x00\x00\x00\x00\x00\x00\n\x03\x00\x00\x10\x03\x00\x00\x06\x00h\x93\x01i\x93\x01\x10\x03\x00\x00^\x03\x00\x00\x06\x00n\x93\x01o\x93\x01\x00\x00\x00\x00\x00\x00\x00\x00\x16\x03\x00\x00X\x03\x00\x00\x03\x00c\x93\x01\x00\x00\x00\x00\x00\x00\x00\x000\x03\x00\x00B\x03\x00\x00\x03\x00\x88\x7f\x9f\x00\x00\x00\x00\x00\x00\x00\x000\x03\x00\x004\x03\x00\x00\x06\x00n\x93\x01o\x93\x014\x03\x00\x00B\x03\x00\x00\x03\x00\x8e\x01\x9f\x00\x00\x00\x00\x00\x00\x00\x00\x0c\x03\x00\x000\x03\x00\x00\x02\x001\x9f0\x03\x00\x00X\x03\x00\x00\x06\x00h\x93\x01i\x93\x01X\x03\x00\x00^\x03\x00\x00\x02\x001\x9f\x00\x00\x00\x00\x00\x00\x00\x00\x14\x03\x00\x00\x1e\x03\x00\x00\x02\x002\x9f\x00\x00\x00\x00\x00\x00\x00\x00\x14\x03\x00\x00\x1e\x03\x00\x00\x06\x00\xf2\xf5-\x00\x00\x00\x00\x00\x00\x00\x00\x00\x00\x00\x18\x03\x00\x00\x1e\x03\x00\x00\x02\x002\x9f\x00\x00\x00\x00\x00\x00\x00\x00T\x03\x00\x00X\x03\x00\x00\x06\x00\xf2\xf5-\x00\x00\x00\x00\x00\x00\x00\x00\x00\x00\x00\x9a\x03\x00\x00\xb4\x03\x00\x00\x0c\x00h\x93\x01i\x93\x01j\x93\x01k\x93\x01\x00\x00\x00\x00\x00\x00\x00\x00\x88\x03\x00\x00\xb4\x03\x00\x00\x01\x00c\xb4\x03\x00\x00\xd0\x03\x00\x00\x02\x00\x08_\x00\x00\x00\x00\x00\x00\x00\x00\xd0\x03\x00\x00\xd2\x03\x00\x00\x03\x00\x92 \x02\xd2\x03\x00\x00\xd4\x03\x00\x00\x03\x00\x92 \x03\xd4\x03\x00\x00\xd6\x03\x00\x00\x03\x00\x92 \x04\xd6\x03\x00\x00\xd8\x03\x00\x00\x03\x00\x92 \x05\xd8\x03\x00\x00\x00\x04\x00\x00\x03\x00\x92 \x06\x00\x00\x00\x00\x00\x00\x00\x00\xe0\x03\x00\x00\xfe\x03\x00\x00\x0c\x00\\\x93\x01]\x93\x01^\x93\x01_\x93\x01\x00\x00\x00\x00\x00\x00\x00\x00B\x04\x00\x00t\x04\x00\x00\x01\x00ht\x04\x00\x00\x84\x04\x00\x00\x02\x00\x08\xf1\x84\x04\x00\x00\x9a\x04\x00\x00\x04\x00\xf3\x01h\x9f\x9a\x04\x00\x00\x9c\x04\x00\x00\x01\x00h\x9c\x04\x00\x00\x9e\x04\x00\x00\x04\x00\xf3\x01h\x9f\x00\x00\x00\x00\x00\x00\x00\x00h\x04\x00\x00l\x04\x00\x00\x01\x00h\x00\x00\x00\x00\x00\x00\x00\x00\x9e\x04\x00\x00\xa0\x04\x00\x00\x03\x00\x92 \x02\xa0\x04\x00\x00\xa2\x04\x00\x00\x03\x00\x92 \x03\xa2\x04\x00\x00\xa4\x04\x00\x00\x03\x00\x92 \x04\xa4\x04\x00\x00\xa6\x04\x00\x00\x03\x00\x92 \x05\xa6\x04\x00\x00\xa8\x04\x00\x00\x03\x00\x92 \x06\xa8\x04\x00\x00\xaa\x04\x00\x00\x03\x00\x92 \x07\xaa\x04\x00\x00\x04\x05\x00\x00\x03\x00\x92 \x08\x00\x00\x00\x00\x00\x00\x00\x00\x9e\x04\x00\x00\xb4\x04\x00\x00\x06\x00h\x93\x01i\x93\x01\xb4\x04\x00\x00\x04\x05\x00\x00\x04\x00\xf3\x01h\x9f\x00\x00\x00\x00\x00\x00\x00\x00\x9e\x04\x00\x00\xbb\x04\x00\x00\x01\x00f\xbb\x04\x00\x00\xcc\x04\x00\x00\x01\x00^\xcc\x04\x00\x00\x04\x05\x00\x00\x04\x00\xf3\x01f\x9f\x00\x00\x00\x00\x00\x00\x00\x00\x9e\x04\x00\x00\xbb\x04\x00\x00\x01\x00d\xbb\x04\x00\x00\xf6\x04\x00\x00\x01\x00`\xf6\x04\x00\x00\xfc\x04\x00\x00\x04\x00\xf3\x01d\x9f\xfc\x04\x00\x00\x04\x05\x00\x00\x01\x00`\x00\x00\x00\x00\x00\x00\x00\x00\xc2\x04\x00\x00\xf6\x04\x00\x00\x07\x00\x80\x00H$0-\x9f\xf6\x04\x00\x00\xfc\x04\x00\x00\x08\x00\xf3\x01dH$0-\x9f\xfc\x04\x00\x00\x04\x05\x00\x00\x07\x00\x80\x00H$0-\x9f\x00\x00\x00\x00\x00\x00\x00\x00\xc2\x04\x00\x00\xcc\x04\x00\x00\x02\x000\x9f\xcc\x04\x00\x00\xea\x04\x00\x00\x07\x00\x8c\x00\xf3\x01h\x1c\x9f\xea\x04\x00\x00\xee\x04\x00\x00\x08\x00\xf3\x01h \x8c\x00"\x9f\xfc\x04\x00\x00\x04\x05\x00\x00\x07\x00\x8c\x00\xf3\x01h\x1c\x9f\x00\x00\x00\x00\x00\x00\x00\x00\xe0\x04\x00\x00\xe8\x04\x00\x00\x01\x00a\xe8\x04\x00\x00\xee\x04\x00\x00\x01\x00h\x00\x00\x00\x00\x00\x00\x00\x00\xd6\x04\x00\x00\xda\x04\x00\x00\x06\x00l\x93\x01m\x93\x01\x00\x00\x00\x00\x00\x00\x00\x00\x04\x05\x00\x00\x06\x05\x00\x00\x03\x00\x92 \x02\x06\x05\x00\x00\x08\x05\x00\x00\x03\x00\x92 \x03\x08\x05\x00\x00\n\x05\x00\x00\x03\x00\x92 \x04\n\x05\x00\x00\x0c\x05\x00\x00\x03\x00\x92 \x05\x0c\x05\x00\x00\x0e\x05\x00\x00\x03\x00\x92 \x06\x0e\x05\x00\x00\x10\x05\x00\x00\x03\x00\x92 \x07\x10\x05\x00\x00\x12\x05\x00\x00\x03\x00\x92 \x08\x12\x05\x00\x00P\x05\x00\x00\x03\x00\x92 \t\x00\x00\x00\x00\x00\x00\x00\x00\x04\x05\x00\x00\x1e\x05\x00\x00\x01\x00h\x1e\x05\x00\x00J\x05\x00\x00\x01\x00]J\x05\x00\x00L\x05\x00\x00\x04\x00\xf3\x01h\x9fL\x05\x00\x00P\x05\x00\x00\x01\x00]\x00\x00\x00\x00\x00\x00\x00\x00\x04\x05\x00\x00\x1e\x05\x00\x00\x06\x00f\x93\x01g\x93\x01\x1e\x05\x00\x00P\x05\x00\x00\x04\x00\xf3\x01f\x9f\x00\x00\x00\x00\x00\x00\x00\x00\x04\x05\x00\x00\x1e\x05\x00\x00\x06\x00d\x93\x01e\x93\x01\x1e\x05\x00\x002\x05\x00\x00\x0b\x00\x8c\x00 \x80\x00"\xf3\x01f"\x9f2\x05\x00\x00:\x05\x00\x00\n\x00\xf3\x01f\x80\x00"\x8c\x00\x1c\x9fL\x05\x00\x00P\x05\x00\x00\x0b\x00\x8c\x00 \x80\x00"\xf3\x01f"\x9f\x00\x00\x00\x00\x00\x00\x00\x00\x16\x05\x00\x00\x1e\x05\x00\x00\x06\x00d\x93\x01e\x93\x01\x1e\x05\x00\x00:\x05\x00\x00\x06\x00`\x93\x01a\x93\x01:\x05\x00\x00L\x05\x00\x00\x04\x00\xf3\x01d\x9fL\x05\x00\x00P\x05\x00\x00\x06\x00`\x93\x01a\x93\x01\x00\x00\x00\x00\x00\x00\x00\x00\x16\x05\x00\x00\x1e\x05\x00\x00\x06\x00f\x93\x01g\x93\x01\x1e\x05\x00\x00(\x05\x00\x00\x06\x00l\x93\x01m\x93\x01(\x05\x00\x002\x05\x00\x00\x03\x00\x8c\x01\x9f2\x05\x00\x00:\x05\x00\x00\x06\x00l\x93\x01m\x93\x01L\x05\x00\x00P\x05\x00\x00\x03\x00\x8c\x01\x9f\x00\x00\x00\x00\x00\x00\x00\x00\x16\x05\x00\x00\x1e\x05\x00\x00\x07\x00\x88\x00H$0-\x9f\x1e\x05\x00\x00J\x05\x00\x00\x07\x00}\x00H$0-\x9fJ\x05\x00\x00L\x05\x00\x00\x08\x00\xf3\x01hH$0-\x9fL\x05\x00\x00P\x05\x00\x00\x07\x00}\x00H$0-\x9f\x00\x00\x00\x00\x00\x00\x00\x00,\x05\x00\x00/\x05\x00\x00\x01\x00h\x00\x00\x00\x00\x00\x00\x00\x00(\x05\x00\x00,\x05\x00\x00\x06\x00l\x93\x01m\x93\x01\x00\x00\x00\x00\x00\x00\x00\x00P\x05\x00\x00R\x05\x00\x00\x03\x00\x92 \x02R\x05\x00\x00T\x05\x00\x00\x03\x00\x92 \x03T\x05\x00\x00V\x05\x00\x00\x03\x00\x92 \x04V\x05\x00\x00X\x05\x00\x00\x03\x00\x92 \x05X\x05\x00\x00Z\x05\x00\x00\x03\x00\x92 \x06Z\x05\x00\x00^\x05\x00\x00\x03\x00\x92 \x07^\x05\x00\x00\xb2\x05\x00\x00\x02\x00\x8c\x07\x00\x00\x00\x00\x00\x00\x00\x00^\x05\x00\x00p\x05\x00\x00\x03\x00\x8c\x01\x9f\x00\x00\x00\x00\x00\x00\x00\x00t\x05\x00\x00|\x05\x00\x00\x06\x00h\x93\x01i\x93\x01\x00\x00\x00\x00\x00\x00\x00\x00t\x05\x00\x00|\x05\x00\x00\x02\x000\x9f\x00\x00\x00\x00\x00\x00\x00\x00|\x05\x00\x00\xa4\x05\x00\x00\x06\x00`\x93\x01a\x93\x01\x00\x00\x00\x00\x00\x00\x00\x00\x98\x05\x00\x00\xa4\x05\x00\x00\x06\x00h\x93\x01i\x93\x01\x00\x00\x00\x00\x00\x00\x00\x00\xb2\x05\x00\x00\xb2\x05\x00\x00\x06\x00h\x93\x01i\x93\x01\xb2\x05\x00\x00\xb2\x05\x00\x00\x04\x00\xf3\x01h\x9f\xb2\x05\x00\x00\xbc\x05\x00\x00\x06\x00\xf3\x01h#\x01\x9f\xbc\x05\x00\x00\xc0\x05\x00\x00\x03\x00\x8e\x01\x9f\xc0\x05\x00\x00\xc2\x05\x00\x00\x06\x00h\x93\x01i\x93\x01\xc2\x05\x00\x00\xcc\x05\x00\x00\x04\x00\xf3\x01h\x9f\x00\x00\x00\x00\x00\x00\x00\x00\xb2\x05\x00\x00\xb2\x05\x00\x00\x01\x00f\xb2\x05\x00\x00\xb2\x05\x00\x00\x04\x00\xf3\x01f\x9f\xb2\x05\x00\x00\xcc\x05\x00\x00\x01\x00f\x00\x00\x00\x00\x00\x00\x00\x00\xcc\x05\x00\x00\xce\x05\x00\x00\x03\x00\x92 \x02\xce\x05\x00\x00\xd0\x05\x00\x00\x03\x00\x92 \x03\xd0\x05\x00\x00\xd2\x05\x00\x00\x03\x00\x92 \x04\xd2\x05\x00\x00\xd4\x05\x00\x00\x03\x00\x92 \x05\xd4\x05\x00\x00\xd6\x05\x00\x00\x03\x00\x92 \x06\xd6\x05\x00\x00\xd8\x05\x00\x00\x03\x00\x92 \x07\xd8\x05\x00\x00\xda\x05\x00\x00\x03\x00\x92 \x08\xda\x05\x00\x00\xdc\x05\x00\x00\x03\x00\x92 \t\xdc\x05\x00\x00\xde\x05\x00\x00\x03\x00\x92 \n\xde\x05\x00\x00\xe0\x05\x00\x00\x03\x00\x92 \x0b\xe0\x05\x00\x00\xe2\x05\x00\x00\x03\x00\x92 \x0c\xe2\x05\x00\x00\xe4\x05\x00\x00\x03\x00\x92 \r\xe4\x05\x00\x00\xce\x06\x00\x00\x03\x00\x92 \x0e\x00\x00\x00\x00\x00\x00\x00\x00\xcc\x05\x00\x00\xee\x05\x00\x00\x06\x00h\x93\x01i\x93\x01\xee\x05\x00\x00\xc4\x06\x00\x00\x06\x00\\\x93\x01]\x93\x01\xc4\x06\x00\x00\xce\x06\x00\x00\x04\x00\xf3\x01h\x9f\x00\x00\x00\x00\x00\x00\x00\x00\xcc\x05\x00\x00 \x06\x00\x00\x06\x00f\x93\x01g\x93\x01 \x06\x00\x00\xce\x06\x00\x00\x04\x00\xf3\x01f\x9f\x00\x00\x00\x00\x00\x00\x00\x00\xcc\x05\x00\x00 \x06\x00\x00\x06\x00d\x93\x01e\x93\x01 \x06\x00\x00\xb2\x06\x00\x00\x06\x00`\x93\x01a\x93\x01\xb2\x06\x00\x00\xce\x06\x00\x00\x04\x00\xf3\x01d\x9f\x00\x00\x00\x00\x00\x00\x00\x00\xf4\x05\x00\x00 \x06\x00\x00\x06\x00d\x93\x01e\x93\x01 \x06\x00\x00\xa4\x06\x00\x00\x06\x00`\x93\x01a\x93\x01\x00\x00\x00\x00\x00\x00\x00\x00\xf4\x05\x00\x00 \x06\x00\x00\x06\x00f\x93\x01g\x93\x01 \x06\x00\x00\xa4\x06\x00\x00\x04\x00\xf3\x01f\x9f\x00\x00\x00\x00\x00\x00\x00\x00\xf4\x05\x00\x00\xa4\x06\x00\x00\x06\x00\\\x93\x01]\x93\x01\x00\x00\x00\x00\x00\x00\x00\x00\xf4\x05\x00\x00\x9e\x06\x00\x00\x02\x003\x9f\x00\x00\x00\x00\x00\x00\x00\x00\xf4\x05\x00\x00 \x06\x00\x00\x06\x00d\x93\x01e\x93\x01 \x06\x00\x00\x9e\x06\x00\x00\x06\x00l\x93\x01m\x93\x01\x00\x00\x00\x00\x00\x00\x00\x00\xf4\x05\x00\x00 \x06\x00\x00\x06\x00f\x93\x01g\x93\x01 \x06\x00\x00\x9e\x06\x00\x00\x04\x00\xf3\x01f\x9f\x00\x00\x00\x00\x00\x00\x00\x00 \x06\x00\x00d\x06\x00\x00\x06\x00^\x93\x01_\x93\x01d\x06\x00\x00d\x06\x00\x00\x06\x00n\x93\x01o\x93\x01d\x06\x00\x00j\x06\x00\x00\x03\x00\x8e\x01\x9fj\x06\x00\x00t\x06\x00\x00\x06\x00n\x93\x01o\x93\x01t\x06\x00\x00\x9e\x06\x00\x00\x06\x00^\x93\x01_\x93\x01\x00\x00\x00\x00\x00\x00\x00\x00 \x06\x00\x00\x9e\x06\x00\x00\x01\x00Z\x00\x00\x00\x00\x00\x00\x00\x00 \x06\x00\x00|\x06\x00\x00\x01\x00[\x80\x06\x00\x00\x90\x06\x00\x00\x01\x00[\x96\x06\x00\x00\x9e\x06\x00\x00\x01\x00[\x00\x00\x00\x00\x00\x00\x00\x00,\x06\x00\x009\x06\x00\x00\x01\x00h<\x06\x00\x00V\x06\x00\x00\x01\x00hZ\x06\x00\x00|\x06\x00\x00\x01\x00h\x80\x06\x00\x00\x84\x06\x00\x00\x01\x00h\x00\x00\x00\x00\x00\x00\x00\x00H\x06\x00\x00X\x06\x00\x00\x03\x00i\x93\x01Z\x06\x00\x00\x96\x06\x00\x00\x03\x00i\x93\x01\x00\x00\x00\x00\x00\x00\x00\x00F\x06\x00\x00N\x06\x00\x00\x02\x003\x9f\x00\x00\x00\x00\x00\x00\x00\x00F\x06\x00\x00N\x06\x00\x00\x06\x00\xf2\x075\x00\x00\x00\x00\x00\x00\x00\x00\x00\x00\x00J\x06\x00\x00N\x06\x00\x00\x02\x003\x9f\x00\x00\x00\x00\x00\x00\x00\x00V\x06\x00\x00X\x06\x00\x00\x06\x00\xf2\x075\x00\x00\x00\x00\x00\x00\x00\x00\x00\x00\x00j\x06\x00\x00p\x06\x00\x00\x01\x00d\x00\x00\x00\x00\x00\x00\x00\x00\xa4\x06\x00\x00\xb2\x06\x00\x00\x06\x00\\\x93\x01]\x93\x01\x00\x00\x00\x00\x00\x00\x00\x00\xa4\x06\x00\x00\xae\x06\x00\x00\x02\x001\x9f\x00\x00\x00\x00\x00\x00\x00\x00\xce\x06\x00\x00\xd0\x06\x00\x00\x03\x00\x92 \x02\xd0\x06\x00\x00\xd2\x06\x00\x00\x03\x00\x92 \x03\xd2\x06\x00\x00\xd4\x06\x00\x00\x03\x00\x92 \x04\xd4\x06\x00\x00\xd8\x06\x00\x00\x03\x00\x92 \x05\xd8\x06\x00\x00\xfa\x06\x00\x00\x02\x00\x8c\x05\x00\x00\x00\x00\x00\x00\x00\x00\xce\x06\x00\x00\xf1\x06\x00\x00\x06\x00h\x93\x01i\x93\x01\xf1\x06\x00\x00\xfa\x06\x00\x00\x04\x00\xf3\x01h\x9f\x00\x00\x00\x00\x00\x00\x00\x00\xce\x06\x00\x00\xec\x06\x00\x00\x01\x00f\xec\x06\x00\x00\xf1\x06\x00\x00\x02\x00\x8c\x01\x00\x00\x00\x00\x00\x00\x00\x00\xfa\x06\x00\x00\xfc\x06\x00\x00\x06\x00h\x93\x01i\x93\x01\xfc\x06\x00\x00\x10\x07\x00\x00\x04\x00\xf3\x01h\x9f\x00\x00\x00\x00\x00\x00\x00\x00\xfa\x06\x00\x00\x0e\x07\x00\x00\x02\x003\x9f\x00\x00\x00\x00\x00\x00\x00\x00\xfa\x06\x00\x00\x00\x07\x00\x00\x02\x003\x9f\x00\x00\x00\x00\x00\x00\x00\x00\x10\x07\x00\x00\x13\x07\x00\x00\x06\x00h\x93\x01i\x93\x01\x13\x07\x00\x00\x18\x07\x00\x00\x04\x00\xf3\x01h\x9f\x00\x00\x00\x00\x00\x00\x00\x00\x18\x07\x00\x00\x1a\x07\x00\x00\x03\x00\x92 \x02\x1a\x07\x00\x00\x1c\x07\x00\x00\x03\x00\x92 \x03\x1c\x07\x00\x00\x1e\x07\x00\x00\x03\x00\x92 \x04\x1e\x07\x00\x00"\x07\x00\x00\x03\x00\x92 \x05"\x07\x00\x00T\x07\x00\x00\x02\x00\x8c\x05\x00\x00\x00\x00\x00\x00\x00\x00\x18\x07\x00\x00(\x07\x00\x00\x06\x00h\x93\x01i\x93\x01(\x07\x00\x004\x07\x00\x00\x06\x00n\x93\x01o\x93\x014\x07\x00\x00<\x07\x00\x00\x04\x00\xf3\x01h\x9f<\x07\x00\x00C\x07\x00\x00\x06\x00n\x93\x01o\x93\x01C\x07\x00\x00T\x07\x00\x00\x04\x00\xf3\x01h\x9f\x00\x00\x00\x00\x00\x00\x00\x00,\x07\x00\x004\x07\x00\x00\x06\x00h\x93\x01i\x93\x01\x00\x00\x00\x00\x00\x00\x00\x00<\x07\x00\x00R\x07\x00\x00\x02\x002\x9f\x00\x00\x00\x00\x00\x00\x00\x00T\x07\x00\x00V\x07\x00\x00\x03\x00\x92 \x02V\x07\x00\x00X\x07\x00\x00\x03\x00\x92 \x03X\x07\x00\x00Z\x07\x00\x00\x03\x00\x92 \x04Z\x07\x00\x00\\\x07\x00\x00\x03\x00\x92 \x05\\\x07\x00\x00^\x07\x00\x00\x03\x00\x92 \x06^\x07\x00\x00b\x07\x00\x00\x03\x00\x92 \x07b\x07\x00\x00\x9c\x07\x00\x00\x02\x00\x8c\x07\x00\x00\x00\x00\x00\x00\x00\x00T\x07\x00\x00j\x07\x00\x00\x06\x00h\x93\x01i\x93\x01j\x07\x00\x00\x94\x07\x00\x00\x06\x00`\x93\x01a\x93\x01\x94\x07\x00\x00\x96\x07\x00\x00\x06\x00n\x93\x01o\x93\x01\x96\x07\x00\x00\x9c\x07\x00\x00\x06\x00`\x93\x01a\x93\x01\x00\x00\x00\x00\x00\x00\x00\x00n\x07\x00\x00~\x07\x00\x00\x02\x002\x9f\x96\x07\x00\x00\x9c\x07\x00\x00\x02\x002\x9f\x00\x00\x00\x00\x00\x00\x00\x00\x9c\x07\x00\x00\xa2\x07\x00\x00\x06\x00h\x93\x01i\x93\x01\xa2\x07\x00\x00\xd0\x07\x00\x00\x06\x00n\x93\x01o\x93\x01\x00\x00\x00\x00\x00\x00\x00\x00\xa6\x07\x00\x00\xb6\x07\x00\x00\x02\x002\x9f\x00\x00\x00\x00\x00\x00\x00\x00\xa8\x07\x00\x00\xb6\x07\x00\x00\x03\x00i\x93\x01\x00\x00\x00\x00\x00\x00\x00\x00\xa6\x07\x00\x00\xb0\x07\x00\x00\x02\x002\x9f\x00\x00\x00\x00\x00\x00\x00\x00\xa6\x07\x00\x00\xb0\x07\x00\x00\x06\x00\xf2\xcc8\x00\x00\x00\x00\x00\x00\x00\x00\x00\x00\x00\xaa\x07\x00\x00\xb0\x07\x00\x00\x02\x002\x9f\x00\x00\x00\x00\x00\x00\x00\x00\xb4\x07\x00\x00\xb6\x07\x00\x00\x06\x00\xf2\xcc8\x00\x00\x00\x00\x00\x00\x00\x00\x00\x00\x00\xbc\x07\x00\x00\xcc\x07\x00\x00\x02\x002\x9f\x00\x00\x00\x00\x00\x00\x00\x00\xbe\x07\x00\x00\xcc\x07\x00\x00\x03\x00i\x93\x01\x00\x00\x00\x00\x00\x00\x00\x00\xbc\x07\x00\x00\xc6\x07\x00\x00\x02\x002\x9f\x00\x00\x00\x00\x00\x00\x00\x00\xbc\x07\x00\x00\xc6\x07\x00\x00\x06\x00\xf2e9\x00\x00\x00\x00\x00\x00\x00\x00\x00\x00\x00\xc0\x07\x00\x00\xc6\x07\x00\x00\x02\x002\x9f\x00\x00\x00\x00\x00\x00\x00\x00\xca\x07\x00\x00\xcc\x07\x00\x00\x06\x00\xf2e9\x00\x00\x00\x00\x00\x00\x00\x00\x00\x00\x00\xd0\x07\x00\x00\xd2\x07\x00\x00\x03\x00\x92 \x02\xd2\x07\x00\x00\xd4\x07\x00\x00\x03\x00\x92 \x03\xd4\x07\x00\x00\xd6\x07\x00\x00\x03\x00\x92 \x04\xd6\x07\x00\x00\xd8\x07\x00\x00\x03\x00\x92 \x05\xd8\x07\x00\x00R\x08\x00\x00\x03\x00\x92 \x06\x00\x00\x00\x00\x00\x00\x00\x00\xd0\x07\x00\x00\xde\x07\x00\x00\x06\x00h\x93\x01i\x93\x01\xde\x07\x00\x00L\x08\x00\x00\x06\x00l\x93\x01m\x93\x01L\x08\x00\x00R\x08\x00\x00\x04\x00\xf3\x01h\x9f\x00\x00\x00\x00\x00\x00\x00\x00\xfe\x07\x00\x002\x08\x00\x00\x06\x00`\x93\x01a\x93\x01H\x08\x00\x00P\x08\x00\x00\x06\x00`\x93\x01a\x93\x01\x00\x00\x00\x00\x00\x00\x00\x00V\x08\x00\x00\x9a\x08\x00\x00\x01\x00h\x9a\x08\x00\x00\xa0\x08\x00\x00\x04\x00\xf3\x01h\x9f\xa0\x08\x00\x00\xa4\x08\x00\x00\x01\x00h\xa4\x08\x00\x00\xa6\x08\x00\x00\x04\x00\xf3\x01h\x9f\x00\x00\x00\x00\x00\x00\x00\x00V\x08\x00\x00z\x08\x00\x00\x02\x000\x9fz\x08\x00\x00\x9a\x08\x00\x00\x01\x00c\xa0\x08\x00\x00\xa6\x08\x00\x00\x02\x000\x9f\x00\x00\x00\x00\x00\x00\x00\x00V\x08\x00\x00z\x08\x00\x00\x02\x000\x9f\xa0\x08\x00\x00\xa6\x08\x00\x00\x02\x000\x9f\x00\x00\x00\x00\x00\x00\x00\x00V\x08\x00\x00\x9a\x08\x00\x00\x02\x001\x9f\x9a\x08\x00\x00\xa0\x08\x00\x00\x01\x00h\xa0\x08\x00\x00\xa6\x08\x00\x00\x02\x001\x9f\x00\x00\x00\x00\x00\x00\x00\x00V\x08\x00\x00z\x08\x00\x00\x02\x000\x9fz\x08\x00\x00\xa0\x08\x00\x00\x01\x00i\xa0\x08\x00\x00\xa6\x08\x00\x00\x02\x000\x9f\x00\x00\x00\x00\x00\x00\x00\x00~\x08\x00\x00\x80\x08\x00\x00\x01\x00c\x00\x00\x00\x00\x00\x00\x00\x00~\x08\x00\x00\x84\x08\x00\x00\x0e\x00\x83\x00\x08\xff\x1a9\x1e\x03\xa0\x06\x80\x00"\x9f\x84\x08\x00\x00\x8c\x08\x00\x00\x0e\x00\x83\x7f\x08\xff\x1a9\x1e\x03\xa0\x06\x80\x00"\x9f\x00\x00\x00\x00\x00\x00\x00\x00\xa6\x08\x00\x00\xc0\x08\x00\x00\x02\x001\x9f\x00\x00\x00\x00\x00\x00\x00\x00\xa6\x08\x00\x00\xb0\x08\x00\x00\x02\x000\x9f\xb0\x08\x00\x00\xc0\x08\x00\x00\x01\x00i\x00\x00\x00\x00\x00\x00\x00\x00\xa6\x08\x00\x00\xb0\x08\x00\x00\x02\x000\x9f\x00\x00\x00\x00\x00\x00\x00\x00\xc2\x08\x00\x00\x1c\t\x00\x00\x03\x00\x08\xff\x9f\x1c\t\x00\x00\x1e\t\x00\x00\x03\x00\x08)\x9f\x00\x00\x00\x00\x00\x00\x00\x00\xce\x08\x00\x00\xd2\x08\x00\x00\x02\x002\x9f\xd2\x08\x00\x00\xd6\x08\x00\x00\x02\x001\x9f\xd6\x08\x00\x00\xda\x08\x00\x00\x02\x000\x9f\x00\x00\x00\x00\x00\x00\x00\x00\xce\x08\x00\x00\xda\x08\x00\x00\x02\x000\x9f\x00\x00\x00\x00\x00\x00\x00\x00\xfc\x08\x00\x00\x02\t\x00\x00\x06\x00n\x93\x01o\x93\x01\x02\t\x00\x00\x04\t\x00\x00\x03\x00\x8e\x01\x9f\x04\t\x00\x00\x06\t\x00\x00\x06\x00n\x93\x01o\x93\x01\x00\x00\x00\x00\x00\x00\x00\x00\x1e\t\x00\x00.\t\x00\x00\x06\x00h\x93\x01i\x93\x01.\t\x00\x000\t\x00\x00\x06\x00j\x93\x01k\x93\x01\x00\x00\x00\x00\x00\x00\x00\x000\t\x00\x002\t\x00\x00\x03\x00\x92 \x022\t\x00\x004\t\x00\x00\x03\x00\x92 \x034\t\x00\x006\t\x00\x00\x03\x00\x92 \x046\t\x00\x008\t\x00\x00\x03\x00\x92 \x058\t\x00\x00d\t\x00\x00\x03\x00\x92 \x06\x00\x00\x00\x00\x00\x00\x00\x000\t\x00\x00?\t\x00\x00\x06\x00h\x93\x01i\x93\x01?\t\x00\x00b\t\x00\x00\x06\x00`\x93\x01a\x93\x01b\t\x00\x00d\t\x00\x00\x04\x00\xf3\x01h\x9f\x00\x00\x00\x00\x00\x00\x00\x00:\t\x00\x00J\t\x00\x00\x02\x000\x9fJ\t\x00\x00d\t\x00\x00\x06\x00h\x93\x01i\x93\x01\x00\x00\x00\x00\x00\x00\x00\x00:\t\x00\x00B\t\x00\x00\x02\x000\x9fB\t\x00\x00F\t\x00\x00\x06\x00h\x93\x01i\x93\x01F\t\x00\x00^\t\x00\x00\x06\x00l\x93\x01m\x93\x01\x00\x00\x00\x00\x00\x00\x00\x00d\t\x00\x00f\t\x00\x00\x03\x00\x92 \x02f\t\x00\x00h\t\x00\x00\x03\x00\x92 \x03h\t\x00\x00\xc4\t\x00\x00\x03\x00\x92 \x04\x00\x00\x00\x00\x00\x00\x00\x00p\t\x00\x00\xb6\t\x00\x00\x06\x00d\x93\x01e\x93\x01\xb6\t\x00\x00\xc3\t\x00\x00\x05\x00\x03\x02\x01\x80\x00\x00\x00\x00\x00\x00\x00\x00\x00\xb2\t\x00\x00\xb6\t\x00\x00\x03\x00\x84\x04\x9f\xb6\t\x00\x00\xc3\t\x00\x00\x06\x00d\x93\x01e\x93\x01\x00\x00\x00\x00\x00\x00\x00\x00\xb2\t\x00\x00\xc3\t\x00\x00\x06\x00j\x93\x01k\x93\x01\x00\x00\x00\x00\x00\x00\x00\x00\xc4\t\x00\x00\xdc\t\x00\x00\x01\x00h\xdc\t\x00\x00\xe1\t\x00\x00\x02\x00\x8e\x05\xe1\t\x00\x00\xe2\t\x00\x00\x04\x00\xf3\x01h\x9f\x00\x00\x00\x00\x00\x00\x00\x00\xc4\t\x00\x00\xdc\t\x00\x00\x01\x00h\xdc\t\x00\x00\xe1\t\x00\x00\x02\x00\x8e\x05\xe1\t\x00\x00\xe2\t\x00\x00\x04\x00\xf3\x01h\x9f\x00\x00\x00\x00\x00\x00\x00\x00\xd0\t\x00\x00\xd8\t\x00\x00\x02\x002\x9f\x00\x00\x00\x00\x00\x00\x00\x00\xe2\t\x00\x00\xe4\t\x00\x00\x03\x00\x92 \x02\xe4\t\x00\x002\n\x00\x00\x03\x00\x92 \x03\x00\x00\x00\x00\x00\x00\x00\x00\xe2\t\x00\x00\xe9\t\x00\x00\x06\x00h\x93\x01i\x93\x01\xe9\t\x00\x002\n\x00\x00\x04\x00\xf3\x01h\x9f\x00\x00\x00\x00\x00\x00\x00\x00\xec\t\x00\x00\xfc\t\x00\x00\x01\x00h\xfc\t\x00\x00\xfe\t\x00\x00\x01\x00l\x02\n\x00\x00\x0c\n\x00\x00\x01\x00h\x0c\n\x00\x002\n\x00\x00\x01\x00l\x00\x00\x00\x00\x00\x00\x00\x00\xec\t\x00\x00\xfc\t\x00\x00\x02\x000\x9f\x02\n\x00\x00.\n\x00\x00\x02\x000\x9f\x00\x00\x00\x00\x00\x00\x00\x00\xec\t\x00\x00\xfc\t\x00\x00\x02\x000\x9f\x02\n\x00\x00.\n\x00\x00\x02\x000\x9f.\n\x00\x002\n\x00\x00\x02\x007\x9f\x00\x00\x00\x00\x00\x00\x00\x00\xfa\t\x00\x00\xfc\t\x00\x00\x02\x00B\x9f\x00\x00\x00\x00\x00\x00\x00\x00\x10\n\x00\x00.\n\x00\x00\x01\x00l\x00\x00\x00\x00\x00\x00\x00\x002\n\x00\x004\n\x00\x00\x06\x00h\x93\x01i\x93\x014\n\x00\x008\n\x00\x00\x04\x00\xf3\x01h\x9f\x00\x00\x00\x00\x00\x00\x00\x008\n\x00\x00:\n\x00\x00\x06\x00h\x93\x01i\x93\x01:\n\x00\x00>\n\x00\x00\x04\x00\xf3\x01h\x9f\x00\x00\x00\x00\x00\x00\x00\x00F\n\x00\x00N\n\x00\x00\x02\x001\x9f\x00\x00\x00\x00\x00\x00\x00\x00X\n\x00\x00a\n\x00\x00\x06\x00h\x93\x01i\x93\x01a\n\x00\x00b\n\x00\x00\x04\x00\xf3\x01h\x9fb\n\x00\x00e\n\x00\x00\x06\x00h\x93\x01i\x93\x01e\n\x00\x00f\n\x00\x00\x04\x00\xf3\x01h\x9f\x00\x00\x00\x00\x00\x00\x00\x00f\n\x00\x00h\n\x00\x00\x03\x00\x92 \x02h\n\x00\x00j\n\x00\x00\x03\x00\x92 \x03j\n\x00\x00l\n\x00\x00\x03\x00\x92 \x04l\n\x00\x006\x0b\x00\x00\x03\x00\x92 \x05\x00\x00\x00\x00\x00\x00\x00\x00f\n\x00\x00|\n\x00\x00\x06\x00h\x93\x01i\x93\x01|\n\x00\x00\x86\n\x00\x00\x04\x00\xf3\x01h\x9f\x86\n\x00\x00\x8d\n\x00\x00\x06\x00h\x93\x01i\x93\x01\x8d\n\x00\x00\xb8\n\x00\x00\x06\x00l\x93\x01m\x93\x01\xb8\n\x00\x00*\x0b\x00\x00\x04\x00\xf3\x01h\x9f*\x0b\x00\x000\x0b\x00\x00\x06\x00l\x93\x01m\x93\x010\x0b\x00\x006\x0b\x00\x00\x04\x00\xf3\x01h\x9f\x00\x00\x00\x00\x00\x00\x00\x00z\n\x00\x00\x86\n\x00\x00\x02\x00B\x9f\x00\x00\x00\x00\x00\x00\x00\x00\x88\n\x00\x00\xb8\n\x00\x00\x06\x00l\x93\x01m\x93\x01\xb8\n\x00\x00*\x0b\x00\x00\x04\x00\xf3\x01h\x9f*\x0b\x00\x000\x0b\x00\x00\x06\x00l\x93\x01m\x93\x010\x0b\x00\x006\x0b\x00\x00\x04\x00\xf3\x01h\x9f\x00\x00\x00\x00\x00\x00\x00\x00\x8e\n\x00\x00\x04\x0b\x00\x00\x01\x00h*\x0b\x00\x00.\x0b\x00\x00\x01\x00h0\x0b\x00\x004\x0b\x00\x00\x01\x00h\x00\x00\x00\x00\x00\x00\x00\x00\x8e\n\x00\x00\xb8\n\x00\x00\x06\x00\x8c\x02\x94\x02#\x05\xb8\n\x00\x00\xc4\n\x00\x00\x02\x00\x8e\x05\xc4\n\x00\x00\xd0\n\x00\x00\t\x00\xf3\x01h#\x02\x94\x02#\x05*\x0b\x00\x000\x0b\x00\x00\x06\x00\x8c\x02\x94\x02#\x050\x0b\x00\x006\x0b\x00\x00\x02\x00\x8e\x05\x00\x00\x00\x00\x00\x00\x00\x00\x8e\n\x00\x00\xb8\n\x00\x00\x06\x00\x8c\x02\x94\x02#\x04\xb8\n\x00\x00\xc4\n\x00\x00\x02\x00\x8e\x04\xc4\n\x00\x00\xd0\n\x00\x00\t\x00\xf3\x01h#\x02\x94\x02#\x04*\x0b\x00\x000\x0b\x00\x00\x06\x00\x8c\x02\x94\x02#\x040\x0b\x00\x006\x0b\x00\x00\x02\x00\x8e\x04\x00\x00\x00\x00\x00\x00\x00\x00\x8e\n\x00\x00 \x0b\x00\x00\x03\x00\x08\xff\x9f*\x0b\x00\x006\x0b\x00\x00\x03\x00\x08\xff\x9f\x00\x00\x00\x00\x00\x00\x00\x00\x8e\n\x00\x00\xae\n\x00\x00\x02\x003\x9f*\x0b\x00\x000\x0b\x00\x00\x02\x003\x9f\x00\x00\x00\x00\x00\x00\x00\x00\xae\n\x00\x00\xb8\n\x00\x00\x06\x00\x8c\x02\x94\x02#\x05\xb8\n\x00\x00\xc4\n\x00\x00\x02\x00\x8e\x05\xc4\n\x00\x00\xd0\n\x00\x00\t\x00\xf3\x01h#\x02\x94\x02#\x050\x0b\x00\x006\x0b\x00\x00\x02\x00\x8e\x05\x00\x00\x00\x00\x00\x00\x00\x00\xae\n\x00\x00\xb8\n\x00\x00\x06\x00\x8c\x02\x94\x02#\x04\xb8\n\x00\x00\xc4\n\x00\x00\x02\x00\x8e\x04\xc4\n\x00\x00\xd0\n\x00\x00\t\x00\xf3\x01h#\x02\x94\x02#\x040\x0b\x00\x006\x0b\x00\x00\x02\x00\x8e\x04\x00\x00\x00\x00\x00\x00\x00\x00\xae\n\x00\x00\x04\x0b\x00\x00\x01\x00h0\x0b\x00\x004\x0b\x00\x00\x01\x00h\x00\x00\x00\x00\x00\x00\x00\x00\xd0\n\x00\x00\xd6\n\x00\x00\x01\x00c\xd6\n\x00\x00\xe0\n\x00\x00\x01\x00i\xe0\n\x00\x00\xf2\n\x00\x00\x01\x00f\xf2\n\x00\x00\xf4\n\x00\x00\x01\x00i\xf4\n\x00\x00 \x0b\x00\x00\x01\x00f\x00\x00\x00\x00\x00\x00\x00\x006\x0b\x00\x008\x0b\x00\x00\x03\x00\x92 \x028\x0b\x00\x00:\x0b\x00\x00\x03\x00\x92 \x03:\x0b\x00\x00\xfc\x0b\x00\x00\x03\x00\x92 \x04\x00\x00\x00\x00\x00\x00\x00\x006\x0b\x00\x00J\x0b\x00\x00\x06\x00h\x93\x01i\x93\x01J\x0b\x00\x00R\x0b\x00\x00\x04\x00\xf3\x01h\x9fR\x0b\x00\x00Y\x0b\x00\x00\x06\x00h\x93\x01i\x93\x01Y\x0b\x00\x00\xa0\x0b\x00\x00\x06\x00l\x93\x01m\x93\x01\xa0\x0b\x00\x00\xf0\x0b\x00\x00\x04\x00\xf3\x01h\x9f\xf0\x0b\x00\x00\xfc\x0b\x00\x00\x06\x00l\x93\x01m\x93\x01\x00\x00\x00\x00\x00\x00\x00\x00H\x0b\x00\x00R\x0b\x00\x00\x02\x00B\x9f\x00\x00\x00\x00\x00\x00\x00\x00T\x0b\x00\x00\xa0\x0b\x00\x00\x06\x00l\x93\x01m\x93\x01\xa0\x0b\x00\x00\xf0\x0b\x00\x00\x04\x00\xf3\x01h\x9f\xf0\x0b\x00\x00\xfc\x0b\x00\x00\x06\x00l\x93\x01m\x93\x01\x00\x00\x00\x00\x00\x00\x00\x00Z\x0b\x00\x00\xcc\x0b\x00\x00\x01\x00h\xf0\x0b\x00\x00\xf4\x0b\x00\x00\x01\x00h\xf6\x0b\x00\x00\xfa\x0b\x00\x00\x01\x00h\x00\x00\x00\x00\x00\x00\x00\x00Z\x0b\x00\x00\x9a\x0b\x00\x00\x06\x00\x8c\x02\x94\x02#\x04\xf0\x0b\x00\x00\xf6\x0b\x00\x00\x06\x00\x8c\x02\x94\x02#\x04\xf6\x0b\x00\x00\xfc\x0b\x00\x00\x02\x00\x8e\x04\x00\x00\x00\x00\x00\x00\x00\x00Z\x0b\x00\x00\xe8\x0b\x00\x00\x03\x00\x08\xff\x9f\xf0\x0b\x00\x00\xfc\x0b\x00\x00\x03\x00\x08\xff\x9f\x00\x00\x00\x00\x00\x00\x00\x00Z\x0b\x00\x00z\x0b\x00\x00\x02\x002\x9f\xf0\x0b\x00\x00\xf6\x0b\x00\x00\x02\x002\x9f\x00\x00\x00\x00\x00\x00\x00\x00z\x0b\x00\x00\x9a\x0b\x00\x00\x06\x00\x8c\x02\x94\x02#\x04\xf6\x0b\x00\x00\xfc\x0b\x00\x00\x02\x00\x8e\x04\x00\x00\x00\x00\x00\x00\x00\x00z\x0b\x00\x00\xcc\x0b\x00\x00\x01\x00h\xf6\x0b\x00\x00\xfa\x0b\x00\x00\x01\x00h\x00\x00\x00\x00\x00\x00\x00\x00\x9a\x0b\x00\x00\xa0\x0b\x00\x00\x01\x00b\xa0\x0b\x00\x00\xc0\x0b\x00\x00\x01\x00c\xc0\x0b\x00\x00\xe8\x0b\x00\x00\x01\x00f\x00\x00\x00\x00\x00\x00\x00\x00\xfc\x0b\x00\x00\x0c\x0c\x00\x00\x06\x00h\x93\x01i\x93\x01\x0c\x0c\x00\x00\x10\x0c\x00\x00\x04\x00\xf3\x01h\x9f\x10\x0c\x00\x00\x15\x0c\x00\x00\x06\x00h\x93\x01i\x93\x01\x15\x0c\x00\x00\x9a\x0c\x00\x00\x04\x00\xf3\x01h\x9f\x00\x00\x00\x00\x00\x00\x00\x00\n\x0c\x00\x00\x10\x0c\x00\x00\x02\x00B\x9f\x00\x00\x00\x00\x00\x00\x00\x00\x10\x0c\x00\x00\x15\x0c\x00\x00\x06\x00h\x93\x01i\x93\x01\x15\x0c\x00\x00\x9a\x0c\x00\x00\x04\x00\xf3\x01h\x9f\x00\x00\x00\x00\x00\x00\x00\x00\x16\x0c\x00\x00\x8a\x0c\x00\x00\x01\x00h\x8e\x0c\x00\x00\x92\x0c\x00\x00\x01\x00h\x94\x0c\x00\x00\x98\x0c\x00\x00\x01\x00h\x00\x00\x00\x00\x00\x00\x00\x00\x16\x0c\x00\x00\x8a\x0c\x00\x00\x03\x00\x08\xff\x9f\x8e\x0c\x00\x00\x9a\x0c\x00\x00\x03\x00\x08\xff\x9f\x00\x00\x00\x00\x00\x00\x00\x00\x16\x0c\x00\x000\x0c\x00\x00\x02\x001\x9f\x8e\x0c\x00\x00\x94\x0c\x00\x00\x02\x001\x9f\x00\x00\x00\x00\x00\x00\x00\x000\x0c\x00\x00\x8a\x0c\x00\x00\x01\x00h\x94\x0c\x00\x00\x98\x0c\x00\x00\x01\x00h\x00\x00\x00\x00\x00\x00\x00\x00P\x0c\x00\x00V\x0c\x00\x00\x01\x00iV\x0c\x00\x00z\x0c\x00\x00\x01\x00bz\x0c\x00\x00\x8a\x0c\x00\x00\x01\x00d\x00\x00\x00\x00\x00\x00\x00\x00\x9a\x0c\x00\x00\xa2\x0c\x00\x00\x06\x00h\x93\x01i\x93\x01\xa2\x0c\x00\x00\xb4\x0c\x00\x00\x04\x00\xf3\x01h\x9f\x00\x00\x00\x00\x00\x00\x00\x00\xa6\x0c\x00\x00\xac\x0c\x00\x00\x02\x00B\x9f\x00\x00\x00\x00\x00\x00\x00\x00\xb4\x0c\x00\x00\xbc\x0c\x00\x00\x06\x00h\x93\x01i\x93\x01\xbc\x0c\x00\x00\xca\x0c\x00\x00\x04\x00\xf3\x01h\x9f\x00\x00\x00\x00\x00\x00\x00\x00\xc0\x0c\x00\x00\xc6\x0c\x00\x00\x03\x00\x08)\x9f\x00\x00\x00\x00\x00\x00\x00\x00\xce\x0c\x00\x00\xd6\x0c\x00\x00\x06\x00h\x93\x01i\x93\x01\xd6\x0c\x00\x00\xf0\x0c\x00\x00\x04\x00\xf3\x01h\x9f\x00\x00\x00\x00\x00\x00\x00\x00\xda\x0c\x00\x00\xe0\x0c\x00\x00\x03\x00\x08)\x9f\x00\x00\x00\x00\x00\x00\x00\x00\xe0\x0c\x00\x00\xec\x0c\x00\x00\x02\x001\x9f\x00\x00\x00\x00\x00\x00\x00\x00\xf0\x0c\x00\x00\x00\r\x00\x00\x06\x00h\x93\x01i\x93\x01\x00\r\x00\x00\x04\r\x00\x00\x04\x00\xf3\x01h\x9f\x04\r\x00\x00\x1e\r\x00\x00\x06\x00h\x93\x01i\x93\x01\x1e\r\x00\x009\r\x00\x00\x06\x00j\x93\x01k\x93\x019\r\x00\x00:\r\x00\x00\x04\x00\xf3\x01h\x9f\x00\x00\x00\x00\x00\x00\x00\x00\xf0\x0c\x00\x00\x04\r\x00\x00\x08\x000\x9f\x93\x010\x9f\x93\x04\x04\r\x00\x00\x1e\r\x00\x00\x11\x000\x9f\x93\x01\x88\x02\x94\x02@$@&#\x02\x9f\x93\x04\x1e\r\x00\x009\r\x00\x00\x11\x000\x9f\x93\x01\x8a\x02\x94\x02@$@&#\x02\x9f\x93\x049\r\x00\x00:\r\x00\x00\x06\x000\x9f\x93\x01\x93\x04\x00\x00\x00\x00\x00\x00\x00\x00\xfe\x0c\x00\x00\x04\r\x00\x00\x03\x00\x08)\x9f\x00\x00\x00\x00\x00\x00\x00\x00:\r\x00\x00B\r\x00\x00\x06\x00h\x93\x01i\x93\x01B\r\x00\x00P\r\x00\x00\x04\x00\xf3\x01h\x9f\x00\x00\x00\x00\x00\x00\x00\x00F\r\x00\x00L\r\x00\x00\x02\x00B\x9f\x00\x00\x00\x00\x00\x00\x00\x00T\r\x00\x00^\r\x00\x00\x06\x00h\x93\x01i\x93\x01^\r\x00\x00q\r\x00\x00\x06\x00j\x93\x01k\x93\x01q\r\x00\x00r\r\x00\x00\x04\x00\xf3\x01h\x9fr\r\x00\x00\x98\r\x00\x00\x06\x00j\x93\x01k\x93\x01\x98\r\x00\x00\xa4\r\x00\x00\x04\x00\xf3\x01h\x9f\xa4\r\x00\x00\xab\r\x00\x00\x06\x00j\x93\x01k\x93\x01\xab\r\x00\x00\xb2\r\x00\x00\x04\x00\xf3\x01h\x9f\xb2\r\x00\x00\xb9\r\x00\x00\x06\x00j\x93\x01k\x93\x01\xb9\r\x00\x00\xbc\r\x00\x00\x04\x00\xf3\x01h\x9f\xbc\r\x00\x00\xc0\r\x00\x00\x06\x00j\x93\x01k\x93\x01\x00\x00\x00\x00\x00\x00\x00\x00T\r\x00\x00^\r\x00\x00\x02\x001\x9f\x00\x00\x00\x00\x00\x00\x00\x00T\r\x00\x00^\r\x00\x00\x06\x00h\x93\x01i\x93\x01\x00\x00\x00\x00\x00\x00\x00\x00l\r\x00\x00n\r\x00\x00\x02\x00B\x9f\x00\x00\x00\x00\x00\x00\x00\x00\x80\r\x00\x00\x94\r\x00\x00\x01\x00i\x00\x00\x00\x00\x00\x00\x00\x00\x94\r\x00\x00\x98\r\x00\x00\x02\x004\x9f\x00\x00\x00\x00\x00\x00\x00\x00\xac\r\x00\x00\xb2\r\x00\x00\x02\x003\x9f\x00\x00\x00\x00\x00\x00\x00\x00\xc0\r\x00\x00\xc2\r\x00\x00\x03\x00\x92 \x02\xc2\r\x00\x00\xc4\r\x00\x00\x03\x00\x92 \x03\xc4\r\x00\x00\xc6\r\x00\x00\x03\x00\x92 \x04\xc6\r\x00\x00f\x0e\x00\x00\x03\x00\x92 \x05\x00\x00\x00\x00\x00\x00\x00\x00\xc0\r\x00\x00\xcd\r\x00\x00\x06\x00h\x93\x01i\x93\x01\xcd\r\x00\x00\xec\r\x00\x00\x06\x00l\x93\x01m\x93\x01\xec\r\x00\x00\xf2\r\x00\x00\x04\x00\xf3\x01h\x9f\xf2\r\x00\x00P\x0e\x00\x00\x06\x00l\x93\x01m\x93\x01P\x0e\x00\x00V\x0e\x00\x00\x04\x00\xf3\x01h\x9fV\x0e\x00\x00f\x0e\x00\x00\x06\x00l\x93\x01m\x93\x01\x00\x00\x00\x00\x00\x00\x00\x00\xc8\r\x00\x00$\x0e\x00\x00\x02\x000\x9f\x00\x00\x00\x00\x00\x00\x00\x00\xd0\r\x00\x00\xee\r\x00\x00\x01\x00a\xf2\r\x00\x00R\x0e\x00\x00\x01\x00aR\x0e\x00\x00U\x0e\x00\x00\x02\x00\x8e\x00V\x0e\x00\x00f\x0e\x00\x00\x01\x00a\x00\x00\x00\x00\x00\x00\x00\x00\xda\r\x00\x00\xe2\r\x00\x00\x06\x00h\x93\x01i\x93\x01\xe2\r\x00\x00\xf1\r\x00\x00\x06\x00n\x93\x01o\x93\x01\xf2\r\x00\x00(\x0e\x00\x00\x06\x00n\x93\x01o\x93\x01(\x0e\x00\x00U\x0e\x00\x00\t\x00\x8e\x00\x03T\x07\x80\x00\x1c\x9fV\x0e\x00\x00f\x0e\x00\x00\t\x00\x8e\x00\x03T\x07\x80\x00\x1c\x9f\x00\x00\x00\x00\x00\x00\x00\x00\xe6\r\x00\x00\xe8\r\x00\x00\x02\x00A\x9f\x00\x00\x00\x00\x00\x00\x00\x00\xfe\r\x00\x00\x02\x0e\x00\x00\x02\x00B\x9f\x00\x00\x00\x00\x00\x00\x00\x00$\x0e\x00\x00(\x0e\x00\x00\x06\x00n\x93\x01o\x93\x01(\x0e\x00\x00*\x0e\x00\x00\t\x00\x8e\x00\x03T\x07\x80\x00\x1c\x9f\x00\x00\x00\x00\x00\x00\x00\x00$\x0e\x00\x00*\x0e\x00\x00\x01\x00a\x00\x00\x00\x00\x00\x00\x00\x00.\x0e\x00\x004\x0e\x00\x00\x02\x00@\x9fV\x0e\x00\x00Z\x0e\x00\x00\x02\x00@\x9f\x00\x00\x00\x00\x00\x00\x00\x00.\x0e\x00\x004\x0e\x00\x00\x01\x00hV\x0e\x00\x00Z\x0e\x00\x00\x01\x00h\x00\x00\x00\x00\x00\x00\x00\x004\x0e\x00\x00<\x0e\x00\x00\x03\x00\x08 \x9fZ\x0e\x00\x00^\x0e\x00\x00\x03\x00\x08 \x9f\x00\x00\x00\x00\x00\x00\x00\x004\x0e\x00\x00:\x0e\x00\x00\x06\x00\x88\x00\t\xfc\x1a\x9f:\x0e\x00\x00<\x0e\x00\x00\x01\x00hZ\x0e\x00\x00\\\x0e\x00\x00\x06\x00\x88\x00\t\xfc\x1a\x9f\\\x0e\x00\x00^\x0e\x00\x00\x01\x00h\x00\x00\x00\x00\x00\x00\x00\x00<\x0e\x00\x00B\x0e\x00\x00\x03\x00\x08@\x9f^\x0e\x00\x00b\x0e\x00\x00\x03\x00\x08@\x9f\x00\x00\x00\x00\x00\x00\x00\x00<\x0e\x00\x00B\x0e\x00\x00\x01\x00h^\x0e\x00\x00b\x0e\x00\x00\x01\x00h\x00\x00\x00\x00\x00\x00\x00\x00B\x0e\x00\x00H\x0e\x00\x00\x03\x00\t\x80\x9fb\x0e\x00\x00f\x0e\x00\x00\x03\x00\t\x80\x9f\x00\x00\x00\x00\x00\x00\x00\x00B\x0e\x00\x00H\x0e\x00\x00\x01\x00hb\x0e\x00\x00f\x0e\x00\x00\x01\x00h\x00\x00\x00\x00\x00\x00\x00\x00f\x0e\x00\x00h\x0e\x00\x00\x03\x00\x92 \x02h\x0e\x00\x00j\x0e\x00\x00\x03\x00\x92 \x03j\x0e\x00\x00l\x0e\x00\x00\x03\x00\x92 \x04l\x0e\x00\x00n\x0e\x00\x00\x03\x00\x92 \x05n\x0e\x00\x00"\x0f\x00\x00\x03\x00\x92 \x06\x00\x00\x00\x00\x00\x00\x00\x00f\x0e\x00\x00s\x0e\x00\x00\x06\x00h\x93\x01i\x93\x01s\x0e\x00\x00\x88\x0e\x00\x00\x06\x00l\x93\x01m\x93\x01\x88\x0e\x00\x00\x90\x0e\x00\x00\x04\x00\xf3\x01h\x9f\x90\x0e\x00\x00\xac\x0e\x00\x00\x06\x00l\x93\x01m\x93\x01\xac\x0e\x00\x00"\x0f\x00\x00\x04\x00\xf3\x01h\x9f\x00\x00\x00\x00\x00\x00\x00\x00t\x0e\x00\x00\x8f\x0e\x00\x00\x0c\x00f\x93\x01g\x93\x01h\x93\x01i\x93\x01\x90\x0e\x00\x00!\x0f\x00\x00\x0c\x00f\x93\x01g\x93\x01h\x93\x01i\x93\x01\x00\x00\x00\x00\x00\x00\x00\x00\x82\x0e\x00\x00\x84\x0e\x00\x00\x02\x00A\x9f\x00\x00\x00\x00\x00\x00\x00\x00\x9e\x0e\x00\x00\xa2\x0e\x00\x00\x02\x00B\x9f\x00\x00\x00\x00\x00\x00\x00\x00\xa8\x0e\x00\x00\x16\x0f\x00\x00\x0c\x00f\x93\x01g\x93\x01h\x93\x01i\x93\x01\x00\x00\x00\x00\x00\x00\x00\x00\xa8\x0e\x00\x00\xec\x0e\x00\x00\x02\x000\x9f\x00\x00\x00\x00\x00\x00\x00\x00\xb0\x0e\x00\x00\xec\x0e\x00\x00\x01\x00l\x00\x00\x00\x00\x00\x00\x00\x00\xb0\x0e\x00\x00\xde\x0e\x00\x00\x01\x00n\xde\x0e\x00\x00\xec\x0e\x00\x00\x05\x00\x03]\x07\x80\x00\x00\x00\x00\x00\x00\x00\x00\x00\xb0\x0e\x00\x00\xec\x0e\x00\x00\x05\x00\x03\\\x07\x80\x00\x00\x00\x00\x00\x00\x00\x00\x00\xb0\x0e\x00\x00\xdc\x0e\x00\x00\x02\x000\x9f\x00\x00\x00\x00\x00\x00\x00\x00\xb0\x0e\x00\x00\xdc\x0e\x00\x00\x02\x000\x9f\xdc\x0e\x00\x00\xde\x0e\x00\x00\x16\x00\x8e\x00\x85\x00"\x08\xff\x1a9\x1e\x03\xa1\x06\x80\x00"\x94\x01\x8c\x00"\x9f\xde\x0e\x00\x00\xec\x0e\x00\x00\x1b\x00\x03]\x07\x80\x00\x94\x01\x85\x00"\x08\xff\x1a9\x1e\x03\xa1\x06\x80\x00"\x94\x01\x8c\x00"\x9f\x00\x00\x00\x00\x00\x00\x00\x00\xb0\x0e\x00\x00\xdc\x0e\x00\x00\x01\x00n\x00\x00\x00\x00\x00\x00\x00\x00\xb0\x0e\x00\x00\xdc\x0e\x00\x00\x05\x00\x03\\\x07\x80\x00\x00\x00\x00\x00\x00\x00\x00\x00\xb4\x0e\x00\x00!\x0f\x00\x00\x13\x00\x03\\\x07\x80\x00\x94\x01\x08\xff\x1a9\x1e\x03\xa0\x06\x80\x00"\x9f\x00\x00\x00\x00\x00\x00\x00\x00"\x0f\x00\x00$\x0f\x00\x00\x03\x00\x92 \x02$\x0f\x00\x00&\x0f\x00\x00\x03\x00\x92 \x03&\x0f\x00\x00\xce\x0f\x00\x00\x03\x00\x92 \x04\x00\x00\x00\x00\x00\x00\x00\x00"\x0f\x00\x006\x0f\x00\x00\x06\x00h\x93\x01i\x93\x016\x0f\x00\x00>\x0f\x00\x00\x04\x00\xf3\x01h\x9f>\x0f\x00\x00N\x0f\x00\x00\x06\x00h\x93\x01i\x93\x01N\x0f\x00\x00P\x0f\x00\x00\x04\x00\xf3\x01h\x9fP\x0f\x00\x00W\x0f\x00\x00\x06\x00h\x93\x01i\x93\x01W\x0f\x00\x00\xc6\x0f\x00\x00\x06\x00l\x93\x01m\x93\x01\xc6\x0f\x00\x00\xca\x0f\x00\x00\x04\x00\xf3\x01h\x9f\xca\x0f\x00\x00\xce\x0f\x00\x00\x06\x00l\x93\x01m\x93\x01\x00\x00\x00\x00\x00\x00\x00\x004\x0f\x00\x006\x0f\x00\x00\x02\x00A\x9f\x00\x00\x00\x00\x00\x00\x00\x00R\x0f\x00\x00\xc6\x0f\x00\x00\x06\x00l\x93\x01m\x93\x01\xc6\x0f\x00\x00\xca\x0f\x00\x00\x04\x00\xf3\x01h\x9f\xca\x0f\x00\x00\xce\x0f\x00\x00\x06\x00l\x93\x01m\x93\x01\x00\x00\x00\x00\x00\x00\x00\x00Z\x0f\x00\x00\xc9\x0f\x00\x00\x01\x00d\xca\x0f\x00\x00\xce\x0f\x00\x00\x01\x00d\x00\x00\x00\x00\x00\x00\x00\x00Z\x0f\x00\x00\x94\x0f\x00\x00\x06\x00\x8c\x02\x94\x02#\x05\x00\x00\x00\x00\x00\x00\x00\x00Z\x0f\x00\x00\x94\x0f\x00\x00\x06\x00\x8c\x02\x94\x02#\x04\x00\x00\x00\x00\x00\x00\x00\x00Z\x0f\x00\x00\xb6\x0f\x00\x00\x01\x00d\xca\x0f\x00\x00\xce\x0f\x00\x00\x01\x00d\x00\x00\x00\x00\x00\x00\x00\x00Z\x0f\x00\x00\xa0\x0f\x00\x00\x02\x000\x9f\x00\x00\x00\x00\x00\x00\x00\x00Z\x0f\x00\x00\xb6\x0f\x00\x00\x02\x001\x9f\xca\x0f\x00\x00\xce\x0f\x00\x00\x02\x001\x9f\x00\x00\x00\x00\x00\x00\x00\x00t\x0f\x00\x00\xa0\x0f\x00\x00\x01\x00d\x00\x00\x00\x00\x00\x00\x00\x00t\x0f\x00\x00\xc9\x0f\x00\x00\x0b\x00\x86\x009\x1e\x03\xa0\x06\x80\x00"\x9f\x00\x00\x00\x00\x00\x00\x00\x00\xa4\x0f\x00\x00\xc9\x0f\x00\x00\x01\x00d\x00\x00\x00\x00\x00\x00\x00\x00\xb6\x0f\x00\x00\xc2\x0f\x00\x00\x01\x00d\x00\x00\x00\x00\x00\x00\x00\x00L\x0f\x00\x00P\x0f\x00\x00\x02\x00B\x9f\x00\x00\x00\x00\x00\x00\x00\x00\xce\x0f\x00\x00\xd0\x0f\x00\x00\x03\x00\x92 \x02\xd0\x0f\x00\x00\xd2\x0f\x00\x00\x03\x00\x92 \x03\xd2\x0f\x00\x00\xd4\x0f\x00\x00\x03\x00\x92 \x04\xd4\x0f\x00\x00\xd6\x0f\x00\x00\x03\x00\x92 \x05\xd6\x0f\x00\x00V\x10\x00\x00\x03\x00\x92 \x06\x00\x00\x00\x00\x00\x00\x00\x00\xce\x0f\x00\x00\xdd\x0f\x00\x00\x06\x00h\x93\x01i\x93\x01\xdd\x0f\x00\x00R\x10\x00\x00\x06\x00`\x93\x01a\x93\x01R\x10\x00\x00V\x10\x00\x00\x04\x00\xf3\x01h\x9f\x00\x00\x00\x00\x00\x00\x00\x00\xe0\x0f\x00\x00\xe4\x0f\x00\x00\x06\x00h\x93\x01i\x93\x01\xe4\x0f\x00\x00N\x10\x00\x00\x06\x00l\x93\x01m\x93\x01\x00\x00\x00\x00\x00\x00\x00\x00\xe8\x0f\x00\x00&\x10\x00\x00\x06\x00h\x93\x01i\x93\x01\x00\x00\x00\x00\x00\x00\x00\x00\xe8\x0f\x00\x00\xf0\x0f\x00\x00\x02\x000\x9f\xf0\x0f\x00\x00U\x10\x00\x00\x06\x00n\x93\x01o\x93\x01\x00\x00\x00\x00\x00\x00\x00\x00V\x10\x00\x00X\x10\x00\x00\x03\x00\x92 \x02X\x10\x00\x00Z\x10\x00\x00\x03\x00\x92 \x03Z\x10\x00\x00~\x10\x00\x00\x03\x00\x92 \x04\x00\x00\x00\x00\x00\x00\x00\x00V\x10\x00\x00m\x10\x00\x00\x06\x00h\x93\x01i\x93\x01m\x10\x00\x00~\x10\x00\x00\x04\x00\xf3\x01h\x9f\x00\x00\x00\x00\x00\x00\x00\x00Z\x10\x00\x00d\x10\x00\x00\x02\x003\x9f\x00\x00\x00\x00\x00\x00\x00\x00Z\x10\x00\x00d\x10\x00\x00\x06\x00h\x93\x01i\x93\x01\x00\x00\x00\x00\x00\x00\x00\x00~\x10\x00\x00\x80\x10\x00\x00\x03\x00\x92 \x02\x80\x10\x00\x00\x82\x10\x00\x00\x03\x00\x92 \x03\x82\x10\x00\x00\x84\x10\x00\x00\x03\x00\x92 \x04\x84\x10\x00\x00\x86\x10\x00\x00\x03\x00\x92 \x05\x86\x10\x00\x00\x88\x10\x00\x00\x03\x00\x92 \x06\x88\x10\x00\x00\x8c\x10\x00\x00\x03\x00\x92 \x07\x8c\x10\x00\x00\x1c\x11\x00\x00\x02\x00\x8c\x07\x00\x00\x00\x00\x00\x00\x00\x00~\x10\x00\x00\x9d\x10\x00\x00\x06\x00h\x93\x01i\x93\x01\x9d\x10\x00\x00\x1c\x11\x00\x00\x04\x00\xf3\x01h\x9f\x00\x00\x00\x00\x00\x00\x00\x00\x8c\x10\x00\x00\xae\x10\x00\x00\x02\x000\x9f\xbe\x10\x00\x00\xcc\x10\x00\x00\x02\x000\x9f\x00\x00\x00\x00\x00\x00\x00\x00\xa0\x10\x00\x00\xba\x10\x00\x00\x01\x00a\xbe\x10\x00\x00\x1c\x11\x00\x00\x01\x00a\x00\x00\x00\x00\x00\x00\x00\x00\x8c\x10\x00\x00\x96\x10\x00\x00\x02\x001\x9f\x00\x00\x00\x00\x00\x00\x00\x00\x8c\x10\x00\x00\x96\x10\x00\x00\x06\x00h\x93\x01i\x93\x01\x00\x00\x00\x00\x00\x00\x00\x00\xac\x10\x00\x00\xae\x10\x00\x00\x02\x00B\x9f\x00\x00\x00\x00\x00\x00\x00\x00\xec\x10\x00\x00\x16\x11\x00\x00\x02\x008\x9f\x00\x00\x00\x00\x00\x00\x00\x00\xec\x10\x00\x00\x16\x11\x00\x00\x03\x00\t\xff\x9f\x00\x00\x00\x00\x00\x00\x00\x00\xec\x10\x00\x00\x16\x11\x00\x00\x02\x000\x9f\x00\x00\x00\x00\x00\x00\x00\x00\xec\x10\x00\x00\x10\x11\x00\x00\x01\x00h\x10\x11\x00\x00\x15\x11\x00\x00\x02\x00\x8c\x01\x00\x00\x00\x00\x00\x00\x00\x00\xf4\x10\x00\x00\x00\x11\x00\x00\x02\x008\x9f\x00\x00\x00\x00\x00\x00\x00\x00\x1c\x11\x00\x00&\x11\x00\x00\x06\x00h\x93\x01i\x93\x01&\x11\x00\x00/\x11\x00\x00\x06\x00j\x93\x01k\x93\x01/\x11\x00\x000\x11\x00\x00\x04\x00\xf3\x01h\x9f0\x11\x00\x00i\x11\x00\x00\x06\x00j\x93\x01k\x93\x01i\x11\x00\x00j\x11\x00\x00\x04\x00\xf3\x01h\x9f\x00\x00\x00\x00\x00\x00\x00\x00\x1c\x11\x00\x00$\x11\x00\x00\x02\x001\x9f\x00\x00\x00\x00\x00\x00\x00\x00\x1c\x11\x00\x00$\x11\x00\x00\x06\x00h\x93\x01i\x93\x01\x00\x00\x00\x00\x00\x00\x00\x00$\x11\x00\x00&\x11\x00\x00\x02\x002\x9f\x00\x00\x00\x00\x00\x00\x00\x00$\x11\x00\x00&\x11\x00\x00\x06\x00h\x93\x01i\x93\x01\x00\x00\x00\x00\x00\x00\x00\x00*\x11\x00\x00,\x11\x00\x00\x03\x00\x08(\x9f\x00\x00\x00\x00\x00\x00\x00\x006\x11\x00\x00:\x11\x00\x00\x03\x00\x08\'\x9f\x00\x00\x00\x00\x00\x00\x00\x00<\x11\x00\x00^\x11\x00\x00\x03\x00\x88\x01\x9f^\x11\x00\x00i\x11\x00\x00\x01\x00i\x00\x00\x00\x00\x00\x00\x00\x00<\x11\x00\x00d\x11\x00\x00\x01\x00hd\x11\x00\x00i\x11\x00\x00\x02\x00\x8e\x05\x00\x00\x00\x00\x00\x00\x00\x00D\x11\x00\x00P\x11\x00\x00\x02\x008\x9f\x00\x00\x00\x00\x00\x00\x00\x00j\x11\x00\x00z\x11\x00\x00\x06\x00h\x93\x01i\x93\x01z\x11\x00\x00\x8e\x11\x00\x00\x04\x00\xf3\x01h\x9f\x00\x00\x00\x00\x00\x00\x00\x00v\x11\x00\x00~\x11\x00\x00\x02\x003\x9f\x00\x00\x00\x00\x00\x00\x00\x00\x8e\x11\x00\x00\x96\x11\x00\x00\x06\x00h\x93\x01i\x93\x01\x96\x11\x00\x00\xd6\x11\x00\x00\x04\x00\xf3\x01h\x9f\x00\x00\x00\x00\x00\x00\x00\x00\x9a\x11\x00\x00\xa0\x11\x00\x00\x02\x00A\x9f\x00\x00\x00\x00\x00\x00\x00\x00\xa0\x11\x00\x00\xac\x11\x00\x00\x02\x002\x9f\x00\x00\x00\x00\x00\x00\x00\x00\xb4\x11\x00\x00\xc0\x11\x00\x00\x02\x007\x9f\x00\x00\x00\x00\x00\x00\x00\x00\xd6\x11\x00\x00\xdb\x11\x00\x00\x06\x00h\x93\x01i\x93\x01\xdb\x11\x00\x00f\x12\x00\x00\x04\x00\xf3\x01h\x9f\x00\x00\x00\x00\x00\x00\x00\x00\xde\x11\x00\x00\xe7\x11\x00\x00\x06\x00b\x93\x01c\x93\x01\xe8\x11\x00\x00:\x12\x00\x00\x06\x00b\x93\x01c\x93\x01\x00\x00\x00\x00\x00\x00\x00\x00\xde\x11\x00\x00\n\x12\x00\x00\x02\x000\x9f\n\x12\x00\x00Z\x12\x00\x00\x01\x00iZ\x12\x00\x00e\x12\x00\x00\x02\x00\x8e\x07\x00\x00\x00\x00\x00\x00\x00\x00\xde\x11\x00\x00\xe8\x11\x00\x00\x02\x000\x9f\x00\x00\x00\x00\x00\x00\x00\x00\xe2\x11\x00\x00\xe8\x11\x00\x00\x03\x00\x08"\x9f\x00\x00\x00\x00\x00\x00\x00\x00\n\x12\x00\x00\x16\x12\x00\x00\r\x000\x9f\x93\x01\x84\x00@$@&\x9f\x93\x04\x16\x12\x00\x00&\x12\x00\x00\x10\x000\x9f\x93\x01d\x93\x01e\x93\x01f\x93\x01g\x93\x01\x00\x00\x00\x00\x00\x00\x00\x00<\x12\x00\x00e\x12\x00\x00\x01\x00c\x00\x00\x00\x00\x00\x00\x00\x00<\x12\x00\x00e\x12\x00\x00\x01\x00b\x00\x00\x00\x00\x00\x00\x00\x00<\x12\x00\x00Z\x12\x00\x00\x01\x00iZ\x12\x00\x00e\x12\x00\x00\x02\x00\x8e\x07\x00\x00\x00\x00\x00\x00\x00\x00<\x12\x00\x00`\x12\x00\x00\x01\x00h`\x12\x00\x00e\x12\x00\x00\x02\x00\x8e\x05\x00\x00\x00\x00\x00\x00\x00\x00D\x12\x00\x00P\x12\x00\x00\x02\x007\x9f\x00\x00\x00\x00\x00\x00\x00\x00f\x12\x00\x00n\x12\x00\x00\x06\x00h\x93\x01i\x93\x01n\x12\x00\x00\xa8\x12\x00\x00\x04\x00\xf3\x01h\x9f\x00\x00\x00\x00\x00\x00\x00\x00r\x12\x00\x00x\x12\x00\x00\x02\x00B\x9f\x00\x00\x00\x00\x00\x00\x00\x00\x80\x12\x00\x00\x8c\x12\x00\x00\x02\x008\x9f\x00\x00\x00\x00\x00\x00\x00\x00\xa8\x12\x00\x00\xaa\x12\x00\x00\x03\x00\x92 \x02\xaa\x12\x00\x00\xac\x12\x00\x00\x03\x00\x92 \x03\xac\x12\x00\x00\xfa\x12\x00\x00\x03\x00\x92 \x04\x00\x00\x00\x00\x00\x00\x00\x00\xa8\x12\x00\x00\xb4\x12\x00\x00\x06\x00h\x93\x01i\x93\x01\xb4\x12\x00\x00\xfa\x12\x00\x00\x04\x00\xf3\x01h\x9f\x00\x00\x00\x00\x00\x00\x00\x00\xb8\x12\x00\x00\xc2\x12\x00\x00\x02\x00B\x9f\x00\x00\x00\x00\x00\x00\x00\x00\xcc\x12\x00\x00\xf6\x12\x00\x00\x01\x00a\x00\x00\x00\x00\x00\x00\x00\x00\xcc\x12\x00\x00\xf6\x12\x00\x00\x01\x00`\xf6\x12\x00\x00\xf9\x12\x00\x00\x01\x00h\x00\x00\x00\x00\x00\x00\x00\x00\xcc\x12\x00\x00\xf9\x12\x00\x00\x01\x00g\x00\x00\x00\x00\x00\x00\x00\x00\xcc\x12\x00\x00\xf9\x12\x00\x00\x01\x00f\x00\x00\x00\x00\x00\x00\x00\x00\xd4\x12\x00\x00\xe0\x12\x00\x00\x02\x008\x9f\x00\x00\x00\x00\x00\x00\x00\x00\xfa\x12\x00\x00\x02\x13\x00\x00\x06\x00h\x93\x01i\x93\x01\x02\x13\x00\x00>\x13\x00\x00\x04\x00\xf3\x01h\x9f\x00\x00\x00\x00\x00\x00\x00\x00\x06\x13\x00\x00\x0c\x13\x00\x00\x02\x00B\x9f\x00\x00\x00\x00\x00\x00\x00\x00\x10\x13\x00\x004\x13\x00\x00\x01\x00h4\x13\x00\x00=\x13\x00\x00\x05\x00\x03&\x05\x80\x00\x00\x00\x00\x00\x00\x00\x00\x00\x18\x13\x00\x00$\x13\x00\x00\x02\x008\x9f\x00\x00\x00\x00\x00\x00\x00\x00>\x13\x00\x00`\x13\x00\x00\x06\x00h\x93\x01i\x93\x01`\x13\x00\x00j\x13\x00\x00\x04\x00\xf3\x01h\x9f\x00\x00\x00\x00\x00\x00\x00\x00>\x13\x00\x00i\x13\x00\x00\x01\x00i\x00\x00\x00\x00\x00\x00\x00\x00>\x13\x00\x00`\x13\x00\x00\x01\x00h`\x13\x00\x00i\x13\x00\x00\x02\x00\x8e\x08\x00\x00\x00\x00\x00\x00\x00\x00J\x13\x00\x00R\x13\x00\x00\x02\x008\x9f\x00\x00\x00\x00\x00\x00\x00\x00j\x13\x00\x00l\x13\x00\x00\x03\x00\x92 \x02l\x13\x00\x00n\x13\x00\x00\x03\x00\x92 \x03n\x13\x00\x006\x14\x00\x00\x03\x00\x92 \x04\x00\x00\x00\x00\x00\x00\x00\x00j\x13\x00\x00q\x13\x00\x00\x06\x00h\x93\x01i\x93\x01q\x13\x00\x006\x14\x00\x00\x04\x00\xf3\x01h\x9f\x00\x00\x00\x00\x00\x00\x00\x00r\x13\x00\x00\x89\x13\x00\x00\x0c\x00f\x93\x01g\x93\x01h\x93\x01i\x93\x01\x8a\x13\x00\x00\xe1\x13\x00\x00\x0c\x00f\x93\x01g\x93\x01h\x93\x01i\x93\x01\xe2\x13\x00\x006\x14\x00\x00\x0c\x00f\x93\x01g\x93\x01h\x93\x01i\x93\x01\x00\x00\x00\x00\x00\x00\x00\x00r\x13\x00\x00\xda\x13\x00\x00\x02\x000\x9f\xe2\x13\x00\x006\x14\x00\x00\x02\x000\x9f\x00\x00\x00\x00\x00\x00\x00\x00r\x13\x00\x00\x9a\x13\x00\x00\x02\x000\x9f\x9a\x13\x00\x00\xde\x13\x00\x00\x06\x00`\x93\x01a\x93\x01\xde\x13\x00\x00\xe1\x13\x00\x00\x05\x00\x03e\x07\x80\x00\xe2\x13\x00\x00\x10\x14\x00\x00\x06\x00`\x93\x01a\x93\x01\x10\x14\x00\x006\x14\x00\x00\x05\x00\x03e\x07\x80\x00\x00\x00\x00\x00\x00\x00\x00\x00\x80\x13\x00\x00\x8a\x13\x00\x00\x02\x00B\x9f\x00\x00\x00\x00\x00\x00\x00\x00\xac\x13\x00\x00\xd0\x13\x00\x00\x06\x00h\x93\x01i\x93\x01\xd4\x13\x00\x00\xda\x13\x00\x00\x06\x00h\x93\x01i\x93\x01\x00\x00\x00\x00\x00\x00\x00\x00\xb2\x13\x00\x00\xd0\x13\x00\x00\x0b\x00\x84\x00\x80\x00"\x94\x01\x89\x00\'\x9f\x00\x00\x00\x00\x00\x00\x00\x00\xe2\x13\x00\x00\x10\x14\x00\x00\x06\x00`\x93\x01a\x93\x01\x10\x14\x00\x006\x14\x00\x00\x05\x00\x03e\x07\x80\x00\x00\x00\x00\x00\x00\x00\x00\x00\xf6\x13\x00\x000\x14\x00\x00\x0c\x00f\x93\x01g\x93\x01h\x93\x01i\x93\x01\x00\x00\x00\x00\x00\x00\x00\x00\xf6\x13\x00\x00\x10\x14\x00\x00\x06\x00`\x93\x01a\x93\x01\x10\x14\x00\x000\x14\x00\x00\x05\x00\x03e\x07\x80\x00\x00\x00\x00\x00\x00\x00\x00\x00\xf6\x13\x00\x00\xfc\x13\x00\x00\x02\x001\x9f\x00\x00\x00\x00\x00\x00\x00\x006\x14\x00\x00@\x14\x00\x00\x06\x00h\x93\x01i\x93\x01@\x14\x00\x00\x9f\x14\x00\x00\x06\x00j\x93\x01k\x93\x01\x9f\x14\x00\x00\xa0\x14\x00\x00\x04\x00\xf3\x01h\x9f\xa0\x14\x00\x00\xb8\x14\x00\x00\x06\x00j\x93\x01k\x93\x01\x00\x00\x00\x00\x00\x00\x00\x00@\x14\x00\x00P\x14\x00\x00\x02\x000\x9fP\x14\x00\x00R\x14\x00\x00\x03\x00\x08!\x9f\xa0\x14\x00\x00\xb0\x14\x00\x00\x02\x000\x9f\xb0\x14\x00\x00\xb4\x14\x00\x00\x02\x00I\x9f\xb4\x14\x00\x00\xb8\x14\x00\x00\x02\x000\x9f\x00\x00\x00\x00\x00\x00\x00\x006\x14\x00\x00@\x14\x00\x00\x02\x001\x9f\x00\x00\x00\x00\x00\x00\x00\x006\x14\x00\x00@\x14\x00\x00\x06\x00h\x93\x01i\x93\x01\x00\x00\x00\x00\x00\x00\x00\x00R\x14\x00\x00b\x14\x00\x00\x05\x00\x03"\x05\x80\x00\x00\x00\x00\x00\x00\x00\x00\x00b\x14\x00\x00v\x14\x00\x00\x10\x000\x9f\x93\x01d\x93\x01e\x93\x01f\x93\x01g\x93\x01\x00\x00\x00\x00\x00\x00\x00\x00v\x14\x00\x00\xa0\x14\x00\x00\x02\x008\x9f\x00\x00\x00\x00\x00\x00\x00\x00v\x14\x00\x00\xa0\x14\x00\x00\x03\x00\t\xff\x9f\x00\x00\x00\x00\x00\x00\x00\x00v\x14\x00\x00\xa0\x14\x00\x00\x02\x000\x9f\x00\x00\x00\x00\x00\x00\x00\x00v\x14\x00\x00\x9a\x14\x00\x00\x01\x00h\x9a\x14\x00\x00\x9f\x14\x00\x00\x02\x00\x8e\x08\x00\x00\x00\x00\x00\x00\x00\x00~\x14\x00\x00\x8a\x14\x00\x00\x02\x008\x9f\x00\x00\x00\x00\x00\x00\x00\x00\xb8\x14\x00\x00\xc8\x14\x00\x00\x06\x00h\x93\x01i\x93\x01\xc8\x14\x00\x00\xe4\x14\x00\x00\x04\x00\xf3\x01h\x9f\x00\x00\x00\x00\x00\x00\x00\x00\xc4\x14\x00\x00\xcc\x14\x00\x00\x02\x008\x9f\x00\x00\x00\x00\x00\x00\x00\x00\xe4\x14\x00\x00\xf4\x14\x00\x00\x06\x00h\x93\x01i\x93\x01\xf4\x14\x00\x00\n\x15\x00\x00\x04\x00\xf3\x01h\x9f\x00\x00\x00\x00\x00\x00\x00\x00\xf0\x14\x00\x00\xf8\x14\x00\x00\x02\x006\x9f\x00\x00\x00\x00\x00\x00\x00\x00\n\x15\x00\x00\x0e\x15\x00\x00\x06\x00h\x93\x01i\x93\x01\x0e\x15\x00\x00J\x15\x00\x00\x04\x00\xf3\x01h\x9f\x00\x00\x00\x00\x00\x00\x00\x00\n\x15\x00\x00\x18\x15\x00\x00\x02\x000\x9f\x18\x15\x00\x00J\x15\x00\x00\x02\x00E\x9f\x00\x00\x00\x00\x00\x00\x00\x00\n\x15\x00\x00\x18\x15\x00\x00\x02\x000\x9f\x18\x15\x00\x00J\x15\x00\x00\x03\x00\t\xc0\x9f\x00\x00\x00\x00\x00\x00\x00\x00 \x15\x00\x00,\x15\x00\x00\x02\x008\x9f\x00\x00\x00\x00\x00\x00\x00\x00J\x15\x00\x00L\x15\x00\x00\x03\x00\x92 \x02L\x15\x00\x00N\x15\x00\x00\x03\x00\x92 \x03N\x15\x00\x00\x9c\x15\x00\x00\x03\x00\x92 \x04\x00\x00\x00\x00\x00\x00\x00\x00J\x15\x00\x00Z\x15\x00\x00\x06\x00h\x93\x01i\x93\x01Z\x15\x00\x00g\x15\x00\x00\x06\x00n\x93\x01o\x93\x01g\x15\x00\x00h\x15\x00\x00\x04\x00\xf3\x01h\x9fh\x15\x00\x00\x9c\x15\x00\x00\x06\x00n\x93\x01o\x93\x01\x00\x00\x00\x00\x00\x00\x00\x00J\x15\x00\x00V\x15\x00\x00\x06\x00f\x93\x01g\x93\x01V\x15\x00\x00\x9a\x15\x00\x00\x06\x00l\x93\x01m\x93\x01\x9a\x15\x00\x00\x9c\x15\x00\x00\x04\x00\xf3\x01f\x9f\x00\x00\x00\x00\x00\x00\x00\x00R\x15\x00\x00V\x15\x00\x00\x06\x00h\x93\x01i\x93\x01\x00\x00\x00\x00\x00\x00\x00\x00\x9c\x15\x00\x00\x9e\x15\x00\x00\x03\x00\x92 \x02\x9e\x15\x00\x00\xa0\x15\x00\x00\x03\x00\x92 \x03\xa0\x15\x00\x00\xa2\x15\x00\x00\x03\x00\x92 \x04\xa2\x15\x00\x00\xa4\x15\x00\x00\x03\x00\x92 \x05\xa4\x15\x00\x00\xa6\x15\x00\x00\x03\x00\x92 \x06\xa6\x15\x00\x00\xa8\x15\x00\x00\x03\x00\x92 \x07\xa8\x15\x00\x00\xaa\x15\x00\x00\x03\x00\x92 \x08\xaa\x15\x00\x00\xac\x15\x00\x00\x03\x00\x92 \t\xac\x15\x00\x00\xae\x15\x00\x00\x03\x00\x92 \n\xae\x15\x00\x00\xb2\x15\x00\x00\x03\x00\x92 \x0c\xb2\x15\x00\x00\xa8\x16\x00\x00\x02\x00\x8c\x0c\x00\x00\x00\x00\x00\x00\x00\x00\x9c\x15\x00\x00\xc6\x15\x00\x00\x06\x00h\x93\x01i\x93\x01\xc6\x15\x00\x00z\x16\x00\x00\x06\x00`\x93\x01a\x93\x01z\x16\x00\x00\x92\x16\x00\x00\x03\x00\x80m\x9f\x92\x16\x00\x00\xa8\x16\x00\x00\x04\x00\xf3\x01h\x9f\x00\x00\x00\x00\x00\x00\x00\x00\x9c\x15\x00\x00\xd1\x15\x00\x00\x06\x00f\x93\x01g\x93\x01\xd1\x15\x00\x00\xa2\x16\x00\x00\x06\x00^\x93\x01_\x93\x01\xa2\x16\x00\x00\xa8\x16\x00\x00\x04\x00\xf3\x01f\x9f\x00\x00\x00\x00\x00\x00\x00\x00\x9c\x15\x00\x00\xd1\x15\x00\x00\x01\x00d\xd1\x15\x00\x00t\x16\x00\x00\x01\x00]t\x16\x00\x00\xa8\x16\x00\x00\x04\x00\xf3\x01d\x9f\x00\x00\x00\x00\x00\x00\x00\x00\xb8\x15\x00\x00\xe4\x15\x00\x00\x02\x000\x9f\x00\x00\x00\x00\x00\x00\x00\x00\xb8\x15\x00\x00\xe4\x15\x00\x00\x03\x00\t\xff\x9f\x00\x00\x00\x00\x00\x00\x00\x00\xb8\x15\x00\x00\xc6\x15\x00\x00\x06\x00h\x93\x01i\x93\x01\xc6\x15\x00\x00\xe4\x15\x00\x00\x06\x00`\x93\x01a\x93\x01\x00\x00\x00\x00\x00\x00\x00\x00\xca\x15\x00\x00\xe4\x15\x00\x00\x03\x00\x08 \x9f\x00\x00\x00\x00\x00\x00\x00\x00\xca\x15\x00\x00\xe4\x15\x00\x00\x03\x00\x80\x08\x9f\x00\x00\x00\x00\x00\x00\x00\x00\xca\x15\x00\x00\xd2\x15\x00\x00\x03\x00\x08@\x9f\x00\x00\x00\x00\x00\x00\x00\x00\xfa\x15\x00\x00&\x16\x00\x00\x06\x00^\x93\x01_\x93\x01\x00\x00\x00\x00\x00\x00\x00\x00\xfa\x15\x00\x00&\x16\x00\x00\x03\x00\x80\x13\x9f\x00\x00\x00\x00\x00\x00\x00\x00\x00\x16\x00\x00\x08\x16\x00\x00\x06\x00h\x93\x01i\x93\x01\x08\x16\x00\x00\x0c\x16\x00\x00\x05\x00~\x001$\x9f\x00\x00\x00\x00\x00\x00\x00\x00\x00\x16\x00\x00\x0b\x16\x00\x00\x06\x00h\x93\x01i\x93\x01\x00\x00\x00\x00\x00\x00\x00\x00&\x16\x00\x00<\x16\x00\x00\x06\x00n\x93\x01o\x93\x01<\x16\x00\x00h\x16\x00\x00\x06\x00`\x93\x01a\x93\x01\x00\x00\x00\x00\x00\x00\x00\x00&\x16\x00\x00h\x16\x00\x00\x06\x00\xf2\xddm\x00\x00\x00\x00\x00\x00\x00\x00\x00\x00\x00n\x16\x00\x00\x92\x16\x00\x00\x06\x00^\x93\x01_\x93\x01\x00\x00\x00\x00\x00\x00\x00\x00n\x16\x00\x00z\x16\x00\x00\x06\x00`\x93\x01a\x93\x01z\x16\x00\x00\x92\x16\x00\x00\x03\x00\x80m\x9f\x00\x00\x00\x00\x00\x00\x00\x00r\x16\x00\x00z\x16\x00\x00\x02\x000\x9fz\x16\x00\x00\x92\x16\x00\x00\x06\x00\\\x93\x01]\x93\x01\x00\x00\x00\x00\x00\x00\x00\x00\xa8\x16\x00\x00\xaa\x16\x00\x00\x03\x00\x92 \x02\xaa\x16\x00\x00\xac\x16\x00\x00\x03\x00\x92 \x03\xac\x16\x00\x00\xae\x16\x00\x00\x03\x00\x92 \x04\xae\x16\x00\x00\xb0\x16\x00\x00\x03\x00\x92 \x05\xb0\x16\x00\x00\xb2\x16\x00\x00\x03\x00\x92 \x06\xb2\x16\x00\x00\xb4\x16\x00\x00\x03\x00\x92 \x07\xb4\x16\x00\x00\xb6\x16\x00\x00\x03\x00\x92 \x08\xb6\x16\x00\x00\xba\x16\x00\x00\x03\x00\x92 \n\xba\x16\x00\x00\x8c\x17\x00\x00\x02\x00\x8c\n\x00\x00\x00\x00\x00\x00\x00\x00\xa8\x16\x00\x00\xca\x16\x00\x00\x06\x00h\x93\x01i\x93\x01\xca\x16\x00\x00f\x17\x00\x00\x06\x00`\x93\x01a\x93\x01f\x17\x00\x00l\x17\x00\x00\x06\x00n\x93\x01o\x93\x01l\x17\x00\x00\x8c\x17\x00\x00\x06\x00`\x93\x01a\x93\x01\x00\x00\x00\x00\x00\x00\x00\x00\xa8\x16\x00\x00\xe7\x16\x00\x00\x06\x00f\x93\x01g\x93\x01\xe8\x16\x00\x00\xf6\x16\x00\x00\x06\x00f\x93\x01g\x93\x01\xf6\x16\x00\x005\x17\x00\x00\x02\x00\x8c\x01\x00\x00\x00\x00\x00\x00\x00\x00\xd2\x16\x00\x00\xe7\x16\x00\x00\x06\x00n\x93\x01o\x93\x01\xe7\x16\x00\x00\xe8\x16\x00\x00\x03\x00\x80\x13\x9f\xe8\x16\x00\x00*\x17\x00\x00\x06\x00n\x93\x01o\x93\x01\x00\x00\x00\x00\x00\x00\x00\x00\x06\x17\x00\x00*\x17\x00\x00\x06\x00^\x93\x01_\x93\x01\x00\x00\x00\x00\x00\x00\x00\x00\x8c\x17\x00\x00\x93\x17\x00\x00\x06\x00h\x93\x01i\x93\x01\x93\x17\x00\x00\x94\x17\x00\x00\x04\x00\xf3\x01h\x9f\x94\x17\x00\x00\xa2\x17\x00\x00\x06\x00h\x93\x01i\x93\x01\xa2\x17\x00\x00\xb4\x17\x00\x00\x04\x00\xf3\x01h\x9f\x00\x00\x00\x00\x00\x00\x00\x00\x8c\x17\x00\x00\x93\x17\x00\x00\x06\x00f\x93\x01g\x93\x01\x93\x17\x00\x00\x94\x17\x00\x00\x04\x00\xf3\x01f\x9f\x94\x17\x00\x00\xb4\x17\x00\x00\x06\x00f\x93\x01g\x93\x01\x00\x00\x00\x00\x00\x00\x00\x00\x8c\x17\x00\x00\x93\x17\x00\x00\x0c\x00b\x93\x01c\x93\x01d\x93\x01e\x93\x01\x93\x17\x00\x00\x94\x17\x00\x00\x04\x00\xf3\x01b\x9f\x94\x17\x00\x00\xa2\x17\x00\x00\x0c\x00b\x93\x01c\x93\x01d\x93\x01e\x93\x01\xa2\x17\x00\x00\xb4\x17\x00\x00\x04\x00\xf3\x01b\x9f\x00\x00\x00\x00\x00\x00\x00\x00\x8c\x17\x00\x00\x93\x17\x00\x00\x06\x00h\x93\x01i\x93\x01\x93\x17\x00\x00\x94\x17\x00\x00\x04\x00\xf3\x01h\x9f\x94\x17\x00\x00\xa2\x17\x00\x00\x06\x00h\x93\x01i\x93\x01\xa2\x17\x00\x00\xb4\x17\x00\x00\x04\x00\xf3\x01h\x9f\x00\x00\x00\x00\x00\x00\x00\x00\x8c\x17\x00\x00\x93\x17\x00\x00\x06\x00f\x93\x01g\x93\x01\x93\x17\x00\x00\x94\x17\x00\x00\x04\x00\xf3\x01f\x9f\x94\x17\x00\x00\xb4\x17\x00\x00\x06\x00f\x93\x01g\x93\x01\x00\x00\x00\x00\x00\x00\x00\x00\xa2\x17\x00\x00\xa2\x17\x00\x00\n\x00\xf3\x01h\x86\x00\x1c\x8a\x00"\x9f\xa2\x17\x00\x00\xae\x17\x00\x00\x0c\x00\xf3\x01h\x86\x00\x1c\x8a\x00"#\x01\x9f\xae\x17\x00\x00\xb4\x17\x00\x00\n\x00\xf3\x01h\x86\x00\x1c\x8a\x00"\x9f\x00\x00\x00\x00\x00\x00\x00\x00\xa2\x17\x00\x00\xa2\x17\x00\x00\x06\x00j\x93\x01k\x93\x01\xa2\x17\x00\x00\xae\x17\x00\x00\x03\x00\x8a\x01\x9f\xae\x17\x00\x00\xb4\x17\x00\x00\x06\x00j\x93\x01k\x93\x01\x00\x00\x00\x00\x00\x00\x00\x00\xb4\x17\x00\x00\xb6\x17\x00\x00\x03\x00\x92 \x02\xb6\x17\x00\x00\xb8\x17\x00\x00\x03\x00\x92 \x03\xb8\x17\x00\x00\xba\x17\x00\x00\x03\x00\x92 \x04\xba\x17\x00\x00\xbc\x17\x00\x00\x03\x00\x92 \x05\xbc\x17\x00\x00\xbe\x17\x00\x00\x03\x00\x92 \x06\xbe\x17\x00\x00\x96\x18\x00\x00\x03\x00\x92 \x07\x00\x00\x00\x00\x00\x00\x00\x00\xde\x17\x00\x00,\x18\x00\x00\x01\x00l\x00\x00\x00\x00\x00\x00\x00\x00\xce\x17\x00\x00\xfd\x17\x00\x00\r\x000\x9f\x93\x01\x88\x00@$@&\x9f\x93\x04\xfd\x17\x00\x00P\x18\x00\x00\x06\x000\x9f\x93\x01\x93\x04P\x18\x00\x00g\x18\x00\x00\r\x000\x9f\x93\x01\x88\x00@$@&\x9f\x93\x04g\x18\x00\x00\x96\x18\x00\x00\x06\x000\x9f\x93\x01\x93\x04\x00\x00\x00\x00\x00\x00\x00\x00\xde\x17\x00\x00\xee\x17\x00\x00\x08\x00\x8c\x00\x08\xff\x1a#\x01\x9f\x00\x00\x00\x00\x00\x00\x00\x00\xf6\x17\x00\x00\xfe\x17\x00\x00\x0c\x00\\\x93\x01]\x93\x01^\x93\x01_\x93\x01\x00\x00\x00\x00\x00\x00\x00\x00\xf6\x17\x00\x00\xfd\x17\x00\x00\t\x00\x93\x01\x03e\x07\x80\x00\x93\x04\x00\x00\x00\x00\x00\x00\x00\x00\xf6\x17\x00\x00\xfd\x17\x00\x00\x0b\x00\x93\x01\x88\x00@$@&\x9f\x93\x04\x00\x00\x00\x00\x00\x00\x00\x00<\x18\x00\x00D\x18\x00\x00\x02\x000\x9f\x00\x00\x00\x00\x00\x00\x00\x00<\x18\x00\x00@\x18\x00\x00\x02\x000\x9f\x00\x00\x00\x00\x00\x00\x00\x00P\x18\x00\x00\\\x18\x00\x00\x03\x00\x08@\x9f\x00\x00\x00\x00\x00\x00\x00\x00\\\x18\x00\x00h\x18\x00\x00\x03\x00\x08?\x9f\x00\x00\x00\x00\x00\x00\x00\x00\\\x18\x00\x00g\x18\x00\x00\t\x00\x93\x01\x03e\x07\x80\x00\x93\x04\x00\x00\x00\x00\x00\x00\x00\x00\\\x18\x00\x00g\x18\x00\x00\x0b\x00\x93\x01\x88\x00@$@&\x9f\x93\x04\x00\x00\x00\x00\x00\x00\x00\x00\x96\x18\x00\x00\x98\x18\x00\x00\x03\x00\x92 \x02\x98\x18\x00\x00\xee\x18\x00\x00\x03\x00\x92 \x03\x00\x00\x00\x00\x00\x00\x00\x00\x96\x18\x00\x00\xb2\x18\x00\x00\x06\x00h\x93\x01i\x93\x01\xb2\x18\x00\x00\xb7\x18\x00\x00\x06\x00j\x93\x01k\x93\x01\xb7\x18\x00\x00\xb8\x18\x00\x00\x04\x00\xf3\x01h\x9f\xb8\x18\x00\x00\xbe\x18\x00\x00\x06\x00h\x93\x01i\x93\x01\xbe\x18\x00\x00\xc0\x18\x00\x00\x06\x00j\x93\x01k\x93\x01\xc0\x18\x00\x00\xc9\x18\x00\x00\x06\x00h\x93\x01i\x93\x01\xc9\x18\x00\x00\xee\x18\x00\x00\x04\x00\xf3\x01h\x9f\x00\x00\x00\x00\x00\x00\x00\x00\x98\x18\x00\x00\xa2\x18\x00\x00\x02\x001\x9f\x00\x00\x00\x00\x00\x00\x00\x00\x98\x18\x00\x00\xa2\x18\x00\x00\x06\x00h\x93\x01i\x93\x01\x00\x00\x00\x00\x00\x00\x00\x00\xb0\x18\x00\x00\xb2\x18\x00\x00\x02\x00B\x9f\x00\x00\x00\x00\x00\x00\x00\x00\xc0\x18\x00\x00\xc2\x18\x00\x00\x02\x003\x9f\x00\x00\x00\x00\x00\x00\x00\x00\xc0\x18\x00\x00\xc2\x18\x00\x00\x06\x00h\x93\x01i\x93\x01\x00\x00\x00\x00\x00\x00\x00\x00\xda\x18\x00\x00\xea\x18\x00\x00\x01\x00l\xea\x18\x00\x00\xed\x18\x00\x00\x05\x00\x03j\x07\x80\x00\x00\x00\x00\x00\x00\x00\x00\x00\xde\x18\x00\x00\xe8\x18\x00\x00\x02\x001\x9f\x00\x00\x00\x00\x00\x00\x00\x00\xde\x18\x00\x00\xe4\x18\x00\x00\x02\x001\x9f\x00\x00\x00\x00\x00\x00\x00\x00\xee\x18\x00\x00\xfe\x18\x00\x00\x06\x00h\x93\x01i\x93\x01\xfe\x18\x00\x00\x02\x19\x00\x00\x04\x00\xf3\x01h\x9f\x02\x19\x00\x00\x0c\x19\x00\x00\x06\x00h\x93\x01i\x93\x01\x0c\x19\x00\x00\x1d\x19\x00\x00\x06\x00j\x93\x01k\x93\x01\x1d\x19\x00\x00\x1e\x19\x00\x00\x04\x00\xf3\x01h\x9f\x00\x00\x00\x00\x00\x00\x00\x00\xfc\x18\x00\x00\x02\x19\x00\x00\x02\x00B\x9f\x00\x00\x00\x00\x00\x00\x00\x00\x0c\x19\x00\x00\x10\x19\x00\x00\x06\x00\x8a\x02\x94\x02#\x01\x00\x00\x00\x00\x00\x00\x00\x00\x10\x19\x00\x00\x1a\x19\x00\x00\x02\x001\x9f\x00\x00\x00\x00\x00\x00\x00\x00\x10\x19\x00\x00\x16\x19\x00\x00\x02\x001\x9f\x00\x00\x00\x00\x00\x00\x00\x00\x1e\x19\x00\x00 \x19\x00\x00\x03\x00\x92 \x02 \x19\x00\x00"\x19\x00\x00\x03\x00\x92 \x03"\x19\x00\x00$\x19\x00\x00\x03\x00\x92 \x04$\x19\x00\x00&\x19\x00\x00\x03\x00\x92 \x05&\x19\x00\x00(\x19\x00\x00\x03\x00\x92 \x06(\x19\x00\x00*\x19\x00\x00\x03\x00\x92 \x07*\x19\x00\x00,\x19\x00\x00\x03\x00\x92 \x08,\x19\x00\x00\xb6\x19\x00\x00\x03\x00\x92 \t\x00\x00\x00\x00\x00\x00\x00\x00\x1e\x19\x00\x009\x19\x00\x00\x06\x00h\x93\x01i\x93\x019\x19\x00\x00\xb6\x19\x00\x00\x04\x00\xf3\x01h\x9f\x00\x00\x00\x00\x00\x00\x00\x00<\x19\x00\x00f\x19\x00\x00\x08\x000\x9f\x93\x010\x9f\x93\x04f\x19\x00\x00\xaa\x19\x00\x00\x0f\x000\x9f\x93\x01\x80\x00@$@&#\x08\x9f\x93\x04\xaa\x19\x00\x00\xb6\x19\x00\x00\x06\x000\x9f\x93\x01\x93\x04\x00\x00\x00\x00\x00\x00\x00\x00,\x19\x00\x006\x19\x00\x00\x02\x001\x9f\x00\x00\x00\x00\x00\x00\x00\x00,\x19\x00\x006\x19\x00\x00\x06\x00h\x93\x01i\x93\x01\x00\x00\x00\x00\x00\x00\x00\x00J\x19\x00\x00L\x19\x00\x00\x02\x00B\x9f\x00\x00\x00\x00\x00\x00\x00\x00n\x19\x00\x00|\x19\x00\x00\x0c\x00\\\x93\x01]\x93\x01^\x93\x01_\x93\x01\x00\x00\x00\x00\x00\x00\x00\x00n\x19\x00\x00\xaa\x19\x00\x00\x0f\x000\x9f\x93\x01\x80\x00@$@&#\x08\x9f\x93\x04\xaa\x19\x00\x00\xb6\x19\x00\x00\x06\x000\x9f\x93\x01\x93\x04\x00\x00\x00\x00\x00\x00\x00\x00\xb6\x19\x00\x00\xb8\x19\x00\x00\x03\x00\x92 \x02\xb8\x19\x00\x00\xba\x19\x00\x00\x03\x00\x92 \x03\xba\x19\x00\x00\xbc\x19\x00\x00\x03\x00\x92 \x04\xbc\x19\x00\x00\xbe\x19\x00\x00\x03\x00\x92 \x05\xbe\x19\x00\x00>\x1a\x00\x00\x03\x00\x92 \x06\x00\x00\x00\x00\x00\x00\x00\x00\xb6\x19\x00\x00\xc8\x19\x00\x00\x06\x00h\x93\x01i\x93\x01\xc8\x19\x00\x00\xe3\x19\x00\x00\x06\x00j\x93\x01k\x93\x01\xe3\x19\x00\x00\xe4\x19\x00\x00\x04\x00\xf3\x01h\x9f\xe4\x19\x00\x00\t\x1a\x00\x00\x06\x00j\x93\x01k\x93\x01\t\x1a\x00\x00>\x1a\x00\x00\x04\x00\xf3\x01h\x9f\x00\x00\x00\x00\x00\x00\x00\x00\xbe\x19\x00\x00\xc8\x19\x00\x00\x02\x001\x9f\x00\x00\x00\x00\x00\x00\x00\x00\xbe\x19\x00\x00\xc8\x19\x00\x00\x06\x00h\x93\x01i\x93\x01\x00\x00\x00\x00\x00\x00\x00\x00\xd6\x19\x00\x00\xd8\x19\x00\x00\x02\x00B\x9f\x00\x00\x00\x00\x00\x00\x00\x00\xf4\x19\x00\x002\x1a\x00\x00\x0c\x00\\\x93\x01]\x93\x01^\x93\x01_\x93\x01\x00\x00\x00\x00\x00\x00\x00\x00\xf4\x19\x00\x00\xfa\x19\x00\x00\x07\x00\x8e\x02@$@&\x9f\xfa\x19\x00\x00\t\x1a\x00\x00\x07\x00\x86\x00@$@&\x9f\x00\x00\x00\x00\x00\x00\x00\x00\xf4\x19\x00\x00\n\x1a\x00\x00\x0c\x00\\\x93\x01]\x93\x01^\x93\x01_\x93\x01\x00\x00\x00\x00\x00\x00\x00\x00\xf4\x19\x00\x00\t\x1a\x00\x00\t\x00\x93\x01\x03e\x07\x80\x00\x93\x04\x00\x00\x00\x00\x00\x00\x00\x00>\x1a\x00\x00N\x1a\x00\x00\x06\x00h\x93\x01i\x93\x01N\x1a\x00\x00R\x1a\x00\x00\x04\x00\xf3\x01h\x9fR\x1a\x00\x00l\x1a\x00\x00\x06\x00h\x93\x01i\x93\x01l\x1a\x00\x00o\x1a\x00\x00\x06\x00n\x93\x01o\x93\x01o\x1a\x00\x00\x9a\x1a\x00\x00\x04\x00\xf3\x01h\x9f\x00\x00\x00\x00\x00\x00\x00\x00L\x1a\x00\x00R\x1a\x00\x00\x02\x00B\x9f\x00\x00\x00\x00\x00\x00\x00\x00T\x1a\x00\x00o\x1a\x00\x00\x06\x00n\x93\x01o\x93\x01o\x1a\x00\x00\x9a\x1a\x00\x00\x04\x00\xf3\x01h\x9f\x00\x00\x00\x00\x00\x00\x00\x00T\x1a\x00\x00\x96\x1a\x00\x00\x03\x00\x08?\x9f\x00\x00\x00\x00\x00\x00\x00\x00T\x1a\x00\x00\\\x1a\x00\x00\x0b\x00\x8e\x02\x94\x02#\x01@$@&\x9f\\\x1a\x00\x00o\x1a\x00\x00\x07\x00\x86\x00@$@&\x9f\x00\x00\x00\x00\x00\x00\x00\x00T\x1a\x00\x00p\x1a\x00\x00\x03\x00\x08?\x9f\x00\x00\x00\x00\x00\x00\x00\x00T\x1a\x00\x00o\x1a\x00\x00\t\x00\x93\x01\x03e\x07\x80\x00\x93\x04\x00\x00\x00\x00\x00\x00\x00\x00\xa4\x1a\x00\x00\xb0\x1a\x00\x00\x02\x000\x9f\xb0\x1a\x00\x00\xc0\x1a\x00\x00\x02\x001\x9f\xc0\x1a\x00\x00\xd0\x1a\x00\x00\x02\x002\x9f\xd0\x1a\x00\x00\xe0\x1a\x00\x00\x02\x003\x9f\xe0\x1a\x00\x00\xe2\x1a\x00\x00\x02\x004\x9f\x00\x00\x00\x00\x00\x00\x00\x00\xa4\x1a\x00\x00\xe0\x1a\x00\x00\x02\x000\x9f\x00\x00\x00\x00\x00\x00\x00\x00\xa4\x1a\x00\x00\xaa\x1a\x00\x00\x02\x003\x9f\xaa\x1a\x00\x00\xac\x1a\x00\x00\x02\x002\x9f\xac\x1a\x00\x00\xae\x1a\x00\x00\x02\x001\x9f\xae\x1a\x00\x00\xb0\x1a\x00\x00\x02\x000\x9f\xb0\x1a\x00\x00\xb4\x1a\x00\x00\x02\x003\x9f\xb4\x1a\x00\x00\xb8\x1a\x00\x00\x02\x002\x9f\xb8\x1a\x00\x00\xbc\x1a\x00\x00\x02\x001\x9f\xbc\x1a\x00\x00\xc0\x1a\x00\x00\x02\x000\x9f\xc0\x1a\x00\x00\xc4\x1a\x00\x00\x02\x003\x9f\xc4\x1a\x00\x00\xc8\x1a\x00\x00\x02\x002\x9f\xc8\x1a\x00\x00\xcc\x1a\x00\x00\x02\x001\x9f\xcc\x1a\x00\x00\xd0\x1a\x00\x00\x02\x000\x9f\xd0\x1a\x00\x00\xd4\x1a\x00\x00\x02\x003\x9f\xd4\x1a\x00\x00\xd8\x1a\x00\x00\x02\x002\x9f\xd8\x1a\x00\x00\xdc\x1a\x00\x00\x02\x001\x9f\xdc\x1a\x00\x00\xe0\x1a\x00\x00\x02\x000\x9f\x00\x00\x00\x00\x00\x00\x00\x00\xe2\x1a\x00\x00\xea\x1a\x00\x00\x06\x00h\x93\x01i\x93\x01\xea\x1a\x00\x00\x08\x1b\x00\x00\x04\x00\xf3\x01h\x9f\x00\x00\x00\x00\x00\x00\x00\x00\xee\x1a\x00\x00\xf4\x1a\x00\x00\x02\x00B\x9f\x00\x00\x00\x00\x00\x00\x00\x00\x08\x1b\x00\x00\x16\x1b\x00\x00\x06\x00h\x93\x01i\x93\x01\x16\x1b\x00\x00\x1d\x1b\x00\x00\x06\x00n\x93\x01o\x93\x01\x1d\x1b\x00\x00\x1e\x1b\x00\x00\x04\x00\xf3\x01h\x9f\x1e\x1b\x00\x00 \x1b\x00\x00\x06\x00n\x93\x01o\x93\x01\x00\x00\x00\x00\x00\x00\x00\x00\x1a\x1b\x00\x00\x1d\x1b\x00\x00\x06\x00h\x93\x01i\x93\x01\x00\x00\x00\x00\x00\x00\x00\x00 \x1b\x00\x00"\x1b\x00\x00\x03\x00\x92 \x02"\x1b\x00\x00$\x1b\x00\x00\x03\x00\x92 \x03$\x1b\x00\x004\x1b\x00\x00\x03\x00\x92 \x04\x00\x00\x00\x00\x00\x00\x00\x00 \x1b\x00\x00)\x1b\x00\x00\x06\x00h\x93\x01i\x93\x01)\x1b\x00\x000\x1b\x00\x00\x06\x00l\x93\x01m\x93\x010\x1b\x00\x003\x1b\x00\x00\x06\x00h\x93\x01i\x93\x013\x1b\x00\x004\x1b\x00\x00\x04\x00\xf3\x01h\x9f\x00\x00\x00\x00\x00\x00\x00\x00*\x1b\x00\x000\x1b\x00\x00\x06\x00l\x93\x01m\x93\x010\x1b\x00\x003\x1b\x00\x00\x06\x00h\x93\x01i\x93\x013\x1b\x00\x004\x1b\x00\x00\x04\x00\xf3\x01h\x9f\x00\x00\x00\x00\x00\x00\x00\x004\x1b\x00\x00A\x1b\x00\x00\x06\x00h\x93\x01i\x93\x01A\x1b\x00\x00B\x1b\x00\x00\x04\x00\xf3\x01h\x9f\x00\x00\x00\x00\x00\x00\x00\x00B\x1b\x00\x00D\x1b\x00\x00\x03\x00\x92 \x02D\x1b\x00\x00F\x1b\x00\x00\x03\x00\x92 \x03F\x1b\x00\x00V\x1b\x00\x00\x03\x00\x92 \x04\x00\x00\x00\x00\x00\x00\x00\x00B\x1b\x00\x00K\x1b\x00\x00\x06\x00h\x93\x01i\x93\x01K\x1b\x00\x00R\x1b\x00\x00\x06\x00l\x93\x01m\x93\x01R\x1b\x00\x00U\x1b\x00\x00\x06\x00h\x93\x01i\x93\x01U\x1b\x00\x00V\x1b\x00\x00\x04\x00\xf3\x01h\x9f\x00\x00\x00\x00\x00\x00\x00\x00L\x1b\x00\x00R\x1b\x00\x00\x06\x00l\x93\x01m\x93\x01R\x1b\x00\x00U\x1b\x00\x00\x06\x00h\x93\x01i\x93\x01U\x1b\x00\x00V\x1b\x00\x00\x04\x00\xf3\x01h\x9f\x00\x00\x00\x00\x00\x00\x00\x00V\x1b\x00\x00X\x1b\x00\x00\x03\x00\x92 \x02X\x1b\x00\x00Z\x1b\x00\x00\x03\x00\x92 \x03Z\x1b\x00\x00z\x1b\x00\x00\x03\x00\x92 \x04\x00\x00\x00\x00\x00\x00\x00\x00V\x1b\x00\x00`\x1b\x00\x00\x06\x00h\x93\x01i\x93\x01`\x1b\x00\x00v\x1b\x00\x00\x06\x00l\x93\x01m\x93\x01v\x1b\x00\x00y\x1b\x00\x00\x06\x00h\x93\x01i\x93\x01y\x1b\x00\x00z\x1b\x00\x00\x04\x00\xf3\x01h\x9f\x00\x00\x00\x00\x00\x00\x00\x00d\x1b\x00\x00p\x1b\x00\x00\x03\x00\x8c\x13\x9f\x00\x00\x00\x00\x00\x00\x00\x00l\x1b\x00\x00o\x1b\x00\x00\x06\x00h\x93\x01i\x93\x01\x00\x00\x00\x00\x00\x00\x00\x00z\x1b\x00\x00|\x1b\x00\x00\x03\x00\x92 \x02|\x1b\x00\x00~\x1b\x00\x00\x03\x00\x92 \x03~\x1b\x00\x00\x8e\x1b\x00\x00\x03\x00\x92 \x04\x00\x00\x00\x00\x00\x00\x00\x00z\x1b\x00\x00\x83\x1b\x00\x00\x06\x00h\x93\x01i\x93\x01\x83\x1b\x00\x00\x8a\x1b\x00\x00\x06\x00l\x93\x01m\x93\x01\x8a\x1b\x00\x00\x8d\x1b\x00\x00\x06\x00h\x93\x01i\x93\x01\x8d\x1b\x00\x00\x8e\x1b\x00\x00\x04\x00\xf3\x01h\x9f\x00\x00\x00\x00\x00\x00\x00\x00\x84\x1b\x00\x00\x8a\x1b\x00\x00\x06\x00l\x93\x01m\x93\x01\x8a\x1b\x00\x00\x8d\x1b\x00\x00\x06\x00h\x93\x01i\x93\x01\x8d\x1b\x00\x00\x8e\x1b\x00\x00\x04\x00\xf3\x01h\x9f\x00\x00\x00\x00\x00\x00\x00\x00\x8e\x1b\x00\x00\x9b\x1b\x00\x00\x06\x00h\x93\x01i\x93\x01\x9b\x1b\x00\x00\x9c\x1b\x00\x00\x04\x00\xf3\x01h\x9f\x00\x00\x00\x00\x00\x00\x00\x00\x9c\x1b\x00\x00\x9e\x1b\x00\x00\x03\x00\x92 \x02\x9e\x1b\x00\x00\xa0\x1b\x00\x00\x03\x00\x92 \x03\xa0\x1b\x00\x00\xb0\x1b\x00\x00\x03\x00\x92 \x04\x00\x00\x00\x00\x00\x00\x00\x00\x9c\x1b\x00\x00\xa5\x1b\x00\x00\x06\x00h\x93\x01i\x93\x01\xa5\x1b\x00\x00\xac\x1b\x00\x00\x06\x00l\x93\x01m\x93\x01\xac\x1b\x00\x00\xaf\x1b\x00\x00\x06\x00h\x93\x01i\x93\x01\xaf\x1b\x00\x00\xb0\x1b\x00\x00\x04\x00\xf3\x01h\x9f\x00\x00\x00\x00\x00\x00\x00\x00\xa6\x1b\x00\x00\xac\x1b\x00\x00\x06\x00l\x93\x01m\x93\x01\xac\x1b\x00\x00\xaf\x1b\x00\x00\x06\x00h\x93\x01i\x93\x01\xaf\x1b\x00\x00\xb0\x1b\x00\x00\x04\x00\xf3\x01h\x9f\x00\x00\x00\x00\x00\x00\x00\x00\xb0\x1b\x00\x00\xb2\x1b\x00\x00\x03\x00\x92 \x02\xb2\x1b\x00\x00\xb4\x1b\x00\x00\x03\x00\x92 \x03\xb4\x1b\x00\x00\xb6\x1b\x00\x00\x03\x00\x92 \x04\xb6\x1b\x00\x00\xb8\x1b\x00\x00\x03\x00\x92 \x05\xb8\x1b\x00\x00\xba\x1b\x00\x00\x03\x00\x92 \x06\xba\x1b\x00\x00\xbc\x1b\x00\x00\x03\x00\x92 \x07\xbc\x1b\x00\x00 \x1c\x00\x00\x03\x00\x92 \x08\x00\x00\x00\x00\x00\x00\x00\x00\xb0\x1b\x00\x00\xc8\x1b\x00\x00\x06\x00h\x93\x01i\x93\x01\xc8\x1b\x00\x00\x16\x1c\x00\x00\x06\x00l\x93\x01m\x93\x01\x16\x1c\x00\x00 \x1c\x00\x00\x04\x00\xf3\x01h\x9f\x00\x00\x00\x00\x00\x00\x00\x00\xb0\x1b\x00\x00\xca\x1b\x00\x00\x06\x00f\x93\x01g\x93\x01\xca\x1b\x00\x00 \x1c\x00\x00\x04\x00\xf3\x01f\x9f\x00\x00\x00\x00\x00\x00\x00\x00 \x1c\x00\x00"\x1c\x00\x00\x03\x00\x92 \x02"\x1c\x00\x00$\x1c\x00\x00\x03\x00\x92 \x03$\x1c\x00\x00,\x1c\x00\x00\x03\x00\x92 \x04,\x1c\x00\x00.\x1c\x00\x00\x03\x00\x92 \x05.\x1c\x00\x000\x1c\x00\x00\x03\x00\x92 \x060\x1c\x00\x002\x1c\x00\x00\x03\x00\x92 \x072\x1c\x00\x004\x1c\x00\x00\x03\x00\x92 \x084\x1c\x00\x006\x1c\x00\x00\x03\x00\x92 \t6\x1c\x00\x00\xb4\x1c\x00\x00\x03\x00\x92 \n\x00\x00\x00\x00\x00\x00\x00\x00F\x1c\x00\x00J\x1c\x00\x00\x0c\x00h\x93\x01i\x93\x01j\x93\x01k\x93\x01J\x1c\x00\x00X\x1c\x00\x00\x03\x00\x88\x01\x9fX\x1c\x00\x00|\x1c\x00\x00\x0c\x00h\x93\x01i\x93\x01j\x93\x01k\x93\x01|\x1c\x00\x00\x92\x1c\x00\x00\x05\x00\x03|\x07\x80\x00\xa8\x1c\x00\x00\xb2\x1c\x00\x00\x03\x00\x88\x01\x9f\xb2\x1c\x00\x00\xb4\x1c\x00\x00\x0c\x00h\x93\x01i\x93\x01j\x93\x01k\x93\x01\x00\x00\x00\x00\x00\x00\x00\x00J\x1c\x00\x00N\x1c\x00\x00\x01\x00cN\x1c\x00\x00\x9e\x1c\x00\x00\x01\x00b\x9e\x1c\x00\x00\xa2\x1c\x00\x00\x05\x00\x03{\x07\x80\x00\xa8\x1c\x00\x00\xaa\x1c\x00\x00\x01\x00b\xaa\x1c\x00\x00\xac\x1c\x00\x00\x03\x00\x83\x03\x9f\xac\x1c\x00\x00\xb4\x1c\x00\x00\x01\x00b\x00\x00\x00\x00\x00\x00\x00\x00\x8c#\x00\x00\x8e#\x00\x00\x03\x00\x92 \x02\x8e#\x00\x00\x90#\x00\x00\x03\x00\x92 \x03\x90#\x00\x00\x94#\x00\x00\x03\x00\x92 \x04\x94#\x00\x00\x98#\x00\x00\x02\x00\x8c\x04\x98#\x00\x00\x8e-\x00\x00\x03\x00\x8c\xcb\x00\x00\x00\x00\x00\x00\x00\x00\x00\xd0$\x00\x00)%\x00\x00\x01\x00b\x00\x00\x00\x00\x00\x00\x00\x00\xd6$\x00\x00\xe0$\x00\x00\x01\x00h\x00\x00\x00\x00\x00\x00\x00\x00\xea$\x00\x00\x00%\x00\x00\x06\x00j\x93\x01k\x93\x01\x00\x00\x00\x00\x00\x00\x00\x00\xce$\x00\x00\xd4$\x00\x00\x06\x00n\x93\x01o\x93\x01\x00\x00\x00\x00\x00\x00\x00\x00\xd4$\x00\x00\xe2$\x00\x00\x06\x00n\x93\x01o\x93\x01\x00\x00\x00\x00\x00\x00\x00\x00\xe6$\x00\x00\xea$\x00\x00\x06\x00n\x93\x01o\x93\x01\x00\x00\x00\x00\x00\x00\x00\x00\xf0$\x00\x00\xf4$\x00\x00\x06\x00n\x93\x01o\x93\x01\x00\x00\x00\x00\x00\x00\x00\x00\xf6$\x00\x00\x00%\x00\x00\x01\x00h\x00\x00\x00\x00\x00\x00\x00\x00\x08%\x00\x00\x0e%\x00\x00\x06\x00n\x93\x01o\x93\x01\x0e%\x00\x00\x10%\x00\x00\x03\x00\x8e\x01\x9f\x10%\x00\x00\x12%\x00\x00\x06\x00n\x93\x01o\x93\x01\x00\x00\x00\x00\x00\x00\x00\x00:%\x00\x00F%\x00\x00\x02\x000\x9f\x00\x00\x00\x00\x00\x00\x00\x00\x86%\x00\x00\x92%\x00\x00\x06\x00\x0c8\xc1\x01\x00\x9f\x00\x00\x00\x00\x00\x00\x00\x00\x96%\x00\x00\xbe%\x00\x00\x03\x00\x08d\x9f\x00\x00\x00\x00\x00\x00\x00\x00\x14(\x00\x00v)\x00\x00\x02\x000\x9f\x14,\x00\x00~-\x00\x00\x02\x000\x9f\x00\x00\x00\x00\x00\x00\x00\x00\x14(\x00\x00@(\x00\x00\x02\x000\x9f\x00\x00\x00\x00\x00\x00\x00\x00\x14(\x00\x00R(\x00\x00\x02\x000\x9fR(\x00\x00\x9e(\x00\x00\x01\x00\\\x00\x00\x00\x00\x00\x00\x00\x00\x14(\x00\x00\x9e(\x00\x00\x02\x000\x9f\x9e(\x00\x00v)\x00\x00\x01\x00W\x14,\x00\x00~-\x00\x00\x01\x00W\x00\x00\x00\x00\x00\x00\x00\x00\x1a(\x00\x00\x9e(\x00\x00\x02\x000\x9f\x0c)\x00\x00r)\x00\x00\x01\x00V\x1c,\x00\x00\xa6,\x00\x00\x01\x00V\x00\x00\x00\x00\x00\x00\x00\x00\x1a(\x00\x00\x9e(\x00\x00\x02\x000\x9f\x00\x00\x00\x00\x00\x00\x00\x00\x1a(\x00\x00\x82(\x00\x00\x02\x000\x9f\x00\x00\x00\x00\x00\x00\x00\x00\x1a(\x00\x00\x9e(\x00\x00\x02\x000\x9f\xa8(\x00\x00\xcc(\x00\x00\x02\x000\x9f\xcc(\x00\x00\xec(\x00\x00\x02\x001\x9f\xec(\x00\x00\xf2(\x00\x00\x02\x005\x9f\x0c)\x00\x00r)\x00\x00\x06\x00Z\x93\x01[\x93\x01\x14,\x00\x00\x1c,\x00\x00\x02\x001\x9f\x1c,\x00\x00\xa6,\x00\x00\x06\x00Z\x93\x01[\x93\x01\x00\x00\x00\x00\x00\x00\x00\x00$(\x00\x00\x82(\x00\x00\x02\x000\x9f\x00\x00\x00\x00\x00\x00\x00\x000(\x00\x00\x8a(\x00\x00\x02\x000\x9f\x8a(\x00\x00v)\x00\x00\x07\x00r\x00H$0.\x9f\x14,\x00\x00~-\x00\x00\x07\x00r\x00H$0.\x9f\x00\x00\x00\x00\x00\x00\x00\x00F,\x00\x00j,\x00\x00\x06\x00Z\x93\x01[\x93\x01n,\x00\x00\xa6,\x00\x00\x06\x00Z\x93\x01[\x93\x01\x00\x00\x00\x00\x00\x00\x00\x00n,\x00\x00\xa4,\x00\x00\x06\x00Z\x93\x01[\x93\x01\x00\x00\x00\x00\x00\x00\x00\x00d(\x00\x00\x82(\x00\x00\x01\x00\\\x00\x00\x00\x00\x00\x00\x00\x00d(\x00\x00\x9e(\x00\x00\x0e\x00|\x00\x08\xff\x1a9\x1e\x03\xa0\x06\x80\x00"\x9f\x00\x00\x00\x00\x00\x00\x00\x00\xa8(\x00\x00\xc4(\x00\x00\x01\x00W\x00\x00\x00\x00\x00\x00\x00\x00\xa8(\x00\x00\xc0(\x00\x00\x02\x000\x9f\x00\x00\x00\x00\x00\x00\x00\x00\xa8(\x00\x00\xc0(\x00\x00\x02\x000\x9f\xc0(\x00\x00\xc2(\x00\x00\x06\x00w\x00x\x00"\x9f\xc2(\x00\x00\xc4(\x00\x00\x01\x00X\x00\x00\x00\x00\x00\x00\x00\x00\xd6(\x00\x00\xec(\x00\x00\x02\x004\x9f\x00\x00\x00\x00\x00\x00\x00\x00\x1c)\x00\x00D)\x00\x00\x01\x00V\x00\x00\x00\x00\x00\x00\x00\x00\x1c)\x00\x00D)\x00\x00\x01\x00W\x00\x00\x00\x00\x00\x00\x00\x00\x1c)\x00\x004)\x00\x00\x02\x000\x9f\x00\x00\x00\x00\x00\x00\x00\x00\x1c)\x00\x004)\x00\x00\x02\x000\x9f4)\x00\x006)\x00\x00\x16\x00w\x00\x8e\x00"\x08\xff\x1a9\x1e\x03\xa1\x06\x80\x00"\x94\x01v\x00"\x9f6)\x00\x00D)\x00\x00\x1b\x00w\x00\x03\x9d\x06\x80\x00\x94\x01"\x08\xff\x1a9\x1e\x03\xa1\x06\x80\x00"\x94\x01v\x00"\x9f\x00\x00\x00\x00\x00\x00\x00\x00\x1c)\x00\x004)\x00\x00\x01\x00W\x00\x00\x00\x00\x00\x00\x00\x00\x1c,\x00\x00),\x00\x00\x0c\x00b\x93\x01c\x93\x01d\x93\x01e\x93\x01\x00\x00\x00\x00\x00\x00\x00\x00\xea,\x00\x00~-\x00\x00\x06\x00Z\x93\x01[\x93\x01\x00\x00\x00\x00\x00\x00\x00\x00\xc8,\x00\x00\x10-\x00\x00\x06\x00V\x93\x01W\x93\x01\x00\x00\x00\x00\x00\x00\x00\x00\xc8,\x00\x00\x10-\x00\x00\x06\x00\xf2\xbd\x85\x00\x00\x00\x00\x00\x00\x00\x00\x00\x00\x00\xe0,\x00\x00\x10-\x00\x00\x06\x00Z\x93\x01[\x93\x01\x00\x00\x00\x00\x00\x00\x00\x00\x10-\x00\x00\x18-\x00\x00\x06\x00Z\x93\x01[\x93\x01\x00\x00\x00\x00\x00\x00\x00\x00\x18-\x00\x00~-\x00\x00\x06\x00Z\x93\x01[\x93\x01\x00\x00\x00\x00\x00\x00\x00\x00l-\x00\x00r-\x00\x00\x03\x00z\x04\x9fr-\x00\x00{-\x00\x00\x06\x00d\x93\x01e\x93\x01{-\x00\x00~-\x00\x00\x03\x00z\x04\x9f\x00\x00\x00\x00\x00\x00\x00\x00l-\x00\x00{-\x00\x00\x06\x00j\x93\x01k\x93\x01{-\x00\x00~-\x00\x00\x06\x00\\\x93\x01]\x93\x01\x00\x00\x00\x00\x00\x00\x00\x00\x12&\x00\x00,&\x00\x00\x02\x000\x9f,&\x00\x00D&\x00\x00\x01\x00hD&\x00\x00Y&\x00\x00\x02\x00\x8e\x00v)\x00\x00\xad)\x00\x00\x02\x00\x8e\x00\xc0)\x00\x00\xdf)\x00\x00\x02\x00\x8e\x00\x00\x00\x00\x00\x00\x00\x00\x00,&\x00\x00D&\x00\x00\x01\x00hD&\x00\x00Y&\x00\x00\x02\x00\x8e\x00v)\x00\x00\xad)\x00\x00\x02\x00\x8e\x00\xc0)\x00\x00\xdf)\x00\x00\x02\x00\x8e\x00\x00\x00\x00\x00\x00\x00\x00\x000*\x00\x00k*\x00\x00\x01\x00bn*\x00\x00\xaf*\x00\x00\x01\x00b\xb2*\x00\x00\xe5*\x00\x00\x01\x00b\x00\x00\x00\x00\x00\x00\x00\x00\xd0&\x00\x00v)\x00\x00\x02\x000\x9f\xe8*\x00\x00\x8e-\x00\x00\x02\x000\x9f\x00\x00\x00\x00\x00\x00\x00\x00\x00\'\x00\x004\'\x00\x00\x02\x001\x9f\x00\x00\x00\x00\x00\x00\x00\x00\x00\'\x00\x004\'\x00\x00\x02\x000\x9f\x00\x00\x00\x00\x00\x00\x00\x00\x00\'\x00\x004\'\x00\x00\x03\x00\x08@\x9f\x00\x00\x00\x00\x00\x00\x00\x00\x00\'\x00\x004\'\x00\x00\x06\x00d\x93\x01e\x93\x01\x00\x00\x00\x00\x00\x00\x00\x00\x00\'\x00\x00\x08\'\x00\x00\x03\x00\t\xff\x9f\x08\'\x00\x00&\'\x00\x00\x06\x00h\x93\x01i\x93\x01*\'\x00\x004\'\x00\x00\x06\x00h\x93\x01i\x93\x01\x00\x00\x00\x00\x00\x00\x00\x00\x00\'\x00\x00\x08\'\x00\x00\x02\x000\x9f\x00\x00\x00\x00\x00\x00\x00\x00\x00\'\x00\x00\x08\'\x00\x00\x02\x000\x9f\x08\'\x00\x00&\'\x00\x00\x0b\x00\x82\x00\x84\x00"\x94\x01\x89\x00\'\x9f\x00\x00\x00\x00\x00\x00\x00\x00\x08+\x00\x008+\x00\x00\x02\x000\x9f\x00\x00\x00\x00\x00\x00\x00\x00\x08+\x00\x00\x0c+\x00\x00\x06\x00h\x93\x01i\x93\x01\x0c+\x00\x008+\x00\x00\x05\x00\x03\x93\x05\x80\x00\x00\x00\x00\x00\x00\x00\x00\x00\x08+\x00\x008+\x00\x00\x03\x00\x08@\x9f\x00\x00\x00\x00\x00\x00\x00\x00\x08+\x00\x008+\x00\x00\x06\x00d\x93\x01e\x93\x01\x00\x00\x00\x00\x00\x00\x00\x00\x08+\x00\x00*+\x00\x00\x06\x00h\x93\x01i\x93\x01.+\x00\x008+\x00\x00\x06\x00h\x93\x01i\x93\x01\x00\x00\x00\x00\x00\x00\x00\x00\x08+\x00\x00\x0c+\x00\x00\x02\x000\x9f\x00\x00\x00\x00\x00\x00\x00\x00\x08+\x00\x00\x0c+\x00\x00\x02\x000\x9f\x0c+\x00\x00*+\x00\x00\x0b\x00\x82\x00\x84\x00"\x94\x01\x89\x00\'\x9f\x00\x00\x00\x00\x00\x00\x00\x00\xc0+\x00\x00\xfa+\x00\x00\x02\x000\x9f\x00\x00\x00\x00\x00\x00\x00\x00\xc0+\x00\x00\xc6+\x00\x00\x06\x00h\x93\x01i\x93\x01\xc6+\x00\x00\xfa+\x00\x00\x05\x00\x03\x93\x05\x80\x00\x00\x00\x00\x00\x00\x00\x00\x00\xc0+\x00\x00\xfa+\x00\x00\x0c\x00T\x93\x01U\x93\x01V\x93\x01W\x93\x01\x00\x00\x00\x00\x00\x00\x00\x00\xc0+\x00\x00\xfa+\x00\x00\x06\x00X\x93\x01Y\x93\x01\x00\x00\x00\x00\x00\x00\x00\x00\xc0+\x00\x00\xec+\x00\x00\x06\x00h\x93\x01i\x93\x01\xf0+\x00\x00\xfa+\x00\x00\x06\x00h\x93\x01i\x93\x01\x00\x00\x00\x00\x00\x00\x00\x00\xc0+\x00\x00\xc6+\x00\x00\x02\x000\x9f\xc6+\x00\x00\xfa+\x00\x00\x0c\x00d\x93\x01e\x93\x01f\x93\x01g\x93\x01\x00\x00\x00\x00\x00\x00\x00\x00\xc0+\x00\x00\xc6+\x00\x00\x02\x000\x9f\xd0+\x00\x00\xec+\x00\x00\x0b\x00\x84\x00x\x00"\x94\x01\x89\x00\'\x9f\x00\x00\x00\x00\x00\x00\x00\x00\x02,\x00\x00\x06,\x00\x00\x02\x000\x9f\x00\x00\x00\x00\x00\x00\x00\x00\x88\'\x00\x00\x90\'\x00\x00\n\x00\x9e\x08\xd0\x07\x00\x00\x00\x00\x00\x00\x00\x00\x00\x00\x00\x00\x00\x00\x88\'\x00\x00\x90\'\x00\x00\x04\x00\n\xd0\x07\x9f\x00\x00\x00\x00\x00\x00\x00\x00\x88\'\x00\x00\x90\'\x00\x00\x04\x00\n;\x1f\x9f\x00\x00\x00\x00\x00\x00\x00\x00\xb4\x1c\x00\x00\xb6\x1c\x00\x00\x03\x00\x92 \x02\xb6\x1c\x00\x00\xb8\x1c\x00\x00\x03\x00\x92 \x03\xb8\x1c\x00\x00\xc0\x1c\x00\x00\x03\x00\x92 \x04\xc0\x1c\x00\x00\xc2\x1c\x00\x00\x03\x00\x92 \x05\xc2\x1c\x00\x00\x92\x1d\x00\x00\x03\x00\x92 \x06\x00\x00\x00\x00\x00\x00\x00\x00\xc6\x1c\x00\x00B\x1d\x00\x00\x01\x00hn\x1d\x00\x00v\x1d\x00\x00\x01\x00h\x00\x00\x00\x00\x00\x00\x00\x00\xd4\x1c\x00\x00\xe8\x1c\x00\x00\x03\x00\x082\x9f\x00\x00\x00\x00\x00\x00\x00\x00\xd4\x1c\x00\x00\xe8\x1c\x00\x00\x02\x000\x9f\x00\x00\x00\x00\x00\x00\x00\x00\xf6\x1c\x00\x00\n\x1d\x00\x00\x02\x003\x9f\x00\x00\x00\x00\x00\x00\x00\x00\xf6\x1c\x00\x00\xfc\x1c\x00\x00\x02\x003\x9f\x00\x00\x00\x00\x00\x00\x00\x00\x92\x1d\x00\x00\x94\x1d\x00\x00\x03\x00\x92 \x02\x94\x1d\x00\x00\x96\x1d\x00\x00\x03\x00\x92 \x03\x96\x1d\x00\x00\x9e\x1d\x00\x00\x03\x00\x92 \x04\x9e\x1d\x00\x00\xa0\x1d\x00\x00\x03\x00\x92 \x05\xa0\x1d\x00\x00\xa2\x1d\x00\x00\x03\x00\x92 \x06\xa2\x1d\x00\x00\xa4\x1d\x00\x00\x03\x00\x92 \x07\xa4\x1d\x00\x00\xa6\x1d\x00\x00\x03\x00\x92 \x08\xa6\x1d\x00\x00\xa8\x1d\x00\x00\x03\x00\x92 \t\xa8\x1d\x00\x00\xaa\x1d\x00\x00\x03\x00\x92 \n\xaa\x1d\x00\x00\xac\x1d\x00\x00\x03\x00\x92 \x0b\xac\x1d\x00\x00\xae\x1d\x00\x00\x03\x00\x92 \x0c\xae\x1d\x00\x00\xb0\x1d\x00\x00\x03\x00\x92 \r\xb0\x1d\x00\x00\xb2\x1d\x00\x00\x03\x00\x92 \x0e\xb2\x1d\x00\x00\xb4\x1d\x00\x00\x03\x00\x92 \x0f\xb4\x1d\x00\x00\xb6\x1d\x00\x00\x03\x00\x92 \x10\xb6\x1d\x00\x00\xb8\x1d\x00\x00\x03\x00\x92 \x11\xb8\x1d\x00\x00\xba\x1d\x00\x00\x03\x00\x92 \x12\xba\x1d\x00\x00\xbc\x1d\x00\x00\x03\x00\x92 \x13\xbc\x1d\x00\x00\xbe\x1d\x00\x00\x03\x00\x92 \x14\xbe\x1d\x00\x00\xc0\x1d\x00\x00\x03\x00\x92 \x15\xc0\x1d\x00\x00\xc2\x1d\x00\x00\x03\x00\x92 \x16\xc2\x1d\x00\x00\xc4\x1d\x00\x00\x03\x00\x92 \x17\xc4\x1d\x00\x00\xc8\x1d\x00\x00\x03\x00\x92 \x18\xc8\x1d\x00\x00\xca\x1d\x00\x00\x02\x00\x8c\x18\xca\x1d\x00\x00\xf6!\x00\x00\x02\x00\x8c4\x00\x00\x00\x00\x00\x00\x00\x00\xec\x1d\x00\x00\x16\x1e\x00\x00\x01\x00hb\x1e\x00\x00\x82\x1e\x00\x00\x01\x00h\x8a\x1e\x00\x00\x9c\x1e\x00\x00\x01\x00h\xa0\x1e\x00\x00\xa4\x1e\x00\x00\x01\x00h\xb4\x1e\x00\x00\xdb\x1e\x00\x00\x01\x00h,\x1f\x00\x007\x1f\x00\x00\x01\x00h\x0c \x00\x00\x18 \x00\x00\x01\x00h\x1e \x00\x00& \x00\x00\x01\x00hh \x00\x00l \x00\x00\x01\x00h\x00\x00\x00\x00\x00\x00\x00\x00\xf8\x1d\x00\x00\x1e\x1e\x00\x00\x02\x001\x9fj\x1e\x00\x00\x8a\x1f\x00\x00\x02\x001\x9f\x8a\x1f\x00\x00\x8e\x1f\x00\x00\x01\x00h\x96\x1f\x00\x00\xf6!\x00\x00\x02\x001\x9f\x00\x00\x00\x00\x00\x00\x00\x00\xce\x1d\x00\x00\xd2\x1d\x00\x00\x02\x000\x9f\x00\x00\x00\x00\x00\x00\x00\x00\x02\x1e\x00\x00\x1e\x1e\x00\x00\x01\x00ij\x1e\x00\x00\xdb\x1e\x00\x00\x01\x00i,\x1f\x00\x007\x1f\x00\x00\x01\x00i\x0c \x00\x004 \x00\x00\x01\x00i\x00\x00\x00\x00\x00\x00\x00\x00\n\x1e\x00\x00\x1e\x1e\x00\x00\x06\x00d\x93\x01e\x93\x01j\x1e\x00\x00\xdb\x1e\x00\x00\x06\x00d\x93\x01e\x93\x01,\x1f\x00\x007\x1f\x00\x00\x06\x00d\x93\x01e\x93\x01\x0c \x00\x00h \x00\x00\x06\x00d\x93\x01e\x93\x01\x00\x00\x00\x00\x00\x00\x00\x00\x16\x1e\x00\x00\x1a\x1e\x00\x00\x01\x00h\x00\x00\x00\x00\x00\x00\x00\x00\x1a\x1e\x00\x00\x1e\x1e\x00\x00\x02\x000\x9f\x00\x00\x00\x00\x00\x00\x00\x00j\x1e\x00\x00p\x1e\x00\x00\x02\x000\x9f\x00\x00\x00\x00\x00\x00\x00\x00\xba\x1e\x00\x00\x8e\x1f\x00\x00\x03\x00\x91c\x9f\x96\x1f\x00\x00\x06 \x00\x00\x03\x00\x91c\x9f\xe0!\x00\x00\xf6!\x00\x00\x03\x00\x91c\x9f\x00\x00\x00\x00\x00\x00\x00\x00\xba\x1e\x00\x00\x8e\x1f\x00\x00\x01\x00_\x96\x1f\x00\x00\x06 \x00\x00\x01\x00_\xe0!\x00\x00\xf6!\x00\x00\x01\x00_\x00\x00\x00\x00\x00\x00\x00\x00l\x1f\x00\x00\x8e\x1f\x00\x00\x02\x000\x9f\x96\x1f\x00\x00\xfe\x1f\x00\x00\x02\x000\x9f\xfe\x1f\x00\x00\x06 \x00\x00\x06\x00f\x93\x01g\x93\x01\xea!\x00\x00\xf6!\x00\x00\x02\x000\x9f\x00\x00\x00\x00\x00\x00\x00\x00\x02 \x00\x00\x06 \x00\x00\x01\x00d\x00\x00\x00\x00\x00\x00\x00\x00\xd0\x1e\x00\x00\xdb\x1e\x00\x00\x02\x00\x91i\x00\x00\x00\x00\x00\x00\x00\x00\xdc\x1e\x00\x00"\x1f\x00\x00\x01\x00h\x00\x00\x00\x00\x00\x00\x00\x00\xd0\x1e\x00\x00\xd8\x1e\x00\x00\x02\x000\x9f\x00\x00\x00\x00\x00\x00\x00\x00\xd0\x1e\x00\x00,\x1f\x00\x00\x02\x000\x9f\x00\x00\x00\x00\x00\x00\x00\x00\x02\x1f\x00\x00\x06\x1f\x00\x00\x02\x000\x9f\x00\x00\x00\x00\x00\x00\x00\x008\x1f\x00\x00@\x1f\x00\x00\x06\x00h\x93\x01i\x93\x01\x00\x00\x00\x00\x00\x00\x00\x00@\x1f\x00\x00l\x1f\x00\x00\x06\x00`\x93\x01a\x93\x01\x00\x00\x00\x00\x00\x00\x00\x00^\x1f\x00\x00l\x1f\x00\x00\x06\x00h\x93\x01i\x93\x01\x00\x00\x00\x00\x00\x00\x00\x00\xac\x1f\x00\x00\xbc\x1f\x00\x00\x03\x00\x91O\x9f\xbc\x1f\x00\x00\xe4\x1f\x00\x00\x06\x00`\x93\x01a\x93\x01\x00\x00\x00\x00\x00\x00\x00\x00\xac\x1f\x00\x00\xbc\x1f\x00\x00\x06\x00h\x93\x01i\x93\x01\x00\x00\x00\x00\x00\x00\x00\x00\xb4\x1f\x00\x00\xe4\x1f\x00\x00\x06\x00^\x93\x01_\x93\x01\x00\x00\x00\x00\x00\x00\x00\x00\xfe\x1f\x00\x00\x06 \x00\x00\x06\x00f\x93\x01g\x93\x01\x00\x00\x00\x00\x00\x00\x00\x00\x16 \x00\x00\x1e \x00\x00\x02\x001\x9f\x00\x00\x00\x00\x00\x00\x00\x004 \x00\x00X \x00\x00\x01\x00h\x00\x00\x00\x00\x00\x00\x00\x00\x80 \x00\x00\xe0!\x00\x00\x03\x00\x91c\x9f\x00\x00\x00\x00\x00\x00\x00\x00\x80 \x00\x00\xd9 \x00\x00\x02\x00\x91g\xe2 \x00\x00*!\x00\x00\x02\x00\x91gP!\x00\x00n!\x00\x00\x02\x00\x91g\x8c!\x00\x00\x9e!\x00\x00\x02\x00\x91g\xaa!\x00\x00\xad!\x00\x00\x01\x00h\x00\x00\x00\x00\x00\x00\x00\x00\x86 \x00\x00\xaa!\x00\x00\x03\x00\x91c\x9f\x00\x00\x00\x00\x00\x00\x00\x00\x88 \x00\x00\x9e \x00\x00\x01\x00h\x9e \x00\x00\xa0 \x00\x00\x02\x00\x91d\xa0 \x00\x00\xae \x00\x00\x01\x00h\xae \x00\x00\xc4 \x00\x00\x02\x00\x91d\xc4 \x00\x00\xc8 \x00\x00\x01\x00h\xc8 \x00\x00\xd9 \x00\x00\x02\x00\x91d\xe2 \x00\x00\xea \x00\x00\x01\x00h\xea \x00\x00*!\x00\x00\x02\x00\x91dP!\x00\x00n!\x00\x00\x02\x00\x91d\x8c!\x00\x00\x9e!\x00\x00\x02\x00\x91d\x00\x00\x00\x00\x00\x00\x00\x00\x8a \x00\x00\xd9 \x00\x00\x01\x00i\xe2 \x00\x00>!\x00\x00\x01\x00iP!\x00\x00\xaa!\x00\x00\x01\x00i\x00\x00\x00\x00\x00\x00\x00\x00\xe0 \x00\x00\xe2 \x00\x00\x02\x000\x9f\x00\x00\x00\x00\x00\x00\x00\x00\xe8 \x00\x00\xaa!\x00\x00\x03\x00\x91c\x9f\x00\x00\x00\x00\x00\x00\x00\x00\xee \x00\x00\x00!\x00\x00\x04\x00\n\x00\x08\x9f\x00!\x00\x00P!\x00\x00\x06\x00n\x93\x01o\x93\x01P!\x00\x00V!\x00\x00\x04\x00\n\x00\x08\x9fV!\x00\x00\xaa!\x00\x00\x06\x00n\x93\x01o\x93\x01\x00\x00\x00\x00\x00\x00\x00\x00\xee \x00\x00\xf6 \x00\x00\x04\x00\n\xfe\x7f\x9f\x00\x00\x00\x00\x00\x00\x00\x00:!\x00\x00P!\x00\x00\x02\x003\x9f\x00\x00\x00\x00\x00\x00\x00\x00\xae!\x00\x00\xb6!\x00\x00\x06\x00h\x93\x01i\x93\x01\x00\x00\x00\x00\x00\x00\x00\x00\xb6!\x00\x00\xe0!\x00\x00\x06\x00`\x93\x01a\x93\x01\x00\x00\x00\x00\x00\x00\x00\x00l \x00\x00\x80 \x00\x00\x06\x00h\x93\x01i\x93\x01\x00\x00\x00\x00\x00\x00\x00\x00l \x00\x00p \x00\x00\x02\x000\x9f\x00\x00\x00\x00\x00\x00\x00\x00', rid = 14), image=b'\x12\x02\x00\x000\x02\x00\x00\x03\x00b\x93\x01\x00\x00\x00\x00\x00\x00\x00\x00\x10\x02\x00\x00\x1a\x02\x00\x00\x02\x003\x9f\x00\x00\x00\x00\x00\x00\x00\x00\x10\x02\x00\x00\x1a\x02\x00\x00\x06\x00\xf2\x10,\x00\x00\x00\x00\x00\x00\x00\x00\x00\x00\x00\x14\x02\x00\x00\x1a\x02\x00\x00\x02\x003\x9f\x00\x00\x00\x00\x00\x00\x00\x00.\x02\x00\x000\x02\x00\x00\x06\x00\xf2\x10,\x00\x00\x00\x00\x00\x00\x00\x00\x00\x00\x008\x02\x00\x00P\x02\x00\x00\x01\x00bP\x02\x00\x00\x82\x02\x00\x00\x03\x00\x82\x01\x9f\xac\x02\x00\x00\xb0\x02\x00\x00\x03\x00\x82\x01\x9f\xb4\x02\x00\x00\xb8\x02\x00\x00\x03\x00\x82\x01\x9f\xbc\x02\x00\x00\xbe\x02\x00\x00\x03\x00\x82\x01\x9f\xc4\x02\x00\x00\xc6\x02\x00\x00\x03\x00\x82\x01\x9f\xca\x02\x00\x00\xce\x02\x00\x00\x03\x00\x82\x01\x9f\xd6\x02\x00\x00\xda\x02\x00\x00\x03\x00\x82\x01\x9f\xde\x02\x00\x00\xe2\x02\x00\x00\x03\x00\x82\x01\x9f\xe6\x02\x00\x00\xea\x02\x00\x00\x03\x00\x82\x01\x9f\xf2\x02\x00\x00\xf6\x02\x00\x00\x03\x00\x82\x01\x9f\xfa\x02\x00\x00\xfe\x02\x00\x00\x03\x00\x82\x01\x9f\x00\x00\x00\x00\x00\x00\x00\x00>\x02\x00\x00\xa4\x02\x00\x00\x01\x00c\xa4\x02\x00\x00\xa6\x02\x00\x00\x04\x00\x83\x00 \x9f\xac\x02\x00\x00\x08\x03\x00\x00\x01\x00c\x00\x00\x00\x00\x00\x00\x00\x00D\x02\x00\x00\x90\x02\x00\x00\x01\x00i\xac\x02\x00\x00\x06\x03\x00\x00\x01\x00i\x00\x00\x00\x00\x00\x00\x00\x00\x98\x02\x00\x00\xaa\x02\x00\x00\x06\x00j\x93\x01k\x93\x01\x06\x03\x00\x00\n\x03\x00\x00\x06\x00j\x93\x01k\x93\x01\x00\x00\x00\x00\x00\x00\x00\x00\x9a\x02\x00\x00\xaa\x02\x00\x00\x01\x00i\x06\x03\x00\x00\n\x03\x00\x00\x01\x00i\x00\x00\x00\x00\x00\x00\x00\x006\x02\x00\x00<\x02\x00\x00\x06\x00n\x93\x01o\x93\x01\x00\x00\x00\x00\x00\x00\x00\x00<\x02\x00\x00B\x02\x00\x00\x06\x00n\x93\x01o\x93\x01\x00\x00\x00\x00\x00\x00\x00\x00B\x02\x00\x00V\x02\x00\x00\x06\x00n\x93\x01o\x93\x01\x00\x00\x00\x00\x00\x00\x00\x00N\x02\x00\x00P\x02\x00\x00\x01\x00bP\x02\x00\x00\x82\x02\x00\x00\x03\x00\x82\x01\x9f\xac\x02\x00\x00\xb0\x02\x00\x00\x03\x00\x82\x01\x9f\xb4\x02\x00\x00\xb8\x02\x00\x00\x03\x00\x82\x01\x9f\xbc\x02\x00\x00\xbe\x02\x00\x00\x03\x00\x82\x01\x9f\xc4\x02\x00\x00\xc6\x02\x00\x00\x03\x00\x82\x01\x9f\xca\x02\x00\x00\xce\x02\x00\x00\x03\x00\x82\x01\x9f\xd6\x02\x00\x00\xda\x02\x00\x00\x03\x00\x82\x01\x9f\xde\x02\x00\x00\xe2\x02\x00\x00\x03\x00\x82\x01\x9f\xe6\x02\x00\x00\xea\x02\x00\x00\x03\x00\x82\x01\x9f\xf2\x02\x00\x00\xf6\x02\x00\x00\x03\x00\x82\x01\x9f\xfa\x02\x00\x00\xfe\x02\x00\x00\x03\x00\x82\x01\x9f\x00\x00\x00\x00\x00\x00\x00\x00\x94\x02\x00\x00\x98\x02\x00\x00\x06\x00n\x93\x01o\x93\x01\x00\x00\x00\x00\x00\x00\x00\x00\n\x03\x00\x00\x10\x03\x00\x00\x06\x00h\x93\x01i\x93\x01\x10\x03\x00\x00^\x03\x00\x00\x06\x00n\x93\x01o\x93\x01\x00\x00\x00\x00\x00\x00\x00\x00\x16\x03\x00\x00X\x03\x00\x00\x03\x00c\x93\x01\x00\x00\x00\x00\x00\x00\x00\x000\x03\x00\x00B\x03\x00\x00\x03\x00\x88\x7f\x9f\x00\x00\x00\x00\x00\x00\x00\x000\x03\x00\x004\x03\x00\x00\x06\x00n\x93\x01o\x93\x014\x03\x00\x00B\x03\x00\x00\x03\x00\x8e\x01\x9f\x00\x00\x00\x00\x00\x00\x00\x00\x0c\x03\x00\x000\x03\x00\x00\x02\x001\x9f0\x03\x00\x00X\x03\x00\x00\x06\x00h\x93\x01i\x93\x01X\x03\x00\x00^\x03\x00\x00\x02\x001\x9f\x00\x00\x00\x00\x00\x00\x00\x00\x14\x03\x00\x00\x1e\x03\x00\x00\x02\x002\x9f\x00\x00\x00\x00\x00\x00\x00\x00\x14\x03\x00\x00\x1e\x03\x00\x00\x06\x00\xf2\xf5-\x00\x00\x00\x00\x00\x00\x00\x00\x00\x00\x00\x18\x03\x00\x00\x1e\x03\x00\x00\x02\x002\x9f\x00\x00\x00\x00\x00\x00\x00\x00T\x03\x00\x00X\x03\x00\x00\x06\x00\xf2\xf5-\x00\x00\x00\x00\x00\x00\x00\x00\x00\x00\x00\x9a\x03\x00\x00\xb4\x03\x00\x00\x0c\x00h\x93\x01i\x93\x01j\x93\x01k\x93\x01\x00\x00\x00\x00\x00\x00\x00\x00\x88\x03\x00\x00\xb4\x03\x00\x00\x01\x00c\xb4\x03\x00\x00\xd0\x03\x00\x00\x02\x00\x08_\x00\x00\x00\x00\x00\x00\x00\x00\xd0\x03\x00\x00\xd2\x03\x00\x00\x03\x00\x92 \x02\xd2\x03\x00\x00\xd4\x03\x00\x00\x03\x00\x92 \x03\xd4\x03\x00\x00\xd6\x03\x00\x00\x03\x00\x92 \x04\xd6\x03\x00\x00\xd8\x03\x00\x00\x03\x00\x92 \x05\xd8\x03\x00\x00\x00\x04\x00\x00\x03\x00\x92 \x06\x00\x00\x00\x00\x00\x00\x00\x00\xe0\x03\x00\x00\xfe\x03\x00\x00\x0c\x00\\\x93\x01]\x93\x01^\x93\x01_\x93\x01\x00\x00\x00\x00\x00\x00\x00\x00B\x04\x00\x00t\x04\x00\x00\x01\x00ht\x04\x00\x00\x84\x04\x00\x00\x02\x00\x08\xf1\x84\x04\x00\x00\x9a\x04\x00\x00\x04\x00\xf3\x01h\x9f\x9a\x04\x00\x00\x9c\x04\x00\x00\x01\x00h\x9c\x04\x00\x00\x9e\x04\x00\x00\x04\x00\xf3\x01h\x9f\x00\x00\x00\x00\x00\x00\x00\x00h\x04\x00\x00l\x04\x00\x00\x01\x00h\x00\x00\x00\x00\x00\x00\x00\x00\x9e\x04\x00\x00\xa0\x04\x00\x00\x03\x00\x92 \x02\xa0\x04\x00\x00\xa2\x04\x00\x00\x03\x00\x92 \x03\xa2\x04\x00\x00\xa4\x04\x00\x00\x03\x00\x92 \x04\xa4\x04\x00\x00\xa6\x04\x00\x00\x03\x00\x92 \x05\xa6\x04\x00\x00\xa8\x04\x00\x00\x03\x00\x92 \x06\xa8\x04\x00\x00\xaa\x04\x00\x00\x03\x00\x92 \x07\xaa\x04\x00\x00\x04\x05\x00\x00\x03\x00\x92 \x08\x00\x00\x00\x00\x00\x00\x00\x00\x9e\x04\x00\x00\xb4\x04\x00\x00\x06\x00h\x93\x01i\x93\x01\xb4\x04\x00\x00\x04\x05\x00\x00\x04\x00\xf3\x01h\x9f\x00\x00\x00\x00\x00\x00\x00\x00\x9e\x04\x00\x00\xbb\x04\x00\x00\x01\x00f\xbb\x04\x00\x00\xcc\x04\x00\x00\x01\x00^\xcc\x04\x00\x00\x04\x05\x00\x00\x04\x00\xf3\x01f\x9f\x00\x00\x00\x00\x00\x00\x00\x00\x9e\x04\x00\x00\xbb\x04\x00\x00\x01\x00d\xbb\x04\x00\x00\xf6\x04\x00\x00\x01\x00`\xf6\x04\x00\x00\xfc\x04\x00\x00\x04\x00\xf3\x01d\x9f\xfc\x04\x00\x00\x04\x05\x00\x00\x01\x00`\x00\x00\x00\x00\x00\x00\x00\x00\xc2\x04\x00\x00\xf6\x04\x00\x00\x07\x00\x80\x00H$0-\x9f\xf6\x04\x00\x00\xfc\x04\x00\x00\x08\x00\xf3\x01dH$0-\x9f\xfc\x04\x00\x00\x04\x05\x00\x00\x07\x00\x80\x00H$0-\x9f\x00\x00\x00\x00\x00\x00\x00\x00\xc2\x04\x00\x00\xcc\x04\x00\x00\x02\x000\x9f\xcc\x04\x00\x00\xea\x04\x00\x00\x07\x00\x8c\x00\xf3\x01h\x1c\x9f\xea\x04\x00\x00\xee\x04\x00\x00\x08\x00\xf3\x01h \x8c\x00"\x9f\xfc\x04\x00\x00\x04\x05\x00\x00\x07\x00\x8c\x00\xf3\x01h\x1c\x9f\x00\x00\x00\x00\x00\x00\x00\x00\xe0\x04\x00\x00\xe8\x04\x00\x00\x01\x00a\xe8\x04\x00\x00\xee\x04\x00\x00\x01\x00h\x00\x00\x00\x00\x00\x00\x00\x00\xd6\x04\x00\x00\xda\x04\x00\x00\x06\x00l\x93\x01m\x93\x01\x00\x00\x00\x00\x00\x00\x00\x00\x04\x05\x00\x00\x06\x05\x00\x00\x03\x00\x92 \x02\x06\x05\x00\x00\x08\x05\x00\x00\x03\x00\x92 \x03\x08\x05\x00\x00\n\x05\x00\x00\x03\x00\x92 \x04\n\x05\x00\x00\x0c\x05\x00\x00\x03\x00\x92 \x05\x0c\x05\x00\x00\x0e\x05\x00\x00\x03\x00\x92 \x06\x0e\x05\x00\x00\x10\x05\x00\x00\x03\x00\x92 \x07\x10\x05\x00\x00\x12\x05\x00\x00\x03\x00\x92 \x08\x12\x05\x00\x00P\x05\x00\x00\x03\x00\x92 \t\x00\x00\x00\x00\x00\x00\x00\x00\x04\x05\x00\x00\x1e\x05\x00\x00\x01\x00h\x1e\x05\x00\x00J\x05\x00\x00\x01\x00]J\x05\x00\x00L\x05\x00\x00\x04\x00\xf3\x01h\x9fL\x05\x00\x00P\x05\x00\x00\x01\x00]\x00\x00\x00\x00\x00\x00\x00\x00\x04\x05\x00\x00\x1e\x05\x00\x00\x06\x00f\x93\x01g\x93\x01\x1e\x05\x00\x00P\x05\x00\x00\x04\x00\xf3\x01f\x9f\x00\x00\x00\x00\x00\x00\x00\x00\x04\x05\x00\x00\x1e\x05\x00\x00\x06\x00d\x93\x01e\x93\x01\x1e\x05\x00\x002\x05\x00\x00\x0b\x00\x8c\x00 \x80\x00"\xf3\x01f"\x9f2\x05\x00\x00:\x05\x00\x00\n\x00\xf3\x01f\x80\x00"\x8c\x00\x1c\x9fL\x05\x00\x00P\x05\x00\x00\x0b\x00\x8c\x00 \x80\x00"\xf3\x01f"\x9f\x00\x00\x00\x00\x00\x00\x00\x00\x16\x05\x00\x00\x1e\x05\x00\x00\x06\x00d\x93\x01e\x93\x01\x1e\x05\x00\x00:\x05\x00\x00\x06\x00`\x93\x01a\x93\x01:\x05\x00\x00L\x05\x00\x00\x04\x00\xf3\x01d\x9fL\x05\x00\x00P\x05\x00\x00\x06\x00`\x93\x01a\x93\x01\x00\x00\x00\x00\x00\x00\x00\x00\x16\x05\x00\x00\x1e\x05\x00\x00\x06\x00f\x93\x01g\x93\x01\x1e\x05\x00\x00(\x05\x00\x00\x06\x00l\x93\x01m\x93\x01(\x05\x00\x002\x05\x00\x00\x03\x00\x8c\x01\x9f2\x05\x00\x00:\x05\x00\x00\x06\x00l\x93\x01m\x93\x01L\x05\x00\x00P\x05\x00\x00\x03\x00\x8c\x01\x9f\x00\x00\x00\x00\x00\x00\x00\x00\x16\x05\x00\x00\x1e\x05\x00\x00\x07\x00\x88\x00H$0-\x9f\x1e\x05\x00\x00J\x05\x00\x00\x07\x00}\x00H$0-\x9fJ\x05\x00\x00L\x05\x00\x00\x08\x00\xf3\x01hH$0-\x9fL\x05\x00\x00P\x05\x00\x00\x07\x00}\x00H$0-\x9f\x00\x00\x00\x00\x00\x00\x00\x00,\x05\x00\x00/\x05\x00\x00\x01\x00h\x00\x00\x00\x00\x00\x00\x00\x00(\x05\x00\x00,\x05\x00\x00\x06\x00l\x93\x01m\x93\x01\x00\x00\x00\x00\x00\x00\x00\x00P\x05\x00\x00R\x05\x00\x00\x03\x00\x92 \x02R\x05\x00\x00T\x05\x00\x00\x03\x00\x92 \x03T\x05\x00\x00V\x05\x00\x00\x03\x00\x92 \x04V\x05\x00\x00X\x05\x00\x00\x03\x00\x92 \x05X\x05\x00\x00Z\x05\x00\x00\x03\x00\x92 \x06Z\x05\x00\x00^\x05\x00\x00\x03\x00\x92 \x07^\x05\x00\x00\xb2\x05\x00\x00\x02\x00\x8c\x07\x00\x00\x00\x00\x00\x00\x00\x00^\x05\x00\x00p\x05\x00\x00\x03\x00\x8c\x01\x9f\x00\x00\x00\x00\x00\x00\x00\x00t\x05\x00\x00|\x05\x00\x00\x06\x00h\x93\x01i\x93\x01\x00\x00\x00\x00\x00\x00\x00\x00t\x05\x00\x00|\x05\x00\x00\x02\x000\x9f\x00\x00\x00\x00\x00\x00\x00\x00|\x05\x00\x00\xa4\x05\x00\x00\x06\x00`\x93\x01a\x93\x01\x00\x00\x00\x00\x00\x00\x00\x00\x98\x05\x00\x00\xa4\x05\x00\x00\x06\x00h\x93\x01i\x93\x01\x00\x00\x00\x00\x00\x00\x00\x00\xb2\x05\x00\x00\xb2\x05\x00\x00\x06\x00h\x93\x01i\x93\x01\xb2\x05\x00\x00\xb2\x05\x00\x00\x04\x00\xf3\x01h\x9f\xb2\x05\x00\x00\xbc\x05\x00\x00\x06\x00\xf3\x01h#\x01\x9f\xbc\x05\x00\x00\xc0\x05\x00\x00\x03\x00\x8e\x01\x9f\xc0\x05\x00\x00\xc2\x05\x00\x00\x06\x00h\x93\x01i\x93\x01\xc2\x05\x00\x00\xcc\x05\x00\x00\x04\x00\xf3\x01h\x9f\x00\x00\x00\x00\x00\x00\x00\x00\xb2\x05\x00\x00\xb2\x05\x00\x00\x01\x00f\xb2\x05\x00\x00\xb2\x05\x00\x00\x04\x00\xf3\x01f\x9f\xb2\x05\x00\x00\xcc\x05\x00\x00\x01\x00f\x00\x00\x00\x00\x00\x00\x00\x00\xcc\x05\x00\x00\xce\x05\x00\x00\x03\x00\x92 \x02\xce\x05\x00\x00\xd0\x05\x00\x00\x03\x00\x92 \x03\xd0\x05\x00\x00\xd2\x05\x00\x00\x03\x00\x92 \x04\xd2\x05\x00\x00\xd4\x05\x00\x00\x03\x00\x92 \x05\xd4\x05\x00\x00\xd6\x05\x00\x00\x03\x00\x92 \x06\xd6\x05\x00\x00\xd8\x05\x00\x00\x03\x00\x92 \x07\xd8\x05\x00\x00\xda\x05\x00\x00\x03\x00\x92 \x08\xda\x05\x00\x00\xdc\x05\x00\x00\x03\x00\x92 \t\xdc\x05\x00\x00\xde\x05\x00\x00\x03\x00\x92 \n\xde\x05\x00\x00\xe0\x05\x00\x00\x03\x00\x92 \x0b\xe0\x05\x00\x00\xe2\x05\x00\x00\x03\x00\x92 \x0c\xe2\x05\x00\x00\xe4\x05\x00\x00\x03\x00\x92 \r\xe4\x05\x00\x00\xce\x06\x00\x00\x03\x00\x92 \x0e\x00\x00\x00\x00\x00\x00\x00\x00\xcc\x05\x00\x00\xee\x05\x00\x00\x06\x00h\x93\x01i\x93\x01\xee\x05\x00\x00\xc4\x06\x00\x00\x06\x00\\\x93\x01]\x93\x01\xc4\x06\x00\x00\xce\x06\x00\x00\x04\x00\xf3\x01h\x9f\x00\x00\x00\x00\x00\x00\x00\x00\xcc\x05\x00\x00 \x06\x00\x00\x06\x00f\x93\x01g\x93\x01 \x06\x00\x00\xce\x06\x00\x00\x04\x00\xf3\x01f\x9f\x00\x00\x00\x00\x00\x00\x00\x00\xcc\x05\x00\x00 \x06\x00\x00\x06\x00d\x93\x01e\x93\x01 \x06\x00\x00\xb2\x06\x00\x00\x06\x00`\x93\x01a\x93\x01\xb2\x06\x00\x00\xce\x06\x00\x00\x04\x00\xf3\x01d\x9f\x00\x00\x00\x00\x00\x00\x00\x00\xf4\x05\x00\x00 \x06\x00\x00\x06\x00d\x93\x01e\x93\x01 \x06\x00\x00\xa4\x06\x00\x00\x06\x00`\x93\x01a\x93\x01\x00\x00\x00\x00\x00\x00\x00\x00\xf4\x05\x00\x00 \x06\x00\x00\x06\x00f\x93\x01g\x93\x01 \x06\x00\x00\xa4\x06\x00\x00\x04\x00\xf3\x01f\x9f\x00\x00\x00\x00\x00\x00\x00\x00\xf4\x05\x00\x00\xa4\x06\x00\x00\x06\x00\\\x93\x01]\x93\x01\x00\x00\x00\x00\x00\x00\x00\x00\xf4\x05\x00\x00\x9e\x06\x00\x00\x02\x003\x9f\x00\x00\x00\x00\x00\x00\x00\x00\xf4\x05\x00\x00 \x06\x00\x00\x06\x00d\x93\x01e\x93\x01 \x06\x00\x00\x9e\x06\x00\x00\x06\x00l\x93\x01m\x93\x01\x00\x00\x00\x00\x00\x00\x00\x00\xf4\x05\x00\x00 \x06\x00\x00\x06\x00f\x93\x01g\x93\x01 \x06\x00\x00\x9e\x06\x00\x00\x04\x00\xf3\x01f\x9f\x00\x00\x00\x00\x00\x00\x00\x00 \x06\x00\x00d\x06\x00\x00\x06\x00^\x93\x01_\x93\x01d\x06\x00\x00d\x06\x00\x00\x06\x00n\x93\x01o\x93\x01d\x06\x00\x00j\x06\x00\x00\x03\x00\x8e\x01\x9fj\x06\x00\x00t\x06\x00\x00\x06\x00n\x93\x01o\x93\x01t\x06\x00\x00\x9e\x06\x00\x00\x06\x00^\x93\x01_\x93\x01\x00\x00\x00\x00\x00\x00\x00\x00 \x06\x00\x00\x9e\x06\x00\x00\x01\x00Z\x00\x00\x00\x00\x00\x00\x00\x00 \x06\x00\x00|\x06\x00\x00\x01\x00[\x80\x06\x00\x00\x90\x06\x00\x00\x01\x00[\x96\x06\x00\x00\x9e\x06\x00\x00\x01\x00[\x00\x00\x00\x00\x00\x00\x00\x00,\x06\x00\x009\x06\x00\x00\x01\x00h<\x06\x00\x00V\x06\x00\x00\x01\x00hZ\x06\x00\x00|\x06\x00\x00\x01\x00h\x80\x06\x00\x00\x84\x06\x00\x00\x01\x00h\x00\x00\x00\x00\x00\x00\x00\x00H\x06\x00\x00X\x06\x00\x00\x03\x00i\x93\x01Z\x06\x00\x00\x96\x06\x00\x00\x03\x00i\x93\x01\x00\x00\x00\x00\x00\x00\x00\x00F\x06\x00\x00N\x06\x00\x00\x02\x003\x9f\x00\x00\x00\x00\x00\x00\x00\x00F\x06\x00\x00N\x06\x00\x00\x06\x00\xf2\x075\x00\x00\x00\x00\x00\x00\x00\x00\x00\x00\x00J\x06\x00\x00N\x06\x00\x00\x02\x003\x9f\x00\x00\x00\x00\x00\x00\x00\x00V\x06\x00\x00X\x06\x00\x00\x06\x00\xf2\x075\x00\x00\x00\x00\x00\x00\x00\x00\x00\x00\x00j\x06\x00\x00p\x06\x00\x00\x01\x00d\x00\x00\x00\x00\x00\x00\x00\x00\xa4\x06\x00\x00\xb2\x06\x00\x00\x06\x00\\\x93\x01]\x93\x01\x00\x00\x00\x00\x00\x00\x00\x00\xa4\x06\x00\x00\xae\x06\x00\x00\x02\x001\x9f\x00\x00\x00\x00\x00\x00\x00\x00\xce\x06\x00\x00\xd0\x06\x00\x00\x03\x00\x92 \x02\xd0\x06\x00\x00\xd2\x06\x00\x00\x03\x00\x92 \x03\xd2\x06\x00\x00\xd4\x06\x00\x00\x03\x00\x92 \x04\xd4\x06\x00\x00\xd8\x06\x00\x00\x03\x00\x92 \x05\xd8\x06\x00\x00\xfa\x06\x00\x00\x02\x00\x8c\x05\x00\x00\x00\x00\x00\x00\x00\x00\xce\x06\x00\x00\xf1\x06\x00\x00\x06\x00h\x93\x01i\x93\x01\xf1\x06\x00\x00\xfa\x06\x00\x00\x04\x00\xf3\x01h\x9f\x00\x00\x00\x00\x00\x00\x00\x00\xce\x06\x00\x00\xec\x06\x00\x00\x01\x00f\xec\x06\x00\x00\xf1\x06\x00\x00\x02\x00\x8c\x01\x00\x00\x00\x00\x00\x00\x00\x00\xfa\x06\x00\x00\xfc\x06\x00\x00\x06\x00h\x93\x01i\x93\x01\xfc\x06\x00\x00\x10\x07\x00\x00\x04\x00\xf3\x01h\x9f\x00\x00\x00\x00\x00\x00\x00\x00\xfa\x06\x00\x00\x0e\x07\x00\x00\x02\x003\x9f\x00\x00\x00\x00\x00\x00\x00\x00\xfa\x06\x00\x00\x00\x07\x00\x00\x02\x003\x9f\x00\x00\x00\x00\x00\x00\x00\x00\x10\x07\x00\x00\x13\x07\x00\x00\x06\x00h\x93\x01i\x93\x01\x13\x07\x00\x00\x18\x07\x00\x00\x04\x00\xf3\x01h\x9f\x00\x00\x00\x00\x00\x00\x00\x00\x18\x07\x00\x00\x1a\x07\x00\x00\x03\x00\x92 \x02\x1a\x07\x00\x00\x1c\x07\x00\x00\x03\x00\x92 \x03\x1c\x07\x00\x00\x1e\x07\x00\x00\x03\x00\x92 \x04\x1e\x07\x00\x00"\x07\x00\x00\x03\x00\x92 \x05"\x07\x00\x00T\x07\x00\x00\x02\x00\x8c\x05\x00\x00\x00\x00\x00\x00\x00\x00\x18\x07\x00\x00(\x07\x00\x00\x06\x00h\x93\x01i\x93\x01(\x07\x00\x004\x07\x00\x00\x06\x00n\x93\x01o\x93\x014\x07\x00\x00<\x07\x00\x00\x04\x00\xf3\x01h\x9f<\x07\x00\x00C\x07\x00\x00\x06\x00n\x93\x01o\x93\x01C\x07\x00\x00T\x07\x00\x00\x04\x00\xf3\x01h\x9f\x00\x00\x00\x00\x00\x00\x00\x00,\x07\x00\x004\x07\x00\x00\x06\x00h\x93\x01i\x93\x01\x00\x00\x00\x00\x00\x00\x00\x00<\x07\x00\x00R\x07\x00\x00\x02\x002\x9f\x00\x00\x00\x00\x00\x00\x00\x00T\x07\x00\x00V\x07\x00\x00\x03\x00\x92 \x02V\x07\x00\x00X\x07\x00\x00\x03\x00\x92 \x03X\x07\x00\x00Z\x07\x00\x00\x03\x00\x92 \x04Z\x07\x00\x00\\\x07\x00\x00\x03\x00\x92 \x05\\\x07\x00\x00^\x07\x00\x00\x03\x00\x92 \x06^\x07\x00\x00b\x07\x00\x00\x03\x00\x92 \x07b\x07\x00\x00\x9c\x07\x00\x00\x02\x00\x8c\x07\x00\x00\x00\x00\x00\x00\x00\x00T\x07\x00\x00j\x07\x00\x00\x06\x00h\x93\x01i\x93\x01j\x07\x00\x00\x94\x07\x00\x00\x06\x00`\x93\x01a\x93\x01\x94\x07\x00\x00\x96\x07\x00\x00\x06\x00n\x93\x01o\x93\x01\x96\x07\x00\x00\x9c\x07\x00\x00\x06\x00`\x93\x01a\x93\x01\x00\x00\x00\x00\x00\x00\x00\x00n\x07\x00\x00~\x07\x00\x00\x02\x002\x9f\x96\x07\x00\x00\x9c\x07\x00\x00\x02\x002\x9f\x00\x00\x00\x00\x00\x00\x00\x00\x9c\x07\x00\x00\xa2\x07\x00\x00\x06\x00h\x93\x01i\x93\x01\xa2\x07\x00\x00\xd0\x07\x00\x00\x06\x00n\x93\x01o\x93\x01\x00\x00\x00\x00\x00\x00\x00\x00\xa6\x07\x00\x00\xb6\x07\x00\x00\x02\x002\x9f\x00\x00\x00\x00\x00\x00\x00\x00\xa8\x07\x00\x00\xb6\x07\x00\x00\x03\x00i\x93\x01\x00\x00\x00\x00\x00\x00\x00\x00\xa6\x07\x00\x00\xb0\x07\x00\x00\x02\x002\x9f\x00\x00\x00\x00\x00\x00\x00\x00\xa6\x07\x00\x00\xb0\x07\x00\x00\x06\x00\xf2\xcc8\x00\x00\x00\x00\x00\x00\x00\x00\x00\x00\x00\xaa\x07\x00\x00\xb0\x07\x00\x00\x02\x002\x9f\x00\x00\x00\x00\x00\x00\x00\x00\xb4\x07\x00\x00\xb6\x07\x00\x00\x06\x00\xf2\xcc8\x00\x00\x00\x00\x00\x00\x00\x00\x00\x00\x00\xbc\x07\x00\x00\xcc\x07\x00\x00\x02\x002\x9f\x00\x00\x00\x00\x00\x00\x00\x00\xbe\x07\x00\x00\xcc\x07\x00\x00\x03\x00i\x93\x01\x00\x00\x00\x00\x00\x00\x00\x00\xbc\x07\x00\x00\xc6\x07\x00\x00\x02\x002\x9f\x00\x00\x00\x00\x00\x00\x00\x00\xbc\x07\x00\x00\xc6\x07\x00\x00\x06\x00\xf2e9\x00\x00\x00\x00\x00\x00\x00\x00\x00\x00\x00\xc0\x07\x00\x00\xc6\x07\x00\x00\x02\x002\x9f\x00\x00\x00\x00\x00\x00\x00\x00\xca\x07\x00\x00\xcc\x07\x00\x00\x06\x00\xf2e9\x00\x00\x00\x00\x00\x00\x00\x00\x00\x00\x00\xd0\x07\x00\x00\xd2\x07\x00\x00\x03\x00\x92 \x02\xd2\x07\x00\x00\xd4\x07\x00\x00\x03\x00\x92 \x03\xd4\x07\x00\x00\xd6\x07\x00\x00\x03\x00\x92 \x04\xd6\x07\x00\x00\xd8\x07\x00\x00\x03\x00\x92 \x05\xd8\x07\x00\x00R\x08\x00\x00\x03\x00\x92 \x06\x00\x00\x00\x00\x00\x00\x00\x00\xd0\x07\x00\x00\xde\x07\x00\x00\x06\x00h\x93\x01i\x93\x01\xde\x07\x00\x00L\x08\x00\x00\x06\x00l\x93\x01m\x93\x01L\x08\x00\x00R\x08\x00\x00\x04\x00\xf3\x01h\x9f\x00\x00\x00\x00\x00\x00\x00\x00\xfe\x07\x00\x002\x08\x00\x00\x06\x00`\x93\x01a\x93\x01H\x08\x00\x00P\x08\x00\x00\x06\x00`\x93\x01a\x93\x01\x00\x00\x00\x00\x00\x00\x00\x00V\x08\x00\x00\x9a\x08\x00\x00\x01\x00h\x9a\x08\x00\x00\xa0\x08\x00\x00\x04\x00\xf3\x01h\x9f\xa0\x08\x00\x00\xa4\x08\x00\x00\x01\x00h\xa4\x08\x00\x00\xa6\x08\x00\x00\x04\x00\xf3\x01h\x9f\x00\x00\x00\x00\x00\x00\x00\x00V\x08\x00\x00z\x08\x00\x00\x02\x000\x9fz\x08\x00\x00\x9a\x08\x00\x00\x01\x00c\xa0\x08\x00\x00\xa6\x08\x00\x00\x02\x000\x9f\x00\x00\x00\x00\x00\x00\x00\x00V\x08\x00\x00z\x08\x00\x00\x02\x000\x9f\xa0\x08\x00\x00\xa6\x08\x00\x00\x02\x000\x9f\x00\x00\x00\x00\x00\x00\x00\x00V\x08\x00\x00\x9a\x08\x00\x00\x02\x001\x9f\x9a\x08\x00\x00\xa0\x08\x00\x00\x01\x00h\xa0\x08\x00\x00\xa6\x08\x00\x00\x02\x001\x9f\x00\x00\x00\x00\x00\x00\x00\x00V\x08\x00\x00z\x08\x00\x00\x02\x000\x9fz\x08\x00\x00\xa0\x08\x00\x00\x01\x00i\xa0\x08\x00\x00\xa6\x08\x00\x00\x02\x000\x9f\x00\x00\x00\x00\x00\x00\x00\x00~\x08\x00\x00\x80\x08\x00\x00\x01\x00c\x00\x00\x00\x00\x00\x00\x00\x00~\x08\x00\x00\x84\x08\x00\x00\x0e\x00\x83\x00\x08\xff\x1a9\x1e\x03\xa0\x06\x80\x00"\x9f\x84\x08\x00\x00\x8c\x08\x00\x00\x0e\x00\x83\x7f\x08\xff\x1a9\x1e\x03\xa0\x06\x80\x00"\x9f\x00\x00\x00\x00\x00\x00\x00\x00\xa6\x08\x00\x00\xc0\x08\x00\x00\x02\x001\x9f\x00\x00\x00\x00\x00\x00\x00\x00\xa6\x08\x00\x00\xb0\x08\x00\x00\x02\x000\x9f\xb0\x08\x00\x00\xc0\x08\x00\x00\x01\x00i\x00\x00\x00\x00\x00\x00\x00\x00\xa6\x08\x00\x00\xb0\x08\x00\x00\x02\x000\x9f\x00\x00\x00\x00\x00\x00\x00\x00\xc2\x08\x00\x00\x1c\t\x00\x00\x03\x00\x08\xff\x9f\x1c\t\x00\x00\x1e\t\x00\x00\x03\x00\x08)\x9f\x00\x00\x00\x00\x00\x00\x00\x00\xce\x08\x00\x00\xd2\x08\x00\x00\x02\x002\x9f\xd2\x08\x00\x00\xd6\x08\x00\x00\x02\x001\x9f\xd6\x08\x00\x00\xda\x08\x00\x00\x02\x000\x9f\x00\x00\x00\x00\x00\x00\x00\x00\xce\x08\x00\x00\xda\x08\x00\x00\x02\x000\x9f\x00\x00\x00\x00\x00\x00\x00\x00\xfc\x08\x00\x00\x02\t\x00\x00\x06\x00n\x93\x01o\x93\x01\x02\t\x00\x00\x04\t\x00\x00\x03\x00\x8e\x01\x9f\x04\t\x00\x00\x06\t\x00\x00\x06\x00n\x93\x01o\x93\x01\x00\x00\x00\x00\x00\x00\x00\x00\x1e\t\x00\x00.\t\x00\x00\x06\x00h\x93\x01i\x93\x01.\t\x00\x000\t\x00\x00\x06\x00j\x93\x01k\x93\x01\x00\x00\x00\x00\x00\x00\x00\x000\t\x00\x002\t\x00\x00\x03\x00\x92 \x022\t\x00\x004\t\x00\x00\x03\x00\x92 \x034\t\x00\x006\t\x00\x00\x03\x00\x92 \x046\t\x00\x008\t\x00\x00\x03\x00\x92 \x058\t\x00\x00d\t\x00\x00\x03\x00\x92 \x06\x00\x00\x00\x00\x00\x00\x00\x000\t\x00\x00?\t\x00\x00\x06\x00h\x93\x01i\x93\x01?\t\x00\x00b\t\x00\x00\x06\x00`\x93\x01a\x93\x01b\t\x00\x00d\t\x00\x00\x04\x00\xf3\x01h\x9f\x00\x00\x00\x00\x00\x00\x00\x00:\t\x00\x00J\t\x00\x00\x02\x000\x9fJ\t\x00\x00d\t\x00\x00\x06\x00h\x93\x01i\x93\x01\x00\x00\x00\x00\x00\x00\x00\x00:\t\x00\x00B\t\x00\x00\x02\x000\x9fB\t\x00\x00F\t\x00\x00\x06\x00h\x93\x01i\x93\x01F\t\x00\x00^\t\x00\x00\x06\x00l\x93\x01m\x93\x01\x00\x00\x00\x00\x00\x00\x00\x00d\t\x00\x00f\t\x00\x00\x03\x00\x92 \x02f\t\x00\x00h\t\x00\x00\x03\x00\x92 \x03h\t\x00\x00\xc4\t\x00\x00\x03\x00\x92 \x04\x00\x00\x00\x00\x00\x00\x00\x00p\t\x00\x00\xb6\t\x00\x00\x06\x00d\x93\x01e\x93\x01\xb6\t\x00\x00\xc3\t\x00\x00\x05\x00\x03\x02\x01\x80\x00\x00\x00\x00\x00\x00\x00\x00\x00\xb2\t\x00\x00\xb6\t\x00\x00\x03\x00\x84\x04\x9f\xb6\t\x00\x00\xc3\t\x00\x00\x06\x00d\x93\x01e\x93\x01\x00\x00\x00\x00\x00\x00\x00\x00\xb2\t\x00\x00\xc3\t\x00\x00\x06\x00j\x93\x01k\x93\x01\x00\x00\x00\x00\x00\x00\x00\x00\xc4\t\x00\x00\xdc\t\x00\x00\x01\x00h\xdc\t\x00\x00\xe1\t\x00\x00\x02\x00\x8e\x05\xe1\t\x00\x00\xe2\t\x00\x00\x04\x00\xf3\x01h\x9f\x00\x00\x00\x00\x00\x00\x00\x00\xc4\t\x00\x00\xdc\t\x00\x00\x01\x00h\xdc\t\x00\x00\xe1\t\x00\x00\x02\x00\x8e\x05\xe1\t\x00\x00\xe2\t\x00\x00\x04\x00\xf3\x01h\x9f\x00\x00\x00\x00\x00\x00\x00\x00\xd0\t\x00\x00\xd8\t\x00\x00\x02\x002\x9f\x00\x00\x00\x00\x00\x00\x00\x00\xe2\t\x00\x00\xe4\t\x00\x00\x03\x00\x92 \x02\xe4\t\x00\x002\n\x00\x00\x03\x00\x92 \x03\x00\x00\x00\x00\x00\x00\x00\x00\xe2\t\x00\x00\xe9\t\x00\x00\x06\x00h\x93\x01i\x93\x01\xe9\t\x00\x002\n\x00\x00\x04\x00\xf3\x01h\x9f\x00\x00\x00\x00\x00\x00\x00\x00\xec\t\x00\x00\xfc\t\x00\x00\x01\x00h\xfc\t\x00\x00\xfe\t\x00\x00\x01\x00l\x02\n\x00\x00\x0c\n\x00\x00\x01\x00h\x0c\n\x00\x002\n\x00\x00\x01\x00l\x00\x00\x00\x00\x00\x00\x00\x00\xec\t\x00\x00\xfc\t\x00\x00\x02\x000\x9f\x02\n\x00\x00.\n\x00\x00\x02\x000\x9f\x00\x00\x00\x00\x00\x00\x00\x00\xec\t\x00\x00\xfc\t\x00\x00\x02\x000\x9f\x02\n\x00\x00.\n\x00\x00\x02\x000\x9f.\n\x00\x002\n\x00\x00\x02\x007\x9f\x00\x00\x00\x00\x00\x00\x00\x00\xfa\t\x00\x00\xfc\t\x00\x00\x02\x00B\x9f\x00\x00\x00\x00\x00\x00\x00\x00\x10\n\x00\x00.\n\x00\x00\x01\x00l\x00\x00\x00\x00\x00\x00\x00\x002\n\x00\x004\n\x00\x00\x06\x00h\x93\x01i\x93\x014\n\x00\x008\n\x00\x00\x04\x00\xf3\x01h\x9f\x00\x00\x00\x00\x00\x00\x00\x008\n\x00\x00:\n\x00\x00\x06\x00h\x93\x01i\x93\x01:\n\x00\x00>\n\x00\x00\x04\x00\xf3\x01h\x9f\x00\x00\x00\x00\x00\x00\x00\x00F\n\x00\x00N\n\x00\x00\x02\x001\x9f\x00\x00\x00\x00\x00\x00\x00\x00X\n\x00\x00a\n\x00\x00\x06\x00h\x93\x01i\x93\x01a\n\x00\x00b\n\x00\x00\x04\x00\xf3\x01h\x9fb\n\x00\x00e\n\x00\x00\x06\x00h\x93\x01i\x93\x01e\n\x00\x00f\n\x00\x00\x04\x00\xf3\x01h\x9f\x00\x00\x00\x00\x00\x00\x00\x00f\n\x00\x00h\n\x00\x00\x03\x00\x92 \x02h\n\x00\x00j\n\x00\x00\x03\x00\x92 \x03j\n\x00\x00l\n\x00\x00\x03\x00\x92 \x04l\n\x00\x006\x0b\x00\x00\x03\x00\x92 \x05\x00\x00\x00\x00\x00\x00\x00\x00f\n\x00\x00|\n\x00\x00\x06\x00h\x93\x01i\x93\x01|\n\x00\x00\x86\n\x00\x00\x04\x00\xf3\x01h\x9f\x86\n\x00\x00\x8d\n\x00\x00\x06\x00h\x93\x01i\x93\x01\x8d\n\x00\x00\xb8\n\x00\x00\x06\x00l\x93\x01m\x93\x01\xb8\n\x00\x00*\x0b\x00\x00\x04\x00\xf3\x01h\x9f*\x0b\x00\x000\x0b\x00\x00\x06\x00l\x93\x01m\x93\x010\x0b\x00\x006\x0b\x00\x00\x04\x00\xf3\x01h\x9f\x00\x00\x00\x00\x00\x00\x00\x00z\n\x00\x00\x86\n\x00\x00\x02\x00B\x9f\x00\x00\x00\x00\x00\x00\x00\x00\x88\n\x00\x00\xb8\n\x00\x00\x06\x00l\x93\x01m\x93\x01\xb8\n\x00\x00*\x0b\x00\x00\x04\x00\xf3\x01h\x9f*\x0b\x00\x000\x0b\x00\x00\x06\x00l\x93\x01m\x93\x010\x0b\x00\x006\x0b\x00\x00\x04\x00\xf3\x01h\x9f\x00\x00\x00\x00\x00\x00\x00\x00\x8e\n\x00\x00\x04\x0b\x00\x00\x01\x00h*\x0b\x00\x00.\x0b\x00\x00\x01\x00h0\x0b\x00\x004\x0b\x00\x00\x01\x00h\x00\x00\x00\x00\x00\x00\x00\x00\x8e\n\x00\x00\xb8\n\x00\x00\x06\x00\x8c\x02\x94\x02#\x05\xb8\n\x00\x00\xc4\n\x00\x00\x02\x00\x8e\x05\xc4\n\x00\x00\xd0\n\x00\x00\t\x00\xf3\x01h#\x02\x94\x02#\x05*\x0b\x00\x000\x0b\x00\x00\x06\x00\x8c\x02\x94\x02#\x050\x0b\x00\x006\x0b\x00\x00\x02\x00\x8e\x05\x00\x00\x00\x00\x00\x00\x00\x00\x8e\n\x00\x00\xb8\n\x00\x00\x06\x00\x8c\x02\x94\x02#\x04\xb8\n\x00\x00\xc4\n\x00\x00\x02\x00\x8e\x04\xc4\n\x00\x00\xd0\n\x00\x00\t\x00\xf3\x01h#\x02\x94\x02#\x04*\x0b\x00\x000\x0b\x00\x00\x06\x00\x8c\x02\x94\x02#\x040\x0b\x00\x006\x0b\x00\x00\x02\x00\x8e\x04\x00\x00\x00\x00\x00\x00\x00\x00\x8e\n\x00\x00 \x0b\x00\x00\x03\x00\x08\xff\x9f*\x0b\x00\x006\x0b\x00\x00\x03\x00\x08\xff\x9f\x00\x00\x00\x00\x00\x00\x00\x00\x8e\n\x00\x00\xae\n\x00\x00\x02\x003\x9f*\x0b\x00\x000\x0b\x00\x00\x02\x003\x9f\x00\x00\x00\x00\x00\x00\x00\x00\xae\n\x00\x00\xb8\n\x00\x00\x06\x00\x8c\x02\x94\x02#\x05\xb8\n\x00\x00\xc4\n\x00\x00\x02\x00\x8e\x05\xc4\n\x00\x00\xd0\n\x00\x00\t\x00\xf3\x01h#\x02\x94\x02#\x050\x0b\x00\x006\x0b\x00\x00\x02\x00\x8e\x05\x00\x00\x00\x00\x00\x00\x00\x00\xae\n\x00\x00\xb8\n\x00\x00\x06\x00\x8c\x02\x94\x02#\x04\xb8\n\x00\x00\xc4\n\x00\x00\x02\x00\x8e\x04\xc4\n\x00\x00\xd0\n\x00\x00\t\x00\xf3\x01h#\x02\x94\x02#\x040\x0b\x00\x006\x0b\x00\x00\x02\x00\x8e\x04\x00\x00\x00\x00\x00\x00\x00\x00\xae\n\x00\x00\x04\x0b\x00\x00\x01\x00h0\x0b\x00\x004\x0b\x00\x00\x01\x00h\x00\x00\x00\x00\x00\x00\x00\x00\xd0\n\x00\x00\xd6\n\x00\x00\x01\x00c\xd6\n\x00\x00\xe0\n\x00\x00\x01\x00i\xe0\n\x00\x00\xf2\n\x00\x00\x01\x00f\xf2\n\x00\x00\xf4\n\x00\x00\x01\x00i\xf4\n\x00\x00 \x0b\x00\x00\x01\x00f\x00\x00\x00\x00\x00\x00\x00\x006\x0b\x00\x008\x0b\x00\x00\x03\x00\x92 \x028\x0b\x00\x00:\x0b\x00\x00\x03\x00\x92 \x03:\x0b\x00\x00\xfc\x0b\x00\x00\x03\x00\x92 \x04\x00\x00\x00\x00\x00\x00\x00\x006\x0b\x00\x00J\x0b\x00\x00\x06\x00h\x93\x01i\x93\x01J\x0b\x00\x00R\x0b\x00\x00\x04\x00\xf3\x01h\x9fR\x0b\x00\x00Y\x0b\x00\x00\x06\x00h\x93\x01i\x93\x01Y\x0b\x00\x00\xa0\x0b\x00\x00\x06\x00l\x93\x01m\x93\x01\xa0\x0b\x00\x00\xf0\x0b\x00\x00\x04\x00\xf3\x01h\x9f\xf0\x0b\x00\x00\xfc\x0b\x00\x00\x06\x00l\x93\x01m\x93\x01\x00\x00\x00\x00\x00\x00\x00\x00H\x0b\x00\x00R\x0b\x00\x00\x02\x00B\x9f\x00\x00\x00\x00\x00\x00\x00\x00T\x0b\x00\x00\xa0\x0b\x00\x00\x06\x00l\x93\x01m\x93\x01\xa0\x0b\x00\x00\xf0\x0b\x00\x00\x04\x00\xf3\x01h\x9f\xf0\x0b\x00\x00\xfc\x0b\x00\x00\x06\x00l\x93\x01m\x93\x01\x00\x00\x00\x00\x00\x00\x00\x00Z\x0b\x00\x00\xcc\x0b\x00\x00\x01\x00h\xf0\x0b\x00\x00\xf4\x0b\x00\x00\x01\x00h\xf6\x0b\x00\x00\xfa\x0b\x00\x00\x01\x00h\x00\x00\x00\x00\x00\x00\x00\x00Z\x0b\x00\x00\x9a\x0b\x00\x00\x06\x00\x8c\x02\x94\x02#\x04\xf0\x0b\x00\x00\xf6\x0b\x00\x00\x06\x00\x8c\x02\x94\x02#\x04\xf6\x0b\x00\x00\xfc\x0b\x00\x00\x02\x00\x8e\x04\x00\x00\x00\x00\x00\x00\x00\x00Z\x0b\x00\x00\xe8\x0b\x00\x00\x03\x00\x08\xff\x9f\xf0\x0b\x00\x00\xfc\x0b\x00\x00\x03\x00\x08\xff\x9f\x00\x00\x00\x00\x00\x00\x00\x00Z\x0b\x00\x00z\x0b\x00\x00\x02\x002\x9f\xf0\x0b\x00\x00\xf6\x0b\x00\x00\x02\x002\x9f\x00\x00\x00\x00\x00\x00\x00\x00z\x0b\x00\x00\x9a\x0b\x00\x00\x06\x00\x8c\x02\x94\x02#\x04\xf6\x0b\x00\x00\xfc\x0b\x00\x00\x02\x00\x8e\x04\x00\x00\x00\x00\x00\x00\x00\x00z\x0b\x00\x00\xcc\x0b\x00\x00\x01\x00h\xf6\x0b\x00\x00\xfa\x0b\x00\x00\x01\x00h\x00\x00\x00\x00\x00\x00\x00\x00\x9a\x0b\x00\x00\xa0\x0b\x00\x00\x01\x00b\xa0\x0b\x00\x00\xc0\x0b\x00\x00\x01\x00c\xc0\x0b\x00\x00\xe8\x0b\x00\x00\x01\x00f\x00\x00\x00\x00\x00\x00\x00\x00\xfc\x0b\x00\x00\x0c\x0c\x00\x00\x06\x00h\x93\x01i\x93\x01\x0c\x0c\x00\x00\x10\x0c\x00\x00\x04\x00\xf3\x01h\x9f\x10\x0c\x00\x00\x15\x0c\x00\x00\x06\x00h\x93\x01i\x93\x01\x15\x0c\x00\x00\x9a\x0c\x00\x00\x04\x00\xf3\x01h\x9f\x00\x00\x00\x00\x00\x00\x00\x00\n\x0c\x00\x00\x10\x0c\x00\x00\x02\x00B\x9f\x00\x00\x00\x00\x00\x00\x00\x00\x10\x0c\x00\x00\x15\x0c\x00\x00\x06\x00h\x93\x01i\x93\x01\x15\x0c\x00\x00\x9a\x0c\x00\x00\x04\x00\xf3\x01h\x9f\x00\x00\x00\x00\x00\x00\x00\x00\x16\x0c\x00\x00\x8a\x0c\x00\x00\x01\x00h\x8e\x0c\x00\x00\x92\x0c\x00\x00\x01\x00h\x94\x0c\x00\x00\x98\x0c\x00\x00\x01\x00h\x00\x00\x00\x00\x00\x00\x00\x00\x16\x0c\x00\x00\x8a\x0c\x00\x00\x03\x00\x08\xff\x9f\x8e\x0c\x00\x00\x9a\x0c\x00\x00\x03\x00\x08\xff\x9f\x00\x00\x00\x00\x00\x00\x00\x00\x16\x0c\x00\x000\x0c\x00\x00\x02\x001\x9f\x8e\x0c\x00\x00\x94\x0c\x00\x00\x02\x001\x9f\x00\x00\x00\x00\x00\x00\x00\x000\x0c\x00\x00\x8a\x0c\x00\x00\x01\x00h\x94\x0c\x00\x00\x98\x0c\x00\x00\x01\x00h\x00\x00\x00\x00\x00\x00\x00\x00P\x0c\x00\x00V\x0c\x00\x00\x01\x00iV\x0c\x00\x00z\x0c\x00\x00\x01\x00bz\x0c\x00\x00\x8a\x0c\x00\x00\x01\x00d\x00\x00\x00\x00\x00\x00\x00\x00\x9a\x0c\x00\x00\xa2\x0c\x00\x00\x06\x00h\x93\x01i\x93\x01\xa2\x0c\x00\x00\xb4\x0c\x00\x00\x04\x00\xf3\x01h\x9f\x00\x00\x00\x00\x00\x00\x00\x00\xa6\x0c\x00\x00\xac\x0c\x00\x00\x02\x00B\x9f\x00\x00\x00\x00\x00\x00\x00\x00\xb4\x0c\x00\x00\xbc\x0c\x00\x00\x06\x00h\x93\x01i\x93\x01\xbc\x0c\x00\x00\xca\x0c\x00\x00\x04\x00\xf3\x01h\x9f\x00\x00\x00\x00\x00\x00\x00\x00\xc0\x0c\x00\x00\xc6\x0c\x00\x00\x03\x00\x08)\x9f\x00\x00\x00\x00\x00\x00\x00\x00\xce\x0c\x00\x00\xd6\x0c\x00\x00\x06\x00h\x93\x01i\x93\x01\xd6\x0c\x00\x00\xf0\x0c\x00\x00\x04\x00\xf3\x01h\x9f\x00\x00\x00\x00\x00\x00\x00\x00\xda\x0c\x00\x00\xe0\x0c\x00\x00\x03\x00\x08)\x9f\x00\x00\x00\x00\x00\x00\x00\x00\xe0\x0c\x00\x00\xec\x0c\x00\x00\x02\x001\x9f\x00\x00\x00\x00\x00\x00\x00\x00\xf0\x0c\x00\x00\x00\r\x00\x00\x06\x00h\x93\x01i\x93\x01\x00\r\x00\x00\x04\r\x00\x00\x04\x00\xf3\x01h\x9f\x04\r\x00\x00\x1e\r\x00\x00\x06\x00h\x93\x01i\x93\x01\x1e\r\x00\x009\r\x00\x00\x06\x00j\x93\x01k\x93\x019\r\x00\x00:\r\x00\x00\x04\x00\xf3\x01h\x9f\x00\x00\x00\x00\x00\x00\x00\x00\xf0\x0c\x00\x00\x04\r\x00\x00\x08\x000\x9f\x93\x010\x9f\x93\x04\x04\r\x00\x00\x1e\r\x00\x00\x11\x000\x9f\x93\x01\x88\x02\x94\x02@$@&#\x02\x9f\x93\x04\x1e\r\x00\x009\r\x00\x00\x11\x000\x9f\x93\x01\x8a\x02\x94\x02@$@&#\x02\x9f\x93\x049\r\x00\x00:\r\x00\x00\x06\x000\x9f\x93\x01\x93\x04\x00\x00\x00\x00\x00\x00\x00\x00\xfe\x0c\x00\x00\x04\r\x00\x00\x03\x00\x08)\x9f\x00\x00\x00\x00\x00\x00\x00\x00:\r\x00\x00B\r\x00\x00\x06\x00h\x93\x01i\x93\x01B\r\x00\x00P\r\x00\x00\x04\x00\xf3\x01h\x9f\x00\x00\x00\x00\x00\x00\x00\x00F\r\x00\x00L\r\x00\x00\x02\x00B\x9f\x00\x00\x00\x00\x00\x00\x00\x00T\r\x00\x00^\r\x00\x00\x06\x00h\x93\x01i\x93\x01^\r\x00\x00q\r\x00\x00\x06\x00j\x93\x01k\x93\x01q\r\x00\x00r\r\x00\x00\x04\x00\xf3\x01h\x9fr\r\x00\x00\x98\r\x00\x00\x06\x00j\x93\x01k\x93\x01\x98\r\x00\x00\xa4\r\x00\x00\x04\x00\xf3\x01h\x9f\xa4\r\x00\x00\xab\r\x00\x00\x06\x00j\x93\x01k\x93\x01\xab\r\x00\x00\xb2\r\x00\x00\x04\x00\xf3\x01h\x9f\xb2\r\x00\x00\xb9\r\x00\x00\x06\x00j\x93\x01k\x93\x01\xb9\r\x00\x00\xbc\r\x00\x00\x04\x00\xf3\x01h\x9f\xbc\r\x00\x00\xc0\r\x00\x00\x06\x00j\x93\x01k\x93\x01\x00\x00\x00\x00\x00\x00\x00\x00T\r\x00\x00^\r\x00\x00\x02\x001\x9f\x00\x00\x00\x00\x00\x00\x00\x00T\r\x00\x00^\r\x00\x00\x06\x00h\x93\x01i\x93\x01\x00\x00\x00\x00\x00\x00\x00\x00l\r\x00\x00n\r\x00\x00\x02\x00B\x9f\x00\x00\x00\x00\x00\x00\x00\x00\x80\r\x00\x00\x94\r\x00\x00\x01\x00i\x00\x00\x00\x00\x00\x00\x00\x00\x94\r\x00\x00\x98\r\x00\x00\x02\x004\x9f\x00\x00\x00\x00\x00\x00\x00\x00\xac\r\x00\x00\xb2\r\x00\x00\x02\x003\x9f\x00\x00\x00\x00\x00\x00\x00\x00\xc0\r\x00\x00\xc2\r\x00\x00\x03\x00\x92 \x02\xc2\r\x00\x00\xc4\r\x00\x00\x03\x00\x92 \x03\xc4\r\x00\x00\xc6\r\x00\x00\x03\x00\x92 \x04\xc6\r\x00\x00f\x0e\x00\x00\x03\x00\x92 \x05\x00\x00\x00\x00\x00\x00\x00\x00\xc0\r\x00\x00\xcd\r\x00\x00\x06\x00h\x93\x01i\x93\x01\xcd\r\x00\x00\xec\r\x00\x00\x06\x00l\x93\x01m\x93\x01\xec\r\x00\x00\xf2\r\x00\x00\x04\x00\xf3\x01h\x9f\xf2\r\x00\x00P\x0e\x00\x00\x06\x00l\x93\x01m\x93\x01P\x0e\x00\x00V\x0e\x00\x00\x04\x00\xf3\x01h\x9fV\x0e\x00\x00f\x0e\x00\x00\x06\x00l\x93\x01m\x93\x01\x00\x00\x00\x00\x00\x00\x00\x00\xc8\r\x00\x00$\x0e\x00\x00\x02\x000\x9f\x00\x00\x00\x00\x00\x00\x00\x00\xd0\r\x00\x00\xee\r\x00\x00\x01\x00a\xf2\r\x00\x00R\x0e\x00\x00\x01\x00aR\x0e\x00\x00U\x0e\x00\x00\x02\x00\x8e\x00V\x0e\x00\x00f\x0e\x00\x00\x01\x00a\x00\x00\x00\x00\x00\x00\x00\x00\xda\r\x00\x00\xe2\r\x00\x00\x06\x00h\x93\x01i\x93\x01\xe2\r\x00\x00\xf1\r\x00\x00\x06\x00n\x93\x01o\x93\x01\xf2\r\x00\x00(\x0e\x00\x00\x06\x00n\x93\x01o\x93\x01(\x0e\x00\x00U\x0e\x00\x00\t\x00\x8e\x00\x03T\x07\x80\x00\x1c\x9fV\x0e\x00\x00f\x0e\x00\x00\t\x00\x8e\x00\x03T\x07\x80\x00\x1c\x9f\x00\x00\x00\x00\x00\x00\x00\x00\xe6\r\x00\x00\xe8\r\x00\x00\x02\x00A\x9f\x00\x00\x00\x00\x00\x00\x00\x00\xfe\r\x00\x00\x02\x0e\x00\x00\x02\x00B\x9f\x00\x00\x00\x00\x00\x00\x00\x00$\x0e\x00\x00(\x0e\x00\x00\x06\x00n\x93\x01o\x93\x01(\x0e\x00\x00*\x0e\x00\x00\t\x00\x8e\x00\x03T\x07\x80\x00\x1c\x9f\x00\x00\x00\x00\x00\x00\x00\x00$\x0e\x00\x00*\x0e\x00\x00\x01\x00a\x00\x00\x00\x00\x00\x00\x00\x00.\x0e\x00\x004\x0e\x00\x00\x02\x00@\x9fV\x0e\x00\x00Z\x0e\x00\x00\x02\x00@\x9f\x00\x00\x00\x00\x00\x00\x00\x00.\x0e\x00\x004\x0e\x00\x00\x01\x00hV\x0e\x00\x00Z\x0e\x00\x00\x01\x00h\x00\x00\x00\x00\x00\x00\x00\x004\x0e\x00\x00<\x0e\x00\x00\x03\x00\x08 \x9fZ\x0e\x00\x00^\x0e\x00\x00\x03\x00\x08 \x9f\x00\x00\x00\x00\x00\x00\x00\x004\x0e\x00\x00:\x0e\x00\x00\x06\x00\x88\x00\t\xfc\x1a\x9f:\x0e\x00\x00<\x0e\x00\x00\x01\x00hZ\x0e\x00\x00\\\x0e\x00\x00\x06\x00\x88\x00\t\xfc\x1a\x9f\\\x0e\x00\x00^\x0e\x00\x00\x01\x00h\x00\x00\x00\x00\x00\x00\x00\x00<\x0e\x00\x00B\x0e\x00\x00\x03\x00\x08@\x9f^\x0e\x00\x00b\x0e\x00\x00\x03\x00\x08@\x9f\x00\x00\x00\x00\x00\x00\x00\x00<\x0e\x00\x00B\x0e\x00\x00\x01\x00h^\x0e\x00\x00b\x0e\x00\x00\x01\x00h\x00\x00\x00\x00\x00\x00\x00\x00B\x0e\x00\x00H\x0e\x00\x00\x03\x00\t\x80\x9fb\x0e\x00\x00f\x0e\x00\x00\x03\x00\t\x80\x9f\x00\x00\x00\x00\x00\x00\x00\x00B\x0e\x00\x00H\x0e\x00\x00\x01\x00hb\x0e\x00\x00f\x0e\x00\x00\x01\x00h\x00\x00\x00\x00\x00\x00\x00\x00f\x0e\x00\x00h\x0e\x00\x00\x03\x00\x92 \x02h\x0e\x00\x00j\x0e\x00\x00\x03\x00\x92 \x03j\x0e\x00\x00l\x0e\x00\x00\x03\x00\x92 \x04l\x0e\x00\x00n\x0e\x00\x00\x03\x00\x92 \x05n\x0e\x00\x00"\x0f\x00\x00\x03\x00\x92 \x06\x00\x00\x00\x00\x00\x00\x00\x00f\x0e\x00\x00s\x0e\x00\x00\x06\x00h\x93\x01i\x93\x01s\x0e\x00\x00\x88\x0e\x00\x00\x06\x00l\x93\x01m\x93\x01\x88\x0e\x00\x00\x90\x0e\x00\x00\x04\x00\xf3\x01h\x9f\x90\x0e\x00\x00\xac\x0e\x00\x00\x06\x00l\x93\x01m\x93\x01\xac\x0e\x00\x00"\x0f\x00\x00\x04\x00\xf3\x01h\x9f\x00\x00\x00\x00\x00\x00\x00\x00t\x0e\x00\x00\x8f\x0e\x00\x00\x0c\x00f\x93\x01g\x93\x01h\x93\x01i\x93\x01\x90\x0e\x00\x00!\x0f\x00\x00\x0c\x00f\x93\x01g\x93\x01h\x93\x01i\x93\x01\x00\x00\x00\x00\x00\x00\x00\x00\x82\x0e\x00\x00\x84\x0e\x00\x00\x02\x00A\x9f\x00\x00\x00\x00\x00\x00\x00\x00\x9e\x0e\x00\x00\xa2\x0e\x00\x00\x02\x00B\x9f\x00\x00\x00\x00\x00\x00\x00\x00\xa8\x0e\x00\x00\x16\x0f\x00\x00\x0c\x00f\x93\x01g\x93\x01h\x93\x01i\x93\x01\x00\x00\x00\x00\x00\x00\x00\x00\xa8\x0e\x00\x00\xec\x0e\x00\x00\x02\x000\x9f\x00\x00\x00\x00\x00\x00\x00\x00\xb0\x0e\x00\x00\xec\x0e\x00\x00\x01\x00l\x00\x00\x00\x00\x00\x00\x00\x00\xb0\x0e\x00\x00\xde\x0e\x00\x00\x01\x00n\xde\x0e\x00\x00\xec\x0e\x00\x00\x05\x00\x03]\x07\x80\x00\x00\x00\x00\x00\x00\x00\x00\x00\xb0\x0e\x00\x00\xec\x0e\x00\x00\x05\x00\x03\\\x07\x80\x00\x00\x00\x00\x00\x00\x00\x00\x00\xb0\x0e\x00\x00\xdc\x0e\x00\x00\x02\x000\x9f\x00\x00\x00\x00\x00\x00\x00\x00\xb0\x0e\x00\x00\xdc\x0e\x00\x00\x02\x000\x9f\xdc\x0e\x00\x00\xde\x0e\x00\x00\x16\x00\x8e\x00\x85\x00"\x08\xff\x1a9\x1e\x03\xa1\x06\x80\x00"\x94\x01\x8c\x00"\x9f\xde\x0e\x00\x00\xec\x0e\x00\x00\x1b\x00\x03]\x07\x80\x00\x94\x01\x85\x00"\x08\xff\x1a9\x1e\x03\xa1\x06\x80\x00"\x94\x01\x8c\x00"\x9f\x00\x00\x00\x00\x00\x00\x00\x00\xb0\x0e\x00\x00\xdc\x0e\x00\x00\x01\x00n\x00\x00\x00\x00\x00\x00\x00\x00\xb0\x0e\x00\x00\xdc\x0e\x00\x00\x05\x00\x03\\\x07\x80\x00\x00\x00\x00\x00\x00\x00\x00\x00\xb4\x0e\x00\x00!\x0f\x00\x00\x13\x00\x03\\\x07\x80\x00\x94\x01\x08\xff\x1a9\x1e\x03\xa0\x06\x80\x00"\x9f\x00\x00\x00\x00\x00\x00\x00\x00"\x0f\x00\x00$\x0f\x00\x00\x03\x00\x92 \x02$\x0f\x00\x00&\x0f\x00\x00\x03\x00\x92 \x03&\x0f\x00\x00\xce\x0f\x00\x00\x03\x00\x92 \x04\x00\x00\x00\x00\x00\x00\x00\x00"\x0f\x00\x006\x0f\x00\x00\x06\x00h\x93\x01i\x93\x016\x0f\x00\x00>\x0f\x00\x00\x04\x00\xf3\x01h\x9f>\x0f\x00\x00N\x0f\x00\x00\x06\x00h\x93\x01i\x93\x01N\x0f\x00\x00P\x0f\x00\x00\x04\x00\xf3\x01h\x9fP\x0f\x00\x00W\x0f\x00\x00\x06\x00h\x93\x01i\x93\x01W\x0f\x00\x00\xc6\x0f\x00\x00\x06\x00l\x93\x01m\x93\x01\xc6\x0f\x00\x00\xca\x0f\x00\x00\x04\x00\xf3\x01h\x9f\xca\x0f\x00\x00\xce\x0f\x00\x00\x06\x00l\x93\x01m\x93\x01\x00\x00\x00\x00\x00\x00\x00\x004\x0f\x00\x006\x0f\x00\x00\x02\x00A\x9f\x00\x00\x00\x00\x00\x00\x00\x00R\x0f\x00\x00\xc6\x0f\x00\x00\x06\x00l\x93\x01m\x93\x01\xc6\x0f\x00\x00\xca\x0f\x00\x00\x04\x00\xf3\x01h\x9f\xca\x0f\x00\x00\xce\x0f\x00\x00\x06\x00l\x93\x01m\x93\x01\x00\x00\x00\x00\x00\x00\x00\x00Z\x0f\x00\x00\xc9\x0f\x00\x00\x01\x00d\xca\x0f\x00\x00\xce\x0f\x00\x00\x01\x00d\x00\x00\x00\x00\x00\x00\x00\x00Z\x0f\x00\x00\x94\x0f\x00\x00\x06\x00\x8c\x02\x94\x02#\x05\x00\x00\x00\x00\x00\x00\x00\x00Z\x0f\x00\x00\x94\x0f\x00\x00\x06\x00\x8c\x02\x94\x02#\x04\x00\x00\x00\x00\x00\x00\x00\x00Z\x0f\x00\x00\xb6\x0f\x00\x00\x01\x00d\xca\x0f\x00\x00\xce\x0f\x00\x00\x01\x00d\x00\x00\x00\x00\x00\x00\x00\x00Z\x0f\x00\x00\xa0\x0f\x00\x00\x02\x000\x9f\x00\x00\x00\x00\x00\x00\x00\x00Z\x0f\x00\x00\xb6\x0f\x00\x00\x02\x001\x9f\xca\x0f\x00\x00\xce\x0f\x00\x00\x02\x001\x9f\x00\x00\x00\x00\x00\x00\x00\x00t\x0f\x00\x00\xa0\x0f\x00\x00\x01\x00d\x00\x00\x00\x00\x00\x00\x00\x00t\x0f\x00\x00\xc9\x0f\x00\x00\x0b\x00\x86\x009\x1e\x03\xa0\x06\x80\x00"\x9f\x00\x00\x00\x00\x00\x00\x00\x00\xa4\x0f\x00\x00\xc9\x0f\x00\x00\x01\x00d\x00\x00\x00\x00\x00\x00\x00\x00\xb6\x0f\x00\x00\xc2\x0f\x00\x00\x01\x00d\x00\x00\x00\x00\x00\x00\x00\x00L\x0f\x00\x00P\x0f\x00\x00\x02\x00B\x9f\x00\x00\x00\x00\x00\x00\x00\x00\xce\x0f\x00\x00\xd0\x0f\x00\x00\x03\x00\x92 \x02\xd0\x0f\x00\x00\xd2\x0f\x00\x00\x03\x00\x92 \x03\xd2\x0f\x00\x00\xd4\x0f\x00\x00\x03\x00\x92 \x04\xd4\x0f\x00\x00\xd6\x0f\x00\x00\x03\x00\x92 \x05\xd6\x0f\x00\x00V\x10\x00\x00\x03\x00\x92 \x06\x00\x00\x00\x00\x00\x00\x00\x00\xce\x0f\x00\x00\xdd\x0f\x00\x00\x06\x00h\x93\x01i\x93\x01\xdd\x0f\x00\x00R\x10\x00\x00\x06\x00`\x93\x01a\x93\x01R\x10\x00\x00V\x10\x00\x00\x04\x00\xf3\x01h\x9f\x00\x00\x00\x00\x00\x00\x00\x00\xe0\x0f\x00\x00\xe4\x0f\x00\x00\x06\x00h\x93\x01i\x93\x01\xe4\x0f\x00\x00N\x10\x00\x00\x06\x00l\x93\x01m\x93\x01\x00\x00\x00\x00\x00\x00\x00\x00\xe8\x0f\x00\x00&\x10\x00\x00\x06\x00h\x93\x01i\x93\x01\x00\x00\x00\x00\x00\x00\x00\x00\xe8\x0f\x00\x00\xf0\x0f\x00\x00\x02\x000\x9f\xf0\x0f\x00\x00U\x10\x00\x00\x06\x00n\x93\x01o\x93\x01\x00\x00\x00\x00\x00\x00\x00\x00V\x10\x00\x00X\x10\x00\x00\x03\x00\x92 \x02X\x10\x00\x00Z\x10\x00\x00\x03\x00\x92 \x03Z\x10\x00\x00~\x10\x00\x00\x03\x00\x92 \x04\x00\x00\x00\x00\x00\x00\x00\x00V\x10\x00\x00m\x10\x00\x00\x06\x00h\x93\x01i\x93\x01m\x10\x00\x00~\x10\x00\x00\x04\x00\xf3\x01h\x9f\x00\x00\x00\x00\x00\x00\x00\x00Z\x10\x00\x00d\x10\x00\x00\x02\x003\x9f\x00\x00\x00\x00\x00\x00\x00\x00Z\x10\x00\x00d\x10\x00\x00\x06\x00h\x93\x01i\x93\x01\x00\x00\x00\x00\x00\x00\x00\x00~\x10\x00\x00\x80\x10\x00\x00\x03\x00\x92 \x02\x80\x10\x00\x00\x82\x10\x00\x00\x03\x00\x92 \x03\x82\x10\x00\x00\x84\x10\x00\x00\x03\x00\x92 \x04\x84\x10\x00\x00\x86\x10\x00\x00\x03\x00\x92 \x05\x86\x10\x00\x00\x88\x10\x00\x00\x03\x00\x92 \x06\x88\x10\x00\x00\x8c\x10\x00\x00\x03\x00\x92 \x07\x8c\x10\x00\x00\x1c\x11\x00\x00\x02\x00\x8c\x07\x00\x00\x00\x00\x00\x00\x00\x00~\x10\x00\x00\x9d\x10\x00\x00\x06\x00h\x93\x01i\x93\x01\x9d\x10\x00\x00\x1c\x11\x00\x00\x04\x00\xf3\x01h\x9f\x00\x00\x00\x00\x00\x00\x00\x00\x8c\x10\x00\x00\xae\x10\x00\x00\x02\x000\x9f\xbe\x10\x00\x00\xcc\x10\x00\x00\x02\x000\x9f\x00\x00\x00\x00\x00\x00\x00\x00\xa0\x10\x00\x00\xba\x10\x00\x00\x01\x00a\xbe\x10\x00\x00\x1c\x11\x00\x00\x01\x00a\x00\x00\x00\x00\x00\x00\x00\x00\x8c\x10\x00\x00\x96\x10\x00\x00\x02\x001\x9f\x00\x00\x00\x00\x00\x00\x00\x00\x8c\x10\x00\x00\x96\x10\x00\x00\x06\x00h\x93\x01i\x93\x01\x00\x00\x00\x00\x00\x00\x00\x00\xac\x10\x00\x00\xae\x10\x00\x00\x02\x00B\x9f\x00\x00\x00\x00\x00\x00\x00\x00\xec\x10\x00\x00\x16\x11\x00\x00\x02\x008\x9f\x00\x00\x00\x00\x00\x00\x00\x00\xec\x10\x00\x00\x16\x11\x00\x00\x03\x00\t\xff\x9f\x00\x00\x00\x00\x00\x00\x00\x00\xec\x10\x00\x00\x16\x11\x00\x00\x02\x000\x9f\x00\x00\x00\x00\x00\x00\x00\x00\xec\x10\x00\x00\x10\x11\x00\x00\x01\x00h\x10\x11\x00\x00\x15\x11\x00\x00\x02\x00\x8c\x01\x00\x00\x00\x00\x00\x00\x00\x00\xf4\x10\x00\x00\x00\x11\x00\x00\x02\x008\x9f\x00\x00\x00\x00\x00\x00\x00\x00\x1c\x11\x00\x00&\x11\x00\x00\x06\x00h\x93\x01i\x93\x01&\x11\x00\x00/\x11\x00\x00\x06\x00j\x93\x01k\x93\x01/\x11\x00\x000\x11\x00\x00\x04\x00\xf3\x01h\x9f0\x11\x00\x00i\x11\x00\x00\x06\x00j\x93\x01k\x93\x01i\x11\x00\x00j\x11\x00\x00\x04\x00\xf3\x01h\x9f\x00\x00\x00\x00\x00\x00\x00\x00\x1c\x11\x00\x00$\x11\x00\x00\x02\x001\x9f\x00\x00\x00\x00\x00\x00\x00\x00\x1c\x11\x00\x00$\x11\x00\x00\x06\x00h\x93\x01i\x93\x01\x00\x00\x00\x00\x00\x00\x00\x00$\x11\x00\x00&\x11\x00\x00\x02\x002\x9f\x00\x00\x00\x00\x00\x00\x00\x00$\x11\x00\x00&\x11\x00\x00\x06\x00h\x93\x01i\x93\x01\x00\x00\x00\x00\x00\x00\x00\x00*\x11\x00\x00,\x11\x00\x00\x03\x00\x08(\x9f\x00\x00\x00\x00\x00\x00\x00\x006\x11\x00\x00:\x11\x00\x00\x03\x00\x08\'\x9f\x00\x00\x00\x00\x00\x00\x00\x00<\x11\x00\x00^\x11\x00\x00\x03\x00\x88\x01\x9f^\x11\x00\x00i\x11\x00\x00\x01\x00i\x00\x00\x00\x00\x00\x00\x00\x00<\x11\x00\x00d\x11\x00\x00\x01\x00hd\x11\x00\x00i\x11\x00\x00\x02\x00\x8e\x05\x00\x00\x00\x00\x00\x00\x00\x00D\x11\x00\x00P\x11\x00\x00\x02\x008\x9f\x00\x00\x00\x00\x00\x00\x00\x00j\x11\x00\x00z\x11\x00\x00\x06\x00h\x93\x01i\x93\x01z\x11\x00\x00\x8e\x11\x00\x00\x04\x00\xf3\x01h\x9f\x00\x00\x00\x00\x00\x00\x00\x00v\x11\x00\x00~\x11\x00\x00\x02\x003\x9f\x00\x00\x00\x00\x00\x00\x00\x00\x8e\x11\x00\x00\x96\x11\x00\x00\x06\x00h\x93\x01i\x93\x01\x96\x11\x00\x00\xd6\x11\x00\x00\x04\x00\xf3\x01h\x9f\x00\x00\x00\x00\x00\x00\x00\x00\x9a\x11\x00\x00\xa0\x11\x00\x00\x02\x00A\x9f\x00\x00\x00\x00\x00\x00\x00\x00\xa0\x11\x00\x00\xac\x11\x00\x00\x02\x002\x9f\x00\x00\x00\x00\x00\x00\x00\x00\xb4\x11\x00\x00\xc0\x11\x00\x00\x02\x007\x9f\x00\x00\x00\x00\x00\x00\x00\x00\xd6\x11\x00\x00\xdb\x11\x00\x00\x06\x00h\x93\x01i\x93\x01\xdb\x11\x00\x00f\x12\x00\x00\x04\x00\xf3\x01h\x9f\x00\x00\x00\x00\x00\x00\x00\x00\xde\x11\x00\x00\xe7\x11\x00\x00\x06\x00b\x93\x01c\x93\x01\xe8\x11\x00\x00:\x12\x00\x00\x06\x00b\x93\x01c\x93\x01\x00\x00\x00\x00\x00\x00\x00\x00\xde\x11\x00\x00\n\x12\x00\x00\x02\x000\x9f\n\x12\x00\x00Z\x12\x00\x00\x01\x00iZ\x12\x00\x00e\x12\x00\x00\x02\x00\x8e\x07\x00\x00\x00\x00\x00\x00\x00\x00\xde\x11\x00\x00\xe8\x11\x00\x00\x02\x000\x9f\x00\x00\x00\x00\x00\x00\x00\x00\xe2\x11\x00\x00\xe8\x11\x00\x00\x03\x00\x08"\x9f\x00\x00\x00\x00\x00\x00\x00\x00\n\x12\x00\x00\x16\x12\x00\x00\r\x000\x9f\x93\x01\x84\x00@$@&\x9f\x93\x04\x16\x12\x00\x00&\x12\x00\x00\x10\x000\x9f\x93\x01d\x93\x01e\x93\x01f\x93\x01g\x93\x01\x00\x00\x00\x00\x00\x00\x00\x00<\x12\x00\x00e\x12\x00\x00\x01\x00c\x00\x00\x00\x00\x00\x00\x00\x00<\x12\x00\x00e\x12\x00\x00\x01\x00b\x00\x00\x00\x00\x00\x00\x00\x00<\x12\x00\x00Z\x12\x00\x00\x01\x00iZ\x12\x00\x00e\x12\x00\x00\x02\x00\x8e\x07\x00\x00\x00\x00\x00\x00\x00\x00<\x12\x00\x00`\x12\x00\x00\x01\x00h`\x12\x00\x00e\x12\x00\x00\x02\x00\x8e\x05\x00\x00\x00\x00\x00\x00\x00\x00D\x12\x00\x00P\x12\x00\x00\x02\x007\x9f\x00\x00\x00\x00\x00\x00\x00\x00f\x12\x00\x00n\x12\x00\x00\x06\x00h\x93\x01i\x93\x01n\x12\x00\x00\xa8\x12\x00\x00\x04\x00\xf3\x01h\x9f\x00\x00\x00\x00\x00\x00\x00\x00r\x12\x00\x00x\x12\x00\x00\x02\x00B\x9f\x00\x00\x00\x00\x00\x00\x00\x00\x80\x12\x00\x00\x8c\x12\x00\x00\x02\x008\x9f\x00\x00\x00\x00\x00\x00\x00\x00\xa8\x12\x00\x00\xaa\x12\x00\x00\x03\x00\x92 \x02\xaa\x12\x00\x00\xac\x12\x00\x00\x03\x00\x92 \x03\xac\x12\x00\x00\xfa\x12\x00\x00\x03\x00\x92 \x04\x00\x00\x00\x00\x00\x00\x00\x00\xa8\x12\x00\x00\xb4\x12\x00\x00\x06\x00h\x93\x01i\x93\x01\xb4\x12\x00\x00\xfa\x12\x00\x00\x04\x00\xf3\x01h\x9f\x00\x00\x00\x00\x00\x00\x00\x00\xb8\x12\x00\x00\xc2\x12\x00\x00\x02\x00B\x9f\x00\x00\x00\x00\x00\x00\x00\x00\xcc\x12\x00\x00\xf6\x12\x00\x00\x01\x00a\x00\x00\x00\x00\x00\x00\x00\x00\xcc\x12\x00\x00\xf6\x12\x00\x00\x01\x00`\xf6\x12\x00\x00\xf9\x12\x00\x00\x01\x00h\x00\x00\x00\x00\x00\x00\x00\x00\xcc\x12\x00\x00\xf9\x12\x00\x00\x01\x00g\x00\x00\x00\x00\x00\x00\x00\x00\xcc\x12\x00\x00\xf9\x12\x00\x00\x01\x00f\x00\x00\x00\x00\x00\x00\x00\x00\xd4\x12\x00\x00\xe0\x12\x00\x00\x02\x008\x9f\x00\x00\x00\x00\x00\x00\x00\x00\xfa\x12\x00\x00\x02\x13\x00\x00\x06\x00h\x93\x01i\x93\x01\x02\x13\x00\x00>\x13\x00\x00\x04\x00\xf3\x01h\x9f\x00\x00\x00\x00\x00\x00\x00\x00\x06\x13\x00\x00\x0c\x13\x00\x00\x02\x00B\x9f\x00\x00\x00\x00\x00\x00\x00\x00\x10\x13\x00\x004\x13\x00\x00\x01\x00h4\x13\x00\x00=\x13\x00\x00\x05\x00\x03&\x05\x80\x00\x00\x00\x00\x00\x00\x00\x00\x00\x18\x13\x00\x00$\x13\x00\x00\x02\x008\x9f\x00\x00\x00\x00\x00\x00\x00\x00>\x13\x00\x00`\x13\x00\x00\x06\x00h\x93\x01i\x93\x01`\x13\x00\x00j\x13\x00\x00\x04\x00\xf3\x01h\x9f\x00\x00\x00\x00\x00\x00\x00\x00>\x13\x00\x00i\x13\x00\x00\x01\x00i\x00\x00\x00\x00\x00\x00\x00\x00>\x13\x00\x00`\x13\x00\x00\x01\x00h`\x13\x00\x00i\x13\x00\x00\x02\x00\x8e\x08\x00\x00\x00\x00\x00\x00\x00\x00J\x13\x00\x00R\x13\x00\x00\x02\x008\x9f\x00\x00\x00\x00\x00\x00\x00\x00j\x13\x00\x00l\x13\x00\x00\x03\x00\x92 \x02l\x13\x00\x00n\x13\x00\x00\x03\x00\x92 \x03n\x13\x00\x006\x14\x00\x00\x03\x00\x92 \x04\x00\x00\x00\x00\x00\x00\x00\x00j\x13\x00\x00q\x13\x00\x00\x06\x00h\x93\x01i\x93\x01q\x13\x00\x006\x14\x00\x00\x04\x00\xf3\x01h\x9f\x00\x00\x00\x00\x00\x00\x00\x00r\x13\x00\x00\x89\x13\x00\x00\x0c\x00f\x93\x01g\x93\x01h\x93\x01i\x93\x01\x8a\x13\x00\x00\xe1\x13\x00\x00\x0c\x00f\x93\x01g\x93\x01h\x93\x01i\x93\x01\xe2\x13\x00\x006\x14\x00\x00\x0c\x00f\x93\x01g\x93\x01h\x93\x01i\x93\x01\x00\x00\x00\x00\x00\x00\x00\x00r\x13\x00\x00\xda\x13\x00\x00\x02\x000\x9f\xe2\x13\x00\x006\x14\x00\x00\x02\x000\x9f\x00\x00\x00\x00\x00\x00\x00\x00r\x13\x00\x00\x9a\x13\x00\x00\x02\x000\x9f\x9a\x13\x00\x00\xde\x13\x00\x00\x06\x00`\x93\x01a\x93\x01\xde\x13\x00\x00\xe1\x13\x00\x00\x05\x00\x03e\x07\x80\x00\xe2\x13\x00\x00\x10\x14\x00\x00\x06\x00`\x93\x01a\x93\x01\x10\x14\x00\x006\x14\x00\x00\x05\x00\x03e\x07\x80\x00\x00\x00\x00\x00\x00\x00\x00\x00\x80\x13\x00\x00\x8a\x13\x00\x00\x02\x00B\x9f\x00\x00\x00\x00\x00\x00\x00\x00\xac\x13\x00\x00\xd0\x13\x00\x00\x06\x00h\x93\x01i\x93\x01\xd4\x13\x00\x00\xda\x13\x00\x00\x06\x00h\x93\x01i\x93\x01\x00\x00\x00\x00\x00\x00\x00\x00\xb2\x13\x00\x00\xd0\x13\x00\x00\x0b\x00\x84\x00\x80\x00"\x94\x01\x89\x00\'\x9f\x00\x00\x00\x00\x00\x00\x00\x00\xe2\x13\x00\x00\x10\x14\x00\x00\x06\x00`\x93\x01a\x93\x01\x10\x14\x00\x006\x14\x00\x00\x05\x00\x03e\x07\x80\x00\x00\x00\x00\x00\x00\x00\x00\x00\xf6\x13\x00\x000\x14\x00\x00\x0c\x00f\x93\x01g\x93\x01h\x93\x01i\x93\x01\x00\x00\x00\x00\x00\x00\x00\x00\xf6\x13\x00\x00\x10\x14\x00\x00\x06\x00`\x93\x01a\x93\x01\x10\x14\x00\x000\x14\x00\x00\x05\x00\x03e\x07\x80\x00\x00\x00\x00\x00\x00\x00\x00\x00\xf6\x13\x00\x00\xfc\x13\x00\x00\x02\x001\x9f\x00\x00\x00\x00\x00\x00\x00\x006\x14\x00\x00@\x14\x00\x00\x06\x00h\x93\x01i\x93\x01@\x14\x00\x00\x9f\x14\x00\x00\x06\x00j\x93\x01k\x93\x01\x9f\x14\x00\x00\xa0\x14\x00\x00\x04\x00\xf3\x01h\x9f\xa0\x14\x00\x00\xb8\x14\x00\x00\x06\x00j\x93\x01k\x93\x01\x00\x00\x00\x00\x00\x00\x00\x00@\x14\x00\x00P\x14\x00\x00\x02\x000\x9fP\x14\x00\x00R\x14\x00\x00\x03\x00\x08!\x9f\xa0\x14\x00\x00\xb0\x14\x00\x00\x02\x000\x9f\xb0\x14\x00\x00\xb4\x14\x00\x00\x02\x00I\x9f\xb4\x14\x00\x00\xb8\x14\x00\x00\x02\x000\x9f\x00\x00\x00\x00\x00\x00\x00\x006\x14\x00\x00@\x14\x00\x00\x02\x001\x9f\x00\x00\x00\x00\x00\x00\x00\x006\x14\x00\x00@\x14\x00\x00\x06\x00h\x93\x01i\x93\x01\x00\x00\x00\x00\x00\x00\x00\x00R\x14\x00\x00b\x14\x00\x00\x05\x00\x03"\x05\x80\x00\x00\x00\x00\x00\x00\x00\x00\x00b\x14\x00\x00v\x14\x00\x00\x10\x000\x9f\x93\x01d\x93\x01e\x93\x01f\x93\x01g\x93\x01\x00\x00\x00\x00\x00\x00\x00\x00v\x14\x00\x00\xa0\x14\x00\x00\x02\x008\x9f\x00\x00\x00\x00\x00\x00\x00\x00v\x14\x00\x00\xa0\x14\x00\x00\x03\x00\t\xff\x9f\x00\x00\x00\x00\x00\x00\x00\x00v\x14\x00\x00\xa0\x14\x00\x00\x02\x000\x9f\x00\x00\x00\x00\x00\x00\x00\x00v\x14\x00\x00\x9a\x14\x00\x00\x01\x00h\x9a\x14\x00\x00\x9f\x14\x00\x00\x02\x00\x8e\x08\x00\x00\x00\x00\x00\x00\x00\x00~\x14\x00\x00\x8a\x14\x00\x00\x02\x008\x9f\x00\x00\x00\x00\x00\x00\x00\x00\xb8\x14\x00\x00\xc8\x14\x00\x00\x06\x00h\x93\x01i\x93\x01\xc8\x14\x00\x00\xe4\x14\x00\x00\x04\x00\xf3\x01h\x9f\x00\x00\x00\x00\x00\x00\x00\x00\xc4\x14\x00\x00\xcc\x14\x00\x00\x02\x008\x9f\x00\x00\x00\x00\x00\x00\x00\x00\xe4\x14\x00\x00\xf4\x14\x00\x00\x06\x00h\x93\x01i\x93\x01\xf4\x14\x00\x00\n\x15\x00\x00\x04\x00\xf3\x01h\x9f\x00\x00\x00\x00\x00\x00\x00\x00\xf0\x14\x00\x00\xf8\x14\x00\x00\x02\x006\x9f\x00\x00\x00\x00\x00\x00\x00\x00\n\x15\x00\x00\x0e\x15\x00\x00\x06\x00h\x93\x01i\x93\x01\x0e\x15\x00\x00J\x15\x00\x00\x04\x00\xf3\x01h\x9f\x00\x00\x00\x00\x00\x00\x00\x00\n\x15\x00\x00\x18\x15\x00\x00\x02\x000\x9f\x18\x15\x00\x00J\x15\x00\x00\x02\x00E\x9f\x00\x00\x00\x00\x00\x00\x00\x00\n\x15\x00\x00\x18\x15\x00\x00\x02\x000\x9f\x18\x15\x00\x00J\x15\x00\x00\x03\x00\t\xc0\x9f\x00\x00\x00\x00\x00\x00\x00\x00 \x15\x00\x00,\x15\x00\x00\x02\x008\x9f\x00\x00\x00\x00\x00\x00\x00\x00J\x15\x00\x00L\x15\x00\x00\x03\x00\x92 \x02L\x15\x00\x00N\x15\x00\x00\x03\x00\x92 \x03N\x15\x00\x00\x9c\x15\x00\x00\x03\x00\x92 \x04\x00\x00\x00\x00\x00\x00\x00\x00J\x15\x00\x00Z\x15\x00\x00\x06\x00h\x93\x01i\x93\x01Z\x15\x00\x00g\x15\x00\x00\x06\x00n\x93\x01o\x93\x01g\x15\x00\x00h\x15\x00\x00\x04\x00\xf3\x01h\x9fh\x15\x00\x00\x9c\x15\x00\x00\x06\x00n\x93\x01o\x93\x01\x00\x00\x00\x00\x00\x00\x00\x00J\x15\x00\x00V\x15\x00\x00\x06\x00f\x93\x01g\x93\x01V\x15\x00\x00\x9a\x15\x00\x00\x06\x00l\x93\x01m\x93\x01\x9a\x15\x00\x00\x9c\x15\x00\x00\x04\x00\xf3\x01f\x9f\x00\x00\x00\x00\x00\x00\x00\x00R\x15\x00\x00V\x15\x00\x00\x06\x00h\x93\x01i\x93\x01\x00\x00\x00\x00\x00\x00\x00\x00\x9c\x15\x00\x00\x9e\x15\x00\x00\x03\x00\x92 \x02\x9e\x15\x00\x00\xa0\x15\x00\x00\x03\x00\x92 \x03\xa0\x15\x00\x00\xa2\x15\x00\x00\x03\x00\x92 \x04\xa2\x15\x00\x00\xa4\x15\x00\x00\x03\x00\x92 \x05\xa4\x15\x00\x00\xa6\x15\x00\x00\x03\x00\x92 \x06\xa6\x15\x00\x00\xa8\x15\x00\x00\x03\x00\x92 \x07\xa8\x15\x00\x00\xaa\x15\x00\x00\x03\x00\x92 \x08\xaa\x15\x00\x00\xac\x15\x00\x00\x03\x00\x92 \t\xac\x15\x00\x00\xae\x15\x00\x00\x03\x00\x92 \n\xae\x15\x00\x00\xb2\x15\x00\x00\x03\x00\x92 \x0c\xb2\x15\x00\x00\xa8\x16\x00\x00\x02\x00\x8c\x0c\x00\x00\x00\x00\x00\x00\x00\x00\x9c\x15\x00\x00\xc6\x15\x00\x00\x06\x00h\x93\x01i\x93\x01\xc6\x15\x00\x00z\x16\x00\x00\x06\x00`\x93\x01a\x93\x01z\x16\x00\x00\x92\x16\x00\x00\x03\x00\x80m\x9f\x92\x16\x00\x00\xa8\x16\x00\x00\x04\x00\xf3\x01h\x9f\x00\x00\x00\x00\x00\x00\x00\x00\x9c\x15\x00\x00\xd1\x15\x00\x00\x06\x00f\x93\x01g\x93\x01\xd1\x15\x00\x00\xa2\x16\x00\x00\x06\x00^\x93\x01_\x93\x01\xa2\x16\x00\x00\xa8\x16\x00\x00\x04\x00\xf3\x01f\x9f\x00\x00\x00\x00\x00\x00\x00\x00\x9c\x15\x00\x00\xd1\x15\x00\x00\x01\x00d\xd1\x15\x00\x00t\x16\x00\x00\x01\x00]t\x16\x00\x00\xa8\x16\x00\x00\x04\x00\xf3\x01d\x9f\x00\x00\x00\x00\x00\x00\x00\x00\xb8\x15\x00\x00\xe4\x15\x00\x00\x02\x000\x9f\x00\x00\x00\x00\x00\x00\x00\x00\xb8\x15\x00\x00\xe4\x15\x00\x00\x03\x00\t\xff\x9f\x00\x00\x00\x00\x00\x00\x00\x00\xb8\x15\x00\x00\xc6\x15\x00\x00\x06\x00h\x93\x01i\x93\x01\xc6\x15\x00\x00\xe4\x15\x00\x00\x06\x00`\x93\x01a\x93\x01\x00\x00\x00\x00\x00\x00\x00\x00\xca\x15\x00\x00\xe4\x15\x00\x00\x03\x00\x08 \x9f\x00\x00\x00\x00\x00\x00\x00\x00\xca\x15\x00\x00\xe4\x15\x00\x00\x03\x00\x80\x08\x9f\x00\x00\x00\x00\x00\x00\x00\x00\xca\x15\x00\x00\xd2\x15\x00\x00\x03\x00\x08@\x9f\x00\x00\x00\x00\x00\x00\x00\x00\xfa\x15\x00\x00&\x16\x00\x00\x06\x00^\x93\x01_\x93\x01\x00\x00\x00\x00\x00\x00\x00\x00\xfa\x15\x00\x00&\x16\x00\x00\x03\x00\x80\x13\x9f\x00\x00\x00\x00\x00\x00\x00\x00\x00\x16\x00\x00\x08\x16\x00\x00\x06\x00h\x93\x01i\x93\x01\x08\x16\x00\x00\x0c\x16\x00\x00\x05\x00~\x001$\x9f\x00\x00\x00\x00\x00\x00\x00\x00\x00\x16\x00\x00\x0b\x16\x00\x00\x06\x00h\x93\x01i\x93\x01\x00\x00\x00\x00\x00\x00\x00\x00&\x16\x00\x00<\x16\x00\x00\x06\x00n\x93\x01o\x93\x01<\x16\x00\x00h\x16\x00\x00\x06\x00`\x93\x01a\x93\x01\x00\x00\x00\x00\x00\x00\x00\x00&\x16\x00\x00h\x16\x00\x00\x06\x00\xf2\xddm\x00\x00\x00\x00\x00\x00\x00\x00\x00\x00\x00n\x16\x00\x00\x92\x16\x00\x00\x06\x00^\x93\x01_\x93\x01\x00\x00\x00\x00\x00\x00\x00\x00n\x16\x00\x00z\x16\x00\x00\x06\x00`\x93\x01a\x93\x01z\x16\x00\x00\x92\x16\x00\x00\x03\x00\x80m\x9f\x00\x00\x00\x00\x00\x00\x00\x00r\x16\x00\x00z\x16\x00\x00\x02\x000\x9fz\x16\x00\x00\x92\x16\x00\x00\x06\x00\\\x93\x01]\x93\x01\x00\x00\x00\x00\x00\x00\x00\x00\xa8\x16\x00\x00\xaa\x16\x00\x00\x03\x00\x92 \x02\xaa\x16\x00\x00\xac\x16\x00\x00\x03\x00\x92 \x03\xac\x16\x00\x00\xae\x16\x00\x00\x03\x00\x92 \x04\xae\x16\x00\x00\xb0\x16\x00\x00\x03\x00\x92 \x05\xb0\x16\x00\x00\xb2\x16\x00\x00\x03\x00\x92 \x06\xb2\x16\x00\x00\xb4\x16\x00\x00\x03\x00\x92 \x07\xb4\x16\x00\x00\xb6\x16\x00\x00\x03\x00\x92 \x08\xb6\x16\x00\x00\xba\x16\x00\x00\x03\x00\x92 \n\xba\x16\x00\x00\x8c\x17\x00\x00\x02\x00\x8c\n\x00\x00\x00\x00\x00\x00\x00\x00\xa8\x16\x00\x00\xca\x16\x00\x00\x06\x00h\x93\x01i\x93\x01\xca\x16\x00\x00f\x17\x00\x00\x06\x00`\x93\x01a\x93\x01f\x17\x00\x00l\x17\x00\x00\x06\x00n\x93\x01o\x93\x01l\x17\x00\x00\x8c\x17\x00\x00\x06\x00`\x93\x01a\x93\x01\x00\x00\x00\x00\x00\x00\x00\x00\xa8\x16\x00\x00\xe7\x16\x00\x00\x06\x00f\x93\x01g\x93\x01\xe8\x16\x00\x00\xf6\x16\x00\x00\x06\x00f\x93\x01g\x93\x01\xf6\x16\x00\x005\x17\x00\x00\x02\x00\x8c\x01\x00\x00\x00\x00\x00\x00\x00\x00\xd2\x16\x00\x00\xe7\x16\x00\x00\x06\x00n\x93\x01o\x93\x01\xe7\x16\x00\x00\xe8\x16\x00\x00\x03\x00\x80\x13\x9f\xe8\x16\x00\x00*\x17\x00\x00\x06\x00n\x93\x01o\x93\x01\x00\x00\x00\x00\x00\x00\x00\x00\x06\x17\x00\x00*\x17\x00\x00\x06\x00^\x93\x01_\x93\x01\x00\x00\x00\x00\x00\x00\x00\x00\x8c\x17\x00\x00\x93\x17\x00\x00\x06\x00h\x93\x01i\x93\x01\x93\x17\x00\x00\x94\x17\x00\x00\x04\x00\xf3\x01h\x9f\x94\x17\x00\x00\xa2\x17\x00\x00\x06\x00h\x93\x01i\x93\x01\xa2\x17\x00\x00\xb4\x17\x00\x00\x04\x00\xf3\x01h\x9f\x00\x00\x00\x00\x00\x00\x00\x00\x8c\x17\x00\x00\x93\x17\x00\x00\x06\x00f\x93\x01g\x93\x01\x93\x17\x00\x00\x94\x17\x00\x00\x04\x00\xf3\x01f\x9f\x94\x17\x00\x00\xb4\x17\x00\x00\x06\x00f\x93\x01g\x93\x01\x00\x00\x00\x00\x00\x00\x00\x00\x8c\x17\x00\x00\x93\x17\x00\x00\x0c\x00b\x93\x01c\x93\x01d\x93\x01e\x93\x01\x93\x17\x00\x00\x94\x17\x00\x00\x04\x00\xf3\x01b\x9f\x94\x17\x00\x00\xa2\x17\x00\x00\x0c\x00b\x93\x01c\x93\x01d\x93\x01e\x93\x01\xa2\x17\x00\x00\xb4\x17\x00\x00\x04\x00\xf3\x01b\x9f\x00\x00\x00\x00\x00\x00\x00\x00\x8c\x17\x00\x00\x93\x17\x00\x00\x06\x00h\x93\x01i\x93\x01\x93\x17\x00\x00\x94\x17\x00\x00\x04\x00\xf3\x01h\x9f\x94\x17\x00\x00\xa2\x17\x00\x00\x06\x00h\x93\x01i\x93\x01\xa2\x17\x00\x00\xb4\x17\x00\x00\x04\x00\xf3\x01h\x9f\x00\x00\x00\x00\x00\x00\x00\x00\x8c\x17\x00\x00\x93\x17\x00\x00\x06\x00f\x93\x01g\x93\x01\x93\x17\x00\x00\x94\x17\x00\x00\x04\x00\xf3\x01f\x9f\x94\x17\x00\x00\xb4\x17\x00\x00\x06\x00f\x93\x01g\x93\x01\x00\x00\x00\x00\x00\x00\x00\x00\xa2\x17\x00\x00\xa2\x17\x00\x00\n\x00\xf3\x01h\x86\x00\x1c\x8a\x00"\x9f\xa2\x17\x00\x00\xae\x17\x00\x00\x0c\x00\xf3\x01h\x86\x00\x1c\x8a\x00"#\x01\x9f\xae\x17\x00\x00\xb4\x17\x00\x00\n\x00\xf3\x01h\x86\x00\x1c\x8a\x00"\x9f\x00\x00\x00\x00\x00\x00\x00\x00\xa2\x17\x00\x00\xa2\x17\x00\x00\x06\x00j\x93\x01k\x93\x01\xa2\x17\x00\x00\xae\x17\x00\x00\x03\x00\x8a\x01\x9f\xae\x17\x00\x00\xb4\x17\x00\x00\x06\x00j\x93\x01k\x93\x01\x00\x00\x00\x00\x00\x00\x00\x00\xb4\x17\x00\x00\xb6\x17\x00\x00\x03\x00\x92 \x02\xb6\x17\x00\x00\xb8\x17\x00\x00\x03\x00\x92 \x03\xb8\x17\x00\x00\xba\x17\x00\x00\x03\x00\x92 \x04\xba\x17\x00\x00\xbc\x17\x00\x00\x03\x00\x92 \x05\xbc\x17\x00\x00\xbe\x17\x00\x00\x03\x00\x92 \x06\xbe\x17\x00\x00\x96\x18\x00\x00\x03\x00\x92 \x07\x00\x00\x00\x00\x00\x00\x00\x00\xde\x17\x00\x00,\x18\x00\x00\x01\x00l\x00\x00\x00\x00\x00\x00\x00\x00\xce\x17\x00\x00\xfd\x17\x00\x00\r\x000\x9f\x93\x01\x88\x00@$@&\x9f\x93\x04\xfd\x17\x00\x00P\x18\x00\x00\x06\x000\x9f\x93\x01\x93\x04P\x18\x00\x00g\x18\x00\x00\r\x000\x9f\x93\x01\x88\x00@$@&\x9f\x93\x04g\x18\x00\x00\x96\x18\x00\x00\x06\x000\x9f\x93\x01\x93\x04\x00\x00\x00\x00\x00\x00\x00\x00\xde\x17\x00\x00\xee\x17\x00\x00\x08\x00\x8c\x00\x08\xff\x1a#\x01\x9f\x00\x00\x00\x00\x00\x00\x00\x00\xf6\x17\x00\x00\xfe\x17\x00\x00\x0c\x00\\\x93\x01]\x93\x01^\x93\x01_\x93\x01\x00\x00\x00\x00\x00\x00\x00\x00\xf6\x17\x00\x00\xfd\x17\x00\x00\t\x00\x93\x01\x03e\x07\x80\x00\x93\x04\x00\x00\x00\x00\x00\x00\x00\x00\xf6\x17\x00\x00\xfd\x17\x00\x00\x0b\x00\x93\x01\x88\x00@$@&\x9f\x93\x04\x00\x00\x00\x00\x00\x00\x00\x00<\x18\x00\x00D\x18\x00\x00\x02\x000\x9f\x00\x00\x00\x00\x00\x00\x00\x00<\x18\x00\x00@\x18\x00\x00\x02\x000\x9f\x00\x00\x00\x00\x00\x00\x00\x00P\x18\x00\x00\\\x18\x00\x00\x03\x00\x08@\x9f\x00\x00\x00\x00\x00\x00\x00\x00\\\x18\x00\x00h\x18\x00\x00\x03\x00\x08?\x9f\x00\x00\x00\x00\x00\x00\x00\x00\\\x18\x00\x00g\x18\x00\x00\t\x00\x93\x01\x03e\x07\x80\x00\x93\x04\x00\x00\x00\x00\x00\x00\x00\x00\\\x18\x00\x00g\x18\x00\x00\x0b\x00\x93\x01\x88\x00@$@&\x9f\x93\x04\x00\x00\x00\x00\x00\x00\x00\x00\x96\x18\x00\x00\x98\x18\x00\x00\x03\x00\x92 \x02\x98\x18\x00\x00\xee\x18\x00\x00\x03\x00\x92 \x03\x00\x00\x00\x00\x00\x00\x00\x00\x96\x18\x00\x00\xb2\x18\x00\x00\x06\x00h\x93\x01i\x93\x01\xb2\x18\x00\x00\xb7\x18\x00\x00\x06\x00j\x93\x01k\x93\x01\xb7\x18\x00\x00\xb8\x18\x00\x00\x04\x00\xf3\x01h\x9f\xb8\x18\x00\x00\xbe\x18\x00\x00\x06\x00h\x93\x01i\x93\x01\xbe\x18\x00\x00\xc0\x18\x00\x00\x06\x00j\x93\x01k\x93\x01\xc0\x18\x00\x00\xc9\x18\x00\x00\x06\x00h\x93\x01i\x93\x01\xc9\x18\x00\x00\xee\x18\x00\x00\x04\x00\xf3\x01h\x9f\x00\x00\x00\x00\x00\x00\x00\x00\x98\x18\x00\x00\xa2\x18\x00\x00\x02\x001\x9f\x00\x00\x00\x00\x00\x00\x00\x00\x98\x18\x00\x00\xa2\x18\x00\x00\x06\x00h\x93\x01i\x93\x01\x00\x00\x00\x00\x00\x00\x00\x00\xb0\x18\x00\x00\xb2\x18\x00\x00\x02\x00B\x9f\x00\x00\x00\x00\x00\x00\x00\x00\xc0\x18\x00\x00\xc2\x18\x00\x00\x02\x003\x9f\x00\x00\x00\x00\x00\x00\x00\x00\xc0\x18\x00\x00\xc2\x18\x00\x00\x06\x00h\x93\x01i\x93\x01\x00\x00\x00\x00\x00\x00\x00\x00\xda\x18\x00\x00\xea\x18\x00\x00\x01\x00l\xea\x18\x00\x00\xed\x18\x00\x00\x05\x00\x03j\x07\x80\x00\x00\x00\x00\x00\x00\x00\x00\x00\xde\x18\x00\x00\xe8\x18\x00\x00\x02\x001\x9f\x00\x00\x00\x00\x00\x00\x00\x00\xde\x18\x00\x00\xe4\x18\x00\x00\x02\x001\x9f\x00\x00\x00\x00\x00\x00\x00\x00\xee\x18\x00\x00\xfe\x18\x00\x00\x06\x00h\x93\x01i\x93\x01\xfe\x18\x00\x00\x02\x19\x00\x00\x04\x00\xf3\x01h\x9f\x02\x19\x00\x00\x0c\x19\x00\x00\x06\x00h\x93\x01i\x93\x01\x0c\x19\x00\x00\x1d\x19\x00\x00\x06\x00j\x93\x01k\x93\x01\x1d\x19\x00\x00\x1e\x19\x00\x00\x04\x00\xf3\x01h\x9f\x00\x00\x00\x00\x00\x00\x00\x00\xfc\x18\x00\x00\x02\x19\x00\x00\x02\x00B\x9f\x00\x00\x00\x00\x00\x00\x00\x00\x0c\x19\x00\x00\x10\x19\x00\x00\x06\x00\x8a\x02\x94\x02#\x01\x00\x00\x00\x00\x00\x00\x00\x00\x10\x19\x00\x00\x1a\x19\x00\x00\x02\x001\x9f\x00\x00\x00\x00\x00\x00\x00\x00\x10\x19\x00\x00\x16\x19\x00\x00\x02\x001\x9f\x00\x00\x00\x00\x00\x00\x00\x00\x1e\x19\x00\x00 \x19\x00\x00\x03\x00\x92 \x02 \x19\x00\x00"\x19\x00\x00\x03\x00\x92 \x03"\x19\x00\x00$\x19\x00\x00\x03\x00\x92 \x04$\x19\x00\x00&\x19\x00\x00\x03\x00\x92 \x05&\x19\x00\x00(\x19\x00\x00\x03\x00\x92 \x06(\x19\x00\x00*\x19\x00\x00\x03\x00\x92 \x07*\x19\x00\x00,\x19\x00\x00\x03\x00\x92 \x08,\x19\x00\x00\xb6\x19\x00\x00\x03\x00\x92 \t\x00\x00\x00\x00\x00\x00\x00\x00\x1e\x19\x00\x009\x19\x00\x00\x06\x00h\x93\x01i\x93\x019\x19\x00\x00\xb6\x19\x00\x00\x04\x00\xf3\x01h\x9f\x00\x00\x00\x00\x00\x00\x00\x00<\x19\x00\x00f\x19\x00\x00\x08\x000\x9f\x93\x010\x9f\x93\x04f\x19\x00\x00\xaa\x19\x00\x00\x0f\x000\x9f\x93\x01\x80\x00@$@&#\x08\x9f\x93\x04\xaa\x19\x00\x00\xb6\x19\x00\x00\x06\x000\x9f\x93\x01\x93\x04\x00\x00\x00\x00\x00\x00\x00\x00,\x19\x00\x006\x19\x00\x00\x02\x001\x9f\x00\x00\x00\x00\x00\x00\x00\x00,\x19\x00\x006\x19\x00\x00\x06\x00h\x93\x01i\x93\x01\x00\x00\x00\x00\x00\x00\x00\x00J\x19\x00\x00L\x19\x00\x00\x02\x00B\x9f\x00\x00\x00\x00\x00\x00\x00\x00n\x19\x00\x00|\x19\x00\x00\x0c\x00\\\x93\x01]\x93\x01^\x93\x01_\x93\x01\x00\x00\x00\x00\x00\x00\x00\x00n\x19\x00\x00\xaa\x19\x00\x00\x0f\x000\x9f\x93\x01\x80\x00@$@&#\x08\x9f\x93\x04\xaa\x19\x00\x00\xb6\x19\x00\x00\x06\x000\x9f\x93\x01\x93\x04\x00\x00\x00\x00\x00\x00\x00\x00\xb6\x19\x00\x00\xb8\x19\x00\x00\x03\x00\x92 \x02\xb8\x19\x00\x00\xba\x19\x00\x00\x03\x00\x92 \x03\xba\x19\x00\x00\xbc\x19\x00\x00\x03\x00\x92 \x04\xbc\x19\x00\x00\xbe\x19\x00\x00\x03\x00\x92 \x05\xbe\x19\x00\x00>\x1a\x00\x00\x03\x00\x92 \x06\x00\x00\x00\x00\x00\x00\x00\x00\xb6\x19\x00\x00\xc8\x19\x00\x00\x06\x00h\x93\x01i\x93\x01\xc8\x19\x00\x00\xe3\x19\x00\x00\x06\x00j\x93\x01k\x93\x01\xe3\x19\x00\x00\xe4\x19\x00\x00\x04\x00\xf3\x01h\x9f\xe4\x19\x00\x00\t\x1a\x00\x00\x06\x00j\x93\x01k\x93\x01\t\x1a\x00\x00>\x1a\x00\x00\x04\x00\xf3\x01h\x9f\x00\x00\x00\x00\x00\x00\x00\x00\xbe\x19\x00\x00\xc8\x19\x00\x00\x02\x001\x9f\x00\x00\x00\x00\x00\x00\x00\x00\xbe\x19\x00\x00\xc8\x19\x00\x00\x06\x00h\x93\x01i\x93\x01\x00\x00\x00\x00\x00\x00\x00\x00\xd6\x19\x00\x00\xd8\x19\x00\x00\x02\x00B\x9f\x00\x00\x00\x00\x00\x00\x00\x00\xf4\x19\x00\x002\x1a\x00\x00\x0c\x00\\\x93\x01]\x93\x01^\x93\x01_\x93\x01\x00\x00\x00\x00\x00\x00\x00\x00\xf4\x19\x00\x00\xfa\x19\x00\x00\x07\x00\x8e\x02@$@&\x9f\xfa\x19\x00\x00\t\x1a\x00\x00\x07\x00\x86\x00@$@&\x9f\x00\x00\x00\x00\x00\x00\x00\x00\xf4\x19\x00\x00\n\x1a\x00\x00\x0c\x00\\\x93\x01]\x93\x01^\x93\x01_\x93\x01\x00\x00\x00\x00\x00\x00\x00\x00\xf4\x19\x00\x00\t\x1a\x00\x00\t\x00\x93\x01\x03e\x07\x80\x00\x93\x04\x00\x00\x00\x00\x00\x00\x00\x00>\x1a\x00\x00N\x1a\x00\x00\x06\x00h\x93\x01i\x93\x01N\x1a\x00\x00R\x1a\x00\x00\x04\x00\xf3\x01h\x9fR\x1a\x00\x00l\x1a\x00\x00\x06\x00h\x93\x01i\x93\x01l\x1a\x00\x00o\x1a\x00\x00\x06\x00n\x93\x01o\x93\x01o\x1a\x00\x00\x9a\x1a\x00\x00\x04\x00\xf3\x01h\x9f\x00\x00\x00\x00\x00\x00\x00\x00L\x1a\x00\x00R\x1a\x00\x00\x02\x00B\x9f\x00\x00\x00\x00\x00\x00\x00\x00T\x1a\x00\x00o\x1a\x00\x00\x06\x00n\x93\x01o\x93\x01o\x1a\x00\x00\x9a\x1a\x00\x00\x04\x00\xf3\x01h\x9f\x00\x00\x00\x00\x00\x00\x00\x00T\x1a\x00\x00\x96\x1a\x00\x00\x03\x00\x08?\x9f\x00\x00\x00\x00\x00\x00\x00\x00T\x1a\x00\x00\\\x1a\x00\x00\x0b\x00\x8e\x02\x94\x02#\x01@$@&\x9f\\\x1a\x00\x00o\x1a\x00\x00\x07\x00\x86\x00@$@&\x9f\x00\x00\x00\x00\x00\x00\x00\x00T\x1a\x00\x00p\x1a\x00\x00\x03\x00\x08?\x9f\x00\x00\x00\x00\x00\x00\x00\x00T\x1a\x00\x00o\x1a\x00\x00\t\x00\x93\x01\x03e\x07\x80\x00\x93\x04\x00\x00\x00\x00\x00\x00\x00\x00\xa4\x1a\x00\x00\xb0\x1a\x00\x00\x02\x000\x9f\xb0\x1a\x00\x00\xc0\x1a\x00\x00\x02\x001\x9f\xc0\x1a\x00\x00\xd0\x1a\x00\x00\x02\x002\x9f\xd0\x1a\x00\x00\xe0\x1a\x00\x00\x02\x003\x9f\xe0\x1a\x00\x00\xe2\x1a\x00\x00\x02\x004\x9f\x00\x00\x00\x00\x00\x00\x00\x00\xa4\x1a\x00\x00\xe0\x1a\x00\x00\x02\x000\x9f\x00\x00\x00\x00\x00\x00\x00\x00\xa4\x1a\x00\x00\xaa\x1a\x00\x00\x02\x003\x9f\xaa\x1a\x00\x00\xac\x1a\x00\x00\x02\x002\x9f\xac\x1a\x00\x00\xae\x1a\x00\x00\x02\x001\x9f\xae\x1a\x00\x00\xb0\x1a\x00\x00\x02\x000\x9f\xb0\x1a\x00\x00\xb4\x1a\x00\x00\x02\x003\x9f\xb4\x1a\x00\x00\xb8\x1a\x00\x00\x02\x002\x9f\xb8\x1a\x00\x00\xbc\x1a\x00\x00\x02\x001\x9f\xbc\x1a\x00\x00\xc0\x1a\x00\x00\x02\x000\x9f\xc0\x1a\x00\x00\xc4\x1a\x00\x00\x02\x003\x9f\xc4\x1a\x00\x00\xc8\x1a\x00\x00\x02\x002\x9f\xc8\x1a\x00\x00\xcc\x1a\x00\x00\x02\x001\x9f\xcc\x1a\x00\x00\xd0\x1a\x00\x00\x02\x000\x9f\xd0\x1a\x00\x00\xd4\x1a\x00\x00\x02\x003\x9f\xd4\x1a\x00\x00\xd8\x1a\x00\x00\x02\x002\x9f\xd8\x1a\x00\x00\xdc\x1a\x00\x00\x02\x001\x9f\xdc\x1a\x00\x00\xe0\x1a\x00\x00\x02\x000\x9f\x00\x00\x00\x00\x00\x00\x00\x00\xe2\x1a\x00\x00\xea\x1a\x00\x00\x06\x00h\x93\x01i\x93\x01\xea\x1a\x00\x00\x08\x1b\x00\x00\x04\x00\xf3\x01h\x9f\x00\x00\x00\x00\x00\x00\x00\x00\xee\x1a\x00\x00\xf4\x1a\x00\x00\x02\x00B\x9f\x00\x00\x00\x00\x00\x00\x00\x00\x08\x1b\x00\x00\x16\x1b\x00\x00\x06\x00h\x93\x01i\x93\x01\x16\x1b\x00\x00\x1d\x1b\x00\x00\x06\x00n\x93\x01o\x93\x01\x1d\x1b\x00\x00\x1e\x1b\x00\x00\x04\x00\xf3\x01h\x9f\x1e\x1b\x00\x00 \x1b\x00\x00\x06\x00n\x93\x01o\x93\x01\x00\x00\x00\x00\x00\x00\x00\x00\x1a\x1b\x00\x00\x1d\x1b\x00\x00\x06\x00h\x93\x01i\x93\x01\x00\x00\x00\x00\x00\x00\x00\x00 \x1b\x00\x00"\x1b\x00\x00\x03\x00\x92 \x02"\x1b\x00\x00$\x1b\x00\x00\x03\x00\x92 \x03$\x1b\x00\x004\x1b\x00\x00\x03\x00\x92 \x04\x00\x00\x00\x00\x00\x00\x00\x00 \x1b\x00\x00)\x1b\x00\x00\x06\x00h\x93\x01i\x93\x01)\x1b\x00\x000\x1b\x00\x00\x06\x00l\x93\x01m\x93\x010\x1b\x00\x003\x1b\x00\x00\x06\x00h\x93\x01i\x93\x013\x1b\x00\x004\x1b\x00\x00\x04\x00\xf3\x01h\x9f\x00\x00\x00\x00\x00\x00\x00\x00*\x1b\x00\x000\x1b\x00\x00\x06\x00l\x93\x01m\x93\x010\x1b\x00\x003\x1b\x00\x00\x06\x00h\x93\x01i\x93\x013\x1b\x00\x004\x1b\x00\x00\x04\x00\xf3\x01h\x9f\x00\x00\x00\x00\x00\x00\x00\x004\x1b\x00\x00A\x1b\x00\x00\x06\x00h\x93\x01i\x93\x01A\x1b\x00\x00B\x1b\x00\x00\x04\x00\xf3\x01h\x9f\x00\x00\x00\x00\x00\x00\x00\x00B\x1b\x00\x00D\x1b\x00\x00\x03\x00\x92 \x02D\x1b\x00\x00F\x1b\x00\x00\x03\x00\x92 \x03F\x1b\x00\x00V\x1b\x00\x00\x03\x00\x92 \x04\x00\x00\x00\x00\x00\x00\x00\x00B\x1b\x00\x00K\x1b\x00\x00\x06\x00h\x93\x01i\x93\x01K\x1b\x00\x00R\x1b\x00\x00\x06\x00l\x93\x01m\x93\x01R\x1b\x00\x00U\x1b\x00\x00\x06\x00h\x93\x01i\x93\x01U\x1b\x00\x00V\x1b\x00\x00\x04\x00\xf3\x01h\x9f\x00\x00\x00\x00\x00\x00\x00\x00L\x1b\x00\x00R\x1b\x00\x00\x06\x00l\x93\x01m\x93\x01R\x1b\x00\x00U\x1b\x00\x00\x06\x00h\x93\x01i\x93\x01U\x1b\x00\x00V\x1b\x00\x00\x04\x00\xf3\x01h\x9f\x00\x00\x00\x00\x00\x00\x00\x00V\x1b\x00\x00X\x1b\x00\x00\x03\x00\x92 \x02X\x1b\x00\x00Z\x1b\x00\x00\x03\x00\x92 \x03Z\x1b\x00\x00z\x1b\x00\x00\x03\x00\x92 \x04\x00\x00\x00\x00\x00\x00\x00\x00V\x1b\x00\x00`\x1b\x00\x00\x06\x00h\x93\x01i\x93\x01`\x1b\x00\x00v\x1b\x00\x00\x06\x00l\x93\x01m\x93\x01v\x1b\x00\x00y\x1b\x00\x00\x06\x00h\x93\x01i\x93\x01y\x1b\x00\x00z\x1b\x00\x00\x04\x00\xf3\x01h\x9f\x00\x00\x00\x00\x00\x00\x00\x00d\x1b\x00\x00p\x1b\x00\x00\x03\x00\x8c\x13\x9f\x00\x00\x00\x00\x00\x00\x00\x00l\x1b\x00\x00o\x1b\x00\x00\x06\x00h\x93\x01i\x93\x01\x00\x00\x00\x00\x00\x00\x00\x00z\x1b\x00\x00|\x1b\x00\x00\x03\x00\x92 \x02|\x1b\x00\x00~\x1b\x00\x00\x03\x00\x92 \x03~\x1b\x00\x00\x8e\x1b\x00\x00\x03\x00\x92 \x04\x00\x00\x00\x00\x00\x00\x00\x00z\x1b\x00\x00\x83\x1b\x00\x00\x06\x00h\x93\x01i\x93\x01\x83\x1b\x00\x00\x8a\x1b\x00\x00\x06\x00l\x93\x01m\x93\x01\x8a\x1b\x00\x00\x8d\x1b\x00\x00\x06\x00h\x93\x01i\x93\x01\x8d\x1b\x00\x00\x8e\x1b\x00\x00\x04\x00\xf3\x01h\x9f\x00\x00\x00\x00\x00\x00\x00\x00\x84\x1b\x00\x00\x8a\x1b\x00\x00\x06\x00l\x93\x01m\x93\x01\x8a\x1b\x00\x00\x8d\x1b\x00\x00\x06\x00h\x93\x01i\x93\x01\x8d\x1b\x00\x00\x8e\x1b\x00\x00\x04\x00\xf3\x01h\x9f\x00\x00\x00\x00\x00\x00\x00\x00\x8e\x1b\x00\x00\x9b\x1b\x00\x00\x06\x00h\x93\x01i\x93\x01\x9b\x1b\x00\x00\x9c\x1b\x00\x00\x04\x00\xf3\x01h\x9f\x00\x00\x00\x00\x00\x00\x00\x00\x9c\x1b\x00\x00\x9e\x1b\x00\x00\x03\x00\x92 \x02\x9e\x1b\x00\x00\xa0\x1b\x00\x00\x03\x00\x92 \x03\xa0\x1b\x00\x00\xb0\x1b\x00\x00\x03\x00\x92 \x04\x00\x00\x00\x00\x00\x00\x00\x00\x9c\x1b\x00\x00\xa5\x1b\x00\x00\x06\x00h\x93\x01i\x93\x01\xa5\x1b\x00\x00\xac\x1b\x00\x00\x06\x00l\x93\x01m\x93\x01\xac\x1b\x00\x00\xaf\x1b\x00\x00\x06\x00h\x93\x01i\x93\x01\xaf\x1b\x00\x00\xb0\x1b\x00\x00\x04\x00\xf3\x01h\x9f\x00\x00\x00\x00\x00\x00\x00\x00\xa6\x1b\x00\x00\xac\x1b\x00\x00\x06\x00l\x93\x01m\x93\x01\xac\x1b\x00\x00\xaf\x1b\x00\x00\x06\x00h\x93\x01i\x93\x01\xaf\x1b\x00\x00\xb0\x1b\x00\x00\x04\x00\xf3\x01h\x9f\x00\x00\x00\x00\x00\x00\x00\x00\xb0\x1b\x00\x00\xb2\x1b\x00\x00\x03\x00\x92 \x02\xb2\x1b\x00\x00\xb4\x1b\x00\x00\x03\x00\x92 \x03\xb4\x1b\x00\x00\xb6\x1b\x00\x00\x03\x00\x92 \x04\xb6\x1b\x00\x00\xb8\x1b\x00\x00\x03\x00\x92 \x05\xb8\x1b\x00\x00\xba\x1b\x00\x00\x03\x00\x92 \x06\xba\x1b\x00\x00\xbc\x1b\x00\x00\x03\x00\x92 \x07\xbc\x1b\x00\x00 \x1c\x00\x00\x03\x00\x92 \x08\x00\x00\x00\x00\x00\x00\x00\x00\xb0\x1b\x00\x00\xc8\x1b\x00\x00\x06\x00h\x93\x01i\x93\x01\xc8\x1b\x00\x00\x16\x1c\x00\x00\x06\x00l\x93\x01m\x93\x01\x16\x1c\x00\x00 \x1c\x00\x00\x04\x00\xf3\x01h\x9f\x00\x00\x00\x00\x00\x00\x00\x00\xb0\x1b\x00\x00\xca\x1b\x00\x00\x06\x00f\x93\x01g\x93\x01\xca\x1b\x00\x00 \x1c\x00\x00\x04\x00\xf3\x01f\x9f\x00\x00\x00\x00\x00\x00\x00\x00 \x1c\x00\x00"\x1c\x00\x00\x03\x00\x92 \x02"\x1c\x00\x00$\x1c\x00\x00\x03\x00\x92 \x03$\x1c\x00\x00,\x1c\x00\x00\x03\x00\x92 \x04,\x1c\x00\x00.\x1c\x00\x00\x03\x00\x92 \x05.\x1c\x00\x000\x1c\x00\x00\x03\x00\x92 \x060\x1c\x00\x002\x1c\x00\x00\x03\x00\x92 \x072\x1c\x00\x004\x1c\x00\x00\x03\x00\x92 \x084\x1c\x00\x006\x1c\x00\x00\x03\x00\x92 \t6\x1c\x00\x00\xb4\x1c\x00\x00\x03\x00\x92 \n\x00\x00\x00\x00\x00\x00\x00\x00F\x1c\x00\x00J\x1c\x00\x00\x0c\x00h\x93\x01i\x93\x01j\x93\x01k\x93\x01J\x1c\x00\x00X\x1c\x00\x00\x03\x00\x88\x01\x9fX\x1c\x00\x00|\x1c\x00\x00\x0c\x00h\x93\x01i\x93\x01j\x93\x01k\x93\x01|\x1c\x00\x00\x92\x1c\x00\x00\x05\x00\x03|\x07\x80\x00\xa8\x1c\x00\x00\xb2\x1c\x00\x00\x03\x00\x88\x01\x9f\xb2\x1c\x00\x00\xb4\x1c\x00\x00\x0c\x00h\x93\x01i\x93\x01j\x93\x01k\x93\x01\x00\x00\x00\x00\x00\x00\x00\x00J\x1c\x00\x00N\x1c\x00\x00\x01\x00cN\x1c\x00\x00\x9e\x1c\x00\x00\x01\x00b\x9e\x1c\x00\x00\xa2\x1c\x00\x00\x05\x00\x03{\x07\x80\x00\xa8\x1c\x00\x00\xaa\x1c\x00\x00\x01\x00b\xaa\x1c\x00\x00\xac\x1c\x00\x00\x03\x00\x83\x03\x9f\xac\x1c\x00\x00\xb4\x1c\x00\x00\x01\x00b\x00\x00\x00\x00\x00\x00\x00\x00\x8c#\x00\x00\x8e#\x00\x00\x03\x00\x92 \x02\x8e#\x00\x00\x90#\x00\x00\x03\x00\x92 \x03\x90#\x00\x00\x94#\x00\x00\x03\x00\x92 \x04\x94#\x00\x00\x98#\x00\x00\x02\x00\x8c\x04\x98#\x00\x00\x8e-\x00\x00\x03\x00\x8c\xcb\x00\x00\x00\x00\x00\x00\x00\x00\x00\xd0$\x00\x00)%\x00\x00\x01\x00b\x00\x00\x00\x00\x00\x00\x00\x00\xd6$\x00\x00\xe0$\x00\x00\x01\x00h\x00\x00\x00\x00\x00\x00\x00\x00\xea$\x00\x00\x00%\x00\x00\x06\x00j\x93\x01k\x93\x01\x00\x00\x00\x00\x00\x00\x00\x00\xce$\x00\x00\xd4$\x00\x00\x06\x00n\x93\x01o\x93\x01\x00\x00\x00\x00\x00\x00\x00\x00\xd4$\x00\x00\xe2$\x00\x00\x06\x00n\x93\x01o\x93\x01\x00\x00\x00\x00\x00\x00\x00\x00\xe6$\x00\x00\xea$\x00\x00\x06\x00n\x93\x01o\x93\x01\x00\x00\x00\x00\x00\x00\x00\x00\xf0$\x00\x00\xf4$\x00\x00\x06\x00n\x93\x01o\x93\x01\x00\x00\x00\x00\x00\x00\x00\x00\xf6$\x00\x00\x00%\x00\x00\x01\x00h\x00\x00\x00\x00\x00\x00\x00\x00\x08%\x00\x00\x0e%\x00\x00\x06\x00n\x93\x01o\x93\x01\x0e%\x00\x00\x10%\x00\x00\x03\x00\x8e\x01\x9f\x10%\x00\x00\x12%\x00\x00\x06\x00n\x93\x01o\x93\x01\x00\x00\x00\x00\x00\x00\x00\x00:%\x00\x00F%\x00\x00\x02\x000\x9f\x00\x00\x00\x00\x00\x00\x00\x00\x86%\x00\x00\x92%\x00\x00\x06\x00\x0c8\xc1\x01\x00\x9f\x00\x00\x00\x00\x00\x00\x00\x00\x96%\x00\x00\xbe%\x00\x00\x03\x00\x08d\x9f\x00\x00\x00\x00\x00\x00\x00\x00\x14(\x00\x00v)\x00\x00\x02\x000\x9f\x14,\x00\x00~-\x00\x00\x02\x000\x9f\x00\x00\x00\x00\x00\x00\x00\x00\x14(\x00\x00@(\x00\x00\x02\x000\x9f\x00\x00\x00\x00\x00\x00\x00\x00\x14(\x00\x00R(\x00\x00\x02\x000\x9fR(\x00\x00\x9e(\x00\x00\x01\x00\\\x00\x00\x00\x00\x00\x00\x00\x00\x14(\x00\x00\x9e(\x00\x00\x02\x000\x9f\x9e(\x00\x00v)\x00\x00\x01\x00W\x14,\x00\x00~-\x00\x00\x01\x00W\x00\x00\x00\x00\x00\x00\x00\x00\x1a(\x00\x00\x9e(\x00\x00\x02\x000\x9f\x0c)\x00\x00r)\x00\x00\x01\x00V\x1c,\x00\x00\xa6,\x00\x00\x01\x00V\x00\x00\x00\x00\x00\x00\x00\x00\x1a(\x00\x00\x9e(\x00\x00\x02\x000\x9f\x00\x00\x00\x00\x00\x00\x00\x00\x1a(\x00\x00\x82(\x00\x00\x02\x000\x9f\x00\x00\x00\x00\x00\x00\x00\x00\x1a(\x00\x00\x9e(\x00\x00\x02\x000\x9f\xa8(\x00\x00\xcc(\x00\x00\x02\x000\x9f\xcc(\x00\x00\xec(\x00\x00\x02\x001\x9f\xec(\x00\x00\xf2(\x00\x00\x02\x005\x9f\x0c)\x00\x00r)\x00\x00\x06\x00Z\x93\x01[\x93\x01\x14,\x00\x00\x1c,\x00\x00\x02\x001\x9f\x1c,\x00\x00\xa6,\x00\x00\x06\x00Z\x93\x01[\x93\x01\x00\x00\x00\x00\x00\x00\x00\x00$(\x00\x00\x82(\x00\x00\x02\x000\x9f\x00\x00\x00\x00\x00\x00\x00\x000(\x00\x00\x8a(\x00\x00\x02\x000\x9f\x8a(\x00\x00v)\x00\x00\x07\x00r\x00H$0.\x9f\x14,\x00\x00~-\x00\x00\x07\x00r\x00H$0.\x9f\x00\x00\x00\x00\x00\x00\x00\x00F,\x00\x00j,\x00\x00\x06\x00Z\x93\x01[\x93\x01n,\x00\x00\xa6,\x00\x00\x06\x00Z\x93\x01[\x93\x01\x00\x00\x00\x00\x00\x00\x00\x00n,\x00\x00\xa4,\x00\x00\x06\x00Z\x93\x01[\x93\x01\x00\x00\x00\x00\x00\x00\x00\x00d(\x00\x00\x82(\x00\x00\x01\x00\\\x00\x00\x00\x00\x00\x00\x00\x00d(\x00\x00\x9e(\x00\x00\x0e\x00|\x00\x08\xff\x1a9\x1e\x03\xa0\x06\x80\x00"\x9f\x00\x00\x00\x00\x00\x00\x00\x00\xa8(\x00\x00\xc4(\x00\x00\x01\x00W\x00\x00\x00\x00\x00\x00\x00\x00\xa8(\x00\x00\xc0(\x00\x00\x02\x000\x9f\x00\x00\x00\x00\x00\x00\x00\x00\xa8(\x00\x00\xc0(\x00\x00\x02\x000\x9f\xc0(\x00\x00\xc2(\x00\x00\x06\x00w\x00x\x00"\x9f\xc2(\x00\x00\xc4(\x00\x00\x01\x00X\x00\x00\x00\x00\x00\x00\x00\x00\xd6(\x00\x00\xec(\x00\x00\x02\x004\x9f\x00\x00\x00\x00\x00\x00\x00\x00\x1c)\x00\x00D)\x00\x00\x01\x00V\x00\x00\x00\x00\x00\x00\x00\x00\x1c)\x00\x00D)\x00\x00\x01\x00W\x00\x00\x00\x00\x00\x00\x00\x00\x1c)\x00\x004)\x00\x00\x02\x000\x9f\x00\x00\x00\x00\x00\x00\x00\x00\x1c)\x00\x004)\x00\x00\x02\x000\x9f4)\x00\x006)\x00\x00\x16\x00w\x00\x8e\x00"\x08\xff\x1a9\x1e\x03\xa1\x06\x80\x00"\x94\x01v\x00"\x9f6)\x00\x00D)\x00\x00\x1b\x00w\x00\x03\x9d\x06\x80\x00\x94\x01"\x08\xff\x1a9\x1e\x03\xa1\x06\x80\x00"\x94\x01v\x00"\x9f\x00\x00\x00\x00\x00\x00\x00\x00\x1c)\x00\x004)\x00\x00\x01\x00W\x00\x00\x00\x00\x00\x00\x00\x00\x1c,\x00\x00),\x00\x00\x0c\x00b\x93\x01c\x93\x01d\x93\x01e\x93\x01\x00\x00\x00\x00\x00\x00\x00\x00\xea,\x00\x00~-\x00\x00\x06\x00Z\x93\x01[\x93\x01\x00\x00\x00\x00\x00\x00\x00\x00\xc8,\x00\x00\x10-\x00\x00\x06\x00V\x93\x01W\x93\x01\x00\x00\x00\x00\x00\x00\x00\x00\xc8,\x00\x00\x10-\x00\x00\x06\x00\xf2\xbd\x85\x00\x00\x00\x00\x00\x00\x00\x00\x00\x00\x00\xe0,\x00\x00\x10-\x00\x00\x06\x00Z\x93\x01[\x93\x01\x00\x00\x00\x00\x00\x00\x00\x00\x10-\x00\x00\x18-\x00\x00\x06\x00Z\x93\x01[\x93\x01\x00\x00\x00\x00\x00\x00\x00\x00\x18-\x00\x00~-\x00\x00\x06\x00Z\x93\x01[\x93\x01\x00\x00\x00\x00\x00\x00\x00\x00l-\x00\x00r-\x00\x00\x03\x00z\x04\x9fr-\x00\x00{-\x00\x00\x06\x00d\x93\x01e\x93\x01{-\x00\x00~-\x00\x00\x03\x00z\x04\x9f\x00\x00\x00\x00\x00\x00\x00\x00l-\x00\x00{-\x00\x00\x06\x00j\x93\x01k\x93\x01{-\x00\x00~-\x00\x00\x06\x00\\\x93\x01]\x93\x01\x00\x00\x00\x00\x00\x00\x00\x00\x12&\x00\x00,&\x00\x00\x02\x000\x9f,&\x00\x00D&\x00\x00\x01\x00hD&\x00\x00Y&\x00\x00\x02\x00\x8e\x00v)\x00\x00\xad)\x00\x00\x02\x00\x8e\x00\xc0)\x00\x00\xdf)\x00\x00\x02\x00\x8e\x00\x00\x00\x00\x00\x00\x00\x00\x00,&\x00\x00D&\x00\x00\x01\x00hD&\x00\x00Y&\x00\x00\x02\x00\x8e\x00v)\x00\x00\xad)\x00\x00\x02\x00\x8e\x00\xc0)\x00\x00\xdf)\x00\x00\x02\x00\x8e\x00\x00\x00\x00\x00\x00\x00\x00\x000*\x00\x00k*\x00\x00\x01\x00bn*\x00\x00\xaf*\x00\x00\x01\x00b\xb2*\x00\x00\xe5*\x00\x00\x01\x00b\x00\x00\x00\x00\x00\x00\x00\x00\xd0&\x00\x00v)\x00\x00\x02\x000\x9f\xe8*\x00\x00\x8e-\x00\x00\x02\x000\x9f\x00\x00\x00\x00\x00\x00\x00\x00\x00\'\x00\x004\'\x00\x00\x02\x001\x9f\x00\x00\x00\x00\x00\x00\x00\x00\x00\'\x00\x004\'\x00\x00\x02\x000\x9f\x00\x00\x00\x00\x00\x00\x00\x00\x00\'\x00\x004\'\x00\x00\x03\x00\x08@\x9f\x00\x00\x00\x00\x00\x00\x00\x00\x00\'\x00\x004\'\x00\x00\x06\x00d\x93\x01e\x93\x01\x00\x00\x00\x00\x00\x00\x00\x00\x00\'\x00\x00\x08\'\x00\x00\x03\x00\t\xff\x9f\x08\'\x00\x00&\'\x00\x00\x06\x00h\x93\x01i\x93\x01*\'\x00\x004\'\x00\x00\x06\x00h\x93\x01i\x93\x01\x00\x00\x00\x00\x00\x00\x00\x00\x00\'\x00\x00\x08\'\x00\x00\x02\x000\x9f\x00\x00\x00\x00\x00\x00\x00\x00\x00\'\x00\x00\x08\'\x00\x00\x02\x000\x9f\x08\'\x00\x00&\'\x00\x00\x0b\x00\x82\x00\x84\x00"\x94\x01\x89\x00\'\x9f\x00\x00\x00\x00\x00\x00\x00\x00\x08+\x00\x008+\x00\x00\x02\x000\x9f\x00\x00\x00\x00\x00\x00\x00\x00\x08+\x00\x00\x0c+\x00\x00\x06\x00h\x93\x01i\x93\x01\x0c+\x00\x008+\x00\x00\x05\x00\x03\x93\x05\x80\x00\x00\x00\x00\x00\x00\x00\x00\x00\x08+\x00\x008+\x00\x00\x03\x00\x08@\x9f\x00\x00\x00\x00\x00\x00\x00\x00\x08+\x00\x008+\x00\x00\x06\x00d\x93\x01e\x93\x01\x00\x00\x00\x00\x00\x00\x00\x00\x08+\x00\x00*+\x00\x00\x06\x00h\x93\x01i\x93\x01.+\x00\x008+\x00\x00\x06\x00h\x93\x01i\x93\x01\x00\x00\x00\x00\x00\x00\x00\x00\x08+\x00\x00\x0c+\x00\x00\x02\x000\x9f\x00\x00\x00\x00\x00\x00\x00\x00\x08+\x00\x00\x0c+\x00\x00\x02\x000\x9f\x0c+\x00\x00*+\x00\x00\x0b\x00\x82\x00\x84\x00"\x94\x01\x89\x00\'\x9f\x00\x00\x00\x00\x00\x00\x00\x00\xc0+\x00\x00\xfa+\x00\x00\x02\x000\x9f\x00\x00\x00\x00\x00\x00\x00\x00\xc0+\x00\x00\xc6+\x00\x00\x06\x00h\x93\x01i\x93\x01\xc6+\x00\x00\xfa+\x00\x00\x05\x00\x03\x93\x05\x80\x00\x00\x00\x00\x00\x00\x00\x00\x00\xc0+\x00\x00\xfa+\x00\x00\x0c\x00T\x93\x01U\x93\x01V\x93\x01W\x93\x01\x00\x00\x00\x00\x00\x00\x00\x00\xc0+\x00\x00\xfa+\x00\x00\x06\x00X\x93\x01Y\x93\x01\x00\x00\x00\x00\x00\x00\x00\x00\xc0+\x00\x00\xec+\x00\x00\x06\x00h\x93\x01i\x93\x01\xf0+\x00\x00\xfa+\x00\x00\x06\x00h\x93\x01i\x93\x01\x00\x00\x00\x00\x00\x00\x00\x00\xc0+\x00\x00\xc6+\x00\x00\x02\x000\x9f\xc6+\x00\x00\xfa+\x00\x00\x0c\x00d\x93\x01e\x93\x01f\x93\x01g\x93\x01\x00\x00\x00\x00\x00\x00\x00\x00\xc0+\x00\x00\xc6+\x00\x00\x02\x000\x9f\xd0+\x00\x00\xec+\x00\x00\x0b\x00\x84\x00x\x00"\x94\x01\x89\x00\'\x9f\x00\x00\x00\x00\x00\x00\x00\x00\x02,\x00\x00\x06,\x00\x00\x02\x000\x9f\x00\x00\x00\x00\x00\x00\x00\x00\x88\'\x00\x00\x90\'\x00\x00\n\x00\x9e\x08\xd0\x07\x00\x00\x00\x00\x00\x00\x00\x00\x00\x00\x00\x00\x00\x00\x88\'\x00\x00\x90\'\x00\x00\x04\x00\n\xd0\x07\x9f\x00\x00\x00\x00\x00\x00\x00\x00\x88\'\x00\x00\x90\'\x00\x00\x04\x00\n;\x1f\x9f\x00\x00\x00\x00\x00\x00\x00\x00\xb4\x1c\x00\x00\xb6\x1c\x00\x00\x03\x00\x92 \x02\xb6\x1c\x00\x00\xb8\x1c\x00\x00\x03\x00\x92 \x03\xb8\x1c\x00\x00\xc0\x1c\x00\x00\x03\x00\x92 \x04\xc0\x1c\x00\x00\xc2\x1c\x00\x00\x03\x00\x92 \x05\xc2\x1c\x00\x00\x92\x1d\x00\x00\x03\x00\x92 \x06\x00\x00\x00\x00\x00\x00\x00\x00\xc6\x1c\x00\x00B\x1d\x00\x00\x01\x00hn\x1d\x00\x00v\x1d\x00\x00\x01\x00h\x00\x00\x00\x00\x00\x00\x00\x00\xd4\x1c\x00\x00\xe8\x1c\x00\x00\x03\x00\x082\x9f\x00\x00\x00\x00\x00\x00\x00\x00\xd4\x1c\x00\x00\xe8\x1c\x00\x00\x02\x000\x9f\x00\x00\x00\x00\x00\x00\x00\x00\xf6\x1c\x00\x00\n\x1d\x00\x00\x02\x003\x9f\x00\x00\x00\x00\x00\x00\x00\x00\xf6\x1c\x00\x00\xfc\x1c\x00\x00\x02\x003\x9f\x00\x00\x00\x00\x00\x00\x00\x00\x92\x1d\x00\x00\x94\x1d\x00\x00\x03\x00\x92 \x02\x94\x1d\x00\x00\x96\x1d\x00\x00\x03\x00\x92 \x03\x96\x1d\x00\x00\x9e\x1d\x00\x00\x03\x00\x92 \x04\x9e\x1d\x00\x00\xa0\x1d\x00\x00\x03\x00\x92 \x05\xa0\x1d\x00\x00\xa2\x1d\x00\x00\x03\x00\x92 \x06\xa2\x1d\x00\x00\xa4\x1d\x00\x00\x03\x00\x92 \x07\xa4\x1d\x00\x00\xa6\x1d\x00\x00\x03\x00\x92 \x08\xa6\x1d\x00\x00\xa8\x1d\x00\x00\x03\x00\x92 \t\xa8\x1d\x00\x00\xaa\x1d\x00\x00\x03\x00\x92 \n\xaa\x1d\x00\x00\xac\x1d\x00\x00\x03\x00\x92 \x0b\xac\x1d\x00\x00\xae\x1d\x00\x00\x03\x00\x92 \x0c\xae\x1d\x00\x00\xb0\x1d\x00\x00\x03\x00\x92 \r\xb0\x1d\x00\x00\xb2\x1d\x00\x00\x03\x00\x92 \x0e\xb2\x1d\x00\x00\xb4\x1d\x00\x00\x03\x00\x92 \x0f\xb4\x1d\x00\x00\xb6\x1d\x00\x00\x03\x00\x92 \x10\xb6\x1d\x00\x00\xb8\x1d\x00\x00\x03\x00\x92 \x11\xb8\x1d\x00\x00\xba\x1d\x00\x00\x03\x00\x92 \x12\xba\x1d\x00\x00\xbc\x1d\x00\x00\x03\x00\x92 \x13\xbc\x1d\x00\x00\xbe\x1d\x00\x00\x03\x00\x92 \x14\xbe\x1d\x00\x00\xc0\x1d\x00\x00\x03\x00\x92 \x15\xc0\x1d\x00\x00\xc2\x1d\x00\x00\x03\x00\x92 \x16\xc2\x1d\x00\x00\xc4\x1d\x00\x00\x03\x00\x92 \x17\xc4\x1d\x00\x00\xc8\x1d\x00\x00\x03\x00\x92 \x18\xc8\x1d\x00\x00\xca\x1d\x00\x00\x02\x00\x8c\x18\xca\x1d\x00\x00\xf6!\x00\x00\x02\x00\x8c4\x00\x00\x00\x00\x00\x00\x00\x00\xec\x1d\x00\x00\x16\x1e\x00\x00\x01\x00hb\x1e\x00\x00\x82\x1e\x00\x00\x01\x00h\x8a\x1e\x00\x00\x9c\x1e\x00\x00\x01\x00h\xa0\x1e\x00\x00\xa4\x1e\x00\x00\x01\x00h\xb4\x1e\x00\x00\xdb\x1e\x00\x00\x01\x00h,\x1f\x00\x007\x1f\x00\x00\x01\x00h\x0c \x00\x00\x18 \x00\x00\x01\x00h\x1e \x00\x00& \x00\x00\x01\x00hh \x00\x00l \x00\x00\x01\x00h\x00\x00\x00\x00\x00\x00\x00\x00\xf8\x1d\x00\x00\x1e\x1e\x00\x00\x02\x001\x9fj\x1e\x00\x00\x8a\x1f\x00\x00\x02\x001\x9f\x8a\x1f\x00\x00\x8e\x1f\x00\x00\x01\x00h\x96\x1f\x00\x00\xf6!\x00\x00\x02\x001\x9f\x00\x00\x00\x00\x00\x00\x00\x00\xce\x1d\x00\x00\xd2\x1d\x00\x00\x02\x000\x9f\x00\x00\x00\x00\x00\x00\x00\x00\x02\x1e\x00\x00\x1e\x1e\x00\x00\x01\x00ij\x1e\x00\x00\xdb\x1e\x00\x00\x01\x00i,\x1f\x00\x007\x1f\x00\x00\x01\x00i\x0c \x00\x004 \x00\x00\x01\x00i\x00\x00\x00\x00\x00\x00\x00\x00\n\x1e\x00\x00\x1e\x1e\x00\x00\x06\x00d\x93\x01e\x93\x01j\x1e\x00\x00\xdb\x1e\x00\x00\x06\x00d\x93\x01e\x93\x01,\x1f\x00\x007\x1f\x00\x00\x06\x00d\x93\x01e\x93\x01\x0c \x00\x00h \x00\x00\x06\x00d\x93\x01e\x93\x01\x00\x00\x00\x00\x00\x00\x00\x00\x16\x1e\x00\x00\x1a\x1e\x00\x00\x01\x00h\x00\x00\x00\x00\x00\x00\x00\x00\x1a\x1e\x00\x00\x1e\x1e\x00\x00\x02\x000\x9f\x00\x00\x00\x00\x00\x00\x00\x00j\x1e\x00\x00p\x1e\x00\x00\x02\x000\x9f\x00\x00\x00\x00\x00\x00\x00\x00\xba\x1e\x00\x00\x8e\x1f\x00\x00\x03\x00\x91c\x9f\x96\x1f\x00\x00\x06 \x00\x00\x03\x00\x91c\x9f\xe0!\x00\x00\xf6!\x00\x00\x03\x00\x91c\x9f\x00\x00\x00\x00\x00\x00\x00\x00\xba\x1e\x00\x00\x8e\x1f\x00\x00\x01\x00_\x96\x1f\x00\x00\x06 \x00\x00\x01\x00_\xe0!\x00\x00\xf6!\x00\x00\x01\x00_\x00\x00\x00\x00\x00\x00\x00\x00l\x1f\x00\x00\x8e\x1f\x00\x00\x02\x000\x9f\x96\x1f\x00\x00\xfe\x1f\x00\x00\x02\x000\x9f\xfe\x1f\x00\x00\x06 \x00\x00\x06\x00f\x93\x01g\x93\x01\xea!\x00\x00\xf6!\x00\x00\x02\x000\x9f\x00\x00\x00\x00\x00\x00\x00\x00\x02 \x00\x00\x06 \x00\x00\x01\x00d\x00\x00\x00\x00\x00\x00\x00\x00\xd0\x1e\x00\x00\xdb\x1e\x00\x00\x02\x00\x91i\x00\x00\x00\x00\x00\x00\x00\x00\xdc\x1e\x00\x00"\x1f\x00\x00\x01\x00h\x00\x00\x00\x00\x00\x00\x00\x00\xd0\x1e\x00\x00\xd8\x1e\x00\x00\x02\x000\x9f\x00\x00\x00\x00\x00\x00\x00\x00\xd0\x1e\x00\x00,\x1f\x00\x00\x02\x000\x9f\x00\x00\x00\x00\x00\x00\x00\x00\x02\x1f\x00\x00\x06\x1f\x00\x00\x02\x000\x9f\x00\x00\x00\x00\x00\x00\x00\x008\x1f\x00\x00@\x1f\x00\x00\x06\x00h\x93\x01i\x93\x01\x00\x00\x00\x00\x00\x00\x00\x00@\x1f\x00\x00l\x1f\x00\x00\x06\x00`\x93\x01a\x93\x01\x00\x00\x00\x00\x00\x00\x00\x00^\x1f\x00\x00l\x1f\x00\x00\x06\x00h\x93\x01i\x93\x01\x00\x00\x00\x00\x00\x00\x00\x00\xac\x1f\x00\x00\xbc\x1f\x00\x00\x03\x00\x91O\x9f\xbc\x1f\x00\x00\xe4\x1f\x00\x00\x06\x00`\x93\x01a\x93\x01\x00\x00\x00\x00\x00\x00\x00\x00\xac\x1f\x00\x00\xbc\x1f\x00\x00\x06\x00h\x93\x01i\x93\x01\x00\x00\x00\x00\x00\x00\x00\x00\xb4\x1f\x00\x00\xe4\x1f\x00\x00\x06\x00^\x93\x01_\x93\x01\x00\x00\x00\x00\x00\x00\x00\x00\xfe\x1f\x00\x00\x06 \x00\x00\x06\x00f\x93\x01g\x93\x01\x00\x00\x00\x00\x00\x00\x00\x00\x16 \x00\x00\x1e \x00\x00\x02\x001\x9f\x00\x00\x00\x00\x00\x00\x00\x004 \x00\x00X \x00\x00\x01\x00h\x00\x00\x00\x00\x00\x00\x00\x00\x80 \x00\x00\xe0!\x00\x00\x03\x00\x91c\x9f\x00\x00\x00\x00\x00\x00\x00\x00\x80 \x00\x00\xd9 \x00\x00\x02\x00\x91g\xe2 \x00\x00*!\x00\x00\x02\x00\x91gP!\x00\x00n!\x00\x00\x02\x00\x91g\x8c!\x00\x00\x9e!\x00\x00\x02\x00\x91g\xaa!\x00\x00\xad!\x00\x00\x01\x00h\x00\x00\x00\x00\x00\x00\x00\x00\x86 \x00\x00\xaa!\x00\x00\x03\x00\x91c\x9f\x00\x00\x00\x00\x00\x00\x00\x00\x88 \x00\x00\x9e \x00\x00\x01\x00h\x9e \x00\x00\xa0 \x00\x00\x02\x00\x91d\xa0 \x00\x00\xae \x00\x00\x01\x00h\xae \x00\x00\xc4 \x00\x00\x02\x00\x91d\xc4 \x00\x00\xc8 \x00\x00\x01\x00h\xc8 \x00\x00\xd9 \x00\x00\x02\x00\x91d\xe2 \x00\x00\xea \x00\x00\x01\x00h\xea \x00\x00*!\x00\x00\x02\x00\x91dP!\x00\x00n!\x00\x00\x02\x00\x91d\x8c!\x00\x00\x9e!\x00\x00\x02\x00\x91d\x00\x00\x00\x00\x00\x00\x00\x00\x8a \x00\x00\xd9 \x00\x00\x01\x00i\xe2 \x00\x00>!\x00\x00\x01\x00iP!\x00\x00\xaa!\x00\x00\x01\x00i\x00\x00\x00\x00\x00\x00\x00\x00\xe0 \x00\x00\xe2 \x00\x00\x02\x000\x9f\x00\x00\x00\x00\x00\x00\x00\x00\xe8 \x00\x00\xaa!\x00\x00\x03\x00\x91c\x9f\x00\x00\x00\x00\x00\x00\x00\x00\xee \x00\x00\x00!\x00\x00\x04\x00\n\x00\x08\x9f\x00!\x00\x00P!\x00\x00\x06\x00n\x93\x01o\x93\x01P!\x00\x00V!\x00\x00\x04\x00\n\x00\x08\x9fV!\x00\x00\xaa!\x00\x00\x06\x00n\x93\x01o\x93\x01\x00\x00\x00\x00\x00\x00\x00\x00\xee \x00\x00\xf6 \x00\x00\x04\x00\n\xfe\x7f\x9f\x00\x00\x00\x00\x00\x00\x00\x00:!\x00\x00P!\x00\x00\x02\x003\x9f\x00\x00\x00\x00\x00\x00\x00\x00\xae!\x00\x00\xb6!\x00\x00\x06\x00h\x93\x01i\x93\x01\x00\x00\x00\x00\x00\x00\x00\x00\xb6!\x00\x00\xe0!\x00\x00\x06\x00`\x93\x01a\x93\x01\x00\x00\x00\x00\x00\x00\x00\x00l \x00\x00\x80 \x00\x00\x06\x00h\x93\x01i\x93\x01\x00\x00\x00\x00\x00\x00\x00\x00l \x00\x00p \x00\x00\x02\x000\x9f\x00\x00\x00\x00\x00\x00\x00\x00'), '.debug_ranges': DebugInfo(section=Elf_Section(index = 14, sh_name = 180, sh_type = 1, sh_flags = 0, sh_addr = 0, sh_offset = 108464, sh_size = 1888, sh_link = 0, sh_info = 0, sh_addralign = 1, sh_entsize = 0, section_name = '.debug_ranges', section_image = b"N\x02\x00\x00\x88\x02\x00\x00\xac\x02\x00\x00\x06\x03\x00\x00\x00\x00\x00\x00\x00\x00\x00\x00\xcc\x04\x00\x00\xee\x04\x00\x00\xfc\x04\x00\x00\x00\x05\x00\x00\x00\x00\x00\x00\x00\x00\x00\x00\xd2\x04\x00\x00\xee\x04\x00\x00\xfc\x04\x00\x00\x00\x05\x00\x00\x00\x00\x00\x00\x00\x00\x00\x00$\x05\x00\x006\x05\x00\x00L\x05\x00\x00P\x05\x00\x00\x00\x00\x00\x00\x00\x00\x00\x00\xf4\x05\x00\x00\x10\x06\x00\x00\x18\x06\x00\x00\xae\x06\x00\x00\x00\x00\x00\x00\x00\x00\x00\x00\xf4\x05\x00\x00\x10\x06\x00\x00\x18\x06\x00\x00\x9e\x06\x00\x00\x00\x00\x00\x00\x00\x00\x00\x00\x18\x06\x00\x00 \x06\x00\x00(\x06\x00\x00\x96\x06\x00\x00\x00\x00\x00\x00\x00\x00\x00\x00\x18\x06\x00\x00 \x06\x00\x00F\x06\x00\x00\x96\x06\x00\x00\x00\x00\x00\x00\x00\x00\x00\x00\x18\x06\x00\x00\x1c\x06\x00\x00F\x06\x00\x00N\x06\x00\x00\x00\x00\x00\x00\x00\x00\x00\x00\x18\x06\x00\x00\x1c\x06\x00\x00J\x06\x00\x00N\x06\x00\x00\x00\x00\x00\x00\x00\x00\x00\x00\x1c\x06\x00\x00 \x06\x00\x00\x88\x06\x00\x00\x8c\x06\x00\x00\x00\x00\x00\x00\x00\x00\x00\x00~\x08\x00\x00\x80\x08\x00\x00\x84\x08\x00\x00\x98\x08\x00\x00\x00\x00\x00\x00\x00\x00\x00\x00\xa6\x08\x00\x00\xae\x08\x00\x00\xb0\x08\x00\x00\xc0\x08\x00\x00\x00\x00\x00\x00\x00\x00\x00\x00\xb6\t\x00\x00\xbc\t\x00\x00\xc0\t\x00\x00\xc4\t\x00\x00\x00\x00\x00\x00\x00\x00\x00\x00z\n\x00\x00|\n\x00\x00\x82\n\x00\x00\x88\n\x00\x00\x00\x00\x00\x00\x00\x00\x00\x00\x88\n\x00\x00\xd0\n\x00\x00\xd2\n\x00\x00\x1c\x0b\x00\x00&\x0b\x00\x00*\x0b\x00\x00\x00\x00\x00\x00\x00\x00\x00\x00\x8e\n\x00\x00\xa8\n\x00\x00\xae\n\x00\x00\xc2\n\x00\x00\xc4\n\x00\x00\xd0\n\x00\x00\xd2\n\x00\x00\x1c\x0b\x00\x00\x00\x00\x00\x00\x00\x00\x00\x00\xa8\n\x00\x00\xac\n\x00\x00\xc2\n\x00\x00\xc4\n\x00\x00\x00\x00\x00\x00\x00\x00\x00\x00H\x0b\x00\x00J\x0b\x00\x00N\x0b\x00\x00T\x0b\x00\x00\x00\x00\x00\x00\x00\x00\x00\x00T\x0b\x00\x00\x9a\x0b\x00\x00\x9c\x0b\x00\x00\xe4\x0b\x00\x00\xec\x0b\x00\x00\xf0\x0b\x00\x00\x00\x00\x00\x00\x00\x00\x00\x00Z\x0b\x00\x00t\x0b\x00\x00z\x0b\x00\x00\x9a\x0b\x00\x00\x9c\x0b\x00\x00\xe4\x0b\x00\x00\x00\x00\x00\x00\x00\x00\x00\x00\x10\x0c\x00\x00P\x0c\x00\x00R\x0c\x00\x00\x86\x0c\x00\x00\x8a\x0c\x00\x00\x8e\x0c\x00\x00\x00\x00\x00\x00\x00\x00\x00\x00\x16\x0c\x00\x00P\x0c\x00\x00R\x0c\x00\x00\x86\x0c\x00\x00\x00\x00\x00\x00\x00\x00\x00\x000\x0c\x00\x00P\x0c\x00\x00R\x0c\x00\x00\x86\x0c\x00\x00\x00\x00\x00\x00\x00\x00\x00\x00v\r\x00\x00~\r\x00\x00\x80\r\x00\x00\x94\r\x00\x00\x00\x00\x00\x00\x00\x00\x00\x00\x98\r\x00\x00\xa0\r\x00\x00\xac\r\x00\x00\xb2\r\x00\x00\x00\x00\x00\x00\x00\x00\x00\x00\xee\r\x00\x00\xf2\r\x00\x00\xfe\r\x00\x00\x02\x0e\x00\x00\x00\x00\x00\x00\x00\x00\x00\x00.\x0e\x00\x004\x0e\x00\x00V\x0e\x00\x00Z\x0e\x00\x00\x00\x00\x00\x00\x00\x00\x00\x004\x0e\x00\x008\x0e\x00\x00:\x0e\x00\x00<\x0e\x00\x00Z\x0e\x00\x00^\x0e\x00\x00\x00\x00\x00\x00\x00\x00\x00\x00<\x0e\x00\x00B\x0e\x00\x00^\x0e\x00\x00b\x0e\x00\x00\x00\x00\x00\x00\x00\x00\x00\x00B\x0e\x00\x00H\x0e\x00\x00b\x0e\x00\x00f\x0e\x00\x00\x00\x00\x00\x00\x00\x00\x00\x00\x8c\x0e\x00\x00\x90\x0e\x00\x00\x9e\x0e\x00\x00\xa2\x0e\x00\x00\x00\x00\x00\x00\x00\x00\x00\x00:\x0f\x00\x00>\x0f\x00\x00R\x0f\x00\x00\xc2\x0f\x00\x00\xc6\x0f\x00\x00\xce\x0f\x00\x00\x00\x00\x00\x00\x00\x00\x00\x00^\x0f\x00\x00l\x0f\x00\x00t\x0f\x00\x00\xb6\x0f\x00\x00\x00\x00\x00\x00\x00\x00\x00\x00,\x11\x00\x000\x11\x00\x006\x11\x00\x00:\x11\x00\x00\x00\x00\x00\x00\x00\x00\x00\x00<\x11\x00\x00Z\x11\x00\x00^\x11\x00\x00j\x11\x00\x00\x00\x00\x00\x00\x00\x00\x00\x00\xb8\x12\x00\x00\xba\x12\x00\x00\xbe\x12\x00\x00\xc2\x12\x00\x00\x00\x00\x00\x00\x00\x00\x00\x00\xc2\x12\x00\x00\xf2\x12\x00\x00\xf6\x12\x00\x00\xfa\x12\x00\x00\x00\x00\x00\x00\x00\x00\x00\x00\xcc\x12\x00\x00\xe0\x12\x00\x00\xe8\x12\x00\x00\xf2\x12\x00\x00\xf6\x12\x00\x00\xfa\x12\x00\x00\x00\x00\x00\x00\x00\x00\x00\x00>\x13\x00\x00V\x13\x00\x00Z\x13\x00\x00j\x13\x00\x00\x00\x00\x00\x00\x00\x00\x00\x00\x80\x13\x00\x00\x82\x13\x00\x00\x86\x13\x00\x00\x8a\x13\x00\x00\x00\x00\x00\x00\x00\x00\x00\x00v\x14\x00\x00\x90\x14\x00\x00\x92\x14\x00\x00\xa0\x14\x00\x00\x00\x00\x00\x00\x00\x00\x00\x00\xfa\x15\x00\x00\x04\x16\x00\x00\x08\x16\x00\x00.\x16\x00\x00\x00\x00\x00\x00\x00\x00\x00\x00\x00\x16\x00\x00\x04\x16\x00\x00\x08\x16\x00\x00\x0c\x16\x00\x00\x00\x00\x00\x00\x00\x00\x00\x00\xda\x18\x00\x00\xe8\x18\x00\x00\xea\x18\x00\x00\xee\x18\x00\x00\x00\x00\x00\x00\x00\x00\x00\x00*\x1b\x00\x00,\x1b\x00\x000\x1b\x00\x004\x1b\x00\x00\x00\x00\x00\x00\x00\x00\x00\x00L\x1b\x00\x00N\x1b\x00\x00R\x1b\x00\x00V\x1b\x00\x00\x00\x00\x00\x00\x00\x00\x00\x00\x84\x1b\x00\x00\x86\x1b\x00\x00\x8a\x1b\x00\x00\x8e\x1b\x00\x00\x00\x00\x00\x00\x00\x00\x00\x00\xa6\x1b\x00\x00\xa8\x1b\x00\x00\xac\x1b\x00\x00\xb0\x1b\x00\x00\x00\x00\x00\x00\x00\x00\x00\x00\x06&\x00\x00\x8a(\x00\x00\x8c(\x00\x00\xec(\x00\x00\xf4(\x00\x00\x14,\x00\x00\x1c,\x00\x00~-\x00\x00\x00\x00\x00\x00\x00\x00\x00\x00\x06&\x00\x00\x12&\x00\x00\x14(\x00\x00\x8a(\x00\x00\x8c(\x00\x00\xec(\x00\x00\xf4(\x00\x00v)\x00\x00\x1c,\x00\x00~-\x00\x00\x00\x00\x00\x00\x00\x00\x00\x00\x0c&\x00\x00\x12&\x00\x00F,\x00\x00j,\x00\x00n,\x00\x00\xa6,\x00\x00\x00\x00\x00\x00\x00\x00\x00\x00\x0c&\x00\x00\x12&\x00\x00F,\x00\x00^,\x00\x00\x00\x00\x00\x00\x00\x00\x00\x00\x8c(\x00\x00\x9e(\x00\x00\xa8(\x00\x00\xc4(\x00\x00\x00\x00\x00\x00\x00\x00\x00\x00\x8c(\x00\x00\x9e(\x00\x00\xa8(\x00\x00\xc0(\x00\x00\x00\x00\x00\x00\x00\x00\x00\x00\xb6,\x00\x00\xba,\x00\x00\xc8,\x00\x00\x10-\x00\x00\x00\x00\x00\x00\x00\x00\x00\x00\x12&\x00\x00\xd0&\x00\x00v)\x00\x00\xe8*\x00\x00\x00\x00\x00\x00\x00\x00\x00\x00,&\x00\x00:&\x00\x00<&\x00\x00\x8e&\x00\x00v)\x00\x00\xe8*\x00\x00\x00\x00\x00\x00\x00\x00\x00\x00\xd0&\x00\x00\x90'\x00\x00\xe8*\x00\x00\x14,\x00\x00\x00\x00\x00\x00\x00\x00\x00\x00\xda&\x00\x00\x88'\x00\x00\xe8*\x00\x00\x14,\x00\x00\x00\x00\x00\x00\x00\x00\x00\x00\x00\x1e\x00\x00\x1e\x1e\x00\x00j\x1e\x00\x00\x8a\x1f\x00\x00\x96\x1f\x00\x00\xfa\x1f\x00\x00\xfe\x1f\x00\x00\x06 \x00\x00\x0c \x00\x00. \x00\x000 \x00\x00h \x00\x00\xe0!\x00\x00\xf0!\x00\x00\x00\x00\x00\x00\x00\x00\x00\x00\xbe\x1e\x00\x00\x8a\x1f\x00\x00\x96\x1f\x00\x00\xfa\x1f\x00\x00\xfe\x1f\x00\x00\x06 \x00\x00\xe0!\x00\x00\xf0!\x00\x00\x00\x00\x00\x00\x00\x00\x00\x00\xc0\x1e\x00\x00\xcc\x1e\x00\x00\xd0\x1e\x00\x00,\x1f\x00\x00\x00\x00\x00\x00\x00\x00\x00\x00\xc0\x1e\x00\x00\xcc\x1e\x00\x00\xd0\x1e\x00\x00\xd8\x1e\x00\x00\x00\x00\x00\x00\x00\x00\x00\x00\x86\x1f\x00\x00\x8a\x1f\x00\x00\xa8\x1f\x00\x00\xfa\x1f\x00\x00\x00\x00\x00\x00\x00\x00\x00\x00\x06 \x00\x00\x0c \x00\x00\x80 \x00\x00\xfc \x00\x00\x00!\x00\x00P!\x00\x00V!\x00\x00\xe0!\x00\x00\x00\x00\x00\x00\x00\x00\x00\x00\x06 \x00\x00\x0c \x00\x00\x86 \x00\x00\xfc \x00\x00\x00!\x00\x00P!\x00\x00V!\x00\x00\xaa!\x00\x00\x00\x00\x00\x00\x00\x00\x00\x00\xe8 \x00\x00\xfc \x00\x00\x00!\x00\x00P!\x00\x00V!\x00\x00\xaa!\x00\x00\x00\x00\x00\x00\x00\x00\x00\x00\x10\x02\x00\x00\xf6!\x00\x00\x8c#\x00\x00\x8e-\x00\x00\x8e-\x00\x00\xae-\x00\x00\x00\x00\x00\x00\x00\x00\x00\x00", rid = 15), image=b"N\x02\x00\x00\x88\x02\x00\x00\xac\x02\x00\x00\x06\x03\x00\x00\x00\x00\x00\x00\x00\x00\x00\x00\xcc\x04\x00\x00\xee\x04\x00\x00\xfc\x04\x00\x00\x00\x05\x00\x00\x00\x00\x00\x00\x00\x00\x00\x00\xd2\x04\x00\x00\xee\x04\x00\x00\xfc\x04\x00\x00\x00\x05\x00\x00\x00\x00\x00\x00\x00\x00\x00\x00$\x05\x00\x006\x05\x00\x00L\x05\x00\x00P\x05\x00\x00\x00\x00\x00\x00\x00\x00\x00\x00\xf4\x05\x00\x00\x10\x06\x00\x00\x18\x06\x00\x00\xae\x06\x00\x00\x00\x00\x00\x00\x00\x00\x00\x00\xf4\x05\x00\x00\x10\x06\x00\x00\x18\x06\x00\x00\x9e\x06\x00\x00\x00\x00\x00\x00\x00\x00\x00\x00\x18\x06\x00\x00 \x06\x00\x00(\x06\x00\x00\x96\x06\x00\x00\x00\x00\x00\x00\x00\x00\x00\x00\x18\x06\x00\x00 \x06\x00\x00F\x06\x00\x00\x96\x06\x00\x00\x00\x00\x00\x00\x00\x00\x00\x00\x18\x06\x00\x00\x1c\x06\x00\x00F\x06\x00\x00N\x06\x00\x00\x00\x00\x00\x00\x00\x00\x00\x00\x18\x06\x00\x00\x1c\x06\x00\x00J\x06\x00\x00N\x06\x00\x00\x00\x00\x00\x00\x00\x00\x00\x00\x1c\x06\x00\x00 \x06\x00\x00\x88\x06\x00\x00\x8c\x06\x00\x00\x00\x00\x00\x00\x00\x00\x00\x00~\x08\x00\x00\x80\x08\x00\x00\x84\x08\x00\x00\x98\x08\x00\x00\x00\x00\x00\x00\x00\x00\x00\x00\xa6\x08\x00\x00\xae\x08\x00\x00\xb0\x08\x00\x00\xc0\x08\x00\x00\x00\x00\x00\x00\x00\x00\x00\x00\xb6\t\x00\x00\xbc\t\x00\x00\xc0\t\x00\x00\xc4\t\x00\x00\x00\x00\x00\x00\x00\x00\x00\x00z\n\x00\x00|\n\x00\x00\x82\n\x00\x00\x88\n\x00\x00\x00\x00\x00\x00\x00\x00\x00\x00\x88\n\x00\x00\xd0\n\x00\x00\xd2\n\x00\x00\x1c\x0b\x00\x00&\x0b\x00\x00*\x0b\x00\x00\x00\x00\x00\x00\x00\x00\x00\x00\x8e\n\x00\x00\xa8\n\x00\x00\xae\n\x00\x00\xc2\n\x00\x00\xc4\n\x00\x00\xd0\n\x00\x00\xd2\n\x00\x00\x1c\x0b\x00\x00\x00\x00\x00\x00\x00\x00\x00\x00\xa8\n\x00\x00\xac\n\x00\x00\xc2\n\x00\x00\xc4\n\x00\x00\x00\x00\x00\x00\x00\x00\x00\x00H\x0b\x00\x00J\x0b\x00\x00N\x0b\x00\x00T\x0b\x00\x00\x00\x00\x00\x00\x00\x00\x00\x00T\x0b\x00\x00\x9a\x0b\x00\x00\x9c\x0b\x00\x00\xe4\x0b\x00\x00\xec\x0b\x00\x00\xf0\x0b\x00\x00\x00\x00\x00\x00\x00\x00\x00\x00Z\x0b\x00\x00t\x0b\x00\x00z\x0b\x00\x00\x9a\x0b\x00\x00\x9c\x0b\x00\x00\xe4\x0b\x00\x00\x00\x00\x00\x00\x00\x00\x00\x00\x10\x0c\x00\x00P\x0c\x00\x00R\x0c\x00\x00\x86\x0c\x00\x00\x8a\x0c\x00\x00\x8e\x0c\x00\x00\x00\x00\x00\x00\x00\x00\x00\x00\x16\x0c\x00\x00P\x0c\x00\x00R\x0c\x00\x00\x86\x0c\x00\x00\x00\x00\x00\x00\x00\x00\x00\x000\x0c\x00\x00P\x0c\x00\x00R\x0c\x00\x00\x86\x0c\x00\x00\x00\x00\x00\x00\x00\x00\x00\x00v\r\x00\x00~\r\x00\x00\x80\r\x00\x00\x94\r\x00\x00\x00\x00\x00\x00\x00\x00\x00\x00\x98\r\x00\x00\xa0\r\x00\x00\xac\r\x00\x00\xb2\r\x00\x00\x00\x00\x00\x00\x00\x00\x00\x00\xee\r\x00\x00\xf2\r\x00\x00\xfe\r\x00\x00\x02\x0e\x00\x00\x00\x00\x00\x00\x00\x00\x00\x00.\x0e\x00\x004\x0e\x00\x00V\x0e\x00\x00Z\x0e\x00\x00\x00\x00\x00\x00\x00\x00\x00\x004\x0e\x00\x008\x0e\x00\x00:\x0e\x00\x00<\x0e\x00\x00Z\x0e\x00\x00^\x0e\x00\x00\x00\x00\x00\x00\x00\x00\x00\x00<\x0e\x00\x00B\x0e\x00\x00^\x0e\x00\x00b\x0e\x00\x00\x00\x00\x00\x00\x00\x00\x00\x00B\x0e\x00\x00H\x0e\x00\x00b\x0e\x00\x00f\x0e\x00\x00\x00\x00\x00\x00\x00\x00\x00\x00\x8c\x0e\x00\x00\x90\x0e\x00\x00\x9e\x0e\x00\x00\xa2\x0e\x00\x00\x00\x00\x00\x00\x00\x00\x00\x00:\x0f\x00\x00>\x0f\x00\x00R\x0f\x00\x00\xc2\x0f\x00\x00\xc6\x0f\x00\x00\xce\x0f\x00\x00\x00\x00\x00\x00\x00\x00\x00\x00^\x0f\x00\x00l\x0f\x00\x00t\x0f\x00\x00\xb6\x0f\x00\x00\x00\x00\x00\x00\x00\x00\x00\x00,\x11\x00\x000\x11\x00\x006\x11\x00\x00:\x11\x00\x00\x00\x00\x00\x00\x00\x00\x00\x00<\x11\x00\x00Z\x11\x00\x00^\x11\x00\x00j\x11\x00\x00\x00\x00\x00\x00\x00\x00\x00\x00\xb8\x12\x00\x00\xba\x12\x00\x00\xbe\x12\x00\x00\xc2\x12\x00\x00\x00\x00\x00\x00\x00\x00\x00\x00\xc2\x12\x00\x00\xf2\x12\x00\x00\xf6\x12\x00\x00\xfa\x12\x00\x00\x00\x00\x00\x00\x00\x00\x00\x00\xcc\x12\x00\x00\xe0\x12\x00\x00\xe8\x12\x00\x00\xf2\x12\x00\x00\xf6\x12\x00\x00\xfa\x12\x00\x00\x00\x00\x00\x00\x00\x00\x00\x00>\x13\x00\x00V\x13\x00\x00Z\x13\x00\x00j\x13\x00\x00\x00\x00\x00\x00\x00\x00\x00\x00\x80\x13\x00\x00\x82\x13\x00\x00\x86\x13\x00\x00\x8a\x13\x00\x00\x00\x00\x00\x00\x00\x00\x00\x00v\x14\x00\x00\x90\x14\x00\x00\x92\x14\x00\x00\xa0\x14\x00\x00\x00\x00\x00\x00\x00\x00\x00\x00\xfa\x15\x00\x00\x04\x16\x00\x00\x08\x16\x00\x00.\x16\x00\x00\x00\x00\x00\x00\x00\x00\x00\x00\x00\x16\x00\x00\x04\x16\x00\x00\x08\x16\x00\x00\x0c\x16\x00\x00\x00\x00\x00\x00\x00\x00\x00\x00\xda\x18\x00\x00\xe8\x18\x00\x00\xea\x18\x00\x00\xee\x18\x00\x00\x00\x00\x00\x00\x00\x00\x00\x00*\x1b\x00\x00,\x1b\x00\x000\x1b\x00\x004\x1b\x00\x00\x00\x00\x00\x00\x00\x00\x00\x00L\x1b\x00\x00N\x1b\x00\x00R\x1b\x00\x00V\x1b\x00\x00\x00\x00\x00\x00\x00\x00\x00\x00\x84\x1b\x00\x00\x86\x1b\x00\x00\x8a\x1b\x00\x00\x8e\x1b\x00\x00\x00\x00\x00\x00\x00\x00\x00\x00\xa6\x1b\x00\x00\xa8\x1b\x00\x00\xac\x1b\x00\x00\xb0\x1b\x00\x00\x00\x00\x00\x00\x00\x00\x00\x00\x06&\x00\x00\x8a(\x00\x00\x8c(\x00\x00\xec(\x00\x00\xf4(\x00\x00\x14,\x00\x00\x1c,\x00\x00~-\x00\x00\x00\x00\x00\x00\x00\x00\x00\x00\x06&\x00\x00\x12&\x00\x00\x14(\x00\x00\x8a(\x00\x00\x8c(\x00\x00\xec(\x00\x00\xf4(\x00\x00v)\x00\x00\x1c,\x00\x00~-\x00\x00\x00\x00\x00\x00\x00\x00\x00\x00\x0c&\x00\x00\x12&\x00\x00F,\x00\x00j,\x00\x00n,\x00\x00\xa6,\x00\x00\x00\x00\x00\x00\x00\x00\x00\x00\x0c&\x00\x00\x12&\x00\x00F,\x00\x00^,\x00\x00\x00\x00\x00\x00\x00\x00\x00\x00\x8c(\x00\x00\x9e(\x00\x00\xa8(\x00\x00\xc4(\x00\x00\x00\x00\x00\x00\x00\x00\x00\x00\x8c(\x00\x00\x9e(\x00\x00\xa8(\x00\x00\xc0(\x00\x00\x00\x00\x00\x00\x00\x00\x00\x00\xb6,\x00\x00\xba,\x00\x00\xc8,\x00\x00\x10-\x00\x00\x00\x00\x00\x00\x00\x00\x00\x00\x12&\x00\x00\xd0&\x00\x00v)\x00\x00\xe8*\x00\x00\x00\x00\x00\x00\x00\x00\x00\x00,&\x00\x00:&\x00\x00<&\x00\x00\x8e&\x00\x00v)\x00\x00\xe8*\x00\x00\x00\x00\x00\x00\x00\x00\x00\x00\xd0&\x00\x00\x90'\x00\x00\xe8*\x00\x00\x14,\x00\x00\x00\x00\x00\x00\x00\x00\x00\x00\xda&\x00\x00\x88'\x00\x00\xe8*\x00\x00\x14,\x00\x00\x00\x00\x00\x00\x00\x00\x00\x00\x00\x1e\x00\x00\x1e\x1e\x00\x00j\x1e\x00\x00\x8a\x1f\x00\x00\x96\x1f\x00\x00\xfa\x1f\x00\x00\xfe\x1f\x00\x00\x06 \x00\x00\x0c \x00\x00. \x00\x000 \x00\x00h \x00\x00\xe0!\x00\x00\xf0!\x00\x00\x00\x00\x00\x00\x00\x00\x00\x00\xbe\x1e\x00\x00\x8a\x1f\x00\x00\x96\x1f\x00\x00\xfa\x1f\x00\x00\xfe\x1f\x00\x00\x06 \x00\x00\xe0!\x00\x00\xf0!\x00\x00\x00\x00\x00\x00\x00\x00\x00\x00\xc0\x1e\x00\x00\xcc\x1e\x00\x00\xd0\x1e\x00\x00,\x1f\x00\x00\x00\x00\x00\x00\x00\x00\x00\x00\xc0\x1e\x00\x00\xcc\x1e\x00\x00\xd0\x1e\x00\x00\xd8\x1e\x00\x00\x00\x00\x00\x00\x00\x00\x00\x00\x86\x1f\x00\x00\x8a\x1f\x00\x00\xa8\x1f\x00\x00\xfa\x1f\x00\x00\x00\x00\x00\x00\x00\x00\x00\x00\x06 \x00\x00\x0c \x00\x00\x80 \x00\x00\xfc \x00\x00\x00!\x00\x00P!\x00\x00V!\x00\x00\xe0!\x00\x00\x00\x00\x00\x00\x00\x00\x00\x00\x06 \x00\x00\x0c \x00\x00\x86 \x00\x00\xfc \x00\x00\x00!\x00\x00P!\x00\x00V!\x00\x00\xaa!\x00\x00\x00\x00\x00\x00\x00\x00\x00\x00\xe8 \x00\x00\xfc \x00\x00\x00!\x00\x00P!\x00\x00V!\x00\x00\xaa!\x00\x00\x00\x00\x00\x00\x00\x00\x00\x00\x10\x02\x00\x00\xf6!\x00\x00\x8c#\x00\x00\x8e-\x00\x00\x8e-\x00\x00\xae-\x00\x00\x00\x00\x00\x00\x00\x00\x00\x00")}), (<class 'list'>, <class 'NoneType'>))
======================== 2 failed, 27 passed in 17.74s ========================
